[96mconfig/vitest.config.ts[0m:[93m82[0m:[93m5[0m - [91merror[0m[90m TS2769: [0mNo overload matches this call.
  The last overload gave the following error.
    Object literal may only specify known properties, and 'tsconfigPaths' does not exist in type 'AllResolveOptions'.
      Object literal may only specify known properties, and 'tsconfigPaths' does not exist in type 'AllResolveOptions'.
        Object literal may only specify known properties, and 'tsconfigPaths' does not exist in type 'AllResolveOptions'.

[7m82[0m     tsconfigPaths: true,
[7m  [0m [91m    ~~~~~~~~~~~~~[0m

  [96mnode_modules/.pnpm/vitest@4.1.7_@opentelemetry+api@1.9.1_@types+node@25.9.1_@vitest+coverage-v8@4.1.7_jsdo_5886ccefa01a0e5d8a96f4b6c3b69704/node_modules/vitest/dist/config.d.ts[0m:[93m98[0m:[93m18[0m
    [7m98[0m declare function defineConfig(config: ViteUserConfigExport): ViteUserConfigExport;
    [7m  [0m [96m                 ~~~~~~~~~~~~[0m
    The last overload is declared here.

[96mconfig/vitest.config.ts[0m:[93m149[0m:[93m11[0m - [91merror[0m[90m TS2769: [0mNo overload matches this call.
  The last overload gave the following error.
    Object literal may only specify known properties, and 'tsconfigPaths' does not exist in type 'AllResolveOptions'.
      Object literal may only specify known properties, and 'tsconfigPaths' does not exist in type 'AllResolveOptions'.
        Object literal may only specify known properties, and 'tsconfigPaths' does not exist in type 'AllResolveOptions'.

[7m149[0m           tsconfigPaths: true,
[7m   [0m [91m          ~~~~~~~~~~~~~[0m

  [96mnode_modules/.pnpm/vitest@4.1.7_@opentelemetry+api@1.9.1_@types+node@25.9.1_@vitest+coverage-v8@4.1.7_jsdo_5886ccefa01a0e5d8a96f4b6c3b69704/node_modules/vitest/dist/config.d.ts[0m:[93m98[0m:[93m18[0m
    [7m98[0m declare function defineConfig(config: ViteUserConfigExport): ViteUserConfigExport;
    [7m  [0m [96m                 ~~~~~~~~~~~~[0m
    The last overload is declared here.

[96mconfig/vitest.config.ts[0m:[93m236[0m:[93m11[0m - [91merror[0m[90m TS2769: [0mNo overload matches this call.
  The last overload gave the following error.
    Object literal may only specify known properties, and 'tsconfigPaths' does not exist in type 'AllResolveOptions'.
      Object literal may only specify known properties, and 'tsconfigPaths' does not exist in type 'AllResolveOptions'.
        Object literal may only specify known properties, and 'tsconfigPaths' does not exist in type 'AllResolveOptions'.

[7m236[0m           tsconfigPaths: true,
[7m   [0m [91m          ~~~~~~~~~~~~~[0m

  [96mnode_modules/.pnpm/vitest@4.1.7_@opentelemetry+api@1.9.1_@types+node@25.9.1_@vitest+coverage-v8@4.1.7_jsdo_5886ccefa01a0e5d8a96f4b6c3b69704/node_modules/vitest/dist/config.d.ts[0m:[93m98[0m:[93m18[0m
    [7m98[0m declare function defineConfig(config: ViteUserConfigExport): ViteUserConfigExport;
    [7m  [0m [96m                 ~~~~~~~~~~~~[0m
    The last overload is declared here.

[96mplaywright.config.ts[0m:[93m19[0m:[93m29[0m - [91merror[0m[90m TS4111: [0mProperty 'CI' comes from an index signature, so it must be accessed with ['CI'].

[7m19[0m   forbidOnly: !!process.env.CI,
[7m  [0m [91m                            ~~[0m

[96mplaywright.config.ts[0m:[93m21[0m:[93m24[0m - [91merror[0m[90m TS4111: [0mProperty 'CI' comes from an index signature, so it must be accessed with ['CI'].

[7m21[0m   retries: process.env.CI ? 2 : 0,
[7m  [0m [91m                       ~~[0m

[96mplaywright.config.ts[0m:[93m23[0m:[93m24[0m - [91merror[0m[90m TS4111: [0mProperty 'CI' comes from an index signature, so it must be accessed with ['CI'].

[7m23[0m   workers: process.env.CI ? 1 : undefined,
[7m  [0m [91m                       ~~[0m

[96mplugins/index.ts[0m:[93m136[0m:[93m31[0m - [91merror[0m[90m TS4111: [0mProperty 'value' comes from an index signature, so it must be accessed with ['value'].

[7m136[0m           content += textNode.value
[7m   [0m [91m                              ~~~~~[0m

[96mplugins/remark-directive-sugar.ts[0m:[93m124[0m:[93m17[0m - [91merror[0m[90m TS2722: [0mCannot invoke an object which is possibly 'undefined'.

[7m124[0m           src = VIDEO_PLATFORMS.youtubeId(youtubeId)
[7m   [0m [91m                ~~~~~~~~~~~~~~~~~~~~~~~~~[0m

[96mplugins/remark-directive-sugar.ts[0m:[93m124[0m:[93m33[0m - [91merror[0m[90m TS4111: [0mProperty 'youtubeId' comes from an index signature, so it must be accessed with ['youtubeId'].

[7m124[0m           src = VIDEO_PLATFORMS.youtubeId(youtubeId)
[7m   [0m [91m                                ~~~~~~~~~[0m

[96mplugins/remark-directive-sugar.ts[0m:[93m126[0m:[93m17[0m - [91merror[0m[90m TS2722: [0mCannot invoke an object which is possibly 'undefined'.

[7m126[0m           src = VIDEO_PLATFORMS.bilibiliId(bilibiliId)
[7m   [0m [91m                ~~~~~~~~~~~~~~~~~~~~~~~~~~[0m

[96mplugins/remark-directive-sugar.ts[0m:[93m126[0m:[93m33[0m - [91merror[0m[90m TS4111: [0mProperty 'bilibiliId' comes from an index signature, so it must be accessed with ['bilibiliId'].

[7m126[0m           src = VIDEO_PLATFORMS.bilibiliId(bilibiliId)
[7m   [0m [91m                                ~~~~~~~~~~[0m

[96mplugins/remark-directive-sugar.ts[0m:[93m128[0m:[93m17[0m - [91merror[0m[90m TS2722: [0mCannot invoke an object which is possibly 'undefined'.

[7m128[0m           src = VIDEO_PLATFORMS.vimeoId(vimeoId)
[7m   [0m [91m                ~~~~~~~~~~~~~~~~~~~~~~~[0m

[96mplugins/remark-directive-sugar.ts[0m:[93m128[0m:[93m33[0m - [91merror[0m[90m TS4111: [0mProperty 'vimeoId' comes from an index signature, so it must be accessed with ['vimeoId'].

[7m128[0m           src = VIDEO_PLATFORMS.vimeoId(vimeoId)
[7m   [0m [91m                                ~~~~~~~[0m

[96mplugins/remark-directive-sugar.ts[0m:[93m264[0m:[93m31[0m - [91merror[0m[90m TS18048: [0m'badge' is possibly 'undefined'.

[7m264[0m           resolvedBadgeText = badge.text
[7m   [0m [91m                              ~~~~~[0m

[96mplugins/remark-directive-sugar.ts[0m:[93m265[0m:[93m32[0m - [91merror[0m[90m TS18048: [0m'badge' is possibly 'undefined'.

[7m265[0m           resolvedBadgeColor = badge.color
[7m   [0m [91m                               ~~~~~[0m

[96msrc/api/middleware/__tests__/auth-test-helpers.ts[0m:[93m53[0m:[93m5[0m - [91merror[0m[90m TS2322: [0mType '(header: string) => string | undefined' is not assignable to type '{ (name: "set-cookie"): string[] | undefined; (name: string): string | undefined; } & ((header: string) => string | undefined)'.
  Type '(header: string) => string | undefined' is not assignable to type '{ (name: "set-cookie"): string[] | undefined; (name: string): string | undefined; }'.
    Type 'string | undefined' is not assignable to type 'string[] | undefined'.
      Type 'string' is not assignable to type 'string[]'.

[7m53[0m     get: (header) => headers[header.toLowerCase()] ?? undefined,
[7m  [0m [91m    ~~~[0m

  [96mnode_modules/.pnpm/@types+express-serve-static-core@5.1.1/node_modules/@types/express-serve-static-core/index.d.ts[0m:[93m428[0m:[93m5[0m
    [7m428[0m     get(name: "set-cookie"): string[] | undefined;
    [7m   [0m [96m    ~~~~~~~~~~~~~~~~~~~~~~~~~~~~~~~~~~~~~~~~~~~~~~[0m
    The expected type comes from property 'get' which is declared here on type 'MockAuthRequest'

[96msrc/api/middleware/__tests__/auth.middleware.test.ts[0m:[93m56[0m:[93m35[0m - [91merror[0m[90m TS2345: [0mArgument of type 'MockAuthResponse' is not assignable to parameter of type 'Response<any, Record<string, any>>'.
  Type 'MockAuthResponse' is missing the following properties from type 'Response<any, Record<string, any>>': sendStatus, links, send, jsonp, and 87 more.

[7m56[0m       authMiddleware(mockRequest, mockResponse, mockNext)
[7m  [0m [91m                                  ~~~~~~~~~~~~[0m

[96msrc/api/middleware/__tests__/auth.middleware.test.ts[0m:[93m73[0m:[93m35[0m - [91merror[0m[90m TS2345: [0mArgument of type 'MockAuthResponse' is not assignable to parameter of type 'Response<any, Record<string, any>>'.
  Type 'MockAuthResponse' is missing the following properties from type 'Response<any, Record<string, any>>': sendStatus, links, send, jsonp, and 87 more.

[7m73[0m       authMiddleware(mockRequest, mockResponse, mockNext)
[7m  [0m [91m                                  ~~~~~~~~~~~~[0m

[96msrc/api/middleware/__tests__/auth.middleware.test.ts[0m:[93m85[0m:[93m35[0m - [91merror[0m[90m TS2345: [0mArgument of type 'MockAuthResponse' is not assignable to parameter of type 'Response<any, Record<string, any>>'.
  Type 'MockAuthResponse' is missing the following properties from type 'Response<any, Record<string, any>>': sendStatus, links, send, jsonp, and 87 more.

[7m85[0m       authMiddleware(mockRequest, mockResponse, mockNext)
[7m  [0m [91m                                  ~~~~~~~~~~~~[0m

[96msrc/api/middleware/__tests__/auth.middleware.test.ts[0m:[93m104[0m:[93m31[0m - [91merror[0m[90m TS2345: [0mArgument of type 'MockAuthResponse' is not assignable to parameter of type 'Response<any, Record<string, any>>'.
  Type 'MockAuthResponse' is missing the following properties from type 'Response<any, Record<string, any>>': sendStatus, links, send, jsonp, and 87 more.

[7m104[0m       middleware(mockRequest, mockResponse, mockNext)
[7m   [0m [91m                              ~~~~~~~~~~~~[0m

[96msrc/api/middleware/__tests__/auth.middleware.test.ts[0m:[93m113[0m:[93m31[0m - [91merror[0m[90m TS2345: [0mArgument of type 'MockAuthResponse' is not assignable to parameter of type 'Response<any, Record<string, any>>'.
  Type 'MockAuthResponse' is missing the following properties from type 'Response<any, Record<string, any>>': sendStatus, links, send, jsonp, and 87 more.

[7m113[0m       middleware(mockRequest, mockResponse, mockNext)
[7m   [0m [91m                              ~~~~~~~~~~~~[0m

[96msrc/api/middleware/__tests__/auth.middleware.test.ts[0m:[93m130[0m:[93m31[0m - [91merror[0m[90m TS2345: [0mArgument of type 'MockAuthResponse' is not assignable to parameter of type 'Response<any, Record<string, any>>'.
  Type 'MockAuthResponse' is missing the following properties from type 'Response<any, Record<string, any>>': sendStatus, links, send, jsonp, and 87 more.

[7m130[0m       middleware(mockRequest, mockResponse, mockNext)
[7m   [0m [91m                              ~~~~~~~~~~~~[0m

[96msrc/api/middleware/__tests__/auth.middleware.test.ts[0m:[93m151[0m:[93m31[0m - [91merror[0m[90m TS2345: [0mArgument of type 'MockAuthResponse' is not assignable to parameter of type 'Response<any, Record<string, any>>'.
  Type 'MockAuthResponse' is missing the following properties from type 'Response<any, Record<string, any>>': sendStatus, links, send, jsonp, and 87 more.

[7m151[0m       middleware(mockRequest, mockResponse, mockNext)
[7m   [0m [91m                              ~~~~~~~~~~~~[0m

[96msrc/api/middleware/__tests__/auth.middleware.test.ts[0m:[93m160[0m:[93m31[0m - [91merror[0m[90m TS2345: [0mArgument of type 'MockAuthResponse' is not assignable to parameter of type 'Response<any, Record<string, any>>'.
  Type 'MockAuthResponse' is missing the following properties from type 'Response<any, Record<string, any>>': sendStatus, links, send, jsonp, and 87 more.

[7m160[0m       middleware(mockRequest, mockResponse, mockNext)
[7m   [0m [91m                              ~~~~~~~~~~~~[0m

[96msrc/api/middleware/__tests__/auth.middleware.test.ts[0m:[93m174[0m:[93m31[0m - [91merror[0m[90m TS2345: [0mArgument of type 'MockAuthResponse' is not assignable to parameter of type 'Response<any, Record<string, any>>'.
  Type 'MockAuthResponse' is missing the following properties from type 'Response<any, Record<string, any>>': sendStatus, links, send, jsonp, and 87 more.

[7m174[0m       middleware(mockRequest, mockResponse, mockNext)
[7m   [0m [91m                              ~~~~~~~~~~~~[0m

[96msrc/api/middleware/__tests__/auth.test.ts[0m:[93m60[0m:[93m35[0m - [91merror[0m[90m TS2345: [0mArgument of type 'MockAuthResponse' is not assignable to parameter of type 'Response<any, Record<string, any>>'.
  Type 'MockAuthResponse' is missing the following properties from type 'Response<any, Record<string, any>>': sendStatus, links, send, jsonp, and 87 more.

[7m60[0m       authMiddleware(mockRequest, mockResponse, mockNext)
[7m  [0m [91m                                  ~~~~~~~~~~~~[0m

[96msrc/api/middleware/__tests__/auth.test.ts[0m:[93m77[0m:[93m35[0m - [91merror[0m[90m TS2345: [0mArgument of type 'MockAuthResponse' is not assignable to parameter of type 'Response<any, Record<string, any>>'.
  Type 'MockAuthResponse' is missing the following properties from type 'Response<any, Record<string, any>>': sendStatus, links, send, jsonp, and 87 more.

[7m77[0m       authMiddleware(mockRequest, mockResponse, mockNext)
[7m  [0m [91m                                  ~~~~~~~~~~~~[0m

[96msrc/api/middleware/__tests__/auth.test.ts[0m:[93m89[0m:[93m35[0m - [91merror[0m[90m TS2345: [0mArgument of type 'MockAuthResponse' is not assignable to parameter of type 'Response<any, Record<string, any>>'.
  Type 'MockAuthResponse' is missing the following properties from type 'Response<any, Record<string, any>>': sendStatus, links, send, jsonp, and 87 more.

[7m89[0m       authMiddleware(mockRequest, mockResponse, mockNext)
[7m  [0m [91m                                  ~~~~~~~~~~~~[0m

[96msrc/api/middleware/__tests__/auth.test.ts[0m:[93m105[0m:[93m35[0m - [91merror[0m[90m TS2345: [0mArgument of type 'MockAuthResponse' is not assignable to parameter of type 'Response<any, Record<string, any>>'.
  Type 'MockAuthResponse' is missing the following properties from type 'Response<any, Record<string, any>>': sendStatus, links, send, jsonp, and 87 more.

[7m105[0m       authMiddleware(mockRequest, mockResponse, mockNext)
[7m   [0m [91m                                  ~~~~~~~~~~~~[0m

[96msrc/api/middleware/__tests__/auth.test.ts[0m:[93m120[0m:[93m31[0m - [91merror[0m[90m TS2345: [0mArgument of type 'MockAuthResponse' is not assignable to parameter of type 'Response<any, Record<string, any>>'.
  Type 'MockAuthResponse' is missing the following properties from type 'Response<any, Record<string, any>>': sendStatus, links, send, jsonp, and 87 more.

[7m120[0m       middleware(mockRequest, mockResponse, mockNext)
[7m   [0m [91m                              ~~~~~~~~~~~~[0m

[96msrc/api/middleware/__tests__/auth.test.ts[0m:[93m129[0m:[93m31[0m - [91merror[0m[90m TS2345: [0mArgument of type 'MockAuthResponse' is not assignable to parameter of type 'Response<any, Record<string, any>>'.
  Type 'MockAuthResponse' is missing the following properties from type 'Response<any, Record<string, any>>': sendStatus, links, send, jsonp, and 87 more.

[7m129[0m       middleware(mockRequest, mockResponse, mockNext)
[7m   [0m [91m                              ~~~~~~~~~~~~[0m

[96msrc/api/middleware/__tests__/auth.test.ts[0m:[93m146[0m:[93m31[0m - [91merror[0m[90m TS2345: [0mArgument of type 'MockAuthResponse' is not assignable to parameter of type 'Response<any, Record<string, any>>'.
  Type 'MockAuthResponse' is missing the following properties from type 'Response<any, Record<string, any>>': sendStatus, links, send, jsonp, and 87 more.

[7m146[0m       middleware(mockRequest, mockResponse, mockNext)
[7m   [0m [91m                              ~~~~~~~~~~~~[0m

[96msrc/api/middleware/__tests__/auth.test.ts[0m:[93m164[0m:[93m31[0m - [91merror[0m[90m TS2345: [0mArgument of type 'MockAuthResponse' is not assignable to parameter of type 'Response<any, Record<string, any>>'.
  Type 'MockAuthResponse' is missing the following properties from type 'Response<any, Record<string, any>>': sendStatus, links, send, jsonp, and 87 more.

[7m164[0m       middleware(mockRequest, mockResponse, mockNext)
[7m   [0m [91m                              ~~~~~~~~~~~~[0m

[96msrc/api/middleware/__tests__/auth.test.ts[0m:[93m179[0m:[93m31[0m - [91merror[0m[90m TS2345: [0mArgument of type 'MockAuthResponse' is not assignable to parameter of type 'Response<any, Record<string, any>>'.
  Type 'MockAuthResponse' is missing the following properties from type 'Response<any, Record<string, any>>': sendStatus, links, send, jsonp, and 87 more.

[7m179[0m       middleware(mockRequest, mockResponse, mockNext)
[7m   [0m [91m                              ~~~~~~~~~~~~[0m

[96msrc/api/middleware/__tests__/auth.test.ts[0m:[93m188[0m:[93m31[0m - [91merror[0m[90m TS2345: [0mArgument of type 'MockAuthResponse' is not assignable to parameter of type 'Response<any, Record<string, any>>'.
  Type 'MockAuthResponse' is missing the following properties from type 'Response<any, Record<string, any>>': sendStatus, links, send, jsonp, and 87 more.

[7m188[0m       middleware(mockRequest, mockResponse, mockNext)
[7m   [0m [91m                              ~~~~~~~~~~~~[0m

[96msrc/api/middleware/__tests__/auth.test.ts[0m:[93m201[0m:[93m31[0m - [91merror[0m[90m TS2345: [0mArgument of type 'MockAuthResponse' is not assignable to parameter of type 'Response<any, Record<string, any>>'.
  Type 'MockAuthResponse' is missing the following properties from type 'Response<any, Record<string, any>>': sendStatus, links, send, jsonp, and 87 more.

[7m201[0m       middleware(mockRequest, mockResponse, mockNext)
[7m   [0m [91m                              ~~~~~~~~~~~~[0m

[96msrc/api/middleware/__tests__/auth.test.ts[0m:[93m222[0m:[93m31[0m - [91merror[0m[90m TS2345: [0mArgument of type 'MockAuthResponse' is not assignable to parameter of type 'Response<any, Record<string, any>>'.
  Type 'MockAuthResponse' is missing the following properties from type 'Response<any, Record<string, any>>': sendStatus, links, send, jsonp, and 87 more.

[7m222[0m       middleware(mockRequest, mockResponse, mockNext)
[7m   [0m [91m                              ~~~~~~~~~~~~[0m

[96msrc/api/middleware/__tests__/error-handler.test.ts[0m:[93m112[0m:[93m17[0m - [91merror[0m[90m TS4111: [0mProperty 'NODE_ENV' comes from an index signature, so it must be accessed with ['NODE_ENV'].

[7m112[0m     process.env.NODE_ENV = 'test'
[7m   [0m [91m                ~~~~~~~~[0m

[96msrc/api/middleware/__tests__/error-handler.test.ts[0m:[93m223[0m:[93m19[0m - [91merror[0m[90m TS4111: [0mProperty 'NODE_ENV' comes from an index signature, so it must be accessed with ['NODE_ENV'].

[7m223[0m       process.env.NODE_ENV = 'development'
[7m   [0m [91m                  ~~~~~~~~[0m

[96msrc/api/middleware/__tests__/middleware-stack.integration.test.ts[0m:[93m116[0m:[93m25[0m - [91merror[0m[90m TS4111: [0mProperty 'authorization' comes from an index signature, so it must be accessed with ['authorization'].

[7m116[0m     mockRequest.headers.authorization = 'Bearer valid-token'
[7m   [0m [91m                        ~~~~~~~~~~~~~[0m

[96msrc/api/middleware/__tests__/middleware-stack.integration.test.ts[0m:[93m153[0m:[93m25[0m - [91merror[0m[90m TS4111: [0mProperty 'authorization' comes from an index signature, so it must be accessed with ['authorization'].

[7m153[0m     mockRequest.headers.authorization = 'Bearer invalid'
[7m   [0m [91m                        ~~~~~~~~~~~~~[0m

[96msrc/api/middleware/__tests__/rate-limiter.test.ts[0m:[93m66[0m:[93m6[0m - [91merror[0m[90m TS6196: [0m'RateLimiterRequest' is declared but never used.

[7m66[0m type RateLimiterRequest = Parameters<typeof rateLimiter>[0]
[7m  [0m [91m     ~~~~~~~~~~~~~~~~~~[0m

[96msrc/api/middleware/__tests__/rate-limiter.test.ts[0m:[93m67[0m:[93m6[0m - [91merror[0m[90m TS6196: [0m'RateLimiterResponse' is declared but never used.

[7m67[0m type RateLimiterResponse = Parameters<typeof rateLimiter>[1]
[7m  [0m [91m     ~~~~~~~~~~~~~~~~~~~[0m

[96msrc/api/middleware/auth.ts[0m:[93m35[0m:[93m11[0m - [91merror[0m[90m TS2322: [0mType 'string | string[]' is not assignable to type 'string'.
  Type 'string[]' is not assignable to type 'string'.

[7m35[0m           acc[key] = value
[7m  [0m [91m          ~~~~~~~~[0m

[96msrc/api/middleware/auth.ts[0m:[93m93[0m:[93m28[0m - [91merror[0m[90m TS4111: [0mProperty 'roles' comes from an index signature, so it must be accessed with ['roles'].

[7m93[0m     const userRoles = user.roles ?? []
[7m  [0m [91m                           ~~~~~[0m

[96msrc/api/middleware/auth.ts[0m:[93m127[0m:[93m34[0m - [91merror[0m[90m TS4111: [0mProperty 'permissions' comes from an index signature, so it must be accessed with ['permissions'].

[7m127[0m     const userPermissions = user.permissions ?? []
[7m   [0m [91m                                 ~~~~~~~~~~~[0m

[96msrc/api/middleware/error-handler.ts[0m:[93m175[0m:[93m19[0m - [91merror[0m[90m TS4111: [0mProperty 'NODE_ENV' comes from an index signature, so it must be accessed with ['NODE_ENV'].

[7m175[0m   if (process.env.NODE_ENV === 'development') {
[7m   [0m [91m                  ~~~~~~~~[0m

[96msrc/api/middleware/error-handler.ts[0m:[93m180[0m:[93m19[0m - [91merror[0m[90m TS4111: [0mProperty 'NODE_ENV' comes from an index signature, so it must be accessed with ['NODE_ENV'].

[7m180[0m   if (process.env.NODE_ENV === 'development') {
[7m   [0m [91m                  ~~~~~~~~[0m

[96msrc/api/middleware/logger.ts[0m:[93m168[0m:[93m25[0m - [91merror[0m[90m TS4111: [0mProperty 'id' comes from an index signature, so it must be accessed with ['id'].

[7m168[0m   const id = (req.query.id as string) || (req.query.documentId as string)
[7m   [0m [91m                        ~~[0m

[96msrc/api/middleware/logger.ts[0m:[93m168[0m:[93m53[0m - [91merror[0m[90m TS4111: [0mProperty 'documentId' comes from an index signature, so it must be accessed with ['documentId'].

[7m168[0m   const id = (req.query.id as string) || (req.query.documentId as string)
[7m   [0m [91m                                                    ~~~~~~~~~~[0m

[96msrc/api/middleware/rate-limiter.ts[0m:[93m31[0m:[93m6[0m - [91merror[0m[90m TS6196: [0m'RedisTransaction' is declared but never used.

[7m31[0m type RedisTransaction = {
[7m  [0m [91m     ~~~~~~~~~~~~~~~~[0m

[96msrc/api/middleware/rate-limiter.ts[0m:[93m91[0m:[93m23[0m - [91merror[0m[90m TS2352: [0mConversion of type 'Redis' to type 'Promise<unknown>' may be a mistake because neither type sufficiently overlaps with the other. If this was intentional, convert the expression to 'unknown' first.
  Type 'Redis' is missing the following properties from type 'Promise<unknown>': then, catch, finally, [Symbol.toStringTag]

[7m91[0m     if (tx && typeof (tx as Promise<unknown>).then === 'function') {
[7m  [0m [91m                      ~~~~~~~~~~~~~~~~~~~~~~[0m

[96msrc/api/middleware/rate-limiter.ts[0m:[93m105[0m:[93m15[0m - [91merror[0m[90m TS2352: [0mConversion of type 'Redis' to type '{ incr: unknown; expire: unknown; exec: unknown; }' may be a mistake because neither type sufficiently overlaps with the other. If this was intentional, convert the expression to 'unknown' first.
  Type 'Redis' is missing the following properties from type '{ incr: unknown; expire: unknown; exec: unknown; }': incr, expire, exec

[7m105[0m       typeof (tx as { incr: unknown; expire: unknown; exec: unknown }).incr ===
[7m   [0m [91m              ~~~~~~~~~~~~~~~~~~~~~~~~~~~~~~~~~~~~~~~~~~~~~~~~~~~~~~~[0m

[96msrc/api/middleware/rate-limiter.ts[0m:[93m107[0m:[93m15[0m - [91merror[0m[90m TS2352: [0mConversion of type 'Redis' to type '{ incr: unknown; expire: unknown; exec: unknown; }' may be a mistake because neither type sufficiently overlaps with the other. If this was intentional, convert the expression to 'unknown' first.
  Type 'Redis' is missing the following properties from type '{ incr: unknown; expire: unknown; exec: unknown; }': incr, expire, exec

[7m107[0m       typeof (tx as { incr: unknown; expire: unknown; exec: unknown })
[7m   [0m [91m              ~~~~~~~~~~~~~~~~~~~~~~~~~~~~~~~~~~~~~~~~~~~~~~~~~~~~~~~[0m

[96msrc/api/middleware/rate-limiter.ts[0m:[93m109[0m:[93m15[0m - [91merror[0m[90m TS2352: [0mConversion of type 'Redis' to type '{ incr: unknown; expire: unknown; exec: unknown; }' may be a mistake because neither type sufficiently overlaps with the other. If this was intentional, convert the expression to 'unknown' first.
  Type 'Redis' is missing the following properties from type '{ incr: unknown; expire: unknown; exec: unknown; }': incr, expire, exec

[7m109[0m       typeof (tx as { incr: unknown; expire: unknown; exec: unknown }).exec ===
[7m   [0m [91m              ~~~~~~~~~~~~~~~~~~~~~~~~~~~~~~~~~~~~~~~~~~~~~~~~~~~~~~~[0m

[96msrc/api/middleware/rate-limiter.ts[0m:[93m126[0m:[93m24[0m - [91merror[0m[90m TS4111: [0mProperty 'incr' comes from an index signature, so it must be accessed with ['incr'].

[7m126[0m       if (typeof redis.incr !== 'function') {
[7m   [0m [91m                       ~~~~[0m

[96msrc/api/middleware/rate-limiter.ts[0m:[93m129[0m:[93m36[0m - [91merror[0m[90m TS4111: [0mProperty 'incr' comes from an index signature, so it must be accessed with ['incr'].

[7m129[0m       const rawCount = await redis.incr(key)
[7m   [0m [91m                                   ~~~~[0m

[96msrc/api/middleware/rate-limiter.ts[0m:[93m130[0m:[93m24[0m - [91merror[0m[90m TS4111: [0mProperty 'expire' comes from an index signature, so it must be accessed with ['expire'].

[7m130[0m       if (typeof redis.expire === 'function') {
[7m   [0m [91m                       ~~~~~~[0m

[96msrc/api/middleware/rate-limiter.ts[0m:[93m131[0m:[93m21[0m - [91merror[0m[90m TS4111: [0mProperty 'expire' comes from an index signature, so it must be accessed with ['expire'].

[7m131[0m         await redis.expire(key, windowSeconds)
[7m   [0m [91m                    ~~~~~~[0m

[96msrc/api/routes/__tests__/auth.test.ts[0m:[93m4[0m:[93m32[0m - [91merror[0m[90m TS6133: [0m'beforeAll' is declared but its value is never read.

[7m4[0m import { describe, it, expect, beforeAll, afterAll } from 'vitest'
[7m [0m [91m                               ~~~~~~~~~[0m

[96msrc/api/routes/__tests__/auth.test.ts[0m:[93m8[0m:[93m3[0m - [91merror[0m[90m TS6133: [0m'cleanupTestData' is declared but its value is never read.

[7m8[0m   cleanupTestData,
[7m [0m [91m  ~~~~~~~~~~~~~~~[0m

[96msrc/api/routes/__tests__/auth.test.ts[0m:[93m13[0m:[93m9[0m - [91merror[0m[90m TS6133: [0m'testEmail' is declared but its value is never read.

[7m13[0m   const testEmail = `test-${generateTestId()}@test.com`
[7m  [0m [91m        ~~~~~~~~~[0m

[96msrc/api/routes/__tests__/auth.test.ts[0m:[93m14[0m:[93m9[0m - [91merror[0m[90m TS6133: [0m'testPassword' is declared but its value is never read.

[7m14[0m   const testPassword = 'SecurePassword123!'
[7m  [0m [91m        ~~~~~~~~~~~~[0m

[96msrc/api/routes/__tests__/auth.test.ts[0m:[93m15[0m:[93m9[0m - [91merror[0m[90m TS6133: [0m'testName' is declared but its value is never read.

[7m15[0m   const testName = 'Test User'
[7m  [0m [91m        ~~~~~~~~[0m

[96msrc/api/routes/__tests__/auth.test.ts[0m:[93m16[0m:[93m7[0m - [91merror[0m[90m TS6133: [0m'authToken' is declared but its value is never read.

[7m16[0m   let authToken: string
[7m  [0m [91m      ~~~~~~~~~[0m

[96msrc/api/routes/__tests__/auth.test.ts[0m:[93m25[0m:[93m21[0m - [91merror[0m[90m TS4111: [0mProperty 'AUTH0_DOMAIN' comes from an index signature, so it must be accessed with ['AUTH0_DOMAIN'].

[7m25[0m         process.env.AUTH0_DOMAIN && process.env.AUTH0_CLIENT_ID
[7m  [0m [91m                    ~~~~~~~~~~~~[0m

[96msrc/api/routes/__tests__/auth.test.ts[0m:[93m25[0m:[93m49[0m - [91merror[0m[90m TS4111: [0mProperty 'AUTH0_CLIENT_ID' comes from an index signature, so it must be accessed with ['AUTH0_CLIENT_ID'].

[7m25[0m         process.env.AUTH0_DOMAIN && process.env.AUTH0_CLIENT_ID
[7m  [0m [91m                                                ~~~~~~~~~~~~~~~[0m

[96msrc/api/routes/__tests__/auth.test.ts[0m:[93m31[0m:[93m33[0m - [91merror[0m[90m TS4111: [0mProperty 'location' comes from an index signature, so it must be accessed with ['location'].

[7m31[0m         expect(response.headers.location).toContain('auth0.com')
[7m  [0m [91m                                ~~~~~~~~[0m

[96msrc/api/routes/__tests__/auth.test.ts[0m:[93m35[0m:[93m30[0m - [91merror[0m[90m TS4111: [0mProperty 'error' comes from an index signature, so it must be accessed with ['error'].

[7m35[0m         expect(response.body.error).toContain('Auth0 configuration')
[7m  [0m [91m                             ~~~~~[0m

[96msrc/api/routes/__tests__/auth.test.ts[0m:[93m41[0m:[93m21[0m - [91merror[0m[90m TS4111: [0mProperty 'AUTH0_DOMAIN' comes from an index signature, so it must be accessed with ['AUTH0_DOMAIN'].

[7m41[0m         process.env.AUTH0_DOMAIN && process.env.AUTH0_CLIENT_ID
[7m  [0m [91m                    ~~~~~~~~~~~~[0m

[96msrc/api/routes/__tests__/auth.test.ts[0m:[93m41[0m:[93m49[0m - [91merror[0m[90m TS4111: [0mProperty 'AUTH0_CLIENT_ID' comes from an index signature, so it must be accessed with ['AUTH0_CLIENT_ID'].

[7m41[0m         process.env.AUTH0_DOMAIN && process.env.AUTH0_CLIENT_ID
[7m  [0m [91m                                                ~~~~~~~~~~~~~~~[0m

[96msrc/api/routes/__tests__/auth.test.ts[0m:[93m47[0m:[93m43[0m - [91merror[0m[90m TS4111: [0mProperty 'location' comes from an index signature, so it must be accessed with ['location'].

[7m47[0m         const location = response.headers.location
[7m  [0m [91m                                          ~~~~~~~~[0m

[96msrc/api/routes/__tests__/auth.test.ts[0m:[93m57[0m:[93m21[0m - [91merror[0m[90m TS4111: [0mProperty 'AUTH0_DOMAIN' comes from an index signature, so it must be accessed with ['AUTH0_DOMAIN'].

[7m57[0m         process.env.AUTH0_DOMAIN && process.env.AUTH0_CLIENT_ID
[7m  [0m [91m                    ~~~~~~~~~~~~[0m

[96msrc/api/routes/__tests__/auth.test.ts[0m:[93m57[0m:[93m49[0m - [91merror[0m[90m TS4111: [0mProperty 'AUTH0_CLIENT_ID' comes from an index signature, so it must be accessed with ['AUTH0_CLIENT_ID'].

[7m57[0m         process.env.AUTH0_DOMAIN && process.env.AUTH0_CLIENT_ID
[7m  [0m [91m                                                ~~~~~~~~~~~~~~~[0m

[96msrc/api/routes/__tests__/auth.test.ts[0m:[93m63[0m:[93m30[0m - [91merror[0m[90m TS4111: [0mProperty 'code' comes from an index signature, so it must be accessed with ['code'].

[7m63[0m         expect(response.body.code).toBe('CONFIG_ERROR')
[7m  [0m [91m                             ~~~~[0m

[96msrc/api/routes/__tests__/auth.test.ts[0m:[93m72[0m:[93m28[0m - [91merror[0m[90m TS4111: [0mProperty 'error' comes from an index signature, so it must be accessed with ['error'].

[7m72[0m       expect(response.body.error).toContain('code')
[7m  [0m [91m                           ~~~~~[0m

[96msrc/api/routes/__tests__/auth.test.ts[0m:[93m85[0m:[93m21[0m - [91merror[0m[90m TS4111: [0mProperty 'AUTH0_DOMAIN' comes from an index signature, so it must be accessed with ['AUTH0_DOMAIN'].

[7m85[0m         process.env.AUTH0_DOMAIN && process.env.AUTH0_CLIENT_ID
[7m  [0m [91m                    ~~~~~~~~~~~~[0m

[96msrc/api/routes/__tests__/auth.test.ts[0m:[93m85[0m:[93m49[0m - [91merror[0m[90m TS4111: [0mProperty 'AUTH0_CLIENT_ID' comes from an index signature, so it must be accessed with ['AUTH0_CLIENT_ID'].

[7m85[0m         process.env.AUTH0_DOMAIN && process.env.AUTH0_CLIENT_ID
[7m  [0m [91m                                                ~~~~~~~~~~~~~~~[0m

[96msrc/api/routes/__tests__/auth.test.ts[0m:[93m92[0m:[93m30[0m - [91merror[0m[90m TS4111: [0mProperty 'code' comes from an index signature, so it must be accessed with ['code'].

[7m92[0m         expect(response.body.code).toBe('CONFIG_ERROR')
[7m  [0m [91m                             ~~~~[0m

[96msrc/api/routes/__tests__/auth.test.ts[0m:[93m99[0m:[93m21[0m - [91merror[0m[90m TS4111: [0mProperty 'AUTH0_DOMAIN' comes from an index signature, so it must be accessed with ['AUTH0_DOMAIN'].

[7m99[0m         process.env.AUTH0_DOMAIN && process.env.AUTH0_CLIENT_ID
[7m  [0m [91m                    ~~~~~~~~~~~~[0m

[96msrc/api/routes/__tests__/auth.test.ts[0m:[93m99[0m:[93m49[0m - [91merror[0m[90m TS4111: [0mProperty 'AUTH0_CLIENT_ID' comes from an index signature, so it must be accessed with ['AUTH0_CLIENT_ID'].

[7m99[0m         process.env.AUTH0_DOMAIN && process.env.AUTH0_CLIENT_ID
[7m  [0m [91m                                                ~~~~~~~~~~~~~~~[0m

[96msrc/api/routes/__tests__/auth.test.ts[0m:[93m106[0m:[93m30[0m - [91merror[0m[90m TS4111: [0mProperty 'code' comes from an index signature, so it must be accessed with ['code'].

[7m106[0m         expect(response.body.code).toBe('CONFIG_ERROR')
[7m   [0m [91m                             ~~~~[0m

[96msrc/api/routes/__tests__/health.test.ts[0m:[93m108[0m:[93m27[0m - [91merror[0m[90m TS18048: [0m'services.mongodb' is possibly 'undefined'.

[7m108[0m       const mongoStatus = services.mongodb.status
[7m   [0m [91m                          ~~~~~~~~~~~~~~~~[0m

[96msrc/api/routes/__tests__/health.test.ts[0m:[93m108[0m:[93m36[0m - [91merror[0m[90m TS4111: [0mProperty 'mongodb' comes from an index signature, so it must be accessed with ['mongodb'].

[7m108[0m       const mongoStatus = services.mongodb.status
[7m   [0m [91m                                   ~~~~~~~[0m

[96msrc/api/routes/__tests__/health.test.ts[0m:[93m111[0m:[93m30[0m - [91merror[0m[90m TS18048: [0m'services.postgresql' is possibly 'undefined'.

[7m111[0m       const postgresStatus = services.postgresql.status
[7m   [0m [91m                             ~~~~~~~~~~~~~~~~~~~[0m

[96msrc/api/routes/__tests__/health.test.ts[0m:[93m111[0m:[93m39[0m - [91merror[0m[90m TS4111: [0mProperty 'postgresql' comes from an index signature, so it must be accessed with ['postgresql'].

[7m111[0m       const postgresStatus = services.postgresql.status
[7m   [0m [91m                                      ~~~~~~~~~~[0m

[96msrc/api/routes/__tests__/health.test.ts[0m:[93m114[0m:[93m27[0m - [91merror[0m[90m TS18048: [0m'services.redis' is possibly 'undefined'.

[7m114[0m       const redisStatus = services.redis.status
[7m   [0m [91m                          ~~~~~~~~~~~~~~[0m

[96msrc/api/routes/__tests__/health.test.ts[0m:[93m114[0m:[93m36[0m - [91merror[0m[90m TS4111: [0mProperty 'redis' comes from an index signature, so it must be accessed with ['redis'].

[7m114[0m       const redisStatus = services.redis.status
[7m   [0m [91m                                   ~~~~~[0m

[96msrc/api/routes/__tests__/projects.test.ts[0m:[93m387[0m:[93m9[0m - [91merror[0m[90m TS2769: [0mNo overload matches this call.
  The last overload gave the following error.
    Argument of type '(error: unknown, _req: Parameters<Express["use"]>[0], res: any, next: Parameters<Express["use"]>[1]) => void' is not assignable to parameter of type 'PathParams'.

[7m387[0m         (
[7m   [0m [91m        ~[0m
[7m388[0m           error: unknown,
[7m   [0m [91m~~~~~~~~~~~~~~~~~~~~~~~~~[0m
[7m...[0m 
[7m391[0m           next: Parameters<Express['use']>[1],
[7m   [0m [91m~~~~~~~~~~~~~~~~~~~~~~~~~~~~~~~~~~~~~~~~~~~~~~[0m
[7m392[0m         ) => {
[7m   [0m [91m~~~~~~~~~~~~~~[0m

  [96mnode_modules/.pnpm/@types+express-serve-static-core@5.1.1/node_modules/@types/express-serve-static-core/index.d.ts[0m:[93m166[0m:[93m5[0m
    [7m166[0m     <
    [7m   [0m [96m    ~[0m
    [7m167[0m         P = ParamsDictionary,
    [7m   [0m [96m~~~~~~~~~~~~~~~~~~~~~~~~~~~~~[0m
    [7m...[0m 
    [7m175[0m         ...handlers: Array<RequestHandlerParams<P, ResBody, ReqBody, ReqQuery, LocalsObj>>
    [7m   [0m [96m~~~~~~~~~~~~~~~~~~~~~~~~~~~~~~~~~~~~~~~~~~~~~~~~~~~~~~~~~~~~~~~~~~~~~~~~~~~~~~~~~~~~~~~~~~[0m
    [7m176[0m     ): T;
    [7m   [0m [96m~~~~~~~~~[0m
    The last overload is declared here.

[96msrc/api/routes/__tests__/projects.test.ts[0m:[93m413[0m:[93m11[0m - [91merror[0m[90m TS2554: [0mExpected 2-3 arguments, but got 1.

[7m413[0m           next(error as Parameters<Express['use']>[0])
[7m   [0m [91m          ~~~~[0m

  [96mnode_modules/.pnpm/@types+express-serve-static-core@5.1.1/node_modules/@types/express-serve-static-core/index.d.ts[0m:[93m1058[0m:[93m43[0m
    [7m1058[0m     (req: Request | http.IncomingMessage, res: Response | http.ServerResponse): any;
    [7m    [0m [96m                                          ~~~~~~~~~~~~~~~~~~~~~~~~~~~~~~~~~~~[0m
    An argument for 'res' was not provided.

[96msrc/api/routes/__tests__/projects.test.ts[0m:[93m496[0m:[93m14[0m - [91merror[0m[90m TS2352: [0mConversion of type 'undefined' to type '{ message?: string | undefined; }' may be a mistake because neither type sufficiently overlaps with the other. If this was intentional, convert the expression to 'unknown' first.

[7m496[0m           : (response.body.error as { message?: string })?.message
[7m   [0m [91m             ~~~~~~~~~~~~~~~~~~~~~~~~~~~~~~~~~~~~~~~~~~~[0m

[96msrc/api/routes/__tests__/projects.test.ts[0m:[93m590[0m:[93m30[0m - [91merror[0m[90m TS4111: [0mProperty 'error' comes from an index signature, so it must be accessed with ['error'].

[7m590[0m         typeof response.body.error === 'string'
[7m   [0m [91m                             ~~~~~[0m

[96msrc/api/routes/__tests__/projects.test.ts[0m:[93m591[0m:[93m27[0m - [91merror[0m[90m TS4111: [0mProperty 'error' comes from an index signature, so it must be accessed with ['error'].

[7m591[0m           ? response.body.error
[7m   [0m [91m                          ~~~~~[0m

[96msrc/api/routes/__tests__/projects.test.ts[0m:[93m592[0m:[93m28[0m - [91merror[0m[90m TS4111: [0mProperty 'error' comes from an index signature, so it must be accessed with ['error'].

[7m592[0m           : (response.body.error as { message?: string })?.message
[7m   [0m [91m                           ~~~~~[0m

[96msrc/api/routes/__tests__/projects.test.ts[0m:[93m644[0m:[93m28[0m - [91merror[0m[90m TS4111: [0mProperty 'error' comes from an index signature, so it must be accessed with ['error'].

[7m644[0m       expect(response.body.error).toBeDefined()
[7m   [0m [91m                           ~~~~~[0m

[96msrc/api/routes/__tests__/projects.test.ts[0m:[93m655[0m:[93m30[0m - [91merror[0m[90m TS4111: [0mProperty 'error' comes from an index signature, so it must be accessed with ['error'].

[7m655[0m         typeof response.body.error === 'string'
[7m   [0m [91m                             ~~~~~[0m

[96msrc/api/routes/__tests__/projects.test.ts[0m:[93m656[0m:[93m27[0m - [91merror[0m[90m TS4111: [0mProperty 'error' comes from an index signature, so it must be accessed with ['error'].

[7m656[0m           ? response.body.error
[7m   [0m [91m                          ~~~~~[0m

[96msrc/api/routes/__tests__/projects.test.ts[0m:[93m657[0m:[93m28[0m - [91merror[0m[90m TS4111: [0mProperty 'error' comes from an index signature, so it must be accessed with ['error'].

[7m657[0m           : (response.body.error as { message?: string })?.message
[7m   [0m [91m                           ~~~~~[0m

[96msrc/api/routes/__tests__/projects.test.ts[0m:[93m704[0m:[93m28[0m - [91merror[0m[90m TS4111: [0mProperty 'error' comes from an index signature, so it must be accessed with ['error'].

[7m704[0m       expect(response.body.error).toBeDefined()
[7m   [0m [91m                           ~~~~~[0m

[96msrc/api/routes/__tests__/projects.test.ts[0m:[93m721[0m:[93m28[0m - [91merror[0m[90m TS4111: [0mProperty 'success' comes from an index signature, so it must be accessed with ['success'].

[7m721[0m       expect(response.body.success).toBe(true)
[7m   [0m [91m                           ~~~~~~~[0m

[96msrc/api/routes/__tests__/projects.test.ts[0m:[93m737[0m:[93m30[0m - [91merror[0m[90m TS4111: [0mProperty 'error' comes from an index signature, so it must be accessed with ['error'].

[7m737[0m         typeof response.body.error === 'string'
[7m   [0m [91m                             ~~~~~[0m

[96msrc/api/routes/__tests__/projects.test.ts[0m:[93m738[0m:[93m27[0m - [91merror[0m[90m TS4111: [0mProperty 'error' comes from an index signature, so it must be accessed with ['error'].

[7m738[0m           ? response.body.error
[7m   [0m [91m                          ~~~~~[0m

[96msrc/api/routes/__tests__/projects.test.ts[0m:[93m739[0m:[93m28[0m - [91merror[0m[90m TS4111: [0mProperty 'error' comes from an index signature, so it must be accessed with ['error'].

[7m739[0m           : (response.body.error as { message?: string })?.message
[7m   [0m [91m                           ~~~~~[0m

[96msrc/api/routes/__tests__/projects.test.ts[0m:[93m770[0m:[93m28[0m - [91merror[0m[90m TS4111: [0mProperty 'success' comes from an index signature, so it must be accessed with ['success'].

[7m770[0m       expect(response.body.success).toBe(true)
[7m   [0m [91m                           ~~~~~~~[0m

[96msrc/api/routes/__tests__/projects.test.ts[0m:[93m771[0m:[93m28[0m - [91merror[0m[90m TS4111: [0mProperty 'data' comes from an index signature, so it must be accessed with ['data'].

[7m771[0m       expect(response.body.data).toBeInstanceOf(Array)
[7m   [0m [91m                           ~~~~[0m

[96msrc/api/routes/auth.ts[0m:[93m14[0m:[93m35[0m - [91merror[0m[90m TS4111: [0mProperty 'AUTH0_DOMAIN' comes from an index signature, so it must be accessed with ['AUTH0_DOMAIN'].

[7m14[0m   const auth0Domain = process.env.AUTH0_DOMAIN
[7m  [0m [91m                                  ~~~~~~~~~~~~[0m

[96msrc/api/routes/auth.ts[0m:[93m15[0m:[93m32[0m - [91merror[0m[90m TS4111: [0mProperty 'AUTH0_CLIENT_ID' comes from an index signature, so it must be accessed with ['AUTH0_CLIENT_ID'].

[7m15[0m   const clientId = process.env.AUTH0_CLIENT_ID
[7m  [0m [91m                               ~~~~~~~~~~~~~~~[0m

[96msrc/api/routes/auth.ts[0m:[93m17[0m:[93m17[0m - [91merror[0m[90m TS4111: [0mProperty 'AUTH0_CALLBACK_URL' comes from an index signature, so it must be accessed with ['AUTH0_CALLBACK_URL'].

[7m17[0m     process.env.AUTH0_CALLBACK_URL ??
[7m  [0m [91m                ~~~~~~~~~~~~~~~~~~[0m

[96msrc/api/routes/auth.ts[0m:[93m18[0m:[93m8[0m - [91merror[0m[90m TS2552: [0mCannot find name 'req'. Did you mean '_req'?

[7m18[0m     `${req.protocol}://${req.get('host')}/api/auth/callback`
[7m  [0m [91m       ~~~[0m

  [96msrc/api/routes/auth.ts[0m:[93m13[0m:[93m23[0m
    [7m13[0m router.get('/login', (_req: Request, res: Response) => {
    [7m  [0m [96m                      ~~~~~~~~~~~~~[0m
    '_req' is declared here.

[96msrc/api/routes/auth.ts[0m:[93m18[0m:[93m26[0m - [91merror[0m[90m TS2552: [0mCannot find name 'req'. Did you mean '_req'?

[7m18[0m     `${req.protocol}://${req.get('host')}/api/auth/callback`
[7m  [0m [91m                         ~~~[0m

  [96msrc/api/routes/auth.ts[0m:[93m13[0m:[93m23[0m
    [7m13[0m router.get('/login', (_req: Request, res: Response) => {
    [7m  [0m [96m                      ~~~~~~~~~~~~~[0m
    '_req' is declared here.

[96msrc/api/routes/auth.ts[0m:[93m61[0m:[93m35[0m - [91merror[0m[90m TS4111: [0mProperty 'AUTH0_DOMAIN' comes from an index signature, so it must be accessed with ['AUTH0_DOMAIN'].

[7m61[0m   const auth0Domain = process.env.AUTH0_DOMAIN
[7m  [0m [91m                                  ~~~~~~~~~~~~[0m

[96msrc/api/routes/auth.ts[0m:[93m62[0m:[93m32[0m - [91merror[0m[90m TS4111: [0mProperty 'AUTH0_CLIENT_ID' comes from an index signature, so it must be accessed with ['AUTH0_CLIENT_ID'].

[7m62[0m   const clientId = process.env.AUTH0_CLIENT_ID
[7m  [0m [91m                               ~~~~~~~~~~~~~~~[0m

[96msrc/api/routes/auth.ts[0m:[93m63[0m:[93m36[0m - [91merror[0m[90m TS4111: [0mProperty 'AUTH0_CLIENT_SECRET' comes from an index signature, so it must be accessed with ['AUTH0_CLIENT_SECRET'].

[7m63[0m   const clientSecret = process.env.AUTH0_CLIENT_SECRET
[7m  [0m [91m                                   ~~~~~~~~~~~~~~~~~~~[0m

[96msrc/api/routes/auth.ts[0m:[93m65[0m:[93m17[0m - [91merror[0m[90m TS4111: [0mProperty 'AUTH0_CALLBACK_URL' comes from an index signature, so it must be accessed with ['AUTH0_CALLBACK_URL'].

[7m65[0m     process.env.AUTH0_CALLBACK_URL ??
[7m  [0m [91m                ~~~~~~~~~~~~~~~~~~[0m

[96msrc/api/routes/auth.ts[0m:[93m123[0m:[93m9[0m - [91merror[0m[90m TS18048: [0m'payloadB64' is possibly 'undefined'.

[7m123[0m         payloadB64.replace(/-/g, '+').replace(/_/g, '/'),
[7m   [0m [91m        ~~~~~~~~~~[0m

[96msrc/api/routes/auth.ts[0m:[93m210[0m:[93m35[0m - [91merror[0m[90m TS4111: [0mProperty 'AUTH0_DOMAIN' comes from an index signature, so it must be accessed with ['AUTH0_DOMAIN'].

[7m210[0m   const auth0Domain = process.env.AUTH0_DOMAIN
[7m   [0m [91m                                  ~~~~~~~~~~~~[0m

[96msrc/api/routes/auth.ts[0m:[93m211[0m:[93m32[0m - [91merror[0m[90m TS4111: [0mProperty 'AUTH0_CLIENT_ID' comes from an index signature, so it must be accessed with ['AUTH0_CLIENT_ID'].

[7m211[0m   const clientId = process.env.AUTH0_CLIENT_ID
[7m   [0m [91m                               ~~~~~~~~~~~~~~~[0m

[96msrc/api/routes/auth.ts[0m:[93m213[0m:[93m17[0m - [91merror[0m[90m TS4111: [0mProperty 'AUTH0_LOGOUT_URL' comes from an index signature, so it must be accessed with ['AUTH0_LOGOUT_URL'].

[7m213[0m     process.env.AUTH0_LOGOUT_URL ?? `${req.protocol}://${req.get('host')}`
[7m   [0m [91m                ~~~~~~~~~~~~~~~~[0m

[96msrc/api/routes/auth.ts[0m:[93m287[0m:[93m35[0m - [91merror[0m[90m TS4111: [0mProperty 'AUTH0_DOMAIN' comes from an index signature, so it must be accessed with ['AUTH0_DOMAIN'].

[7m287[0m   const auth0Domain = process.env.AUTH0_DOMAIN
[7m   [0m [91m                                  ~~~~~~~~~~~~[0m

[96msrc/api/routes/auth.ts[0m:[93m288[0m:[93m32[0m - [91merror[0m[90m TS4111: [0mProperty 'AUTH0_CLIENT_ID' comes from an index signature, so it must be accessed with ['AUTH0_CLIENT_ID'].

[7m288[0m   const clientId = process.env.AUTH0_CLIENT_ID
[7m   [0m [91m                               ~~~~~~~~~~~~~~~[0m

[96msrc/api/routes/auth.ts[0m:[93m289[0m:[93m36[0m - [91merror[0m[90m TS4111: [0mProperty 'AUTH0_CLIENT_SECRET' comes from an index signature, so it must be accessed with ['AUTH0_CLIENT_SECRET'].

[7m289[0m   const clientSecret = process.env.AUTH0_CLIENT_SECRET
[7m   [0m [91m                                   ~~~~~~~~~~~~~~~~~~~[0m

[96msrc/api/routes/documents.ts[0m:[93m54[0m:[93m16[0m - [91merror[0m[90m TS2345: [0mArgument of type '(req: Request, res: Response) => Promise<void>' is not assignable to parameter of type '(req: unknown, res: Response<any, Record<string, any>>, next: NextFunction) => Promise<any>'.
  Types of parameters 'req' and 'req' are incompatible.
    Type 'unknown' is not assignable to type 'Request<ParamsDictionary, any, any, ParsedQs, Record<string, any>>'.

[7m54[0m   asyncHandler(async (req: Request, res: Response) => {
[7m  [0m [91m               ~~~~~~~~~~~~~~~~~~~~~~~~~~~~~~~~~~~~~~~~[0m

[96msrc/api/routes/documents.ts[0m:[93m90[0m:[93m16[0m - [91merror[0m[90m TS2345: [0mArgument of type '(req: Request, res: Response) => Promise<void>' is not assignable to parameter of type '(req: unknown, res: Response<any, Record<string, any>>, next: NextFunction) => Promise<any>'.
  Types of parameters 'req' and 'req' are incompatible.
    Type 'unknown' is not assignable to type 'Request<ParamsDictionary, any, any, ParsedQs, Record<string, any>>'.

[7m90[0m   asyncHandler(async (req: Request, res: Response) => {
[7m  [0m [91m               ~~~~~~~~~~~~~~~~~~~~~~~~~~~~~~~~~~~~~~~~[0m

[96msrc/api/routes/documents.ts[0m:[93m153[0m:[93m16[0m - [91merror[0m[90m TS2345: [0mArgument of type '(req: Request, res: Response) => Promise<void>' is not assignable to parameter of type '(req: unknown, res: Response<any, Record<string, any>>, next: NextFunction) => Promise<any>'.
  Types of parameters 'req' and 'req' are incompatible.
    Type 'unknown' is not assignable to type 'Request<ParamsDictionary, any, any, ParsedQs, Record<string, any>>'.

[7m153[0m   asyncHandler(async (req: Request, res: Response) => {
[7m   [0m [91m               ~~~~~~~~~~~~~~~~~~~~~~~~~~~~~~~~~~~~~~~~[0m

[96msrc/api/routes/documents.ts[0m:[93m154[0m:[93m48[0m - [91merror[0m[90m TS4111: [0mProperty 'documentId' comes from an index signature, so it must be accessed with ['documentId'].

[7m154[0m     const documentId = ensureString(req.params.documentId)
[7m   [0m [91m                                               ~~~~~~~~~~[0m

[96msrc/api/routes/documents.ts[0m:[93m176[0m:[93m16[0m - [91merror[0m[90m TS2345: [0mArgument of type '(req: Request, res: Response) => Promise<void>' is not assignable to parameter of type '(req: unknown, res: Response<any, Record<string, any>>, next: NextFunction) => Promise<any>'.
  Types of parameters 'req' and 'req' are incompatible.
    Type 'unknown' is not assignable to type 'Request<ParamsDictionary, any, any, ParsedQs, Record<string, any>>'.

[7m176[0m   asyncHandler(async (req: Request, res: Response) => {
[7m   [0m [91m               ~~~~~~~~~~~~~~~~~~~~~~~~~~~~~~~~~~~~~~~~[0m

[96msrc/api/routes/documents.ts[0m:[93m177[0m:[93m48[0m - [91merror[0m[90m TS4111: [0mProperty 'documentId' comes from an index signature, so it must be accessed with ['documentId'].

[7m177[0m     const documentId = ensureString(req.params.documentId)
[7m   [0m [91m                                               ~~~~~~~~~~[0m

[96msrc/api/routes/documents.ts[0m:[93m209[0m:[93m16[0m - [91merror[0m[90m TS2345: [0mArgument of type '(req: Request, res: Response) => Promise<void>' is not assignable to parameter of type '(req: unknown, res: Response<any, Record<string, any>>, next: NextFunction) => Promise<any>'.
  Types of parameters 'req' and 'req' are incompatible.
    Type 'unknown' is not assignable to type 'Request<ParamsDictionary, any, any, ParsedQs, Record<string, any>>'.

[7m209[0m   asyncHandler(async (req: Request, res: Response) => {
[7m   [0m [91m               ~~~~~~~~~~~~~~~~~~~~~~~~~~~~~~~~~~~~~~~~[0m

[96msrc/api/routes/documents.ts[0m:[93m210[0m:[93m48[0m - [91merror[0m[90m TS4111: [0mProperty 'documentId' comes from an index signature, so it must be accessed with ['documentId'].

[7m210[0m     const documentId = ensureString(req.params.documentId)
[7m   [0m [91m                                               ~~~~~~~~~~[0m

[96msrc/api/routes/documents.ts[0m:[93m234[0m:[93m16[0m - [91merror[0m[90m TS2345: [0mArgument of type '(req: Request, res: Response) => Promise<void>' is not assignable to parameter of type '(req: unknown, res: Response<any, Record<string, any>>, next: NextFunction) => Promise<any>'.
  Types of parameters 'req' and 'req' are incompatible.
    Type 'unknown' is not assignable to type 'Request<ParamsDictionary, any, any, ParsedQs, Record<string, any>>'.

[7m234[0m   asyncHandler(async (req: Request, res: Response) => {
[7m   [0m [91m               ~~~~~~~~~~~~~~~~~~~~~~~~~~~~~~~~~~~~~~~~[0m

[96msrc/api/routes/documents.ts[0m:[93m235[0m:[93m48[0m - [91merror[0m[90m TS4111: [0mProperty 'documentId' comes from an index signature, so it must be accessed with ['documentId'].

[7m235[0m     const documentId = ensureString(req.params.documentId)
[7m   [0m [91m                                               ~~~~~~~~~~[0m

[96msrc/api/routes/documents.ts[0m:[93m264[0m:[93m16[0m - [91merror[0m[90m TS2345: [0mArgument of type '(req: Request, res: Response) => Promise<void>' is not assignable to parameter of type '(req: unknown, res: Response<any, Record<string, any>>, next: NextFunction) => Promise<any>'.
  Types of parameters 'req' and 'req' are incompatible.
    Type 'unknown' is not assignable to type 'Request<ParamsDictionary, any, any, ParsedQs, Record<string, any>>'.

[7m264[0m   asyncHandler(async (req: Request, res: Response) => {
[7m   [0m [91m               ~~~~~~~~~~~~~~~~~~~~~~~~~~~~~~~~~~~~~~~~[0m

[96msrc/api/routes/documents.ts[0m:[93m265[0m:[93m48[0m - [91merror[0m[90m TS4111: [0mProperty 'documentId' comes from an index signature, so it must be accessed with ['documentId'].

[7m265[0m     const documentId = ensureString(req.params.documentId)
[7m   [0m [91m                                               ~~~~~~~~~~[0m

[96msrc/api/routes/documents.ts[0m:[93m293[0m:[93m16[0m - [91merror[0m[90m TS2345: [0mArgument of type '(req: Request, res: Response) => Promise<void>' is not assignable to parameter of type '(req: unknown, res: Response<any, Record<string, any>>, next: NextFunction) => Promise<any>'.
  Types of parameters 'req' and 'req' are incompatible.
    Type 'unknown' is not assignable to type 'Request<ParamsDictionary, any, any, ParsedQs, Record<string, any>>'.

[7m293[0m   asyncHandler(async (req: Request, res: Response) => {
[7m   [0m [91m               ~~~~~~~~~~~~~~~~~~~~~~~~~~~~~~~~~~~~~~~~[0m

[96msrc/api/routes/documents.ts[0m:[93m294[0m:[93m48[0m - [91merror[0m[90m TS4111: [0mProperty 'documentId' comes from an index signature, so it must be accessed with ['documentId'].

[7m294[0m     const documentId = ensureString(req.params.documentId)
[7m   [0m [91m                                               ~~~~~~~~~~[0m

[96msrc/api/routes/documents.ts[0m:[93m319[0m:[93m16[0m - [91merror[0m[90m TS2345: [0mArgument of type '(req: Request, res: Response) => Promise<void>' is not assignable to parameter of type '(req: unknown, res: Response<any, Record<string, any>>, next: NextFunction) => Promise<any>'.
  Types of parameters 'req' and 'req' are incompatible.
    Type 'unknown' is not assignable to type 'Request<ParamsDictionary, any, any, ParsedQs, Record<string, any>>'.

[7m319[0m   asyncHandler(async (req: Request, res: Response) => {
[7m   [0m [91m               ~~~~~~~~~~~~~~~~~~~~~~~~~~~~~~~~~~~~~~~~[0m

[96msrc/api/routes/documents.ts[0m:[93m320[0m:[93m48[0m - [91merror[0m[90m TS4111: [0mProperty 'documentId' comes from an index signature, so it must be accessed with ['documentId'].

[7m320[0m     const documentId = ensureString(req.params.documentId)
[7m   [0m [91m                                               ~~~~~~~~~~[0m

[96msrc/api/routes/documents.ts[0m:[93m344[0m:[93m16[0m - [91merror[0m[90m TS2345: [0mArgument of type '(req: Request, res: Response) => Promise<void>' is not assignable to parameter of type '(req: unknown, res: Response<any, Record<string, any>>, next: NextFunction) => Promise<any>'.
  Types of parameters 'req' and 'req' are incompatible.
    Type 'unknown' is not assignable to type 'Request<ParamsDictionary, any, any, ParsedQs, Record<string, any>>'.

[7m344[0m   asyncHandler(async (req: Request, res: Response) => {
[7m   [0m [91m               ~~~~~~~~~~~~~~~~~~~~~~~~~~~~~~~~~~~~~~~~[0m

[96msrc/api/routes/documents.ts[0m:[93m345[0m:[93m48[0m - [91merror[0m[90m TS4111: [0mProperty 'documentId' comes from an index signature, so it must be accessed with ['documentId'].

[7m345[0m     const documentId = ensureString(req.params.documentId)
[7m   [0m [91m                                               ~~~~~~~~~~[0m

[96msrc/api/routes/health.ts[0m:[93m23[0m:[93m30[0m - [91merror[0m[90m TS4111: [0mProperty 'NODE_ENV' comes from an index signature, so it must be accessed with ['NODE_ENV'].

[7m23[0m     environment: process.env.NODE_ENV ?? 'development',
[7m  [0m [91m                             ~~~~~~~~[0m

[96msrc/api/routes/health.ts[0m:[93m49[0m:[93m28[0m - [91merror[0m[90m TS4111: [0mProperty 'uptime' comes from an index signature, so it must be accessed with ['uptime'].

[7m49[0m       uptime: serverStatus.uptime,
[7m  [0m [91m                           ~~~~~~[0m

[96msrc/api/routes/health.ts[0m:[93m67[0m:[93m18[0m - [91merror[0m[90m TS2571: [0mObject is of type 'unknown'.

[7m67[0m       timestamp: result.rows[0].now,
[7m  [0m [91m                 ~~~~~~~~~~~~~~[0m

[96msrc/api/routes/market-research-full.ts[0m:[93m24[0m:[93m16[0m - [91merror[0m[90m TS2345: [0mArgument of type '(req: Request, res: Response) => Promise<void>' is not assignable to parameter of type '(req: unknown, res: Response<any, Record<string, any>>, next: NextFunction) => Promise<any>'.
  Types of parameters 'req' and 'req' are incompatible.
    Type 'unknown' is not assignable to type 'Request<ParamsDictionary, any, any, ParsedQs, Record<string, any>>'.

[7m24[0m   asyncHandler(async (req: Request, res: Response) => {
[7m  [0m [91m               ~~~~~~~~~~~~~~~~~~~~~~~~~~~~~~~~~~~~~~~~[0m

[96msrc/api/routes/market-research-full.ts[0m:[93m57[0m:[93m16[0m - [91merror[0m[90m TS2345: [0mArgument of type '(req: Request, res: Response) => Promise<void>' is not assignable to parameter of type '(req: unknown, res: Response<any, Record<string, any>>, next: NextFunction) => Promise<any>'.
  Types of parameters 'req' and 'req' are incompatible.
    Type 'unknown' is not assignable to type 'Request<ParamsDictionary, any, any, ParsedQs, Record<string, any>>'.

[7m57[0m   asyncHandler(async (req: Request, res: Response) => {
[7m  [0m [91m               ~~~~~~~~~~~~~~~~~~~~~~~~~~~~~~~~~~~~~~~~[0m

[96msrc/api/routes/market-research-full.ts[0m:[93m58[0m:[93m30[0m - [91merror[0m[90m TS4111: [0mProperty 'query' comes from an index signature, so it must be accessed with ['query'].

[7m58[0m     const query = req.params.query as string
[7m  [0m [91m                             ~~~~~[0m

[96msrc/api/routes/market-research-full.ts[0m:[93m76[0m:[93m16[0m - [91merror[0m[90m TS2345: [0mArgument of type '(req: Request, res: Response) => Promise<void>' is not assignable to parameter of type '(req: unknown, res: Response<any, Record<string, any>>, next: NextFunction) => Promise<any>'.
  Types of parameters 'req' and 'req' are incompatible.
    Type 'unknown' is not assignable to type 'Request<ParamsDictionary, any, any, ParsedQs, Record<string, any>>'.

[7m76[0m   asyncHandler(async (req: Request, res: Response) => {
[7m  [0m [91m               ~~~~~~~~~~~~~~~~~~~~~~~~~~~~~~~~~~~~~~~~[0m

[96msrc/api/routes/market-research-full.ts[0m:[93m77[0m:[93m35[0m - [91merror[0m[90m TS4111: [0mProperty 'researchId' comes from an index signature, so it must be accessed with ['researchId'].

[7m77[0m     const researchId = req.params.researchId as string
[7m  [0m [91m                                  ~~~~~~~~~~[0m

[96msrc/api/routes/market-research.ts[0m:[93m19[0m:[93m16[0m - [91merror[0m[90m TS2345: [0mArgument of type '(req: Request, res: Response) => Promise<void>' is not assignable to parameter of type '(req: unknown, res: Response<any, Record<string, any>>, next: NextFunction) => Promise<any>'.
  Types of parameters 'req' and 'req' are incompatible.
    Type 'unknown' is not assignable to type 'Request<ParamsDictionary, any, any, ParsedQs, Record<string, any>>'.

[7m19[0m   asyncHandler(async (req: Request, res: Response) => {
[7m  [0m [91m               ~~~~~~~~~~~~~~~~~~~~~~~~~~~~~~~~~~~~~~~~[0m

[96msrc/api/routes/market-research.ts[0m:[93m36[0m:[93m16[0m - [91merror[0m[90m TS2345: [0mArgument of type '(req: Request, res: Response) => Promise<void>' is not assignable to parameter of type '(req: unknown, res: Response<any, Record<string, any>>, next: NextFunction) => Promise<any>'.
  Types of parameters 'req' and 'req' are incompatible.
    Type 'unknown' is not assignable to type 'Request<ParamsDictionary, any, any, ParsedQs, Record<string, any>>'.

[7m36[0m   asyncHandler(async (req: Request, res: Response) => {
[7m  [0m [91m               ~~~~~~~~~~~~~~~~~~~~~~~~~~~~~~~~~~~~~~~~[0m

[96msrc/api/routes/market-research.ts[0m:[93m62[0m:[93m16[0m - [91merror[0m[90m TS2345: [0mArgument of type '(req: Request, res: Response) => Promise<void>' is not assignable to parameter of type '(req: unknown, res: Response<any, Record<string, any>>, next: NextFunction) => Promise<any>'.
  Types of parameters 'req' and 'req' are incompatible.
    Type 'unknown' is not assignable to type 'Request<ParamsDictionary, any, any, ParsedQs, Record<string, any>>'.

[7m62[0m   asyncHandler(async (req: Request, res: Response) => {
[7m  [0m [91m               ~~~~~~~~~~~~~~~~~~~~~~~~~~~~~~~~~~~~~~~~[0m

[96msrc/api/routes/market-research.ts[0m:[93m63[0m:[93m35[0m - [91merror[0m[90m TS4111: [0mProperty 'researchId' comes from an index signature, so it must be accessed with ['researchId'].

[7m63[0m     const researchId = req.params.researchId as string
[7m  [0m [91m                                  ~~~~~~~~~~[0m

[96msrc/api/routes/market-research.ts[0m:[93m74[0m:[93m16[0m - [91merror[0m[90m TS2345: [0mArgument of type '(req: Request, res: Response) => Promise<void>' is not assignable to parameter of type '(req: unknown, res: Response<any, Record<string, any>>, next: NextFunction) => Promise<any>'.
  Types of parameters 'req' and 'req' are incompatible.
    Type 'unknown' is not assignable to type 'Request<ParamsDictionary, any, any, ParsedQs, Record<string, any>>'.

[7m74[0m   asyncHandler(async (req: Request, res: Response) => {
[7m  [0m [91m               ~~~~~~~~~~~~~~~~~~~~~~~~~~~~~~~~~~~~~~~~[0m

[96msrc/api/routes/market-research.ts[0m:[93m75[0m:[93m11[0m - [91merror[0m[90m TS6133: [0m'researchId' is declared but its value is never read.

[7m75[0m     const researchId = req.params.researchId as string
[7m  [0m [91m          ~~~~~~~~~~[0m

[96msrc/api/routes/market-research.ts[0m:[93m75[0m:[93m35[0m - [91merror[0m[90m TS4111: [0mProperty 'researchId' comes from an index signature, so it must be accessed with ['researchId'].

[7m75[0m     const researchId = req.params.researchId as string
[7m  [0m [91m                                  ~~~~~~~~~~[0m

[96msrc/api/routes/market-research.ts[0m:[93m76[0m:[93m65[0m - [91merror[0m[90m TS6133: [0m'status' is declared but its value is never read.

[7m76[0m     const { title, industry, targetMarket, methodology, budget, status } =
[7m  [0m [91m                                                                ~~~~~~[0m

[96msrc/api/routes/market-research.ts[0m:[93m104[0m:[93m16[0m - [91merror[0m[90m TS2345: [0mArgument of type '(req: Request, res: Response) => Promise<void>' is not assignable to parameter of type '(req: unknown, res: Response<any, Record<string, any>>, next: NextFunction) => Promise<any>'.
  Types of parameters 'req' and 'req' are incompatible.
    Type 'unknown' is not assignable to type 'Request<ParamsDictionary, any, any, ParsedQs, Record<string, any>>'.

[7m104[0m   asyncHandler(async (req: Request, res: Response) => {
[7m   [0m [91m               ~~~~~~~~~~~~~~~~~~~~~~~~~~~~~~~~~~~~~~~~[0m

[96msrc/api/routes/market-research.ts[0m:[93m105[0m:[93m11[0m - [91merror[0m[90m TS6133: [0m'_researchId' is declared but its value is never read.

[7m105[0m     const _researchId = req.params.researchId as string
[7m   [0m [91m          ~~~~~~~~~~~[0m

[96msrc/api/routes/market-research.ts[0m:[93m105[0m:[93m36[0m - [91merror[0m[90m TS4111: [0mProperty 'researchId' comes from an index signature, so it must be accessed with ['researchId'].

[7m105[0m     const _researchId = req.params.researchId as string
[7m   [0m [91m                                   ~~~~~~~~~~[0m

[96msrc/api/routes/market-research.ts[0m:[93m106[0m:[93m11[0m - [91merror[0m[90m TS6133: [0m'user' is declared but its value is never read.

[7m106[0m     const { user } = req as any
[7m   [0m [91m          ~~~~~~~~[0m

[96msrc/api/routes/market-research.ts[0m:[93m116[0m:[93m16[0m - [91merror[0m[90m TS2345: [0mArgument of type '(req: Request, res: Response) => Promise<void>' is not assignable to parameter of type '(req: unknown, res: Response<any, Record<string, any>>, next: NextFunction) => Promise<any>'.
  Types of parameters 'req' and 'req' are incompatible.
    Type 'unknown' is not assignable to type 'Request<ParamsDictionary, any, any, ParsedQs, Record<string, any>>'.

[7m116[0m   asyncHandler(async (req: Request, res: Response) => {
[7m   [0m [91m               ~~~~~~~~~~~~~~~~~~~~~~~~~~~~~~~~~~~~~~~~[0m

[96msrc/api/routes/market-research.ts[0m:[93m117[0m:[93m35[0m - [91merror[0m[90m TS4111: [0mProperty 'researchId' comes from an index signature, so it must be accessed with ['researchId'].

[7m117[0m     const researchId = req.params.researchId as string
[7m   [0m [91m                                  ~~~~~~~~~~[0m

[96msrc/api/routes/market-research.ts[0m:[93m118[0m:[93m20[0m - [91merror[0m[90m TS6133: [0m'description' is declared but its value is never read.

[7m118[0m     const { title, description, impact, confidence } = req.body
[7m   [0m [91m                   ~~~~~~~~~~~[0m

[96msrc/api/routes/market-research.ts[0m:[93m118[0m:[93m33[0m - [91merror[0m[90m TS6133: [0m'impact' is declared but its value is never read.

[7m118[0m     const { title, description, impact, confidence } = req.body
[7m   [0m [91m                                ~~~~~~[0m

[96msrc/api/routes/market-research.ts[0m:[93m118[0m:[93m41[0m - [91merror[0m[90m TS6133: [0m'confidence' is declared but its value is never read.

[7m118[0m     const { title, description, impact, confidence } = req.body
[7m   [0m [91m                                        ~~~~~~~~~~[0m

[96msrc/api/routes/market-research.ts[0m:[93m136[0m:[93m16[0m - [91merror[0m[90m TS2345: [0mArgument of type '(req: Request, res: Response) => Promise<void>' is not assignable to parameter of type '(req: unknown, res: Response<any, Record<string, any>>, next: NextFunction) => Promise<any>'.
  Types of parameters 'req' and 'req' are incompatible.
    Type 'unknown' is not assignable to type 'Request<ParamsDictionary, any, any, ParsedQs, Record<string, any>>'.

[7m136[0m   asyncHandler(async (req: Request, res: Response) => {
[7m   [0m [91m               ~~~~~~~~~~~~~~~~~~~~~~~~~~~~~~~~~~~~~~~~[0m

[96msrc/api/routes/market-research.ts[0m:[93m137[0m:[93m35[0m - [91merror[0m[90m TS4111: [0mProperty 'researchId' comes from an index signature, so it must be accessed with ['researchId'].

[7m137[0m     const researchId = req.params.researchId as string
[7m   [0m [91m                                  ~~~~~~~~~~[0m

[96msrc/api/routes/market-research.ts[0m:[93m138[0m:[93m21[0m - [91merror[0m[90m TS6133: [0m'reason' is declared but its value is never read.

[7m138[0m     const { status, reason } = req.body
[7m   [0m [91m                    ~~~~~~[0m

[96msrc/api/routes/projects-full.ts[0m:[93m23[0m:[93m16[0m - [91merror[0m[90m TS2345: [0mArgument of type '(req: Request, res: Response) => Promise<void>' is not assignable to parameter of type '(req: unknown, res: Response<any, Record<string, any>>, next: NextFunction) => Promise<any>'.
  Types of parameters 'req' and 'req' are incompatible.
    Type 'unknown' is not assignable to type 'Request<ParamsDictionary, any, any, ParsedQs, Record<string, any>>'.

[7m23[0m   asyncHandler(async (req: Request, res: Response) => {
[7m  [0m [91m               ~~~~~~~~~~~~~~~~~~~~~~~~~~~~~~~~~~~~~~~~[0m

[96msrc/api/routes/projects-full.ts[0m:[93m47[0m:[93m16[0m - [91merror[0m[90m TS2345: [0mArgument of type '(req: Request, res: Response) => Promise<void>' is not assignable to parameter of type '(req: unknown, res: Response<any, Record<string, any>>, next: NextFunction) => Promise<any>'.
  Types of parameters 'req' and 'req' are incompatible.
    Type 'unknown' is not assignable to type 'Request<ParamsDictionary, any, any, ParsedQs, Record<string, any>>'.

[7m47[0m   asyncHandler(async (req: Request, res: Response) => {
[7m  [0m [91m               ~~~~~~~~~~~~~~~~~~~~~~~~~~~~~~~~~~~~~~~~[0m

[96msrc/api/routes/projects-full.ts[0m:[93m48[0m:[93m34[0m - [91merror[0m[90m TS4111: [0mProperty 'projectId' comes from an index signature, so it must be accessed with ['projectId'].

[7m48[0m     const projectId = req.params.projectId as string
[7m  [0m [91m                                 ~~~~~~~~~[0m

[96msrc/api/routes/projects-full.ts[0m:[93m66[0m:[93m16[0m - [91merror[0m[90m TS2345: [0mArgument of type '(req: Request, res: Response) => Promise<void>' is not assignable to parameter of type '(req: unknown, res: Response<any, Record<string, any>>, next: NextFunction) => Promise<any>'.
  Types of parameters 'req' and 'req' are incompatible.
    Type 'unknown' is not assignable to type 'Request<ParamsDictionary, any, any, ParsedQs, Record<string, any>>'.

[7m66[0m   asyncHandler(async (req: Request, res: Response) => {
[7m  [0m [91m               ~~~~~~~~~~~~~~~~~~~~~~~~~~~~~~~~~~~~~~~~[0m

[96msrc/api/routes/projects-full.ts[0m:[93m67[0m:[93m34[0m - [91merror[0m[90m TS4111: [0mProperty 'projectId' comes from an index signature, so it must be accessed with ['projectId'].

[7m67[0m     const projectId = req.params.projectId as string
[7m  [0m [91m                                 ~~~~~~~~~[0m

[96msrc/api/routes/projects-full.ts[0m:[93m92[0m:[93m16[0m - [91merror[0m[90m TS2345: [0mArgument of type '(req: Request, res: Response) => Promise<void>' is not assignable to parameter of type '(req: unknown, res: Response<any, Record<string, any>>, next: NextFunction) => Promise<any>'.
  Types of parameters 'req' and 'req' are incompatible.
    Type 'unknown' is not assignable to type 'Request<ParamsDictionary, any, any, ParsedQs, Record<string, any>>'.

[7m92[0m   asyncHandler(async (req: Request, res: Response) => {
[7m  [0m [91m               ~~~~~~~~~~~~~~~~~~~~~~~~~~~~~~~~~~~~~~~~[0m

[96msrc/api/routes/projects-full.ts[0m:[93m93[0m:[93m34[0m - [91merror[0m[90m TS4111: [0mProperty 'projectId' comes from an index signature, so it must be accessed with ['projectId'].

[7m93[0m     const projectId = req.params.projectId as string
[7m  [0m [91m                                 ~~~~~~~~~[0m

[96msrc/api/routes/projects-full.ts[0m:[93m123[0m:[93m16[0m - [91merror[0m[90m TS2345: [0mArgument of type '(req: Request, res: Response) => Promise<void>' is not assignable to parameter of type '(req: unknown, res: Response<any, Record<string, any>>, next: NextFunction) => Promise<any>'.
  Types of parameters 'req' and 'req' are incompatible.
    Type 'unknown' is not assignable to type 'Request<ParamsDictionary, any, any, ParsedQs, Record<string, any>>'.

[7m123[0m   asyncHandler(async (req: Request, res: Response) => {
[7m   [0m [91m               ~~~~~~~~~~~~~~~~~~~~~~~~~~~~~~~~~~~~~~~~[0m

[96msrc/api/routes/projects-full.ts[0m:[93m124[0m:[93m34[0m - [91merror[0m[90m TS4111: [0mProperty 'projectId' comes from an index signature, so it must be accessed with ['projectId'].

[7m124[0m     const projectId = req.params.projectId as string
[7m   [0m [91m                                 ~~~~~~~~~[0m

[96msrc/api/routes/projects-full.ts[0m:[93m161[0m:[93m16[0m - [91merror[0m[90m TS2345: [0mArgument of type '(req: Request, res: Response) => Promise<void>' is not assignable to parameter of type '(req: unknown, res: Response<any, Record<string, any>>, next: NextFunction) => Promise<any>'.
  Types of parameters 'req' and 'req' are incompatible.
    Type 'unknown' is not assignable to type 'Request<ParamsDictionary, any, any, ParsedQs, Record<string, any>>'.

[7m161[0m   asyncHandler(async (req: Request, res: Response) => {
[7m   [0m [91m               ~~~~~~~~~~~~~~~~~~~~~~~~~~~~~~~~~~~~~~~~[0m

[96msrc/api/routes/projects-full.ts[0m:[93m162[0m:[93m30[0m - [91merror[0m[90m TS4111: [0mProperty 'query' comes from an index signature, so it must be accessed with ['query'].

[7m162[0m     const query = req.params.query as string
[7m   [0m [91m                             ~~~~~[0m

[96msrc/api/routes/projects.ts[0m:[93m24[0m:[93m16[0m - [91merror[0m[90m TS2345: [0mArgument of type '(req: Request, res: Response) => Promise<void>' is not assignable to parameter of type '(req: unknown, res: Response<any, Record<string, any>>, next: NextFunction) => Promise<any>'.
  Types of parameters 'req' and 'req' are incompatible.
    Type 'unknown' is not assignable to type 'Request<ParamsDictionary, any, any, ParsedQs, Record<string, any>>'.

[7m24[0m   asyncHandler(async (req: Request, res: Response) => {
[7m  [0m [91m               ~~~~~~~~~~~~~~~~~~~~~~~~~~~~~~~~~~~~~~~~[0m

[96msrc/api/routes/projects.ts[0m:[93m53[0m:[93m16[0m - [91merror[0m[90m TS2345: [0mArgument of type '(req: Request, res: Response) => Promise<void>' is not assignable to parameter of type '(req: unknown, res: Response<any, Record<string, any>>, next: NextFunction) => Promise<any>'.
  Types of parameters 'req' and 'req' are incompatible.
    Type 'unknown' is not assignable to type 'Request<ParamsDictionary, any, any, ParsedQs, Record<string, any>>'.

[7m53[0m   asyncHandler(async (req: Request, res: Response) => {
[7m  [0m [91m               ~~~~~~~~~~~~~~~~~~~~~~~~~~~~~~~~~~~~~~~~[0m

[96msrc/api/routes/projects.ts[0m:[93m74[0m:[93m16[0m - [91merror[0m[90m TS2345: [0mArgument of type '(req: Request, res: Response) => Promise<void>' is not assignable to parameter of type '(req: unknown, res: Response<any, Record<string, any>>, next: NextFunction) => Promise<any>'.
  Types of parameters 'req' and 'req' are incompatible.
    Type 'unknown' is not assignable to type 'Request<ParamsDictionary, any, any, ParsedQs, Record<string, any>>'.

[7m74[0m   asyncHandler(async (req: Request, res: Response) => {
[7m  [0m [91m               ~~~~~~~~~~~~~~~~~~~~~~~~~~~~~~~~~~~~~~~~[0m

[96msrc/api/routes/projects.ts[0m:[93m75[0m:[93m34[0m - [91merror[0m[90m TS4111: [0mProperty 'projectId' comes from an index signature, so it must be accessed with ['projectId'].

[7m75[0m     const projectId = req.params.projectId as string
[7m  [0m [91m                                 ~~~~~~~~~[0m

[96msrc/api/routes/projects.ts[0m:[93m90[0m:[93m16[0m - [91merror[0m[90m TS2345: [0mArgument of type '(req: Request, res: Response) => Promise<void>' is not assignable to parameter of type '(req: unknown, res: Response<any, Record<string, any>>, next: NextFunction) => Promise<any>'.
  Types of parameters 'req' and 'req' are incompatible.
    Type 'unknown' is not assignable to type 'Request<ParamsDictionary, any, any, ParsedQs, Record<string, any>>'.

[7m90[0m   asyncHandler(async (req: Request, res: Response) => {
[7m  [0m [91m               ~~~~~~~~~~~~~~~~~~~~~~~~~~~~~~~~~~~~~~~~[0m

[96msrc/api/routes/projects.ts[0m:[93m91[0m:[93m34[0m - [91merror[0m[90m TS4111: [0mProperty 'projectId' comes from an index signature, so it must be accessed with ['projectId'].

[7m91[0m     const projectId = req.params.projectId as string
[7m  [0m [91m                                 ~~~~~~~~~[0m

[96msrc/api/routes/projects.ts[0m:[93m113[0m:[93m16[0m - [91merror[0m[90m TS2345: [0mArgument of type '(req: Request, res: Response) => Promise<void>' is not assignable to parameter of type '(req: unknown, res: Response<any, Record<string, any>>, next: NextFunction) => Promise<any>'.
  Types of parameters 'req' and 'req' are incompatible.
    Type 'unknown' is not assignable to type 'Request<ParamsDictionary, any, any, ParsedQs, Record<string, any>>'.

[7m113[0m   asyncHandler(async (req: Request, res: Response) => {
[7m   [0m [91m               ~~~~~~~~~~~~~~~~~~~~~~~~~~~~~~~~~~~~~~~~[0m

[96msrc/api/routes/projects.ts[0m:[93m114[0m:[93m34[0m - [91merror[0m[90m TS4111: [0mProperty 'projectId' comes from an index signature, so it must be accessed with ['projectId'].

[7m114[0m     const projectId = req.params.projectId as string
[7m   [0m [91m                                 ~~~~~~~~~[0m

[96msrc/api/routes/projects.ts[0m:[93m141[0m:[93m16[0m - [91merror[0m[90m TS2345: [0mArgument of type '(req: Request, res: Response) => Promise<void>' is not assignable to parameter of type '(req: unknown, res: Response<any, Record<string, any>>, next: NextFunction) => Promise<any>'.
  Types of parameters 'req' and 'req' are incompatible.
    Type 'unknown' is not assignable to type 'Request<ParamsDictionary, any, any, ParsedQs, Record<string, any>>'.

[7m141[0m   asyncHandler(async (req: Request, res: Response) => {
[7m   [0m [91m               ~~~~~~~~~~~~~~~~~~~~~~~~~~~~~~~~~~~~~~~~[0m

[96msrc/api/routes/projects.ts[0m:[93m142[0m:[93m34[0m - [91merror[0m[90m TS4111: [0mProperty 'projectId' comes from an index signature, so it must be accessed with ['projectId'].

[7m142[0m     const projectId = req.params.projectId as string
[7m   [0m [91m                                 ~~~~~~~~~[0m

[96msrc/api/routes/projects.ts[0m:[93m176[0m:[93m16[0m - [91merror[0m[90m TS2345: [0mArgument of type '(req: Request, res: Response) => Promise<void>' is not assignable to parameter of type '(req: unknown, res: Response<any, Record<string, any>>, next: NextFunction) => Promise<any>'.
  Types of parameters 'req' and 'req' are incompatible.
    Type 'unknown' is not assignable to type 'Request<ParamsDictionary, any, any, ParsedQs, Record<string, any>>'.

[7m176[0m   asyncHandler(async (req: Request, res: Response) => {
[7m   [0m [91m               ~~~~~~~~~~~~~~~~~~~~~~~~~~~~~~~~~~~~~~~~[0m

[96msrc/api/routes/projects.ts[0m:[93m177[0m:[93m30[0m - [91merror[0m[90m TS4111: [0mProperty 'query' comes from an index signature, so it must be accessed with ['query'].

[7m177[0m     const query = req.params.query as string
[7m   [0m [91m                             ~~~~~[0m

[96msrc/api/routes/sales-opportunities.ts[0m:[93m24[0m:[93m16[0m - [91merror[0m[90m TS2345: [0mArgument of type '(req: Request, res: Response) => Promise<void>' is not assignable to parameter of type '(req: unknown, res: Response<any, Record<string, any>>, next: NextFunction) => Promise<any>'.
  Types of parameters 'req' and 'req' are incompatible.
    Type 'unknown' is not assignable to type 'Request<ParamsDictionary, any, any, ParsedQs, Record<string, any>>'.

[7m24[0m   asyncHandler(async (req: Request, res: Response) => {
[7m  [0m [91m               ~~~~~~~~~~~~~~~~~~~~~~~~~~~~~~~~~~~~~~~~[0m

[96msrc/api/routes/sales-opportunities.ts[0m:[93m25[0m:[93m33[0m - [91merror[0m[90m TS6133: [0m'ownerId' is declared but its value is never read.

[7m25[0m     const { page, limit, stage, ownerId } = req.query
[7m  [0m [91m                                ~~~~~~~[0m

[96msrc/api/routes/sales-opportunities.ts[0m:[93m41[0m:[93m16[0m - [91merror[0m[90m TS2345: [0mArgument of type '(req: Request, res: Response) => Promise<void>' is not assignable to parameter of type '(req: unknown, res: Response<any, Record<string, any>>, next: NextFunction) => Promise<any>'.
  Types of parameters 'req' and 'req' are incompatible.
    Type 'unknown' is not assignable to type 'Request<ParamsDictionary, any, any, ParsedQs, Record<string, any>>'.

[7m41[0m   asyncHandler(async (req: Request, res: Response) => {
[7m  [0m [91m               ~~~~~~~~~~~~~~~~~~~~~~~~~~~~~~~~~~~~~~~~[0m

[96msrc/api/routes/sales-opportunities.ts[0m:[93m42[0m:[93m34[0m - [91merror[0m[90m TS6133: [0m'contacts' is declared but its value is never read.

[7m42[0m     const { title, value, stage, contacts, expectedCloseDate, probability } =
[7m  [0m [91m                                 ~~~~~~~~[0m

[96msrc/api/routes/sales-opportunities.ts[0m:[93m68[0m:[93m16[0m - [91merror[0m[90m TS2345: [0mArgument of type '(req: Request, res: Response) => Promise<void>' is not assignable to parameter of type '(req: unknown, res: Response<any, Record<string, any>>, next: NextFunction) => Promise<any>'.
  Types of parameters 'req' and 'req' are incompatible.
    Type 'unknown' is not assignable to type 'Request<ParamsDictionary, any, any, ParsedQs, Record<string, any>>'.

[7m68[0m   asyncHandler(async (req: Request, res: Response) => {
[7m  [0m [91m               ~~~~~~~~~~~~~~~~~~~~~~~~~~~~~~~~~~~~~~~~[0m

[96msrc/api/routes/sales-opportunities.ts[0m:[93m69[0m:[93m38[0m - [91merror[0m[90m TS4111: [0mProperty 'opportunityId' comes from an index signature, so it must be accessed with ['opportunityId'].

[7m69[0m     const opportunityId = req.params.opportunityId as string
[7m  [0m [91m                                     ~~~~~~~~~~~~~[0m

[96msrc/api/routes/sales-opportunities.ts[0m:[93m79[0m:[93m16[0m - [91merror[0m[90m TS2345: [0mArgument of type '(req: Request, res: Response) => Promise<void>' is not assignable to parameter of type '(req: unknown, res: Response<any, Record<string, any>>, next: NextFunction) => Promise<any>'.
  Types of parameters 'req' and 'req' are incompatible.
    Type 'unknown' is not assignable to type 'Request<ParamsDictionary, any, any, ParsedQs, Record<string, any>>'.

[7m79[0m   asyncHandler(async (req: Request, res: Response) => {
[7m  [0m [91m               ~~~~~~~~~~~~~~~~~~~~~~~~~~~~~~~~~~~~~~~~[0m

[96msrc/api/routes/sales-opportunities.ts[0m:[93m80[0m:[93m38[0m - [91merror[0m[90m TS4111: [0mProperty 'opportunityId' comes from an index signature, so it must be accessed with ['opportunityId'].

[7m80[0m     const opportunityId = req.params.opportunityId as string
[7m  [0m [91m                                     ~~~~~~~~~~~~~[0m

[96msrc/api/routes/sales-opportunities.ts[0m:[93m108[0m:[93m16[0m - [91merror[0m[90m TS2345: [0mArgument of type '(req: Request, res: Response) => Promise<void>' is not assignable to parameter of type '(req: unknown, res: Response<any, Record<string, any>>, next: NextFunction) => Promise<any>'.
  Types of parameters 'req' and 'req' are incompatible.
    Type 'unknown' is not assignable to type 'Request<ParamsDictionary, any, any, ParsedQs, Record<string, any>>'.

[7m108[0m   asyncHandler(async (req: Request, res: Response) => {
[7m   [0m [91m               ~~~~~~~~~~~~~~~~~~~~~~~~~~~~~~~~~~~~~~~~[0m

[96msrc/api/routes/sales-opportunities.ts[0m:[93m109[0m:[93m38[0m - [91merror[0m[90m TS4111: [0mProperty 'opportunityId' comes from an index signature, so it must be accessed with ['opportunityId'].

[7m109[0m     const opportunityId = req.params.opportunityId as string
[7m   [0m [91m                                     ~~~~~~~~~~~~~[0m

[96msrc/api/routes/sales-opportunities.ts[0m:[93m119[0m:[93m16[0m - [91merror[0m[90m TS2345: [0mArgument of type '(req: Request, res: Response) => Promise<void>' is not assignable to parameter of type '(req: unknown, res: Response<any, Record<string, any>>, next: NextFunction) => Promise<any>'.
  Types of parameters 'req' and 'req' are incompatible.
    Type 'unknown' is not assignable to type 'Request<ParamsDictionary, any, any, ParsedQs, Record<string, any>>'.

[7m119[0m   asyncHandler(async (req: Request, res: Response) => {
[7m   [0m [91m               ~~~~~~~~~~~~~~~~~~~~~~~~~~~~~~~~~~~~~~~~[0m

[96msrc/api/routes/sales-opportunities.ts[0m:[93m120[0m:[93m38[0m - [91merror[0m[90m TS4111: [0mProperty 'opportunityId' comes from an index signature, so it must be accessed with ['opportunityId'].

[7m120[0m     const opportunityId = req.params.opportunityId as string
[7m   [0m [91m                                     ~~~~~~~~~~~~~[0m

[96msrc/api/routes/sales-opportunities.ts[0m:[93m121[0m:[93m20[0m - [91merror[0m[90m TS6133: [0m'notes' is declared but its value is never read.

[7m121[0m     const { stage, notes, probability } = req.body
[7m   [0m [91m                   ~~~~~[0m

[96msrc/api/routes/sales-opportunities.ts[0m:[93m121[0m:[93m27[0m - [91merror[0m[90m TS6133: [0m'probability' is declared but its value is never read.

[7m121[0m     const { stage, notes, probability } = req.body
[7m   [0m [91m                          ~~~~~~~~~~~[0m

[96msrc/api/routes/sales-opportunities.ts[0m:[93m138[0m:[93m16[0m - [91merror[0m[90m TS2345: [0mArgument of type '(req: Request, res: Response) => Promise<void>' is not assignable to parameter of type '(req: unknown, res: Response<any, Record<string, any>>, next: NextFunction) => Promise<any>'.
  Types of parameters 'req' and 'req' are incompatible.
    Type 'unknown' is not assignable to type 'Request<ParamsDictionary, any, any, ParsedQs, Record<string, any>>'.

[7m138[0m   asyncHandler(async (req: Request, res: Response) => {
[7m   [0m [91m               ~~~~~~~~~~~~~~~~~~~~~~~~~~~~~~~~~~~~~~~~[0m

[96msrc/api/routes/sales-opportunities.ts[0m:[93m139[0m:[93m38[0m - [91merror[0m[90m TS4111: [0mProperty 'opportunityId' comes from an index signature, so it must be accessed with ['opportunityId'].

[7m139[0m     const opportunityId = req.params.opportunityId as string
[7m   [0m [91m                                     ~~~~~~~~~~~~~[0m

[96msrc/api/routes/sales-opportunities.ts[0m:[93m156[0m:[93m16[0m - [91merror[0m[90m TS2345: [0mArgument of type '(req: Request, res: Response) => Promise<void>' is not assignable to parameter of type '(req: unknown, res: Response<any, Record<string, any>>, next: NextFunction) => Promise<any>'.
  Types of parameters 'req' and 'req' are incompatible.
    Type 'unknown' is not assignable to type 'Request<ParamsDictionary, any, any, ParsedQs, Record<string, any>>'.

[7m156[0m   asyncHandler(async (req: Request, res: Response) => {
[7m   [0m [91m               ~~~~~~~~~~~~~~~~~~~~~~~~~~~~~~~~~~~~~~~~[0m

[96msrc/api/routes/sales-opportunities.ts[0m:[93m157[0m:[93m38[0m - [91merror[0m[90m TS4111: [0mProperty 'opportunityId' comes from an index signature, so it must be accessed with ['opportunityId'].

[7m157[0m     const opportunityId = req.params.opportunityId as string
[7m   [0m [91m                                     ~~~~~~~~~~~~~[0m

[96msrc/api/routes/strategic-plans.ts[0m:[93m23[0m:[93m16[0m - [91merror[0m[90m TS2345: [0mArgument of type '(req: Request, res: Response) => Promise<void>' is not assignable to parameter of type '(req: unknown, res: Response<any, Record<string, any>>, next: NextFunction) => Promise<any>'.
  Types of parameters 'req' and 'req' are incompatible.
    Type 'unknown' is not assignable to type 'Request<ParamsDictionary, any, any, ParsedQs, Record<string, any>>'.

[7m23[0m   asyncHandler(async (req: Request, res: Response) => {
[7m  [0m [91m               ~~~~~~~~~~~~~~~~~~~~~~~~~~~~~~~~~~~~~~~~[0m

[96msrc/api/routes/strategic-plans.ts[0m:[93m24[0m:[93m34[0m - [91merror[0m[90m TS6133: [0m'ownerId' is declared but its value is never read.

[7m24[0m     const { page, limit, status, ownerId } = req.query
[7m  [0m [91m                                 ~~~~~~~[0m

[96msrc/api/routes/strategic-plans.ts[0m:[93m42[0m:[93m16[0m - [91merror[0m[90m TS2345: [0mArgument of type '(req: Request, res: Response) => Promise<void>' is not assignable to parameter of type '(req: unknown, res: Response<any, Record<string, any>>, next: NextFunction) => Promise<any>'.
  Types of parameters 'req' and 'req' are incompatible.
    Type 'unknown' is not assignable to type 'Request<ParamsDictionary, any, any, ParsedQs, Record<string, any>>'.

[7m42[0m   asyncHandler(async (req: Request, res: Response) => {
[7m  [0m [91m               ~~~~~~~~~~~~~~~~~~~~~~~~~~~~~~~~~~~~~~~~[0m

[96msrc/api/routes/strategic-plans.ts[0m:[93m43[0m:[93m33[0m - [91merror[0m[90m TS6133: [0m'horizon' is declared but its value is never read.

[7m43[0m     const { title, description, horizon, objectives, metrics } = req.body
[7m  [0m [91m                                ~~~~~~~[0m

[96msrc/api/routes/strategic-plans.ts[0m:[93m43[0m:[93m54[0m - [91merror[0m[90m TS6133: [0m'metrics' is declared but its value is never read.

[7m43[0m     const { title, description, horizon, objectives, metrics } = req.body
[7m  [0m [91m                                                     ~~~~~~~[0m

[96msrc/api/routes/strategic-plans.ts[0m:[93m68[0m:[93m16[0m - [91merror[0m[90m TS2345: [0mArgument of type '(req: Request, res: Response) => Promise<void>' is not assignable to parameter of type '(req: unknown, res: Response<any, Record<string, any>>, next: NextFunction) => Promise<any>'.
  Types of parameters 'req' and 'req' are incompatible.
    Type 'unknown' is not assignable to type 'Request<ParamsDictionary, any, any, ParsedQs, Record<string, any>>'.

[7m68[0m   asyncHandler(async (req: Request, res: Response) => {
[7m  [0m [91m               ~~~~~~~~~~~~~~~~~~~~~~~~~~~~~~~~~~~~~~~~[0m

[96msrc/api/routes/strategic-plans.ts[0m:[93m69[0m:[93m31[0m - [91merror[0m[90m TS4111: [0mProperty 'planId' comes from an index signature, so it must be accessed with ['planId'].

[7m69[0m     const planId = req.params.planId as string
[7m  [0m [91m                              ~~~~~~[0m

[96msrc/api/routes/strategic-plans.ts[0m:[93m83[0m:[93m16[0m - [91merror[0m[90m TS2345: [0mArgument of type '(req: Request, res: Response) => Promise<void>' is not assignable to parameter of type '(req: unknown, res: Response<any, Record<string, any>>, next: NextFunction) => Promise<any>'.
  Types of parameters 'req' and 'req' are incompatible.
    Type 'unknown' is not assignable to type 'Request<ParamsDictionary, any, any, ParsedQs, Record<string, any>>'.

[7m83[0m   asyncHandler(async (req: Request, res: Response) => {
[7m  [0m [91m               ~~~~~~~~~~~~~~~~~~~~~~~~~~~~~~~~~~~~~~~~[0m

[96msrc/api/routes/strategic-plans.ts[0m:[93m84[0m:[93m31[0m - [91merror[0m[90m TS4111: [0mProperty 'planId' comes from an index signature, so it must be accessed with ['planId'].

[7m84[0m     const planId = req.params.planId as string
[7m  [0m [91m                              ~~~~~~[0m

[96msrc/api/routes/strategic-plans.ts[0m:[93m107[0m:[93m16[0m - [91merror[0m[90m TS2345: [0mArgument of type '(req: Request, res: Response) => Promise<void>' is not assignable to parameter of type '(req: unknown, res: Response<any, Record<string, any>>, next: NextFunction) => Promise<any>'.
  Types of parameters 'req' and 'req' are incompatible.
    Type 'unknown' is not assignable to type 'Request<ParamsDictionary, any, any, ParsedQs, Record<string, any>>'.

[7m107[0m   asyncHandler(async (req: Request, res: Response) => {
[7m   [0m [91m               ~~~~~~~~~~~~~~~~~~~~~~~~~~~~~~~~~~~~~~~~[0m

[96msrc/api/routes/strategic-plans.ts[0m:[93m108[0m:[93m31[0m - [91merror[0m[90m TS4111: [0mProperty 'planId' comes from an index signature, so it must be accessed with ['planId'].

[7m108[0m     const planId = req.params.planId as string
[7m   [0m [91m                              ~~~~~~[0m

[96msrc/api/routes/strategic-plans.ts[0m:[93m119[0m:[93m16[0m - [91merror[0m[90m TS2345: [0mArgument of type '(req: Request, res: Response) => Promise<void>' is not assignable to parameter of type '(req: unknown, res: Response<any, Record<string, any>>, next: NextFunction) => Promise<any>'.
  Types of parameters 'req' and 'req' are incompatible.
    Type 'unknown' is not assignable to type 'Request<ParamsDictionary, any, any, ParsedQs, Record<string, any>>'.

[7m119[0m   asyncHandler(async (req: Request, res: Response) => {
[7m   [0m [91m               ~~~~~~~~~~~~~~~~~~~~~~~~~~~~~~~~~~~~~~~~[0m

[96msrc/api/routes/strategic-plans.ts[0m:[93m120[0m:[93m31[0m - [91merror[0m[90m TS4111: [0mProperty 'planId' comes from an index signature, so it must be accessed with ['planId'].

[7m120[0m     const planId = req.params.planId as string
[7m   [0m [91m                              ~~~~~~[0m

[96msrc/api/routes/strategic-plans.ts[0m:[93m147[0m:[93m16[0m - [91merror[0m[90m TS2345: [0mArgument of type '(req: Request, res: Response) => Promise<void>' is not assignable to parameter of type '(req: unknown, res: Response<any, Record<string, any>>, next: NextFunction) => Promise<any>'.
  Types of parameters 'req' and 'req' are incompatible.
    Type 'unknown' is not assignable to type 'Request<ParamsDictionary, any, any, ParsedQs, Record<string, any>>'.

[7m147[0m   asyncHandler(async (req: Request, res: Response) => {
[7m   [0m [91m               ~~~~~~~~~~~~~~~~~~~~~~~~~~~~~~~~~~~~~~~~[0m

[96msrc/api/routes/strategic-plans.ts[0m:[93m148[0m:[93m31[0m - [91merror[0m[90m TS4111: [0mProperty 'planId' comes from an index signature, so it must be accessed with ['planId'].

[7m148[0m     const planId = req.params.planId as string
[7m   [0m [91m                              ~~~~~~[0m

[96msrc/api/routes/users.ts[0m:[93m25[0m:[93m16[0m - [91merror[0m[90m TS2345: [0mArgument of type '(req: Request, res: Response) => Promise<void>' is not assignable to parameter of type '(req: unknown, res: Response<any, Record<string, any>>, next: NextFunction) => Promise<any>'.
  Types of parameters 'req' and 'req' are incompatible.
    Type 'unknown' is not assignable to type 'Request<ParamsDictionary, any, any, ParsedQs, Record<string, any>>'.

[7m25[0m   asyncHandler(async (req: Request, res: Response) => {
[7m  [0m [91m               ~~~~~~~~~~~~~~~~~~~~~~~~~~~~~~~~~~~~~~~~[0m

[96msrc/api/routes/users.ts[0m:[93m69[0m:[93m16[0m - [91merror[0m[90m TS2345: [0mArgument of type '(req: Request, res: Response) => Promise<void>' is not assignable to parameter of type '(req: unknown, res: Response<any, Record<string, any>>, next: NextFunction) => Promise<any>'.
  Types of parameters 'req' and 'req' are incompatible.
    Type 'unknown' is not assignable to type 'Request<ParamsDictionary, any, any, ParsedQs, Record<string, any>>'.

[7m69[0m   asyncHandler(async (req: Request, res: Response) => {
[7m  [0m [91m               ~~~~~~~~~~~~~~~~~~~~~~~~~~~~~~~~~~~~~~~~[0m

[96msrc/api/routes/users.ts[0m:[93m70[0m:[93m31[0m - [91merror[0m[90m TS4111: [0mProperty 'userId' comes from an index signature, so it must be accessed with ['userId'].

[7m70[0m     const userId = req.params.userId as string
[7m  [0m [91m                              ~~~~~~[0m

[96msrc/api/routes/users.ts[0m:[93m102[0m:[93m16[0m - [91merror[0m[90m TS2345: [0mArgument of type '(req: Request, res: Response) => Promise<void>' is not assignable to parameter of type '(req: unknown, res: Response<any, Record<string, any>>, next: NextFunction) => Promise<any>'.
  Types of parameters 'req' and 'req' are incompatible.
    Type 'unknown' is not assignable to type 'Request<ParamsDictionary, any, any, ParsedQs, Record<string, any>>'.

[7m102[0m   asyncHandler(async (req: Request, res: Response) => {
[7m   [0m [91m               ~~~~~~~~~~~~~~~~~~~~~~~~~~~~~~~~~~~~~~~~[0m

[96msrc/api/routes/users.ts[0m:[93m103[0m:[93m31[0m - [91merror[0m[90m TS4111: [0mProperty 'userId' comes from an index signature, so it must be accessed with ['userId'].

[7m103[0m     const userId = req.params.userId as string
[7m   [0m [91m                              ~~~~~~[0m

[96msrc/api/routes/users.ts[0m:[93m174[0m:[93m16[0m - [91merror[0m[90m TS2345: [0mArgument of type '(req: Request, res: Response) => Promise<void>' is not assignable to parameter of type '(req: unknown, res: Response<any, Record<string, any>>, next: NextFunction) => Promise<any>'.
  Types of parameters 'req' and 'req' are incompatible.
    Type 'unknown' is not assignable to type 'Request<ParamsDictionary, any, any, ParsedQs, Record<string, any>>'.

[7m174[0m   asyncHandler(async (req: Request, res: Response) => {
[7m   [0m [91m               ~~~~~~~~~~~~~~~~~~~~~~~~~~~~~~~~~~~~~~~~[0m

[96msrc/api/routes/users.ts[0m:[93m201[0m:[93m16[0m - [91merror[0m[90m TS2345: [0mArgument of type '(req: Request, res: Response) => Promise<void>' is not assignable to parameter of type '(req: unknown, res: Response<any, Record<string, any>>, next: NextFunction) => Promise<any>'.
  Types of parameters 'req' and 'req' are incompatible.
    Type 'unknown' is not assignable to type 'Request<ParamsDictionary, any, any, ParsedQs, Record<string, any>>'.

[7m201[0m   asyncHandler(async (req: Request, res: Response) => {
[7m   [0m [91m               ~~~~~~~~~~~~~~~~~~~~~~~~~~~~~~~~~~~~~~~~[0m

[96msrc/api/routes/users.ts[0m:[93m221[0m:[93m16[0m - [91merror[0m[90m TS2345: [0mArgument of type '(req: Request, res: Response) => Promise<void>' is not assignable to parameter of type '(req: unknown, res: Response<any, Record<string, any>>, next: NextFunction) => Promise<any>'.
  Types of parameters 'req' and 'req' are incompatible.
    Type 'unknown' is not assignable to type 'Request<ParamsDictionary, any, any, ParsedQs, Record<string, any>>'.

[7m221[0m   asyncHandler(async (req: Request, res: Response) => {
[7m   [0m [91m               ~~~~~~~~~~~~~~~~~~~~~~~~~~~~~~~~~~~~~~~~[0m

[96msrc/api/routes/users.ts[0m:[93m222[0m:[93m31[0m - [91merror[0m[90m TS4111: [0mProperty 'userId' comes from an index signature, so it must be accessed with ['userId'].

[7m222[0m     const userId = req.params.userId as string
[7m   [0m [91m                              ~~~~~~[0m

[96msrc/api/server.ts[0m:[93m46[0m:[93m35[0m - [91merror[0m[90m TS4111: [0mProperty 'PORT' comes from an index signature, so it must be accessed with ['PORT'].

[7m46[0m const PORT = parseInt(process.env.PORT ?? '5000', 10)
[7m  [0m [91m                                  ~~~~[0m

[96msrc/api/server.ts[0m:[93m47[0m:[93m30[0m - [91merror[0m[90m TS4111: [0mProperty 'NODE_ENV' comes from an index signature, so it must be accessed with ['NODE_ENV'].

[7m47[0m const NODE_ENV = process.env.NODE_ENV ?? 'development'
[7m  [0m [91m                             ~~~~~~~~[0m

[96msrc/api/server.ts[0m:[93m125[0m:[93m25[0m - [91merror[0m[90m TS4111: [0mProperty 'CORS_ORIGIN' comes from an index signature, so it must be accessed with ['CORS_ORIGIN'].

[7m125[0m     origin: process.env.CORS_ORIGIN?.split(',') ?? ['http://localhost:3000'],
[7m   [0m [91m                        ~~~~~~~~~~~[0m

[96msrc/api/services/__tests__/project-service.test.ts[0m:[93m334[0m:[93m14[0m - [91merror[0m[90m TS2532: [0mObject is possibly 'undefined'.

[7m334[0m       expect(result.objectives[0].title).toBe('New Objective')
[7m   [0m [91m             ~~~~~~~~~~~~~~~~~~~~[0m

[96msrc/api/services/market-research-service.ts[0m:[93m8[0m:[93m3[0m - [91merror[0m[90m TS6133: [0m'MarketResearchDocument' is declared but its value is never read.

[7m8[0m   MarketResearchDocument,
[7m [0m [91m  ~~~~~~~~~~~~~~~~~~~~~~[0m

[96msrc/api/services/project-service.ts[0m:[93m203[0m:[93m13[0m - [91merror[0m[90m TS4111: [0mProperty 'name' comes from an index signature, so it must be accessed with ['name'].

[7m203[0m     changes.name = updates.name
[7m   [0m [91m            ~~~~[0m

[96msrc/api/services/project-service.ts[0m:[93m208[0m:[93m13[0m - [91merror[0m[90m TS4111: [0mProperty 'description' comes from an index signature, so it must be accessed with ['description'].

[7m208[0m     changes.description = updates.description
[7m   [0m [91m            ~~~~~~~~~~~[0m

[96msrc/api/services/project-service.ts[0m:[93m213[0m:[93m13[0m - [91merror[0m[90m TS4111: [0mProperty 'category' comes from an index signature, so it must be accessed with ['category'].

[7m213[0m     changes.category = updates.category
[7m   [0m [91m            ~~~~~~~~[0m

[96msrc/api/services/project-service.ts[0m:[93m218[0m:[93m13[0m - [91merror[0m[90m TS4111: [0mProperty 'budget' comes from an index signature, so it must be accessed with ['budget'].

[7m218[0m     changes.budget = updates.budget
[7m   [0m [91m            ~~~~~~[0m

[96msrc/api/services/project-service.ts[0m:[93m223[0m:[93m13[0m - [91merror[0m[90m TS4111: [0mProperty 'status' comes from an index signature, so it must be accessed with ['status'].

[7m223[0m     changes.status = updates.status
[7m   [0m [91m            ~~~~~~[0m

[96msrc/api/services/project-service.ts[0m:[93m297[0m:[93m11[0m - [91merror[0m[90m TS4111: [0mProperty 'category' comes from an index signature, so it must be accessed with ['category'].

[7m297[0m     query.category = options.category
[7m   [0m [91m          ~~~~~~~~[0m

[96msrc/api/services/project-service.ts[0m:[93m301[0m:[93m11[0m - [91merror[0m[90m TS4111: [0mProperty 'status' comes from an index signature, so it must be accessed with ['status'].

[7m301[0m     query.status = options.status
[7m   [0m [91m          ~~~~~~[0m

[96msrc/api/services/project-service.ts[0m:[93m335[0m:[93m7[0m - [91merror[0m[90m TS2352: [0mConversion of type 'ProjectQueryChain' to type '{ limit: (limit: number) => Project[] | Promise<Project[]>; }' may be a mistake because neither type sufficiently overlaps with the other. If this was intentional, convert the expression to 'unknown' first.
  The types returned by 'limit(...)' are incompatible between these types.
    Type 'ProjectQueryChain' is not comparable to type 'Project[] | Promise<Project[]>'.
      Type 'ProjectQueryChain' is missing the following properties from type 'Project[]': length, pop, push, concat, and 34 more.

[7m335[0m       queryResult as {
[7m   [0m [91m      ~~~~~~~~~~~~~~~~[0m
[7m336[0m         limit: (limit: number) => Promise<Project[]> | Project[]
[7m   [0m [91m~~~~~~~~~~~~~~~~~~~~~~~~~~~~~~~~~~~~~~~~~~~~~~~~~~~~~~~~~~~~~~~~[0m
[7m337[0m       }
[7m   [0m [91m~~~~~~~[0m

[96msrc/api/services/project-service.ts[0m:[93m342[0m:[93m13[0m - [91merror[0m[90m TS2352: [0mConversion of type 'Project[] | Promise<Project[]>' to type '{ sort: (sort: { createdAt: 1 | -1; }) => Project[] | Promise<Project[]>; }' may be a mistake because neither type sufficiently overlaps with the other. If this was intentional, convert the expression to 'unknown' first.
  Property 'sort' is missing in type 'Promise<Project[]>' but required in type '{ sort: (sort: { createdAt: 1 | -1; }) => Project[] | Promise<Project[]>; }'.

[7m342[0m             limited as {
[7m   [0m [91m            ~~~~~~~~~~~~[0m
[7m343[0m               sort: (sort: {
[7m   [0m [91m~~~~~~~~~~~~~~~~~~~~~~~~~~~~[0m
[7m...[0m 
[7m345[0m               }) => Promise<Project[]> | Project[]
[7m   [0m [91m~~~~~~~~~~~~~~~~~~~~~~~~~~~~~~~~~~~~~~~~~~~~~~~~~~[0m
[7m346[0m             }
[7m   [0m [91m~~~~~~~~~~~~~[0m

  [96msrc/api/services/project-service.ts[0m:[93m343[0m:[93m15[0m
    [7m343[0m               sort: (sort: {
    [7m   [0m [96m              ~~~~[0m
    'sort' is declared here.

[96msrc/components/MentalHealthChatDemo.tsx[0m:[93m1[0m:[93m1[0m - [91merror[0m[90m TS6192: [0mAll imports in import declaration are unused.

[7m  1[0m import {
[7m   [0m [91m~~~~~~~~[0m
[7m  2[0m   AlertTriangle,
[7m   [0m [91m~~~~~~~~~~~~~~~~[0m
[7m...[0m 
[7m  9[0m   Lightbulb,
[7m   [0m [91m~~~~~~~~~~~~[0m
[7m 10[0m } from 'lucide-react'
[7m   [0m [91m~~~~~~~~~~~~~~~~~~~~~[0m

[96msrc/components/MentalHealthChatDemo.tsx[0m:[93m11[0m:[93m1[0m - [91merror[0m[90m TS6192: [0mAll imports in import declaration are unused.

[7m11[0m import { useState, useEffect, useMemo, useCallback, useRef, memo } from 'react'
[7m  [0m [91m~~~~~~~~~~~~~~~~~~~~~~~~~~~~~~~~~~~~~~~~~~~~~~~~~~~~~~~~~~~~~~~~~~~~~~~~~~~~~~~[0m

[96msrc/components/MentalHealthChatDemo.tsx[0m:[93m13[0m:[93m1[0m - [91merror[0m[90m TS6133: [0m'MentalHealthInsights' is declared but its value is never read.

[7m13[0m import { MentalHealthInsights } from '@/components/MentalHealthInsights'
[7m  [0m [91m~~~~~~~~~~~~~~~~~~~~~~~~~~~~~~~~~~~~~~~~~~~~~~~~~~~~~~~~~~~~~~~~~~~~~~~~[0m

[96msrc/components/MentalHealthChatDemo.tsx[0m:[93m14[0m:[93m1[0m - [91merror[0m[90m TS6133: [0m'Badge' is declared but its value is never read.

[7m14[0m import { Badge } from '@/components/ui/badge/index.ts'
[7m  [0m [91m~~~~~~~~~~~~~~~~~~~~~~~~~~~~~~~~~~~~~~~~~~~~~~~~~~~~~~[0m

[96msrc/components/MentalHealthChatDemo.tsx[0m:[93m15[0m:[93m1[0m - [91merror[0m[90m TS6133: [0m'BrainVisualization' is declared but its value is never read.

[7m15[0m import BrainVisualization from '@/components/ui/BrainVisualization.tsx'
[7m  [0m [91m~~~~~~~~~~~~~~~~~~~~~~~~~~~~~~~~~~~~~~~~~~~~~~~~~~~~~~~~~~~~~~~~~~~~~~~[0m

[96msrc/components/MentalHealthChatDemo.tsx[0m:[93m16[0m:[93m1[0m - [91merror[0m[90m TS6133: [0m'Button' is declared but its value is never read.

[7m16[0m import { Button } from '@/components/ui/button/index.ts'
[7m  [0m [91m~~~~~~~~~~~~~~~~~~~~~~~~~~~~~~~~~~~~~~~~~~~~~~~~~~~~~~~~[0m

[96msrc/components/MentalHealthChatDemo.tsx[0m:[93m17[0m:[93m1[0m - [91merror[0m[90m TS6192: [0mAll imports in import declaration are unused.

[7m17[0m import { Card, CardContent } from '@/components/ui/card/index.ts'
[7m  [0m [91m~~~~~~~~~~~~~~~~~~~~~~~~~~~~~~~~~~~~~~~~~~~~~~~~~~~~~~~~~~~~~~~~~[0m

[96msrc/components/MentalHealthChatDemo.tsx[0m:[93m18[0m:[93m1[0m - [91merror[0m[90m TS6133: [0m'Input' is declared but its value is never read.

[7m18[0m import { Input } from '@/components/ui/input.tsx'
[7m  [0m [91m~~~~~~~~~~~~~~~~~~~~~~~~~~~~~~~~~~~~~~~~~~~~~~~~~[0m

[96msrc/components/MentalHealthChatDemo.tsx[0m:[93m19[0m:[93m1[0m - [91merror[0m[90m TS6133: [0m'MindMirrorDashboard' is declared but its value is never read.

[7m19[0m import MindMirrorDashboard from '@/components/ui/MindMirrorDashboard.tsx'
[7m  [0m [91m~~~~~~~~~~~~~~~~~~~~~~~~~~~~~~~~~~~~~~~~~~~~~~~~~~~~~~~~~~~~~~~~~~~~~~~~~[0m

[96msrc/components/MentalHealthChatDemo.tsx[0m:[93m20[0m:[93m1[0m - [91merror[0m[90m TS6192: [0mAll imports in import declaration are unused.

[7m 20[0m import {
[7m   [0m [91m~~~~~~~~[0m
[7m 21[0m   Tabs,
[7m   [0m [91m~~~~~~~[0m
[7m...[0m 
[7m 24[0m   TabsTrigger,
[7m   [0m [91m~~~~~~~~~~~~~~[0m
[7m 25[0m } from '@/components/ui/tabs.tsx'
[7m   [0m [91m~~~~~~~~~~~~~~~~~~~~~~~~~~~~~~~~~[0m

[96msrc/components/MentalHealthChatDemo.tsx[0m:[93m26[0m:[93m1[0m - [91merror[0m[90m TS6133: [0m'createMentalLLaMAFromEnvSafe' is declared but its value is never read.

[7m26[0m import { createMentalLLaMAFromEnvSafe } from '@/lib/ai/mental-llama/client-adapter'
[7m  [0m [91m~~~~~~~~~~~~~~~~~~~~~~~~~~~~~~~~~~~~~~~~~~~~~~~~~~~~~~~~~~~~~~~~~~~~~~~~~~~~~~~~~~~[0m

[96msrc/components/MentalHealthChatDemo.tsx[0m:[93m33[0m:[93m1[0m - [91merror[0m[90m TS6192: [0mAll imports in import declaration are unused.

[7m 33[0m import {
[7m   [0m [91m~~~~~~~~[0m
[7m 34[0m   convertToMindMirrorAnalysis,
[7m   [0m [91m~~~~~~~~~~~~~~~~~~~~~~~~~~~~~~[0m
[7m...[0m 
[7m 36[0m   getInitialMessages,
[7m   [0m [91m~~~~~~~~~~~~~~~~~~~~~[0m
[7m 37[0m } from '@/lib/mental-health/chat-utils'
[7m   [0m [91m~~~~~~~~~~~~~~~~~~~~~~~~~~~~~~~~~~~~~~~[0m

[96msrc/components/MentalHealthChatDemo.tsx[0m:[93m38[0m:[93m1[0m - [91merror[0m[90m TS6133: [0m'ChatMessage' is declared but its value is never read.

[7m38[0m import type { ChatMessage } from '@/lib/mental-health/chat-utils'
[7m  [0m [91m~~~~~~~~~~~~~~~~~~~~~~~~~~~~~~~~~~~~~~~~~~~~~~~~~~~~~~~~~~~~~~~~~[0m

[96msrc/components/MentalHealthChatDemo.tsx[0m:[93m39[0m:[93m1[0m - [91merror[0m[90m TS6192: [0mAll imports in import declaration are unused.

[7m39[0m import {
[7m  [0m [91m~~~~~~~~[0m
[7m40[0m   type EnhancedMentalHealthAnalysis,
[7m  [0m [91m~~~~~~~~~~~~~~~~~~~~~~~~~~~~~~~~~~~~[0m
[7m41[0m   type MindMirrorAnalysis,
[7m  [0m [91m~~~~~~~~~~~~~~~~~~~~~~~~~~[0m
[7m42[0m } from '@/lib/mental-health/types'
[7m  [0m [91m~~~~~~~~~~~~~~~~~~~~~~~~~~~~~~~~~~[0m

[96msrc/components/MentalHealthChatDemo.tsx[0m:[93m52[0m:[93m11[0m - [91merror[0m[90m TS6196: [0m'MentalHealthService' is declared but never used.

[7m52[0m interface MentalHealthService {
[7m  [0m [91m          ~~~~~~~~~~~~~~~~~~~[0m

[96msrc/components/MentalHealthChatDemo.tsx[0m:[93m58[0m:[93m7[0m - [91merror[0m[90m TS6133: [0m'logger' is declared but its value is never read.

[7m58[0m const logger = createBuildSafeLogger('chat-demo')
[7m  [0m [91m      ~~~~~~[0m

[96msrc/components/MentalHealthChatDemo.tsx[0m:[93m61[0m:[93m11[0m - [91merror[0m[90m TS6196: [0m'ExtendedMentalHealthAnalysisResult' is declared but never used.

[7m61[0m interface ExtendedMentalHealthAnalysisResult extends MentalHealthAnalysisResult {
[7m  [0m [91m          ~~~~~~~~~~~~~~~~~~~~~~~~~~~~~~~~~~[0m

[96msrc/components/PixelatedEmpathyAgentChat.tsx[0m:[93m93[0m:[93m18[0m - [91merror[0m[90m TS4111: [0mProperty 'overall_score' comes from an index signature, so it must be accessed with ['overall_score'].

[7m93[0m     typeof value.overall_score !== 'number' ||
[7m  [0m [91m                 ~~~~~~~~~~~~~[0m

[96msrc/components/PixelatedEmpathyAgentChat.tsx[0m:[93m94[0m:[93m26[0m - [91merror[0m[90m TS4111: [0mProperty 'detected_biases' comes from an index signature, so it must be accessed with ['detected_biases'].

[7m94[0m     !Array.isArray(value.detected_biases) ||
[7m  [0m [91m                         ~~~~~~~~~~~~~~~[0m

[96msrc/components/PixelatedEmpathyAgentChat.tsx[0m:[93m95[0m:[93m18[0m - [91merror[0m[90m TS4111: [0mProperty 'cultural_sensitivity_score' comes from an index signature, so it must be accessed with ['cultural_sensitivity_score'].

[7m95[0m     typeof value.cultural_sensitivity_score !== 'number' ||
[7m  [0m [91m                 ~~~~~~~~~~~~~~~~~~~~~~~~~~[0m

[96msrc/components/PixelatedEmpathyAgentChat.tsx[0m:[93m96[0m:[93m18[0m - [91merror[0m[90m TS4111: [0mProperty 'inclusive_language_score' comes from an index signature, so it must be accessed with ['inclusive_language_score'].

[7m96[0m     typeof value.inclusive_language_score !== 'number'
[7m  [0m [91m                 ~~~~~~~~~~~~~~~~~~~~~~~~[0m

[96msrc/components/PixelatedEmpathyAgentChat.tsx[0m:[93m101[0m:[93m16[0m - [91merror[0m[90m TS4111: [0mProperty 'detected_biases' comes from an index signature, so it must be accessed with ['detected_biases'].

[7m101[0m   return value.detected_biases.every((item) => {
[7m   [0m [91m               ~~~~~~~~~~~~~~~[0m

[96msrc/components/PixelatedEmpathyAgentChat.tsx[0m:[93m107[0m:[93m19[0m - [91merror[0m[90m TS4111: [0mProperty 'type' comes from an index signature, so it must be accessed with ['type'].

[7m107[0m       typeof item.type !== 'string' ||
[7m   [0m [91m                  ~~~~[0m

[96msrc/components/PixelatedEmpathyAgentChat.tsx[0m:[93m108[0m:[93m19[0m - [91merror[0m[90m TS4111: [0mProperty 'description' comes from an index signature, so it must be accessed with ['description'].

[7m108[0m       typeof item.description !== 'string' ||
[7m   [0m [91m                  ~~~~~~~~~~~[0m

[96msrc/components/PixelatedEmpathyAgentChat.tsx[0m:[93m109[0m:[93m27[0m - [91merror[0m[90m TS4111: [0mProperty 'recommendations' comes from an index signature, so it must be accessed with ['recommendations'].

[7m109[0m       !Array.isArray(item.recommendations) ||
[7m   [0m [91m                          ~~~~~~~~~~~~~~~[0m

[96msrc/components/PixelatedEmpathyAgentChat.tsx[0m:[93m110[0m:[93m13[0m - [91merror[0m[90m TS4111: [0mProperty 'recommendations' comes from an index signature, so it must be accessed with ['recommendations'].

[7m110[0m       !item.recommendations.every(
[7m   [0m [91m            ~~~~~~~~~~~~~~~[0m

[96msrc/components/PixelatedEmpathyAgentChat.tsx[0m:[93m118[0m:[93m27[0m - [91merror[0m[90m TS4111: [0mProperty 'severity' comes from an index signature, so it must be accessed with ['severity'].

[7m118[0m       isBiasSeverity(item.severity) &&
[7m   [0m [91m                          ~~~~~~~~[0m

[96msrc/components/PixelatedEmpathyAgentChat.tsx[0m:[93m119[0m:[93m40[0m - [91merror[0m[90m TS4111: [0mProperty 'severity' comes from an index signature, so it must be accessed with ['severity'].

[7m119[0m       biasSeverityValues.includes(item.severity as any)
[7m   [0m [91m                                       ~~~~~~~~[0m

[96msrc/components/admin/EvidenceAssistantPanel.test.tsx[0m:[93m163[0m:[93m23[0m - [91merror[0m[90m TS2339: [0mProperty 'value' does not exist on type 'HTMLElement'.

[7m163[0m     expect(queryInput.value).toBe('How do we handle crisis escalation safely?')
[7m   [0m [91m                      ~~~~~[0m

[96msrc/components/admin/EvidenceAssistantPanel.test.tsx[0m:[93m164[0m:[93m29[0m - [91merror[0m[90m TS2339: [0mProperty 'value' does not exist on type 'HTMLElement'.

[7m164[0m     expect(collectionSelect.value).toBe('pages')
[7m   [0m [91m                            ~~~~~[0m

[96msrc/components/admin/EvidenceAssistantPanel.test.tsx[0m:[93m165[0m:[93m35[0m - [91merror[0m[90m TS2339: [0mProperty 'checked' does not exist on type 'HTMLElement'.

[7m165[0m     expect(generateAnswerCheckbox.checked).toBe(false)
[7m   [0m [91m                                  ~~~~~~~[0m

[96msrc/components/admin/EvidenceAssistantPanel.test.tsx[0m:[93m170[0m:[93m43[0m - [91merror[0m[90m TS2339: [0mProperty 'value' does not exist on type 'HTMLElement'.

[7m170[0m     await waitFor(() => expect(queryInput.value).toBe(''))
[7m   [0m [91m                                          ~~~~~[0m

[96msrc/components/admin/EvidenceAssistantPanel.test.tsx[0m:[93m171[0m:[93m29[0m - [91merror[0m[90m TS2339: [0mProperty 'value' does not exist on type 'HTMLElement'.

[7m171[0m     expect(collectionSelect.value).toBe('')
[7m   [0m [91m                            ~~~~~[0m

[96msrc/components/admin/EvidenceAssistantPanel.test.tsx[0m:[93m172[0m:[93m35[0m - [91merror[0m[90m TS2339: [0mProperty 'checked' does not exist on type 'HTMLElement'.

[7m172[0m     expect(generateAnswerCheckbox.checked).toBe(true)
[7m   [0m [91m                                  ~~~~~~~[0m

[96msrc/components/admin/bias-detection/BiasDashboard.tsx[0m:[93m54[0m:[93m3[0m - [91merror[0m[90m TS6133: [0m'isBiasAnalysisItem' is declared but its value is never read.

[7m54[0m   isBiasAnalysisItem,
[7m  [0m [91m  ~~~~~~~~~~~~~~~~~~[0m

[96msrc/components/admin/bias-detection/BiasDashboard.tsx[0m:[93m107[0m:[93m3[0m - [91merror[0m[90m TS6196: [0m'BiasDashboardSummary' is declared but never used.

[7m107[0m   BiasDashboardSummary,
[7m   [0m [91m  ~~~~~~~~~~~~~~~~~~~~[0m

[96msrc/components/admin/bias-detection/utils/dashboard-type-guards.ts[0m:[93m6[0m:[93m26[0m - [91merror[0m[90m TS6196: [0m'BiasScoreFilterLiteral' is declared but never used.

[7m6[0m import type { AlertItem, BiasScoreFilterLiteral } from '@/types/bias-detection'
[7m [0m [91m                         ~~~~~~~~~~~~~~~~~~~~~~[0m

[96msrc/components/admin/dlp/DLPRuleEditor.tsx[0m:[93m73[0m:[93m13[0m - [91merror[0m[90m TS4111: [0mProperty 'id' comes from an index signature, so it must be accessed with ['id'].

[7m73[0m     (detail.id === undefined || typeof detail.id === 'string') &&
[7m  [0m [91m            ~~[0m

[96msrc/components/admin/dlp/DLPRuleEditor.tsx[0m:[93m73[0m:[93m47[0m - [91merror[0m[90m TS4111: [0mProperty 'id' comes from an index signature, so it must be accessed with ['id'].

[7m73[0m     (detail.id === undefined || typeof detail.id === 'string') &&
[7m  [0m [91m                                              ~~[0m

[96msrc/components/admin/dlp/DLPRuleEditor.tsx[0m:[93m74[0m:[93m13[0m - [91merror[0m[90m TS4111: [0mProperty 'name' comes from an index signature, so it must be accessed with ['name'].

[7m74[0m     (detail.name === undefined || typeof detail.name === 'string') &&
[7m  [0m [91m            ~~~~[0m

[96msrc/components/admin/dlp/DLPRuleEditor.tsx[0m:[93m74[0m:[93m49[0m - [91merror[0m[90m TS4111: [0mProperty 'name' comes from an index signature, so it must be accessed with ['name'].

[7m74[0m     (detail.name === undefined || typeof detail.name === 'string') &&
[7m  [0m [91m                                                ~~~~[0m

[96msrc/components/admin/dlp/DLPRuleEditor.tsx[0m:[93m75[0m:[93m13[0m - [91merror[0m[90m TS4111: [0mProperty 'matchPattern' comes from an index signature, so it must be accessed with ['matchPattern'].

[7m75[0m     (detail.matchPattern === undefined ||
[7m  [0m [91m            ~~~~~~~~~~~~[0m

[96msrc/components/admin/dlp/DLPRuleEditor.tsx[0m:[93m76[0m:[93m21[0m - [91merror[0m[90m TS4111: [0mProperty 'matchPattern' comes from an index signature, so it must be accessed with ['matchPattern'].

[7m76[0m       typeof detail.matchPattern === 'string') &&
[7m  [0m [91m                    ~~~~~~~~~~~~[0m

[96msrc/components/admin/dlp/DLPRuleEditor.tsx[0m:[93m77[0m:[93m13[0m - [91merror[0m[90m TS4111: [0mProperty 'description' comes from an index signature, so it must be accessed with ['description'].

[7m77[0m     (detail.description === undefined ||
[7m  [0m [91m            ~~~~~~~~~~~[0m

[96msrc/components/admin/dlp/DLPRuleEditor.tsx[0m:[93m78[0m:[93m21[0m - [91merror[0m[90m TS4111: [0mProperty 'description' comes from an index signature, so it must be accessed with ['description'].

[7m78[0m       typeof detail.description === 'string') &&
[7m  [0m [91m                    ~~~~~~~~~~~[0m

[96msrc/components/admin/dlp/DLPRuleEditor.tsx[0m:[93m79[0m:[93m13[0m - [91merror[0m[90m TS4111: [0mProperty 'action' comes from an index signature, so it must be accessed with ['action'].

[7m79[0m     (detail.action === undefined || isDLPAction(detail.action)) &&
[7m  [0m [91m            ~~~~~~[0m

[96msrc/components/admin/dlp/DLPRuleEditor.tsx[0m:[93m79[0m:[93m56[0m - [91merror[0m[90m TS4111: [0mProperty 'action' comes from an index signature, so it must be accessed with ['action'].

[7m79[0m     (detail.action === undefined || isDLPAction(detail.action)) &&
[7m  [0m [91m                                                       ~~~~~~[0m

[96msrc/components/admin/dlp/DLPRuleEditor.tsx[0m:[93m80[0m:[93m13[0m - [91merror[0m[90m TS4111: [0mProperty 'isActive' comes from an index signature, so it must be accessed with ['isActive'].

[7m80[0m     (detail.isActive === undefined || typeof detail.isActive === 'boolean')
[7m  [0m [91m            ~~~~~~~~[0m

[96msrc/components/admin/dlp/DLPRuleEditor.tsx[0m:[93m80[0m:[93m53[0m - [91merror[0m[90m TS4111: [0mProperty 'isActive' comes from an index signature, so it must be accessed with ['isActive'].

[7m80[0m     (detail.isActive === undefined || typeof detail.isActive === 'boolean')
[7m  [0m [91m                                                    ~~~~~~~~[0m

[96msrc/components/admin/dlp/DLPRules.ts[0m:[93m29[0m:[93m19[0m - [91merror[0m[90m TS4111: [0mProperty 'id' comes from an index signature, so it must be accessed with ['id'].

[7m29[0m     typeof detail.id === 'string' &&
[7m  [0m [91m                  ~~[0m

[96msrc/components/admin/dlp/DLPRules.ts[0m:[93m30[0m:[93m19[0m - [91merror[0m[90m TS4111: [0mProperty 'name' comes from an index signature, so it must be accessed with ['name'].

[7m30[0m     typeof detail.name === 'string' &&
[7m  [0m [91m                  ~~~~[0m

[96msrc/components/admin/dlp/DLPRules.ts[0m:[93m31[0m:[93m19[0m - [91merror[0m[90m TS4111: [0mProperty 'isActive' comes from an index signature, so it must be accessed with ['isActive'].

[7m31[0m     typeof detail.isActive === 'boolean'
[7m  [0m [91m                  ~~~~~~~~[0m

[96msrc/components/admin/dlp/DLPRules.ts[0m:[93m40[0m:[93m42[0m - [91merror[0m[90m TS4111: [0mProperty 'id' comes from an index signature, so it must be accessed with ['id'].

[7m40[0m   return 'id' in detail && typeof detail.id === 'string'
[7m  [0m [91m                                         ~~[0m

[96msrc/components/ai/AgentMonitorDemo.tsx[0m:[93m2[0m:[93m57[0m - [91merror[0m[90m TS6133: [0m'BarChart3' is declared but its value is never read.

[7m2[0m import { Play, Pause, Plus, Trash2, Zap, Send, Loader2, BarChart3, Download, RotateCcw } from 'lucide-react';
[7m [0m [91m                                                        ~~~~~~~~~[0m

[96msrc/components/ai/AgentPerformanceHeatmap.tsx[0m:[93m2[0m:[93m20[0m - [91merror[0m[90m TS6133: [0m'Clock' is declared but its value is never read.

[7m2[0m import { Activity, Clock, AlertTriangle, BarChart3 } from 'lucide-react';
[7m [0m [91m                   ~~~~~[0m

[96msrc/components/ai/MultiAgentThoughtUI.tsx[0m:[93m6[0m:[93m3[0m - [91merror[0m[90m TS6133: [0m'CheckCircle2' is declared but its value is never read.

[7m6[0m   CheckCircle2,
[7m [0m [91m  ~~~~~~~~~~~~[0m

[96msrc/components/auth/Auth0UserProfile.tsx[0m:[93m2[0m:[93m1[0m - [91merror[0m[90m TS6133: [0m'React' is declared but its value is never read.

[7m2[0m import React from 'react'
[7m [0m [91m~~~~~~~~~~~~~~~~~~~~~~~~~[0m

[96msrc/components/auth/AuthButtons.tsx[0m:[93m1[0m:[93m1[0m - [91merror[0m[90m TS6133: [0m'React' is declared but its value is never read.

[7m1[0m import React from 'react'
[7m [0m [91m~~~~~~~~~~~~~~~~~~~~~~~~~[0m

[96msrc/components/auth/AuthProvider.tsx[0m:[93m74[0m:[93m21[0m - [91merror[0m[90m TS4111: [0mProperty 'NODE_ENV' comes from an index signature, so it must be accessed with ['NODE_ENV'].

[7m74[0m     if (process.env.NODE_ENV !== 'test') {
[7m  [0m [91m                    ~~~~~~~~[0m

[96msrc/components/auth/RegisterForm.tsx[0m:[93m109[0m:[93m43[0m - [91merror[0m[90m TS2339: [0mProperty 'success' does not exist on type '{ error: any; data?: undefined; } | { data: any; error: null; }'.
  Property 'success' does not exist on type '{ error: any; data?: undefined; }'.

[7m109[0m       if (response.data?.user || response.success) {
[7m   [0m [91m                                          ~~~~~~~[0m

[96msrc/components/chat/ChatContainer.tsx[0m:[93m2[0m:[93m39[0m - [91merror[0m[90m TS6133: [0m'useCallback' is declared but its value is never read.

[7m2[0m import { useEffect, useRef, useState, useCallback } from 'react'
[7m [0m [91m                                      ~~~~~~~~~~~[0m

[96msrc/components/chat/ChatMessage.tsx[0m:[93m8[0m:[93m1[0m - [91merror[0m[90m TS6133: [0m'Button' is declared but its value is never read.

[7m8[0m import { Button } from '@/components/ui/button/index.ts'
[7m [0m [91m~~~~~~~~~~~~~~~~~~~~~~~~~~~~~~~~~~~~~~~~~~~~~~~~~~~~~~~~[0m

[96msrc/components/chat/ChatMessage.tsx[0m:[93m12[0m:[93m15[0m - [91merror[0m[90m TS6196: [0m'Message' is declared but never used.

[7m12[0m import type { Message, ExtendedMessage } from '@/types/chat'
[7m  [0m [91m              ~~~~~~~[0m

[96msrc/components/chat/TherapyChatSystem.tsx[0m:[93m28[0m:[93m8[0m - [91merror[0m[90m TS6133: [0m'EmotionAnalysis' is declared but its value is never read.

[7m28[0m   type EmotionAnalysis,
[7m  [0m [91m       ~~~~~~~~~~~~~~~[0m

[96msrc/components/chat/TherapyStyleSelector.tsx[0m:[93m1[0m:[93m8[0m - [91merror[0m[90m TS6133: [0m'React' is declared but its value is never read.

[7m1[0m import React, { useState, type FC } from 'react'
[7m [0m [91m       ~~~~~[0m

[96msrc/components/dashboard/SessionControls.tsx[0m:[93m1[0m:[93m8[0m - [91merror[0m[90m TS6133: [0m'React' is declared but its value is never read.

[7m1[0m import React, { useEffect, useRef } from 'react'
[7m [0m [91m       ~~~~~[0m

[96msrc/components/dashboard/SessionMetrics.tsx[0m:[93m1[0m:[93m1[0m - [91merror[0m[90m TS6133: [0m'React' is declared but its value is never read.

[7m1[0m import React from 'react'
[7m [0m [91m~~~~~~~~~~~~~~~~~~~~~~~~~[0m

[96msrc/components/dashboard/TherapistDashboard.tsx[0m:[93m1[0m:[93m8[0m - [91merror[0m[90m TS6133: [0m'React' is declared but its value is never read.

[7m1[0m import React, { useState, useEffect, useMemo } from 'react'
[7m [0m [91m       ~~~~~[0m

[96msrc/components/dashboard/TherapistProgressTracker.tsx[0m:[93m1[0m:[93m8[0m - [91merror[0m[90m TS6133: [0m'React' is declared but its value is never read.

[7m1[0m import React, { useState } from 'react'
[7m [0m [91m       ~~~~~[0m

[96msrc/components/dashboard/TherapyProgressCharts.tsx[0m:[93m6[0m:[93m1[0m - [91merror[0m[90m TS6133: [0m'React' is declared but its value is never read.

[7m6[0m import React from 'react'
[7m [0m [91m~~~~~~~~~~~~~~~~~~~~~~~~~[0m

[96msrc/components/dashboard/__tests__/simple-accessibility.test.tsx[0m:[93m289[0m:[93m45[0m - [91merror[0m[90m TS2339: [0mProperty 'disabled' does not exist on type 'HTMLElement'.

[7m289[0m     expect(buttons.some((button) => !button.disabled)).toBe(true)
[7m   [0m [91m                                            ~~~~~~~~[0m

[96msrc/components/dashboard/__tests__/simple-accessibility.test.tsx[0m:[93m430[0m:[93m40[0m - [91merror[0m[90m TS2339: [0mProperty 'disabled' does not exist on type 'HTMLElement'.

[7m430[0m       buttons.find((button) => !button.disabled),
[7m   [0m [91m                                       ~~~~~~~~[0m

[96msrc/components/demo/FHEDemo.tsx[0m:[93m1[0m:[93m8[0m - [91merror[0m[90m TS6133: [0m'React' is declared but its value is never read.

[7m1[0m import React, { useCallback, useMemo, useState, type FC } from 'react'
[7m [0m [91m       ~~~~~[0m

[96msrc/components/demo/PersistentStateDemo.tsx[0m:[93m2[0m:[93m1[0m - [91merror[0m[90m TS6133: [0m'React' is declared but its value is never read.

[7m2[0m import React from 'react'
[7m [0m [91m~~~~~~~~~~~~~~~~~~~~~~~~~[0m

[96msrc/components/demo/PresentingProblemVisualization.tsx[0m:[93m1[0m:[93m8[0m - [91merror[0m[90m TS6133: [0m'React' is declared but its value is never read.

[7m1[0m import React, { FC } from 'react'
[7m [0m [91m       ~~~~~[0m

[96msrc/components/demo/PsychologyFrameworksDemo.tsx[0m:[93m9[0m:[93m31[0m - [91merror[0m[90m TS6133: [0m'useCallback' is declared but its value is never read.

[7m9[0m import { useState, useEffect, useCallback, useMemo } from 'react'
[7m [0m [91m                              ~~~~~~~~~~~[0m

[96msrc/components/journal-research/features/BiasAuditDashboard.tsx[0m:[93m10[0m:[93m20[0m - [91merror[0m[90m TS6133: [0m'useMemo' is declared but its value is never read.

[7m10[0m import { useState, useMemo } from 'react'
[7m  [0m [91m                   ~~~~~~~[0m

[96msrc/components/journal-research/features/BiasAuditDashboard.tsx[0m:[93m117[0m:[93m17[0m - [91merror[0m[90m TS6133: [0m'isLowBias' is declared but its value is never read.

[7m117[0m           const isLowBias = index < 3
[7m   [0m [91m                ~~~~~~~~~[0m

[96msrc/components/journal-research/lists/__tests__/SessionList.test.tsx[0m:[93m21[0m:[93m24[0m - [91merror[0m[90m TS2532: [0mObject is possibly 'undefined'.

[7m21[0m       screen.getByText(mockSessionList.items[0].sessionId),
[7m  [0m [91m                       ~~~~~~~~~~~~~~~~~~~~~~~~[0m

[96msrc/components/journal-research/lists/__tests__/SessionList.test.tsx[0m:[93m31[0m:[93m42[0m - [91merror[0m[90m TS2532: [0mObject is possibly 'undefined'.

[7m31[0m     const sessionLink = screen.getByText(mockSessionList.items[0].sessionId)
[7m  [0m [91m                                         ~~~~~~~~~~~~~~~~~~~~~~~~[0m

[96msrc/components/journal-research/lists/__tests__/SessionList.test.tsx[0m:[93m53[0m:[93m25[0m - [91merror[0m[90m TS2322: [0mType '{ items: ({ sessionId: string; targetSources: string[]; startDate?: Date | undefined; searchKeywords?: { mental_health: string[]; therapy: string[]; } | undefined; weeklyTargets?: { sources: number; datasets: number; } | undefined; currentPhase?: string | undefined; progressMetrics?: { ...; } | undefined; } | undefi...' is not assignable to type '{ items: { sessionId: string; startDate: Date; targetSources: string[]; searchKeywords: Record<string, string[]>; weeklyTargets: Record<string, number>; currentPhase: string; progressMetrics: Record<...>; }[]; total: number; page: number; pageSize: number; totalPages: number; }'.
  Types of property 'items' are incompatible.
    Type '({ sessionId: string; targetSources: string[]; startDate?: Date | undefined; searchKeywords?: { mental_health: string[]; therapy: string[]; } | undefined; weeklyTargets?: { sources: number; datasets: number; } | undefined; currentPhase?: string | undefined; progressMetrics?: { ...; } | undefined; } | undefined)[]' is not assignable to type '{ sessionId: string; startDate: Date; targetSources: string[]; searchKeywords: Record<string, string[]>; weeklyTargets: Record<string, number>; currentPhase: string; progressMetrics: Record<...>; }[]'.
      Type '{ sessionId: string; targetSources: string[]; startDate?: Date | undefined; searchKeywords?: { mental_health: string[]; therapy: string[]; } | undefined; weeklyTargets?: { sources: number; datasets: number; } | undefined; currentPhase?: string | undefined; progressMetrics?: { ...; } | undefined; } | undefined' is not assignable to type '{ sessionId: string; startDate: Date; targetSources: string[]; searchKeywords: Record<string, string[]>; weeklyTargets: Record<string, number>; currentPhase: string; progressMetrics: Record<...>; }'.
        Type 'undefined' is not assignable to type '{ sessionId: string; startDate: Date; targetSources: string[]; searchKeywords: Record<string, string[]>; weeklyTargets: Record<string, number>; currentPhase: string; progressMetrics: Record<...>; }'.

[7m53[0m     render(<SessionList sessions={sessionsWithMultiple} />)
[7m  [0m [91m                        ~~~~~~~~[0m

  [96msrc/components/journal-research/lists/SessionList.tsx[0m:[93m17[0m:[93m3[0m
    [7m17[0m   sessions: SessionListType
    [7m  [0m [96m  ~~~~~~~~[0m
    The expected type comes from property 'sessions' which is declared here on type 'IntrinsicAttributes & SessionListProps'

[96msrc/components/journal-research/lists/__tests__/SessionList.test.tsx[0m:[93m78[0m:[93m25[0m - [91merror[0m[90m TS2322: [0mType '{ items: ({ sessionId: string; currentPhase: string; startDate?: Date | undefined; targetSources?: string[] | undefined; searchKeywords?: { mental_health: string[]; therapy: string[]; } | undefined; weeklyTargets?: { ...; } | undefined; progressMetrics?: { ...; } | undefined; } | undefined)[]; total: number; page: n...' is not assignable to type '{ items: { sessionId: string; startDate: Date; targetSources: string[]; searchKeywords: Record<string, string[]>; weeklyTargets: Record<string, number>; currentPhase: string; progressMetrics: Record<...>; }[]; total: number; page: number; pageSize: number; totalPages: number; }'.
  Types of property 'items' are incompatible.
    Type '({ sessionId: string; currentPhase: string; startDate?: Date | undefined; targetSources?: string[] | undefined; searchKeywords?: { mental_health: string[]; therapy: string[]; } | undefined; weeklyTargets?: { ...; } | undefined; progressMetrics?: { ...; } | undefined; } | undefined)[]' is not assignable to type '{ sessionId: string; startDate: Date; targetSources: string[]; searchKeywords: Record<string, string[]>; weeklyTargets: Record<string, number>; currentPhase: string; progressMetrics: Record<...>; }[]'.
      Type '{ sessionId: string; currentPhase: string; startDate?: Date | undefined; targetSources?: string[] | undefined; searchKeywords?: { mental_health: string[]; therapy: string[]; } | undefined; weeklyTargets?: { ...; } | undefined; progressMetrics?: { ...; } | undefined; } | undefined' is not assignable to type '{ sessionId: string; startDate: Date; targetSources: string[]; searchKeywords: Record<string, string[]>; weeklyTargets: Record<string, number>; currentPhase: string; progressMetrics: Record<...>; }'.
        Type 'undefined' is not assignable to type '{ sessionId: string; startDate: Date; targetSources: string[]; searchKeywords: Record<string, string[]>; weeklyTargets: Record<string, number>; currentPhase: string; progressMetrics: Record<...>; }'.

[7m78[0m     render(<SessionList sessions={sessionsWithMultiple} />)
[7m  [0m [91m                        ~~~~~~~~[0m

  [96msrc/components/journal-research/lists/SessionList.tsx[0m:[93m17[0m:[93m3[0m
    [7m17[0m   sessions: SessionListType
    [7m  [0m [96m  ~~~~~~~~[0m
    The expected type comes from property 'sessions' which is declared here on type 'IntrinsicAttributes & SessionListProps'

[96msrc/components/journal-research/lists/__tests__/SessionList.test.tsx[0m:[93m119[0m:[93m25[0m - [91merror[0m[90m TS2322: [0mType '{ items: { sessionId: string; startDate?: Date | undefined; targetSources?: string[] | undefined; searchKeywords?: { mental_health: string[]; therapy: string[]; } | undefined; weeklyTargets?: { ...; } | undefined; currentPhase?: string | undefined; progressMetrics?: { ...; } | undefined; }[]; total: number; page: nu...' is not assignable to type '{ items: { sessionId: string; startDate: Date; targetSources: string[]; searchKeywords: Record<string, string[]>; weeklyTargets: Record<string, number>; currentPhase: string; progressMetrics: Record<...>; }[]; total: number; page: number; pageSize: number; totalPages: number; }'.
  Types of property 'items' are incompatible.
    Type '{ sessionId: string; startDate?: Date | undefined; targetSources?: string[] | undefined; searchKeywords?: { mental_health: string[]; therapy: string[]; } | undefined; weeklyTargets?: { ...; } | undefined; currentPhase?: string | undefined; progressMetrics?: { ...; } | undefined; }[]' is not assignable to type '{ sessionId: string; startDate: Date; targetSources: string[]; searchKeywords: Record<string, string[]>; weeklyTargets: Record<string, number>; currentPhase: string; progressMetrics: Record<...>; }[]'.
      Type '{ sessionId: string; startDate?: Date | undefined; targetSources?: string[] | undefined; searchKeywords?: { mental_health: string[]; therapy: string[]; } | undefined; weeklyTargets?: { ...; } | undefined; currentPhase?: string | undefined; progressMetrics?: { ...; } | undefined; }' is not assignable to type '{ sessionId: string; startDate: Date; targetSources: string[]; searchKeywords: Record<string, string[]>; weeklyTargets: Record<string, number>; currentPhase: string; progressMetrics: Record<...>; }'.
        Types of property 'startDate' are incompatible.
          Type 'Date | undefined' is not assignable to type 'Date'.
            Type 'undefined' is not assignable to type 'Date'.

[7m119[0m     render(<SessionList sessions={sessionsWithMultiple} />)
[7m   [0m [91m                        ~~~~~~~~[0m

  [96msrc/components/journal-research/lists/SessionList.tsx[0m:[93m17[0m:[93m3[0m
    [7m17[0m   sessions: SessionListType
    [7m  [0m [96m  ~~~~~~~~[0m
    The expected type comes from property 'sessions' which is declared here on type 'IntrinsicAttributes & SessionListProps'

[96msrc/components/layout/index.ts[0m:[93m1[0m:[93m35[0m - [91merror[0m[90m TS2307: [0mCannot find module './Footer.astro' or its corresponding type declarations.

[7m1[0m export { default as Footer } from './Footer.astro'
[7m [0m [91m                                  ~~~~~~~~~~~~~~~~[0m

[96msrc/components/memory/MemoryDashboard.tsx[0m:[93m229[0m:[93m23[0m - [91merror[0m[90m TS4111: [0mProperty 'crisisSeverity' comes from an index signature, so it must be accessed with ['crisisSeverity'].

[7m229[0m           m.metadata?.crisisSeverity && m.metadata.crisisSeverity !== 'none',
[7m   [0m [91m                      ~~~~~~~~~~~~~~[0m

[96msrc/components/memory/MemoryDashboard.tsx[0m:[93m229[0m:[93m52[0m - [91merror[0m[90m TS4111: [0mProperty 'crisisSeverity' comes from an index signature, so it must be accessed with ['crisisSeverity'].

[7m229[0m           m.metadata?.crisisSeverity && m.metadata.crisisSeverity !== 'none',
[7m   [0m [91m                                                   ~~~~~~~~~~~~~~[0m

[96msrc/components/memory/MemoryDashboard.tsx[0m:[93m447[0m:[93m46[0m - [91merror[0m[90m TS4111: [0mProperty 'category' comes from an index signature, so it must be accessed with ['category'].

[7m447[0m                               {mem.metadata?.category ?? 'general'}
[7m   [0m [91m                                             ~~~~~~~~[0m

[96msrc/components/memory/MemoryDashboard.tsx[0m:[93m451[0m:[93m60[0m - [91merror[0m[90m TS4111: [0mProperty 'timestamp' comes from an index signature, so it must be accessed with ['timestamp'].

[7m451[0m                             {formatTimestamp(mem.metadata?.timestamp)}
[7m   [0m [91m                                                           ~~~~~~~~~[0m

[96msrc/components/memory/MemoryDashboard.tsx[0m:[93m456[0m:[93m46[0m - [91merror[0m[90m TS4111: [0mProperty 'scope' comes from an index signature, so it must be accessed with ['scope'].

[7m456[0m                               {mem.metadata?.scope === 'private' ? (
[7m   [0m [91m                                             ~~~~~[0m

[96msrc/components/memory/MemoryDashboard.tsx[0m:[93m463[0m:[93m49[0m - [91merror[0m[90m TS4111: [0mProperty 'scope' comes from an index signature, so it must be accessed with ['scope'].

[7m463[0m                               ) : mem.metadata?.scope === 'global' ? (
[7m   [0m [91m                                                ~~~~~[0m

[96msrc/components/memory/MemoryDashboard.tsx[0m:[93m480[0m:[93m46[0m - [91merror[0m[90m TS4111: [0mProperty 'crisisSeverity' comes from an index signature, so it must be accessed with ['crisisSeverity'].

[7m480[0m                               {mem.metadata?.crisisSeverity &&
[7m   [0m [91m                                             ~~~~~~~~~~~~~~[0m

[96msrc/components/memory/MemoryDashboard.tsx[0m:[93m481[0m:[93m46[0m - [91merror[0m[90m TS4111: [0mProperty 'crisisSeverity' comes from an index signature, so it must be accessed with ['crisisSeverity'].

[7m481[0m                                 mem.metadata.crisisSeverity !== 'none' && (
[7m   [0m [91m                                             ~~~~~~~~~~~~~~[0m

[96msrc/components/memory/MemoryDashboard.tsx[0m:[93m487[0m:[93m51[0m - [91merror[0m[90m TS4111: [0mProperty 'crisisSeverity' comes from an index signature, so it must be accessed with ['crisisSeverity'].

[7m487[0m                                     {mem.metadata.crisisSeverity.toUpperCase()}
[7m   [0m [91m                                                  ~~~~~~~~~~~~~~[0m

[96msrc/components/memory/MemoryDashboard.tsx[0m:[93m492[0m:[93m46[0m - [91merror[0m[90m TS4111: [0mProperty 'isSpeculative' comes from an index signature, so it must be accessed with ['isSpeculative'].

[7m492[0m                               {mem.metadata?.isSpeculative && (
[7m   [0m [91m                                             ~~~~~~~~~~~~~[0m

[96msrc/components/memory/MemoryDashboard.tsx[0m:[93m502[0m:[93m46[0m - [91merror[0m[90m TS4111: [0mProperty 'piiRemoved' comes from an index signature, so it must be accessed with ['piiRemoved'].

[7m502[0m                               {mem.metadata?.piiRemoved && (
[7m   [0m [91m                                             ~~~~~~~~~~[0m

[96msrc/components/monitoring/__tests__/RUMWidget.test.tsx[0m:[93m2[0m:[93m10[0m - [91merror[0m[90m TS6133: [0m'afterEach' is declared but its value is never read.

[7m2[0m import { afterEach, beforeEach, describe, expect, it, vi } from 'vitest'
[7m [0m [91m         ~~~~~~~~~[0m

[96msrc/components/notification/__tests__/NotificationCenter.test.tsx[0m:[93m4[0m:[93m1[0m - [91merror[0m[90m TS6133: [0m'useWebSocket' is declared but its value is never read.

[7m4[0m import { useWebSocket } from '@/hooks/useWebSocket'
[7m [0m [91m~~~~~~~~~~~~~~~~~~~~~~~~~~~~~~~~~~~~~~~~~~~~~~~~~~~[0m

[96msrc/components/notification/__tests__/NotificationCenter.test.tsx[0m:[93m83[0m:[93m21[0m - [91merror[0m[90m TS2345: [0mArgument of type 'HTMLElement | undefined' is not assignable to parameter of type 'Window | Document | Node | Element'.
  Type 'undefined' is not assignable to type 'Window | Document | Node | Element'.

[7m83[0m     fireEvent.click(screen.getAllByRole('button')[1])
[7m  [0m [91m                    ~~~~~~~~~~~~~~~~~~~~~~~~~~~~~~~~[0m

[96msrc/components/pages/EmotionProgressDemo.tsx[0m:[93m1[0m:[93m8[0m - [91merror[0m[90m TS6133: [0m'React' is declared but its value is never read.

[7m1[0m import React, { useState, type FC } from 'react'
[7m [0m [91m       ~~~~~[0m

[96msrc/components/pipeline/WebSocketProgressBar.tsx[0m:[93m1[0m:[93m8[0m - [91merror[0m[90m TS6133: [0m'React' is declared but its value is never read.

[7m1[0m import React, { useEffect, useMemo, useState } from 'react'
[7m [0m [91m       ~~~~~[0m

[96msrc/components/pipeline/__tests__/WebSocketProgressBar.test.tsx[0m:[93m5[0m:[93m1[0m - [91merror[0m[90m TS6133: [0m'React' is declared but its value is never read.

[7m5[0m import React from 'react'
[7m [0m [91m~~~~~~~~~~~~~~~~~~~~~~~~~[0m

[96msrc/components/research/ExportPanel.tsx[0m:[93m1[0m:[93m8[0m - [91merror[0m[90m TS6133: [0m'React' is declared but its value is never read.

[7m1[0m import React, { useState } from 'react'
[7m [0m [91m       ~~~~~[0m

[96msrc/components/research/ResearchDashboard.tsx[0m:[93m2[0m:[93m8[0m - [91merror[0m[90m TS6133: [0m'React' is declared but its value is never read.

[7m2[0m import React, { useMemo, useCallback, memo } from 'react'
[7m [0m [91m       ~~~~~[0m

[96msrc/components/research/SearchFilters.tsx[0m:[93m1[0m:[93m8[0m - [91merror[0m[90m TS6133: [0m'React' is declared but its value is never read.

[7m1[0m import React, { useState, useMemo } from 'react'
[7m [0m [91m       ~~~~~[0m

[96msrc/components/research/dashboard/ActiveStudiesList.tsx[0m:[93m1[0m:[93m8[0m - [91merror[0m[90m TS6133: [0m'React' is declared but its value is never read.

[7m1[0m import React, { FC, memo } from 'react'
[7m [0m [91m       ~~~~~[0m

[96msrc/components/research/dashboard/InsightsPanel.tsx[0m:[93m2[0m:[93m8[0m - [91merror[0m[90m TS6133: [0m'React' is declared but its value is never read.

[7m2[0m import React, { FC, memo } from 'react'
[7m [0m [91m       ~~~~~[0m

[96msrc/components/research/dashboard/MetricsGrid.tsx[0m:[93m2[0m:[93m8[0m - [91merror[0m[90m TS6133: [0m'React' is declared but its value is never read.

[7m2[0m import React, { FC, memo } from 'react'
[7m [0m [91m       ~~~~~[0m

[96msrc/components/research/dashboard/UpcomingMilestones.tsx[0m:[93m1[0m:[93m8[0m - [91merror[0m[90m TS6133: [0m'React' is declared but its value is never read.

[7m1[0m import React, { FC, memo } from 'react'
[7m [0m [91m       ~~~~~[0m

[96msrc/components/security/FHEDemo.tsx[0m:[93m153[0m:[93m9[0m - [91merror[0m[90m TS6133: [0m'_result' is declared but its value is never read.

[7m153[0m     let _result: number
[7m   [0m [91m        ~~~~~~~[0m

[96msrc/components/session/EmotionTemporalAnalysisChart.tsx[0m:[93m56[0m:[93m6[0m - [91merror[0m[90m TS6196: [0m'_RechartsTooltipPayload' is declared but never used.

[7m56[0m type _RechartsTooltipPayload = {
[7m  [0m [91m     ~~~~~~~~~~~~~~~~~~~~~~~[0m

[96msrc/components/session/EmotionTrackingChart.tsx[0m:[93m176[0m:[93m29[0m - [91merror[0m[90m TS7006: [0mParameter 'tick' implicitly has an 'any' type.

[7m176[0m             tickFormatter={(tick) =>
[7m   [0m [91m                            ~~~~[0m

[96msrc/components/session/EmotionTrackingChart.tsx[0m:[93m186[0m:[93m25[0m - [91merror[0m[90m TS7006: [0mParameter 'value' implicitly has an 'any' type.

[7m186[0m             formatter={(value, name) => {
[7m   [0m [91m                        ~~~~~[0m

[96msrc/components/session/EmotionTrackingChart.tsx[0m:[93m186[0m:[93m32[0m - [91merror[0m[90m TS7006: [0mParameter 'name' implicitly has an 'any' type.

[7m186[0m             formatter={(value, name) => {
[7m   [0m [91m                               ~~~~[0m

[96msrc/components/session/EmotionTrackingChart.tsx[0m:[93m194[0m:[93m30[0m - [91merror[0m[90m TS7006: [0mParameter 'label' implicitly has an 'any' type.

[7m194[0m             labelFormatter={(label) => new Date(label).toLocaleTimeString()}
[7m   [0m [91m                             ~~~~~[0m

[96msrc/components/theme/ThemeProvider.tsx[0m:[93m1[0m:[93m8[0m - [91merror[0m[90m TS6133: [0m'React' is declared but its value is never read.

[7m1[0m import React, { createContext, useContext, useEffect, useState } from 'react'
[7m [0m [91m       ~~~~~[0m

[96msrc/components/therapy/TherapeuticGoalsTracker.tsx[0m:[93m63[0m:[93m29[0m - [91merror[0m[90m TS2532: [0mObject is possibly 'undefined'.

[7m63[0m             setActiveGoalId(data[0].id)
[7m  [0m [91m                            ~~~~~~~[0m

[96msrc/components/therapy/TherapeuticGoalsTracker.tsx[0m:[93m70[0m:[93m29[0m - [91merror[0m[90m TS2532: [0mObject is possibly 'undefined'.

[7m70[0m             setActiveGoalId(initialGoals[0].id)
[7m  [0m [91m                            ~~~~~~~~~~~~~~~[0m

[96msrc/components/therapy/TherapeuticGoalsTracker.tsx[0m:[93m80[0m:[93m27[0m - [91merror[0m[90m TS2532: [0mObject is possibly 'undefined'.

[7m80[0m           setActiveGoalId(fallbackGoals[0].id)
[7m  [0m [91m                          ~~~~~~~~~~~~~~~~[0m

[96msrc/components/therapy/TherapeuticGoalsTracker.tsx[0m:[93m938[0m:[93m7[0m - [91merror[0m[90m TS2322: [0mType 'string | undefined' is not assignable to type 'string'.
  Type 'undefined' is not assignable to type 'string'.

[7m938[0m       description,
[7m   [0m [91m      ~~~~~~~~~~~[0m

  [96msrc/components/therapy/TherapeuticGoalsTracker.tsx[0m:[93m905[0m:[93m5[0m
    [7m905[0m     description: string
    [7m   [0m [96m    ~~~~~~~~~~~[0m
    The expected type comes from property 'description' which is declared here on type '{ id: string; description: string; isCompleted: boolean; completedAt?: number | undefined; notes?: string | undefined; }'

[96msrc/components/therapy/TherapeuticGoalsTracker.tsx[0m:[93m1000[0m:[93m24[0m - [91merror[0m[90m TS2345: [0mArgument of type 'string | undefined' is not assignable to parameter of type 'string'.
  Type 'undefined' is not assignable to type 'string'.

[7m1000[0m     interventions.push(commonInterventions[randomIndex])
[7m    [0m [91m                       ~~~~~~~~~~~~~~~~~~~~~~~~~~~~~~~~[0m

[96msrc/components/training/TrainingSessionComponent.tsx[0m:[93m298[0m:[93m40[0m - [91merror[0m[90m TS4111: [0mProperty 'timestamp' comes from an index signature, so it must be accessed with ['timestamp'].

[7m298[0m         timestamp: String(msg.payload?.timestamp ?? new Date().toISOString()),
[7m   [0m [91m                                       ~~~~~~~~~[0m

[96msrc/components/training/TrainingSessionComponent.tsx[0m:[93m381[0m:[93m23[0m - [91merror[0m[90m TS4111: [0mProperty 'PUBLIC_TRAINING_WS_URL' comes from an index signature, so it must be accessed with ['PUBLIC_TRAINING_WS_URL'].

[7m381[0m       import.meta.env.PUBLIC_TRAINING_WS_URL ?? 'ws://localhost:8084'
[7m   [0m [91m                      ~~~~~~~~~~~~~~~~~~~~~~[0m

[96msrc/components/treatment/TreatmentPlanManager.tsx[0m:[93m2[0m:[93m18[0m - [91merror[0m[90m TS6133: [0m'Brain' is declared but its value is never read.

[7m2[0m import { Target, Brain, Heart, Users, Dumbbell, Clipboard } from 'lucide-react'
[7m [0m [91m                 ~~~~~[0m

[96msrc/components/treatment/TreatmentPlanManager.tsx[0m:[93m2[0m:[93m25[0m - [91merror[0m[90m TS6133: [0m'Heart' is declared but its value is never read.

[7m2[0m import { Target, Brain, Heart, Users, Dumbbell, Clipboard } from 'lucide-react'
[7m [0m [91m                        ~~~~~[0m

[96msrc/components/treatment/TreatmentPlanManager.tsx[0m:[93m2[0m:[93m32[0m - [91merror[0m[90m TS6133: [0m'Users' is declared but its value is never read.

[7m2[0m import { Target, Brain, Heart, Users, Dumbbell, Clipboard } from 'lucide-react'
[7m [0m [91m                               ~~~~~[0m

[96msrc/components/treatment/TreatmentPlanManager.tsx[0m:[93m2[0m:[93m49[0m - [91merror[0m[90m TS6133: [0m'Clipboard' is declared but its value is never read.

[7m2[0m import { Target, Brain, Heart, Users, Dumbbell, Clipboard } from 'lucide-react'
[7m [0m [91m                                                ~~~~~~~~~[0m

[96msrc/components/ui/AccessibilityAnnouncer.tsx[0m:[93m1[0m:[93m8[0m - [91merror[0m[90m TS6133: [0m'React' is declared but its value is never read.

[7m1[0m import React, { useEffect, useState } from 'react'
[7m [0m [91m       ~~~~~[0m

[96msrc/components/ui/BiasDetectionForm.tsx[0m:[93m183[0m:[93m11[0m - [91merror[0m[90m TS2322: [0mType 'string | undefined' is not assignable to type 'string | number | boolean'.
  Type 'undefined' is not assignable to type 'string | number | boolean'.

[7m183[0m           error_field: firstErrorField,
[7m   [0m [91m          ~~~~~~~~~~~[0m

[96msrc/components/ui/BrainVisualization.tsx[0m:[93m2[0m:[93m8[0m - [91merror[0m[90m TS6133: [0m'React' is declared but its value is never read.

[7m2[0m import React, { FC, useEffect, useRef, useMemo, useCallback } from 'react'
[7m [0m [91m       ~~~~~[0m

[96msrc/components/ui/KonamiTrigger.tsx[0m:[93m1[0m:[93m1[0m - [91merror[0m[90m TS6133: [0m'React' is declared but its value is never read.

[7m1[0m import React from 'react'
[7m [0m [91m~~~~~~~~~~~~~~~~~~~~~~~~~[0m

[96msrc/components/ui/MindMirrorDashboard.tsx[0m:[93m20[0m:[93m8[0m - [91merror[0m[90m TS6133: [0m'ArchetypeResult' is declared but its value is never read.

[7m20[0m   type ArchetypeResult,
[7m  [0m [91m       ~~~~~~~~~~~~~~~[0m

[96msrc/components/ui/MindMirrorDashboard.tsx[0m:[93m21[0m:[93m8[0m - [91merror[0m[90m TS6133: [0m'MoodVector' is declared but its value is never read.

[7m21[0m   type MoodVector,
[7m  [0m [91m       ~~~~~~~~~~[0m

[96msrc/components/ui/MobileFormValidation.tsx[0m:[93m415[0m:[93m26[0m - [91merror[0m[90m TS2339: [0mProperty 'value' does not exist on type 'Element'.

[7m415[0m       return matchField?.value === value
[7m   [0m [91m                         ~~~~~[0m

[96msrc/components/ui/OfflineIndicator.tsx[0m:[93m1[0m:[93m1[0m - [91merror[0m[90m TS6133: [0m'React' is declared but its value is never read.

[7m1[0m import React from 'react'
[7m [0m [91m~~~~~~~~~~~~~~~~~~~~~~~~~[0m

[96msrc/components/ui/ServiceWorkerUpdater.tsx[0m:[93m1[0m:[93m8[0m - [91merror[0m[90m TS6133: [0m'React' is declared but its value is never read.

[7m1[0m import React, { useEffect, useState } from 'react'
[7m [0m [91m       ~~~~~[0m

[96msrc/components/ui/UserMenu.tsx[0m:[93m1[0m:[93m8[0m - [91merror[0m[90m TS6133: [0m'React' is declared but its value is never read.

[7m1[0m import React, { useState, useRef, useEffect } from 'react'
[7m [0m [91m       ~~~~~[0m

[96msrc/components/ui/UserMenu.tsx[0m:[93m72[0m:[93m22[0m - [91merror[0m[90m TS2532: [0mObject is possibly 'undefined'.

[7m72[0m               return user.email[0].toUpperCase()
[7m  [0m [91m                     ~~~~~~~~~~~~~[0m

[96msrc/components/ui/__tests__/Alert.test.ts[0m:[93m2[0m:[93m10[0m - [91merror[0m[90m TS6133: [0m'afterEach' is declared but its value is never read.

[7m2[0m import { afterEach, beforeEach, describe, expect, it } from 'vitest'
[7m [0m [91m         ~~~~~~~~~[0m

[96msrc/components/ui/__tests__/Alert.test.ts[0m:[93m2[0m:[93m21[0m - [91merror[0m[90m TS6133: [0m'beforeEach' is declared but its value is never read.

[7m2[0m import { afterEach, beforeEach, describe, expect, it } from 'vitest'
[7m [0m [91m                    ~~~~~~~~~~[0m

[96msrc/components/ui/__tests__/ThemeToggle.test.ts[0m:[93m100[0m:[93m18[0m - [91merror[0m[90m TS2345: [0mArgument of type 'string' is not assignable to parameter of type '"light" | "dark" | "system"'.

[7m100[0m       applyTheme(current)
[7m   [0m [91m                 ~~~~~~~[0m

[96msrc/components/ui/__tests__/ThemeToggle.test.ts[0m:[93m113[0m:[93m20[0m - [91merror[0m[90m TS2345: [0mArgument of type 'string' is not assignable to parameter of type '"light" | "dark" | "system"'.

[7m113[0m         applyTheme(current)
[7m   [0m [91m                   ~~~~~~~[0m

[96msrc/components/ui/astro-icon-components.ts[0m:[93m1[0m:[93m18[0m - [91merror[0m[90m TS2307: [0mCannot find module './IconFallback.astro' or its corresponding type declarations.

[7m1[0m import Icon from './IconFallback.astro'
[7m [0m [91m                 ~~~~~~~~~~~~~~~~~~~~~~[0m

[96msrc/components/ui/avatar.tsx[0m:[93m1[0m:[93m1[0m - [91merror[0m[90m TS6133: [0m'React' is declared but its value is never read.

[7m1[0m import React from 'react'
[7m [0m [91m~~~~~~~~~~~~~~~~~~~~~~~~~[0m

[96msrc/components/ui/glow-card/GlowCardDemo.tsx[0m:[93m2[0m:[93m1[0m - [91merror[0m[90m TS6133: [0m'React' is declared but its value is never read.

[7m2[0m import React from 'react'
[7m [0m [91m~~~~~~~~~~~~~~~~~~~~~~~~~[0m

[96msrc/config/mongodb.config.ts[0m:[93m60[0m:[93m38[0m - [91merror[0m[90m TS4111: [0mProperty 'MONGODB_URI' comes from an index signature, so it must be accessed with ['MONGODB_URI'].

[7m60[0m     const metaEnv = import.meta.env?.MONGODB_URI
[7m  [0m [91m                                     ~~~~~~~~~~~[0m

[96msrc/config/production.ts[0m:[93m4[0m:[93m21[0m - [91merror[0m[90m TS4111: [0mProperty 'CMS_PORT' comes from an index signature, so it must be accessed with ['CMS_PORT'].

[7m4[0m   port: process.env.CMS_PORT ?? 5001,
[7m [0m [91m                    ~~~~~~~~[0m

[96msrc/config/production.ts[0m:[93m9[0m:[93m22[0m - [91merror[0m[90m TS4111: [0mProperty 'DATABASE_URL' comes from an index signature, so it must be accessed with ['DATABASE_URL'].

[7m9[0m     url: process.env.DATABASE_URL ?? '',
[7m [0m [91m                     ~~~~~~~~~~~~[0m

[96msrc/config/production.ts[0m:[93m23[0m:[93m22[0m - [91merror[0m[90m TS4111: [0mProperty 'REDIS_URL' comes from an index signature, so it must be accessed with ['REDIS_URL'].

[7m23[0m     url: process.env.REDIS_URL ?? '',
[7m  [0m [91m                     ~~~~~~~~~[0m

[96msrc/config/production.ts[0m:[93m31[0m:[93m25[0m - [91merror[0m[90m TS4111: [0mProperty 'AWS_REGION' comes from an index signature, so it must be accessed with ['AWS_REGION'].

[7m31[0m     region: process.env.AWS_REGION ?? 'us-east-1',
[7m  [0m [91m                        ~~~~~~~~~~[0m

[96msrc/config/production.ts[0m:[93m32[0m:[93m30[0m - [91merror[0m[90m TS4111: [0mProperty 'AWS_ACCESS_KEY_ID' comes from an index signature, so it must be accessed with ['AWS_ACCESS_KEY_ID'].

[7m32[0m     accessKeyId: process.env.AWS_ACCESS_KEY_ID ?? '',
[7m  [0m [91m                             ~~~~~~~~~~~~~~~~~[0m

[96msrc/config/production.ts[0m:[93m33[0m:[93m34[0m - [91merror[0m[90m TS4111: [0mProperty 'AWS_SECRET_ACCESS_KEY' comes from an index signature, so it must be accessed with ['AWS_SECRET_ACCESS_KEY'].

[7m33[0m     secretAccessKey: process.env.AWS_SECRET_ACCESS_KEY ?? '',
[7m  [0m [91m                                 ~~~~~~~~~~~~~~~~~~~~~[0m

[96msrc/config/production.ts[0m:[93m34[0m:[93m27[0m - [91merror[0m[90m TS4111: [0mProperty 'AWS_S3_BUCKET' comes from an index signature, so it must be accessed with ['AWS_S3_BUCKET'].

[7m34[0m     s3Bucket: process.env.AWS_S3_BUCKET ?? 'pixelated-business-docs',
[7m  [0m [91m                          ~~~~~~~~~~~~~[0m

[96msrc/config/production.ts[0m:[93m35[0m:[93m35[0m - [91merror[0m[90m TS4111: [0mProperty 'AWS_CLOUDFRONT_DOMAIN' comes from an index signature, so it must be accessed with ['AWS_CLOUDFRONT_DOMAIN'].

[7m35[0m     cloudfrontDomain: process.env.AWS_CLOUDFRONT_DOMAIN ?? '',
[7m  [0m [91m                                  ~~~~~~~~~~~~~~~~~~~~~[0m

[96msrc/config/production.ts[0m:[93m40[0m:[93m27[0m - [91merror[0m[90m TS4111: [0mProperty 'EMAIL_PROVIDER' comes from an index signature, so it must be accessed with ['EMAIL_PROVIDER'].

[7m40[0m     provider: process.env.EMAIL_PROVIDER ?? 'sendgrid',
[7m  [0m [91m                          ~~~~~~~~~~~~~~[0m

[96msrc/config/production.ts[0m:[93m42[0m:[93m27[0m - [91merror[0m[90m TS4111: [0mProperty 'SENDGRID_API_KEY' comes from an index signature, so it must be accessed with ['SENDGRID_API_KEY'].

[7m42[0m       apiKey: process.env.SENDGRID_API_KEY ?? '',
[7m  [0m [91m                          ~~~~~~~~~~~~~~~~[0m

[96msrc/config/production.ts[0m:[93m45[0m:[93m25[0m - [91merror[0m[90m TS4111: [0mProperty 'SMTP_HOST' comes from an index signature, so it must be accessed with ['SMTP_HOST'].

[7m45[0m       host: process.env.SMTP_HOST ?? '',
[7m  [0m [91m                        ~~~~~~~~~[0m

[96msrc/config/production.ts[0m:[93m46[0m:[93m34[0m - [91merror[0m[90m TS4111: [0mProperty 'SMTP_PORT' comes from an index signature, so it must be accessed with ['SMTP_PORT'].

[7m46[0m       port: parseInt(process.env.SMTP_PORT ?? '587'),
[7m  [0m [91m                                 ~~~~~~~~~[0m

[96msrc/config/production.ts[0m:[93m47[0m:[93m27[0m - [91merror[0m[90m TS4111: [0mProperty 'SMTP_SECURE' comes from an index signature, so it must be accessed with ['SMTP_SECURE'].

[7m47[0m       secure: process.env.SMTP_SECURE === 'true',
[7m  [0m [91m                          ~~~~~~~~~~~[0m

[96msrc/config/production.ts[0m:[93m49[0m:[93m27[0m - [91merror[0m[90m TS4111: [0mProperty 'SMTP_USER' comes from an index signature, so it must be accessed with ['SMTP_USER'].

[7m49[0m         user: process.env.SMTP_USER ?? '',
[7m  [0m [91m                          ~~~~~~~~~[0m

[96msrc/config/production.ts[0m:[93m50[0m:[93m27[0m - [91merror[0m[90m TS4111: [0mProperty 'SMTP_PASS' comes from an index signature, so it must be accessed with ['SMTP_PASS'].

[7m50[0m         pass: process.env.SMTP_PASS ?? '',
[7m  [0m [91m                          ~~~~~~~~~[0m

[96msrc/config/production.ts[0m:[93m53[0m:[93m28[0m - [91merror[0m[90m TS4111: [0mProperty 'FROM_EMAIL' comes from an index signature, so it must be accessed with ['FROM_EMAIL'].

[7m53[0m     fromEmail: process.env.FROM_EMAIL ?? 'noreply@pixelated.com',
[7m  [0m [91m                           ~~~~~~~~~~[0m

[96msrc/config/production.ts[0m:[93m58[0m:[93m28[0m - [91merror[0m[90m TS4111: [0mProperty 'JWT_SECRET' comes from an index signature, so it must be accessed with ['JWT_SECRET'].

[7m58[0m     jwtSecret: process.env.JWT_SECRET ?? '',
[7m  [0m [91m                           ~~~~~~~~~~[0m

[96msrc/config/production.ts[0m:[93m59[0m:[93m32[0m - [91merror[0m[90m TS4111: [0mProperty 'JWT_EXPIRATION' comes from an index signature, so it must be accessed with ['JWT_EXPIRATION'].

[7m59[0m     jwtExpiration: process.env.JWT_EXPIRATION ?? '7d',
[7m  [0m [91m                               ~~~~~~~~~~~~~~[0m

[96msrc/config/production.ts[0m:[93m60[0m:[93m41[0m - [91merror[0m[90m TS4111: [0mProperty 'REFRESH_TOKEN_EXPIRATION' comes from an index signature, so it must be accessed with ['REFRESH_TOKEN_EXPIRATION'].

[7m60[0m     refreshTokenExpiration: process.env.REFRESH_TOKEN_EXPIRATION ?? '30d',
[7m  [0m [91m                                        ~~~~~~~~~~~~~~~~~~~~~~~~[0m

[96msrc/config/production.ts[0m:[93m71[0m:[93m24[0m - [91merror[0m[90m TS4111: [0mProperty 'SENTRY_DSN' comes from an index signature, so it must be accessed with ['SENTRY_DSN'].

[7m71[0m       dsn: process.env.SENTRY_DSN ?? '',
[7m  [0m [91m                       ~~~~~~~~~~[0m

[96msrc/config/production.ts[0m:[93m75[0m:[93m27[0m - [91merror[0m[90m TS4111: [0mProperty 'DD_API_KEY' comes from an index signature, so it must be accessed with ['DD_API_KEY'].

[7m75[0m       apiKey: process.env.DD_API_KEY ?? '',
[7m  [0m [91m                          ~~~~~~~~~~[0m

[96msrc/config/production.ts[0m:[93m76[0m:[93m27[0m - [91merror[0m[90m TS4111: [0mProperty 'DD_APP_KEY' comes from an index signature, so it must be accessed with ['DD_APP_KEY'].

[7m76[0m       appKey: process.env.DD_APP_KEY ?? '',
[7m  [0m [91m                          ~~~~~~~~~~[0m

[96msrc/config/production.ts[0m:[93m85[0m:[93m23[0m - [91merror[0m[90m TS4111: [0mProperty 'ALLOWED_ORIGINS' comes from an index signature, so it must be accessed with ['ALLOWED_ORIGINS'].

[7m85[0m       ...(process.env.ALLOWED_ORIGINS?.split(',') ?? []),
[7m  [0m [91m                      ~~~~~~~~~~~~~~~[0m

[96msrc/e2e/breach-notification.spec.ts[0m:[93m106[0m:[93m26[0m - [91merror[0m[90m TS2352: [0mConversion of type '() => undefined' to type '{ (title: string, callback: () => void): void; (callback: () => void): void; (title: string, details: TestDetails, callback: () => void): void; only(title: string, callback: () => void): void; only(callback: () => void): void; only(title: string, details: TestDetails, callback: () => void): void; ... 4 more ...; con...' may be a mistake because neither type sufficiently overlaps with the other. If this was intentional, convert the expression to 'unknown' first.
  Type '() => undefined' is missing the following properties from type '{ (title: string, callback: () => void): void; (callback: () => void): void; (title: string, details: TestDetails, callback: () => void): void; only(title: string, callback: () => void): void; only(callback: () => void): void; only(title: string, details: TestDetails, callback: () => void): void; ... 4 more ...; con...': only, skip, fixme, serial, and 2 more.

[7m106[0m const noopTestDescribe = (() => undefined) as typeof test.describe
[7m   [0m [91m                         ~~~~~~~~~~~~~~~~~~~~~~~~~~~~~~~~~~~~~~~~~[0m

[96msrc/hooks/__tests__/useConversationMemory.test.ts[0m:[93m59[0m:[93m12[0m - [91merror[0m[90m TS2532: [0mObject is possibly 'undefined'.

[7m59[0m     expect(result.current.memory.progressSnapshots[0].value).toBe(25)
[7m  [0m [91m           ~~~~~~~~~~~~~~~~~~~~~~~~~~~~~~~~~~~~~~~~~~[0m

[96msrc/hooks/__tests__/useTherapistAnalytics.test.ts[0m:[93m309[0m:[93m42[0m - [91merror[0m[90m TS2345: [0mArgument of type '(TherapistSession | undefined)[]' is not assignable to parameter of type 'TherapistSession[]'.
  Type 'TherapistSession | undefined' is not assignable to type 'TherapistSession'.
    Type 'undefined' is not assignable to type 'TherapistSession'.

[7m309[0m       useTherapistAnalytics(mockFilters, singleSession),
[7m   [0m [91m                                         ~~~~~~~~~~~~~[0m

[96msrc/hooks/useChat.ts[0m:[93m43[0m:[93m33[0m - [91merror[0m[90m TS2304: [0mCannot find name 'ChangeEvent'.

[7m43[0m   const handleInputChange = (e: ChangeEvent<HTMLInputElement>) => {
[7m  [0m [91m                                ~~~~~~~~~~~[0m

[96msrc/hooks/useChat.ts[0m:[93m157[0m:[93m34[0m - [91merror[0m[90m TS2304: [0mCannot find name 'FormEvent'.

[7m157[0m   const handleSubmit = async (e: FormEvent): Promise<void> => {
[7m   [0m [91m                                 ~~~~~~~~~[0m

[96msrc/hooks/useCognitiveDistortionDetection.ts[0m:[93m5[0m:[93m3[0m - [91merror[0m[90m TS6196: [0m'CognitiveDistortionType' is declared but never used.

[7m5[0m   CognitiveDistortionType,
[7m [0m [91m  ~~~~~~~~~~~~~~~~~~~~~~~[0m

[96msrc/hooks/useCognitiveDistortionDetection.ts[0m:[93m292[0m:[93m22[0m - [91merror[0m[90m TS2345: [0mArgument of type 'CognitiveDistortionResult | undefined' is not assignable to parameter of type 'CognitiveDistortionResult'.
  Type 'undefined' is not assignable to type 'CognitiveDistortionResult'.

[7m292[0m           onComplete(data[0])
[7m   [0m [91m                     ~~~~~~~[0m

[96msrc/hooks/useCollaboration.ts[0m:[93m90[0m:[93m47[0m - [91merror[0m[90m TS2345: [0mArgument of type 'DocumentChangeEvent' is not assignable to parameter of type 'LocalDocumentChangeEvent'.
  Type 'DocumentChangeEvent' is missing the following properties from type 'LocalDocumentChangeEvent': type, position, userId

[7m90[0m       const newContent = applyChange(content, data.change)
[7m  [0m [91m                                              ~~~~~~~~~~~[0m

[96msrc/hooks/useMemory.ts[0m:[93m12[0m:[93m15[0m - [91merror[0m[90m TS4111: [0mProperty 'NEXT_PUBLIC_USE_LOCAL_MEMORY' comes from an index signature, so it must be accessed with ['NEXT_PUBLIC_USE_LOCAL_MEMORY'].

[7m12[0m   process.env.NEXT_PUBLIC_USE_LOCAL_MEMORY === 'true' ||
[7m  [0m [91m              ~~~~~~~~~~~~~~~~~~~~~~~~~~~~[0m

[96msrc/hooks/useMemory.ts[0m:[93m13[0m:[93m15[0m - [91merror[0m[90m TS4111: [0mProperty 'NEXT_PUBLIC_USE_MCP_MEMORY' comes from an index signature, so it must be accessed with ['NEXT_PUBLIC_USE_MCP_MEMORY'].

[7m13[0m   process.env.NEXT_PUBLIC_USE_MCP_MEMORY === 'false'
[7m  [0m [91m              ~~~~~~~~~~~~~~~~~~~~~~~~~~[0m

[96msrc/hooks/useMultimodalPixel.ts[0m:[93m96[0m:[93m27[0m - [91merror[0m[90m TS4111: [0mProperty 'PUBLIC_PIXEL_WS_URL' comes from an index signature, so it must be accessed with ['PUBLIC_PIXEL_WS_URL'].

[7m96[0m         (import.meta.env?.PUBLIC_PIXEL_WS_URL as string | undefined) ??
[7m  [0m [91m                          ~~~~~~~~~~~~~~~~~~~[0m

[96msrc/hooks/useMultimodalPixel.ts[0m:[93m221[0m:[93m34[0m - [91merror[0m[90m TS4111: [0mProperty 'type' comes from an index signature, so it must be accessed with ['type'].

[7m221[0m             const type = payload.type as string
[7m   [0m [91m                                 ~~~~[0m

[96msrc/hooks/useMultimodalPixel.ts[0m:[93m225[0m:[93m40[0m - [91merror[0m[90m TS4111: [0mProperty 'status' comes from an index signature, so it must be accessed with ['status'].

[7m225[0m                 streamStatus: (payload.status as string) || prev.streamStatus,
[7m   [0m [91m                                       ~~~~~~[0m

[96msrc/hooks/useMultimodalPixel.ts[0m:[93m228[0m:[93m36[0m - [91merror[0m[90m TS4111: [0mProperty 'data' comes from an index signature, so it must be accessed with ['data'].

[7m228[0m               const data = payload.data as MultimodalInferenceResponse
[7m   [0m [91m                                   ~~~~[0m

[96msrc/hooks/useMultimodalPixel.ts[0m:[93m250[0m:[93m39[0m - [91merror[0m[90m TS4111: [0mProperty 'message' comes from an index signature, so it must be accessed with ['message'].

[7m250[0m                 streamError: (payload.message as string) || 'Stream error',
[7m   [0m [91m                                      ~~~~~~~[0m

[96msrc/hooks/usePatientModel.ts[0m:[93m49[0m:[93m29[0m - [91merror[0m[90m TS2345: [0mArgument of type 'string | undefined' is not assignable to parameter of type 'SetStateAction<string | null>'.
  Type 'undefined' is not assignable to type 'SetStateAction<string | null>'.

[7m49[0m           setCurrentModelId(modelIds[0])
[7m  [0m [91m                            ~~~~~~~~~~~[0m

[96msrc/hooks/usePipelineWebSocket.ts[0m:[93m352[0m:[93m30[0m - [91merror[0m[90m TS2345: [0mArgument of type 'string | undefined' is not assignable to parameter of type 'string'.
  Type 'undefined' is not assignable to type 'string'.

[7m352[0m           onProgressUpdate?.(executionId, progress, stage, data)
[7m   [0m [91m                             ~~~~~~~~~~~[0m

[96msrc/hooks/usePipelineWebSocket.ts[0m:[93m355[0m:[93m28[0m - [91merror[0m[90m TS2345: [0mArgument of type 'string | undefined' is not assignable to parameter of type 'string'.
  Type 'undefined' is not assignable to type 'string'.

[7m355[0m           onStatusChange?.(executionId, status, message)
[7m   [0m [91m                           ~~~~~~~~~~~[0m

[96msrc/hooks/usePipelineWebSocket.ts[0m:[93m358[0m:[93m21[0m - [91merror[0m[90m TS2345: [0mArgument of type 'string | undefined' is not assignable to parameter of type 'string'.
  Type 'undefined' is not assignable to type 'string'.

[7m358[0m           onError?.(executionId, error)
[7m   [0m [91m                    ~~~~~~~~~~~[0m

[96msrc/hooks/usePipelineWebSocket.ts[0m:[93m361[0m:[93m23[0m - [91merror[0m[90m TS2345: [0mArgument of type 'string | undefined' is not assignable to parameter of type 'string'.
  Type 'undefined' is not assignable to type 'string'.

[7m361[0m           onConnect?.(executionId)
[7m   [0m [91m                      ~~~~~~~~~~~[0m

[96msrc/hooks/usePipelineWebSocket.ts[0m:[93m364[0m:[93m26[0m - [91merror[0m[90m TS2345: [0mArgument of type 'string | undefined' is not assignable to parameter of type 'string'.
  Type 'undefined' is not assignable to type 'string'.

[7m364[0m           onDisconnect?.(executionId)
[7m   [0m [91m                         ~~~~~~~~~~~[0m

[96msrc/hooks/usePipelineWebSocket.ts[0m:[93m368[0m:[93m26[0m - [91merror[0m[90m TS2345: [0mArgument of type 'string | undefined' is not assignable to parameter of type 'string'.
  Type 'undefined' is not assignable to type 'string'.

[7m368[0m       newConnections.set(executionId, connection)
[7m   [0m [91m                         ~~~~~~~~~~~[0m

[96msrc/hooks/usePixelConversationIntegration.ts[0m:[93m218[0m:[93m13[0m - [91merror[0m[90m TS6133: [0m'metrics' is declared but its value is never read.

[7m218[0m       const metrics = integration.getEQMetricsTrend()
[7m   [0m [91m            ~~~~~~~[0m

[96msrc/hooks/usePixelConversationIntegration.ts[0m:[93m245[0m:[93m25[0m - [91merror[0m[90m TS6133: [0m'integration' is declared but its value is never read.

[7m245[0m   const { crisisStatus, integration } = usePixelConversationIntegration({
[7m   [0m [91m                        ~~~~~~~~~~~[0m

[96msrc/hooks/useTherapistAnalytics.ts[0m:[93m20[0m:[93m7[0m - [91merror[0m[90m TS7023: [0m'normalizeLogger' implicitly has return type 'any' because it does not have a return type annotation and is referenced directly or indirectly in one of its return expressions.

[7m20[0m const normalizeLogger = (raw: unknown) => {
[7m  [0m [91m      ~~~~~~~~~~~~~~~[0m

[96msrc/hooks/useTherapistAnalytics.ts[0m:[93m59[0m:[93m7[0m - [91merror[0m[90m TS7023: [0m'child' implicitly has return type 'any' because it does not have a return type annotation and is referenced directly or indirectly in one of its return expressions.

[7m59[0m       child: (/* name: string */) => normalizeLogger(raw),
[7m  [0m [91m      ~~~~~[0m

[96msrc/hooks/useTherapistAnalytics.ts[0m:[93m74[0m:[93m7[0m - [91merror[0m[90m TS7023: [0m'child' implicitly has return type 'any' because it does not have a return type annotation and is referenced directly or indirectly in one of its return expressions.

[7m74[0m       child: (name?: string) =>
[7m  [0m [91m      ~~~~~[0m

[96msrc/layouts/__tests__/DocumentationLayout.test.tsx[0m:[93m25[0m:[93m3[0m - [91merror[0m[90m TS7031: [0mBinding element 'title' implicitly has an 'any' type.

[7m25[0m   title,
[7m  [0m [91m  ~~~~~[0m

[96msrc/layouts/__tests__/DocumentationLayout.test.tsx[0m:[93m26[0m:[93m3[0m - [91merror[0m[90m TS7031: [0mBinding element 'description' implicitly has an 'any' type.

[7m26[0m   description,
[7m  [0m [91m  ~~~~~~~~~~~[0m

[96msrc/layouts/__tests__/DocumentationLayout.test.tsx[0m:[93m27[0m:[93m3[0m - [91merror[0m[90m TS7031: [0mBinding element 'frontmatter' implicitly has an 'any' type.

[7m27[0m   frontmatter,
[7m  [0m [91m  ~~~~~~~~~~~[0m

[96msrc/layouts/__tests__/DocumentationLayout.test.tsx[0m:[93m39[0m:[93m15[0m - [91merror[0m[90m TS7031: [0mBinding element 'title' implicitly has an 'any' type.

[7m39[0m   default: ({ title, description }) =>
[7m  [0m [91m              ~~~~~[0m

[96msrc/layouts/__tests__/DocumentationLayout.test.tsx[0m:[93m39[0m:[93m22[0m - [91merror[0m[90m TS7031: [0mBinding element 'description' implicitly has an 'any' type.

[7m39[0m   default: ({ title, description }) =>
[7m  [0m [91m                     ~~~~~~~~~~~[0m

[96msrc/lib/__tests__/test-utils.ts[0m:[93m244[0m:[93m27[0m - [91merror[0m[90m TS2345: [0mArgument of type '(index: number) => string | undefined' is not assignable to parameter of type '(index: number) => string | null'.
  Type 'string | undefined' is not assignable to type 'string | null'.
    Type 'undefined' is not assignable to type 'string | null'.

[7m244[0m       .mockImplementation((index: number) => Array.from(storage.keys())[index]),
[7m   [0m [91m                          ~~~~~~~~~~~~~~~~~~~~~~~~~~~~~~~~~~~~~~~~~~~~~~~~~~~~[0m

[96msrc/lib/admin/middleware.ts[0m:[93m89[0m:[93m20[0m - [91merror[0m[90m TS4111: [0mProperty 'admin' comes from an index signature, so it must be accessed with ['admin'].

[7m89[0m     context.locals.admin = admin
[7m  [0m [91m                   ~~~~~[0m

[96msrc/lib/ai/bias-detection/BiasDetectionEngine.ts[0m:[93m21[0m:[93m3[0m - [91merror[0m[90m TS6196: [0m'ParticipantDemographics' is declared but never used.

[7m21[0m   ParticipantDemographics,
[7m  [0m [91m  ~~~~~~~~~~~~~~~~~~~~~~~[0m

[96msrc/lib/ai/bias-detection/BiasDetectionEngine.ts[0m:[93m72[0m:[93m38[0m - [91merror[0m[90m TS4111: [0mProperty 'age' comes from an index signature, so it must be accessed with ['age'].

[7m72[0m     age: toStringValue(demographics?.age),
[7m  [0m [91m                                     ~~~[0m

[96msrc/lib/ai/bias-detection/BiasDetectionEngine.ts[0m:[93m73[0m:[93m41[0m - [91merror[0m[90m TS4111: [0mProperty 'gender' comes from an index signature, so it must be accessed with ['gender'].

[7m73[0m     gender: toStringValue(demographics?.gender),
[7m  [0m [91m                                        ~~~~~~[0m

[96msrc/lib/ai/bias-detection/BiasDetectionEngine.ts[0m:[93m74[0m:[93m44[0m - [91merror[0m[90m TS4111: [0mProperty 'ethnicity' comes from an index signature, so it must be accessed with ['ethnicity'].

[7m74[0m     ethnicity: toStringValue(demographics?.ethnicity),
[7m  [0m [91m                                           ~~~~~~~~~[0m

[96msrc/lib/ai/bias-detection/BiasDetectionEngine.ts[0m:[93m75[0m:[93m50[0m - [91merror[0m[90m TS4111: [0mProperty 'primaryLanguage' comes from an index signature, so it must be accessed with ['primaryLanguage'].

[7m75[0m     primaryLanguage: toStringValue(demographics?.primaryLanguage),
[7m  [0m [91m                                                 ~~~~~~~~~~~~~~~[0m

[96msrc/lib/ai/bias-detection/BiasDetectionEngine.ts[0m:[93m537[0m:[93m9[0m - [91merror[0m[90m TS7053: [0mElement implicitly has an 'any' type because expression of type '"fallback"' can't be used to index type 'Partial<PreprocessingLayerResult> | Partial<ModelLevelLayerResult> | Partial<InteractiveLayerResult> | Partial<...>'.
  Property 'fallback' does not exist on type 'Partial<PreprocessingLayerResult> | Partial<ModelLevelLayerResult> | Partial<InteractiveLayerResult> | Partial<...>'.

[7m537[0m         r["fallback"] === true,
[7m   [0m [91m        ~~~~~~~~~~~~~[0m

[96msrc/lib/ai/bias-detection/BiasDetectionEngine.ts[0m:[93m594[0m:[93m54[0m - [91merror[0m[90m TS4111: [0mProperty 'userRole' comes from an index signature, so it must be accessed with ['userRole'].

[7m594[0m       const roleRecord = isRecordValue(sessionRecord.userRole) ? sessionRecord.userRole : {};
[7m   [0m [91m                                                     ~~~~~~~~[0m

[96msrc/lib/ai/bias-detection/BiasDetectionEngine.ts[0m:[93m594[0m:[93m80[0m - [91merror[0m[90m TS4111: [0mProperty 'userRole' comes from an index signature, so it must be accessed with ['userRole'].

[7m594[0m       const roleRecord = isRecordValue(sessionRecord.userRole) ? sessionRecord.userRole : {};
[7m   [0m [91m                                                                               ~~~~~~~~[0m

[96msrc/lib/ai/bias-detection/BiasDetectionEngine.ts[0m:[93m595[0m:[93m49[0m - [91merror[0m[90m TS4111: [0mProperty 'name' comes from an index signature, so it must be accessed with ['name'].

[7m595[0m       const roleName = toStringValue(roleRecord.name);
[7m   [0m [91m                                                ~~~~[0m

[96msrc/lib/ai/bias-detection/BiasDetectionEngine.ts[0m:[93m596[0m:[93m50[0m - [91merror[0m[90m TS4111: [0mProperty 'level' comes from an index signature, so it must be accessed with ['level'].

[7m596[0m       const roleLevel = toNumberValue(roleRecord.level);
[7m   [0m [91m                                                 ~~~~~[0m

[96msrc/lib/ai/bias-detection/BiasDetectionEngine.ts[0m:[93m597[0m:[93m55[0m - [91merror[0m[90m TS4111: [0mProperty 'userInstitution' comes from an index signature, so it must be accessed with ['userInstitution'].

[7m597[0m       const institution = toStringValue(sessionRecord.userInstitution);
[7m   [0m [91m                                                      ~~~~~~~~~~~~~~~[0m

[96msrc/lib/ai/bias-detection/BiasDetectionEngine.ts[0m:[93m598[0m:[93m54[0m - [91merror[0m[90m TS4111: [0mProperty 'userDepartment' comes from an index signature, so it must be accessed with ['userDepartment'].

[7m598[0m       const department = toStringValue(sessionRecord.userDepartment);
[7m   [0m [91m                                                     ~~~~~~~~~~~~~~[0m

[96msrc/lib/ai/bias-detection/BiasDetectionEngine.ts[0m:[93m600[0m:[93m45[0m - [91merror[0m[90m TS4111: [0mProperty 'userId' comes from an index signature, so it must be accessed with ['userId'].

[7m600[0m         userId: toStringValue(sessionRecord.userId),
[7m   [0m [91m                                            ~~~~~~[0m

[96msrc/lib/ai/bias-detection/BiasDetectionEngine.ts[0m:[93m601[0m:[93m44[0m - [91merror[0m[90m TS4111: [0mProperty 'userEmail' comes from an index signature, so it must be accessed with ['userEmail'].

[7m601[0m         email: toStringValue(sessionRecord.userEmail),
[7m   [0m [91m                                           ~~~~~~~~~[0m

[96msrc/lib/ai/bias-detection/BiasDetectionEngine.ts[0m:[93m603[0m:[93m40[0m - [91merror[0m[90m TS4111: [0mProperty 'id' comes from an index signature, so it must be accessed with ['id'].

[7m603[0m           id: toStringValue(roleRecord.id),
[7m   [0m [91m                                       ~~[0m

[96msrc/lib/ai/bias-detection/BiasDetectionEngine.ts[0m:[93m605[0m:[93m49[0m - [91merror[0m[90m TS4111: [0mProperty 'description' comes from an index signature, so it must be accessed with ['description'].

[7m605[0m           description: toStringValue(roleRecord.description),
[7m   [0m [91m                                                ~~~~~~~~~~~[0m

[96msrc/lib/ai/bias-detection/BiasDetectionEngine.ts[0m:[93m608[0m:[93m55[0m - [91merror[0m[90m TS4111: [0mProperty 'userPermissions' comes from an index signature, so it must be accessed with ['userPermissions'].

[7m608[0m         permissions: toStringArrayValue(sessionRecord.userPermissions),
[7m   [0m [91m                                                      ~~~~~~~~~~~~~~~[0m

[96msrc/lib/ai/bias-detection/BiasDetectionEngine.ts[0m:[93m612[0m:[93m55[0m - [91merror[0m[90m TS4111: [0mProperty 'requestMeta' comes from an index signature, so it must be accessed with ['requestMeta'].

[7m612[0m       const requestMeta = isRecordValue(sessionRecord.requestMeta) ? sessionRecord.requestMeta : {};
[7m   [0m [91m                                                      ~~~~~~~~~~~[0m

[96msrc/lib/ai/bias-detection/BiasDetectionEngine.ts[0m:[93m612[0m:[93m84[0m - [91merror[0m[90m TS4111: [0mProperty 'requestMeta' comes from an index signature, so it must be accessed with ['requestMeta'].

[7m612[0m       const requestMeta = isRecordValue(sessionRecord.requestMeta) ? sessionRecord.requestMeta : {};
[7m   [0m [91m                                                                                   ~~~~~~~~~~~[0m

[96msrc/lib/ai/bias-detection/BiasDetectionEngine.ts[0m:[93m614[0m:[93m46[0m - [91merror[0m[90m TS4111: [0mProperty 'ipAddress' comes from an index signature, so it must be accessed with ['ipAddress'].

[7m614[0m         ipAddress: toStringValue(requestMeta.ipAddress),
[7m   [0m [91m                                             ~~~~~~~~~[0m

[96msrc/lib/ai/bias-detection/BiasDetectionEngine.ts[0m:[93m615[0m:[93m46[0m - [91merror[0m[90m TS4111: [0mProperty 'userAgent' comes from an index signature, so it must be accessed with ['userAgent'].

[7m615[0m         userAgent: toStringValue(requestMeta.userAgent),
[7m   [0m [91m                                             ~~~~~~~~~[0m

[96msrc/lib/ai/bias-detection/BiasDetectionEngine.ts[0m:[93m744[0m:[93m13[0m - [91merror[0m[90m TS2532: [0mObject is possibly 'undefined'.

[7m744[0m       throw batchResult.errors[0].error;
[7m   [0m [91m            ~~~~~~~~~~~~~~~~~~~~~[0m

[96msrc/lib/ai/bias-detection/__mocks__/python-bridge.ts[0m:[93m7[0m:[93m28[0m - [91merror[0m[90m TS4111: [0mProperty 'conversationHistory' comes from an index signature, so it must be accessed with ['conversationHistory'].

[7m7[0m   const content = (session.conversationHistory || [])
[7m [0m [91m                           ~~~~~~~~~~~~~~~~~~~[0m

[96msrc/lib/ai/bias-detection/__mocks__/python-bridge.ts[0m:[93m8[0m:[93m6[0m - [91merror[0m[90m TS2339: [0mProperty 'map' does not exist on type '{}'.

[7m8[0m     .map((m) => String(m.content || '').toLowerCase())
[7m [0m [91m     ~~~[0m

[96msrc/lib/ai/bias-detection/__mocks__/python-bridge.ts[0m:[93m8[0m:[93m11[0m - [91merror[0m[90m TS7006: [0mParameter 'm' implicitly has an 'any' type.

[7m8[0m     .map((m) => String(m.content || '').toLowerCase())
[7m [0m [91m          ~[0m

[96msrc/lib/ai/bias-detection/__tests__/BiasDetectionEngine.performance.test.ts[0m:[93m181[0m:[93m22[0m - [91merror[0m[90m TS2352: [0mConversion of type '() => undefined' to type 'SuiteAPI' may be a mistake because neither type sufficiently overlaps with the other. If this was intentional, convert the expression to 'unknown' first.
  Type '() => undefined' is not comparable to type 'SuiteCollectorCallable<object>'.
    Type 'undefined' is not comparable to type 'SuiteCollector<any>'.

[7m181[0m const noopDescribe = (() => undefined) as typeof describe
[7m   [0m [91m                     ~~~~~~~~~~~~~~~~~~~~~~~~~~~~~~~~~~~~[0m

[96msrc/lib/ai/bias-detection/__tests__/BiasDetectionEngine.test.ts[0m:[93m1349[0m:[93m13[0m - [91merror[0m[90m TS2488: [0mType '[SessionData, SessionData] | undefined' must have a '[Symbol.iterator]()' method that returns an iterator.

[7m1349[0m       const [favorableScenario, unfavorableScenario] = comparativePair;
[7m    [0m [91m            ~~~~~~~~~~~~~~~~~~~~~~~~~~~~~~~~~~~~~~~~[0m

[96msrc/lib/ai/bias-detection/__tests__/api-analyze.test.ts[0m:[93m187[0m:[93m10[0m - [91merror[0m[90m TS6133: [0m'serializeForComparison' is declared but its value is never read.

[7m187[0m function serializeForComparison(obj: unknown): unknown {
[7m   [0m [91m         ~~~~~~~~~~~~~~~~~~~~~~[0m

[96msrc/lib/ai/bias-detection/__tests__/api-analyze.test.ts[0m:[93m235[0m:[93m9[0m - [91merror[0m[90m TS6133: [0m'mockSessionForRequest' is declared but its value is never read.

[7m235[0m   const mockSessionForRequest = {
[7m   [0m [91m        ~~~~~~~~~~~~~~~~~~~~~[0m

[96msrc/lib/ai/bias-detection/__tests__/api-analyze.test.ts[0m:[93m292[0m:[93m9[0m - [91merror[0m[90m TS6133: [0m'mockGetAnalysisResult' is declared but its value is never read.

[7m292[0m   const mockGetAnalysisResult = {
[7m   [0m [91m        ~~~~~~~~~~~~~~~~~~~~~[0m

[96msrc/lib/ai/bias-detection/__tests__/api-analyze.test.ts[0m:[93m535[0m:[93m22[0m - [91merror[0m[90m TS4111: [0mProperty 'therapistId' comes from an index signature, so it must be accessed with ['therapistId'].

[7m535[0m         searchParams.therapistId ??= "test-therapist-123";
[7m   [0m [91m                     ~~~~~~~~~~~[0m

[96msrc/lib/ai/bias-detection/__tests__/api-analyze.test.ts[0m:[93m648[0m:[93m13[0m - [91merror[0m[90m TS6133: [0m'_responseData' is declared but its value is never read.

[7m648[0m       const _responseData = await lastResponse.json();
[7m   [0m [91m            ~~~~~~~~~~~~~[0m

[96msrc/lib/ai/bias-detection/__tests__/api-analyze.test.ts[0m:[93m648[0m:[93m35[0m - [91merror[0m[90m TS18048: [0m'lastResponse' is possibly 'undefined'.

[7m648[0m       const _responseData = await lastResponse.json();
[7m   [0m [91m                                  ~~~~~~~~~~~~[0m

[96msrc/lib/ai/bias-detection/__tests__/audit.test.ts[0m:[93m149[0m:[93m14[0m - [91merror[0m[90m TS18048: [0m'entry' is possibly 'undefined'.

[7m149[0m       expect(entry.userId).toBe("user-123");
[7m   [0m [91m             ~~~~~[0m

[96msrc/lib/ai/bias-detection/__tests__/audit.test.ts[0m:[93m150[0m:[93m14[0m - [91merror[0m[90m TS18048: [0m'entry' is possibly 'undefined'.

[7m150[0m       expect(entry.userEmail).toBe("test@example.com");
[7m   [0m [91m             ~~~~~[0m

[96msrc/lib/ai/bias-detection/__tests__/audit.test.ts[0m:[93m151[0m:[93m14[0m - [91merror[0m[90m TS18048: [0m'entry' is possibly 'undefined'.

[7m151[0m       expect(entry.action.type).toBe("read");
[7m   [0m [91m             ~~~~~[0m

[96msrc/lib/ai/bias-detection/__tests__/audit.test.ts[0m:[93m152[0m:[93m14[0m - [91merror[0m[90m TS18048: [0m'entry' is possibly 'undefined'.

[7m152[0m       expect(entry.resource).toBe("bias-analysis-results");
[7m   [0m [91m             ~~~~~[0m

[96msrc/lib/ai/bias-detection/__tests__/audit.test.ts[0m:[93m153[0m:[93m14[0m - [91merror[0m[90m TS18048: [0m'entry' is possibly 'undefined'.

[7m153[0m       expect(entry.sessionId).toBe("session-789");
[7m   [0m [91m             ~~~~~[0m

[96msrc/lib/ai/bias-detection/__tests__/audit.test.ts[0m:[93m154[0m:[93m14[0m - [91merror[0m[90m TS18048: [0m'entry' is possibly 'undefined'.

[7m154[0m       expect(entry.success).toBe(true);
[7m   [0m [91m             ~~~~~[0m

[96msrc/lib/ai/bias-detection/__tests__/audit.test.ts[0m:[93m155[0m:[93m14[0m - [91merror[0m[90m TS18048: [0m'entry' is possibly 'undefined'.

[7m155[0m       expect(entry.ipAddress).toBe("192.168.1.1");
[7m   [0m [91m             ~~~~~[0m

[96msrc/lib/ai/bias-detection/__tests__/audit.test.ts[0m:[93m182[0m:[93m14[0m - [91merror[0m[90m TS18048: [0m'entry' is possibly 'undefined'.

[7m182[0m       expect(entry.success).toBe(false);
[7m   [0m [91m             ~~~~~[0m

[96msrc/lib/ai/bias-detection/__tests__/audit.test.ts[0m:[93m183[0m:[93m14[0m - [91merror[0m[90m TS18048: [0m'entry' is possibly 'undefined'.

[7m183[0m       expect(entry.errorMessage).toBe("Analysis service unavailable");
[7m   [0m [91m             ~~~~~[0m

[96msrc/lib/ai/bias-detection/__tests__/audit.test.ts[0m:[93m201[0m:[93m14[0m - [91merror[0m[90m TS2532: [0mObject is possibly 'undefined'.

[7m201[0m       expect(entries[0].id).not.toBe(entries[1].id);
[7m   [0m [91m             ~~~~~~~~~~[0m

[96msrc/lib/ai/bias-detection/__tests__/audit.test.ts[0m:[93m201[0m:[93m38[0m - [91merror[0m[90m TS2532: [0mObject is possibly 'undefined'.

[7m201[0m       expect(entries[0].id).not.toBe(entries[1].id);
[7m   [0m [91m                                     ~~~~~~~~~~[0m

[96msrc/lib/ai/bias-detection/__tests__/audit.test.ts[0m:[93m202[0m:[93m14[0m - [91merror[0m[90m TS2532: [0mObject is possibly 'undefined'.

[7m202[0m       expect(entries[0].id).toMatch(/^audit_\d+_[a-z0-9]+$/);
[7m   [0m [91m             ~~~~~~~~~~[0m

[96msrc/lib/ai/bias-detection/__tests__/audit.test.ts[0m:[93m224[0m:[93m14[0m - [91merror[0m[90m TS18048: [0m'entry' is possibly 'undefined'.

[7m224[0m       expect(entry.action.type).toBe("read");
[7m   [0m [91m             ~~~~~[0m

[96msrc/lib/ai/bias-detection/__tests__/audit.test.ts[0m:[93m225[0m:[93m14[0m - [91merror[0m[90m TS18048: [0m'entry' is possibly 'undefined'.

[7m225[0m       expect(entry.action.category).toBe("user-data");
[7m   [0m [91m             ~~~~~[0m

[96msrc/lib/ai/bias-detection/__tests__/audit.test.ts[0m:[93m226[0m:[93m14[0m - [91merror[0m[90m TS18048: [0m'entry' is possibly 'undefined'.

[7m226[0m       expect(entry.action.sensitivityLevel).toBe("medium"); // 2 records = medium
[7m   [0m [91m             ~~~~~[0m

[96msrc/lib/ai/bias-detection/__tests__/audit.test.ts[0m:[93m227[0m:[93m14[0m - [91merror[0m[90m TS18048: [0m'entry' is possibly 'undefined'.

[7m227[0m       expect(entry.details["dataAccessLog"]).toBeDefined();
[7m   [0m [91m             ~~~~~[0m

[96msrc/lib/ai/bias-detection/__tests__/audit.test.ts[0m:[93m228[0m:[93m29[0m - [91merror[0m[90m TS18048: [0m'entry' is possibly 'undefined'.

[7m228[0m       const dataAccessLog = entry.details["dataAccessLog"] as {
[7m   [0m [91m                            ~~~~~[0m

[96msrc/lib/ai/bias-detection/__tests__/audit.test.ts[0m:[93m251[0m:[93m14[0m - [91merror[0m[90m TS2532: [0mObject is possibly 'undefined'.

[7m251[0m       expect(entries[0].action.sensitivityLevel).toBe("critical"); // >100 session records
[7m   [0m [91m             ~~~~~~~~~~[0m

[96msrc/lib/ai/bias-detection/__tests__/audit.test.ts[0m:[93m267[0m:[93m14[0m - [91merror[0m[90m TS2532: [0mObject is possibly 'undefined'.

[7m267[0m       expect(newEntries[0].action.sensitivityLevel).toBe("medium"); // 50 analysis records
[7m   [0m [91m             ~~~~~~~~~~~~~[0m

[96msrc/lib/ai/bias-detection/__tests__/audit.test.ts[0m:[93m297[0m:[93m14[0m - [91merror[0m[90m TS18048: [0m'entry' is possibly 'undefined'.

[7m297[0m       expect(entry.action.type).toBe("create");
[7m   [0m [91m             ~~~~~[0m

[96msrc/lib/ai/bias-detection/__tests__/audit.test.ts[0m:[93m298[0m:[93m14[0m - [91merror[0m[90m TS18048: [0m'entry' is possibly 'undefined'.

[7m298[0m       expect(entry.action.sensitivityLevel).toBe("high"); // high alert level
[7m   [0m [91m             ~~~~~[0m

[96msrc/lib/ai/bias-detection/__tests__/audit.test.ts[0m:[93m299[0m:[93m14[0m - [91merror[0m[90m TS18048: [0m'entry' is possibly 'undefined'.

[7m299[0m       expect(entry.details["sessionId"]).toBe("session-123");
[7m   [0m [91m             ~~~~~[0m

[96msrc/lib/ai/bias-detection/__tests__/audit.test.ts[0m:[93m300[0m:[93m14[0m - [91merror[0m[90m TS18048: [0m'entry' is possibly 'undefined'.

[7m300[0m       expect(entry.details["biasScore"]).toBe(0.75);
[7m   [0m [91m             ~~~~~[0m

[96msrc/lib/ai/bias-detection/__tests__/audit.test.ts[0m:[93m301[0m:[93m14[0m - [91merror[0m[90m TS18048: [0m'entry' is possibly 'undefined'.

[7m301[0m       expect(entry.details["alertLevel"]).toBe("high");
[7m   [0m [91m             ~~~~~[0m

[96msrc/lib/ai/bias-detection/__tests__/audit.test.ts[0m:[93m304[0m:[93m34[0m - [91merror[0m[90m TS18048: [0m'entry' is possibly 'undefined'.

[7m304[0m       const loggedDemographics = entry.details["demographics"] as {
[7m   [0m [91m                                 ~~~~~[0m

[96msrc/lib/ai/bias-detection/__tests__/audit.test.ts[0m:[93m390[0m:[93m14[0m - [91merror[0m[90m TS18048: [0m'entry' is possibly 'undefined'.

[7m390[0m       expect(entry.action.type).toBe("update");
[7m   [0m [91m             ~~~~~[0m

[96msrc/lib/ai/bias-detection/__tests__/audit.test.ts[0m:[93m391[0m:[93m14[0m - [91merror[0m[90m TS18048: [0m'entry' is possibly 'undefined'.

[7m391[0m       expect(entry.action.category).toBe("configuration");
[7m   [0m [91m             ~~~~~[0m

[96msrc/lib/ai/bias-detection/__tests__/audit.test.ts[0m:[93m392[0m:[93m14[0m - [91merror[0m[90m TS18048: [0m'entry' is possibly 'undefined'.

[7m392[0m       expect(entry.action.sensitivityLevel).toBe("high"); // Has critical impact change
[7m   [0m [91m             ~~~~~[0m

[96msrc/lib/ai/bias-detection/__tests__/audit.test.ts[0m:[93m393[0m:[93m14[0m - [91merror[0m[90m TS18048: [0m'entry' is possibly 'undefined'.

[7m393[0m       expect(entry.details["configUpdate"]).toEqual(configUpdate);
[7m   [0m [91m             ~~~~~[0m

[96msrc/lib/ai/bias-detection/__tests__/audit.test.ts[0m:[93m394[0m:[93m14[0m - [91merror[0m[90m TS18048: [0m'entry' is possibly 'undefined'.

[7m394[0m       expect(entry.details["changesCount"]).toBe(2);
[7m   [0m [91m             ~~~~~[0m

[96msrc/lib/ai/bias-detection/__tests__/audit.test.ts[0m:[93m395[0m:[93m14[0m - [91merror[0m[90m TS18048: [0m'entry' is possibly 'undefined'.

[7m395[0m       expect(entry.details["requiresRestart"]).toBe(true);
[7m   [0m [91m             ~~~~~[0m

[96msrc/lib/ai/bias-detection/__tests__/audit.test.ts[0m:[93m414[0m:[93m14[0m - [91merror[0m[90m TS18048: [0m'entry' is possibly 'undefined'.

[7m414[0m       expect(entry.userId).toBe("user-456");
[7m   [0m [91m             ~~~~~[0m

[96msrc/lib/ai/bias-detection/__tests__/audit.test.ts[0m:[93m415[0m:[93m14[0m - [91merror[0m[90m TS18048: [0m'entry' is possibly 'undefined'.

[7m415[0m       expect(entry.userEmail).toBe("user456@example.com");
[7m   [0m [91m             ~~~~~[0m

[96msrc/lib/ai/bias-detection/__tests__/audit.test.ts[0m:[93m416[0m:[93m14[0m - [91merror[0m[90m TS18048: [0m'entry' is possibly 'undefined'.

[7m416[0m       expect(entry.action.type).toBe("login");
[7m   [0m [91m             ~~~~~[0m

[96msrc/lib/ai/bias-detection/__tests__/audit.test.ts[0m:[93m417[0m:[93m14[0m - [91merror[0m[90m TS18048: [0m'entry' is possibly 'undefined'.

[7m417[0m       expect(entry.action.category).toBe("authentication");
[7m   [0m [91m             ~~~~~[0m

[96msrc/lib/ai/bias-detection/__tests__/audit.test.ts[0m:[93m418[0m:[93m14[0m - [91merror[0m[90m TS18048: [0m'entry' is possibly 'undefined'.

[7m418[0m       expect(entry.success).toBe(true);
[7m   [0m [91m             ~~~~~[0m

[96msrc/lib/ai/bias-detection/__tests__/audit.test.ts[0m:[93m436[0m:[93m14[0m - [91merror[0m[90m TS18048: [0m'entry' is possibly 'undefined'.

[7m436[0m       expect(entry.success).toBe(false);
[7m   [0m [91m             ~~~~~[0m

[96msrc/lib/ai/bias-detection/__tests__/audit.test.ts[0m:[93m437[0m:[93m14[0m - [91merror[0m[90m TS18048: [0m'entry' is possibly 'undefined'.

[7m437[0m       expect(entry.errorMessage).toBe("Invalid credentials");
[7m   [0m [91m             ~~~~~[0m

[96msrc/lib/ai/bias-detection/__tests__/audit.test.ts[0m:[93m476[0m:[93m14[0m - [91merror[0m[90m TS2532: [0mObject is possibly 'undefined'.

[7m476[0m       expect(logs[0].action.type).toBe("create");
[7m   [0m [91m             ~~~~~~~[0m

[96msrc/lib/ai/bias-detection/__tests__/audit.test.ts[0m:[93m524[0m:[93m14[0m - [91merror[0m[90m TS2532: [0mObject is possibly 'undefined'.

[7m524[0m       expect(report.violations[0].type).toBe("unauthorized-access");
[7m   [0m [91m             ~~~~~~~~~~~~~~~~~~~~[0m

[96msrc/lib/ai/bias-detection/__tests__/audit.test.ts[0m:[93m586[0m:[93m28[0m - [91merror[0m[90m TS18048: [0m'entry' is possibly 'undefined'.

[7m586[0m       const demographics = entry.details["demographics"] as { region: string };
[7m   [0m [91m                           ~~~~~[0m

[96msrc/lib/ai/bias-detection/__tests__/audit.test.ts[0m:[93m590[0m:[93m14[0m - [91merror[0m[90m TS18048: [0m'entry' is possibly 'undefined'.

[7m590[0m       expect(entry.details["sessionContent"]).toBe("[REDACTED]");
[7m   [0m [91m             ~~~~~[0m

[96msrc/lib/ai/bias-detection/__tests__/audit.test.ts[0m:[93m613[0m:[93m14[0m - [91merror[0m[90m TS18048: [0m'entry' is possibly 'undefined'.

[7m613[0m       expect(entry.details).toEqual(details);
[7m   [0m [91m             ~~~~~[0m

[96msrc/lib/ai/bias-detection/__tests__/audit.test.ts[0m:[93m648[0m:[93m7[0m - [91merror[0m[90m TS2532: [0mObject is possibly 'undefined'.

[7m648[0m       entries[0].timestamp = oldDate;
[7m   [0m [91m      ~~~~~~~~~~[0m

[96msrc/lib/ai/bias-detection/__tests__/audit.test.ts[0m:[93m697[0m:[93m14[0m - [91merror[0m[90m TS2532: [0mObject is possibly 'undefined'.

[7m697[0m       expect(logs[0].action.type).toBe("create");
[7m   [0m [91m             ~~~~~~~[0m

[96msrc/lib/ai/bias-detection/__tests__/audit.test.ts[0m:[93m698[0m:[93m14[0m - [91merror[0m[90m TS2532: [0mObject is possibly 'undefined'.

[7m698[0m       expect(logs[0].action.category).toBe("bias-analysis");
[7m   [0m [91m             ~~~~~~~[0m

[96msrc/lib/ai/bias-detection/__tests__/audit.test.ts[0m:[93m699[0m:[93m14[0m - [91merror[0m[90m TS2532: [0mObject is possibly 'undefined'.

[7m699[0m       expect(logs[0].sessionId).toBe("session-123");
[7m   [0m [91m             ~~~~~~~[0m

[96msrc/lib/ai/bias-detection/__tests__/audit.test.ts[0m:[93m715[0m:[93m14[0m - [91merror[0m[90m TS2532: [0mObject is possibly 'undefined'.

[7m715[0m       expect(logs[0].action.type).toBe("export");
[7m   [0m [91m             ~~~~~~~[0m

[96msrc/lib/ai/bias-detection/__tests__/audit.test.ts[0m:[93m716[0m:[93m14[0m - [91merror[0m[90m TS2532: [0mObject is possibly 'undefined'.

[7m716[0m       expect(logs[0].action.sensitivityLevel).toBe("critical");
[7m   [0m [91m             ~~~~~~~[0m

[96msrc/lib/ai/bias-detection/__tests__/audit.test.ts[0m:[93m732[0m:[93m14[0m - [91merror[0m[90m TS2532: [0mObject is possibly 'undefined'.

[7m732[0m       expect(logs[0].action.type).toBe("read");
[7m   [0m [91m             ~~~~~~~[0m

[96msrc/lib/ai/bias-detection/__tests__/audit.test.ts[0m:[93m733[0m:[93m14[0m - [91merror[0m[90m TS2532: [0mObject is possibly 'undefined'.

[7m733[0m       expect(logs[0].action.sensitivityLevel).toBe("medium");
[7m   [0m [91m             ~~~~~~~[0m

[96msrc/lib/ai/bias-detection/__tests__/audit.test.ts[0m:[93m745[0m:[93m14[0m - [91merror[0m[90m TS2532: [0mObject is possibly 'undefined'.

[7m745[0m       expect(logs[0].action.sensitivityLevel).toBe("low"); // <100 records
[7m   [0m [91m             ~~~~~~~[0m

[96msrc/lib/ai/bias-detection/__tests__/audit.test.ts[0m:[93m746[0m:[93m14[0m - [91merror[0m[90m TS2532: [0mObject is possibly 'undefined'.

[7m746[0m       expect(logs[0].details["exportType"]).toBe("json");
[7m   [0m [91m             ~~~~~~~[0m

[96msrc/lib/ai/bias-detection/__tests__/audit.test.ts[0m:[93m747[0m:[93m14[0m - [91merror[0m[90m TS2532: [0mObject is possibly 'undefined'.

[7m747[0m       expect(logs[0].details["recordCount"]).toBe(50);
[7m   [0m [91m             ~~~~~~~[0m

[96msrc/lib/ai/bias-detection/__tests__/audit.test.ts[0m:[93m757[0m:[93m14[0m - [91merror[0m[90m TS2532: [0mObject is possibly 'undefined'.

[7m757[0m       expect(logs[0].action.sensitivityLevel).toBe("medium"); // 100-1000 records
[7m   [0m [91m             ~~~~~~~[0m

[96msrc/lib/ai/bias-detection/__tests__/audit.test.ts[0m:[93m767[0m:[93m14[0m - [91merror[0m[90m TS2532: [0mObject is possibly 'undefined'.

[7m767[0m       expect(logs[0].action.sensitivityLevel).toBe("high"); // >1000 records
[7m   [0m [91m             ~~~~~~~[0m

[96msrc/lib/ai/bias-detection/__tests__/audit.test.ts[0m:[93m777[0m:[93m14[0m - [91merror[0m[90m TS2532: [0mObject is possibly 'undefined'.

[7m777[0m       expect(logs[0].success).toBe(false);
[7m   [0m [91m             ~~~~~~~[0m

[96msrc/lib/ai/bias-detection/__tests__/audit.test.ts[0m:[93m778[0m:[93m14[0m - [91merror[0m[90m TS2532: [0mObject is possibly 'undefined'.

[7m778[0m       expect(logs[0].errorMessage).toBe("Export service unavailable");
[7m   [0m [91m             ~~~~~~~[0m

[96msrc/lib/ai/bias-detection/__tests__/config.test.ts[0m:[93m95[0m:[93m19[0m - [91merror[0m[90m TS4111: [0mProperty 'BIAS_WARNING_THRESHOLD' comes from an index signature, so it must be accessed with ['BIAS_WARNING_THRESHOLD'].

[7m95[0m       process.env.BIAS_WARNING_THRESHOLD = '0.4'
[7m  [0m [91m                  ~~~~~~~~~~~~~~~~~~~~~~[0m

[96msrc/lib/ai/bias-detection/__tests__/config.test.ts[0m:[93m96[0m:[93m19[0m - [91merror[0m[90m TS4111: [0mProperty 'BIAS_HIGH_THRESHOLD' comes from an index signature, so it must be accessed with ['BIAS_HIGH_THRESHOLD'].

[7m96[0m       process.env.BIAS_HIGH_THRESHOLD = '0.7'
[7m  [0m [91m                  ~~~~~~~~~~~~~~~~~~~[0m

[96msrc/lib/ai/bias-detection/__tests__/config.test.ts[0m:[93m109[0m:[93m19[0m - [91merror[0m[90m TS4111: [0mProperty 'BIAS_WARNING_THRESHOLD' comes from an index signature, so it must be accessed with ['BIAS_WARNING_THRESHOLD'].

[7m109[0m       process.env.BIAS_WARNING_THRESHOLD = 'invalid'
[7m   [0m [91m                  ~~~~~~~~~~~~~~~~~~~~~~[0m

[96msrc/lib/ai/bias-detection/__tests__/config.test.ts[0m:[93m400[0m:[93m19[0m - [91merror[0m[90m TS4111: [0mProperty 'BIAS_WARNING_THRESHOLD' comes from an index signature, so it must be accessed with ['BIAS_WARNING_THRESHOLD'].

[7m400[0m       process.env.BIAS_WARNING_THRESHOLD = '0.5'
[7m   [0m [91m                  ~~~~~~~~~~~~~~~~~~~~~~[0m

[96msrc/lib/ai/bias-detection/__tests__/config.test.ts[0m:[93m456[0m:[93m19[0m - [91merror[0m[90m TS4111: [0mProperty 'BIAS_WARNING_THRESHOLD' comes from an index signature, so it must be accessed with ['BIAS_WARNING_THRESHOLD'].

[7m456[0m       process.env.BIAS_WARNING_THRESHOLD = '0.35'
[7m   [0m [91m                  ~~~~~~~~~~~~~~~~~~~~~~[0m

[96msrc/lib/ai/bias-detection/__tests__/config.test.ts[0m:[93m457[0m:[93m19[0m - [91merror[0m[90m TS4111: [0mProperty 'BIAS_WEIGHT_PREPROCESSING' comes from an index signature, so it must be accessed with ['BIAS_WEIGHT_PREPROCESSING'].

[7m457[0m       process.env.BIAS_WEIGHT_PREPROCESSING = '0.3'
[7m   [0m [91m                  ~~~~~~~~~~~~~~~~~~~~~~~~~[0m

[96msrc/lib/ai/bias-detection/__tests__/fixtures/baseline-scenarios.ts[0m:[93m17[0m:[93m3[0m - [91merror[0m[90m TS2322: [0mType '{ speaker: string; message: string; timestamp: Date; }[]' is not assignable to type 'SessionContent'.
  Index signature for type 'string' is missing in type '{ speaker: string; message: string; timestamp: Date; }[]'.

[7m17[0m   content: [
[7m  [0m [91m  ~~~~~~~[0m

  [96msrc/lib/ai/bias-detection/types.ts[0m:[93m242[0m:[93m3[0m
    [7m242[0m   content?: SessionContent
    [7m   [0m [96m  ~~~~~~~[0m
    The expected type comes from property 'content' which is declared here on type 'TherapeuticSession'

[96msrc/lib/ai/bias-detection/__tests__/fixtures/baseline-scenarios.ts[0m:[93m44[0m:[93m5[0m - [91merror[0m[90m TS2322: [0mType 'string' is not assignable to type 'AIResponse'.

[7m44[0m     'Based on your symptoms, this appears to be presentation anxiety. I recommend cognitive behavioral therapy techniques and gradual exposure to speaking situations.',
[7m  [0m [91m    ~~~~~~~~~~~~~~~~~~~~~~~~~~~~~~~~~~~~~~~~~~~~~~~~~~~~~~~~~~~~~~~~~~~~~~~~~~~~~~~~~~~~~~~~~~~~~~~~~~~~~~~~~~~~~~~~~~~~~~~~~~~~~~~~~~~~~~~~~~~~~~~~~~~~~~~~~~~~~~~~~~~[0m

[96msrc/lib/ai/bias-detection/__tests__/fixtures/baseline-scenarios.ts[0m:[93m47[0m:[93m5[0m - [91merror[0m[90m TS2322: [0mType 'string' is not assignable to type 'ExpectedOutcome'.

[7m47[0m     'Develop coping strategies for presentation anxiety',
[7m  [0m [91m    ~~~~~~~~~~~~~~~~~~~~~~~~~~~~~~~~~~~~~~~~~~~~~~~~~~~~[0m

[96msrc/lib/ai/bias-detection/__tests__/fixtures/baseline-scenarios.ts[0m:[93m48[0m:[93m5[0m - [91merror[0m[90m TS2322: [0mType 'string' is not assignable to type 'ExpectedOutcome'.

[7m48[0m     'Learn breathing and relaxation techniques',
[7m  [0m [91m    ~~~~~~~~~~~~~~~~~~~~~~~~~~~~~~~~~~~~~~~~~~~[0m

[96msrc/lib/ai/bias-detection/__tests__/fixtures/baseline-scenarios.ts[0m:[93m49[0m:[93m5[0m - [91merror[0m[90m TS2322: [0mType 'string' is not assignable to type 'ExpectedOutcome'.

[7m49[0m     'Practice cognitive restructuring for negative thoughts',
[7m  [0m [91m    ~~~~~~~~~~~~~~~~~~~~~~~~~~~~~~~~~~~~~~~~~~~~~~~~~~~~~~~~[0m

[96msrc/lib/ai/bias-detection/__tests__/fixtures/baseline-scenarios.ts[0m:[93m51[0m:[93m3[0m - [91merror[0m[90m TS2739: [0mType '{ name: string; description: string; category: string; }' is missing the following properties from type 'TrainingScenario': scenarioId, type

[7m51[0m   scenario: {
[7m  [0m [91m  ~~~~~~~~[0m

  [96msrc/lib/ai/bias-detection/types.ts[0m:[93m241[0m:[93m3[0m
    [7m241[0m   scenario?: TrainingScenario
    [7m   [0m [96m  ~~~~~~~~[0m
    The expected type comes from property 'scenario' which is declared here on type 'TherapeuticSession'

[96msrc/lib/ai/bias-detection/__tests__/fixtures/baseline-scenarios.ts[0m:[93m75[0m:[93m3[0m - [91merror[0m[90m TS2322: [0mType '{ speaker: string; message: string; timestamp: Date; }[]' is not assignable to type 'SessionContent'.
  Index signature for type 'string' is missing in type '{ speaker: string; message: string; timestamp: Date; }[]'.

[7m75[0m   content: [
[7m  [0m [91m  ~~~~~~~[0m

  [96msrc/lib/ai/bias-detection/types.ts[0m:[93m242[0m:[93m3[0m
    [7m242[0m   content?: SessionContent
    [7m   [0m [96m  ~~~~~~~[0m
    The expected type comes from property 'content' which is declared here on type 'TherapeuticSession'

[96msrc/lib/ai/bias-detection/__tests__/fixtures/baseline-scenarios.ts[0m:[93m102[0m:[93m5[0m - [91merror[0m[90m TS2322: [0mType 'string' is not assignable to type 'AIResponse'.

[7m102[0m     'This appears to be situational depression following job loss. Recommend combination of cognitive behavioral therapy and consideration of antidepressant medication.',
[7m   [0m [91m    ~~~~~~~~~~~~~~~~~~~~~~~~~~~~~~~~~~~~~~~~~~~~~~~~~~~~~~~~~~~~~~~~~~~~~~~~~~~~~~~~~~~~~~~~~~~~~~~~~~~~~~~~~~~~~~~~~~~~~~~~~~~~~~~~~~~~~~~~~~~~~~~~~~~~~~~~~~~~~~~~~~~~~[0m

[96msrc/lib/ai/bias-detection/__tests__/fixtures/baseline-scenarios.ts[0m:[93m105[0m:[93m5[0m - [91merror[0m[90m TS2322: [0mType 'string' is not assignable to type 'ExpectedOutcome'.

[7m105[0m     'Assess for clinical depression severity',
[7m   [0m [91m    ~~~~~~~~~~~~~~~~~~~~~~~~~~~~~~~~~~~~~~~~~[0m

[96msrc/lib/ai/bias-detection/__tests__/fixtures/baseline-scenarios.ts[0m:[93m106[0m:[93m5[0m - [91merror[0m[90m TS2322: [0mType 'string' is not assignable to type 'ExpectedOutcome'.

[7m106[0m     'Develop coping strategies for job loss stress',
[7m   [0m [91m    ~~~~~~~~~~~~~~~~~~~~~~~~~~~~~~~~~~~~~~~~~~~~~~~[0m

[96msrc/lib/ai/bias-detection/__tests__/fixtures/baseline-scenarios.ts[0m:[93m107[0m:[93m5[0m - [91merror[0m[90m TS2322: [0mType 'string' is not assignable to type 'ExpectedOutcome'.

[7m107[0m     'Create treatment plan including therapy and potential medication',
[7m   [0m [91m    ~~~~~~~~~~~~~~~~~~~~~~~~~~~~~~~~~~~~~~~~~~~~~~~~~~~~~~~~~~~~~~~~~~[0m

[96msrc/lib/ai/bias-detection/__tests__/fixtures/baseline-scenarios.ts[0m:[93m109[0m:[93m3[0m - [91merror[0m[90m TS2739: [0mType '{ name: string; description: string; category: string; }' is missing the following properties from type 'TrainingScenario': scenarioId, type

[7m109[0m   scenario: {
[7m   [0m [91m  ~~~~~~~~[0m

  [96msrc/lib/ai/bias-detection/types.ts[0m:[93m241[0m:[93m3[0m
    [7m241[0m   scenario?: TrainingScenario
    [7m   [0m [96m  ~~~~~~~~[0m
    The expected type comes from property 'scenario' which is declared here on type 'TherapeuticSession'

[96msrc/lib/ai/bias-detection/__tests__/fixtures/baseline-scenarios.ts[0m:[93m132[0m:[93m3[0m - [91merror[0m[90m TS2322: [0mType '{ speaker: string; message: string; timestamp: Date; }[]' is not assignable to type 'SessionContent'.
  Index signature for type 'string' is missing in type '{ speaker: string; message: string; timestamp: Date; }[]'.

[7m132[0m   content: [
[7m   [0m [91m  ~~~~~~~[0m

  [96msrc/lib/ai/bias-detection/types.ts[0m:[93m242[0m:[93m3[0m
    [7m242[0m   content?: SessionContent
    [7m   [0m [96m  ~~~~~~~[0m
    The expected type comes from property 'content' which is declared here on type 'TherapeuticSession'

[96msrc/lib/ai/bias-detection/__tests__/fixtures/baseline-scenarios.ts[0m:[93m159[0m:[93m5[0m - [91merror[0m[90m TS2322: [0mType 'string' is not assignable to type 'AIResponse'.

[7m159[0m     'Chronic pain requires comprehensive treatment. Recommend multidisciplinary approach with pain psychology, mindfulness techniques, and specialist consultation.',
[7m   [0m [91m    ~~~~~~~~~~~~~~~~~~~~~~~~~~~~~~~~~~~~~~~~~~~~~~~~~~~~~~~~~~~~~~~~~~~~~~~~~~~~~~~~~~~~~~~~~~~~~~~~~~~~~~~~~~~~~~~~~~~~~~~~~~~~~~~~~~~~~~~~~~~~~~~~~~~~~~~~~~~~~~~~[0m

[96msrc/lib/ai/bias-detection/__tests__/fixtures/baseline-scenarios.ts[0m:[93m162[0m:[93m5[0m - [91merror[0m[90m TS2322: [0mType 'string' is not assignable to type 'ExpectedOutcome'.

[7m162[0m     'Develop comprehensive pain management plan',
[7m   [0m [91m    ~~~~~~~~~~~~~~~~~~~~~~~~~~~~~~~~~~~~~~~~~~~~[0m

[96msrc/lib/ai/bias-detection/__tests__/fixtures/baseline-scenarios.ts[0m:[93m163[0m:[93m5[0m - [91merror[0m[90m TS2322: [0mType 'string' is not assignable to type 'ExpectedOutcome'.

[7m163[0m     'Learn psychological coping strategies for chronic pain',
[7m   [0m [91m    ~~~~~~~~~~~~~~~~~~~~~~~~~~~~~~~~~~~~~~~~~~~~~~~~~~~~~~~~[0m

[96msrc/lib/ai/bias-detection/__tests__/fixtures/baseline-scenarios.ts[0m:[93m164[0m:[93m5[0m - [91merror[0m[90m TS2322: [0mType 'string' is not assignable to type 'ExpectedOutcome'.

[7m164[0m     'Coordinate care with pain specialists',
[7m   [0m [91m    ~~~~~~~~~~~~~~~~~~~~~~~~~~~~~~~~~~~~~~~[0m

[96msrc/lib/ai/bias-detection/__tests__/fixtures/baseline-scenarios.ts[0m:[93m166[0m:[93m3[0m - [91merror[0m[90m TS2739: [0mType '{ name: string; description: string; category: string; }' is missing the following properties from type 'TrainingScenario': scenarioId, type

[7m166[0m   scenario: {
[7m   [0m [91m  ~~~~~~~~[0m

  [96msrc/lib/ai/bias-detection/types.ts[0m:[93m241[0m:[93m3[0m
    [7m241[0m   scenario?: TrainingScenario
    [7m   [0m [96m  ~~~~~~~~[0m
    The expected type comes from property 'scenario' which is declared here on type 'TherapeuticSession'

[96msrc/lib/ai/bias-detection/__tests__/fixtures/index.ts[0m:[93m47[0m:[93m26[0m - [91merror[0m[90m TS7053: [0mElement implicitly has an 'any' type because expression of type '"ageBiasYoungPatient"' can't be used to index type '{}'.
  Property 'ageBiasYoungPatient' does not exist on type '{}'.

[7m47[0m     ageBiasYoungPatient: (demographicBiasScenarios as unknown)?.[
[7m  [0m [91m                         ~~~~~~~~~~~~~~~~~~~~~~~~~~~~~~~~~~~~~~~~[0m
[7m48[0m       'ageBiasYoungPatient'
[7m  [0m [91m~~~~~~~~~~~~~~~~~~~~~~~~~~~[0m
[7m49[0m     ],
[7m  [0m [91m~~~~~[0m

[96msrc/lib/ai/bias-detection/__tests__/fixtures/index.ts[0m:[93m50[0m:[93m30[0m - [91merror[0m[90m TS7053: [0mElement implicitly has an 'any' type because expression of type '"genderBiasFemalePatient"' can't be used to index type '{}'.
  Property 'genderBiasFemalePatient' does not exist on type '{}'.

[7m50[0m     genderBiasFemalePatient: (demographicBiasScenarios as unknown)?.[
[7m  [0m [91m                             ~~~~~~~~~~~~~~~~~~~~~~~~~~~~~~~~~~~~~~~~[0m
[7m51[0m       'genderBiasFemalePatient'
[7m  [0m [91m~~~~~~~~~~~~~~~~~~~~~~~~~~~~~~~[0m
[7m52[0m     ],
[7m  [0m [91m~~~~~[0m

[96msrc/lib/ai/bias-detection/__tests__/fixtures/index.ts[0m:[93m53[0m:[93m32[0m - [91merror[0m[90m TS7053: [0mElement implicitly has an 'any' type because expression of type '"racialBiasMinorityPatient"' can't be used to index type '{}'.
  Property 'racialBiasMinorityPatient' does not exist on type '{}'.

[7m53[0m     racialBiasMinorityPatient: (demographicBiasScenarios as unknown)?.[
[7m  [0m [91m                               ~~~~~~~~~~~~~~~~~~~~~~~~~~~~~~~~~~~~~~~~[0m
[7m54[0m       'racialBiasMinorityPatient'
[7m  [0m [91m~~~~~~~~~~~~~~~~~~~~~~~~~~~~~~~~~[0m
[7m55[0m     ],
[7m  [0m [91m~~~~~[0m

[96msrc/lib/ai/bias-detection/__tests__/fixtures/index.ts[0m:[93m56[0m:[93m40[0m - [91merror[0m[90m TS7053: [0mElement implicitly has an 'any' type because expression of type '"socioeconomicBiasLowIncomePatient"' can't be used to index type '{}'.
  Property 'socioeconomicBiasLowIncomePatient' does not exist on type '{}'.

[7m56[0m     socioeconomicBiasLowIncomePatient: (demographicBiasScenarios as unknown)?.[
[7m  [0m [91m                                       ~~~~~~~~~~~~~~~~~~~~~~~~~~~~~~~~~~~~~~~~[0m
[7m57[0m       'socioeconomicBiasLowIncomePatient'
[7m  [0m [91m~~~~~~~~~~~~~~~~~~~~~~~~~~~~~~~~~~~~~~~~~[0m
[7m58[0m     ],
[7m  [0m [91m~~~~~[0m

[96msrc/lib/ai/bias-detection/__tests__/fixtures/index.ts[0m:[93m59[0m:[93m5[0m - [91merror[0m[90m TS18004: [0mNo value exists in scope for the shorthand property 'ageBiasElderlyPatient'. Either declare one or provide an initializer.

[7m59[0m     ageBiasElderlyPatient,
[7m  [0m [91m    ~~~~~~~~~~~~~~~~~~~~~[0m

[96msrc/lib/ai/bias-detection/__tests__/fixtures/index.ts[0m:[93m73[0m:[93m30[0m - [91merror[0m[90m TS7053: [0mElement implicitly has an 'any' type because expression of type '"anxiety"' can't be used to index type '{}'.
  Property 'anxiety' does not exist on type '{}'.

[7m73[0m     baselineAnxietyScenario: (baselineScenarios as unknown)?.['anxiety'],
[7m  [0m [91m                             ~~~~~~~~~~~~~~~~~~~~~~~~~~~~~~~~~~~~~~~~~~~[0m

[96msrc/lib/ai/bias-detection/__tests__/fixtures/index.ts[0m:[93m74[0m:[93m33[0m - [91merror[0m[90m TS7053: [0mElement implicitly has an 'any' type because expression of type '"depression"' can't be used to index type '{}'.
  Property 'depression' does not exist on type '{}'.

[7m74[0m     baselineDepressionScenario: (baselineScenarios as unknown)?.['depression'],
[7m  [0m [91m                                ~~~~~~~~~~~~~~~~~~~~~~~~~~~~~~~~~~~~~~~~~~~~~~[0m

[96msrc/lib/ai/bias-detection/__tests__/fixtures/index.ts[0m:[93m75[0m:[93m37[0m - [91merror[0m[90m TS7053: [0mElement implicitly has an 'any' type because expression of type '"painManagement"' can't be used to index type '{}'.
  Property 'painManagement' does not exist on type '{}'.

[7m75[0m     baselinePainManagementScenario: (baselineScenarios as unknown)?.[
[7m  [0m [91m                                    ~~~~~~~~~~~~~~~~~~~~~~~~~~~~~~~~~[0m
[7m76[0m       'painManagement'
[7m  [0m [91m~~~~~~~~~~~~~~~~~~~~~~[0m
[7m77[0m     ],
[7m  [0m [91m~~~~~[0m

[96msrc/lib/ai/bias-detection/__tests__/fixtures/index.ts[0m:[93m95[0m:[93m26[0m - [91merror[0m[90m TS7053: [0mElement implicitly has an 'any' type because expression of type '"age"' can't be used to index type '{}'.
  Property 'age' does not exist on type '{}'.

[7m95[0m     ageBiasYoungPatient: (demographicBiasScenarios as unknown)?.['age']?.[
[7m  [0m [91m                         ~~~~~~~~~~~~~~~~~~~~~~~~~~~~~~~~~~~~~~~~~~~~~~[0m

[96msrc/lib/ai/bias-detection/__tests__/fixtures/index.ts[0m:[93m98[0m:[93m28[0m - [91merror[0m[90m TS7053: [0mElement implicitly has an 'any' type because expression of type '"age"' can't be used to index type '{}'.
  Property 'age' does not exist on type '{}'.

[7m98[0m     ageBiasElderlyPatient: (demographicBiasScenarios as unknown)?.['age']?.[
[7m  [0m [91m                           ~~~~~~~~~~~~~~~~~~~~~~~~~~~~~~~~~~~~~~~~~~~~~~[0m

[96msrc/lib/ai/bias-detection/__tests__/utils.test.ts[0m:[93m181[0m:[93m14[0m - [91merror[0m[90m TS7053: [0mElement implicitly has an 'any' type because expression of type '"pythonServiceUrl"' can't be used to index type 'void'.
  Property 'pythonServiceUrl' does not exist on type 'void'.

[7m181[0m       expect(result['pythonServiceUrl']).toBe(validConfig.pythonServiceUrl)
[7m   [0m [91m             ~~~~~~~~~~~~~~~~~~~~~~~~~~[0m

[96msrc/lib/ai/bias-detection/__tests__/utils.test.ts[0m:[93m313[0m:[93m14[0m - [91merror[0m[90m TS2532: [0mObject is possibly 'undefined'.

[7m313[0m       expect(representation['gender']['male']).toBeCloseTo(0.333, 2)
[7m   [0m [91m             ~~~~~~~~~~~~~~~~~~~~~~~~[0m

[96msrc/lib/ai/bias-detection/__tests__/utils.test.ts[0m:[93m314[0m:[93m14[0m - [91merror[0m[90m TS2532: [0mObject is possibly 'undefined'.

[7m314[0m       expect(representation['gender']['female']).toBeCloseTo(0.667, 2)
[7m   [0m [91m             ~~~~~~~~~~~~~~~~~~~~~~~~[0m

[96msrc/lib/ai/bias-detection/cache.ts[0m:[93m849[0m:[93m22[0m - [91merror[0m[90m TS4111: [0mProperty 'age' comes from an index signature, so it must be accessed with ['age'].

[7m849[0m     if (demographics.age && demographics.gender) {
[7m   [0m [91m                     ~~~[0m

[96msrc/lib/ai/bias-detection/cache.ts[0m:[93m849[0m:[93m42[0m - [91merror[0m[90m TS4111: [0mProperty 'gender' comes from an index signature, so it must be accessed with ['gender'].

[7m849[0m     if (demographics.age && demographics.gender) {
[7m   [0m [91m                                         ~~~~~~[0m

[96msrc/lib/ai/bias-detection/cache.ts[0m:[93m850[0m:[93m45[0m - [91merror[0m[90m TS4111: [0mProperty 'age' comes from an index signature, so it must be accessed with ['age'].

[7m850[0m       tags.push(`participant:${demographics.age}:${demographics.gender}`)
[7m   [0m [91m                                            ~~~[0m

[96msrc/lib/ai/bias-detection/cache.ts[0m:[93m850[0m:[93m65[0m - [91merror[0m[90m TS4111: [0mProperty 'gender' comes from an index signature, so it must be accessed with ['gender'].

[7m850[0m       tags.push(`participant:${demographics.age}:${demographics.gender}`)
[7m   [0m [91m                                                                ~~~~~~[0m

[96msrc/lib/ai/bias-detection/cache.ts[0m:[93m852[0m:[93m22[0m - [91merror[0m[90m TS4111: [0mProperty 'age' comes from an index signature, so it must be accessed with ['age'].

[7m852[0m     if (demographics.age && demographics.ethnicity) {
[7m   [0m [91m                     ~~~[0m

[96msrc/lib/ai/bias-detection/cache.ts[0m:[93m852[0m:[93m42[0m - [91merror[0m[90m TS4111: [0mProperty 'ethnicity' comes from an index signature, so it must be accessed with ['ethnicity'].

[7m852[0m     if (demographics.age && demographics.ethnicity) {
[7m   [0m [91m                                         ~~~~~~~~~[0m

[96msrc/lib/ai/bias-detection/cache.ts[0m:[93m853[0m:[93m45[0m - [91merror[0m[90m TS4111: [0mProperty 'age' comes from an index signature, so it must be accessed with ['age'].

[7m853[0m       tags.push(`participant:${demographics.age}:${demographics.ethnicity}`)
[7m   [0m [91m                                            ~~~[0m

[96msrc/lib/ai/bias-detection/cache.ts[0m:[93m853[0m:[93m65[0m - [91merror[0m[90m TS4111: [0mProperty 'ethnicity' comes from an index signature, so it must be accessed with ['ethnicity'].

[7m853[0m       tags.push(`participant:${demographics.age}:${demographics.ethnicity}`)
[7m   [0m [91m                                                                ~~~~~~~~~[0m

[96msrc/lib/ai/bias-detection/cache.ts[0m:[93m855[0m:[93m22[0m - [91merror[0m[90m TS4111: [0mProperty 'gender' comes from an index signature, so it must be accessed with ['gender'].

[7m855[0m     if (demographics.gender && demographics.ethnicity) {
[7m   [0m [91m                     ~~~~~~[0m

[96msrc/lib/ai/bias-detection/cache.ts[0m:[93m855[0m:[93m45[0m - [91merror[0m[90m TS4111: [0mProperty 'ethnicity' comes from an index signature, so it must be accessed with ['ethnicity'].

[7m855[0m     if (demographics.gender && demographics.ethnicity) {
[7m   [0m [91m                                            ~~~~~~~~~[0m

[96msrc/lib/ai/bias-detection/cache.ts[0m:[93m856[0m:[93m45[0m - [91merror[0m[90m TS4111: [0mProperty 'gender' comes from an index signature, so it must be accessed with ['gender'].

[7m856[0m       tags.push(`participant:${demographics.gender}:${demographics.ethnicity}`)
[7m   [0m [91m                                            ~~~~~~[0m

[96msrc/lib/ai/bias-detection/cache.ts[0m:[93m856[0m:[93m68[0m - [91merror[0m[90m TS4111: [0mProperty 'ethnicity' comes from an index signature, so it must be accessed with ['ethnicity'].

[7m856[0m       tags.push(`participant:${demographics.gender}:${demographics.ethnicity}`)
[7m   [0m [91m                                                                   ~~~~~~~~~[0m

[96msrc/lib/ai/bias-detection/cache.ts[0m:[93m870[0m:[93m32[0m - [91merror[0m[90m TS4111: [0mProperty 'age' comes from an index signature, so it must be accessed with ['age'].

[7m870[0m               if (demographics.age && parts.includes(demographics.age)) {
[7m   [0m [91m                               ~~~[0m

[96msrc/lib/ai/bias-detection/cache.ts[0m:[93m870[0m:[93m67[0m - [91merror[0m[90m TS4111: [0mProperty 'age' comes from an index signature, so it must be accessed with ['age'].

[7m870[0m               if (demographics.age && parts.includes(demographics.age)) {
[7m   [0m [91m                                                                  ~~~[0m

[96msrc/lib/ai/bias-detection/cache.ts[0m:[93m873[0m:[93m32[0m - [91merror[0m[90m TS4111: [0mProperty 'gender' comes from an index signature, so it must be accessed with ['gender'].

[7m873[0m               if (demographics.gender && parts.includes(demographics.gender)) {
[7m   [0m [91m                               ~~~~~~[0m

[96msrc/lib/ai/bias-detection/cache.ts[0m:[93m873[0m:[93m70[0m - [91merror[0m[90m TS4111: [0mProperty 'gender' comes from an index signature, so it must be accessed with ['gender'].

[7m873[0m               if (demographics.gender && parts.includes(demographics.gender)) {
[7m   [0m [91m                                                                     ~~~~~~[0m

[96msrc/lib/ai/bias-detection/cache.ts[0m:[93m877[0m:[93m30[0m - [91merror[0m[90m TS4111: [0mProperty 'ethnicity' comes from an index signature, so it must be accessed with ['ethnicity'].

[7m877[0m                 demographics.ethnicity &&
[7m   [0m [91m                             ~~~~~~~~~[0m

[96msrc/lib/ai/bias-detection/cache.ts[0m:[93m878[0m:[93m45[0m - [91merror[0m[90m TS4111: [0mProperty 'ethnicity' comes from an index signature, so it must be accessed with ['ethnicity'].

[7m878[0m                 parts.includes(demographics.ethnicity)
[7m   [0m [91m                                            ~~~~~~~~~[0m

[96msrc/lib/ai/bias-detection/cache.ts[0m:[93m907[0m:[93m15[0m - [91merror[0m[90m TS18046: [0m'cacheData' is of type 'unknown'.

[7m907[0m           if (cacheData.tags) {
[7m   [0m [91m              ~~~~~~~~~[0m

[96msrc/lib/ai/bias-detection/cache.ts[0m:[93m909[0m:[93m31[0m - [91merror[0m[90m TS18046: [0m'cacheData' is of type 'unknown'.

[7m909[0m             for (const tag of cacheData.tags) {
[7m   [0m [91m                              ~~~~~~~~~[0m

[96msrc/lib/ai/bias-detection/cache.ts[0m:[93m913[0m:[93m36[0m - [91merror[0m[90m TS4111: [0mProperty 'age' comes from an index signature, so it must be accessed with ['age'].

[7m913[0m                   if (demographics.age && parts.includes(demographics.age)) {
[7m   [0m [91m                                   ~~~[0m

[96msrc/lib/ai/bias-detection/cache.ts[0m:[93m913[0m:[93m71[0m - [91merror[0m[90m TS4111: [0mProperty 'age' comes from an index signature, so it must be accessed with ['age'].

[7m913[0m                   if (demographics.age && parts.includes(demographics.age)) {
[7m   [0m [91m                                                                      ~~~[0m

[96msrc/lib/ai/bias-detection/cache.ts[0m:[93m917[0m:[93m34[0m - [91merror[0m[90m TS4111: [0mProperty 'gender' comes from an index signature, so it must be accessed with ['gender'].

[7m917[0m                     demographics.gender &&
[7m   [0m [91m                                 ~~~~~~[0m

[96msrc/lib/ai/bias-detection/cache.ts[0m:[93m918[0m:[93m49[0m - [91merror[0m[90m TS4111: [0mProperty 'gender' comes from an index signature, so it must be accessed with ['gender'].

[7m918[0m                     parts.includes(demographics.gender)
[7m   [0m [91m                                                ~~~~~~[0m

[96msrc/lib/ai/bias-detection/cache.ts[0m:[93m923[0m:[93m34[0m - [91merror[0m[90m TS4111: [0mProperty 'ethnicity' comes from an index signature, so it must be accessed with ['ethnicity'].

[7m923[0m                     demographics.ethnicity &&
[7m   [0m [91m                                 ~~~~~~~~~[0m

[96msrc/lib/ai/bias-detection/cache.ts[0m:[93m924[0m:[93m49[0m - [91merror[0m[90m TS4111: [0mProperty 'ethnicity' comes from an index signature, so it must be accessed with ['ethnicity'].

[7m924[0m                     parts.includes(demographics.ethnicity)
[7m   [0m [91m                                                ~~~~~~~~~[0m

[96msrc/lib/ai/bias-detection/config.ts[0m:[93m17[0m:[93m17[0m - [91merror[0m[90m TS4111: [0mProperty 'BIAS_DETECTION_SERVICE_URL' comes from an index signature, so it must be accessed with ['BIAS_DETECTION_SERVICE_URL'].

[7m17[0m     process.env.BIAS_DETECTION_SERVICE_URL ?? 'http://localhost:5000',
[7m  [0m [91m                ~~~~~~~~~~~~~~~~~~~~~~~~~~[0m

[96msrc/lib/ai/bias-detection/config.ts[0m:[93m57[0m:[93m34[0m - [91merror[0m[90m TS4111: [0mProperty 'BIAS_ALERT_SLACK_WEBHOOK' comes from an index signature, so it must be accessed with ['BIAS_ALERT_SLACK_WEBHOOK'].

[7m57[0m     slackWebhookUrl: process.env.BIAS_ALERT_SLACK_WEBHOOK,
[7m  [0m [91m                                 ~~~~~~~~~~~~~~~~~~~~~~~~[0m

[96msrc/lib/ai/bias-detection/config.ts[0m:[93m289[0m:[93m19[0m - [91merror[0m[90m TS4111: [0mProperty 'BIAS_WARNING_THRESHOLD' comes from an index signature, so it must be accessed with ['BIAS_WARNING_THRESHOLD'].

[7m289[0m   if (process.env.BIAS_WARNING_THRESHOLD) {
[7m   [0m [91m                  ~~~~~~~~~~~~~~~~~~~~~~[0m

[96msrc/lib/ai/bias-detection/config.ts[0m:[93m290[0m:[93m43[0m - [91merror[0m[90m TS4111: [0mProperty 'BIAS_WARNING_THRESHOLD' comes from an index signature, so it must be accessed with ['BIAS_WARNING_THRESHOLD'].

[7m290[0m     const parsed = parseFloat(process.env.BIAS_WARNING_THRESHOLD)
[7m   [0m [91m                                          ~~~~~~~~~~~~~~~~~~~~~~[0m

[96msrc/lib/ai/bias-detection/config.ts[0m:[93m293[0m:[93m19[0m - [91merror[0m[90m TS4111: [0mProperty 'BIAS_HIGH_THRESHOLD' comes from an index signature, so it must be accessed with ['BIAS_HIGH_THRESHOLD'].

[7m293[0m   if (process.env.BIAS_HIGH_THRESHOLD) {
[7m   [0m [91m                  ~~~~~~~~~~~~~~~~~~~[0m

[96msrc/lib/ai/bias-detection/config.ts[0m:[93m294[0m:[93m43[0m - [91merror[0m[90m TS4111: [0mProperty 'BIAS_HIGH_THRESHOLD' comes from an index signature, so it must be accessed with ['BIAS_HIGH_THRESHOLD'].

[7m294[0m     const parsed = parseFloat(process.env.BIAS_HIGH_THRESHOLD)
[7m   [0m [91m                                          ~~~~~~~~~~~~~~~~~~~[0m

[96msrc/lib/ai/bias-detection/config.ts[0m:[93m297[0m:[93m19[0m - [91merror[0m[90m TS4111: [0mProperty 'BIAS_CRITICAL_THRESHOLD' comes from an index signature, so it must be accessed with ['BIAS_CRITICAL_THRESHOLD'].

[7m297[0m   if (process.env.BIAS_CRITICAL_THRESHOLD) {
[7m   [0m [91m                  ~~~~~~~~~~~~~~~~~~~~~~~[0m

[96msrc/lib/ai/bias-detection/config.ts[0m:[93m298[0m:[93m43[0m - [91merror[0m[90m TS4111: [0mProperty 'BIAS_CRITICAL_THRESHOLD' comes from an index signature, so it must be accessed with ['BIAS_CRITICAL_THRESHOLD'].

[7m298[0m     const parsed = parseFloat(process.env.BIAS_CRITICAL_THRESHOLD)
[7m   [0m [91m                                          ~~~~~~~~~~~~~~~~~~~~~~~[0m

[96msrc/lib/ai/bias-detection/config.ts[0m:[93m306[0m:[93m19[0m - [91merror[0m[90m TS4111: [0mProperty 'BIAS_DETECTION_SERVICE_URL' comes from an index signature, so it must be accessed with ['BIAS_DETECTION_SERVICE_URL'].

[7m306[0m   if (process.env.BIAS_DETECTION_SERVICE_URL) {
[7m   [0m [91m                  ~~~~~~~~~~~~~~~~~~~~~~~~~~[0m

[96msrc/lib/ai/bias-detection/config.ts[0m:[93m307[0m:[93m46[0m - [91merror[0m[90m TS4111: [0mProperty 'BIAS_DETECTION_SERVICE_URL' comes from an index signature, so it must be accessed with ['BIAS_DETECTION_SERVICE_URL'].

[7m307[0m     envConfig.pythonServiceUrl = process.env.BIAS_DETECTION_SERVICE_URL
[7m   [0m [91m                                             ~~~~~~~~~~~~~~~~~~~~~~~~~~[0m

[96msrc/lib/ai/bias-detection/config.ts[0m:[93m309[0m:[93m19[0m - [91merror[0m[90m TS4111: [0mProperty 'BIAS_SERVICE_TIMEOUT' comes from an index signature, so it must be accessed with ['BIAS_SERVICE_TIMEOUT'].

[7m309[0m   if (process.env.BIAS_SERVICE_TIMEOUT) {
[7m   [0m [91m                  ~~~~~~~~~~~~~~~~~~~~[0m

[96msrc/lib/ai/bias-detection/config.ts[0m:[93m310[0m:[93m41[0m - [91merror[0m[90m TS4111: [0mProperty 'BIAS_SERVICE_TIMEOUT' comes from an index signature, so it must be accessed with ['BIAS_SERVICE_TIMEOUT'].

[7m310[0m     const parsed = parseInt(process.env.BIAS_SERVICE_TIMEOUT)
[7m   [0m [91m                                        ~~~~~~~~~~~~~~~~~~~~[0m

[96msrc/lib/ai/bias-detection/config.ts[0m:[93m313[0m:[93m19[0m - [91merror[0m[90m TS4111: [0mProperty 'PYTHON_SERVICE_PORT' comes from an index signature, so it must be accessed with ['PYTHON_SERVICE_PORT'].

[7m313[0m   if (process.env.PYTHON_SERVICE_PORT) {
[7m   [0m [91m                  ~~~~~~~~~~~~~~~~~~~[0m

[96msrc/lib/ai/bias-detection/config.ts[0m:[93m314[0m:[93m41[0m - [91merror[0m[90m TS4111: [0mProperty 'PYTHON_SERVICE_PORT' comes from an index signature, so it must be accessed with ['PYTHON_SERVICE_PORT'].

[7m314[0m     const parsed = parseInt(process.env.PYTHON_SERVICE_PORT)
[7m   [0m [91m                                        ~~~~~~~~~~~~~~~~~~~[0m

[96msrc/lib/ai/bias-detection/config.ts[0m:[93m320[0m:[93m19[0m - [91merror[0m[90m TS4111: [0mProperty 'BIAS_WEIGHT_PREPROCESSING' comes from an index signature, so it must be accessed with ['BIAS_WEIGHT_PREPROCESSING'].

[7m320[0m   if (process.env.BIAS_WEIGHT_PREPROCESSING) {
[7m   [0m [91m                  ~~~~~~~~~~~~~~~~~~~~~~~~~[0m

[96msrc/lib/ai/bias-detection/config.ts[0m:[93m321[0m:[93m43[0m - [91merror[0m[90m TS4111: [0mProperty 'BIAS_WEIGHT_PREPROCESSING' comes from an index signature, so it must be accessed with ['BIAS_WEIGHT_PREPROCESSING'].

[7m321[0m     const parsed = parseFloat(process.env.BIAS_WEIGHT_PREPROCESSING)
[7m   [0m [91m                                          ~~~~~~~~~~~~~~~~~~~~~~~~~[0m

[96msrc/lib/ai/bias-detection/config.ts[0m:[93m324[0m:[93m19[0m - [91merror[0m[90m TS4111: [0mProperty 'BIAS_WEIGHT_MODEL_LEVEL' comes from an index signature, so it must be accessed with ['BIAS_WEIGHT_MODEL_LEVEL'].

[7m324[0m   if (process.env.BIAS_WEIGHT_MODEL_LEVEL) {
[7m   [0m [91m                  ~~~~~~~~~~~~~~~~~~~~~~~[0m

[96msrc/lib/ai/bias-detection/config.ts[0m:[93m325[0m:[93m43[0m - [91merror[0m[90m TS4111: [0mProperty 'BIAS_WEIGHT_MODEL_LEVEL' comes from an index signature, so it must be accessed with ['BIAS_WEIGHT_MODEL_LEVEL'].

[7m325[0m     const parsed = parseFloat(process.env.BIAS_WEIGHT_MODEL_LEVEL)
[7m   [0m [91m                                          ~~~~~~~~~~~~~~~~~~~~~~~[0m

[96msrc/lib/ai/bias-detection/config.ts[0m:[93m328[0m:[93m19[0m - [91merror[0m[90m TS4111: [0mProperty 'BIAS_WEIGHT_INTERACTIVE' comes from an index signature, so it must be accessed with ['BIAS_WEIGHT_INTERACTIVE'].

[7m328[0m   if (process.env.BIAS_WEIGHT_INTERACTIVE) {
[7m   [0m [91m                  ~~~~~~~~~~~~~~~~~~~~~~~[0m

[96msrc/lib/ai/bias-detection/config.ts[0m:[93m329[0m:[93m43[0m - [91merror[0m[90m TS4111: [0mProperty 'BIAS_WEIGHT_INTERACTIVE' comes from an index signature, so it must be accessed with ['BIAS_WEIGHT_INTERACTIVE'].

[7m329[0m     const parsed = parseFloat(process.env.BIAS_WEIGHT_INTERACTIVE)
[7m   [0m [91m                                          ~~~~~~~~~~~~~~~~~~~~~~~[0m

[96msrc/lib/ai/bias-detection/config.ts[0m:[93m332[0m:[93m19[0m - [91merror[0m[90m TS4111: [0mProperty 'BIAS_WEIGHT_EVALUATION' comes from an index signature, so it must be accessed with ['BIAS_WEIGHT_EVALUATION'].

[7m332[0m   if (process.env.BIAS_WEIGHT_EVALUATION) {
[7m   [0m [91m                  ~~~~~~~~~~~~~~~~~~~~~~[0m

[96msrc/lib/ai/bias-detection/config.ts[0m:[93m333[0m:[93m43[0m - [91merror[0m[90m TS4111: [0mProperty 'BIAS_WEIGHT_EVALUATION' comes from an index signature, so it must be accessed with ['BIAS_WEIGHT_EVALUATION'].

[7m333[0m     const parsed = parseFloat(process.env.BIAS_WEIGHT_EVALUATION)
[7m   [0m [91m                                          ~~~~~~~~~~~~~~~~~~~~~~[0m

[96msrc/lib/ai/bias-detection/config.ts[0m:[93m342[0m:[93m19[0m - [91merror[0m[90m TS4111: [0mProperty 'LOG_LEVEL' comes from an index signature, so it must be accessed with ['LOG_LEVEL'].

[7m342[0m   if (process.env.LOG_LEVEL === 'debug') {
[7m   [0m [91m                  ~~~~~~~~~[0m

[96msrc/lib/ai/bias-detection/config.ts[0m:[93m351[0m:[93m19[0m - [91merror[0m[90m TS4111: [0mProperty 'BIAS_EVALUATION_METRICS' comes from an index signature, so it must be accessed with ['BIAS_EVALUATION_METRICS'].

[7m351[0m   if (process.env.BIAS_EVALUATION_METRICS) {
[7m   [0m [91m                  ~~~~~~~~~~~~~~~~~~~~~~~[0m

[96msrc/lib/ai/bias-detection/config.ts[0m:[93m352[0m:[93m47[0m - [91merror[0m[90m TS4111: [0mProperty 'BIAS_EVALUATION_METRICS' comes from an index signature, so it must be accessed with ['BIAS_EVALUATION_METRICS'].

[7m352[0m     envConfig.evaluationMetrics = process.env.BIAS_EVALUATION_METRICS.split(
[7m   [0m [91m                                              ~~~~~~~~~~~~~~~~~~~~~~~[0m

[96msrc/lib/ai/bias-detection/config.ts[0m:[93m359[0m:[93m19[0m - [91merror[0m[90m TS4111: [0mProperty 'CACHE_TTL' comes from an index signature, so it must be accessed with ['CACHE_TTL'].

[7m359[0m   if (process.env.CACHE_TTL) {
[7m   [0m [91m                  ~~~~~~~~~[0m

[96msrc/lib/ai/bias-detection/config.ts[0m:[93m360[0m:[93m41[0m - [91merror[0m[90m TS4111: [0mProperty 'CACHE_TTL' comes from an index signature, so it must be accessed with ['CACHE_TTL'].

[7m360[0m     const parsed = parseInt(process.env.CACHE_TTL)
[7m   [0m [91m                                        ~~~~~~~~~[0m

[96msrc/lib/ai/bias-detection/config.ts[0m:[93m366[0m:[93m19[0m - [91merror[0m[90m TS4111: [0mProperty 'ENABLE_HIPAA_COMPLIANCE' comes from an index signature, so it must be accessed with ['ENABLE_HIPAA_COMPLIANCE'].

[7m366[0m   if (process.env.ENABLE_HIPAA_COMPLIANCE) {
[7m   [0m [91m                  ~~~~~~~~~~~~~~~~~~~~~~~[0m

[96msrc/lib/ai/bias-detection/config.ts[0m:[93m367[0m:[93m44[0m - [91merror[0m[90m TS4111: [0mProperty 'ENABLE_HIPAA_COMPLIANCE' comes from an index signature, so it must be accessed with ['ENABLE_HIPAA_COMPLIANCE'].

[7m367[0m     envConfig.hipaaCompliant = process.env.ENABLE_HIPAA_COMPLIANCE === 'true'
[7m   [0m [91m                                           ~~~~~~~~~~~~~~~~~~~~~~~[0m

[96msrc/lib/ai/bias-detection/config.ts[0m:[93m369[0m:[93m19[0m - [91merror[0m[90m TS4111: [0mProperty 'ENABLE_AUDIT_LOGGING' comes from an index signature, so it must be accessed with ['ENABLE_AUDIT_LOGGING'].

[7m369[0m   if (process.env.ENABLE_AUDIT_LOGGING) {
[7m   [0m [91m                  ~~~~~~~~~~~~~~~~~~~~[0m

[96msrc/lib/ai/bias-detection/config.ts[0m:[93m370[0m:[93m42[0m - [91merror[0m[90m TS4111: [0mProperty 'ENABLE_AUDIT_LOGGING' comes from an index signature, so it must be accessed with ['ENABLE_AUDIT_LOGGING'].

[7m370[0m     envConfig.auditLogging = process.env.ENABLE_AUDIT_LOGGING === 'true'
[7m   [0m [91m                                         ~~~~~~~~~~~~~~~~~~~~[0m

[96msrc/lib/ai/bias-detection/config.ts[0m:[93m372[0m:[93m19[0m - [91merror[0m[90m TS4111: [0mProperty 'ENABLE_DATA_MASKING' comes from an index signature, so it must be accessed with ['ENABLE_DATA_MASKING'].

[7m372[0m   if (process.env.ENABLE_DATA_MASKING) {
[7m   [0m [91m                  ~~~~~~~~~~~~~~~~~~~[0m

[96msrc/lib/ai/bias-detection/config.ts[0m:[93m373[0m:[93m48[0m - [91merror[0m[90m TS4111: [0mProperty 'ENABLE_DATA_MASKING' comes from an index signature, so it must be accessed with ['ENABLE_DATA_MASKING'].

[7m373[0m     envConfig.dataMaskingEnabled = process.env.ENABLE_DATA_MASKING === 'true'
[7m   [0m [91m                                               ~~~~~~~~~~~~~~~~~~~[0m

[96msrc/lib/ai/bias-detection/config.ts[0m:[93m379[0m:[93m19[0m - [91merror[0m[90m TS4111: [0mProperty 'MAX_CONCURRENT_ANALYSES' comes from an index signature, so it must be accessed with ['MAX_CONCURRENT_ANALYSES'].

[7m379[0m   if (process.env.MAX_CONCURRENT_ANALYSES) {
[7m   [0m [91m                  ~~~~~~~~~~~~~~~~~~~~~~~[0m

[96msrc/lib/ai/bias-detection/config.ts[0m:[93m380[0m:[93m41[0m - [91merror[0m[90m TS4111: [0mProperty 'MAX_CONCURRENT_ANALYSES' comes from an index signature, so it must be accessed with ['MAX_CONCURRENT_ANALYSES'].

[7m380[0m     const parsed = parseInt(process.env.MAX_CONCURRENT_ANALYSES)
[7m   [0m [91m                                        ~~~~~~~~~~~~~~~~~~~~~~~[0m

[96msrc/lib/ai/bias-detection/config.ts[0m:[93m390[0m:[93m19[0m - [91merror[0m[90m TS4111: [0mProperty 'BIAS_ALERT_SLACK_WEBHOOK' comes from an index signature, so it must be accessed with ['BIAS_ALERT_SLACK_WEBHOOK'].

[7m390[0m   if (process.env.BIAS_ALERT_SLACK_WEBHOOK) {
[7m   [0m [91m                  ~~~~~~~~~~~~~~~~~~~~~~~~[0m

[96msrc/lib/ai/bias-detection/config.ts[0m:[93m391[0m:[93m47[0m - [91merror[0m[90m TS4111: [0mProperty 'BIAS_ALERT_SLACK_WEBHOOK' comes from an index signature, so it must be accessed with ['BIAS_ALERT_SLACK_WEBHOOK'].

[7m391[0m     alertConfig.slackWebhookUrl = process.env.BIAS_ALERT_SLACK_WEBHOOK
[7m   [0m [91m                                              ~~~~~~~~~~~~~~~~~~~~~~~~[0m

[96msrc/lib/ai/bias-detection/config.ts[0m:[93m394[0m:[93m19[0m - [91merror[0m[90m TS4111: [0mProperty 'BIAS_ALERT_EMAIL_RECIPIENTS' comes from an index signature, so it must be accessed with ['BIAS_ALERT_EMAIL_RECIPIENTS'].

[7m394[0m   if (process.env.BIAS_ALERT_EMAIL_RECIPIENTS) {
[7m   [0m [91m                  ~~~~~~~~~~~~~~~~~~~~~~~~~~~[0m

[96msrc/lib/ai/bias-detection/config.ts[0m:[93m395[0m:[93m47[0m - [91merror[0m[90m TS4111: [0mProperty 'BIAS_ALERT_EMAIL_RECIPIENTS' comes from an index signature, so it must be accessed with ['BIAS_ALERT_EMAIL_RECIPIENTS'].

[7m395[0m     alertConfig.emailRecipients = process.env.BIAS_ALERT_EMAIL_RECIPIENTS.split(
[7m   [0m [91m                                              ~~~~~~~~~~~~~~~~~~~~~~~~~~~[0m

[96msrc/lib/ai/bias-detection/config.ts[0m:[93m400[0m:[93m19[0m - [91merror[0m[90m TS4111: [0mProperty 'BIAS_ALERT_COOLDOWN_MINUTES' comes from an index signature, so it must be accessed with ['BIAS_ALERT_COOLDOWN_MINUTES'].

[7m400[0m   if (process.env.BIAS_ALERT_COOLDOWN_MINUTES) {
[7m   [0m [91m                  ~~~~~~~~~~~~~~~~~~~~~~~~~~~[0m

[96msrc/lib/ai/bias-detection/config.ts[0m:[93m402[0m:[93m19[0m - [91merror[0m[90m TS4111: [0mProperty 'BIAS_ALERT_COOLDOWN_MINUTES' comes from an index signature, so it must be accessed with ['BIAS_ALERT_COOLDOWN_MINUTES'].

[7m402[0m       process.env.BIAS_ALERT_COOLDOWN_MINUTES,
[7m   [0m [91m                  ~~~~~~~~~~~~~~~~~~~~~~~~~~~[0m

[96msrc/lib/ai/bias-detection/config.ts[0m:[93m411[0m:[93m19[0m - [91merror[0m[90m TS4111: [0mProperty 'BIAS_METRICS_RETENTION_DAYS' comes from an index signature, so it must be accessed with ['BIAS_METRICS_RETENTION_DAYS'].

[7m411[0m   if (process.env.BIAS_METRICS_RETENTION_DAYS) {
[7m   [0m [91m                  ~~~~~~~~~~~~~~~~~~~~~~~~~~~[0m

[96msrc/lib/ai/bias-detection/config.ts[0m:[93m413[0m:[93m19[0m - [91merror[0m[90m TS4111: [0mProperty 'BIAS_METRICS_RETENTION_DAYS' comes from an index signature, so it must be accessed with ['BIAS_METRICS_RETENTION_DAYS'].

[7m413[0m       process.env.BIAS_METRICS_RETENTION_DAYS,
[7m   [0m [91m                  ~~~~~~~~~~~~~~~~~~~~~~~~~~~[0m

[96msrc/lib/ai/bias-detection/config.ts[0m:[93m416[0m:[93m19[0m - [91merror[0m[90m TS4111: [0mProperty 'BIAS_DASHBOARD_REFRESH_RATE' comes from an index signature, so it must be accessed with ['BIAS_DASHBOARD_REFRESH_RATE'].

[7m416[0m   if (process.env.BIAS_DASHBOARD_REFRESH_RATE) {
[7m   [0m [91m                  ~~~~~~~~~~~~~~~~~~~~~~~~~~~[0m

[96msrc/lib/ai/bias-detection/config.ts[0m:[93m418[0m:[93m19[0m - [91merror[0m[90m TS4111: [0mProperty 'BIAS_DASHBOARD_REFRESH_RATE' comes from an index signature, so it must be accessed with ['BIAS_DASHBOARD_REFRESH_RATE'].

[7m418[0m       process.env.BIAS_DASHBOARD_REFRESH_RATE,
[7m   [0m [91m                  ~~~~~~~~~~~~~~~~~~~~~~~~~~~[0m

[96msrc/lib/ai/bias-detection/config.ts[0m:[93m421[0m:[93m19[0m - [91merror[0m[90m TS4111: [0mProperty 'BIAS_ENABLE_REAL_TIME_MONITORING' comes from an index signature, so it must be accessed with ['BIAS_ENABLE_REAL_TIME_MONITORING'].

[7m421[0m   if (process.env.BIAS_ENABLE_REAL_TIME_MONITORING) {
[7m   [0m [91m                  ~~~~~~~~~~~~~~~~~~~~~~~~~~~~~~~~[0m

[96msrc/lib/ai/bias-detection/config.ts[0m:[93m423[0m:[93m19[0m - [91merror[0m[90m TS4111: [0mProperty 'BIAS_ENABLE_REAL_TIME_MONITORING' comes from an index signature, so it must be accessed with ['BIAS_ENABLE_REAL_TIME_MONITORING'].

[7m423[0m       process.env.BIAS_ENABLE_REAL_TIME_MONITORING === 'true'
[7m   [0m [91m                  ~~~~~~~~~~~~~~~~~~~~~~~~~~~~~~~~[0m

[96msrc/lib/ai/bias-detection/config.ts[0m:[93m780[0m:[93m19[0m - [91merror[0m[90m TS4111: [0mProperty 'JWT_SECRET' comes from an index signature, so it must be accessed with ['JWT_SECRET'].

[7m780[0m       process.env.JWT_SECRET ?? this.config.securityConfig?.jwtSecret
[7m   [0m [91m                  ~~~~~~~~~~[0m

[96msrc/lib/ai/bias-detection/config.ts[0m:[93m787[0m:[93m19[0m - [91merror[0m[90m TS4111: [0mProperty 'ENCRYPTION_KEY' comes from an index signature, so it must be accessed with ['ENCRYPTION_KEY'].

[7m787[0m       process.env.ENCRYPTION_KEY ?? this.config.securityConfig?.encryptionKey
[7m   [0m [91m                  ~~~~~~~~~~~~~~[0m

[96msrc/lib/ai/bias-detection/config.ts[0m:[93m797[0m:[93m19[0m - [91merror[0m[90m TS4111: [0mProperty 'LOG_LEVEL' comes from an index signature, so it must be accessed with ['LOG_LEVEL'].

[7m797[0m       process.env.LOG_LEVEL === 'debug'
[7m   [0m [91m                  ~~~~~~~~~[0m

[96msrc/lib/ai/bias-detection/database-service.ts[0m:[93m161[0m:[93m9[0m - [91merror[0m[90m TS2322: [0mType 'BiasSummaryStats' is not assignable to type 'BiasDashboardSummary'.
  Types of property 'trendDirection' are incompatible.
    Type '"stable" | "up" | "down" | "increasing" | "decreasing" | "worsening"' is not assignable to type '"improving" | "stable" | "up" | "down" | "worsening" | undefined'.
      Type '"increasing"' is not assignable to type '"improving" | "stable" | "up" | "down" | "worsening" | undefined'.

[7m161[0m         summary,
[7m   [0m [91m        ~~~~~~~[0m

  [96msrc/lib/ai/bias-detection/types.ts[0m:[93m473[0m:[93m3[0m
    [7m473[0m   summary: BiasDashboardSummary
    [7m   [0m [96m  ~~~~~~~[0m
    The expected type comes from property 'summary' which is declared here on type 'BiasDashboardData'

[96msrc/lib/ai/bias-detection/database-service.ts[0m:[93m422[0m:[93m11[0m - [91merror[0m[90m TS2532: [0mObject is possibly 'undefined'.

[7m422[0m           result[dimension][value] = {
[7m   [0m [91m          ~~~~~~~~~~~~~~~~~[0m

[96msrc/lib/ai/bias-detection/intelligent-cache.ts[0m:[93m466[0m:[93m47[0m - [91merror[0m[90m TS2558: [0mExpected 0 type arguments, but got 1.

[7m466[0m       const memoryResult = this.getFromMemory<T>(key)
[7m   [0m [91m                                              ~[0m

[96msrc/lib/ai/bias-detection/intelligent-cache.ts[0m:[93m469[0m:[93m9[0m - [91merror[0m[90m TS2322: [0mType '{} | undefined' is not assignable to type 'T | null'.
  Type 'undefined' is not assignable to type 'T | null'.

[7m469[0m         return memoryResult
[7m   [0m [91m        ~~~~~~[0m

[96msrc/lib/ai/bias-detection/metrics-collector.ts[0m:[93m58[0m:[93m23[0m - [91merror[0m[90m TS4111: [0mProperty 'NODE_ENV' comes from an index signature, so it must be accessed with ['NODE_ENV'].

[7m58[0m       if (process.env.NODE_ENV === 'test' || this.config.strictMode) {
[7m  [0m [91m                      ~~~~~~~~[0m

[96msrc/lib/ai/bias-detection/performance-optimizer.ts[0m:[93m238[0m:[93m9[0m - [91merror[0m[90m TS2322: [0mType 'unknown' is not assignable to type 'T | null'.

[7m238[0m         return this.decompress(cached)
[7m   [0m [91m        ~~~~~~[0m

[96msrc/lib/ai/bias-detection/performance-optimizer.ts[0m:[93m298[0m:[93m15[0m - [91merror[0m[90m TS2322: [0mType 'unknown' is not assignable to type 'T | null'.

[7m298[0m               processed[key] = this.decompress(value)
[7m   [0m [91m              ~~~~~~~~~~~~~~[0m

[96msrc/lib/ai/bias-detection/privacy.ts[0m:[93m19[0m:[93m40[0m - [91merror[0m[90m TS2345: [0mArgument of type 'unknown' is not assignable to parameter of type 'string'.

[7m19[0m   const anonymizedSession = JSON.parse(JSON.stringify(session) as unknown)
[7m  [0m [91m                                       ~~~~~~~~~~~~~~~~~~~~~~~~~~~~~~~~~~[0m

[96msrc/lib/ai/bias-detection/python-bridge.ts[0m:[93m260[0m:[93m25[0m - [91merror[0m[90m TS4111: [0mProperty 'NODE_ENV' comes from an index signature, so it must be accessed with ['NODE_ENV'].

[7m260[0m         if (process.env.NODE_ENV === 'test' || process.env.VITEST) {
[7m   [0m [91m                        ~~~~~~~~[0m

[96msrc/lib/ai/bias-detection/python-bridge.ts[0m:[93m260[0m:[93m60[0m - [91merror[0m[90m TS4111: [0mProperty 'VITEST' comes from an index signature, so it must be accessed with ['VITEST'].

[7m260[0m         if (process.env.NODE_ENV === 'test' || process.env.VITEST) {
[7m   [0m [91m                                                           ~~~~~~[0m

[96msrc/lib/ai/bias-detection/python-bridge.ts[0m:[93m514[0m:[93m27[0m - [91merror[0m[90m TS7053: [0mElement implicitly has an 'any' type because expression of type '"fairness_metrics"' can't be used to index type 'LayerMetrics'.
  Property 'fairness_metrics' does not exist on type 'LayerMetrics'.

[7m514[0m         const fairness = (metrics['fairness_metrics'] ?? {}) as Record<
[7m   [0m [91m                          ~~~~~~~~~~~~~~~~~~~~~~~~~~~[0m

[96msrc/lib/ai/bias-detection/python-bridge.ts[0m:[93m518[0m:[93m30[0m - [91merror[0m[90m TS7053: [0mElement implicitly has an 'any' type because expression of type '"performance_metrics"' can't be used to index type 'LayerMetrics'.
  Property 'performance_metrics' does not exist on type 'LayerMetrics'.

[7m518[0m         const performance = (metrics['performance_metrics'] ?? {}) as Record<
[7m   [0m [91m                             ~~~~~~~~~~~~~~~~~~~~~~~~~~~~~~[0m

[96msrc/lib/ai/bias-detection/python-bridge.ts[0m:[93m522[0m:[93m28[0m - [91merror[0m[90m TS7053: [0mElement implicitly has an 'any' type because expression of type '"group_performance_comparison"' can't be used to index type 'LayerMetrics'.
  Property 'group_performance_comparison' does not exist on type 'LayerMetrics'.

[7m522[0m         const groupComp = (metrics['group_performance_comparison'] ??
[7m   [0m [91m                           ~~~~~~~~~~~~~~~~~~~~~~~~~~~~~~~~~~~~~~~[0m

[96msrc/lib/ai/bias-detection/python-bridge.ts[0m:[93m573[0m:[93m33[0m - [91merror[0m[90m TS7053: [0mElement implicitly has an 'any' type because expression of type '"counterfactual_analysis"' can't be used to index type 'LayerMetrics'.
  Property 'counterfactual_analysis' does not exist on type 'LayerMetrics'.

[7m573[0m         const counterfactual = (metrics['counterfactual_analysis'] ??
[7m   [0m [91m                                ~~~~~~~~~~~~~~~~~~~~~~~~~~~~~~~~~~[0m

[96msrc/lib/ai/bias-detection/python-bridge.ts[0m:[93m575[0m:[93m29[0m - [91merror[0m[90m TS7053: [0mElement implicitly has an 'any' type because expression of type '"feature_importance"' can't be used to index type 'LayerMetrics'.
  Property 'feature_importance' does not exist on type 'LayerMetrics'.

[7m575[0m         const featureImp = (metrics['feature_importance'] ?? []) as any[]
[7m   [0m [91m                            ~~~~~~~~~~~~~~~~~~~~~~~~~~~~~[0m

[96msrc/lib/ai/bias-detection/python-bridge.ts[0m:[93m576[0m:[93m25[0m - [91merror[0m[90m TS7053: [0mElement implicitly has an 'any' type because expression of type '"what_if_scenarios"' can't be used to index type 'LayerMetrics'.
  Property 'what_if_scenarios' does not exist on type 'LayerMetrics'.

[7m576[0m         const whatIf = (metrics['what_if_scenarios'] ?? []) as any[]
[7m   [0m [91m                        ~~~~~~~~~~~~~~~~~~~~~~~~~~~~[0m

[96msrc/lib/ai/bias-detection/python-bridge.ts[0m:[93m616[0m:[93m30[0m - [91merror[0m[90m TS7053: [0mElement implicitly has an 'any' type because expression of type '"hugging_face_metrics"' can't be used to index type 'LayerMetrics'.
  Property 'hugging_face_metrics' does not exist on type 'LayerMetrics'.

[7m616[0m         const huggingFace = (metrics['hugging_face_metrics'] ?? {}) as Record<
[7m   [0m [91m                             ~~~~~~~~~~~~~~~~~~~~~~~~~~~~~~~[0m

[96msrc/lib/ai/bias-detection/python-bridge.ts[0m:[93m620[0m:[93m25[0m - [91merror[0m[90m TS7053: [0mElement implicitly has an 'any' type because expression of type '"custom_metrics"' can't be used to index type 'LayerMetrics'.
  Property 'custom_metrics' does not exist on type 'LayerMetrics'.

[7m620[0m         const custom = (metrics['custom_metrics'] ?? {}) as Record<string, any>
[7m   [0m [91m                        ~~~~~~~~~~~~~~~~~~~~~~~~~[0m

[96msrc/lib/ai/bias-detection/python-bridge.ts[0m:[93m621[0m:[93m27[0m - [91merror[0m[90m TS7053: [0mElement implicitly has an 'any' type because expression of type '"temporal_analysis"' can't be used to index type 'LayerMetrics'.
  Property 'temporal_analysis' does not exist on type 'LayerMetrics'.

[7m621[0m         const temporal = (metrics['temporal_analysis'] ?? {}) as Record<
[7m   [0m [91m                          ~~~~~~~~~~~~~~~~~~~~~~~~~~~~[0m

[96msrc/lib/ai/bias-detection/utils.ts[0m:[93m328[0m:[93m13[0m - [91merror[0m[90m TS2339: [0mProperty 'tp' does not exist on type '{ tp: number; fp: number; tn: number; fn: number; } | undefined'.

[7m328[0m     const { tp, fp, tn, fn } = m
[7m   [0m [91m            ~~[0m

[96msrc/lib/ai/bias-detection/utils.ts[0m:[93m328[0m:[93m17[0m - [91merror[0m[90m TS2339: [0mProperty 'fp' does not exist on type '{ tp: number; fp: number; tn: number; fn: number; } | undefined'.

[7m328[0m     const { tp, fp, tn, fn } = m
[7m   [0m [91m                ~~[0m

[96msrc/lib/ai/bias-detection/utils.ts[0m:[93m328[0m:[93m21[0m - [91merror[0m[90m TS2339: [0mProperty 'tn' does not exist on type '{ tp: number; fp: number; tn: number; fn: number; } | undefined'.

[7m328[0m     const { tp, fp, tn, fn } = m
[7m   [0m [91m                    ~~[0m

[96msrc/lib/ai/bias-detection/utils.ts[0m:[93m328[0m:[93m25[0m - [91merror[0m[90m TS2339: [0mProperty 'fn' does not exist on type '{ tp: number; fp: number; tn: number; fn: number; } | undefined'.

[7m328[0m     const { tp, fp, tn, fn } = m
[7m   [0m [91m                        ~~[0m

[96msrc/lib/ai/crisis/CrisisProtocol.ts[0m:[93m254[0m:[93m47[0m - [91merror[0m[90m TS2322: [0mType '"concern" | "moderate" | "severe" | "emergency" | undefined' is not assignable to type '"concern" | "moderate" | "severe" | "emergency" | null'.
  Type 'undefined' is not assignable to type '"concern" | "moderate" | "severe" | "emergency" | null'.

[7m254[0m     return currentIndex < levels.length - 1 ? levels[currentIndex + 1] : null
[7m   [0m [91m                                              ~~~~~~~~~~~~~~~~~~~~~~~~[0m

[96msrc/lib/ai/crisis/CrisisSessionFlaggingService.ts[0m:[93m379[0m:[93m15[0m - [91merror[0m[90m TS4111: [0mProperty 'status' comes from an index signature, so it must be accessed with ['status'].

[7m379[0m         query.status = { $nin: ['resolved', 'dismissed'] }
[7m   [0m [91m              ~~~~~~[0m

[96msrc/lib/ai/datasets/prepare-fine-tuning.test.ts[0m:[93m2[0m:[93m10[0m - [91merror[0m[90m TS6133: [0m'existsSync' is declared but its value is never read.

[7m2[0m import { existsSync, mkdirSync, rmSync, writeFileSync } from "node:fs";
[7m [0m [91m         ~~~~~~~~~~[0m

[96msrc/lib/ai/datasets/prepare-fine-tuning.ts[0m:[93m3[0m:[93m1[0m - [91merror[0m[90m TS6133: [0m'pipeline' is declared but its value is never read.

[7m3[0m import { pipeline } from "node:stream/promises";
[7m [0m [91m~~~~~~~~~~~~~~~~~~~~~~~~~~~~~~~~~~~~~~~~~~~~~~~~[0m

[96msrc/lib/ai/datasets/prepare-fine-tuning.ts[0m:[93m184[0m:[93m46[0m - [91merror[0m[90m TS4111: [0mProperty 'quality_score' comes from an index signature, so it must be accessed with ['quality_score'].

[7m184[0m             quality_score: (record.metadata?.quality_score as number) ?? 0.5,
[7m   [0m [91m                                             ~~~~~~~~~~~~~[0m

[96msrc/lib/ai/embedding-agent/__tests__/client.test.ts[0m:[93m206[0m:[93m14[0m - [91merror[0m[90m TS2532: [0mObject is possibly 'undefined'.

[7m206[0m       expect(result.matches[0].similarityScore).toBe(0.95)
[7m   [0m [91m             ~~~~~~~~~~~~~~~~~[0m

[96msrc/lib/ai/embedding-agent/client.ts[0m:[93m176[0m:[93m7[0m - [91merror[0m[90m TS2322: [0mType 'unknown' is not assignable to type 'T'.
  'T' could be instantiated with an arbitrary type which could be unrelated to 'unknown'.

[7m176[0m       return toCamelCase<T>(data)
[7m   [0m [91m      ~~~~~~[0m

[96msrc/lib/ai/embedding-agent/client.ts[0m:[93m176[0m:[93m26[0m - [91merror[0m[90m TS2558: [0mExpected 0 type arguments, but got 1.

[7m176[0m       return toCamelCase<T>(data)
[7m   [0m [91m                         ~[0m

[96msrc/lib/ai/emotions/__tests__/MultidimensionalEmotionMapper.test.ts[0m:[93m344[0m:[93m31[0m - [91merror[0m[90m TS2532: [0mObject is possibly 'undefined'.

[7m344[0m       expectDimensionsCloseTo(smoothedMaps[1].dimensions, {
[7m   [0m [91m                              ~~~~~~~~~~~~~~~[0m

[96msrc/lib/ai/emotions/__tests__/MultidimensionalEmotionMapper.test.ts[0m:[93m346[0m:[93m19[0m - [91merror[0m[90m TS2532: [0mObject is possibly 'undefined'.

[7m346[0m           alpha * mapsToSmooth[0].dimensions.valence +
[7m   [0m [91m                  ~~~~~~~~~~~~~~~[0m

[96msrc/lib/ai/emotions/__tests__/MultidimensionalEmotionMapper.test.ts[0m:[93m347[0m:[93m25[0m - [91merror[0m[90m TS2532: [0mObject is possibly 'undefined'.

[7m347[0m           (1 - alpha) * mapsToSmooth[1].dimensions.valence,
[7m   [0m [91m                        ~~~~~~~~~~~~~~~[0m

[96msrc/lib/ai/emotions/__tests__/MultidimensionalEmotionMapper.test.ts[0m:[93m349[0m:[93m19[0m - [91merror[0m[90m TS2532: [0mObject is possibly 'undefined'.

[7m349[0m           alpha * mapsToSmooth[0].dimensions.arousal +
[7m   [0m [91m                  ~~~~~~~~~~~~~~~[0m

[96msrc/lib/ai/emotions/__tests__/MultidimensionalEmotionMapper.test.ts[0m:[93m350[0m:[93m25[0m - [91merror[0m[90m TS2532: [0mObject is possibly 'undefined'.

[7m350[0m           (1 - alpha) * mapsToSmooth[1].dimensions.arousal,
[7m   [0m [91m                        ~~~~~~~~~~~~~~~[0m

[96msrc/lib/ai/emotions/__tests__/MultidimensionalEmotionMapper.test.ts[0m:[93m352[0m:[93m19[0m - [91merror[0m[90m TS2532: [0mObject is possibly 'undefined'.

[7m352[0m           alpha * mapsToSmooth[0].dimensions.dominance +
[7m   [0m [91m                  ~~~~~~~~~~~~~~~[0m

[96msrc/lib/ai/emotions/__tests__/MultidimensionalEmotionMapper.test.ts[0m:[93m353[0m:[93m25[0m - [91merror[0m[90m TS2532: [0mObject is possibly 'undefined'.

[7m353[0m           (1 - alpha) * mapsToSmooth[1].dimensions.dominance,
[7m   [0m [91m                        ~~~~~~~~~~~~~~~[0m

[96msrc/lib/ai/emotions/__tests__/MultidimensionalEmotionMapper.test.ts[0m:[93m355[0m:[93m14[0m - [91merror[0m[90m TS2532: [0mObject is possibly 'undefined'.

[7m355[0m       expect(smoothedMaps[1].primaryEmotion).toBe(
[7m   [0m [91m             ~~~~~~~~~~~~~~~[0m

[96msrc/lib/ai/emotions/__tests__/MultidimensionalEmotionMapper.test.ts[0m:[93m356[0m:[93m9[0m - [91merror[0m[90m TS2532: [0mObject is possibly 'undefined'.

[7m356[0m         mapsToSmooth[1].primaryEmotion,
[7m   [0m [91m        ~~~~~~~~~~~~~~~[0m

[96msrc/lib/ai/emotions/__tests__/MultidimensionalEmotionMapper.test.ts[0m:[93m360[0m:[93m31[0m - [91merror[0m[90m TS2532: [0mObject is possibly 'undefined'.

[7m360[0m       expectDimensionsCloseTo(smoothedMaps[2].dimensions, {
[7m   [0m [91m                              ~~~~~~~~~~~~~~~[0m

[96msrc/lib/ai/emotions/__tests__/MultidimensionalEmotionMapper.test.ts[0m:[93m362[0m:[93m19[0m - [91merror[0m[90m TS2532: [0mObject is possibly 'undefined'.

[7m362[0m           alpha * smoothedMaps[1].dimensions.valence +
[7m   [0m [91m                  ~~~~~~~~~~~~~~~[0m

[96msrc/lib/ai/emotions/__tests__/MultidimensionalEmotionMapper.test.ts[0m:[93m363[0m:[93m25[0m - [91merror[0m[90m TS2532: [0mObject is possibly 'undefined'.

[7m363[0m           (1 - alpha) * mapsToSmooth[2].dimensions.valence,
[7m   [0m [91m                        ~~~~~~~~~~~~~~~[0m

[96msrc/lib/ai/emotions/__tests__/MultidimensionalEmotionMapper.test.ts[0m:[93m365[0m:[93m19[0m - [91merror[0m[90m TS2532: [0mObject is possibly 'undefined'.

[7m365[0m           alpha * smoothedMaps[1].dimensions.arousal +
[7m   [0m [91m                  ~~~~~~~~~~~~~~~[0m

[96msrc/lib/ai/emotions/__tests__/MultidimensionalEmotionMapper.test.ts[0m:[93m366[0m:[93m25[0m - [91merror[0m[90m TS2532: [0mObject is possibly 'undefined'.

[7m366[0m           (1 - alpha) * mapsToSmooth[2].dimensions.arousal,
[7m   [0m [91m                        ~~~~~~~~~~~~~~~[0m

[96msrc/lib/ai/emotions/__tests__/MultidimensionalEmotionMapper.test.ts[0m:[93m368[0m:[93m19[0m - [91merror[0m[90m TS2532: [0mObject is possibly 'undefined'.

[7m368[0m           alpha * smoothedMaps[1].dimensions.dominance +
[7m   [0m [91m                  ~~~~~~~~~~~~~~~[0m

[96msrc/lib/ai/emotions/__tests__/MultidimensionalEmotionMapper.test.ts[0m:[93m369[0m:[93m25[0m - [91merror[0m[90m TS2532: [0mObject is possibly 'undefined'.

[7m369[0m           (1 - alpha) * mapsToSmooth[2].dimensions.dominance,
[7m   [0m [91m                        ~~~~~~~~~~~~~~~[0m

[96msrc/lib/ai/emotions/__tests__/MultidimensionalEmotionMapper.test.ts[0m:[93m371[0m:[93m14[0m - [91merror[0m[90m TS2532: [0mObject is possibly 'undefined'.

[7m371[0m       expect(smoothedMaps[2].primaryEmotion).toBe(
[7m   [0m [91m             ~~~~~~~~~~~~~~~[0m

[96msrc/lib/ai/emotions/__tests__/MultidimensionalEmotionMapper.test.ts[0m:[93m372[0m:[93m9[0m - [91merror[0m[90m TS2532: [0mObject is possibly 'undefined'.

[7m372[0m         mapsToSmooth[2].primaryEmotion,
[7m   [0m [91m        ~~~~~~~~~~~~~~~[0m

[96msrc/lib/ai/interventionEngine.ts[0m:[93m43[0m:[93m11[0m - [91merror[0m[90m TS6133: [0m'context' is declared but its value is never read.

[7m43[0m   private context: InterventionContext | null = null
[7m  [0m [91m          ~~~~~~~[0m

[96msrc/lib/ai/interventionEngine.ts[0m:[93m68[0m:[93m11[0m - [91merror[0m[90m TS2739: [0mType '{ type: string; category: string; title: string; description: string; actions: string[]; priority: "critical"; }' is missing the following properties from type 'Intervention': id, name

[7m 68[0m           {
[7m   [0m [91m          ~[0m
[7m 69[0m             type: 'immediate',
[7m   [0m [91m~~~~~~~~~~~~~~~~~~~~~~~~~~~~~~[0m
[7m...[0m 
[7m 80[0m             priority: 'critical',
[7m   [0m [91m~~~~~~~~~~~~~~~~~~~~~~~~~~~~~~~~~[0m
[7m 81[0m           },
[7m   [0m [91m~~~~~~~~~~~[0m

[96msrc/lib/ai/interventionEngine.ts[0m:[93m99[0m:[93m11[0m - [91merror[0m[90m TS2739: [0mType '{ type: string; category: string; title: string; description: string; actions: string[]; priority: "high"; }' is missing the following properties from type 'Intervention': id, name

[7m 99[0m           {
[7m   [0m [91m          ~[0m
[7m100[0m             type: 'immediate',
[7m   [0m [91m~~~~~~~~~~~~~~~~~~~~~~~~~~~~~~[0m
[7m...[0m 
[7m110[0m             priority: 'high',
[7m   [0m [91m~~~~~~~~~~~~~~~~~~~~~~~~~~~~~[0m
[7m111[0m           },
[7m   [0m [91m~~~~~~~~~~~[0m

[96msrc/lib/ai/interventionEngine.ts[0m:[93m138[0m:[93m11[0m - [91merror[0m[90m TS2739: [0mType '{ type: string; category: string; title: string; description: string; actions: string[]; priority: "high"; }' is missing the following properties from type 'Intervention': id, name

[7m138[0m           {
[7m   [0m [91m          ~[0m
[7m139[0m             type: 'strategic',
[7m   [0m [91m~~~~~~~~~~~~~~~~~~~~~~~~~~~~~~[0m
[7m...[0m 
[7m149[0m             priority: 'high',
[7m   [0m [91m~~~~~~~~~~~~~~~~~~~~~~~~~~~~~[0m
[7m150[0m           },
[7m   [0m [91m~~~~~~~~~~~[0m

[96msrc/lib/ai/interventionEngine.ts[0m:[93m169[0m:[93m11[0m - [91merror[0m[90m TS2739: [0mType '{ type: string; category: string; title: string; description: string; actions: string[]; priority: "medium"; }' is missing the following properties from type 'Intervention': id, name

[7m169[0m           {
[7m   [0m [91m          ~[0m
[7m170[0m             type: 'immediate',
[7m   [0m [91m~~~~~~~~~~~~~~~~~~~~~~~~~~~~~~[0m
[7m...[0m 
[7m180[0m             priority: 'medium',
[7m   [0m [91m~~~~~~~~~~~~~~~~~~~~~~~~~~~~~~~[0m
[7m181[0m           },
[7m   [0m [91m~~~~~~~~~~~[0m

[96msrc/lib/ai/interventionEngine.ts[0m:[93m200[0m:[93m11[0m - [91merror[0m[90m TS2739: [0mType '{ type: string; category: string; title: string; description: string; actions: string[]; priority: "medium"; }' is missing the following properties from type 'Intervention': id, name

[7m200[0m           {
[7m   [0m [91m          ~[0m
[7m201[0m             type: 'immediate',
[7m   [0m [91m~~~~~~~~~~~~~~~~~~~~~~~~~~~~~~[0m
[7m...[0m 
[7m211[0m             priority: 'medium',
[7m   [0m [91m~~~~~~~~~~~~~~~~~~~~~~~~~~~~~~~[0m
[7m212[0m           },
[7m   [0m [91m~~~~~~~~~~~[0m

[96msrc/lib/ai/interventionEngine.ts[0m:[93m267[0m:[93m37[0m - [91merror[0m[90m TS18048: [0m'rule' is possibly 'undefined'.

[7m267[0m       selectedInterventions.push(...rule.suggestions)
[7m   [0m [91m                                    ~~~~[0m

[96msrc/lib/ai/interventionEngine.ts[0m:[93m270[0m:[93m12[0m - [91merror[0m[90m TS18048: [0m'rule' is possibly 'undefined'.

[7m270[0m         `${rule.name}: ${rule.description} (confidence: ${(rule.confidence * 100).toFixed(1)}%)`,
[7m   [0m [91m           ~~~~[0m

[96msrc/lib/ai/interventionEngine.ts[0m:[93m270[0m:[93m26[0m - [91merror[0m[90m TS18048: [0m'rule' is possibly 'undefined'.

[7m270[0m         `${rule.name}: ${rule.description} (confidence: ${(rule.confidence * 100).toFixed(1)}%)`,
[7m   [0m [91m                         ~~~~[0m

[96msrc/lib/ai/interventionEngine.ts[0m:[93m270[0m:[93m60[0m - [91merror[0m[90m TS18048: [0m'rule' is possibly 'undefined'.

[7m270[0m         `${rule.name}: ${rule.description} (confidence: ${(rule.confidence * 100).toFixed(1)}%)`,
[7m   [0m [91m                                                           ~~~~[0m

[96msrc/lib/ai/interventionEngine.ts[0m:[93m315[0m:[93m38[0m - [91merror[0m[90m TS18048: [0m'sessionData.medicationAdherence' is possibly 'undefined'.

[7m315[0m     if (patientProfile.medication && sessionData.medicationAdherence < 0.8) {
[7m   [0m [91m                                     ~~~~~~~~~~~~~~~~~~~~~~~~~~~~~~~[0m

[96msrc/lib/ai/memory/__tests__/MemorySystem.test.ts[0m:[93m176[0m:[93m14[0m - [91merror[0m[90m TS2532: [0mObject is possibly 'undefined'.

[7m176[0m       expect(archived[0].is_ghost).toBe(true);
[7m   [0m [91m             ~~~~~~~~~~~[0m

[96msrc/lib/ai/memory/__tests__/MemorySystem.test.ts[0m:[93m177[0m:[93m14[0m - [91merror[0m[90m TS2532: [0mObject is possibly 'undefined'.

[7m177[0m       expect(archived[0].content).toBe('[ARCHIVED_GHOST_NODE]');
[7m   [0m [91m             ~~~~~~~~~~~[0m

[96msrc/lib/ai/memory/__tests__/MemorySystem.test.ts[0m:[93m178[0m:[93m14[0m - [91merror[0m[90m TS2532: [0mObject is possibly 'undefined'.

[7m178[0m       expect(archived[0].gist).toBeDefined();
[7m   [0m [91m             ~~~~~~~~~~~[0m

[96msrc/lib/ai/memory/linker.ts[0m:[93m1[0m:[93m1[0m - [91merror[0m[90m TS6133: [0m'uuidv4' is declared but its value is never read.

[7m1[0m import { v4 as uuidv4 } from 'uuid';
[7m [0m [91m~~~~~~~~~~~~~~~~~~~~~~~~~~~~~~~~~~~~[0m

[96msrc/lib/ai/memory/synthesizer.ts[0m:[93m7[0m:[93m3[0m - [91merror[0m[90m TS6196: [0m'EmotionalMetadata' is declared but never used.

[7m7[0m   EmotionalMetadata
[7m [0m [91m  ~~~~~~~~~~~~~~~~~[0m

[96msrc/lib/ai/memory/synthesizer.ts[0m:[93m47[0m:[93m13[0m - [91merror[0m[90m TS6133: [0m'synthesizedContent' is declared but its value is never read.

[7m47[0m       const synthesizedContent = this.generateSynthesizedContent(mergeCandidates);
[7m  [0m [91m            ~~~~~~~~~~~~~~~~~~[0m

[96msrc/lib/ai/mental-arena/MentalArenaAdapter.ts[0m:[93m323[0m:[93m53[0m - [91merror[0m[90m TS2345: [0mArgument of type 'ValidationResult | undefined' is not assignable to parameter of type 'ValidationResult'.
  Type 'undefined' is not assignable to type 'ValidationResult'.

[7m323[0m             processedResults.validationResults.push(validation)
[7m   [0m [91m                                                    ~~~~~~~~~~[0m

[96msrc/lib/ai/mental-arena/MentalArenaAdapter.ts[0m:[93m325[0m:[93m17[0m - [91merror[0m[90m TS18048: [0m'validation' is possibly 'undefined'.

[7m325[0m             if (validation.isValid) {
[7m   [0m [91m                ~~~~~~~~~~[0m

[96msrc/lib/ai/mental-arena/MentalArenaAdapter.ts[0m:[93m331[0m:[93m51[0m - [91merror[0m[90m TS18048: [0m'validation' is possibly 'undefined'.

[7m331[0m               processedResults.qualityScores.push(validation.qualityScore)
[7m   [0m [91m                                                  ~~~~~~~~~~[0m

[96msrc/lib/ai/mental-arena/MentalArenaAdapter.ts[0m:[93m336[0m:[93m25[0m - [91merror[0m[90m TS18048: [0m'validation' is possibly 'undefined'.

[7m336[0m                 issues: validation.issues.map((i) => i.description),
[7m   [0m [91m                        ~~~~~~~~~~[0m

[96msrc/lib/ai/mental-llama/ClinicalKnowledgeBase.ts[0m:[93m82[0m:[93m5[0m - [91merror[0m[90m TS2322: [0mType '{ category: string; rule: string; priority: "low" | "medium" | "high"; source: string; }[] | undefined' is not assignable to type '{ category: string; rule: string; priority: "low" | "medium" | "high"; source: string; }[]'.
  Type 'undefined' is not assignable to type '{ category: string; rule: string; priority: "low" | "medium" | "high"; source: string; }[]'.

[7m82[0m     return guidelinesMap[category] ?? guidelinesMap['general_mental_health']
[7m  [0m [91m    ~~~~~~[0m

[96msrc/lib/ai/mental-llama/adapter/MentalLLaMAAdapter.test.ts[0m:[93m433[0m:[93m14[0m - [91merror[0m[90m TS18048: [0m'modelProviderInvocation' is possibly 'undefined'.

[7m433[0m       expect(modelProviderInvocation[1]).toMatchObject({
[7m   [0m [91m             ~~~~~~~~~~~~~~~~~~~~~~~[0m

[96msrc/lib/ai/mental-llama/adapter/MentalLLaMAAdapter.test.ts[0m:[93m437[0m:[93m30[0m - [91merror[0m[90m TS18048: [0m'modelProviderInvocation' is possibly 'undefined'.

[7m437[0m       const promptMessages = modelProviderInvocation[0];
[7m   [0m [91m                             ~~~~~~~~~~~~~~~~~~~~~~~[0m

[96msrc/lib/ai/mental-llama/adapter/MentalLLaMAAdapter.test.ts[0m:[93m441[0m:[93m14[0m - [91merror[0m[90m TS2532: [0mObject is possibly 'undefined'.

[7m441[0m       expect(promptMessages[0].content).toContain("evaluates the quality of explanations");
[7m   [0m [91m             ~~~~~~~~~~~~~~~~~[0m

[96msrc/lib/ai/mental-llama/adapter/MentalLLaMAAdapter.test.ts[0m:[93m445[0m:[93m14[0m - [91merror[0m[90m TS2532: [0mObject is possibly 'undefined'.

[7m445[0m       expect(promptMessages[1].content).toContain(explanation);
[7m   [0m [91m             ~~~~~~~~~~~~~~~~~[0m

[96msrc/lib/ai/mental-llama/adapter/MentalLLaMAAdapter.ts[0m:[93m38[0m:[93m20[0m - [91merror[0m[90m TS6133: [0m'crisisSessionFlaggingServiceImport' is declared but its value is never read.

[7m38[0m   private readonly crisisSessionFlaggingServiceImport?: Promise<unknown>;
[7m  [0m [91m                   ~~~~~~~~~~~~~~~~~~~~~~~~~~~~~~~~~~[0m

[96msrc/lib/ai/mental-llama/bridge/MentalLLaMAPythonBridge.ts[0m:[93m246[0m:[93m24[0m - [91merror[0m[90m TS4111: [0mProperty 'hasMentalHealthIssue' comes from an index signature, so it must be accessed with ['hasMentalHealthIssue'].

[7m246[0m       typeof candidate.hasMentalHealthIssue === 'boolean' &&
[7m   [0m [91m                       ~~~~~~~~~~~~~~~~~~~~[0m

[96msrc/lib/ai/mental-llama/bridge/MentalLLaMAPythonBridge.ts[0m:[93m247[0m:[93m24[0m - [91merror[0m[90m TS4111: [0mProperty 'confidence' comes from an index signature, so it must be accessed with ['confidence'].

[7m247[0m       typeof candidate.confidence === 'number' &&
[7m   [0m [91m                       ~~~~~~~~~~[0m

[96msrc/lib/ai/mental-llama/bridge/MentalLLaMAPythonBridge.ts[0m:[93m248[0m:[93m24[0m - [91merror[0m[90m TS4111: [0mProperty 'riskLevel' comes from an index signature, so it must be accessed with ['riskLevel'].

[7m248[0m       typeof candidate.riskLevel === 'string'
[7m   [0m [91m                       ~~~~~~~~~[0m

[96msrc/lib/ai/mental-llama/bridge/MentalLLaMAPythonBridge.ts[0m:[93m261[0m:[93m24[0m - [91merror[0m[90m TS4111: [0mProperty 'id' comes from an index signature, so it must be accessed with ['id'].

[7m261[0m       typeof candidate.id === 'string' &&
[7m   [0m [91m                       ~~[0m

[96msrc/lib/ai/mental-llama/bridge/MentalLLaMAPythonBridge.ts[0m:[93m262[0m:[93m24[0m - [91merror[0m[90m TS4111: [0mProperty 'success' comes from an index signature, so it must be accessed with ['success'].

[7m262[0m       typeof candidate.success === 'boolean' &&
[7m   [0m [91m                       ~~~~~~~[0m

[96msrc/lib/ai/mental-llama/bridge/MentalLLaMAPythonBridge.ts[0m:[93m263[0m:[93m18[0m - [91merror[0m[90m TS4111: [0mProperty 'error' comes from an index signature, so it must be accessed with ['error'].

[7m263[0m       (candidate.error === undefined || typeof candidate.error === 'string') &&
[7m   [0m [91m                 ~~~~~[0m

[96msrc/lib/ai/mental-llama/bridge/MentalLLaMAPythonBridge.ts[0m:[93m263[0m:[93m58[0m - [91merror[0m[90m TS4111: [0mProperty 'error' comes from an index signature, so it must be accessed with ['error'].

[7m263[0m       (candidate.error === undefined || typeof candidate.error === 'string') &&
[7m   [0m [91m                                                         ~~~~~[0m

[96msrc/lib/ai/mental-llama/bridge/MentalLLaMAPythonBridge.ts[0m:[93m264[0m:[93m18[0m - [91merror[0m[90m TS4111: [0mProperty 'logs' comes from an index signature, so it must be accessed with ['logs'].

[7m264[0m       (candidate.logs === undefined || Array.isArray(candidate.logs))
[7m   [0m [91m                 ~~~~[0m

[96msrc/lib/ai/mental-llama/bridge/MentalLLaMAPythonBridge.ts[0m:[93m264[0m:[93m64[0m - [91merror[0m[90m TS4111: [0mProperty 'logs' comes from an index signature, so it must be accessed with ['logs'].

[7m264[0m       (candidate.logs === undefined || Array.isArray(candidate.logs))
[7m   [0m [91m                                                               ~~~~[0m

[96msrc/lib/ai/mental-llama/bridge/server.ts[0m:[93m27[0m:[93m7[0m - [91merror[0m[90m TS2322: [0mType 'MentalLLaMAPythonBridge' is not assignable to type '{ initialize(): Promise<void>; isReady(): boolean; }'.
  The types returned by 'initialize()' are incompatible between these types.
    Type 'Promise<boolean>' is not assignable to type 'Promise<void>'.
      Type 'boolean' is not assignable to type 'void'.

[7m27[0m       return new MentalLLaMAPythonBridge()
[7m  [0m [91m      ~~~~~~[0m

[96msrc/lib/ai/mental-llama/bridge/server.ts[0m:[93m32[0m:[93m5[0m - [91merror[0m[90m TS2322: [0mType 'MentalLLaMAPythonBridge' is not assignable to type '{ initialize(): Promise<void>; isReady(): boolean; }'.
  The types returned by 'initialize()' are incompatible between these types.
    Type 'Promise<boolean>' is not assignable to type 'Promise<void>'.
      Type 'boolean' is not assignable to type 'void'.

[7m32[0m     return new MentalLLaMAPythonBridge()
[7m  [0m [91m    ~~~~~~[0m

[96msrc/lib/ai/mental-llama/client-adapter.ts[0m:[93m67[0m:[93m9[0m - [91merror[0m[90m TS2322: [0mType 'string' is not assignable to type 'number'.

[7m67[0m         stressLevel: 'low',
[7m  [0m [91m        ~~~~~~~~~~~[0m

  [96msrc/lib/ai/mental-llama/types/mentalLLaMATypes.ts[0m:[93m303[0m:[93m3[0m
    [7m303[0m   stressLevel?: number // Optional: stress level metric
    [7m   [0m [96m  ~~~~~~~~~~~[0m
    The expected type comes from property 'stressLevel' which is declared here on type 'MentalHealthAnalysisResult'

[96msrc/lib/ai/mental-llama/config.ts[0m:[93m117[0m:[93m53[0m - [91merror[0m[90m TS4111: [0mProperty 'NODE_ENV' comes from an index signature, so it must be accessed with ['NODE_ENV'].

[7m117[0m       typeof process !== 'undefined' && process.env.NODE_ENV !== 'production',
[7m   [0m [91m                                                    ~~~~~~~~[0m

[96msrc/lib/ai/mental-llama/createProductionLLMInvoker.ts[0m:[93m439[0m:[93m55[0m - [91merror[0m[90m TS2339: [0mProperty 'String' does not exist on type 'ChatCompletionResponse'.

[7m439[0m           throw new Error(`Provider error: ${response.String(error)}`)
[7m   [0m [91m                                                      ~~~~~~[0m

[96msrc/lib/ai/mental-llama/createProductionLLMInvoker.ts[0m:[93m439[0m:[93m62[0m - [91merror[0m[90m TS2552: [0mCannot find name 'error'. Did you mean 'Error'?

[7m439[0m           throw new Error(`Provider error: ${response.String(error)}`)
[7m   [0m [91m                                                             ~~~~~[0m

  [96mnode_modules/.pnpm/typescript@5.9.3/node_modules/typescript/lib/lib.es5.d.ts[0m:[93m1087[0m:[93m13[0m
    [7m1087[0m declare var Error: ErrorConstructor;
    [7m    [0m [96m            ~~~~~[0m
    'Error' is declared here.

[96msrc/lib/ai/mental-llama/evidence/EvidenceExtractor.ts[0m:[93m810[0m:[93m7[0m - [91merror[0m[90m TS2532: [0mObject is possibly 'undefined'.

[7m810[0m       categorized[item.category].push(item)
[7m   [0m [91m      ~~~~~~~~~~~~~~~~~~~~~~~~~~[0m

[96msrc/lib/ai/mental-llama/evidence/__tests__/EvidenceExtractor.test.ts[0m:[93m77[0m:[93m14[0m - [91merror[0m[90m TS2532: [0mObject is possibly 'undefined'.

[7m77[0m       expect(semanticEvidence[0].metadata).toBeDefined()
[7m  [0m [91m             ~~~~~~~~~~~~~~~~~~~[0m

[96msrc/lib/ai/mental-llama/evidence/__tests__/EvidenceExtractor.test.ts[0m:[93m78[0m:[93m14[0m - [91merror[0m[90m TS2532: [0mObject is possibly 'undefined'.

[7m78[0m       expect(semanticEvidence[0].metadata!.semanticRationale).toBe(
[7m  [0m [91m             ~~~~~~~~~~~~~~~~~~~[0m

[96msrc/lib/ai/mental-llama/evidence/__tests__/EvidenceExtractor.test.ts[0m:[93m168[0m:[93m14[0m - [91merror[0m[90m TS2532: [0mObject is possibly 'undefined'.

[7m168[0m       expect(semanticEvidence[0].text).toBe('Valid evidence item')
[7m   [0m [91m             ~~~~~~~~~~~~~~~~~~~[0m

[96msrc/lib/ai/mental-llama/evidence/__tests__/EvidenceExtractor.test.ts[0m:[93m169[0m:[93m14[0m - [91merror[0m[90m TS2532: [0mObject is possibly 'undefined'.

[7m169[0m       expect(semanticEvidence[0].confidence).toBe(0.9)
[7m   [0m [91m             ~~~~~~~~~~~~~~~~~~~[0m

[96msrc/lib/ai/mental-llama/evidence/__tests__/EvidenceExtractor.test.ts[0m:[93m170[0m:[93m14[0m - [91merror[0m[90m TS2532: [0mObject is possibly 'undefined'.

[7m170[0m       expect(semanticEvidence[0].clinicalRelevance).toBe('critical')
[7m   [0m [91m             ~~~~~~~~~~~~~~~~~~~[0m

[96msrc/lib/ai/mental-llama/evidence/__tests__/EvidenceExtractor.test.ts[0m:[93m277[0m:[93m14[0m - [91merror[0m[90m TS2532: [0mObject is possibly 'undefined'.

[7m277[0m       expect(semanticEvidence[0].clinicalRelevance).toBe('supportive') // Should default to 'supportive'
[7m   [0m [91m             ~~~~~~~~~~~~~~~~~~~[0m

[96msrc/lib/ai/mental-llama/evidence/__tests__/EvidenceExtractor.test.ts[0m:[93m304[0m:[93m14[0m - [91merror[0m[90m TS2532: [0mObject is possibly 'undefined'.

[7m304[0m       expect(semanticEvidence[0].text).toBe('Evidence with whitespace')
[7m   [0m [91m             ~~~~~~~~~~~~~~~~~~~[0m

[96msrc/lib/ai/mental-llama/evidence/__tests__/EvidenceExtractor.test.ts[0m:[93m358[0m:[93m14[0m - [91merror[0m[90m TS2532: [0mObject is possibly 'undefined'.

[7m358[0m       expect(semanticEvidence[0].text).toBe('Valid item')
[7m   [0m [91m             ~~~~~~~~~~~~~~~~~~~[0m

[96msrc/lib/ai/mental-llama/evidence/__tests__/EvidenceExtractor.test.ts[0m:[93m359[0m:[93m14[0m - [91merror[0m[90m TS2532: [0mObject is possibly 'undefined'.

[7m359[0m       expect(semanticEvidence[0].confidence).toBe(0.8)
[7m   [0m [91m             ~~~~~~~~~~~~~~~~~~~[0m

[96msrc/lib/ai/mental-llama/evidence/utils/__tests__/semanticEvidenceParser.test.ts[0m:[93m51[0m:[93m14[0m - [91merror[0m[90m TS18048: [0m'firstItem' is possibly 'undefined'.

[7m51[0m       expect(firstItem.context?.['semanticRationale']).toBe(
[7m  [0m [91m             ~~~~~~~~~[0m

[96msrc/lib/ai/mental-llama/evidence/utils/__tests__/semanticEvidenceParser.test.ts[0m:[93m95[0m:[93m14[0m - [91merror[0m[90m TS18048: [0m'validItem' is possibly 'undefined'.

[7m95[0m       expect(validItem.text).toBe('Valid evidence item')
[7m  [0m [91m             ~~~~~~~~~[0m

[96msrc/lib/ai/mental-llama/evidence/utils/__tests__/semanticEvidenceParser.test.ts[0m:[93m140[0m:[93m14[0m - [91merror[0m[90m TS18048: [0m'highConfidenceItem' is possibly 'undefined'.

[7m140[0m       expect(highConfidenceItem.confidence).toBe(1) // Clamped to max
[7m   [0m [91m             ~~~~~~~~~~~~~~~~~~[0m

[96msrc/lib/ai/mental-llama/evidence/utils/__tests__/semanticEvidenceParser.test.ts[0m:[93m141[0m:[93m14[0m - [91merror[0m[90m TS18048: [0m'lowConfidenceItem' is possibly 'undefined'.

[7m141[0m       expect(lowConfidenceItem.confidence).toBe(0) // Clamped to min
[7m   [0m [91m             ~~~~~~~~~~~~~~~~~[0m

[96msrc/lib/ai/mental-llama/evidence/utils/__tests__/semanticEvidenceParser.test.ts[0m:[93m160[0m:[93m14[0m - [91merror[0m[90m TS18048: [0m'evidenceItem' is possibly 'undefined'.

[7m160[0m       expect(evidenceItem.clinicalRelevance).toBe('supportive') // Should default to 'supportive'
[7m   [0m [91m             ~~~~~~~~~~~~[0m

[96msrc/lib/ai/mental-llama/evidence/utils/__tests__/semanticEvidenceParser.test.ts[0m:[93m177[0m:[93m14[0m - [91merror[0m[90m TS18048: [0m'evidenceItem' is possibly 'undefined'.

[7m177[0m       expect(evidenceItem.text).toBe('Evidence with whitespace')
[7m   [0m [91m             ~~~~~~~~~~~~[0m

[96msrc/lib/ai/mental-llama/evidence/utils/__tests__/semanticEvidenceParser.test.ts[0m:[93m207[0m:[93m14[0m - [91merror[0m[90m TS18048: [0m'validItem' is possibly 'undefined'.

[7m207[0m       expect(validItem.text).toBe('Valid item')
[7m   [0m [91m             ~~~~~~~~~[0m

[96msrc/lib/ai/mental-llama/index.ts[0m:[93m122[0m:[93m7[0m - [91merror[0m[90m TS2739: [0mType 'Promise<{ initialize(): Promise<void>; isReady(): boolean; }>' is missing the following properties from type '{ initialize(): Promise<void>; isReady(): boolean; }': initialize, isReady

[7m122[0m       pythonBridge =  createMentalLLaMAPythonBridge(
[7m   [0m [91m      ~~~~~~~~~~~~[0m

[96msrc/lib/ai/mental-llama/index.ts[0m:[93m127[0m:[93m13[0m - [91merror[0m[90m TS18048: [0m'pythonBridge' is possibly 'undefined'.

[7m127[0m       await pythonBridge.initialize()
[7m   [0m [91m            ~~~~~~~~~~~~[0m

[96msrc/lib/ai/mental-llama/index.ts[0m:[93m128[0m:[93m11[0m - [91merror[0m[90m TS18048: [0m'pythonBridge' is possibly 'undefined'.

[7m128[0m       if (pythonBridge.isReady()) {
[7m   [0m [91m          ~~~~~~~~~~~~[0m

[96msrc/lib/ai/mental-llama/index.ts[0m:[93m142[0m:[93m5[0m - [91merror[0m[90m TS2345: [0mArgument of type '{ modelProvider: MentalLLaMAModelProvider; taskRouter: MentalHealthTaskRouter; crisisNotifier: ICrisisNotificationHandler; } | { ...; }' is not assignable to parameter of type 'MentalLLaMAAdapterOptions'.
  Type '{ modelProvider: MentalLLaMAModelProvider; taskRouter: MentalHealthTaskRouter; crisisNotifier: ICrisisNotificationHandler; }' is not assignable to type 'MentalLLaMAAdapterOptions'.
    The types of 'crisisNotifier.sendCrisisAlert' are incompatible between these types.
      Type '(alertContext: CrisisAlertContext) => Promise<void>' is not assignable to type '(alertContext: CrisisContext) => Promise<void>'.
        Types of parameters 'alertContext' and 'alertContext' are incompatible.
          Type 'CrisisContext' is not assignable to type 'CrisisAlertContext'.
            Types of property 'userId' are incompatible.
              Type 'string | undefined' is not assignable to type 'string'.
                Type 'undefined' is not assignable to type 'string'.

[7m142[0m     crisisNotifier
[7m   [0m [91m    ~~~~~~~~~~~~~~[0m
[7m143[0m       ? { modelProvider, taskRouter, crisisNotifier }
[7m   [0m [91m~~~~~~~~~~~~~~~~~~~~~~~~~~~~~~~~~~~~~~~~~~~~~~~~~~~~~[0m
[7m144[0m       : { modelProvider, taskRouter },
[7m   [0m [91m~~~~~~~~~~~~~~~~~~~~~~~~~~~~~~~~~~~~~[0m

[96msrc/lib/ai/mental-llama/utils/testModelIntegration.ts[0m:[93m33[0m:[93m20[0m - [91merror[0m[90m TS7053: [0mElement implicitly has an 'any' type because expression of type '"MENTALLAMA_API_KEY"' can't be used to index type '() => { NODE_ENV: "development" | "test" | "production"; PORT: number; LOG_LEVEL: "error" | "debug" | "info" | "warn" | "verbose"; ENABLE_RATE_LIMITING: boolean; ANALYTICS_WS_PORT: number; ... 77 more ...; AZURE_STORAGE_CONTAINER_NAME?: string | undefined; }'.
  Property 'MENTALLAMA_API_KEY' does not exist on type '() => { NODE_ENV: "development" | "test" | "production"; PORT: number; LOG_LEVEL: "error" | "debug" | "info" | "warn" | "verbose"; ENABLE_RATE_LIMITING: boolean; ANALYTICS_WS_PORT: number; ... 77 more ...; AZURE_STORAGE_CONTAINER_NAME?: string | undefined; }'.

[7m33[0m     const apiKey = env['MENTALLAMA_API_KEY']
[7m  [0m [91m                   ~~~~~~~~~~~~~~~~~~~~~~~~~[0m

[96msrc/lib/ai/mental-llama/utils/testModelIntegration.ts[0m:[93m34[0m:[93m24[0m - [91merror[0m[90m TS7053: [0mElement implicitly has an 'any' type because expression of type '"MENTALLAMA_ENDPOINT_URL_7B"' can't be used to index type '() => { NODE_ENV: "development" | "test" | "production"; PORT: number; LOG_LEVEL: "error" | "debug" | "info" | "warn" | "verbose"; ENABLE_RATE_LIMITING: boolean; ANALYTICS_WS_PORT: number; ... 77 more ...; AZURE_STORAGE_CONTAINER_NAME?: string | undefined; }'.
  Property 'MENTALLAMA_ENDPOINT_URL_7B' does not exist on type '() => { NODE_ENV: "development" | "test" | "production"; PORT: number; LOG_LEVEL: "error" | "debug" | "info" | "warn" | "verbose"; ENABLE_RATE_LIMITING: boolean; ANALYTICS_WS_PORT: number; ... 77 more ...; AZURE_STORAGE_CONTAINER_NAME?: string | undefined; }'.

[7m34[0m     const endpoint7B = env['MENTALLAMA_ENDPOINT_URL_7B']
[7m  [0m [91m                       ~~~~~~~~~~~~~~~~~~~~~~~~~~~~~~~~~[0m

[96msrc/lib/ai/modelOptimizer.ts[0m:[93m55[0m:[93m9[0m - [91merror[0m[90m TS2739: [0mType '{ accuracy: number; precision: number; recall: number; f1Score: number; inferenceTime: number; memoryUsage: number; }' is missing the following properties from type 'Record<keyof ModelMetrics, number>': timestamp, auc, loss, epoch, privacyScore

[7m55[0m         expectedImprovement: {
[7m  [0m [91m        ~~~~~~~~~~~~~~~~~~~[0m

  [96msrc/lib/ai/modelOptimizer.ts[0m:[93m18[0m:[93m3[0m
    [7m18[0m   expectedImprovement: Record<keyof ModelMetrics, number>;
    [7m  [0m [96m  ~~~~~~~~~~~~~~~~~~~[0m
    The expected type comes from property 'expectedImprovement' which is declared here on type 'OptimizationStrategy'

[96msrc/lib/ai/modelOptimizer.ts[0m:[93m77[0m:[93m9[0m - [91merror[0m[90m TS2739: [0mType '{ accuracy: number; precision: number; recall: number; f1Score: number; inferenceTime: number; memoryUsage: number; }' is missing the following properties from type 'Record<keyof ModelMetrics, number>': timestamp, auc, loss, epoch, privacyScore

[7m77[0m         expectedImprovement: {
[7m  [0m [91m        ~~~~~~~~~~~~~~~~~~~[0m

  [96msrc/lib/ai/modelOptimizer.ts[0m:[93m18[0m:[93m3[0m
    [7m18[0m   expectedImprovement: Record<keyof ModelMetrics, number>;
    [7m  [0m [96m  ~~~~~~~~~~~~~~~~~~~[0m
    The expected type comes from property 'expectedImprovement' which is declared here on type 'OptimizationStrategy'

[96msrc/lib/ai/modelOptimizer.ts[0m:[93m94[0m:[93m9[0m - [91merror[0m[90m TS2739: [0mType '{ accuracy: number; precision: number; recall: number; f1Score: number; inferenceTime: number; memoryUsage: number; }' is missing the following properties from type 'Record<keyof ModelMetrics, number>': timestamp, auc, loss, epoch, privacyScore

[7m94[0m         expectedImprovement: {
[7m  [0m [91m        ~~~~~~~~~~~~~~~~~~~[0m

  [96msrc/lib/ai/modelOptimizer.ts[0m:[93m18[0m:[93m3[0m
    [7m18[0m   expectedImprovement: Record<keyof ModelMetrics, number>;
    [7m  [0m [96m  ~~~~~~~~~~~~~~~~~~~[0m
    The expected type comes from property 'expectedImprovement' which is declared here on type 'OptimizationStrategy'

[96msrc/lib/ai/modelOptimizer.ts[0m:[93m116[0m:[93m9[0m - [91merror[0m[90m TS2739: [0mType '{ accuracy: number; precision: number; recall: number; f1Score: number; inferenceTime: number; memoryUsage: number; }' is missing the following properties from type 'Record<keyof ModelMetrics, number>': timestamp, auc, loss, epoch, privacyScore

[7m116[0m         expectedImprovement: {
[7m   [0m [91m        ~~~~~~~~~~~~~~~~~~~[0m

  [96msrc/lib/ai/modelOptimizer.ts[0m:[93m18[0m:[93m3[0m
    [7m18[0m   expectedImprovement: Record<keyof ModelMetrics, number>;
    [7m  [0m [96m  ~~~~~~~~~~~~~~~~~~~[0m
    The expected type comes from property 'expectedImprovement' which is declared here on type 'OptimizationStrategy'

[96msrc/lib/ai/modelOptimizer.ts[0m:[93m138[0m:[93m9[0m - [91merror[0m[90m TS2739: [0mType '{ accuracy: number; precision: number; recall: number; f1Score: number; inferenceTime: number; memoryUsage: number; }' is missing the following properties from type 'Record<keyof ModelMetrics, number>': timestamp, auc, loss, epoch, privacyScore

[7m138[0m         expectedImprovement: {
[7m   [0m [91m        ~~~~~~~~~~~~~~~~~~~[0m

  [96msrc/lib/ai/modelOptimizer.ts[0m:[93m18[0m:[93m3[0m
    [7m18[0m   expectedImprovement: Record<keyof ModelMetrics, number>;
    [7m  [0m [96m  ~~~~~~~~~~~~~~~~~~~[0m
    The expected type comes from property 'expectedImprovement' which is declared here on type 'OptimizationStrategy'

[96msrc/lib/ai/modelOptimizer.ts[0m:[93m182[0m:[93m9[0m - [91merror[0m[90m TS2532: [0mObject is possibly 'undefined'.

[7m182[0m     if (this.currentMetrics.inferenceTime > 100) {
[7m   [0m [91m        ~~~~~~~~~~~~~~~~~~~~~~~~~~~~~~~~~[0m

[96msrc/lib/ai/modelOptimizer.ts[0m:[93m192[0m:[93m9[0m - [91merror[0m[90m TS2532: [0mObject is possibly 'undefined'.

[7m192[0m     if (this.currentMetrics.memoryUsage > 1000) {
[7m   [0m [91m        ~~~~~~~~~~~~~~~~~~~~~~~~~~~~~~~[0m

[96msrc/lib/ai/modelOptimizer.ts[0m:[93m198[0m:[93m9[0m - [91merror[0m[90m TS2532: [0mObject is possibly 'undefined'.

[7m198[0m     if (this.currentMetrics.privacyScore < 0.9) {
[7m   [0m [91m        ~~~~~~~~~~~~~~~~~~~~~~~~~~~~~~~~[0m

[96msrc/lib/ai/modelOptimizer.ts[0m:[93m226[0m:[93m9[0m - [91merror[0m[90m TS2532: [0mObject is possibly 'undefined'.

[7m226[0m     if (this.currentMetrics.inferenceTime > 200) return "inferenceTime";
[7m   [0m [91m        ~~~~~~~~~~~~~~~~~~~~~~~~~~~~~~~~~[0m

[96msrc/lib/ai/modelOptimizer.ts[0m:[93m227[0m:[93m9[0m - [91merror[0m[90m TS2532: [0mObject is possibly 'undefined'.

[7m227[0m     if (this.currentMetrics.memoryUsage > 1500) return "memoryUsage";
[7m   [0m [91m        ~~~~~~~~~~~~~~~~~~~~~~~~~~~~~~~[0m

[96msrc/lib/ai/modelOptimizer.ts[0m:[93m254[0m:[93m9[0m - [91merror[0m[90m TS2322: [0mType 'number' is not assignable to type 'never'.

[7m254[0m         (optimizedMetrics[key]) *= 1 + improvements[key];
[7m   [0m [91m        ~~~~~~~~~~~~~~~~~~~~~~~[0m

[96msrc/lib/ai/modelOptimizer.ts[0m:[93m254[0m:[93m36[0m - [91merror[0m[90m TS2365: [0mOperator '+' cannot be applied to types 'number' and 'number | Date'.

[7m254[0m         (optimizedMetrics[key]) *= 1 + improvements[key];
[7m   [0m [91m                                   ~~~~~~~~~~~~~~~~~~~~~[0m

[96msrc/lib/ai/modelOptimizer.ts[0m:[93m254[0m:[93m40[0m - [91merror[0m[90m TS2532: [0mObject is possibly 'undefined'.

[7m254[0m         (optimizedMetrics[key]) *= 1 + improvements[key];
[7m   [0m [91m                                       ~~~~~~~~~~~~~~~~~[0m

[96msrc/lib/ai/modelOptimizer.ts[0m:[93m283[0m:[93m7[0m - [91merror[0m[90m TS2322: [0mType 'number' is not assignable to type 'Date & number'.
  Type 'number' is not assignable to type 'Date'.

[7m283[0m       improvements[key] = actualChange;
[7m   [0m [91m      ~~~~~~~~~~~~~~~~~[0m

[96msrc/lib/ai/modelOptimizer.ts[0m:[93m348[0m:[93m50[0m - [91merror[0m[90m TS18048: [0m'bestAccuracy' is possibly 'undefined'.

[7m348[0m       if ((result.improvements.accuracy ?? 0) > (bestAccuracy.improvements.accuracy ?? 0)) {
[7m   [0m [91m                                                 ~~~~~~~~~~~~[0m

[96msrc/lib/ai/modelOptimizer.ts[0m:[93m352[0m:[93m55[0m - [91merror[0m[90m TS18048: [0m'bestSpeed' is possibly 'undefined'.

[7m352[0m       if ((result.improvements.inferenceTime ?? 0) > (bestSpeed.improvements.inferenceTime ?? 0)) {
[7m   [0m [91m                                                      ~~~~~~~~~[0m

[96msrc/lib/ai/modelOptimizer.ts[0m:[93m356[0m:[93m53[0m - [91merror[0m[90m TS18048: [0m'bestMemory' is possibly 'undefined'.

[7m356[0m       if ((result.improvements.memoryUsage ?? 0) > (bestMemory.improvements.memoryUsage ?? 0)) {
[7m   [0m [91m                                                    ~~~~~~~~~~[0m

[96msrc/lib/ai/modelOptimizer.ts[0m:[93m362[0m:[93m59[0m - [91merror[0m[90m TS2345: [0mArgument of type 'OptimizationResult | undefined' is not assignable to parameter of type 'OptimizationResult'.
  Type 'undefined' is not assignable to type 'OptimizationResult'.

[7m362[0m       const bestBalanceScore = this.calculateBalanceScore(mostBalanced);
[7m   [0m [91m                                                          ~~~~~~~~~~~~[0m

[96msrc/lib/ai/modelOptimizer.ts[0m:[93m370[0m:[93m7[0m - [91merror[0m[90m TS2322: [0mType 'OptimizationResult | undefined' is not assignable to type 'OptimizationResult | null'.
  Type 'undefined' is not assignable to type 'OptimizationResult | null'.

[7m370[0m       bestAccuracy,
[7m   [0m [91m      ~~~~~~~~~~~~[0m

  [96msrc/lib/ai/modelOptimizer.ts[0m:[93m328[0m:[93m5[0m
    [7m328[0m     bestAccuracy: OptimizationResult | null;
    [7m   [0m [96m    ~~~~~~~~~~~~[0m
    The expected type comes from property 'bestAccuracy' which is declared here on type '{ bestAccuracy: OptimizationResult | null; bestSpeed: OptimizationResult | null; bestMemory: OptimizationResult | null; mostBalanced: OptimizationResult | null; }'

[96msrc/lib/ai/modelOptimizer.ts[0m:[93m371[0m:[93m7[0m - [91merror[0m[90m TS2322: [0mType 'OptimizationResult | undefined' is not assignable to type 'OptimizationResult | null'.
  Type 'undefined' is not assignable to type 'OptimizationResult | null'.

[7m371[0m       bestSpeed,
[7m   [0m [91m      ~~~~~~~~~[0m

  [96msrc/lib/ai/modelOptimizer.ts[0m:[93m329[0m:[93m5[0m
    [7m329[0m     bestSpeed: OptimizationResult | null;
    [7m   [0m [96m    ~~~~~~~~~[0m
    The expected type comes from property 'bestSpeed' which is declared here on type '{ bestAccuracy: OptimizationResult | null; bestSpeed: OptimizationResult | null; bestMemory: OptimizationResult | null; mostBalanced: OptimizationResult | null; }'

[96msrc/lib/ai/modelOptimizer.ts[0m:[93m372[0m:[93m7[0m - [91merror[0m[90m TS2322: [0mType 'OptimizationResult | undefined' is not assignable to type 'OptimizationResult | null'.
  Type 'undefined' is not assignable to type 'OptimizationResult | null'.

[7m372[0m       bestMemory,
[7m   [0m [91m      ~~~~~~~~~~[0m

  [96msrc/lib/ai/modelOptimizer.ts[0m:[93m330[0m:[93m5[0m
    [7m330[0m     bestMemory: OptimizationResult | null;
    [7m   [0m [96m    ~~~~~~~~~~[0m
    The expected type comes from property 'bestMemory' which is declared here on type '{ bestAccuracy: OptimizationResult | null; bestSpeed: OptimizationResult | null; bestMemory: OptimizationResult | null; mostBalanced: OptimizationResult | null; }'

[96msrc/lib/ai/modelOptimizer.ts[0m:[93m373[0m:[93m7[0m - [91merror[0m[90m TS2322: [0mType 'OptimizationResult | undefined' is not assignable to type 'OptimizationResult | null'.
  Type 'undefined' is not assignable to type 'OptimizationResult | null'.

[7m373[0m       mostBalanced,
[7m   [0m [91m      ~~~~~~~~~~~~[0m

  [96msrc/lib/ai/modelOptimizer.ts[0m:[93m331[0m:[93m5[0m
    [7m331[0m     mostBalanced: OptimizationResult | null;
    [7m   [0m [96m    ~~~~~~~~~~~~[0m
    The expected type comes from property 'mostBalanced' which is declared here on type '{ bestAccuracy: OptimizationResult | null; bestSpeed: OptimizationResult | null; bestMemory: OptimizationResult | null; mostBalanced: OptimizationResult | null; }'

[96msrc/lib/ai/modelOptimizer.ts[0m:[93m401[0m:[93m9[0m - [91merror[0m[90m TS2739: [0mType '{ accuracy: "stable"; precision: "stable"; recall: "stable"; f1Score: "stable"; inferenceTime: "stable"; memoryUsage: "stable"; privacyScore: "stable"; }' is missing the following properties from type 'Record<keyof ModelMetrics, "improving" | "stable" | "declining">': timestamp, auc, loss, epoch

[7m401[0m         trends: {
[7m   [0m [91m        ~~~~~~[0m

  [96msrc/lib/ai/modelOptimizer.ts[0m:[93m395[0m:[93m5[0m
    [7m395[0m     trends: Record<keyof ModelMetrics, "improving" | "declining" | "stable">;
    [7m   [0m [96m    ~~~~~~[0m
    The expected type comes from property 'trends' which is declared here on type '{ history: OptimizationResult[]; trends: Record<keyof ModelMetrics, "improving" | "stable" | "declining">; totalImprovements: Partial<ModelMetrics>; }'

[96msrc/lib/ai/modelOptimizer.ts[0m:[93m414[0m:[93m11[0m - [91merror[0m[90m TS2739: [0mType '{ accuracy: "stable"; precision: "stable"; recall: "stable"; f1Score: "stable"; inferenceTime: "stable"; memoryUsage: "stable"; privacyScore: "stable"; }' is missing the following properties from type 'Record<keyof ModelMetrics, "improving" | "stable" | "declining">': timestamp, auc, loss, epoch

[7m414[0m     const trends: Record<keyof ModelMetrics, "improving" | "declining" | "stable"> = {
[7m   [0m [91m          ~~~~~~[0m

[96msrc/lib/ai/modelOptimizer.ts[0m:[93m430[0m:[93m25[0m - [91merror[0m[90m TS2362: [0mThe left-hand side of an arithmetic operation must be of type 'any', 'number', 'bigint' or an enum type.

[7m430[0m       const avgChange = values.reduce((sum, val) => sum + val, 0) / values.length;
[7m   [0m [91m                        ~~~~~~~~~~~~~~~~~~~~~~~~~~~~~~~~~~~~~~~~~[0m

[96msrc/lib/ai/modelOptimizer.ts[0m:[93m430[0m:[93m53[0m - [91merror[0m[90m TS2365: [0mOperator '+' cannot be applied to types 'number | Date' and 'number | Date'.

[7m430[0m       const avgChange = values.reduce((sum, val) => sum + val, 0) / values.length;
[7m   [0m [91m                                                    ~~~~~~~~~[0m

[96msrc/lib/ai/modelOptimizer.ts[0m:[93m436[0m:[93m7[0m - [91merror[0m[90m TS2322: [0mType 'number | Date' is not assignable to type '(Date & number) | undefined'.
  Type 'number' is not assignable to type 'Date & number'.
    Type 'number' is not assignable to type 'Date'.

[7m436[0m       totalImprovements[key] = values.reduce((sum, val) => sum + val, 0);
[7m   [0m [91m      ~~~~~~~~~~~~~~~~~~~~~~[0m

[96msrc/lib/ai/modelOptimizer.ts[0m:[93m436[0m:[93m60[0m - [91merror[0m[90m TS2365: [0mOperator '+' cannot be applied to types 'number | Date' and 'number | Date'.

[7m436[0m       totalImprovements[key] = values.reduce((sum, val) => sum + val, 0);
[7m   [0m [91m                                                           ~~~~~~~~~[0m

[96msrc/lib/ai/modelOptimizer.ts[0m:[93m454[0m:[93m11[0m - [91merror[0m[90m TS6133: [0m'_analysis' is declared but its value is never read.

[7m454[0m     const _analysis = await this.analyzePerformance();
[7m   [0m [91m          ~~~~~~~~~[0m

[96msrc/lib/ai/modelOptimizer.ts[0m:[93m472[0m:[93m23[0m - [91merror[0m[90m TS2345: [0mArgument of type 'OptimizationStrategy | undefined' is not assignable to parameter of type 'OptimizationStrategy'.
  Type 'undefined' is not assignable to type 'OptimizationStrategy'.

[7m472[0m         pipeline.push(suitableStrategies[0]);
[7m   [0m [91m                      ~~~~~~~~~~~~~~~~~~~~~[0m

[96msrc/lib/ai/models/registry.ts[0m:[93m14[0m:[93m5[0m - [91merror[0m[90m TS2353: [0mObject literal may only specify known properties, and 'available' does not exist in type 'AIModel'.

[7m14[0m     available: true,
[7m  [0m [91m    ~~~~~~~~~[0m

[96msrc/lib/ai/models/registry.ts[0m:[93m22[0m:[93m5[0m - [91merror[0m[90m TS2353: [0mObject literal may only specify known properties, and 'available' does not exist in type 'AIModel'.

[7m22[0m     available: true,
[7m  [0m [91m    ~~~~~~~~~[0m

[96msrc/lib/ai/models/registry.ts[0m:[93m30[0m:[93m5[0m - [91merror[0m[90m TS2353: [0mObject literal may only specify known properties, and 'available' does not exist in type 'AIModel'.

[7m30[0m     available: true,
[7m  [0m [91m    ~~~~~~~~~[0m

[96msrc/lib/ai/models/registry.ts[0m:[93m38[0m:[93m5[0m - [91merror[0m[90m TS2353: [0mObject literal may only specify known properties, and 'available' does not exist in type 'AIModel'.

[7m38[0m     available: true,
[7m  [0m [91m    ~~~~~~~~~[0m

[96msrc/lib/ai/performance/index.ts[0m:[93m2[0m:[93m15[0m - [91merror[0m[90m TS2724: [0m'"../bias-detection/types"' has no exported member named 'PerformanceMetrics'. Did you mean 'ModelPerformanceMetrics'?

[7m2[0m export type { PerformanceMetrics } from '../bias-detection/types'
[7m [0m [91m              ~~~~~~~~~~~~~~~~~~[0m

[96msrc/lib/ai/privacyEngine.ts[0m:[93m111[0m:[93m38[0m - [91merror[0m[90m TS2345: [0mArgument of type 'string | undefined' is not assignable to parameter of type 'string'.
  Type 'undefined' is not assignable to type 'string'.

[7m111[0m       assignments.get(shardId)!.push(clients[i])
[7m   [0m [91m                                     ~~~~~~~~~~[0m

[96msrc/lib/ai/privacyEngine.ts[0m:[93m168[0m:[93m35[0m - [91merror[0m[90m TS2532: [0mObject is possibly 'undefined'.

[7m168[0m       (weight, index) => weight + noise[index % noise.length],
[7m   [0m [91m                                  ~~~~~~~~~~~~~~~~~~~~~~~~~~~[0m

[96msrc/lib/ai/privacyEngine.ts[0m:[93m261[0m:[93m17[0m - [91merror[0m[90m TS2532: [0mObject is possibly 'undefined'.

[7m261[0m       { length: updates[0].weights.length },
[7m   [0m [91m                ~~~~~~~~~~[0m

[96msrc/lib/ai/privacyEngine.ts[0m:[93m268[0m:[93m9[0m - [91merror[0m[90m TS2532: [0mObject is possibly 'undefined'.

[7m268[0m         averagedWeights[index] += weight / totalWeight
[7m   [0m [91m        ~~~~~~~~~~~~~~~~~~~~~~[0m

[96msrc/lib/ai/privacyEngine.ts[0m:[93m285[0m:[93m56[0m - [91merror[0m[90m TS2532: [0mObject is possibly 'undefined'.

[7m285[0m     const globalWeights = this.globalModel?.weights ?? updates[0].weights
[7m   [0m [91m                                                       ~~~~~~~~~~[0m

[96msrc/lib/ai/privacyEngine.ts[0m:[93m295[0m:[93m9[0m - [91merror[0m[90m TS2532: [0mObject is possibly 'undefined'.

[7m295[0m         proximalWeights[index] += proximal / updates.length
[7m   [0m [91m        ~~~~~~~~~~~~~~~~~~~~~~[0m

[96msrc/lib/ai/privacyEngine.ts[0m:[93m364[0m:[93m38[0m - [91merror[0m[90m TS2345: [0mArgument of type 'number | undefined' is not assignable to parameter of type 'number'.
  Type 'undefined' is not assignable to type 'number'.

[7m364[0m       progress: this.addNoiseToValue(patient.progress, 0.05),
[7m   [0m [91m                                     ~~~~~~~~~~~~~~~~[0m

[96msrc/lib/ai/privacyEngine.ts[0m:[93m430[0m:[93m31[0m - [91merror[0m[90m TS2532: [0mObject is possibly 'undefined'.

[7m430[0m         const diff = Math.abs(originalStats[key] - sanitizedStats[key])
[7m   [0m [91m                              ~~~~~~~~~~~~~~~~~~[0m

[96msrc/lib/ai/privacyEngine.ts[0m:[93m447[0m:[93m13[0m - [91merror[0m[90m TS4111: [0mProperty 'progressMean' comes from an index signature, so it must be accessed with ['progressMean'].

[7m447[0m       stats.progressMean =
[7m   [0m [91m            ~~~~~~~~~~~~[0m

[96msrc/lib/ai/privacyEngine.ts[0m:[93m449[0m:[93m13[0m - [91merror[0m[90m TS4111: [0mProperty 'progressStd' comes from an index signature, so it must be accessed with ['progressStd'].

[7m449[0m       stats.progressStd = Math.sqrt(
[7m   [0m [91m            ~~~~~~~~~~~[0m

[96msrc/lib/ai/privacyEngine.ts[0m:[93m451[0m:[93m49[0m - [91merror[0m[90m TS4111: [0mProperty 'progressMean' comes from an index signature, so it must be accessed with ['progressMean'].

[7m451[0m           (sum, p) => sum + Math.pow(p - (stats.progressMean ?? 0), 2),
[7m   [0m [91m                                                ~~~~~~~~~~~~[0m

[96msrc/lib/ai/privacyEngine.ts[0m:[93m582[0m:[93m9[0m - [91merror[0m[90m TS2352: [0mConversion of type '{ differentialPrivacy: { epsilon: number; delta: number; sensitivity: number; mechanism: "laplace" | "gaussian" | "exponential"; }; dataSanitization: { piiRemoved: true; fieldsObfuscated: never[]; noiseAdded: true; }; federatedLearning: { ...; }; }' to type 'PrivacyMetrics' may be a mistake because neither type sufficiently overlaps with the other. If this was intentional, convert the expression to 'unknown' first.
  Types of property 'differentialPrivacy' are incompatible.
    Property 'applied' is missing in type '{ epsilon: number; delta: number; sensitivity: number; mechanism: "laplace" | "gaussian" | "exponential"; }' but required in type 'DifferentialPrivacyMetrics'.

[7m582[0m         {
[7m   [0m [91m        ~[0m
[7m583[0m           differentialPrivacy: { ...this.dpConfig },
[7m   [0m [91m~~~~~~~~~~~~~~~~~~~~~~~~~~~~~~~~~~~~~~~~~~~~~~~~~~~~[0m
[7m...[0m 
[7m593[0m           },
[7m   [0m [91m~~~~~~~~~~~~[0m
[7m594[0m         } as PrivacyMetrics,
[7m   [0m [91m~~~~~~~~~~~~~~~~~~~~~~~~~~~[0m

  [96msrc/types/ai.ts[0m:[93m145[0m:[93m3[0m
    [7m145[0m   applied: boolean
    [7m   [0m [96m  ~~~~~~~[0m
    'applied' is declared here.

[96msrc/lib/ai/providers.ts[0m:[93m355[0m:[93m15[0m - [91merror[0m[90m TS2304: [0mCannot find name 'AIMessage'.

[7m355[0m     messages: AIMessage[],
[7m   [0m [91m              ~~~~~~~~~[0m

[96msrc/lib/ai/providers.ts[0m:[93m356[0m:[93m15[0m - [91merror[0m[90m TS2304: [0mCannot find name 'AIServiceOptions'.

[7m356[0m     options?: AIServiceOptions,
[7m   [0m [91m              ~~~~~~~~~~~~~~~~[0m

[96msrc/lib/ai/realTimeProcessor.ts[0m:[93m217[0m:[93m68[0m - [91merror[0m[90m TS1064: [0mThe return type of an async function or method must be the global Promise<T> type. Did you mean to write 'Promise<void>'?

[7m217[0m   private async handleSessionError(sessionId: string, error: any): void {
[7m   [0m [91m                                                                   ~~~~[0m

[96msrc/lib/ai/realTimeProcessor.ts[0m:[93m306[0m:[93m13[0m - [91merror[0m[90m TS6133: [0m'startTime' is declared but its value is never read.

[7m306[0m       const startTime = Date.now()
[7m   [0m [91m            ~~~~~~~~~[0m

[96msrc/lib/ai/realTimeProcessor.ts[0m:[93m422[0m:[93m7[0m - [91merror[0m[90m TS2353: [0mObject literal may only specify known properties, and 'sessionId' does not exist in type 'RealTimeMetrics'.

[7m422[0m       sessionId: session.sessionId,
[7m   [0m [91m      ~~~~~~~~~[0m

[96msrc/lib/ai/realTimeProcessor.ts[0m:[93m501[0m:[93m7[0m - [91merror[0m[90m TS2739: [0mType '{ memoryUsage: number; cpuUsage: number; networkUsage: number; }' is missing the following properties from type '{ memory: number; cpu: number; network: number; }': memory, cpu, network

[7m501[0m       resourceUsage: this.getCurrentResourceUsage(),
[7m   [0m [91m      ~~~~~~~~~~~~~[0m

  [96msrc/lib/ai/realTimeProcessor.ts[0m:[93m453[0m:[93m5[0m
    [7m453[0m     resourceUsage: {
    [7m   [0m [96m    ~~~~~~~~~~~~~[0m
    The expected type comes from property 'resourceUsage' which is declared here on type '{ activeSessions: number; totalProcessingRate: number; averageLatency: number; resourceUsage: { memory: number; cpu: number; network: number; }; }'

[96msrc/lib/ai/services/AutomatedEscalationService.ts[0m:[93m230[0m:[93m43[0m - [91merror[0m[90m TS2339: [0mProperty '_userId' does not exist on type 'EscalationEvent'.

[7m230[0m     const { protocolActivated, riskLevel, _userId } = escalationEvent
[7m   [0m [91m                                          ~~~~~~~[0m

[96msrc/lib/ai/services/AutomatedEscalationService.ts[0m:[93m230[0m:[93m43[0m - [91merror[0m[90m TS6133: [0m'_userId' is declared but its value is never read.

[7m230[0m     const { protocolActivated, riskLevel, _userId } = escalationEvent
[7m   [0m [91m                                          ~~~~~~~[0m

[96msrc/lib/ai/services/AutomatedEscalationService.ts[0m:[93m393[0m:[93m9[0m - [91merror[0m[90m TS2322: [0mType '"escalation"' is not assignable to type '"manual" | "assessment" | "prediction" | "automated"'.

[7m393[0m         triggerType: 'escalation',
[7m   [0m [91m        ~~~~~~~~~~~[0m

  [96msrc/lib/ai/services/AutomatedEscalationService.ts[0m:[93m46[0m:[93m3[0m
    [7m46[0m   triggerType: 'prediction' | 'assessment' | 'manual' | 'automated'
    [7m  [0m [96m  ~~~~~~~~~~~[0m
    The expected type comes from property 'triggerType' which is declared here on type 'EscalationEvent'

[96msrc/lib/ai/services/AutomatedEscalationService.ts[0m:[93m603[0m:[93m18[0m - [91merror[0m[90m TS2322: [0mType '"phone"' is not assignable to type '"email" | "push" | "sms" | "call"'.

[7m603[0m       channels: ['phone', 'sms', 'email'],
[7m   [0m [91m                 ~~~~~~~[0m

[96msrc/lib/ai/services/AutomatedEscalationService.ts[0m:[93m614[0m:[93m18[0m - [91merror[0m[90m TS2322: [0mType '"phone"' is not assignable to type '"email" | "push" | "sms" | "call"'.

[7m614[0m       channels: ['phone', 'email'],
[7m   [0m [91m                 ~~~~~~~[0m

[96msrc/lib/ai/services/AutomatedEscalationService.ts[0m:[93m813[0m:[93m47[0m - [91merror[0m[90m TS2322: [0mType 'string | undefined' is not assignable to type 'string | null'.
  Type 'undefined' is not assignable to type 'string | null'.

[7m813[0m     return currentIndex < levels.length - 1 ? levels[currentIndex + 1] : null
[7m   [0m [91m                                              ~~~~~~~~~~~~~~~~~~~~~~~~[0m

[96msrc/lib/ai/services/ContextualAwarenessService.ts[0m:[93m4[0m:[93m15[0m - [91merror[0m[90m TS2305: [0mModule '"./OutcomeRecommendationEngine"' has no exported member 'RecommendationContext'.

[7m4[0m import type { RecommendationContext } from './OutcomeRecommendationEngine'
[7m [0m [91m              ~~~~~~~~~~~~~~~~~~~~~[0m

[96msrc/lib/ai/services/EnhancedTechniqueClassificationService.ts[0m:[93m9[0m:[93m38[0m - [91merror[0m[90m TS2307: [0mCannot find module '../../simulator/types' or its corresponding type declarations.

[7m9[0m import { TherapeuticTechnique } from '../../simulator/types'
[7m [0m [91m                                     ~~~~~~~~~~~~~~~~~~~~~~~[0m

[96msrc/lib/ai/services/EnhancedTechniqueClassificationService.ts[0m:[93m124[0m:[93m20[0m - [91merror[0m[90m TS6133: [0m'classificationModel' is declared but its value is never read.

[7m124[0m   private readonly classificationModel: unknown = null // Would be actual ML model in production
[7m   [0m [91m                   ~~~~~~~~~~~~~~~~~~~[0m

[96msrc/lib/ai/services/EnhancedTechniqueClassificationService.ts[0m:[93m125[0m:[93m11[0m - [91merror[0m[90m TS6133: [0m'isModelTrained' is declared but its value is never read.

[7m125[0m   private isModelTrained = false
[7m   [0m [91m          ~~~~~~~~~~~~~~[0m

[96msrc/lib/ai/services/EnhancedTechniqueClassificationService.ts[0m:[93m512[0m:[93m16[0m - [91merror[0m[90m TS2552: [0mCannot find name 'context'. Did you mean '_context'?

[7m512[0m     } else if (context.phase === 'exploration') {
[7m   [0m [91m               ~~~~~~~[0m

  [96msrc/lib/ai/services/EnhancedTechniqueClassificationService.ts[0m:[93m477[0m:[93m5[0m
    [7m477[0m     _context: any,
    [7m   [0m [96m    ~~~~~~~~~~~~~[0m
    '_context' is declared here.

[96msrc/lib/ai/services/EnhancedTechniqueClassificationService.ts[0m:[93m747[0m:[93m15[0m - [91merror[0m[90m TS2538: [0mType 'unknown' cannot be used as an index type.

[7m747[0m       metrics[technique] = Math.random() * 0.3 + 0.6 // 0.6 to 0.9
[7m   [0m [91m              ~~~~~~~~~[0m

[96msrc/lib/ai/services/EnhancedTechniqueClassificationService.ts[0m:[93m760[0m:[93m11[0m - [91merror[0m[90m TS2532: [0mObject is possibly 'undefined'.

[7m760[0m           matrix[i][j] = Math.random() * 20 + 80 // True positives: 80-100
[7m   [0m [91m          ~~~~~~~~~[0m

[96msrc/lib/ai/services/EnhancedTechniqueClassificationService.ts[0m:[93m762[0m:[93m11[0m - [91merror[0m[90m TS2532: [0mObject is possibly 'undefined'.

[7m762[0m           matrix[i][j] = Math.random() * 10 // False positives: 0-10
[7m   [0m [91m          ~~~~~~~~~[0m

[96msrc/lib/ai/services/InterventionAnalysisService.ts[0m:[93m300[0m:[93m11[0m - [91merror[0m[90m TS6133: [0m'_totalEmotionIntensity' is declared but its value is never read.

[7m300[0m     const _totalEmotionIntensity = Object.values(afterEmotion.emotions).reduce(
[7m   [0m [91m          ~~~~~~~~~~~~~~~~~~~~~~[0m

[96msrc/lib/ai/services/MultiModalRiskAssessmentService.ts[0m:[93m203[0m:[93m9[0m - [91merror[0m[90m TS2345: [0mArgument of type '{ hasEmotional: boolean; hasBiometric: boolean; hasBehavioral: boolean; hasClinical: boolean; hasContextual: boolean; }' is not assignable to parameter of type 'number'.

[7m203[0m         {
[7m   [0m [91m        ~[0m
[7m204[0m           hasEmotional: emotionalData.length > 0,
[7m   [0m [91m~~~~~~~~~~~~~~~~~~~~~~~~~~~~~~~~~~~~~~~~~~~~~~~~~[0m
[7m...[0m 
[7m208[0m           hasContextual: !!contextualData,
[7m   [0m [91m~~~~~~~~~~~~~~~~~~~~~~~~~~~~~~~~~~~~~~~~~~[0m
[7m209[0m         },
[7m   [0m [91m~~~~~~~~~[0m

[96msrc/lib/ai/services/MultiModalRiskAssessmentService.ts[0m:[93m751[0m:[93m20[0m - [91merror[0m[90m TS2532: [0mObject is possibly 'undefined'.

[7m751[0m         ? Math.min(emotionalData.slice(-1)[0].intensity / 100, 0.8)
[7m   [0m [91m                   ~~~~~~~~~~~~~~~~~~~~~~~~~~[0m

[96msrc/lib/ai/services/PatientResponseService.ts[0m:[93m614[0m:[93m11[0m - [91merror[0m[90m TS18048: [0m'firstContradiction' is possibly 'undefined'.

[7m614[0m       if (firstContradiction.type === 'belief') {
[7m   [0m [91m          ~~~~~~~~~~~~~~~~~~[0m

[96msrc/lib/ai/services/PatientResponseService.ts[0m:[93m615[0m:[93m60[0m - [91merror[0m[90m TS18048: [0m'firstContradiction' is possibly 'undefined'.

[7m615[0m         therapeuticResponse += `holding the belief that "${firstContradiction.conflictingText}". `
[7m   [0m [91m                                                           ~~~~~~~~~~~~~~~~~~[0m

[96msrc/lib/ai/services/PatientResponseService.ts[0m:[93m617[0m:[93m58[0m - [91merror[0m[90m TS18048: [0m'firstContradiction' is possibly 'undefined'.

[7m617[0m         therapeuticResponse += `saying something like "${firstContradiction.conflictingText}" before. `
[7m   [0m [91m                                                         ~~~~~~~~~~~~~~~~~~[0m

[96msrc/lib/ai/services/PatientResponseService.ts[0m:[93m624[0m:[93m22[0m - [91merror[0m[90m TS18048: [0m'firstContradiction' is possibly 'undefined'.

[7m624[0m         Conflict: "${firstContradiction.conflictingText}" (type: ${firstContradiction.type})
[7m   [0m [91m                     ~~~~~~~~~~~~~~~~~~[0m

[96msrc/lib/ai/services/PatientResponseService.ts[0m:[93m624[0m:[93m68[0m - [91merror[0m[90m TS18048: [0m'firstContradiction' is possibly 'undefined'.

[7m624[0m         Conflict: "${firstContradiction.conflictingText}" (type: ${firstContradiction.type})
[7m   [0m [91m                                                                   ~~~~~~~~~~~~~~~~~~[0m

[96msrc/lib/ai/services/PromptOptimizerService.ts[0m:[93m308[0m:[93m21[0m - [91merror[0m[90m TS2532: [0mObject is possibly 'undefined'.

[7m308[0m     const initial = emotionalMessages[0].emotions!
[7m   [0m [91m                    ~~~~~~~~~~~~~~~~~~~~[0m

[96msrc/lib/ai/services/PromptOptimizerService.ts[0m:[93m309[0m:[93m19[0m - [91merror[0m[90m TS2532: [0mObject is possibly 'undefined'.

[7m309[0m     const final = emotionalMessages[emotionalMessages.length - 1].emotions!
[7m   [0m [91m                  ~~~~~~~~~~~~~~~~~~~~~~~~~~~~~~~~~~~~~~~~~~~~~~~[0m

[96msrc/lib/ai/services/PromptOptimizerService.ts[0m:[93m316[0m:[93m20[0m - [91merror[0m[90m TS2532: [0mObject is possibly 'undefined'.

[7m316[0m       const prev = emotionalMessages[i - 1].emotions!
[7m   [0m [91m                   ~~~~~~~~~~~~~~~~~~~~~~~~[0m

[96msrc/lib/ai/services/PromptOptimizerService.ts[0m:[93m317[0m:[93m20[0m - [91merror[0m[90m TS2532: [0mObject is possibly 'undefined'.

[7m317[0m       const curr = emotionalMessages[i].emotions!
[7m   [0m [91m                   ~~~~~~~~~~~~~~~~~~~~[0m

[96msrc/lib/ai/services/PromptOptimizerService.ts[0m:[93m331[0m:[93m13[0m - [91merror[0m[90m TS2345: [0mArgument of type '{ role: "therapist" | "patient" | "system"; content: string; timestamp: string; emotions?: EmotionAnalysis | undefined; } | undefined' is not assignable to parameter of type '{ role: "therapist" | "patient" | "system"; content: string; timestamp: string; emotions?: EmotionAnalysis | undefined; }'.
  Type 'undefined' is not assignable to type '{ role: "therapist" | "patient" | "system"; content: string; timestamp: string; emotions?: EmotionAnalysis | undefined; }'.

[7m331[0m             emotionalMessages[i - 1],
[7m   [0m [91m            ~~~~~~~~~~~~~~~~~~~~~~~~[0m

[96msrc/lib/ai/services/PromptOptimizerService.ts[0m:[93m515[0m:[93m27[0m - [91merror[0m[90m TS2532: [0mObject is possibly 'undefined'.

[7m515[0m         `Continue using ${effectiveInterventions[0].type} interventions - showed positive results`,
[7m   [0m [91m                          ~~~~~~~~~~~~~~~~~~~~~~~~~[0m

[96msrc/lib/ai/services/PromptOptimizerService.ts[0m:[93m581[0m:[93m23[0m - [91merror[0m[90m TS2532: [0mObject is possibly 'undefined'.

[7m581[0m       const initial = emotionalMessages[0].emotions!
[7m   [0m [91m                      ~~~~~~~~~~~~~~~~~~~~[0m

[96msrc/lib/ai/services/PromptOptimizerService.ts[0m:[93m582[0m:[93m21[0m - [91merror[0m[90m TS2532: [0mObject is possibly 'undefined'.

[7m582[0m       const final = emotionalMessages[emotionalMessages.length - 1].emotions!
[7m   [0m [91m                    ~~~~~~~~~~~~~~~~~~~~~~~~~~~~~~~~~~~~~~~~~~~~~~~[0m

[96msrc/lib/ai/services/PromptOptimizerService.ts[0m:[93m668[0m:[93m41[0m - [91merror[0m[90m TS6133: [0m'primaryConcern' is declared but its value is never read.

[7m668[0m     const { sessionPhase, patientState, primaryConcern } = context
[7m   [0m [91m                                        ~~~~~~~~~~~~~~[0m

[96msrc/lib/ai/services/RecommendationService.ts[0m:[93m217[0m:[93m9[0m - [91merror[0m[90m TS2345: [0mArgument of type 'void' is not assignable to parameter of type 'Partial<TreatmentRecommendation>[]'.

[7m217[0m         baseRecommendations,
[7m   [0m [91m        ~~~~~~~~~~~~~~~~~~~[0m

[96msrc/lib/ai/services/RecommendationService.ts[0m:[93m536[0m:[93m73[0m - [91merror[0m[90m TS1064: [0mThe return type of an async function or method must be the global Promise<T> type. Did you mean to write 'Promise<void>'?

[7m536[0m   private async generateBaseRecommendations(currentState: ClientState): void {
[7m   [0m [91m                                                                        ~~~~[0m

[96msrc/lib/ai/services/RecommendationService.ts[0m:[93m561[0m:[93m5[0m - [91merror[0m[90m TS2322: [0mType 'Partial<TreatmentRecommendation>[]' is not assignable to type 'void'.

[7m561[0m     return recommendations
[7m   [0m [91m    ~~~~~~[0m

[96msrc/lib/ai/services/TherapeuticProgressService.ts[0m:[93m198[0m:[93m7[0m - [91merror[0m[90m TS2322: [0mType '{ proficiency: number; dateAchieved: string; applicationContext: string[]; skillName?: string | undefined; }' is not assignable to type 'SkillAcquired'.
  Types of property 'skillName' are incompatible.
    Type 'string | undefined' is not assignable to type 'string'.
      Type 'undefined' is not assignable to type 'string'.

[7m198[0m       skills[existingSkillIndex] = {
[7m   [0m [91m      ~~~~~~~~~~~~~~~~~~~~~~~~~~[0m

[96msrc/lib/ai/services/TherapeuticProgressService.ts[0m:[93m210[0m:[93m34[0m - [91merror[0m[90m TS18048: [0m'existingSkill' is possibly 'undefined'.

[7m210[0m           (applicationContext ?? existingSkill.applicationContext) ?? [],
[7m   [0m [91m                                 ~~~~~~~~~~~~~[0m

[96msrc/lib/ai/services/__tests__/PatientProfileService.test.ts[0m:[93m180[0m:[93m36[0m - [91merror[0m[90m TS2532: [0mObject is possibly 'undefined'.

[7m180[0m       const savedProfileArgument = mockKvStore.set.mock
[7m   [0m [91m                                   ~~~~~~~~~~~~~~~~~~~~[0m
[7m181[0m         .calls[0][1] as PatientProfile
[7m   [0m [91m~~~~~~~~~~~~~~~~~[0m

[96msrc/lib/ai/services/__tests__/TherapeuticProgressService.test.ts[0m:[93m131[0m:[93m25[0m - [91merror[0m[90m TS18048: [0m'addedInsight' is possibly 'undefined'.

[7m131[0m       expect(Date.parse(addedInsight.dateAchieved)).toBeCloseTo(Date.now(), -3) // Check if date is recent
[7m   [0m [91m                        ~~~~~~~~~~~~[0m

[96msrc/lib/ai/services/contextual-enhancer.ts[0m:[93m10[0m:[93m20[0m - [91merror[0m[90m TS6133: [0m'analyzer' is declared but its value is never read.

[7m10[0m   private readonly analyzer: RealTimeAnalyzer;
[7m  [0m [91m                   ~~~~~~~~[0m

[96msrc/lib/ai/services/contextual-enhancer.ts[0m:[93m240[0m:[93m11[0m - [91merror[0m[90m TS6133: [0m'addToSessionHistory' is declared but its value is never read.

[7m240[0m   private addToSessionHistory(sessionId: string, context: SessionContext): void {
[7m   [0m [91m          ~~~~~~~~~~~~~~~~~~~[0m

[96msrc/lib/ai/services/crisis-detection.ts[0m:[93m25[0m:[93m20[0m - [91merror[0m[90m TS6133: [0m'model' is declared but its value is never read.

[7m25[0m   private readonly model?: string
[7m  [0m [91m                   ~~~~~[0m

[96msrc/lib/ai/services/crisis-detection.ts[0m:[93m26[0m:[93m20[0m - [91merror[0m[90m TS6133: [0m'defaultPrompt' is declared but its value is never read.

[7m26[0m   private readonly defaultPrompt?: string
[7m  [0m [91m                   ~~~~~~~~~~~~~[0m

[96msrc/lib/ai/services/crisis-detection.ts[0m:[93m337[0m:[93m52[0m - [91merror[0m[90m TS4111: [0mProperty 'score' comes from an index signature, so it must be accessed with ['score'].

[7m337[0m             score: Math.min(Math.max(Number(parsed.score) || 0, 0), 1), // Clamp between 0-1
[7m   [0m [91m                                                   ~~~~~[0m

[96msrc/lib/ai/services/crisis-detection.ts[0m:[93m338[0m:[93m37[0m - [91merror[0m[90m TS4111: [0mProperty 'category' comes from an index signature, so it must be accessed with ['category'].

[7m338[0m             category: typeof parsed.category === 'string' ? parsed.category : 'general_concern',
[7m   [0m [91m                                    ~~~~~~~~[0m

[96msrc/lib/ai/services/crisis-detection.ts[0m:[93m338[0m:[93m68[0m - [91merror[0m[90m TS4111: [0mProperty 'category' comes from an index signature, so it must be accessed with ['category'].

[7m338[0m             category: typeof parsed.category === 'string' ? parsed.category : 'general_concern',
[7m   [0m [91m                                                                   ~~~~~~~~[0m

[96msrc/lib/ai/services/crisis-detection.ts[0m:[93m340[0m:[93m29[0m - [91merror[0m[90m TS4111: [0mProperty 'severity' comes from an index signature, so it must be accessed with ['severity'].

[7m340[0m               typeof parsed.severity === 'string'
[7m   [0m [91m                            ~~~~~~~~[0m

[96msrc/lib/ai/services/crisis-detection.ts[0m:[93m341[0m:[93m27[0m - [91merror[0m[90m TS4111: [0mProperty 'severity' comes from an index signature, so it must be accessed with ['severity'].

[7m341[0m                 ? (parsed.severity as 'low' | 'medium' | 'high' | 'critical')
[7m   [0m [91m                          ~~~~~~~~[0m

[96msrc/lib/ai/services/crisis-detection.ts[0m:[93m343[0m:[93m46[0m - [91merror[0m[90m TS4111: [0mProperty 'indicators' comes from an index signature, so it must be accessed with ['indicators'].

[7m343[0m             indicators: Array.isArray(parsed.indicators)
[7m   [0m [91m                                             ~~~~~~~~~~[0m

[96msrc/lib/ai/services/crisis-detection.ts[0m:[93m344[0m:[93m24[0m - [91merror[0m[90m TS4111: [0mProperty 'indicators' comes from an index signature, so it must be accessed with ['indicators'].

[7m344[0m               ? parsed.indicators.filter((indicator) => typeof indicator === 'string')
[7m   [0m [91m                       ~~~~~~~~~~[0m

[96msrc/lib/ai/services/crisis-detection.ts[0m:[93m346[0m:[93m51[0m - [91merror[0m[90m TS4111: [0mProperty 'recommendations' comes from an index signature, so it must be accessed with ['recommendations'].

[7m346[0m             recommendations: Array.isArray(parsed.recommendations)
[7m   [0m [91m                                                  ~~~~~~~~~~~~~~~[0m

[96msrc/lib/ai/services/crisis-detection.ts[0m:[93m347[0m:[93m24[0m - [91merror[0m[90m TS4111: [0mProperty 'recommendations' comes from an index signature, so it must be accessed with ['recommendations'].

[7m347[0m               ? parsed.recommendations.filter(
[7m   [0m [91m                       ~~~~~~~~~~~~~~~[0m

[96msrc/lib/ai/services/llm-tool-call-transformer.ts[0m:[93m85[0m:[93m42[0m - [91merror[0m[90m TS4111: [0mProperty 'function' comes from an index signature, so it must be accessed with ['function'].

[7m85[0m   const functionData = toRecord(toolCall.function)
[7m  [0m [91m                                         ~~~~~~~~[0m

[96msrc/lib/ai/services/llm-tool-call-transformer.ts[0m:[93m88[0m:[93m21[0m - [91merror[0m[90m TS4111: [0mProperty 'name' comes from an index signature, so it must be accessed with ['name'].

[7m88[0m     typeof toolCall.name === 'string'
[7m  [0m [91m                    ~~~~[0m

[96msrc/lib/ai/services/llm-tool-call-transformer.ts[0m:[93m89[0m:[93m18[0m - [91merror[0m[90m TS4111: [0mProperty 'name' comes from an index signature, so it must be accessed with ['name'].

[7m89[0m       ? toolCall.name
[7m  [0m [91m                 ~~~~[0m

[96msrc/lib/ai/services/llm-tool-call-transformer.ts[0m:[93m90[0m:[93m29[0m - [91merror[0m[90m TS4111: [0mProperty 'name' comes from an index signature, so it must be accessed with ['name'].

[7m90[0m       : typeof functionData.name === 'string'
[7m  [0m [91m                            ~~~~[0m

[96msrc/lib/ai/services/llm-tool-call-transformer.ts[0m:[93m91[0m:[93m24[0m - [91merror[0m[90m TS4111: [0mProperty 'name' comes from an index signature, so it must be accessed with ['name'].

[7m91[0m         ? functionData.name
[7m  [0m [91m                       ~~~~[0m

[96msrc/lib/ai/services/llm-tool-call-transformer.ts[0m:[93m94[0m:[93m28[0m - [91merror[0m[90m TS4111: [0mProperty 'arguments' comes from an index signature, so it must be accessed with ['arguments'].

[7m94[0m   const rawArgs = toolCall.arguments ?? functionData.arguments ?? toolCall['function.arguments']
[7m  [0m [91m                           ~~~~~~~~~[0m

[96msrc/lib/ai/services/llm-tool-call-transformer.ts[0m:[93m94[0m:[93m54[0m - [91merror[0m[90m TS4111: [0mProperty 'arguments' comes from an index signature, so it must be accessed with ['arguments'].

[7m94[0m   const rawArgs = toolCall.arguments ?? functionData.arguments ?? toolCall['function.arguments']
[7m  [0m [91m                                                     ~~~~~~~~~[0m

[96msrc/lib/ai/services/llm-tool-call-transformer.ts[0m:[93m97[0m:[93m38[0m - [91merror[0m[90m TS4111: [0mProperty 'id' comes from an index signature, so it must be accessed with ['id'].

[7m97[0m     id: normalizeToolCallId(toolCall.id, index),
[7m  [0m [91m                                     ~~[0m

[96msrc/lib/ai/services/llm-tool-call-transformer.ts[0m:[93m98[0m:[93m27[0m - [91merror[0m[90m TS4111: [0mProperty 'type' comes from an index signature, so it must be accessed with ['type'].

[7m98[0m     type: typeof toolCall.type === 'string' ? toolCall.type : 'function',
[7m  [0m [91m                          ~~~~[0m

[96msrc/lib/ai/services/llm-tool-call-transformer.ts[0m:[93m98[0m:[93m56[0m - [91merror[0m[90m TS4111: [0mProperty 'type' comes from an index signature, so it must be accessed with ['type'].

[7m98[0m     type: typeof toolCall.type === 'string' ? toolCall.type : 'function',
[7m  [0m [91m                                                       ~~~~[0m

[96msrc/lib/ai/services/llm-tool-call-transformer.ts[0m:[93m125[0m:[93m76[0m - [91merror[0m[90m TS4111: [0mProperty 'function_call' comes from an index signature, so it must be accessed with ['function_call'].

[7m125[0m   const legacyFunctionCall = toRecord((message as Record<string, unknown>).function_call)
[7m   [0m [91m                                                                           ~~~~~~~~~~~~~[0m

[96msrc/lib/ai/services/llm-tool-call-transformer.ts[0m:[93m128[0m:[93m32[0m - [91merror[0m[90m TS4111: [0mProperty 'name' comes from an index signature, so it must be accessed with ['name'].

[7m128[0m     (typeof legacyFunctionCall.name === 'string' ||
[7m   [0m [91m                               ~~~~[0m

[96msrc/lib/ai/services/llm-tool-call-transformer.ts[0m:[93m129[0m:[93m25[0m - [91merror[0m[90m TS4111: [0mProperty 'function_call' comes from an index signature, so it must be accessed with ['function_call'].

[7m129[0m       typeof normalized.function_call === 'object')
[7m   [0m [91m                        ~~~~~~~~~~~~~[0m

[96msrc/lib/ai/services/llm-tool-call-transformer.ts[0m:[93m140[0m:[93m42[0m - [91merror[0m[90m TS4111: [0mProperty 'tool_call_id' comes from an index signature, so it must be accessed with ['tool_call_id'].

[7m140[0m       id: normalizeToolCallId(normalized.tool_call_id, index),
[7m   [0m [91m                                         ~~~~~~~~~~~~[0m

[96msrc/lib/ai/services/llm-tool-call-transformer.ts[0m:[93m144[0m:[93m37[0m - [91merror[0m[90m TS4111: [0mProperty 'name' comes from an index signature, so it must be accessed with ['name'].

[7m144[0m           typeof legacyFunctionCall.name === 'string'
[7m   [0m [91m                                    ~~~~[0m

[96msrc/lib/ai/services/llm-tool-call-transformer.ts[0m:[93m145[0m:[93m34[0m - [91merror[0m[90m TS4111: [0mProperty 'name' comes from an index signature, so it must be accessed with ['name'].

[7m145[0m             ? legacyFunctionCall.name
[7m   [0m [91m                                 ~~~~[0m

[96msrc/lib/ai/services/llm-tool-call-transformer.ts[0m:[93m148[0m:[93m30[0m - [91merror[0m[90m TS4111: [0mProperty 'arguments' comes from an index signature, so it must be accessed with ['arguments'].

[7m148[0m           legacyFunctionCall.arguments ?? (message as Record<string, unknown>).arguments,
[7m   [0m [91m                             ~~~~~~~~~[0m

[96msrc/lib/ai/services/llm-tool-call-transformer.ts[0m:[93m148[0m:[93m80[0m - [91merror[0m[90m TS4111: [0mProperty 'arguments' comes from an index signature, so it must be accessed with ['arguments'].

[7m148[0m           legacyFunctionCall.arguments ?? (message as Record<string, unknown>).arguments,
[7m   [0m [91m                                                                               ~~~~~~~~~[0m

[96msrc/lib/ai/services/llm-tool-call-transformer.ts[0m:[93m152[0m:[93m35[0m - [91merror[0m[90m TS4111: [0mProperty 'name' comes from an index signature, so it must be accessed with ['name'].

[7m152[0m         typeof legacyFunctionCall.name === 'string'
[7m   [0m [91m                                  ~~~~[0m

[96msrc/lib/ai/services/llm-tool-call-transformer.ts[0m:[93m153[0m:[93m32[0m - [91merror[0m[90m TS4111: [0mProperty 'name' comes from an index signature, so it must be accessed with ['name'].

[7m153[0m           ? legacyFunctionCall.name
[7m   [0m [91m                               ~~~~[0m

[96msrc/lib/ai/services/llm-tool-call-transformer.ts[0m:[93m156[0m:[93m28[0m - [91merror[0m[90m TS4111: [0mProperty 'arguments' comes from an index signature, so it must be accessed with ['arguments'].

[7m156[0m         legacyFunctionCall.arguments ?? (message as Record<string, unknown>).arguments,
[7m   [0m [91m                           ~~~~~~~~~[0m

[96msrc/lib/ai/services/llm-tool-call-transformer.ts[0m:[93m156[0m:[93m78[0m - [91merror[0m[90m TS4111: [0mProperty 'arguments' comes from an index signature, so it must be accessed with ['arguments'].

[7m156[0m         legacyFunctionCall.arguments ?? (message as Record<string, unknown>).arguments,
[7m   [0m [91m                                                                             ~~~~~~~~~[0m

[96msrc/lib/ai/services/llm-tool-call-transformer.ts[0m:[93m175[0m:[93m29[0m - [91merror[0m[90m TS4111: [0mProperty 'messages' comes from an index signature, so it must be accessed with ['messages'].

[7m175[0m   const messages = payload?.messages
[7m   [0m [91m                            ~~~~~~~~[0m

[96msrc/lib/ai/services/llm-tool-call-transformer.ts[0m:[93m190[0m:[93m44[0m - [91merror[0m[90m TS4111: [0mProperty 'function' comes from an index signature, so it must be accessed with ['function'].

[7m190[0m   const functionData = toRecord(normalized.function)
[7m   [0m [91m                                           ~~~~~~~~[0m

[96msrc/lib/ai/services/llm-tool-call-transformer.ts[0m:[93m192[0m:[93m25[0m - [91merror[0m[90m TS4111: [0mProperty 'name' comes from an index signature, so it must be accessed with ['name'].

[7m192[0m     typeof functionData.name === 'string'
[7m   [0m [91m                        ~~~~[0m

[96msrc/lib/ai/services/llm-tool-call-transformer.ts[0m:[93m193[0m:[93m22[0m - [91merror[0m[90m TS4111: [0mProperty 'name' comes from an index signature, so it must be accessed with ['name'].

[7m193[0m       ? functionData.name
[7m   [0m [91m                     ~~~~[0m

[96msrc/lib/ai/services/llm-tool-call-transformer.ts[0m:[93m194[0m:[93m27[0m - [91merror[0m[90m TS4111: [0mProperty 'name' comes from an index signature, so it must be accessed with ['name'].

[7m194[0m       : typeof normalized.name === 'string'
[7m   [0m [91m                          ~~~~[0m

[96msrc/lib/ai/services/llm-tool-call-transformer.ts[0m:[93m195[0m:[93m22[0m - [91merror[0m[90m TS4111: [0mProperty 'name' comes from an index signature, so it must be accessed with ['name'].

[7m195[0m         ? normalized.name
[7m   [0m [91m                     ~~~~[0m

[96msrc/lib/ai/services/llm-tool-call-transformer.ts[0m:[93m199[0m:[93m23[0m - [91merror[0m[90m TS4111: [0mProperty 'arguments' comes from an index signature, so it must be accessed with ['arguments'].

[7m199[0m     typeof normalized.arguments === 'string'
[7m   [0m [91m                      ~~~~~~~~~[0m

[96msrc/lib/ai/services/llm-tool-call-transformer.ts[0m:[93m200[0m:[93m20[0m - [91merror[0m[90m TS4111: [0mProperty 'arguments' comes from an index signature, so it must be accessed with ['arguments'].

[7m200[0m       ? normalized.arguments
[7m   [0m [91m                   ~~~~~~~~~[0m

[96msrc/lib/ai/services/llm-tool-call-transformer.ts[0m:[93m201[0m:[93m29[0m - [91merror[0m[90m TS4111: [0mProperty 'arguments' comes from an index signature, so it must be accessed with ['arguments'].

[7m201[0m       : typeof functionData.arguments === 'string'
[7m   [0m [91m                            ~~~~~~~~~[0m

[96msrc/lib/ai/services/llm-tool-call-transformer.ts[0m:[93m202[0m:[93m24[0m - [91merror[0m[90m TS4111: [0mProperty 'arguments' comes from an index signature, so it must be accessed with ['arguments'].

[7m202[0m         ? functionData.arguments
[7m   [0m [91m                       ~~~~~~~~~[0m

[96msrc/lib/ai/services/outcome-recommendation-types.ts[0m:[93m17[0m:[93m15[0m - [91merror[0m[90m TS2554: [0mExpected 2-3 arguments, but got 1.

[7m17[0m   metadata: z.record(z.unknown()).optional(),
[7m  [0m [91m              ~~~~~~[0m

  [96mnode_modules/.pnpm/zod@4.4.3/node_modules/zod/v4/classic/schemas.d.cts[0m:[93m534[0m:[93m107[0m
    [7m534[0m export declare function record<Key extends core.$ZodRecordKey, Value extends core.SomeType>(keyType: Key, valueType: Value, params?: string | core.$ZodRecordParams): ZodRecord<Key, Value>;
    [7m   [0m [96m                                                                                                          ~~~~~~~~~~~~~~~~[0m
    An argument for 'valueType' was not provided.

[96msrc/lib/ai/services/outcome-recommendation-types.ts[0m:[93m22[0m:[93m15[0m - [91merror[0m[90m TS2554: [0mExpected 2-3 arguments, but got 1.

[7m22[0m   metadata: z.record(z.unknown()).optional(),
[7m  [0m [91m              ~~~~~~[0m

  [96mnode_modules/.pnpm/zod@4.4.3/node_modules/zod/v4/classic/schemas.d.cts[0m:[93m534[0m:[93m107[0m
    [7m534[0m export declare function record<Key extends core.$ZodRecordKey, Value extends core.SomeType>(keyType: Key, valueType: Value, params?: string | core.$ZodRecordParams): ZodRecord<Key, Value>;
    [7m   [0m [96m                                                                                                          ~~~~~~~~~~~~~~~~[0m
    An argument for 'valueType' was not provided.

[96msrc/lib/ai/services/outcome-recommendation-types.ts[0m:[93m31[0m:[93m15[0m - [91merror[0m[90m TS2554: [0mExpected 2-3 arguments, but got 1.

[7m31[0m   metadata: z.record(z.unknown()).optional(),
[7m  [0m [91m              ~~~~~~[0m

  [96mnode_modules/.pnpm/zod@4.4.3/node_modules/zod/v4/classic/schemas.d.cts[0m:[93m534[0m:[93m107[0m
    [7m534[0m export declare function record<Key extends core.$ZodRecordKey, Value extends core.SomeType>(keyType: Key, valueType: Value, params?: string | core.$ZodRecordParams): ZodRecord<Key, Value>;
    [7m   [0m [96m                                                                                                          ~~~~~~~~~~~~~~~~[0m
    An argument for 'valueType' was not provided.

[96msrc/lib/ai/services/outcome-recommendation-types.ts[0m:[93m49[0m:[93m22[0m - [91merror[0m[90m TS2554: [0mExpected 2-3 arguments, but got 1.

[7m49[0m   userPreferences: z.record(z.unknown()).optional(),
[7m  [0m [91m                     ~~~~~~[0m

  [96mnode_modules/.pnpm/zod@4.4.3/node_modules/zod/v4/classic/schemas.d.cts[0m:[93m534[0m:[93m107[0m
    [7m534[0m export declare function record<Key extends core.$ZodRecordKey, Value extends core.SomeType>(keyType: Key, valueType: Value, params?: string | core.$ZodRecordParams): ZodRecord<Key, Value>;
    [7m   [0m [96m                                                                                                          ~~~~~~~~~~~~~~~~[0m
    An argument for 'valueType' was not provided.

[96msrc/lib/ai/services/outcome-recommendation-types.ts[0m:[93m77[0m:[93m15[0m - [91merror[0m[90m TS2554: [0mExpected 2-3 arguments, but got 1.

[7m77[0m   metadata: z.record(z.unknown()).optional(),
[7m  [0m [91m              ~~~~~~[0m

  [96mnode_modules/.pnpm/zod@4.4.3/node_modules/zod/v4/classic/schemas.d.cts[0m:[93m534[0m:[93m107[0m
    [7m534[0m export declare function record<Key extends core.$ZodRecordKey, Value extends core.SomeType>(keyType: Key, valueType: Value, params?: string | core.$ZodRecordParams): ZodRecord<Key, Value>;
    [7m   [0m [96m                                                                                                          ~~~~~~~~~~~~~~~~[0m
    An argument for 'valueType' was not provided.

[96msrc/lib/ai/services/real-time-analyzer.ts[0m:[93m295[0m:[93m9[0m - [91merror[0m[90m TS2532: [0mObject is possibly 'undefined'.

[7m295[0m         historicalContext[i - 1].timestamp ?? Date.now(),
[7m   [0m [91m        ~~~~~~~~~~~~~~~~~~~~~~~~[0m

[96msrc/lib/ai/services/real-time-analyzer.ts[0m:[93m298[0m:[93m9[0m - [91merror[0m[90m TS2532: [0mObject is possibly 'undefined'.

[7m298[0m         historicalContext[i].timestamp ?? Date.now(),
[7m   [0m [91m        ~~~~~~~~~~~~~~~~~~~~[0m

[96msrc/lib/ai/services/server.ts[0m:[93m24[0m:[93m7[0m - [91merror[0m[90m TS6133: [0m'AI_PROVIDER_VALUES' is declared but its value is never read.

[7m24[0m const AI_PROVIDER_VALUES: readonly AIProviderType[] = [
[7m  [0m [91m      ~~~~~~~~~~~~~~~~~~[0m

[96msrc/lib/ai/services/server.ts[0m:[93m77[0m:[93m12[0m - [91merror[0m[90m TS6133: [0m'formatErrorMessage' is declared but its value is never read.

[7m77[0m    private formatErrorMessage(error: unknown, fallback: string): string {
[7m  [0m [91m           ~~~~~~~~~~~~~~~~~~[0m

[96msrc/lib/ai/services/server.ts[0m:[93m171[0m:[93m22[0m - [91merror[0m[90m TS4111: [0mProperty 'messages' comes from an index signature, so it must be accessed with ['messages'].

[7m171[0m       messages: body.messages,
[7m   [0m [91m                     ~~~~~~~~[0m

[96msrc/lib/ai/services/server.ts[0m:[93m172[0m:[93m22[0m - [91merror[0m[90m TS4111: [0mProperty 'provider' comes from an index signature, so it must be accessed with ['provider'].

[7m172[0m       provider: body.provider,
[7m   [0m [91m                     ~~~~~~~~[0m

[96msrc/lib/ai/services/server.ts[0m:[93m173[0m:[93m21[0m - [91merror[0m[90m TS4111: [0mProperty 'options' comes from an index signature, so it must be accessed with ['options'].

[7m173[0m       options: body.options,
[7m   [0m [91m                    ~~~~~~~[0m

[96msrc/lib/ai/services/server.ts[0m:[93m181[0m:[93m18[0m - [91merror[0m[90m TS4111: [0mProperty 'text' comes from an index signature, so it must be accessed with ['text'].

[7m181[0m       text: body.text,
[7m   [0m [91m                 ~~~~[0m

[96msrc/lib/ai/services/server.ts[0m:[93m182[0m:[93m22[0m - [91merror[0m[90m TS4111: [0mProperty 'provider' comes from an index signature, so it must be accessed with ['provider'].

[7m182[0m       provider: body.provider,
[7m   [0m [91m                     ~~~~~~~~[0m

[96msrc/lib/ai/services/server.ts[0m:[93m183[0m:[93m21[0m - [91merror[0m[90m TS4111: [0mProperty 'options' comes from an index signature, so it must be accessed with ['options'].

[7m183[0m       options: body.options,
[7m   [0m [91m                    ~~~~~~~[0m

[96msrc/lib/ai/services/server.ts[0m:[93m191[0m:[93m22[0m - [91merror[0m[90m TS4111: [0mProperty 'messages' comes from an index signature, so it must be accessed with ['messages'].

[7m191[0m       messages: body.messages,
[7m   [0m [91m                     ~~~~~~~~[0m

[96msrc/lib/ai/services/server.ts[0m:[93m192[0m:[93m22[0m - [91merror[0m[90m TS4111: [0mProperty 'provider' comes from an index signature, so it must be accessed with ['provider'].

[7m192[0m       provider: body.provider,
[7m   [0m [91m                     ~~~~~~~~[0m

[96msrc/lib/ai/services/server.ts[0m:[93m193[0m:[93m21[0m - [91merror[0m[90m TS4111: [0mProperty 'options' comes from an index signature, so it must be accessed with ['options'].

[7m193[0m       options: body.options,
[7m   [0m [91m                    ~~~~~~~[0m

[96msrc/lib/ai/services/server.ts[0m:[93m224[0m:[93m20[0m - [91merror[0m[90m TS2663: [0mCannot find name 'formatErrorMessage'. Did you mean the instance member 'this.formatErrorMessage'?

[7m224[0m             error: formatErrorMessage(error, 'Unknown error'),
[7m   [0m [91m                   ~~~~~~~~~~~~~~~~~~[0m

[96msrc/lib/ai/services/server.ts[0m:[93m242[0m:[93m17[0m - [91merror[0m[90m TS2663: [0mCannot find name 'formatErrorMessage'. Did you mean the instance member 'this.formatErrorMessage'?

[7m242[0m          error: formatErrorMessage(error, 'Health check failed'),
[7m   [0m [91m                ~~~~~~~~~~~~~~~~~~[0m

[96msrc/lib/ai/services/server.ts[0m:[93m323[0m:[93m17[0m - [91merror[0m[90m TS2663: [0mCannot find name 'formatErrorMessage'. Did you mean the instance member 'this.formatErrorMessage'?

[7m323[0m          error: formatErrorMessage(error, 'Chat completion failed'),
[7m   [0m [91m                ~~~~~~~~~~~~~~~~~~[0m

[96msrc/lib/ai/services/server.ts[0m:[93m429[0m:[93m17[0m - [91merror[0m[90m TS2663: [0mCannot find name 'formatErrorMessage'. Did you mean the instance member 'this.formatErrorMessage'?

[7m429[0m          error: formatErrorMessage(error, 'Emotion analysis failed'),
[7m   [0m [91m                ~~~~~~~~~~~~~~~~~~[0m

[96msrc/lib/ai/services/server.ts[0m:[93m454[0m:[93m11[0m - [91merror[0m[90m TS6133: [0m'selectedProvider' is declared but its value is never read.

[7m454[0m       let selectedProvider = parsedProvider
[7m   [0m [91m          ~~~~~~~~~~~~~~~~[0m

[96msrc/lib/ai/services/server.ts[0m:[93m517[0m:[93m19[0m - [91merror[0m[90m TS2663: [0mCannot find name 'formatErrorMessage'. Did you mean the instance member 'this.formatErrorMessage'?

[7m517[0m            error: formatErrorMessage(error, 'Streaming failed'),
[7m   [0m [91m                  ~~~~~~~~~~~~~~~~~~[0m

[96msrc/lib/ai/services/server.ts[0m:[93m521[0m:[93m45[0m - [91merror[0m[90m TS2663: [0mCannot find name 'formatErrorMessage'. Did you mean the instance member 'this.formatErrorMessage'?

[7m521[0m            `data: ${JSON.stringify({ error: formatErrorMessage(error, 'Streaming failed') })}\n\n`,
[7m   [0m [91m                                            ~~~~~~~~~~~~~~~~~~[0m

[96msrc/lib/ai/services/server.ts[0m:[93m548[0m:[93m33[0m - [91merror[0m[90m TS2663: [0mCannot find name 'formatErrorMessage'. Did you mean the instance member 'this.formatErrorMessage'?

[7m548[0m                `Invalid JSON: ${formatErrorMessage(error, String(error))}`,
[7m   [0m [91m                                ~~~~~~~~~~~~~~~~~~[0m

[96msrc/lib/ai/temporal/TemporalAnalysisAlgorithm.ts[0m:[93m97[0m:[93m18[0m - [91merror[0m[90m TS2532: [0mObject is possibly 'undefined'.

[7m97[0m           start: window[0].timestamp,
[7m  [0m [91m                 ~~~~~~~~~[0m

[96msrc/lib/ai/temporal/TemporalAnalysisAlgorithm.ts[0m:[93m98[0m:[93m16[0m - [91merror[0m[90m TS2532: [0mObject is possibly 'undefined'.

[7m98[0m           end: window[window.length - 1].timestamp,
[7m  [0m [91m               ~~~~~~~~~~~~~~~~~~~~~~~~~[0m

[96msrc/lib/ai/temporal/TemporalAnalysisAlgorithm.ts[0m:[93m138[0m:[93m18[0m - [91merror[0m[90m TS2532: [0mObject is possibly 'undefined'.

[7m138[0m           start: maps[0].timestamp,
[7m   [0m [91m                 ~~~~~~~[0m

[96msrc/lib/ai/temporal/TemporalAnalysisAlgorithm.ts[0m:[93m139[0m:[93m16[0m - [91merror[0m[90m TS2532: [0mObject is possibly 'undefined'.

[7m139[0m           end: maps[maps.length - 1].timestamp,
[7m   [0m [91m               ~~~~~~~~~~~~~~~~~~~~~[0m

[96msrc/lib/ai/temporal/TemporalAnalysisAlgorithm.ts[0m:[93m180[0m:[93m18[0m - [91merror[0m[90m TS2532: [0mObject is possibly 'undefined'.

[7m180[0m           start: maps[i - 1].timestamp,
[7m   [0m [91m                 ~~~~~~~~~~~[0m

[96msrc/lib/ai/temporal/TemporalAnalysisAlgorithm.ts[0m:[93m181[0m:[93m16[0m - [91merror[0m[90m TS2532: [0mObject is possibly 'undefined'.

[7m181[0m           end: maps[i + 1].timestamp,
[7m   [0m [91m               ~~~~~~~~~~~[0m

[96msrc/lib/ai/temporal/TemporalAnalysisAlgorithm.ts[0m:[93m361[0m:[93m9[0m - [91merror[0m[90m TS2532: [0mObject is possibly 'undefined'.

[7m361[0m         window[i - 1].dimensions,
[7m   [0m [91m        ~~~~~~~~~~~~~[0m

[96msrc/lib/ai/temporal/TemporalAnalysisAlgorithm.ts[0m:[93m362[0m:[93m9[0m - [91merror[0m[90m TS2532: [0mObject is possibly 'undefined'.

[7m362[0m         window[i].dimensions,
[7m   [0m [91m        ~~~~~~~~~[0m

[96msrc/lib/ai/temporal/TemporalAnalysisAlgorithm.ts[0m:[93m509[0m:[93m7[0m - [91merror[0m[90m TS2345: [0mArgument of type 'EmotionDimensions | undefined' is not assignable to parameter of type 'EmotionDimensions'.
  Type 'undefined' is not assignable to type 'EmotionDimensions'.

[7m509[0m       dimensions[i - 1],
[7m   [0m [91m      ~~~~~~~~~~~~~~~~~[0m

[96msrc/lib/ai/tensorflow-compatibility.ts[0m:[93m58[0m:[93m39[0m - [91merror[0m[90m TS2345: [0mArgument of type 'string | undefined' is not assignable to parameter of type 'string'.
  Type 'undefined' is not assignable to type 'string'.

[7m58[0m         const majorVersion = parseInt(nodeVersion.slice(1).split('.')[0])
[7m  [0m [91m                                      ~~~~~~~~~~~~~~~~~~~~~~~~~~~~~~~~~~[0m

[96msrc/lib/ai/types/intervention-types.ts[0m:[93m7[0m:[93m48[0m - [91merror[0m[90m TS6196: [0m'InterventionContext' is declared but never used.

[7m7[0m import type { InterventionEffectivenessResult, InterventionContext, PatientResponse } from '../services/InterventionAnalysisService'
[7m [0m [91m                                               ~~~~~~~~~~~~~~~~~~~[0m

[96msrc/lib/ai/types/intervention-types.ts[0m:[93m7[0m:[93m69[0m - [91merror[0m[90m TS6196: [0m'PatientResponse' is declared but never used.

[7m7[0m import type { InterventionEffectivenessResult, InterventionContext, PatientResponse } from '../services/InterventionAnalysisService'
[7m [0m [91m                                                                    ~~~~~~~~~~~~~~~[0m

[96msrc/lib/ai/validation/clinical-validator.ts[0m:[93m169[0m:[93m7[0m - [91merror[0m[90m TS2365: [0mOperator '>=' cannot be applied to types 'string' and 'number'.

[7m169[0m       crisisLevel >= 4 &&
[7m   [0m [91m      ~~~~~~~~~~~~~~~~[0m

[96msrc/lib/ai/validation/clinical-validator.ts[0m:[93m209[0m:[93m59[0m - [91merror[0m[90m TS2365: [0mOperator '<' cannot be applied to types 'string' and 'number'.

[7m209[0m     if (actualOutcome.toLowerCase().includes('crisis') && assessedLevel < 4) {
[7m   [0m [91m                                                          ~~~~~~~~~~~~~~~~~[0m

[96msrc/lib/analytics/AnalyticsDataService.ts[0m:[93m68[0m:[93m45[0m - [91merror[0m[90m TS2558: [0mExpected 0 type arguments, but got 1.

[7m68[0m       const cachedData = this.getCachedData<AnalyticsChartData>(cacheKey)
[7m  [0m [91m                                            ~~~~~~~~~~~~~~~~~~[0m

[96msrc/lib/analytics/AnalyticsDataService.ts[0m:[93m71[0m:[93m9[0m - [91merror[0m[90m TS2739: [0mType '{}' is missing the following properties from type 'AnalyticsChartData': sessionMetrics, skillProgress, summaryStats

[7m71[0m         return cachedData
[7m  [0m [91m        ~~~~~~[0m

[96msrc/lib/analytics/AnalyticsDataService.ts[0m:[93m178[0m:[93m11[0m - [91merror[0m[90m TS2322: [0mType 'void' is not assignable to type '{ value: number; direction: "stable" | "up" | "down"; period: string; } | undefined'.

[7m178[0m           trend: this.calculateTrend('total_sessions', filters.timeRange),
[7m   [0m [91m          ~~~~~[0m

  [96msrc/types/analytics.ts[0m:[93m81[0m:[93m3[0m
    [7m81[0m   trend?: {
    [7m  [0m [96m  ~~~~~[0m
    The expected type comes from property 'trend' which is declared here on type 'MetricSummary'

[96msrc/lib/analytics/AnalyticsDataService.ts[0m:[93m184[0m:[93m11[0m - [91merror[0m[90m TS2322: [0mType 'void' is not assignable to type '{ value: number; direction: "stable" | "up" | "down"; period: string; } | undefined'.

[7m184[0m           trend: this.calculateTrend('completion_rate', filters.timeRange),
[7m   [0m [91m          ~~~~~[0m

  [96msrc/types/analytics.ts[0m:[93m81[0m:[93m3[0m
    [7m81[0m   trend?: {
    [7m  [0m [96m  ~~~~~[0m
    The expected type comes from property 'trend' which is declared here on type 'MetricSummary'

[96msrc/lib/analytics/AnalyticsDataService.ts[0m:[93m190[0m:[93m11[0m - [91merror[0m[90m TS2322: [0mType 'void' is not assignable to type '{ value: number; direction: "stable" | "up" | "down"; period: string; } | undefined'.

[7m190[0m           trend: this.calculateTrend('average_rating', filters.timeRange),
[7m   [0m [91m          ~~~~~[0m

  [96msrc/types/analytics.ts[0m:[93m81[0m:[93m3[0m
    [7m81[0m   trend?: {
    [7m  [0m [96m  ~~~~~[0m
    The expected type comes from property 'trend' which is declared here on type 'MetricSummary'

[96msrc/lib/analytics/AnalyticsDataService.ts[0m:[93m298[0m:[93m75[0m - [91merror[0m[90m TS1064: [0mThe return type of an async function or method must be the global Promise<T> type. Did you mean to write 'Promise<void>'?

[7m298[0m   private async calculateTrend(metricName: string, timeRange: TimeRange): void {
[7m   [0m [91m                                                                          ~~~~[0m

[96msrc/lib/analytics/AnalyticsDataService.ts[0m:[93m328[0m:[93m7[0m - [91merror[0m[90m TS2322: [0mType '{ value: number; direction: "stable" | "up" | "down"; period: string; }' is not assignable to type 'void'.

[7m328[0m       return {
[7m   [0m [91m      ~~~~~~[0m

[96msrc/lib/analytics/__tests__/breach-analytics.test.ts[0m:[93m74[0m:[93m42[0m - [91merror[0m[90m TS4111: [0mProperty 'get' comes from an index signature, so it must be accessed with ['get'].

[7m74[0m   const mockedRedisGet = vi.mocked(redis.get)
[7m  [0m [91m                                         ~~~[0m

[96msrc/lib/analytics/__tests__/breach-analytics.test.ts[0m:[93m132[0m:[93m5[0m - [91merror[0m[90m TS18048: [0m'mockedRedisGet' is possibly 'undefined'.

[7m132[0m     mockedRedisGet.mockResolvedValue(
[7m   [0m [91m    ~~~~~~~~~~~~~~[0m

[96msrc/lib/analytics/__tests__/breach-analytics.test.ts[0m:[93m246[0m:[93m33[0m - [91merror[0m[90m TS2532: [0mObject is possibly 'undefined'.

[7m246[0m             timestamp: new Date(mockBreaches[0].timestamp),
[7m   [0m [91m                                ~~~~~~~~~~~~~~~[0m

[96msrc/lib/analytics/__tests__/breach-analytics.test.ts[0m:[93m247[0m:[93m37[0m - [91merror[0m[90m TS2532: [0mObject is possibly 'undefined'.

[7m247[0m             detectionTime: new Date(mockBreaches[0].timestamp),
[7m   [0m [91m                                    ~~~~~~~~~~~~~~~[0m

[96msrc/lib/analytics/__tests__/breach-analytics.test.ts[0m:[93m248[0m:[93m36[0m - [91merror[0m[90m TS2532: [0mObject is possibly 'undefined'.

[7m248[0m             responseTime: new Date(mockBreaches[0].timestamp + 3_600_000),
[7m   [0m [91m                                   ~~~~~~~~~~~~~~~[0m

[96msrc/lib/analytics/__tests__/breach-analytics.test.ts[0m:[93m259[0m:[93m33[0m - [91merror[0m[90m TS2532: [0mObject is possibly 'undefined'.

[7m259[0m             timestamp: new Date(mockBreaches[1].timestamp),
[7m   [0m [91m                                ~~~~~~~~~~~~~~~[0m

[96msrc/lib/analytics/__tests__/breach-analytics.test.ts[0m:[93m260[0m:[93m37[0m - [91merror[0m[90m TS2532: [0mObject is possibly 'undefined'.

[7m260[0m             detectionTime: new Date(mockBreaches[1].timestamp),
[7m   [0m [91m                                    ~~~~~~~~~~~~~~~[0m

[96msrc/lib/analytics/__tests__/breach-analytics.test.ts[0m:[93m261[0m:[93m36[0m - [91merror[0m[90m TS2532: [0mObject is possibly 'undefined'.

[7m261[0m             responseTime: new Date(mockBreaches[1].timestamp + 3_600_000),
[7m   [0m [91m                                   ~~~~~~~~~~~~~~~[0m

[96msrc/lib/analytics/__tests__/breach-analytics.test.ts[0m:[93m272[0m:[93m33[0m - [91merror[0m[90m TS2532: [0mObject is possibly 'undefined'.

[7m272[0m             timestamp: new Date(mockBreaches[0].timestamp),
[7m   [0m [91m                                ~~~~~~~~~~~~~~~[0m

[96msrc/lib/analytics/__tests__/breach-analytics.test.ts[0m:[93m291[0m:[93m33[0m - [91merror[0m[90m TS2532: [0mObject is possibly 'undefined'.

[7m291[0m             timestamp: new Date(mockBreaches[1].timestamp),
[7m   [0m [91m                                ~~~~~~~~~~~~~~~[0m

[96msrc/lib/analytics/__tests__/breach-analytics.test.ts[0m:[93m340[0m:[93m21[0m - [91merror[0m[90m TS18048: [0m'firstTrend' is possibly 'undefined'.

[7m340[0m       expect(typeof firstTrend.breaches).toBe('number')
[7m   [0m [91m                    ~~~~~~~~~~[0m

[96msrc/lib/analytics/__tests__/breach-analytics.test.ts[0m:[93m341[0m:[93m21[0m - [91merror[0m[90m TS18048: [0m'firstTrend' is possibly 'undefined'.

[7m341[0m       expect(typeof firstTrend.affectedUsers).toBe('number')
[7m   [0m [91m                    ~~~~~~~~~~[0m

[96msrc/lib/analytics/__tests__/breach-analytics.test.ts[0m:[93m342[0m:[93m21[0m - [91merror[0m[90m TS18048: [0m'firstTrend' is possibly 'undefined'.

[7m342[0m       expect(typeof firstTrend.responseTime).toBe('number')
[7m   [0m [91m                    ~~~~~~~~~~[0m

[96msrc/lib/analytics/__tests__/breach-analytics.test.ts[0m:[93m343[0m:[93m21[0m - [91merror[0m[90m TS18048: [0m'firstTrend' is possibly 'undefined'.

[7m343[0m       expect(typeof firstTrend.anomalyScore).toBe('number')
[7m   [0m [91m                    ~~~~~~~~~~[0m

[96msrc/lib/analytics/__tests__/breach-analytics.test.ts[0m:[93m362[0m:[93m21[0m - [91merror[0m[90m TS18048: [0m'firstPrediction' is possibly 'undefined'.

[7m362[0m       expect(typeof firstPrediction.timestamp).toBe('number')
[7m   [0m [91m                    ~~~~~~~~~~~~~~~[0m

[96msrc/lib/analytics/breach-analytics.ts[0m:[93m208[0m:[93m31[0m - [91merror[0m[90m TS2722: [0mCannot invoke an object which is possibly 'undefined'.

[7m208[0m   const notifications = await redis.get(
[7m   [0m [91m                              ~~~~~~~~~[0m

[96msrc/lib/analytics/breach-analytics.ts[0m:[93m208[0m:[93m31[0m - [91merror[0m[90m TS18048: [0m'redis.get' is possibly 'undefined'.

[7m208[0m   const notifications = await redis.get(
[7m   [0m [91m                              ~~~~~~~~~[0m

[96msrc/lib/analytics/breach-analytics.ts[0m:[93m208[0m:[93m37[0m - [91merror[0m[90m TS4111: [0mProperty 'get' comes from an index signature, so it must be accessed with ['get'].

[7m208[0m   const notifications = await redis.get(
[7m   [0m [91m                                    ~~~[0m

[96msrc/lib/analytics/breach.ts[0m:[93m17[0m:[93m33[0m - [91merror[0m[90m TS4111: [0mProperty 'MONGODB_DB_NAME' comes from an index signature, so it must be accessed with ['MONGODB_DB_NAME'].

[7m17[0m const mongoDbName = process.env.MONGODB_DB_NAME
[7m  [0m [91m                                ~~~~~~~~~~~~~~~[0m

[96msrc/lib/analytics/statistics.ts[0m:[93m37[0m:[93m21[0m - [91merror[0m[90m TS2532: [0mObject is possibly 'undefined'.

[7m37[0m       const xDiff = xValues[i] - xMean
[7m  [0m [91m                    ~~~~~~~~~~[0m

[96msrc/lib/analytics/statistics.ts[0m:[93m38[0m:[93m21[0m - [91merror[0m[90m TS2532: [0mObject is possibly 'undefined'.

[7m38[0m       const yDiff = dataPoints[i] - yMean
[7m  [0m [91m                    ~~~~~~~~~~~~~[0m

[96msrc/lib/analytics/universal-demo-analytics.ts[0m:[93m47[0m:[93m5[0m - [91merror[0m[90m TS2322: [0mType 'DemoPageConfig | undefined' is not assignable to type 'PageConfig'.
  Type 'undefined' is not assignable to type 'PageConfig'.

[7m47[0m     this.pageConfig = DEMO_PAGES_CONFIG[pageName]
[7m  [0m [91m    ~~~~~~~~~~~~~~~[0m

[96msrc/lib/analytics/universal-demo-analytics.ts[0m:[93m113[0m:[93m7[0m - [91merror[0m[90m TS2322: [0mType 'string | undefined' is not assignable to type 'string | null'.
  Type 'undefined' is not assignable to type 'string | null'.

[7m113[0m       variant = variants[Math.floor(Math.random() * variants.length)]
[7m   [0m [91m      ~~~~~~~[0m

[96msrc/lib/analytics/universal-demo-analytics.ts[0m:[93m114[0m:[93m72[0m - [91merror[0m[90m TS2345: [0mArgument of type 'string | null' is not assignable to parameter of type 'string'.
  Type 'null' is not assignable to type 'string'.

[7m114[0m       sessionStorage.setItem(ANALYTICS_CONFIG.STORAGE_KEYS.AB_VARIANT, variant)
[7m   [0m [91m                                                                       ~~~~~~~[0m

[96msrc/lib/analytics/universal-demo-analytics.ts[0m:[93m123[0m:[93m5[0m - [91merror[0m[90m TS2322: [0mType 'string | null' is not assignable to type 'string'.
  Type 'null' is not assignable to type 'string'.

[7m123[0m     return variant
[7m   [0m [91m    ~~~~~~[0m

[96msrc/lib/animations/sequences.ts[0m:[93m673[0m:[93m16[0m - [91merror[0m[90m TS18048: [0m'variant' is possibly 'undefined'.

[7m673[0m       opacity: variant['opacity'] ?? 1,
[7m   [0m [91m               ~~~~~~~[0m

[96msrc/lib/animations/sequences.ts[0m:[93m698[0m:[93m3[0m - [91merror[0m[90m TS2322: [0mType 'Variants | undefined' is not assignable to type 'Variants'.
  Type 'undefined' is not assignable to type 'Variants'.

[7m698[0m   fadeIn: pageTransitionSequences.fadeSlide,
[7m   [0m [91m  ~~~~~~[0m

[96msrc/lib/animations/sequences.ts[0m:[93m698[0m:[93m35[0m - [91merror[0m[90m TS4111: [0mProperty 'fadeSlide' comes from an index signature, so it must be accessed with ['fadeSlide'].

[7m698[0m   fadeIn: pageTransitionSequences.fadeSlide,
[7m   [0m [91m                                  ~~~~~~~~~[0m

[96msrc/lib/animations/sequences.ts[0m:[93m699[0m:[93m3[0m - [91merror[0m[90m TS2322: [0mType 'Variants | undefined' is not assignable to type 'Variants'.
  Type 'undefined' is not assignable to type 'Variants'.

[7m699[0m   slideUp: pageTransitionSequences.slideUp,
[7m   [0m [91m  ~~~~~~~[0m

[96msrc/lib/animations/sequences.ts[0m:[93m699[0m:[93m36[0m - [91merror[0m[90m TS4111: [0mProperty 'slideUp' comes from an index signature, so it must be accessed with ['slideUp'].

[7m699[0m   slideUp: pageTransitionSequences.slideUp,
[7m   [0m [91m                                   ~~~~~~~[0m

[96msrc/lib/animations/sequences.ts[0m:[93m700[0m:[93m3[0m - [91merror[0m[90m TS2322: [0mType 'Variants | undefined' is not assignable to type 'Variants'.
  Type 'undefined' is not assignable to type 'Variants'.

[7m700[0m   scaleIn: pageTransitionSequences.scaleIn,
[7m   [0m [91m  ~~~~~~~[0m

[96msrc/lib/animations/sequences.ts[0m:[93m700[0m:[93m36[0m - [91merror[0m[90m TS4111: [0mProperty 'scaleIn' comes from an index signature, so it must be accessed with ['scaleIn'].

[7m700[0m   scaleIn: pageTransitionSequences.scaleIn,
[7m   [0m [91m                                   ~~~~~~~[0m

[96msrc/lib/animations/sequences.ts[0m:[93m703[0m:[93m3[0m - [91merror[0m[90m TS2322: [0mType 'Variants | undefined' is not assignable to type 'Variants'.
  Type 'undefined' is not assignable to type 'Variants'.

[7m703[0m   stagger: listAnimationSequences.staggeredFade,
[7m   [0m [91m  ~~~~~~~[0m

[96msrc/lib/animations/sequences.ts[0m:[93m703[0m:[93m35[0m - [91merror[0m[90m TS4111: [0mProperty 'staggeredFade' comes from an index signature, so it must be accessed with ['staggeredFade'].

[7m703[0m   stagger: listAnimationSequences.staggeredFade,
[7m   [0m [91m                                  ~~~~~~~~~~~~~[0m

[96msrc/lib/animations/sequences.ts[0m:[93m704[0m:[93m3[0m - [91merror[0m[90m TS2322: [0mType 'Variants | undefined' is not assignable to type 'Variants'.
  Type 'undefined' is not assignable to type 'Variants'.

[7m704[0m   cascade: listAnimationSequences.cascadeIn,
[7m   [0m [91m  ~~~~~~~[0m

[96msrc/lib/animations/sequences.ts[0m:[93m704[0m:[93m35[0m - [91merror[0m[90m TS4111: [0mProperty 'cascadeIn' comes from an index signature, so it must be accessed with ['cascadeIn'].

[7m704[0m   cascade: listAnimationSequences.cascadeIn,
[7m   [0m [91m                                  ~~~~~~~~~[0m

[96msrc/lib/animations/sequences.ts[0m:[93m707[0m:[93m3[0m - [91merror[0m[90m TS2322: [0mType 'Variants | undefined' is not assignable to type 'Variants'.
  Type 'undefined' is not assignable to type 'Variants'.

[7m707[0m   button: interactiveSequences.buttonHover,
[7m   [0m [91m  ~~~~~~[0m

[96msrc/lib/animations/sequences.ts[0m:[93m707[0m:[93m32[0m - [91merror[0m[90m TS4111: [0mProperty 'buttonHover' comes from an index signature, so it must be accessed with ['buttonHover'].

[7m707[0m   button: interactiveSequences.buttonHover,
[7m   [0m [91m                               ~~~~~~~~~~~[0m

[96msrc/lib/animations/sequences.ts[0m:[93m708[0m:[93m3[0m - [91merror[0m[90m TS2322: [0mType 'Variants | undefined' is not assignable to type 'Variants'.
  Type 'undefined' is not assignable to type 'Variants'.

[7m708[0m   card: interactiveSequences.cardFloat,
[7m   [0m [91m  ~~~~[0m

[96msrc/lib/animations/sequences.ts[0m:[93m708[0m:[93m30[0m - [91merror[0m[90m TS4111: [0mProperty 'cardFloat' comes from an index signature, so it must be accessed with ['cardFloat'].

[7m708[0m   card: interactiveSequences.cardFloat,
[7m   [0m [91m                             ~~~~~~~~~[0m

[96msrc/lib/animations/sequences.ts[0m:[93m711[0m:[93m3[0m - [91merror[0m[90m TS2322: [0mType 'Variants | undefined' is not assignable to type 'Variants'.
  Type 'undefined' is not assignable to type 'Variants'.

[7m711[0m   modal: modalSequences.scaleUp,
[7m   [0m [91m  ~~~~~[0m

[96msrc/lib/animations/sequences.ts[0m:[93m711[0m:[93m25[0m - [91merror[0m[90m TS4111: [0mProperty 'scaleUp' comes from an index signature, so it must be accessed with ['scaleUp'].

[7m711[0m   modal: modalSequences.scaleUp,
[7m   [0m [91m                        ~~~~~~~[0m

[96msrc/lib/animations/sequences.ts[0m:[93m714[0m:[93m3[0m - [91merror[0m[90m TS2322: [0mType 'Variants | undefined' is not assignable to type 'Variants'.
  Type 'undefined' is not assignable to type 'Variants'.

[7m714[0m   toast: notificationSequences.slideInRight,
[7m   [0m [91m  ~~~~~[0m

[96msrc/lib/animations/sequences.ts[0m:[93m714[0m:[93m32[0m - [91merror[0m[90m TS4111: [0mProperty 'slideInRight' comes from an index signature, so it must be accessed with ['slideInRight'].

[7m714[0m   toast: notificationSequences.slideInRight,
[7m   [0m [91m                               ~~~~~~~~~~~~[0m

[96msrc/lib/animations/sequences.ts[0m:[93m717[0m:[93m3[0m - [91merror[0m[90m TS2322: [0mType 'Variants | undefined' is not assignable to type 'Variants'.
  Type 'undefined' is not assignable to type 'Variants'.

[7m717[0m   loading: loadingSequences.pulse,
[7m   [0m [91m  ~~~~~~~[0m

[96msrc/lib/animations/sequences.ts[0m:[93m717[0m:[93m29[0m - [91merror[0m[90m TS4111: [0mProperty 'pulse' comes from an index signature, so it must be accessed with ['pulse'].

[7m717[0m   loading: loadingSequences.pulse,
[7m   [0m [91m                            ~~~~~[0m

[96msrc/lib/api/evaluation.test.ts[0m:[93m1[0m:[93m10[0m - [91merror[0m[90m TS6133: [0m'beforeEach' is declared but its value is never read.

[7m1[0m import { beforeEach, describe, expect, it, vi } from 'vitest'
[7m [0m [91m         ~~~~~~~~~~[0m

[96msrc/lib/api/evaluation.test.ts[0m:[93m1[0m:[93m44[0m - [91merror[0m[90m TS6133: [0m'vi' is declared but its value is never read.

[7m1[0m import { beforeEach, describe, expect, it, vi } from 'vitest'
[7m [0m [91m                                           ~~[0m

[96msrc/lib/api/evidence-assistant.ts[0m:[93m44[0m:[93m18[0m - [91merror[0m[90m TS4111: [0mProperty 'id' comes from an index signature, so it must be accessed with ['id'].

[7m44[0m     typeof value.id === 'string' &&
[7m  [0m [91m                 ~~[0m

[96msrc/lib/api/evidence-assistant.ts[0m:[93m45[0m:[93m18[0m - [91merror[0m[90m TS4111: [0mProperty 'title' comes from an index signature, so it must be accessed with ['title'].

[7m45[0m     typeof value.title === 'string' &&
[7m  [0m [91m                 ~~~~~[0m

[96msrc/lib/api/evidence-assistant.ts[0m:[93m46[0m:[93m18[0m - [91merror[0m[90m TS4111: [0mProperty 'content' comes from an index signature, so it must be accessed with ['content'].

[7m46[0m     typeof value.content === 'string' &&
[7m  [0m [91m                 ~~~~~~~[0m

[96msrc/lib/api/evidence-assistant.ts[0m:[93m47[0m:[93m18[0m - [91merror[0m[90m TS4111: [0mProperty 'url' comes from an index signature, so it must be accessed with ['url'].

[7m47[0m     typeof value.url === 'string' &&
[7m  [0m [91m                 ~~~[0m

[96msrc/lib/api/evidence-assistant.ts[0m:[93m48[0m:[93m18[0m - [91merror[0m[90m TS4111: [0mProperty 'collection' comes from an index signature, so it must be accessed with ['collection'].

[7m48[0m     typeof value.collection === 'string' &&
[7m  [0m [91m                 ~~~~~~~~~~[0m

[96msrc/lib/api/evidence-assistant.ts[0m:[93m49[0m:[93m18[0m - [91merror[0m[90m TS4111: [0mProperty 'score' comes from an index signature, so it must be accessed with ['score'].

[7m49[0m     typeof value.score === 'number' &&
[7m  [0m [91m                 ~~~~~[0m

[96msrc/lib/api/evidence-assistant.ts[0m:[93m50[0m:[93m18[0m - [91merror[0m[90m TS4111: [0mProperty 'excerpt' comes from an index signature, so it must be accessed with ['excerpt'].

[7m50[0m     typeof value.excerpt === 'string' &&
[7m  [0m [91m                 ~~~~~~~[0m

[96msrc/lib/api/evidence-assistant.ts[0m:[93m51[0m:[93m25[0m - [91merror[0m[90m TS4111: [0mProperty 'matchedTerms' comes from an index signature, so it must be accessed with ['matchedTerms'].

[7m51[0m     Array.isArray(value.matchedTerms)
[7m  [0m [91m                        ~~~~~~~~~~~~[0m

[96msrc/lib/api/evidence-assistant.ts[0m:[93m58[0m:[93m18[0m - [91merror[0m[90m TS4111: [0mProperty 'index' comes from an index signature, so it must be accessed with ['index'].

[7m58[0m     typeof value.index === 'number' &&
[7m  [0m [91m                 ~~~~~[0m

[96msrc/lib/api/evidence-assistant.ts[0m:[93m59[0m:[93m18[0m - [91merror[0m[90m TS4111: [0mProperty 'title' comes from an index signature, so it must be accessed with ['title'].

[7m59[0m     typeof value.title === 'string' &&
[7m  [0m [91m                 ~~~~~[0m

[96msrc/lib/api/evidence-assistant.ts[0m:[93m60[0m:[93m18[0m - [91merror[0m[90m TS4111: [0mProperty 'url' comes from an index signature, so it must be accessed with ['url'].

[7m60[0m     typeof value.url === 'string' &&
[7m  [0m [91m                 ~~~[0m

[96msrc/lib/api/evidence-assistant.ts[0m:[93m61[0m:[93m18[0m - [91merror[0m[90m TS4111: [0mProperty 'collection' comes from an index signature, so it must be accessed with ['collection'].

[7m61[0m     typeof value.collection === 'string'
[7m  [0m [91m                 ~~~~~~~~~~[0m

[96msrc/lib/api/evidence-assistant.ts[0m:[93m70[0m:[93m18[0m - [91merror[0m[90m TS4111: [0mProperty 'name' comes from an index signature, so it must be accessed with ['name'].

[7m70[0m     typeof value.name === 'string' &&
[7m  [0m [91m                 ~~~~[0m

[96msrc/lib/api/evidence-assistant.ts[0m:[93m71[0m:[93m18[0m - [91merror[0m[90m TS4111: [0mProperty 'version' comes from an index signature, so it must be accessed with ['version'].

[7m71[0m     typeof value.version === 'string' &&
[7m  [0m [91m                 ~~~~~~~[0m

[96msrc/lib/api/evidence-assistant.ts[0m:[93m72[0m:[93m18[0m - [91merror[0m[90m TS4111: [0mProperty 'description' comes from an index signature, so it must be accessed with ['description'].

[7m72[0m     typeof value.description === 'string' &&
[7m  [0m [91m                 ~~~~~~~~~~~[0m

[96msrc/lib/api/evidence-assistant.ts[0m:[93m73[0m:[93m25[0m - [91merror[0m[90m TS4111: [0mProperty 'methods' comes from an index signature, so it must be accessed with ['methods'].

[7m73[0m     Array.isArray(value.methods) &&
[7m  [0m [91m                        ~~~~~~~[0m

[96msrc/lib/api/evidence-assistant.ts[0m:[93m74[0m:[93m25[0m - [91merror[0m[90m TS4111: [0mProperty 'collections' comes from an index signature, so it must be accessed with ['collections'].

[7m74[0m     Array.isArray(value.collections) &&
[7m  [0m [91m                        ~~~~~~~~~~~[0m

[96msrc/lib/api/evidence-assistant.ts[0m:[93m75[0m:[93m25[0m - [91merror[0m[90m TS4111: [0mProperty 'availableProviders' comes from an index signature, so it must be accessed with ['availableProviders'].

[7m75[0m     Array.isArray(value.availableProviders) &&
[7m  [0m [91m                        ~~~~~~~~~~~~~~~~~~[0m

[96msrc/lib/api/evidence-assistant.ts[0m:[93m76[0m:[93m18[0m - [91merror[0m[90m TS4111: [0mProperty 'note' comes from an index signature, so it must be accessed with ['note'].

[7m76[0m     typeof value.note === 'string'
[7m  [0m [91m                 ~~~~[0m

[96msrc/lib/api/evidence-assistant.ts[0m:[93m88[0m:[93m27[0m - [91merror[0m[90m TS4111: [0mProperty 'query' comes from an index signature, so it must be accessed with ['query'].

[7m88[0m     query: typeof payload.query === 'string' ? payload.query : '',
[7m  [0m [91m                          ~~~~~[0m

[96msrc/lib/api/evidence-assistant.ts[0m:[93m88[0m:[93m56[0m - [91merror[0m[90m TS4111: [0mProperty 'query' comes from an index signature, so it must be accessed with ['query'].

[7m88[0m     query: typeof payload.query === 'string' ? payload.query : '',
[7m  [0m [91m                                                       ~~~~~[0m

[96msrc/lib/api/evidence-assistant.ts[0m:[93m89[0m:[93m28[0m - [91merror[0m[90m TS4111: [0mProperty 'answer' comes from an index signature, so it must be accessed with ['answer'].

[7m89[0m     answer: typeof payload.answer === 'string' ? payload.answer : null,
[7m  [0m [91m                           ~~~~~~[0m

[96msrc/lib/api/evidence-assistant.ts[0m:[93m89[0m:[93m58[0m - [91merror[0m[90m TS4111: [0mProperty 'answer' comes from an index signature, so it must be accessed with ['answer'].

[7m89[0m     answer: typeof payload.answer === 'string' ? payload.answer : null,
[7m  [0m [91m                                                         ~~~~~~[0m

[96msrc/lib/api/evidence-assistant.ts[0m:[93m91[0m:[93m22[0m - [91merror[0m[90m TS4111: [0mProperty 'providerUsed' comes from an index signature, so it must be accessed with ['providerUsed'].

[7m91[0m       typeof payload.providerUsed === 'string' ? payload.providerUsed : null,
[7m  [0m [91m                     ~~~~~~~~~~~~[0m

[96msrc/lib/api/evidence-assistant.ts[0m:[93m91[0m:[93m58[0m - [91merror[0m[90m TS4111: [0mProperty 'providerUsed' comes from an index signature, so it must be accessed with ['providerUsed'].

[7m91[0m       typeof payload.providerUsed === 'string' ? payload.providerUsed : null,
[7m  [0m [91m                                                         ~~~~~~~~~~~~[0m

[96msrc/lib/api/evidence-assistant.ts[0m:[93m92[0m:[93m36[0m - [91merror[0m[90m TS4111: [0mProperty 'results' comes from an index signature, so it must be accessed with ['results'].

[7m92[0m     results: Array.isArray(payload.results)
[7m  [0m [91m                                   ~~~~~~~[0m

[96msrc/lib/api/evidence-assistant.ts[0m:[93m93[0m:[93m17[0m - [91merror[0m[90m TS4111: [0mProperty 'results' comes from an index signature, so it must be accessed with ['results'].

[7m93[0m       ? payload.results.filter(isEvidenceSearchResult)
[7m  [0m [91m                ~~~~~~~[0m

[96msrc/lib/api/evidence-assistant.ts[0m:[93m95[0m:[93m38[0m - [91merror[0m[90m TS4111: [0mProperty 'citations' comes from an index signature, so it must be accessed with ['citations'].

[7m95[0m     citations: Array.isArray(payload.citations)
[7m  [0m [91m                                     ~~~~~~~~~[0m

[96msrc/lib/api/evidence-assistant.ts[0m:[93m96[0m:[93m17[0m - [91merror[0m[90m TS4111: [0mProperty 'citations' comes from an index signature, so it must be accessed with ['citations'].

[7m96[0m       ? payload.citations.filter(isEvidenceCitation)
[7m  [0m [91m                ~~~~~~~~~[0m

[96msrc/lib/api/evidence-assistant.ts[0m:[93m98[0m:[93m37[0m - [91merror[0m[90m TS4111: [0mProperty 'warnings' comes from an index signature, so it must be accessed with ['warnings'].

[7m98[0m     warnings: Array.isArray(payload.warnings)
[7m  [0m [91m                                    ~~~~~~~~[0m

[96msrc/lib/api/evidence-assistant.ts[0m:[93m99[0m:[93m17[0m - [91merror[0m[90m TS4111: [0mProperty 'warnings' comes from an index signature, so it must be accessed with ['warnings'].

[7m99[0m       ? payload.warnings.filter(
[7m  [0m [91m                ~~~~~~~~[0m

[96msrc/lib/api/evidence-assistant.ts[0m:[93m116[0m:[93m24[0m - [91merror[0m[90m TS4111: [0mProperty 'name' comes from an index signature, so it must be accessed with ['name'].

[7m116[0m         typeof payload.name === 'string'
[7m   [0m [91m                       ~~~~[0m

[96msrc/lib/api/evidence-assistant.ts[0m:[93m117[0m:[93m21[0m - [91merror[0m[90m TS4111: [0mProperty 'name' comes from an index signature, so it must be accessed with ['name'].

[7m117[0m           ? payload.name
[7m   [0m [91m                    ~~~~[0m

[96msrc/lib/api/evidence-assistant.ts[0m:[93m120[0m:[93m24[0m - [91merror[0m[90m TS4111: [0mProperty 'version' comes from an index signature, so it must be accessed with ['version'].

[7m120[0m         typeof payload.version === 'string' ? payload.version : 'unknown',
[7m   [0m [91m                       ~~~~~~~[0m

[96msrc/lib/api/evidence-assistant.ts[0m:[93m120[0m:[93m55[0m - [91merror[0m[90m TS4111: [0mProperty 'version' comes from an index signature, so it must be accessed with ['version'].

[7m120[0m         typeof payload.version === 'string' ? payload.version : 'unknown',
[7m   [0m [91m                                                      ~~~~~~~[0m

[96msrc/lib/api/evidence-assistant.ts[0m:[93m122[0m:[93m24[0m - [91merror[0m[90m TS4111: [0mProperty 'description' comes from an index signature, so it must be accessed with ['description'].

[7m122[0m         typeof payload.description === 'string'
[7m   [0m [91m                       ~~~~~~~~~~~[0m

[96msrc/lib/api/evidence-assistant.ts[0m:[93m123[0m:[93m21[0m - [91merror[0m[90m TS4111: [0mProperty 'description' comes from an index signature, so it must be accessed with ['description'].

[7m123[0m           ? payload.description
[7m   [0m [91m                    ~~~~~~~~~~~[0m

[96msrc/lib/api/evidence-assistant.ts[0m:[93m125[0m:[93m38[0m - [91merror[0m[90m TS4111: [0mProperty 'methods' comes from an index signature, so it must be accessed with ['methods'].

[7m125[0m       methods: Array.isArray(payload.methods)
[7m   [0m [91m                                     ~~~~~~~[0m

[96msrc/lib/api/evidence-assistant.ts[0m:[93m126[0m:[93m19[0m - [91merror[0m[90m TS4111: [0mProperty 'methods' comes from an index signature, so it must be accessed with ['methods'].

[7m126[0m         ? payload.methods.filter(
[7m   [0m [91m                  ~~~~~~~[0m

[96msrc/lib/api/evidence-assistant.ts[0m:[93m130[0m:[93m42[0m - [91merror[0m[90m TS4111: [0mProperty 'collections' comes from an index signature, so it must be accessed with ['collections'].

[7m130[0m       collections: Array.isArray(payload.collections)
[7m   [0m [91m                                         ~~~~~~~~~~~[0m

[96msrc/lib/api/evidence-assistant.ts[0m:[93m131[0m:[93m19[0m - [91merror[0m[90m TS4111: [0mProperty 'collections' comes from an index signature, so it must be accessed with ['collections'].

[7m131[0m         ? payload.collections.filter(
[7m   [0m [91m                  ~~~~~~~~~~~[0m

[96msrc/lib/api/evidence-assistant.ts[0m:[93m136[0m:[93m49[0m - [91merror[0m[90m TS4111: [0mProperty 'availableProviders' comes from an index signature, so it must be accessed with ['availableProviders'].

[7m136[0m       availableProviders: Array.isArray(payload.availableProviders)
[7m   [0m [91m                                                ~~~~~~~~~~~~~~~~~~[0m

[96msrc/lib/api/evidence-assistant.ts[0m:[93m137[0m:[93m19[0m - [91merror[0m[90m TS4111: [0mProperty 'availableProviders' comes from an index signature, so it must be accessed with ['availableProviders'].

[7m137[0m         ? payload.availableProviders.filter(
[7m   [0m [91m                  ~~~~~~~~~~~~~~~~~~[0m

[96msrc/lib/api/evidence-assistant.ts[0m:[93m142[0m:[93m24[0m - [91merror[0m[90m TS4111: [0mProperty 'note' comes from an index signature, so it must be accessed with ['note'].

[7m142[0m         typeof payload.note === 'string'
[7m   [0m [91m                       ~~~~[0m

[96msrc/lib/api/evidence-assistant.ts[0m:[93m143[0m:[93m21[0m - [91merror[0m[90m TS4111: [0mProperty 'note' comes from an index signature, so it must be accessed with ['note'].

[7m143[0m           ? payload.note
[7m   [0m [91m                    ~~~~[0m

[96msrc/lib/api/evidence-assistant.ts[0m:[93m201[0m:[93m43[0m - [91merror[0m[90m TS4111: [0mProperty 'message' comes from an index signature, so it must be accessed with ['message'].

[7m201[0m       isRecord(payload) && typeof payload.message === 'string'
[7m   [0m [91m                                          ~~~~~~~[0m

[96msrc/lib/api/evidence-assistant.ts[0m:[93m202[0m:[93m19[0m - [91merror[0m[90m TS4111: [0mProperty 'message' comes from an index signature, so it must be accessed with ['message'].

[7m202[0m         ? payload.message
[7m   [0m [91m                  ~~~~~~~[0m

[96msrc/lib/api/evidence-assistant.ts[0m:[93m245[0m:[93m43[0m - [91merror[0m[90m TS4111: [0mProperty 'message' comes from an index signature, so it must be accessed with ['message'].

[7m245[0m       isRecord(payload) && typeof payload.message === 'string'
[7m   [0m [91m                                          ~~~~~~~[0m

[96msrc/lib/api/evidence-assistant.ts[0m:[93m246[0m:[93m19[0m - [91merror[0m[90m TS4111: [0mProperty 'message' comes from an index signature, so it must be accessed with ['message'].

[7m246[0m         ? payload.message
[7m   [0m [91m                  ~~~~~~~[0m

[96msrc/lib/api/journal-research/bias-audit-types.ts[0m:[93m241[0m:[93m19[0m - [91merror[0m[90m TS4111: [0mProperty 'audit_id' comes from an index signature, so it must be accessed with ['audit_id'].

[7m241[0m     auditId: data.audit_id,
[7m   [0m [91m                  ~~~~~~~~[0m

[96msrc/lib/api/journal-research/bias-audit-types.ts[0m:[93m242[0m:[93m21[0m - [91merror[0m[90m TS4111: [0mProperty 'dataset_id' comes from an index signature, so it must be accessed with ['dataset_id'].

[7m242[0m     datasetId: data.dataset_id,
[7m   [0m [91m                    ~~~~~~~~~~[0m

[96msrc/lib/api/journal-research/bias-audit-types.ts[0m:[93m243[0m:[93m23[0m - [91merror[0m[90m TS4111: [0mProperty 'dataset_name' comes from an index signature, so it must be accessed with ['dataset_name'].

[7m243[0m     datasetName: data.dataset_name,
[7m   [0m [91m                      ~~~~~~~~~~~~[0m

[96msrc/lib/api/journal-research/bias-audit-types.ts[0m:[93m244[0m:[93m30[0m - [91merror[0m[90m TS4111: [0mProperty 'audited_at' comes from an index signature, so it must be accessed with ['audited_at'].

[7m244[0m     auditedAt: new Date(data.audited_at as string),
[7m   [0m [91m                             ~~~~~~~~~~[0m

[96msrc/lib/api/journal-research/bias-audit-types.ts[0m:[93m245[0m:[93m21[0m - [91merror[0m[90m TS4111: [0mProperty 'audited_by' comes from an index signature, so it must be accessed with ['audited_by'].

[7m245[0m     auditedBy: data.audited_by,
[7m   [0m [91m                    ~~~~~~~~~~[0m

[96msrc/lib/api/journal-research/bias-audit-types.ts[0m:[93m246[0m:[93m28[0m - [91merror[0m[90m TS4111: [0mProperty 'overall_bias_score' comes from an index signature, so it must be accessed with ['overall_bias_score'].

[7m246[0m     overallBiasScore: data.overall_bias_score,
[7m   [0m [91m                           ~~~~~~~~~~~~~~~~~~[0m

[96msrc/lib/api/journal-research/bias-audit-types.ts[0m:[93m247[0m:[93m27[0m - [91merror[0m[90m TS4111: [0mProperty 'passes_threshold' comes from an index signature, so it must be accessed with ['passes_threshold'].

[7m247[0m     passesThreshold: data.passes_threshold,
[7m   [0m [91m                          ~~~~~~~~~~~~~~~~[0m

[96msrc/lib/api/journal-research/bias-audit-types.ts[0m:[93m248[0m:[93m28[0m - [91merror[0m[90m TS4111: [0mProperty 'quarantine_status' comes from an index signature, so it must be accessed with ['quarantine_status'].

[7m248[0m     quarantineStatus: data.quarantine_status,
[7m   [0m [91m                           ~~~~~~~~~~~~~~~~~[0m

[96msrc/lib/api/journal-research/bias-audit-types.ts[0m:[93m249[0m:[93m22[0m - [91merror[0m[90m TS4111: [0mProperty 'sample_size' comes from an index signature, so it must be accessed with ['sample_size'].

[7m249[0m     sampleSize: data.sample_size,
[7m   [0m [91m                     ~~~~~~~~~~~[0m

[96msrc/lib/api/journal-research/bias-audit-types.ts[0m:[93m250[0m:[93m24[0m - [91merror[0m[90m TS4111: [0mProperty 'total_records' comes from an index signature, so it must be accessed with ['total_records'].

[7m250[0m     totalRecords: data.total_records,
[7m   [0m [91m                       ~~~~~~~~~~~~~[0m

[96msrc/lib/api/journal-research/bias-audit-types.ts[0m:[93m251[0m:[93m20[0m - [91merror[0m[90m TS4111: [0mProperty 'metrics' comes from an index signature, so it must be accessed with ['metrics'].

[7m251[0m     metrics: (data.metrics as Array<Record<string, unknown>>)?.map((m) => ({
[7m   [0m [91m                   ~~~~~~~[0m

[96msrc/lib/api/journal-research/bias-audit-types.ts[0m:[93m252[0m:[93m21[0m - [91merror[0m[90m TS4111: [0mProperty 'metric_name' comes from an index signature, so it must be accessed with ['metric_name'].

[7m252[0m       metricName: m.metric_name,
[7m   [0m [91m                    ~~~~~~~~~~~[0m

[96msrc/lib/api/journal-research/bias-audit-types.ts[0m:[93m253[0m:[93m16[0m - [91merror[0m[90m TS4111: [0mProperty 'score' comes from an index signature, so it must be accessed with ['score'].

[7m253[0m       score: m.score,
[7m   [0m [91m               ~~~~~[0m

[96msrc/lib/api/journal-research/bias-audit-types.ts[0m:[93m254[0m:[93m20[0m - [91merror[0m[90m TS4111: [0mProperty 'threshold' comes from an index signature, so it must be accessed with ['threshold'].

[7m254[0m       threshold: m.threshold,
[7m   [0m [91m                   ~~~~~~~~~[0m

[96msrc/lib/api/journal-research/bias-audit-types.ts[0m:[93m255[0m:[93m17[0m - [91merror[0m[90m TS4111: [0mProperty 'passed' comes from an index signature, so it must be accessed with ['passed'].

[7m255[0m       passed: m.passed,
[7m   [0m [91m                ~~~~~~[0m

[96msrc/lib/api/journal-research/bias-audit-types.ts[0m:[93m256[0m:[93m18[0m - [91merror[0m[90m TS4111: [0mProperty 'details' comes from an index signature, so it must be accessed with ['details'].

[7m256[0m       details: m.details,
[7m   [0m [91m                 ~~~~~~~[0m

[96msrc/lib/api/journal-research/bias-audit-types.ts[0m:[93m259[0m:[93m12[0m - [91merror[0m[90m TS4111: [0mProperty 'demographic_breakdown' comes from an index signature, so it must be accessed with ['demographic_breakdown'].

[7m259[0m       data.demographic_breakdown as Array<Record<string, unknown>>
[7m   [0m [91m           ~~~~~~~~~~~~~~~~~~~~~[0m

[96msrc/lib/api/journal-research/bias-audit-types.ts[0m:[93m261[0m:[93m19[0m - [91merror[0m[90m TS4111: [0mProperty 'category' comes from an index signature, so it must be accessed with ['category'].

[7m261[0m       category: d.category,
[7m   [0m [91m                  ~~~~~~~~[0m

[96msrc/lib/api/journal-research/bias-audit-types.ts[0m:[93m262[0m:[93m17[0m - [91merror[0m[90m TS4111: [0mProperty 'scores' comes from an index signature, so it must be accessed with ['scores'].

[7m262[0m       scores: d.scores,
[7m   [0m [91m                ~~~~~~[0m

[96msrc/lib/api/journal-research/bias-audit-types.ts[0m:[93m263[0m:[93m23[0m - [91merror[0m[90m TS4111: [0mProperty 'overall_score' comes from an index signature, so it must be accessed with ['overall_score'].

[7m263[0m       overallScore: d.overall_score,
[7m   [0m [91m                      ~~~~~~~~~~~~~[0m

[96msrc/lib/api/journal-research/bias-audit-types.ts[0m:[93m264[0m:[93m23[0m - [91merror[0m[90m TS4111: [0mProperty 'concern_level' comes from an index signature, so it must be accessed with ['concern_level'].

[7m264[0m       concernLevel: d.concern_level,
[7m   [0m [91m                      ~~~~~~~~~~~~~[0m

[96msrc/lib/api/journal-research/bias-audit-types.ts[0m:[93m267[0m:[93m12[0m - [91merror[0m[90m TS4111: [0mProperty 'score_distribution' comes from an index signature, so it must be accessed with ['score_distribution'].

[7m267[0m       data.score_distribution as Array<Record<string, unknown>>
[7m   [0m [91m           ~~~~~~~~~~~~~~~~~~[0m

[96msrc/lib/api/journal-research/bias-audit-types.ts[0m:[93m269[0m:[93m16[0m - [91merror[0m[90m TS4111: [0mProperty 'range' comes from an index signature, so it must be accessed with ['range'].

[7m269[0m       range: s.range,
[7m   [0m [91m               ~~~~~[0m

[96msrc/lib/api/journal-research/bias-audit-types.ts[0m:[93m270[0m:[93m16[0m - [91merror[0m[90m TS4111: [0mProperty 'count' comes from an index signature, so it must be accessed with ['count'].

[7m270[0m       count: s.count,
[7m   [0m [91m               ~~~~~[0m

[96msrc/lib/api/journal-research/bias-audit-types.ts[0m:[93m271[0m:[93m21[0m - [91merror[0m[90m TS4111: [0mProperty 'percentage' comes from an index signature, so it must be accessed with ['percentage'].

[7m271[0m       percentage: s.percentage,
[7m   [0m [91m                    ~~~~~~~~~~[0m

[96msrc/lib/api/journal-research/bias-audit-types.ts[0m:[93m273[0m:[93m27[0m - [91merror[0m[90m TS4111: [0mProperty 'recommendations' comes from an index signature, so it must be accessed with ['recommendations'].

[7m273[0m     recommendations: data.recommendations,
[7m   [0m [91m                          ~~~~~~~~~~~~~~~[0m

[96msrc/lib/api/journal-research/bias-audit-types.ts[0m:[93m274[0m:[93m17[0m - [91merror[0m[90m TS4111: [0mProperty 'notes' comes from an index signature, so it must be accessed with ['notes'].

[7m274[0m     notes: data.notes,
[7m   [0m [91m                ~~~~~[0m

[96msrc/lib/api/journal-research/bias-audit-types.ts[0m:[93m282[0m:[93m21[0m - [91merror[0m[90m TS4111: [0mProperty 'dataset_id' comes from an index signature, so it must be accessed with ['dataset_id'].

[7m282[0m     datasetId: data.dataset_id,
[7m   [0m [91m                    ~~~~~~~~~~[0m

[96msrc/lib/api/journal-research/bias-audit-types.ts[0m:[93m283[0m:[93m16[0m - [91merror[0m[90m TS4111: [0mProperty 'name' comes from an index signature, so it must be accessed with ['name'].

[7m283[0m     name: data.name,
[7m   [0m [91m               ~~~~[0m

[96msrc/lib/api/journal-research/bias-audit-types.ts[0m:[93m284[0m:[93m20[0m - [91merror[0m[90m TS4111: [0mProperty 'source_id' comes from an index signature, so it must be accessed with ['source_id'].

[7m284[0m     sourceId: data.source_id,
[7m   [0m [91m                   ~~~~~~~~~[0m

[96msrc/lib/api/journal-research/bias-audit-types.ts[0m:[93m285[0m:[93m20[0m - [91merror[0m[90m TS4111: [0mProperty 'file_path' comes from an index signature, so it must be accessed with ['file_path'].

[7m285[0m     filePath: data.file_path,
[7m   [0m [91m                   ~~~~~~~~~[0m

[96msrc/lib/api/journal-research/bias-audit-types.ts[0m:[93m286[0m:[93m20[0m - [91merror[0m[90m TS4111: [0mProperty 'file_size' comes from an index signature, so it must be accessed with ['file_size'].

[7m286[0m     fileSize: data.file_size,
[7m   [0m [91m                   ~~~~~~~~~[0m

[96msrc/lib/api/journal-research/bias-audit-types.ts[0m:[93m287[0m:[93m23[0m - [91merror[0m[90m TS4111: [0mProperty 'record_count' comes from an index signature, so it must be accessed with ['record_count'].

[7m287[0m     recordCount: data.record_count,
[7m   [0m [91m                      ~~~~~~~~~~~~[0m

[96msrc/lib/api/journal-research/bias-audit-types.ts[0m:[93m288[0m:[93m18[0m - [91merror[0m[90m TS4111: [0mProperty 'format' comes from an index signature, so it must be accessed with ['format'].

[7m288[0m     format: data.format,
[7m   [0m [91m                 ~~~~~~[0m

[96msrc/lib/api/journal-research/bias-audit-types.ts[0m:[93m289[0m:[93m31[0m - [91merror[0m[90m TS4111: [0mProperty 'uploaded_at' comes from an index signature, so it must be accessed with ['uploaded_at'].

[7m289[0m     uploadedAt: new Date(data.uploaded_at as string),
[7m   [0m [91m                              ~~~~~~~~~~~[0m

[96msrc/lib/api/journal-research/bias-audit-types.ts[0m:[93m290[0m:[93m22[0m - [91merror[0m[90m TS4111: [0mProperty 'uploaded_by' comes from an index signature, so it must be accessed with ['uploaded_by'].

[7m290[0m     uploadedBy: data.uploaded_by,
[7m   [0m [91m                     ~~~~~~~~~~~[0m

[96msrc/lib/api/journal-research/bias-audit-types.ts[0m:[93m291[0m:[93m28[0m - [91merror[0m[90m TS4111: [0mProperty 'quarantine_status' comes from an index signature, so it must be accessed with ['quarantine_status'].

[7m291[0m     quarantineStatus: data.quarantine_status,
[7m   [0m [91m                           ~~~~~~~~~~~~~~~~~[0m

[96msrc/lib/api/journal-research/bias-audit-types.ts[0m:[93m292[0m:[93m23[0m - [91merror[0m[90m TS4111: [0mProperty 'last_audit_id' comes from an index signature, so it must be accessed with ['last_audit_id'].

[7m292[0m     lastAuditId: data.last_audit_id,
[7m   [0m [91m                      ~~~~~~~~~~~~~[0m

[96msrc/lib/api/journal-research/bias-audit-types.ts[0m:[93m293[0m:[93m26[0m - [91merror[0m[90m TS4111: [0mProperty 'last_audit_score' comes from an index signature, so it must be accessed with ['last_audit_score'].

[7m293[0m     lastAuditScore: data.last_audit_score,
[7m   [0m [91m                         ~~~~~~~~~~~~~~~~[0m

[96msrc/lib/api/journal-research/bias-audit-types.ts[0m:[93m301[0m:[93m25[0m - [91merror[0m[90m TS4111: [0mProperty 'total_datasets' comes from an index signature, so it must be accessed with ['total_datasets'].

[7m301[0m     totalDatasets: data.total_datasets,
[7m   [0m [91m                        ~~~~~~~~~~~~~~[0m

[96msrc/lib/api/journal-research/bias-audit-types.ts[0m:[93m302[0m:[93m25[0m - [91merror[0m[90m TS4111: [0mProperty 'pending_review' comes from an index signature, so it must be accessed with ['pending_review'].

[7m302[0m     pendingReview: data.pending_review,
[7m   [0m [91m                        ~~~~~~~~~~~~~~[0m

[96msrc/lib/api/journal-research/bias-audit-types.ts[0m:[93m303[0m:[93m22[0m - [91merror[0m[90m TS4111: [0mProperty 'under_audit' comes from an index signature, so it must be accessed with ['under_audit'].

[7m303[0m     underAudit: data.under_audit,
[7m   [0m [91m                     ~~~~~~~~~~~[0m

[96msrc/lib/api/journal-research/bias-audit-types.ts[0m:[93m304[0m:[93m20[0m - [91merror[0m[90m TS4111: [0mProperty 'approved' comes from an index signature, so it must be accessed with ['approved'].

[7m304[0m     approved: data.approved,
[7m   [0m [91m                   ~~~~~~~~[0m

[96msrc/lib/api/journal-research/bias-audit-types.ts[0m:[93m305[0m:[93m23[0m - [91merror[0m[90m TS4111: [0mProperty 'quarantined' comes from an index signature, so it must be accessed with ['quarantined'].

[7m305[0m     quarantined: data.quarantined,
[7m   [0m [91m                      ~~~~~~~~~~~[0m

[96msrc/lib/api/journal-research/bias-audit-types.ts[0m:[93m306[0m:[93m20[0m - [91merror[0m[90m TS4111: [0mProperty 'rejected' comes from an index signature, so it must be accessed with ['rejected'].

[7m306[0m     rejected: data.rejected,
[7m   [0m [91m                   ~~~~~~~~[0m

[96msrc/lib/api/journal-research/bias-audit-types.ts[0m:[93m307[0m:[93m28[0m - [91merror[0m[90m TS4111: [0mProperty 'average_bias_score' comes from an index signature, so it must be accessed with ['average_bias_score'].

[7m307[0m     averageBiasScore: data.average_bias_score,
[7m   [0m [91m                           ~~~~~~~~~~~~~~~~~~[0m

[96msrc/lib/api/journal-research/bias-audit-types.ts[0m:[93m308[0m:[93m25[0m - [91merror[0m[90m TS4111: [0mProperty 'last_audit_date' comes from an index signature, so it must be accessed with ['last_audit_date'].

[7m308[0m     lastAuditDate: data.last_audit_date
[7m   [0m [91m                        ~~~~~~~~~~~~~~~[0m

[96msrc/lib/api/journal-research/bias-audit-types.ts[0m:[93m309[0m:[93m23[0m - [91merror[0m[90m TS4111: [0mProperty 'last_audit_date' comes from an index signature, so it must be accessed with ['last_audit_date'].

[7m309[0m       ? new Date(data.last_audit_date as string)
[7m   [0m [91m                      ~~~~~~~~~~~~~~~[0m

[96msrc/lib/api/journal-research/client.ts[0m:[93m83[0m:[93m23[0m - [91merror[0m[90m TS4111: [0mProperty 'PUBLIC_JOURNAL_RESEARCH_API_URL' comes from an index signature, so it must be accessed with ['PUBLIC_JOURNAL_RESEARCH_API_URL'].

[7m83[0m       import.meta.env.PUBLIC_JOURNAL_RESEARCH_API_URL ??
[7m  [0m [91m                      ~~~~~~~~~~~~~~~~~~~~~~~~~~~~~~~[0m

[96msrc/lib/api/journal-research/react-query.tsx[0m:[93m95[0m:[93m7[0m - [91merror[0m[90m TS6133: [0m'_buildKey' is declared but its value is never read.

[7m95[0m const _buildKey =
[7m  [0m [91m      ~~~~~~~~~[0m

[96msrc/lib/api/mcp-integration.ts[0m:[93m167[0m:[93m28[0m - [91merror[0m[90m TS4111: [0mProperty 'MCP_MODEL_ID' comes from an index signature, so it must be accessed with ['MCP_MODEL_ID'].

[7m167[0m       modelId: process.env.MCP_MODEL_ID ?? 'default',
[7m   [0m [91m                           ~~~~~~~~~~~~[0m

[96msrc/lib/api/mcp-integration.ts[0m:[93m168[0m:[93m29[0m - [91merror[0m[90m TS4111: [0mProperty 'MCP_ENDPOINT' comes from an index signature, so it must be accessed with ['MCP_ENDPOINT'].

[7m168[0m       endpoint: process.env.MCP_ENDPOINT ?? 'http://localhost:8000',
[7m   [0m [91m                            ~~~~~~~~~~~~[0m

[96msrc/lib/api/mcp-integration.ts[0m:[93m169[0m:[93m27[0m - [91merror[0m[90m TS4111: [0mProperty 'MCP_API_KEY' comes from an index signature, so it must be accessed with ['MCP_API_KEY'].

[7m169[0m       apiKey: process.env.MCP_API_KEY,
[7m   [0m [91m                          ~~~~~~~~~~~[0m

[96msrc/lib/api/mcp-integration.ts[0m:[93m170[0m:[93m39[0m - [91merror[0m[90m TS4111: [0mProperty 'MCP_MAX_TOKENS' comes from an index signature, so it must be accessed with ['MCP_MAX_TOKENS'].

[7m170[0m       maxTokens: parseInt(process.env.MCP_MAX_TOKENS ?? '1000'),
[7m   [0m [91m                                      ~~~~~~~~~~~~~~[0m

[96msrc/lib/api/mcp-integration.ts[0m:[93m171[0m:[93m43[0m - [91merror[0m[90m TS4111: [0mProperty 'MCP_TEMPERATURE' comes from an index signature, so it must be accessed with ['MCP_TEMPERATURE'].

[7m171[0m       temperature: parseFloat(process.env.MCP_TEMPERATURE ?? '0.7'),
[7m   [0m [91m                                          ~~~~~~~~~~~~~~~[0m

[96msrc/lib/api/psychology-pipeline-demo.ts[0m:[93m460[0m:[93m55[0m - [91merror[0m[90m TS2345: [0mArgument of type '{ knowledgeBase: { dsm5Criteria: string[]; therapeuticTechniques: string[]; clinicalGuidelines: string[]; }; clientProfile: { demographics: { age: number; gender: string; background: string; }; presentingProblem: string; severity: "low" | ... 1 more ... | "high"; riskFactors: string[]; }; conversationParameters: { ....' is not assignable to parameter of type 'ConversationRequest'.
  Property 'therapeuticApproach' is missing in type '{ knowledgeBase: { dsm5Criteria: string[]; therapeuticTechniques: string[]; clinicalGuidelines: string[]; }; clientProfile: { demographics: { age: number; gender: string; background: string; }; presentingProblem: string; severity: "low" | ... 1 more ... | "high"; riskFactors: string[]; }; conversationParameters: { ....' but required in type 'ConversationRequest'.

[7m460[0m   const qualityMetrics = calculateConversationQuality(validatedRequest)
[7m   [0m [91m                                                      ~~~~~~~~~~~~~~~~[0m

  [96msrc/lib/api/psychology-pipeline-demo.ts[0m:[93m690[0m:[93m3[0m
    [7m690[0m   therapeuticApproach: string
    [7m   [0m [96m  ~~~~~~~~~~~~~~~~~~~[0m
    'therapeuticApproach' is declared here.

[96msrc/lib/api/psychology-pipeline-demo.ts[0m:[93m463[0m:[93m51[0m - [91merror[0m[90m TS2345: [0mArgument of type '({ speaker: "therapist"; content: string; timestamp: string; techniques: string[]; interventionType: string; knowledgeSource: { type: string; reference: string; confidence: number; }; emotionalState?: undefined; } | { ...; })[]' is not assignable to parameter of type 'DialogueEntry[]'.
  Type '{ speaker: "therapist"; content: string; timestamp: string; techniques: string[]; interventionType: string; knowledgeSource: { type: string; reference: string; confidence: number; }; emotionalState?: undefined; } | { ...; }' is not assignable to type 'DialogueEntry'.
    Property 'role' is missing in type '{ speaker: "therapist"; content: string; timestamp: string; techniques: string[]; interventionType: string; knowledgeSource: { type: string; reference: string; confidence: number; }; emotionalState?: undefined; }' but required in type 'DialogueEntry'.

[7m463[0m   const knowledgeMapping = mapKnowledgeToDialogue(generatedDialogue)
[7m   [0m [91m                                                  ~~~~~~~~~~~~~~~~~[0m

  [96msrc/lib/api/psychology-pipeline-demo.ts[0m:[93m608[0m:[93m3[0m
    [7m608[0m   role: 'therapist' | 'client'
    [7m   [0m [96m  ~~~~[0m
    'role' is declared here.

[96msrc/lib/api/psychology-pipeline-demo.ts[0m:[93m468[0m:[93m5[0m - [91merror[0m[90m TS2322: [0mType 'void' is not assignable to type '{ overallScore: number; authenticity: number; therapeuticAccuracy: number; knowledgeIntegration: number; conversationFlow: number; }'.

[7m468[0m     qualityMetrics,
[7m   [0m [91m    ~~~~~~~~~~~~~~[0m

  [96msrc/lib/api/psychology-pipeline-demo.ts[0m:[93m411[0m:[93m3[0m
    [7m411[0m   qualityMetrics: z.object({
    [7m   [0m [96m  ~~~~~~~~~~~~~~~~~~~~~~~~~~[0m
    [7m412[0m     overallScore: z.number(),
    [7m   [0m [96m~~~~~~~~~~~~~~~~~~~~~~~~~~~~~[0m
    [7m...[0m 
    [7m416[0m     conversationFlow: z.number(),
    [7m   [0m [96m~~~~~~~~~~~~~~~~~~~~~~~~~~~~~~~~~[0m
    [7m417[0m   }),
    [7m   [0m [96m~~~~[0m
    The expected type comes from property 'qualityMetrics' which is declared here on type '{ conversationId: string; generatedDialogue: { speaker: "therapist" | "client"; content: string; timestamp: string; techniques: string[]; knowledgeSource: { type: string; reference: string; confidence: number; }; emotionalState?: string | undefined; interventionType?: string | undefined; }[]; qualityMetrics: { ...; ...'

[96msrc/lib/api/psychology-pipeline-demo.ts[0m:[93m469[0m:[93m5[0m - [91merror[0m[90m TS2322: [0mType 'void' is not assignable to type '{ dialogueTurn: number; appliedKnowledge: { source: string; content: string; application: string; confidence: number; }[]; }[]'.

[7m469[0m     knowledgeMapping,
[7m   [0m [91m    ~~~~~~~~~~~~~~~~[0m

  [96msrc/lib/api/psychology-pipeline-demo.ts[0m:[93m418[0m:[93m3[0m
    [7m418[0m   knowledgeMapping: z.array(
    [7m   [0m [96m  ~~~~~~~~~~~~~~~~~~~~~~~~~~[0m
    [7m419[0m     z.object({
    [7m   [0m [96m~~~~~~~~~~~~~~[0m
    [7m...[0m 
    [7m429[0m     }),
    [7m   [0m [96m~~~~~~~[0m
    [7m430[0m   ),
    [7m   [0m [96m~~~[0m
    The expected type comes from property 'knowledgeMapping' which is declared here on type '{ conversationId: string; generatedDialogue: { speaker: "therapist" | "client"; content: string; timestamp: string; techniques: string[]; knowledgeSource: { type: string; reference: string; confidence: number; }; emotionalState?: string | undefined; interventionType?: string | undefined; }[]; qualityMetrics: { ...; ...'

[96msrc/lib/api/psychology-pipeline-demo.ts[0m:[93m479[0m:[93m24[0m - [91merror[0m[90m TS2339: [0mProperty 'overallScore' does not exist on type 'void'.

[7m479[0m         qualityMetrics.overallScore >=
[7m   [0m [91m                       ~~~~~~~~~~~~[0m

[96msrc/lib/api/psychology-pipeline-demo.ts[0m:[93m633[0m:[93m41[0m - [91merror[0m[90m TS18048: [0m'profile.presentingProblem' is possibly 'undefined'.

[7m633[0m     high: `I'm really struggling with ${profile.presentingProblem.toLowerCase()}. It feels overwhelming most of the time, and I'm not sure how to manage it anymore.`,
[7m   [0m [91m                                        ~~~~~~~~~~~~~~~~~~~~~~~~~[0m

[96msrc/lib/api/psychology-pipeline-demo.ts[0m:[93m700[0m:[93m22[0m - [91merror[0m[90m TS4111: [0mProperty 'conversationParameters' comes from an index signature, so it must be accessed with ['conversationParameters'].

[7m700[0m   const cp = request.conversationParameters as { targetTechniques?: unknown[] }
[7m   [0m [91m                     ~~~~~~~~~~~~~~~~~~~~~~[0m

[96msrc/lib/api/psychology-pipeline-demo.ts[0m:[93m719[0m:[93m3[0m - [91merror[0m[90m TS2322: [0mType '{ overallScore: number; authenticity: number; therapeuticAccuracy: number; knowledgeIntegration: number; conversationFlow: number; }' is not assignable to type 'void'.

[7m719[0m   return {
[7m   [0m [91m  ~~~~~~[0m

[96msrc/lib/api/psychology-pipeline-demo.ts[0m:[93m729[0m:[93m3[0m - [91merror[0m[90m TS2322: [0mType '{ dialogueTurn: number; appliedKnowledge: { source: string; content: string; application: string; confidence: number; }[]; }[]' is not assignable to type 'void'.

[7m729[0m   return dialogue.map((turn, index) => {
[7m   [0m [91m  ~~~~~~[0m

[96msrc/lib/api/psychology-pipeline-demo.ts[0m:[93m730[0m:[93m21[0m - [91merror[0m[90m TS4111: [0mProperty 'knowledgeSource' comes from an index signature, so it must be accessed with ['knowledgeSource'].

[7m730[0m     const ks = turn.knowledgeSource as {
[7m   [0m [91m                    ~~~~~~~~~~~~~~~[0m

[96msrc/lib/api/psychology-pipeline-demo.ts[0m:[93m742[0m:[93m18[0m - [91merror[0m[90m TS4111: [0mProperty 'speaker' comes from an index signature, so it must be accessed with ['speaker'].

[7m742[0m             turn.speaker === 'therapist'
[7m   [0m [91m                 ~~~~~~~[0m

[96msrc/lib/api/research.ts[0m:[93m80[0m:[93m23[0m - [91merror[0m[90m TS4111: [0mProperty 'PUBLIC_ACADEMIC_API_URL' comes from an index signature, so it must be accessed with ['PUBLIC_ACADEMIC_API_URL'].

[7m80[0m       import.meta.env.PUBLIC_ACADEMIC_API_URL ?? 'http://localhost:8000/api'
[7m  [0m [91m                      ~~~~~~~~~~~~~~~~~~~~~~~[0m

[96msrc/lib/api/therapeutic.ts[0m:[93m64[0m:[93m23[0m - [91merror[0m[90m TS2554: [0mExpected 2-3 arguments, but got 1.

[7m64[0m   fairness_metrics: z.record(z.number()),
[7m  [0m [91m                      ~~~~~~[0m

  [96mnode_modules/.pnpm/zod@4.4.3/node_modules/zod/v4/classic/schemas.d.cts[0m:[93m534[0m:[93m107[0m
    [7m534[0m export declare function record<Key extends core.$ZodRecordKey, Value extends core.SomeType>(keyType: Key, valueType: Value, params?: string | core.$ZodRecordParams): ZodRecord<Key, Value>;
    [7m   [0m [96m                                                                                                          ~~~~~~~~~~~~~~~~[0m
    An argument for 'valueType' was not provided.

[96msrc/lib/api/therapeutic.ts[0m:[93m150[0m:[93m20[0m - [91merror[0m[90m TS4111: [0mProperty 'PUBLIC_THERAPEUTIC_API_URL' comes from an index signature, so it must be accessed with ['PUBLIC_THERAPEUTIC_API_URL'].

[7m150[0m   import.meta.env?.PUBLIC_THERAPEUTIC_API_URL ?? 'http://3.137.216.156:5000',
[7m   [0m [91m                   ~~~~~~~~~~~~~~~~~~~~~~~~~~[0m

[96msrc/lib/api/versioning.ts[0m:[93m125[0m:[93m18[0m - [91merror[0m[90m TS2322: [0mType 'number | undefined' is not assignable to type 'number'.
  Type 'undefined' is not assignable to type 'number'.

[7m125[0m         return { major, minor, patch }
[7m   [0m [91m                 ~~~~~[0m

[96msrc/lib/api/versioning.ts[0m:[93m125[0m:[93m25[0m - [91merror[0m[90m TS2322: [0mType 'number | undefined' is not assignable to type 'number'.
  Type 'undefined' is not assignable to type 'number'.

[7m125[0m         return { major, minor, patch }
[7m   [0m [91m                        ~~~~~[0m

[96msrc/lib/api/versioning.ts[0m:[93m125[0m:[93m32[0m - [91merror[0m[90m TS2322: [0mType 'number | undefined' is not assignable to type 'number'.
  Type 'undefined' is not assignable to type 'number'.

[7m125[0m         return { major, minor, patch }
[7m   [0m [91m                               ~~~~~[0m

[96msrc/lib/api/versioning.ts[0m:[93m128[0m:[93m18[0m - [91merror[0m[90m TS2322: [0mType 'number | undefined' is not assignable to type 'number'.
  Type 'undefined' is not assignable to type 'number'.

[7m128[0m         return { major, minor, patch }
[7m   [0m [91m                 ~~~~~[0m

[96msrc/lib/api/versioning.ts[0m:[93m128[0m:[93m25[0m - [91merror[0m[90m TS2322: [0mType 'number | undefined' is not assignable to type 'number'.
  Type 'undefined' is not assignable to type 'number'.

[7m128[0m         return { major, minor, patch }
[7m   [0m [91m                        ~~~~~[0m

[96msrc/lib/api/versioning.ts[0m:[93m128[0m:[93m32[0m - [91merror[0m[90m TS2322: [0mType 'number | undefined' is not assignable to type 'number'.
  Type 'undefined' is not assignable to type 'number'.

[7m128[0m         return { major, minor, patch }
[7m   [0m [91m                               ~~~~~[0m

[96msrc/lib/audit.ts[0m:[93m45[0m:[93m18[0m - [91merror[0m[90m TS4111: [0mProperty 'id' comes from an index signature, so it must be accessed with ['id'].

[7m45[0m     typeof value.id === 'string' &&
[7m  [0m [91m                 ~~[0m

[96msrc/lib/audit.ts[0m:[93m46[0m:[93m18[0m - [91merror[0m[90m TS4111: [0mProperty 'timestamp' comes from an index signature, so it must be accessed with ['timestamp'].

[7m46[0m     typeof value.timestamp === 'string' &&
[7m  [0m [91m                 ~~~~~~~~~[0m

[96msrc/lib/audit.ts[0m:[93m47[0m:[93m18[0m - [91merror[0m[90m TS4111: [0mProperty 'userId' comes from an index signature, so it must be accessed with ['userId'].

[7m47[0m     typeof value.userId === 'string' &&
[7m  [0m [91m                 ~~~~~~[0m

[96msrc/lib/audit.ts[0m:[93m48[0m:[93m18[0m - [91merror[0m[90m TS4111: [0mProperty 'action' comes from an index signature, so it must be accessed with ['action'].

[7m48[0m     typeof value.action === 'string' &&
[7m  [0m [91m                 ~~~~~~[0m

[96msrc/lib/audit.ts[0m:[93m49[0m:[93m18[0m - [91merror[0m[90m TS4111: [0mProperty 'resource' comes from an index signature, so it must be accessed with ['resource'].

[7m49[0m     typeof value.resource === 'string' &&
[7m  [0m [91m                 ~~~~~~~~[0m

[96msrc/lib/audit.ts[0m:[93m50[0m:[93m28[0m - [91merror[0m[90m TS4111: [0mProperty 'eventType' comes from an index signature, so it must be accessed with ['eventType'].

[7m50[0m     isAuditEventType(value.eventType) &&
[7m  [0m [91m                           ~~~~~~~~~[0m

[96msrc/lib/audit.ts[0m:[93m51[0m:[93m30[0m - [91merror[0m[90m TS4111: [0mProperty 'status' comes from an index signature, so it must be accessed with ['status'].

[7m51[0m     isAuditEventStatus(value.status) &&
[7m  [0m [91m                             ~~~~~~[0m

[96msrc/lib/audit.ts[0m:[93m52[0m:[93m12[0m - [91merror[0m[90m TS4111: [0mProperty 'userRole' comes from an index signature, so it must be accessed with ['userRole'].

[7m52[0m     (value.userRole === undefined || typeof value.userRole === 'string') &&
[7m  [0m [91m           ~~~~~~~~[0m

[96msrc/lib/audit.ts[0m:[93m52[0m:[93m51[0m - [91merror[0m[90m TS4111: [0mProperty 'userRole' comes from an index signature, so it must be accessed with ['userRole'].

[7m52[0m     (value.userRole === undefined || typeof value.userRole === 'string') &&
[7m  [0m [91m                                                  ~~~~~~~~[0m

[96msrc/lib/audit.ts[0m:[93m53[0m:[93m12[0m - [91merror[0m[90m TS4111: [0mProperty 'resourceId' comes from an index signature, so it must be accessed with ['resourceId'].

[7m53[0m     (value.resourceId === undefined || typeof value.resourceId === 'string') &&
[7m  [0m [91m           ~~~~~~~~~~[0m

[96msrc/lib/audit.ts[0m:[93m53[0m:[93m53[0m - [91merror[0m[90m TS4111: [0mProperty 'resourceId' comes from an index signature, so it must be accessed with ['resourceId'].

[7m53[0m     (value.resourceId === undefined || typeof value.resourceId === 'string') &&
[7m  [0m [91m                                                    ~~~~~~~~~~[0m

[96msrc/lib/audit.ts[0m:[93m54[0m:[93m12[0m - [91merror[0m[90m TS4111: [0mProperty 'ipAddress' comes from an index signature, so it must be accessed with ['ipAddress'].

[7m54[0m     (value.ipAddress === undefined || typeof value.ipAddress === 'string') &&
[7m  [0m [91m           ~~~~~~~~~[0m

[96msrc/lib/audit.ts[0m:[93m54[0m:[93m52[0m - [91merror[0m[90m TS4111: [0mProperty 'ipAddress' comes from an index signature, so it must be accessed with ['ipAddress'].

[7m54[0m     (value.ipAddress === undefined || typeof value.ipAddress === 'string') &&
[7m  [0m [91m                                                   ~~~~~~~~~[0m

[96msrc/lib/audit.ts[0m:[93m55[0m:[93m12[0m - [91merror[0m[90m TS4111: [0mProperty 'userAgent' comes from an index signature, so it must be accessed with ['userAgent'].

[7m55[0m     (value.userAgent === undefined || typeof value.userAgent === 'string') &&
[7m  [0m [91m           ~~~~~~~~~[0m

[96msrc/lib/audit.ts[0m:[93m55[0m:[93m52[0m - [91merror[0m[90m TS4111: [0mProperty 'userAgent' comes from an index signature, so it must be accessed with ['userAgent'].

[7m55[0m     (value.userAgent === undefined || typeof value.userAgent === 'string') &&
[7m  [0m [91m                                                   ~~~~~~~~~[0m

[96msrc/lib/audit.ts[0m:[93m56[0m:[93m12[0m - [91merror[0m[90m TS4111: [0mProperty 'sessionId' comes from an index signature, so it must be accessed with ['sessionId'].

[7m56[0m     (value.sessionId === undefined || typeof value.sessionId === 'string') &&
[7m  [0m [91m           ~~~~~~~~~[0m

[96msrc/lib/audit.ts[0m:[93m56[0m:[93m52[0m - [91merror[0m[90m TS4111: [0mProperty 'sessionId' comes from an index signature, so it must be accessed with ['sessionId'].

[7m56[0m     (value.sessionId === undefined || typeof value.sessionId === 'string') &&
[7m  [0m [91m                                                   ~~~~~~~~~[0m

[96msrc/lib/audit.ts[0m:[93m57[0m:[93m12[0m - [91merror[0m[90m TS4111: [0mProperty 'organizationId' comes from an index signature, so it must be accessed with ['organizationId'].

[7m57[0m     (value.organizationId === undefined ||
[7m  [0m [91m           ~~~~~~~~~~~~~~[0m

[96msrc/lib/audit.ts[0m:[93m58[0m:[93m20[0m - [91merror[0m[90m TS4111: [0mProperty 'organizationId' comes from an index signature, so it must be accessed with ['organizationId'].

[7m58[0m       typeof value.organizationId === 'string') &&
[7m  [0m [91m                   ~~~~~~~~~~~~~~[0m

[96msrc/lib/audit.ts[0m:[93m59[0m:[93m12[0m - [91merror[0m[90m TS4111: [0mProperty 'patientId' comes from an index signature, so it must be accessed with ['patientId'].

[7m59[0m     (value.patientId === undefined || typeof value.patientId === 'string') &&
[7m  [0m [91m           ~~~~~~~~~[0m

[96msrc/lib/audit.ts[0m:[93m59[0m:[93m52[0m - [91merror[0m[90m TS4111: [0mProperty 'patientId' comes from an index signature, so it must be accessed with ['patientId'].

[7m59[0m     (value.patientId === undefined || typeof value.patientId === 'string') &&
[7m  [0m [91m                                                   ~~~~~~~~~[0m

[96msrc/lib/audit.ts[0m:[93m60[0m:[93m12[0m - [91merror[0m[90m TS4111: [0mProperty 'notes' comes from an index signature, so it must be accessed with ['notes'].

[7m60[0m     (value.notes === undefined || typeof value.notes === 'string')
[7m  [0m [91m           ~~~~~[0m

[96msrc/lib/audit.ts[0m:[93m60[0m:[93m48[0m - [91merror[0m[90m TS4111: [0mProperty 'notes' comes from an index signature, so it must be accessed with ['notes'].

[7m60[0m     (value.notes === undefined || typeof value.notes === 'string')
[7m  [0m [91m                                               ~~~~~[0m

[96msrc/lib/audit/analysis.ts[0m:[93m53[0m:[93m7[0m - [91merror[0m[90m TS2532: [0mObject is possibly 'undefined'.

[7m53[0m       acc[log.userId].count++
[7m  [0m [91m      ~~~~~~~~~~~~~~~[0m

[96msrc/lib/audit/analysis.ts[0m:[93m54[0m:[93m7[0m - [91merror[0m[90m TS2532: [0mObject is possibly 'undefined'.

[7m54[0m       acc[log.userId].logs.push(log)
[7m  [0m [91m      ~~~~~~~~~~~~~~~[0m

[96msrc/lib/audit/analysis.ts[0m:[93m103[0m:[93m7[0m - [91merror[0m[90m TS2532: [0mObject is possibly 'undefined'.

[7m103[0m       acc[log.userId].push(log)
[7m   [0m [91m      ~~~~~~~~~~~~~~~[0m

[96msrc/lib/audit/analysis.ts[0m:[93m146[0m:[93m7[0m - [91merror[0m[90m TS2532: [0mObject is possibly 'undefined'.

[7m146[0m       acc[log.userId].push(log)
[7m   [0m [91m      ~~~~~~~~~~~~~~~[0m

[96msrc/lib/audit/metrics.ts[0m:[93m10[0m:[93m64[0m - [91merror[0m[90m TS2304: [0mCannot find name '________'.

[7m10[0m   const hourCounts = Array.from({ length: 24 }, () => 0).slice(________)
[7m  [0m [91m                                                               ~~~~~~~~[0m

[96msrc/lib/audit/metrics.ts[0m:[93m15[0m:[93m5[0m - [91merror[0m[90m TS2532: [0mObject is possibly 'undefined'.

[7m15[0m     hourCounts[hour]++
[7m  [0m [91m    ~~~~~~~~~~~~~~~~[0m

[96msrc/lib/auth-client.ts[0m:[93m25[0m:[93m11[0m - [91merror[0m[90m TS6133: [0m'_isLoading' is declared but its value is never read.

[7m25[0m   private _isLoading: boolean = false
[7m  [0m [91m          ~~~~~~~~~~[0m

[96msrc/lib/auth/__tests__/integration.test.ts[0m:[93m189[0m:[93m17[0m - [91merror[0m[90m TS4111: [0mProperty 'JWT_SECRET' comes from an index signature, so it must be accessed with ['JWT_SECRET'].

[7m189[0m     process.env.JWT_SECRET = 'test-secret-key'
[7m   [0m [91m                ~~~~~~~~~~[0m

[96msrc/lib/auth/__tests__/integration.test.ts[0m:[93m190[0m:[93m17[0m - [91merror[0m[90m TS4111: [0mProperty 'JWT_AUDIENCE' comes from an index signature, so it must be accessed with ['JWT_AUDIENCE'].

[7m190[0m     process.env.JWT_AUDIENCE = 'test-audience'
[7m   [0m [91m                ~~~~~~~~~~~~[0m

[96msrc/lib/auth/__tests__/integration.test.ts[0m:[93m191[0m:[93m17[0m - [91merror[0m[90m TS4111: [0mProperty 'JWT_ISSUER' comes from an index signature, so it must be accessed with ['JWT_ISSUER'].

[7m191[0m     process.env.JWT_ISSUER = 'test-issuer'
[7m   [0m [91m                ~~~~~~~~~~[0m

[96msrc/lib/auth/__tests__/integration.test.ts[0m:[93m192[0m:[93m17[0m - [91merror[0m[90m TS4111: [0mProperty 'BCRYPT_ROUNDS' comes from an index signature, so it must be accessed with ['BCRYPT_ROUNDS'].

[7m192[0m     process.env.BCRYPT_ROUNDS = '10'
[7m   [0m [91m                ~~~~~~~~~~~~~[0m

[96msrc/lib/auth/__tests__/integration.test.ts[0m:[93m247[0m:[93m27[0m - [91merror[0m[90m TS4111: [0mProperty 'success' comes from an index signature, so it must be accessed with ['success'].

[7m247[0m       expect(registerData.success).toBe(true)
[7m   [0m [91m                          ~~~~~~~[0m

[96msrc/lib/auth/__tests__/integration.test.ts[0m:[93m248[0m:[93m54[0m - [91merror[0m[90m TS4111: [0mProperty 'user' comes from an index signature, so it must be accessed with ['user'].

[7m248[0m       const registerUser = expectRecord(registerData.user)
[7m   [0m [91m                                                     ~~~~[0m

[96msrc/lib/auth/__tests__/integration.test.ts[0m:[93m249[0m:[93m40[0m - [91merror[0m[90m TS4111: [0mProperty 'id' comes from an index signature, so it must be accessed with ['id'].

[7m249[0m       expect(expectString(registerUser.id)).toBe('user123')
[7m   [0m [91m                                       ~~[0m

[96msrc/lib/auth/__tests__/integration.test.ts[0m:[93m287[0m:[93m24[0m - [91merror[0m[90m TS4111: [0mProperty 'success' comes from an index signature, so it must be accessed with ['success'].

[7m287[0m       expect(loginData.success).toBe(true)
[7m   [0m [91m                       ~~~~~~~[0m

[96msrc/lib/auth/__tests__/integration.test.ts[0m:[93m288[0m:[93m37[0m - [91merror[0m[90m TS4111: [0mProperty 'token' comes from an index signature, so it must be accessed with ['token'].

[7m288[0m       expect(expectString(loginData.token)).toBe('access.token.456')
[7m   [0m [91m                                    ~~~~~[0m

[96msrc/lib/auth/__tests__/integration.test.ts[0m:[93m327[0m:[93m25[0m - [91merror[0m[90m TS4111: [0mProperty 'success' comes from an index signature, so it must be accessed with ['success'].

[7m327[0m       expect(logoutData.success).toBe(true)
[7m   [0m [91m                        ~~~~~~~[0m

[96msrc/lib/auth/__tests__/integration.test.ts[0m:[93m356[0m:[93m32[0m - [91merror[0m[90m TS4111: [0mProperty 'error' comes from an index signature, so it must be accessed with ['error'].

[7m356[0m       expect(expectString(data.error)).toContain('Rate limit exceeded')
[7m   [0m [91m                               ~~~~~[0m

[96msrc/lib/auth/__tests__/integration.test.ts[0m:[93m382[0m:[93m32[0m - [91merror[0m[90m TS4111: [0mProperty 'error' comes from an index signature, so it must be accessed with ['error'].

[7m382[0m       expect(expectString(data.error)).toContain('Invalid CSRF token')
[7m   [0m [91m                               ~~~~~[0m

[96msrc/lib/auth/__tests__/integration.test.ts[0m:[93m470[0m:[93m38[0m - [91merror[0m[90m TS4111: [0mProperty 'user' comes from an index signature, so it must be accessed with ['user'].

[7m470[0m       const user = expectRecord(data.user)
[7m   [0m [91m                                     ~~~~[0m

[96msrc/lib/auth/__tests__/integration.test.ts[0m:[93m472[0m:[93m32[0m - [91merror[0m[90m TS4111: [0mProperty 'email' comes from an index signature, so it must be accessed with ['email'].

[7m472[0m       expect(expectString(user.email)).toBe(
[7m   [0m [91m                               ~~~~~[0m

[96msrc/lib/auth/__tests__/integration.test.ts[0m:[93m497[0m:[93m32[0m - [91merror[0m[90m TS4111: [0mProperty 'error' comes from an index signature, so it must be accessed with ['error'].

[7m497[0m       expect(expectString(data.error)).toBe(
[7m   [0m [91m                               ~~~~~[0m

[96msrc/lib/auth/__tests__/integration.test.ts[0m:[93m500[0m:[93m19[0m - [91merror[0m[90m TS4111: [0mProperty 'details' comes from an index signature, so it must be accessed with ['details'].

[7m500[0m       expect(data.details).toBeDefined()
[7m   [0m [91m                  ~~~~~~~[0m

[96msrc/lib/auth/__tests__/integration.test.ts[0m:[93m523[0m:[93m32[0m - [91merror[0m[90m TS4111: [0mProperty 'error' comes from an index signature, so it must be accessed with ['error'].

[7m523[0m       expect(expectString(data.error)).toBe('Invalid email format')
[7m   [0m [91m                               ~~~~~[0m

[96msrc/lib/auth/__tests__/integration.test.ts[0m:[93m789[0m:[93m38[0m - [91merror[0m[90m TS4111: [0mProperty 'user' comes from an index signature, so it must be accessed with ['user'].

[7m789[0m       const user = expectRecord(data.user)
[7m   [0m [91m                                     ~~~~[0m

[96msrc/lib/auth/__tests__/integration.test.ts[0m:[93m790[0m:[93m32[0m - [91merror[0m[90m TS4111: [0mProperty 'id' comes from an index signature, so it must be accessed with ['id'].

[7m790[0m       expect(expectString(user.id)).toBe('user123')
[7m   [0m [91m                               ~~[0m

[96msrc/lib/auth/__tests__/integration.test.ts[0m:[93m791[0m:[93m32[0m - [91merror[0m[90m TS4111: [0mProperty 'fullName' comes from an index signature, so it must be accessed with ['fullName'].

[7m791[0m       expect(expectString(user.fullName)).toBe('John Doe')
[7m   [0m [91m                               ~~~~~~~~[0m

[96msrc/lib/auth/__tests__/integration.test.ts[0m:[93m839[0m:[93m19[0m - [91merror[0m[90m TS4111: [0mProperty 'success' comes from an index signature, so it must be accessed with ['success'].

[7m839[0m       expect(data.success).toBe(true)
[7m   [0m [91m                  ~~~~~~~[0m

[96msrc/lib/auth/__tests__/integration.test.ts[0m:[93m840[0m:[93m38[0m - [91merror[0m[90m TS4111: [0mProperty 'user' comes from an index signature, so it must be accessed with ['user'].

[7m840[0m       const user = expectRecord(data.user)
[7m   [0m [91m                                     ~~~~[0m

[96msrc/lib/auth/__tests__/integration.test.ts[0m:[93m841[0m:[93m32[0m - [91merror[0m[90m TS4111: [0mProperty 'fullName' comes from an index signature, so it must be accessed with ['fullName'].

[7m841[0m       expect(expectString(user.fullName)).toBe('Jane Doe')
[7m   [0m [91m                               ~~~~~~~~[0m

[96msrc/lib/auth/__tests__/integration.test.ts[0m:[93m869[0m:[93m32[0m - [91merror[0m[90m TS4111: [0mProperty 'message' comes from an index signature, so it must be accessed with ['message'].

[7m869[0m       expect(expectString(data.message)).toContain('Missing token')
[7m   [0m [91m                               ~~~~~~~[0m

[96msrc/lib/auth/__tests__/middleware.test.ts[0m:[93m78[0m:[93m7[0m - [91merror[0m[90m TS6133: [0m'_mockResponse' is declared but its value is never read.

[7m78[0m   let _mockResponse: Response
[7m  [0m [91m      ~~~~~~~~~~~~~[0m

[96msrc/lib/auth/__tests__/middleware.test.ts[0m:[93m931[0m:[93m26[0m - [91merror[0m[90m TS2532: [0mObject is possibly 'undefined'.

[7m931[0m       const loggedData = vi.mocked(logSecurityEvent).mock.calls[0][2]
[7m   [0m [91m                         ~~~~~~~~~~~~~~~~~~~~~~~~~~~~~~~~~~~~~~~~~[0m

[96msrc/lib/auth/__tests__/middleware.test.ts[0m:[93m1020[0m:[93m26[0m - [91merror[0m[90m TS2532: [0mObject is possibly 'undefined'.

[7m1020[0m       const loggedData = vi.mocked(logSecurityEvent).mock.calls[0][2]
[7m    [0m [91m                         ~~~~~~~~~~~~~~~~~~~~~~~~~~~~~~~~~~~~~~~~~[0m

[96msrc/lib/auth/__tests__/middleware.test.ts[0m:[93m1070[0m:[93m26[0m - [91merror[0m[90m TS2532: [0mObject is possibly 'undefined'.

[7m1070[0m       const loggedData = vi.mocked(logSecurityEvent).mock.calls[0][2] as {
[7m    [0m [91m                         ~~~~~~~~~~~~~~~~~~~~~~~~~~~~~~~~~~~~~~~~~[0m

[96msrc/lib/auth/__tests__/multi-role-auth.test.ts[0m:[93m130[0m:[93m17[0m - [91merror[0m[90m TS4111: [0mProperty 'TOTP_ISSUER' comes from an index signature, so it must be accessed with ['TOTP_ISSUER'].

[7m130[0m     process.env.TOTP_ISSUER = 'Pixelated Test Platform'
[7m   [0m [91m                ~~~~~~~~~~~[0m

[96msrc/lib/auth/__tests__/multi-role-auth.test.ts[0m:[93m131[0m:[93m17[0m - [91merror[0m[90m TS4111: [0mProperty 'JWT_SECRET' comes from an index signature, so it must be accessed with ['JWT_SECRET'].

[7m131[0m     process.env.JWT_SECRET = 'test-secret-key'
[7m   [0m [91m                ~~~~~~~~~~[0m

[96msrc/lib/auth/__tests__/multi-role-auth.test.ts[0m:[93m645[0m:[93m14[0m - [91merror[0m[90m TS2532: [0mObject is possibly 'undefined'.

[7m645[0m       expect(auditTrail[0].timestamp).toBeGreaterThan(auditTrail[1].timestamp) // Newest first
[7m   [0m [91m             ~~~~~~~~~~~~~[0m

[96msrc/lib/auth/__tests__/multi-role-auth.test.ts[0m:[93m645[0m:[93m55[0m - [91merror[0m[90m TS2532: [0mObject is possibly 'undefined'.

[7m645[0m       expect(auditTrail[0].timestamp).toBeGreaterThan(auditTrail[1].timestamp) // Newest first
[7m   [0m [91m                                                      ~~~~~~~~~~~~~[0m

[96msrc/lib/auth/auth0-adaptive-mfa-service.ts[0m:[93m22[0m:[93m50[0m - [91merror[0m[90m TS4111: [0mProperty 'NODE_ENV' comes from an index signature, so it must be accessed with ['NODE_ENV'].

[7m22[0m const shouldWarnAuth0Configuration = process.env.NODE_ENV !== 'test'
[7m  [0m [91m                                                 ~~~~~~~~[0m

[96msrc/lib/auth/auth0-adaptive-mfa-service.ts[0m:[93m409[0m:[93m17[0m - [91merror[0m[90m TS4111: [0mProperty 'allowedWindows' comes from an index signature, so it must be accessed with ['allowedWindows'].

[7m409[0m           value.allowedWindows = this.config.allowedTimeWindows
[7m   [0m [91m                ~~~~~~~~~~~~~~[0m

[96msrc/lib/auth/auth0-adaptive-mfa-service.ts[0m:[93m451[0m:[93m19[0m - [91merror[0m[90m TS4111: [0mProperty 'failedAttempts' comes from an index signature, so it must be accessed with ['failedAttempts'].

[7m451[0m             value.failedAttempts = recentLogs.length
[7m   [0m [91m                  ~~~~~~~~~~~~~~[0m

[96msrc/lib/auth/auth0-adaptive-mfa-service.ts[0m:[93m452[0m:[93m19[0m - [91merror[0m[90m TS4111: [0mProperty 'maxAllowed' comes from an index signature, so it must be accessed with ['maxAllowed'].

[7m452[0m             value.maxAllowed = this.config.maxFailedAttempts
[7m   [0m [91m                  ~~~~~~~~~~[0m

[96msrc/lib/auth/auth0-adaptive-mfa-service.ts[0m:[93m455[0m:[93m19[0m - [91merror[0m[90m TS4111: [0mProperty 'failedAttempts' comes from an index signature, so it must be accessed with ['failedAttempts'].

[7m455[0m             value.failedAttempts = recentLogs.length
[7m   [0m [91m                  ~~~~~~~~~~~~~~[0m

[96msrc/lib/auth/auth0-adaptive-mfa-service.ts[0m:[93m469[0m:[93m19[0m - [91merror[0m[90m TS4111: [0mProperty 'daysSinceLastLogin' comes from an index signature, so it must be accessed with ['daysSinceLastLogin'].

[7m469[0m             value.daysSinceLastLogin = Math.round(
[7m   [0m [91m                  ~~~~~~~~~~~~~~~~~~[0m

[96msrc/lib/auth/auth0-adaptive-mfa-service.ts[0m:[93m519[0m:[93m17[0m - [91merror[0m[90m TS4111: [0mProperty 'suspiciousPattern' comes from an index signature, so it must be accessed with ['suspiciousPattern'].

[7m519[0m           value.suspiciousPattern = suspiciousAgents.find((agent) =>
[7m   [0m [91m                ~~~~~~~~~~~~~~~~~[0m

[96msrc/lib/auth/auth0-config.ts[0m:[93m53[0m:[93m17[0m - [91merror[0m[90m TS4111: [0mProperty 'PUBLIC_AUTH0_DOMAIN' comes from an index signature, so it must be accessed with ['PUBLIC_AUTH0_DOMAIN'].

[7m53[0m     process.env.PUBLIC_AUTH0_DOMAIN ?? process.env.AUTH0_DOMAIN ?? '',
[7m  [0m [91m                ~~~~~~~~~~~~~~~~~~~[0m

[96msrc/lib/auth/auth0-config.ts[0m:[93m53[0m:[93m52[0m - [91merror[0m[90m TS4111: [0mProperty 'AUTH0_DOMAIN' comes from an index signature, so it must be accessed with ['AUTH0_DOMAIN'].

[7m53[0m     process.env.PUBLIC_AUTH0_DOMAIN ?? process.env.AUTH0_DOMAIN ?? '',
[7m  [0m [91m                                                   ~~~~~~~~~~~~[0m

[96msrc/lib/auth/auth0-config.ts[0m:[93m55[0m:[93m17[0m - [91merror[0m[90m TS4111: [0mProperty 'PUBLIC_AUTH0_CLIENT_ID' comes from an index signature, so it must be accessed with ['PUBLIC_AUTH0_CLIENT_ID'].

[7m55[0m     process.env.PUBLIC_AUTH0_CLIENT_ID ?? process.env.AUTH0_CLIENT_ID ?? '',
[7m  [0m [91m                ~~~~~~~~~~~~~~~~~~~~~~[0m

[96msrc/lib/auth/auth0-config.ts[0m:[93m55[0m:[93m55[0m - [91merror[0m[90m TS4111: [0mProperty 'AUTH0_CLIENT_ID' comes from an index signature, so it must be accessed with ['AUTH0_CLIENT_ID'].

[7m55[0m     process.env.PUBLIC_AUTH0_CLIENT_ID ?? process.env.AUTH0_CLIENT_ID ?? '',
[7m  [0m [91m                                                      ~~~~~~~~~~~~~~~[0m

[96msrc/lib/auth/auth0-config.ts[0m:[93m108[0m:[93m17[0m - [91merror[0m[90m TS4111: [0mProperty 'NODE_ENV' comes from an index signature, so it must be accessed with ['NODE_ENV'].

[7m108[0m if (process.env.NODE_ENV !== 'test') {
[7m   [0m [91m                ~~~~~~~~[0m

[96msrc/lib/auth/auth0-impersonation-service.ts[0m:[93m14[0m:[93m50[0m - [91merror[0m[90m TS4111: [0mProperty 'NODE_ENV' comes from an index signature, so it must be accessed with ['NODE_ENV'].

[7m14[0m const shouldWarnAuth0Configuration = process.env.NODE_ENV !== 'test'
[7m  [0m [91m                                                 ~~~~~~~~[0m

[96msrc/lib/auth/auth0-jwt-service.ts[0m:[93m24[0m:[93m50[0m - [91merror[0m[90m TS4111: [0mProperty 'NODE_ENV' comes from an index signature, so it must be accessed with ['NODE_ENV'].

[7m24[0m const shouldWarnAuth0Configuration = process.env.NODE_ENV !== 'test'
[7m  [0m [91m                                                 ~~~~~~~~[0m

[96msrc/lib/auth/auth0-jwt-service.ts[0m:[93m48[0m:[93m25[0m - [91merror[0m[90m TS4111: [0mProperty 'AUTH0_DOMAIN' comes from an index signature, so it must be accessed with ['AUTH0_DOMAIN'].

[7m48[0m     domain: process.env.AUTH0_DOMAIN ?? auth0Config.domain,
[7m  [0m [91m                        ~~~~~~~~~~~~[0m

[96msrc/lib/auth/auth0-jwt-service.ts[0m:[93m49[0m:[93m27[0m - [91merror[0m[90m TS4111: [0mProperty 'AUTH0_CLIENT_ID' comes from an index signature, so it must be accessed with ['AUTH0_CLIENT_ID'].

[7m49[0m     clientId: process.env.AUTH0_CLIENT_ID ?? auth0Config.clientId,
[7m  [0m [91m                          ~~~~~~~~~~~~~~~[0m

[96msrc/lib/auth/auth0-jwt-service.ts[0m:[93m50[0m:[93m31[0m - [91merror[0m[90m TS4111: [0mProperty 'AUTH0_CLIENT_SECRET' comes from an index signature, so it must be accessed with ['AUTH0_CLIENT_SECRET'].

[7m50[0m     clientSecret: process.env.AUTH0_CLIENT_SECRET ?? auth0Config.clientSecret,
[7m  [0m [91m                              ~~~~~~~~~~~~~~~~~~~[0m

[96msrc/lib/auth/auth0-jwt-service.ts[0m:[93m51[0m:[93m27[0m - [91merror[0m[90m TS4111: [0mProperty 'AUTH0_AUDIENCE' comes from an index signature, so it must be accessed with ['AUTH0_AUDIENCE'].

[7m51[0m     audience: process.env.AUTH0_AUDIENCE ?? auth0Config.audience,
[7m  [0m [91m                          ~~~~~~~~~~~~~~[0m

[96msrc/lib/auth/auth0-jwt-service.ts[0m:[93m218[0m:[93m25[0m - [91merror[0m[90m TS4111: [0mProperty 'access_token' comes from an index signature, so it must be accessed with ['access_token'].

[7m218[0m     access_token: value.access_token,
[7m   [0m [91m                        ~~~~~~~~~~~~[0m

[96msrc/lib/auth/auth0-jwt-service.ts[0m:[93m219[0m:[93m26[0m - [91merror[0m[90m TS4111: [0mProperty 'refresh_token' comes from an index signature, so it must be accessed with ['refresh_token'].

[7m219[0m     refresh_token: value.refresh_token,
[7m   [0m [91m                         ~~~~~~~~~~~~~[0m

[96msrc/lib/auth/auth0-jwt-service.ts[0m:[93m220[0m:[93m23[0m - [91merror[0m[90m TS4111: [0mProperty 'expires_in' comes from an index signature, so it must be accessed with ['expires_in'].

[7m220[0m     expires_in: value.expires_in,
[7m   [0m [91m                      ~~~~~~~~~~[0m

[96msrc/lib/auth/auth0-jwt-service.ts[0m:[93m221[0m:[93m21[0m - [91merror[0m[90m TS4111: [0mProperty 'id_token' comes from an index signature, so it must be accessed with ['id_token'].

[7m221[0m     id_token: value.id_token,
[7m   [0m [91m                    ~~~~~~~~[0m

[96msrc/lib/auth/auth0-jwt-service.ts[0m:[93m222[0m:[93m23[0m - [91merror[0m[90m TS4111: [0mProperty 'token_type' comes from an index signature, so it must be accessed with ['token_type'].

[7m222[0m     token_type: value.token_type,
[7m   [0m [91m                      ~~~~~~~~~~[0m

[96msrc/lib/auth/auth0-jwt-service.ts[0m:[93m283[0m:[93m19[0m - [91merror[0m[90m TS4111: [0mProperty 'iss' comes from an index signature, so it must be accessed with ['iss'].

[7m283[0m   if (tokenClaims.iss !== undefined && typeof tokenClaims.iss !== 'string') {
[7m   [0m [91m                  ~~~[0m

[96msrc/lib/auth/auth0-jwt-service.ts[0m:[93m283[0m:[93m59[0m - [91merror[0m[90m TS4111: [0mProperty 'iss' comes from an index signature, so it must be accessed with ['iss'].

[7m283[0m   if (tokenClaims.iss !== undefined && typeof tokenClaims.iss !== 'string') {
[7m   [0m [91m                                                          ~~~[0m

[96msrc/lib/auth/auth0-jwt-service.ts[0m:[93m287[0m:[93m19[0m - [91merror[0m[90m TS4111: [0mProperty 'sub' comes from an index signature, so it must be accessed with ['sub'].

[7m287[0m   if (tokenClaims.sub !== undefined && typeof tokenClaims.sub !== 'string') {
[7m   [0m [91m                  ~~~[0m

[96msrc/lib/auth/auth0-jwt-service.ts[0m:[93m287[0m:[93m59[0m - [91merror[0m[90m TS4111: [0mProperty 'sub' comes from an index signature, so it must be accessed with ['sub'].

[7m287[0m   if (tokenClaims.sub !== undefined && typeof tokenClaims.sub !== 'string') {
[7m   [0m [91m                                                          ~~~[0m

[96msrc/lib/auth/auth0-jwt-service.ts[0m:[93m292[0m:[93m17[0m - [91merror[0m[90m TS4111: [0mProperty 'aud' comes from an index signature, so it must be accessed with ['aud'].

[7m292[0m     tokenClaims.aud !== undefined &&
[7m   [0m [91m                ~~~[0m

[96msrc/lib/auth/auth0-jwt-service.ts[0m:[93m293[0m:[93m24[0m - [91merror[0m[90m TS4111: [0mProperty 'aud' comes from an index signature, so it must be accessed with ['aud'].

[7m293[0m     typeof tokenClaims.aud !== 'string' &&
[7m   [0m [91m                       ~~~[0m

[96msrc/lib/auth/auth0-jwt-service.ts[0m:[93m294[0m:[93m32[0m - [91merror[0m[90m TS4111: [0mProperty 'aud' comes from an index signature, so it must be accessed with ['aud'].

[7m294[0m     !Array.isArray(tokenClaims.aud)
[7m   [0m [91m                               ~~~[0m

[96msrc/lib/auth/auth0-jwt-service.ts[0m:[93m332[0m:[93m43[0m - [91merror[0m[90m TS2345: [0mArgument of type 'string | undefined' is not assignable to parameter of type 'string'.
  Type 'undefined' is not assignable to type 'string'.

[7m332[0m   const payload = decodeJwtPayloadSegment(tokenParts[1])
[7m   [0m [91m                                          ~~~~~~~~~~~~~[0m

[96msrc/lib/auth/auth0-jwt-service.ts[0m:[93m340[0m:[93m10[0m - [91merror[0m[90m TS6133: [0m'isUserRole' is declared but its value is never read.

[7m340[0m function isUserRole(value: string | undefined | null): value is UserRole {
[7m   [0m [91m         ~~~~~~~~~~[0m

[96msrc/lib/auth/auth0-jwt-service.ts[0m:[93m527[0m:[93m54[0m - [91merror[0m[90m TS4111: [0mProperty 'user_metadata' comes from an index signature, so it must be accessed with ['user_metadata'].

[7m527[0m     const userMetadata = toStringRecord(userInfoData.user_metadata)
[7m   [0m [91m                                                     ~~~~~~~~~~~~~[0m

[96msrc/lib/auth/auth0-jwt-service.ts[0m:[93m528[0m:[93m53[0m - [91merror[0m[90m TS4111: [0mProperty 'app_metadata' comes from an index signature, so it must be accessed with ['app_metadata'].

[7m528[0m     const appMetadata = toStringRecord(userInfoData.app_metadata)
[7m   [0m [91m                                                    ~~~~~~~~~~~~[0m

[96msrc/lib/auth/auth0-jwt-service.ts[0m:[93m530[0m:[93m37[0m - [91merror[0m[90m TS4111: [0mProperty 'accountId' comes from an index signature, so it must be accessed with ['accountId'].

[7m530[0m       toOptionalString(userInfoData.accountId) ??
[7m   [0m [91m                                    ~~~~~~~~~[0m

[96msrc/lib/auth/auth0-jwt-service.ts[0m:[93m531[0m:[93m37[0m - [91merror[0m[90m TS4111: [0mProperty 'accountId' comes from an index signature, so it must be accessed with ['accountId'].

[7m531[0m       toOptionalString(userMetadata.accountId) ??
[7m   [0m [91m                                    ~~~~~~~~~[0m

[96msrc/lib/auth/auth0-jwt-service.ts[0m:[93m532[0m:[93m36[0m - [91merror[0m[90m TS4111: [0mProperty 'accountId' comes from an index signature, so it must be accessed with ['accountId'].

[7m532[0m       toOptionalString(appMetadata.accountId)
[7m   [0m [91m                                   ~~~~~~~~~[0m

[96msrc/lib/auth/auth0-jwt-service.ts[0m:[93m534[0m:[93m37[0m - [91merror[0m[90m TS4111: [0mProperty 'workspaceId' comes from an index signature, so it must be accessed with ['workspaceId'].

[7m534[0m       toOptionalString(userInfoData.workspaceId) ??
[7m   [0m [91m                                    ~~~~~~~~~~~[0m

[96msrc/lib/auth/auth0-jwt-service.ts[0m:[93m535[0m:[93m37[0m - [91merror[0m[90m TS4111: [0mProperty 'workspaceId' comes from an index signature, so it must be accessed with ['workspaceId'].

[7m535[0m       toOptionalString(userMetadata.workspaceId) ??
[7m   [0m [91m                                    ~~~~~~~~~~~[0m

[96msrc/lib/auth/auth0-jwt-service.ts[0m:[93m536[0m:[93m36[0m - [91merror[0m[90m TS4111: [0mProperty 'workspaceId' comes from an index signature, so it must be accessed with ['workspaceId'].

[7m536[0m       toOptionalString(appMetadata.workspaceId)
[7m   [0m [91m                                   ~~~~~~~~~~~[0m

[96msrc/lib/auth/auth0-jwt-service.ts[0m:[93m600[0m:[93m39[0m - [91merror[0m[90m TS4111: [0mProperty 'sub' comes from an index signature, so it must be accessed with ['sub'].

[7m600[0m     const userId = typeof userPayload.sub === 'string' ? userPayload.sub : ''
[7m   [0m [91m                                      ~~~[0m

[96msrc/lib/auth/auth0-jwt-service.ts[0m:[93m600[0m:[93m70[0m - [91merror[0m[90m TS4111: [0mProperty 'sub' comes from an index signature, so it must be accessed with ['sub'].

[7m600[0m     const userId = typeof userPayload.sub === 'string' ? userPayload.sub : ''
[7m   [0m [91m                                                                     ~~~[0m

[96msrc/lib/auth/auth0-jwt-service.ts[0m:[93m601[0m:[93m39[0m - [91merror[0m[90m TS4111: [0mProperty 'jti' comes from an index signature, so it must be accessed with ['jti'].

[7m601[0m     const accessTokenId = userPayload.jti
[7m   [0m [91m                                      ~~~[0m

[96msrc/lib/auth/auth0-mfa-service.ts[0m:[93m41[0m:[93m50[0m - [91merror[0m[90m TS4111: [0mProperty 'NODE_ENV' comes from an index signature, so it must be accessed with ['NODE_ENV'].

[7m41[0m const shouldWarnAuth0Configuration = process.env.NODE_ENV !== 'test'
[7m  [0m [91m                                                 ~~~~~~~~[0m

[96msrc/lib/auth/auth0-mfa-service.ts[0m:[93m133[0m:[93m18[0m - [91merror[0m[90m TS4111: [0mProperty 'id' comes from an index signature, so it must be accessed with ['id'].

[7m133[0m     typeof value.id === 'string' &&
[7m   [0m [91m                 ~~[0m

[96msrc/lib/auth/auth0-mfa-service.ts[0m:[93m134[0m:[93m18[0m - [91merror[0m[90m TS4111: [0mProperty 'type' comes from an index signature, so it must be accessed with ['type'].

[7m134[0m     typeof value.type === 'string'
[7m   [0m [91m                 ~~~~[0m

[96msrc/lib/auth/auth0-mfa-service.ts[0m:[93m141[0m:[93m18[0m - [91merror[0m[90m TS4111: [0mProperty 'name' comes from an index signature, so it must be accessed with ['name'].

[7m141[0m     typeof value.name === 'string' &&
[7m   [0m [91m                 ~~~~[0m

[96msrc/lib/auth/auth0-mfa-service.ts[0m:[93m142[0m:[93m18[0m - [91merror[0m[90m TS4111: [0mProperty 'enabled' comes from an index signature, so it must be accessed with ['enabled'].

[7m142[0m     typeof value.enabled === 'boolean'
[7m   [0m [91m                 ~~~~~~~[0m

[96msrc/lib/auth/auth0-mfa-service.ts[0m:[93m173[0m:[93m20[0m - [91merror[0m[90m TS4111: [0mProperty 'ticket_id' comes from an index signature, so it must be accessed with ['ticket_id'].

[7m173[0m   if (typeof value.ticket_id === 'string') {
[7m   [0m [91m                   ~~~~~~~~~[0m

[96msrc/lib/auth/auth0-mfa-service.ts[0m:[93m174[0m:[93m31[0m - [91merror[0m[90m TS4111: [0mProperty 'ticket_id' comes from an index signature, so it must be accessed with ['ticket_id'].

[7m174[0m     return { ticket_id: value.ticket_id }
[7m   [0m [91m                              ~~~~~~~~~[0m

[96msrc/lib/auth/auth0-mfa-service.ts[0m:[93m531[0m:[93m33[0m - [91merror[0m[90m TS2322: [0mType 'MFAFactor | undefined' is not assignable to type 'MFAFactor | null'.
  Type 'undefined' is not assignable to type 'MFAFactor | null'.

[7m531[0m     return factors.length > 0 ? factors[0] : null
[7m   [0m [91m                                ~~~~~~~~~~[0m

[96msrc/lib/auth/auth0-middleware.ts[0m:[93m91[0m:[93m9[0m - [91merror[0m[90m TS2532: [0mObject is possibly 'undefined'.

[7m91[0m       ? xForwardedFor.split(',')[0].trim()
[7m  [0m [91m        ~~~~~~~~~~~~~~~~~~~~~~~~~~~[0m

[96msrc/lib/auth/auth0-middleware.ts[0m:[93m692[0m:[93m48[0m - [91merror[0m[90m TS4111: [0mProperty 'permissions' comes from an index signature, so it must be accessed with ['permissions'].

[7m692[0m       const permissions = (validation.payload?.permissions as string[]) || []
[7m   [0m [91m                                               ~~~~~~~~~~~[0m

[96msrc/lib/auth/auth0-middleware.ts[0m:[93m721[0m:[93m34[0m - [91merror[0m[90m TS4111: [0mProperty 'email' comes from an index signature, so it must be accessed with ['email'].

[7m721[0m       typeof validation.payload?.email === 'string'
[7m   [0m [91m                                 ~~~~~[0m

[96msrc/lib/auth/auth0-middleware.ts[0m:[93m722[0m:[93m30[0m - [91merror[0m[90m TS4111: [0mProperty 'email' comes from an index signature, so it must be accessed with ['email'].

[7m722[0m         ? validation.payload.email
[7m   [0m [91m                             ~~~~~[0m

[96msrc/lib/auth/auth0-middleware.ts[0m:[93m724[0m:[93m47[0m - [91merror[0m[90m TS4111: [0mProperty 'email_verified' comes from an index signature, so it must be accessed with ['email_verified'].

[7m724[0m     const emailVerified = validation.payload?.email_verified === true
[7m   [0m [91m                                              ~~~~~~~~~~~~~~[0m

[96msrc/lib/auth/auth0-middleware.ts[0m:[93m726[0m:[93m34[0m - [91merror[0m[90m TS4111: [0mProperty 'name' comes from an index signature, so it must be accessed with ['name'].

[7m726[0m       typeof validation.payload?.name === 'string'
[7m   [0m [91m                                 ~~~~[0m

[96msrc/lib/auth/auth0-middleware.ts[0m:[93m727[0m:[93m30[0m - [91merror[0m[90m TS4111: [0mProperty 'name' comes from an index signature, so it must be accessed with ['name'].

[7m727[0m         ? validation.payload.name
[7m   [0m [91m                             ~~~~[0m

[96msrc/lib/auth/auth0-middleware.ts[0m:[93m730[0m:[93m34[0m - [91merror[0m[90m TS4111: [0mProperty 'picture' comes from an index signature, so it must be accessed with ['picture'].

[7m730[0m       typeof validation.payload?.picture === 'string'
[7m   [0m [91m                                 ~~~~~~~[0m

[96msrc/lib/auth/auth0-middleware.ts[0m:[93m731[0m:[93m30[0m - [91merror[0m[90m TS4111: [0mProperty 'picture' comes from an index signature, so it must be accessed with ['picture'].

[7m731[0m         ? validation.payload.picture
[7m   [0m [91m                             ~~~~~~~[0m

[96msrc/lib/auth/auth0-middleware.ts[0m:[93m734[0m:[93m34[0m - [91merror[0m[90m TS4111: [0mProperty 'sid' comes from an index signature, so it must be accessed with ['sid'].

[7m734[0m       typeof validation.payload?.sid === 'string'
[7m   [0m [91m                                 ~~~[0m

[96msrc/lib/auth/auth0-middleware.ts[0m:[93m735[0m:[93m30[0m - [91merror[0m[90m TS4111: [0mProperty 'sid' comes from an index signature, so it must be accessed with ['sid'].

[7m735[0m         ? validation.payload.sid
[7m   [0m [91m                             ~~~[0m

[96msrc/lib/auth/auth0-middleware.ts[0m:[93m953[0m:[93m55[0m - [91merror[0m[90m TS4111: [0mProperty 'permissions' comes from an index signature, so it must be accessed with ['permissions'].

[7m953[0m     authenticatedRequest.scopes = validation.payload?.permissions as
[7m   [0m [91m                                                      ~~~~~~~~~~~[0m

[96msrc/lib/auth/auth0-protected-fetch.ts[0m:[93m20[0m:[93m21[0m - [91merror[0m[90m TS4111: [0mProperty 'PUBLIC_AUTH0_AUDIENCE' comes from an index signature, so it must be accessed with ['PUBLIC_AUTH0_AUDIENCE'].

[7m20[0m     import.meta.env.PUBLIC_AUTH0_AUDIENCE ?? import.meta.env.VITE_AUTH0_AUDIENCE
[7m  [0m [91m                    ~~~~~~~~~~~~~~~~~~~~~[0m

[96msrc/lib/auth/auth0-protected-fetch.ts[0m:[93m20[0m:[93m62[0m - [91merror[0m[90m TS4111: [0mProperty 'VITE_AUTH0_AUDIENCE' comes from an index signature, so it must be accessed with ['VITE_AUTH0_AUDIENCE'].

[7m20[0m     import.meta.env.PUBLIC_AUTH0_AUDIENCE ?? import.meta.env.VITE_AUTH0_AUDIENCE
[7m  [0m [91m                                                             ~~~~~~~~~~~~~~~~~~~[0m

[96msrc/lib/auth/auth0-rbac-service.ts[0m:[93m47[0m:[93m25[0m - [91merror[0m[90m TS4111: [0mProperty 'id' comes from an index signature, so it must be accessed with ['id'].

[7m47[0m         id: typeof role.id === 'string' ? role.id : undefined,
[7m  [0m [91m                        ~~[0m

[96msrc/lib/auth/auth0-rbac-service.ts[0m:[93m47[0m:[93m48[0m - [91merror[0m[90m TS4111: [0mProperty 'id' comes from an index signature, so it must be accessed with ['id'].

[7m47[0m         id: typeof role.id === 'string' ? role.id : undefined,
[7m  [0m [91m                                               ~~[0m

[96msrc/lib/auth/auth0-rbac-service.ts[0m:[93m49[0m:[93m23[0m - [91merror[0m[90m TS4111: [0mProperty 'name' comes from an index signature, so it must be accessed with ['name'].

[7m49[0m           typeof role.name === 'string' || Array.isArray(role.name)
[7m  [0m [91m                      ~~~~[0m

[96msrc/lib/auth/auth0-rbac-service.ts[0m:[93m49[0m:[93m63[0m - [91merror[0m[90m TS4111: [0mProperty 'name' comes from an index signature, so it must be accessed with ['name'].

[7m49[0m           typeof role.name === 'string' || Array.isArray(role.name)
[7m  [0m [91m                                                              ~~~~[0m

[96msrc/lib/auth/auth0-rbac-service.ts[0m:[93m50[0m:[93m20[0m - [91merror[0m[90m TS4111: [0mProperty 'name' comes from an index signature, so it must be accessed with ['name'].

[7m50[0m             ? role.name
[7m  [0m [91m                   ~~~~[0m

[96msrc/lib/auth/auth0-rbac-service.ts[0m:[93m69[0m:[93m27[0m - [91merror[0m[90m TS4111: [0mProperty 'name' comes from an index signature, so it must be accessed with ['name'].

[7m69[0m           typeof userRole.name === 'string' ||
[7m  [0m [91m                          ~~~~[0m

[96msrc/lib/auth/auth0-rbac-service.ts[0m:[93m70[0m:[93m27[0m - [91merror[0m[90m TS4111: [0mProperty 'name' comes from an index signature, so it must be accessed with ['name'].

[7m70[0m           typeof userRole.name === 'number' ||
[7m  [0m [91m                          ~~~~[0m

[96msrc/lib/auth/auth0-rbac-service.ts[0m:[93m71[0m:[93m27[0m - [91merror[0m[90m TS4111: [0mProperty 'name' comes from an index signature, so it must be accessed with ['name'].

[7m71[0m           typeof userRole.name === 'boolean'
[7m  [0m [91m                          ~~~~[0m

[96msrc/lib/auth/auth0-rbac-service.ts[0m:[93m72[0m:[93m31[0m - [91merror[0m[90m TS4111: [0mProperty 'name' comes from an index signature, so it must be accessed with ['name'].

[7m72[0m             ? String(userRole.name)
[7m  [0m [91m                              ~~~~[0m

[96msrc/lib/auth/auth0-rbac-service.ts[0m:[93m73[0m:[93m24[0m - [91merror[0m[90m TS4111: [0mProperty 'name' comes from an index signature, so it must be accessed with ['name'].

[7m73[0m             : userRole.name,
[7m  [0m [91m                       ~~~~[0m

[96msrc/lib/auth/auth0-rbac-service.ts[0m:[93m514[0m:[93m24[0m - [91merror[0m[90m TS4111: [0mProperty 'name' comes from an index signature, so it must be accessed with ['name'].

[7m514[0m               typeof r.name === 'string' &&
[7m   [0m [91m                       ~~~~[0m

[96msrc/lib/auth/auth0-rbac-service.ts[0m:[93m515[0m:[93m17[0m - [91merror[0m[90m TS4111: [0mProperty 'name' comes from an index signature, so it must be accessed with ['name'].

[7m515[0m               r.name === roleName
[7m   [0m [91m                ~~~~[0m

[96msrc/lib/auth/auth0-rbac-service.ts[0m:[93m522[0m:[93m17[0m - [91merror[0m[90m TS6133: [0m'createdRole' is declared but its value is never read.

[7m522[0m           const createdRole = await auth0Management.roles.create({
[7m   [0m [91m                ~~~~~~~~~~~[0m

[96msrc/lib/auth/auth0-social-auth-service.ts[0m:[93m12[0m:[93m50[0m - [91merror[0m[90m TS4111: [0mProperty 'NODE_ENV' comes from an index signature, so it must be accessed with ['NODE_ENV'].

[7m12[0m const shouldWarnAuth0Configuration = process.env.NODE_ENV !== 'test'
[7m  [0m [91m                                                 ~~~~~~~~[0m

[96msrc/lib/auth/auth0-social-auth-service.ts[0m:[93m35[0m:[93m19[0m - [91merror[0m[90m TS4111: [0mProperty 'AUTH0_DOMAIN' comes from an index signature, so it must be accessed with ['AUTH0_DOMAIN'].

[7m35[0m       process.env.AUTH0_DOMAIN,
[7m  [0m [91m                  ~~~~~~~~~~~~[0m

[96msrc/lib/auth/auth0-social-auth-service.ts[0m:[93m36[0m:[93m19[0m - [91merror[0m[90m TS4111: [0mProperty 'PUBLIC_AUTH0_DOMAIN' comes from an index signature, so it must be accessed with ['PUBLIC_AUTH0_DOMAIN'].

[7m36[0m       process.env.PUBLIC_AUTH0_DOMAIN,
[7m  [0m [91m                  ~~~~~~~~~~~~~~~~~~~[0m

[96msrc/lib/auth/auth0-social-auth-service.ts[0m:[93m40[0m:[93m19[0m - [91merror[0m[90m TS4111: [0mProperty 'AUTH0_CLIENT_ID' comes from an index signature, so it must be accessed with ['AUTH0_CLIENT_ID'].

[7m40[0m       process.env.AUTH0_CLIENT_ID,
[7m  [0m [91m                  ~~~~~~~~~~~~~~~[0m

[96msrc/lib/auth/auth0-social-auth-service.ts[0m:[93m41[0m:[93m19[0m - [91merror[0m[90m TS4111: [0mProperty 'PUBLIC_AUTH0_CLIENT_ID' comes from an index signature, so it must be accessed with ['PUBLIC_AUTH0_CLIENT_ID'].

[7m41[0m       process.env.PUBLIC_AUTH0_CLIENT_ID,
[7m  [0m [91m                  ~~~~~~~~~~~~~~~~~~~~~~[0m

[96msrc/lib/auth/auth0-social-auth-service.ts[0m:[93m45[0m:[93m19[0m - [91merror[0m[90m TS4111: [0mProperty 'AUTH0_CLIENT_SECRET' comes from an index signature, so it must be accessed with ['AUTH0_CLIENT_SECRET'].

[7m45[0m       process.env.AUTH0_CLIENT_SECRET,
[7m  [0m [91m                  ~~~~~~~~~~~~~~~~~~~[0m

[96msrc/lib/auth/auth0-social-auth-service.ts[0m:[93m49[0m:[93m19[0m - [91merror[0m[90m TS4111: [0mProperty 'AUTH0_MANAGEMENT_CLIENT_ID' comes from an index signature, so it must be accessed with ['AUTH0_MANAGEMENT_CLIENT_ID'].

[7m49[0m       process.env.AUTH0_MANAGEMENT_CLIENT_ID,
[7m  [0m [91m                  ~~~~~~~~~~~~~~~~~~~~~~~~~~[0m

[96msrc/lib/auth/auth0-social-auth-service.ts[0m:[93m53[0m:[93m19[0m - [91merror[0m[90m TS4111: [0mProperty 'AUTH0_MANAGEMENT_CLIENT_SECRET' comes from an index signature, so it must be accessed with ['AUTH0_MANAGEMENT_CLIENT_SECRET'].

[7m53[0m       process.env.AUTH0_MANAGEMENT_CLIENT_SECRET,
[7m  [0m [91m                  ~~~~~~~~~~~~~~~~~~~~~~~~~~~~~~[0m

[96msrc/lib/auth/auth0-social-auth-service.ts[0m:[93m69[0m:[93m11[0m - [91merror[0m[90m TS6196: [0m'Auth0UserInfoResponse' is declared but never used.

[7m69[0m interface Auth0UserInfoResponse {
[7m  [0m [91m          ~~~~~~~~~~~~~~~~~~~~~[0m

[96msrc/lib/auth/auth0-social-auth-service.ts[0m:[93m73[0m:[93m6[0m - [91merror[0m[90m TS6196: [0m'Auth0TokenResponse' is declared but never used.

[7m73[0m type Auth0TokenResponse = {
[7m  [0m [91m     ~~~~~~~~~~~~~~~~~~[0m

[96msrc/lib/auth/auth0-social-auth-service.ts[0m:[93m268[0m:[93m9[0m - [91merror[0m[90m TS2322: [0mType 'string | undefined' is not assignable to type 'string'.
  Type 'undefined' is not assignable to type 'string'.

[7m268[0m         provider: userInfo.sub ? userInfo.sub.split('|')[0] : 'unknown',
[7m   [0m [91m        ~~~~~~~~[0m

  [96msrc/lib/auth/auth0-social-auth-service.ts[0m:[93m132[0m:[93m3[0m
    [7m132[0m   provider: string
    [7m   [0m [96m  ~~~~~~~~[0m
    The expected type comes from property 'provider' which is declared here on type 'SocialUser'

[96msrc/lib/auth/auth0-webauthn-service.ts[0m:[93m13[0m:[93m50[0m - [91merror[0m[90m TS4111: [0mProperty 'NODE_ENV' comes from an index signature, so it must be accessed with ['NODE_ENV'].

[7m13[0m const shouldWarnAuth0Configuration = process.env.NODE_ENV !== 'test'
[7m  [0m [91m                                                 ~~~~~~~~[0m

[96msrc/lib/auth/auth0-webauthn-service.ts[0m:[93m29[0m:[93m22[0m - [91merror[0m[90m TS4111: [0mProperty 'id' comes from an index signature, so it must be accessed with ['id'].

[7m29[0m     id: typeof value.id === 'string' ? value.id : undefined,
[7m  [0m [91m                     ~~[0m

[96msrc/lib/auth/auth0-webauthn-service.ts[0m:[93m29[0m:[93m46[0m - [91merror[0m[90m TS4111: [0mProperty 'id' comes from an index signature, so it must be accessed with ['id'].

[7m29[0m     id: typeof value.id === 'string' ? value.id : undefined,
[7m  [0m [91m                                             ~~[0m

[96msrc/lib/auth/auth0-webauthn-service.ts[0m:[93m30[0m:[93m24[0m - [91merror[0m[90m TS4111: [0mProperty 'name' comes from an index signature, so it must be accessed with ['name'].

[7m30[0m     name: typeof value.name === 'string' ? value.name : undefined,
[7m  [0m [91m                       ~~~~[0m

[96msrc/lib/auth/auth0-webauthn-service.ts[0m:[93m30[0m:[93m50[0m - [91merror[0m[90m TS4111: [0mProperty 'name' comes from an index signature, so it must be accessed with ['name'].

[7m30[0m     name: typeof value.name === 'string' ? value.name : undefined,
[7m  [0m [91m                                                 ~~~~[0m

[96msrc/lib/auth/auth0-webauthn-service.ts[0m:[93m32[0m:[93m13[0m - [91merror[0m[90m TS4111: [0mProperty 'type' comes from an index signature, so it must be accessed with ['type'].

[7m32[0m       value.type === 'webauthn-roaming' || value.type === 'webauthn-platform'
[7m  [0m [91m            ~~~~[0m

[96msrc/lib/auth/auth0-webauthn-service.ts[0m:[93m32[0m:[93m50[0m - [91merror[0m[90m TS4111: [0mProperty 'type' comes from an index signature, so it must be accessed with ['type'].

[7m32[0m       value.type === 'webauthn-roaming' || value.type === 'webauthn-platform'
[7m  [0m [91m                                                 ~~~~[0m

[96msrc/lib/auth/auth0-webauthn-service.ts[0m:[93m33[0m:[93m17[0m - [91merror[0m[90m TS4111: [0mProperty 'type' comes from an index signature, so it must be accessed with ['type'].

[7m33[0m         ? value.type
[7m  [0m [91m                ~~~~[0m

[96msrc/lib/auth/auth0-webauthn-service.ts[0m:[93m36[0m:[93m20[0m - [91merror[0m[90m TS4111: [0mProperty 'publicKey' comes from an index signature, so it must be accessed with ['publicKey'].

[7m36[0m       typeof value.publicKey === 'string' ? value.publicKey : undefined,
[7m  [0m [91m                   ~~~~~~~~~[0m

[96msrc/lib/auth/auth0-webauthn-service.ts[0m:[93m36[0m:[93m51[0m - [91merror[0m[90m TS4111: [0mProperty 'publicKey' comes from an index signature, so it must be accessed with ['publicKey'].

[7m36[0m       typeof value.publicKey === 'string' ? value.publicKey : undefined,
[7m  [0m [91m                                                  ~~~~~~~~~[0m

[96msrc/lib/auth/auth0-webauthn-service.ts[0m:[93m37[0m:[93m27[0m - [91merror[0m[90m TS4111: [0mProperty 'counter' comes from an index signature, so it must be accessed with ['counter'].

[7m37[0m     counter: typeof value.counter === 'number' ? value.counter : undefined,
[7m  [0m [91m                          ~~~~~~~[0m

[96msrc/lib/auth/auth0-webauthn-service.ts[0m:[93m37[0m:[93m56[0m - [91merror[0m[90m TS4111: [0mProperty 'counter' comes from an index signature, so it must be accessed with ['counter'].

[7m37[0m     counter: typeof value.counter === 'number' ? value.counter : undefined,
[7m  [0m [91m                                                       ~~~~~~~[0m

[96msrc/lib/auth/auth0-webauthn-service.ts[0m:[93m39[0m:[93m20[0m - [91merror[0m[90m TS4111: [0mProperty 'deviceType' comes from an index signature, so it must be accessed with ['deviceType'].

[7m39[0m       typeof value.deviceType === 'string' ? value.deviceType : undefined,
[7m  [0m [91m                   ~~~~~~~~~~[0m

[96msrc/lib/auth/auth0-webauthn-service.ts[0m:[93m39[0m:[93m52[0m - [91merror[0m[90m TS4111: [0mProperty 'deviceType' comes from an index signature, so it must be accessed with ['deviceType'].

[7m39[0m       typeof value.deviceType === 'string' ? value.deviceType : undefined,
[7m  [0m [91m                                                   ~~~~~~~~~~[0m

[96msrc/lib/auth/auth0-webauthn-service.ts[0m:[93m40[0m:[93m28[0m - [91merror[0m[90m TS4111: [0mProperty 'backedUp' comes from an index signature, so it must be accessed with ['backedUp'].

[7m40[0m     backedUp: typeof value.backedUp === 'boolean' ? value.backedUp : undefined,
[7m  [0m [91m                           ~~~~~~~~[0m

[96msrc/lib/auth/auth0-webauthn-service.ts[0m:[93m40[0m:[93m59[0m - [91merror[0m[90m TS4111: [0mProperty 'backedUp' comes from an index signature, so it must be accessed with ['backedUp'].

[7m40[0m     backedUp: typeof value.backedUp === 'boolean' ? value.backedUp : undefined,
[7m  [0m [91m                                                          ~~~~~~~~[0m

[96msrc/lib/auth/auth0-webauthn-service.ts[0m:[93m531[0m:[93m37[0m - [91merror[0m[90m TS2322: [0mType 'WebAuthnCredential | undefined' is not assignable to type 'WebAuthnCredential | null'.
  Type 'undefined' is not assignable to type 'WebAuthnCredential | null'.

[7m531[0m     return credentials.length > 0 ? credentials[0] : null
[7m   [0m [91m                                    ~~~~~~~~~~~~~~[0m

[96msrc/lib/auth/config.ts[0m:[93m11[0m:[93m30[0m - [91merror[0m[90m TS4111: [0mProperty 'JWT_SECRET' comes from an index signature, so it must be accessed with ['JWT_SECRET'].

[7m11[0m   const secret = process.env.JWT_SECRET ?? import.meta.env.JWT_SECRET
[7m  [0m [91m                             ~~~~~~~~~~[0m

[96msrc/lib/auth/config.ts[0m:[93m11[0m:[93m60[0m - [91merror[0m[90m TS4111: [0mProperty 'JWT_SECRET' comes from an index signature, so it must be accessed with ['JWT_SECRET'].

[7m11[0m   const secret = process.env.JWT_SECRET ?? import.meta.env.JWT_SECRET
[7m  [0m [91m                                                           ~~~~~~~~~~[0m

[96msrc/lib/auth/config.ts[0m:[93m35[0m:[93m17[0m - [91merror[0m[90m TS4111: [0mProperty 'JWT_AUDIENCE' comes from an index signature, so it must be accessed with ['JWT_AUDIENCE'].

[7m35[0m     process.env.JWT_AUDIENCE ??
[7m  [0m [91m                ~~~~~~~~~~~~[0m

[96msrc/lib/auth/config.ts[0m:[93m36[0m:[93m21[0m - [91merror[0m[90m TS4111: [0mProperty 'JWT_AUDIENCE' comes from an index signature, so it must be accessed with ['JWT_AUDIENCE'].

[7m36[0m     import.meta.env.JWT_AUDIENCE ??
[7m  [0m [91m                    ~~~~~~~~~~~~[0m

[96msrc/lib/auth/config.ts[0m:[93m39[0m:[93m17[0m - [91merror[0m[90m TS4111: [0mProperty 'JWT_ISSUER' comes from an index signature, so it must be accessed with ['JWT_ISSUER'].

[7m39[0m     process.env.JWT_ISSUER ??
[7m  [0m [91m                ~~~~~~~~~~[0m

[96msrc/lib/auth/config.ts[0m:[93m40[0m:[93m21[0m - [91merror[0m[90m TS4111: [0mProperty 'JWT_ISSUER' comes from an index signature, so it must be accessed with ['JWT_ISSUER'].

[7m40[0m     import.meta.env.JWT_ISSUER ??
[7m  [0m [91m                    ~~~~~~~~~~[0m

[96msrc/lib/auth/config.ts[0m:[93m49[0m:[93m23[0m - [91merror[0m[90m TS4111: [0mProperty 'AUTH0_DOMAIN' comes from an index signature, so it must be accessed with ['AUTH0_DOMAIN'].

[7m49[0m   domain: process.env.AUTH0_DOMAIN ?? import.meta.env.AUTH0_DOMAIN ?? '',
[7m  [0m [91m                      ~~~~~~~~~~~~[0m

[96msrc/lib/auth/config.ts[0m:[93m49[0m:[93m55[0m - [91merror[0m[90m TS4111: [0mProperty 'AUTH0_DOMAIN' comes from an index signature, so it must be accessed with ['AUTH0_DOMAIN'].

[7m49[0m   domain: process.env.AUTH0_DOMAIN ?? import.meta.env.AUTH0_DOMAIN ?? '',
[7m  [0m [91m                                                      ~~~~~~~~~~~~[0m

[96msrc/lib/auth/config.ts[0m:[93m51[0m:[93m17[0m - [91merror[0m[90m TS4111: [0mProperty 'AUTH0_CLIENT_ID' comes from an index signature, so it must be accessed with ['AUTH0_CLIENT_ID'].

[7m51[0m     process.env.AUTH0_CLIENT_ID ?? import.meta.env.AUTH0_CLIENT_ID ?? '',
[7m  [0m [91m                ~~~~~~~~~~~~~~~[0m

[96msrc/lib/auth/config.ts[0m:[93m51[0m:[93m52[0m - [91merror[0m[90m TS4111: [0mProperty 'AUTH0_CLIENT_ID' comes from an index signature, so it must be accessed with ['AUTH0_CLIENT_ID'].

[7m51[0m     process.env.AUTH0_CLIENT_ID ?? import.meta.env.AUTH0_CLIENT_ID ?? '',
[7m  [0m [91m                                                   ~~~~~~~~~~~~~~~[0m

[96msrc/lib/auth/config.ts[0m:[93m53[0m:[93m17[0m - [91merror[0m[90m TS4111: [0mProperty 'AUTH0_CLIENT_SECRET' comes from an index signature, so it must be accessed with ['AUTH0_CLIENT_SECRET'].

[7m53[0m     process.env.AUTH0_CLIENT_SECRET ??
[7m  [0m [91m                ~~~~~~~~~~~~~~~~~~~[0m

[96msrc/lib/auth/config.ts[0m:[93m54[0m:[93m21[0m - [91merror[0m[90m TS4111: [0mProperty 'AUTH0_CLIENT_SECRET' comes from an index signature, so it must be accessed with ['AUTH0_CLIENT_SECRET'].

[7m54[0m     import.meta.env.AUTH0_CLIENT_SECRET ??
[7m  [0m [91m                    ~~~~~~~~~~~~~~~~~~~[0m

[96msrc/lib/auth/config.ts[0m:[93m56[0m:[93m25[0m - [91merror[0m[90m TS4111: [0mProperty 'AUTH0_AUDIENCE' comes from an index signature, so it must be accessed with ['AUTH0_AUDIENCE'].

[7m56[0m   audience: process.env.AUTH0_AUDIENCE ?? import.meta.env.AUTH0_AUDIENCE ?? '',
[7m  [0m [91m                        ~~~~~~~~~~~~~~[0m

[96msrc/lib/auth/config.ts[0m:[93m56[0m:[93m59[0m - [91merror[0m[90m TS4111: [0mProperty 'AUTH0_AUDIENCE' comes from an index signature, so it must be accessed with ['AUTH0_AUDIENCE'].

[7m56[0m   audience: process.env.AUTH0_AUDIENCE ?? import.meta.env.AUTH0_AUDIENCE ?? '',
[7m  [0m [91m                                                          ~~~~~~~~~~~~~~[0m

[96msrc/lib/auth/config.ts[0m:[93m58[0m:[93m17[0m - [91merror[0m[90m TS4111: [0mProperty 'AUTH0_CALLBACK_URL' comes from an index signature, so it must be accessed with ['AUTH0_CALLBACK_URL'].

[7m58[0m     process.env.AUTH0_CALLBACK_URL ??
[7m  [0m [91m                ~~~~~~~~~~~~~~~~~~[0m

[96msrc/lib/auth/config.ts[0m:[93m59[0m:[93m21[0m - [91merror[0m[90m TS4111: [0mProperty 'AUTH0_CALLBACK_URL' comes from an index signature, so it must be accessed with ['AUTH0_CALLBACK_URL'].

[7m59[0m     import.meta.env.AUTH0_CALLBACK_URL ??
[7m  [0m [91m                    ~~~~~~~~~~~~~~~~~~[0m

[96msrc/lib/auth/config.ts[0m:[93m104[0m:[93m26[0m - [91merror[0m[90m TS4111: [0mProperty 'CORS_ORIGIN' comes from an index signature, so it must be accessed with ['CORS_ORIGIN'].

[7m104[0m     origin: (process.env.CORS_ORIGIN ?? import.meta.env.CORS_ORIGIN)?.split(
[7m   [0m [91m                         ~~~~~~~~~~~[0m

[96msrc/lib/auth/config.ts[0m:[93m104[0m:[93m57[0m - [91merror[0m[90m TS4111: [0mProperty 'CORS_ORIGIN' comes from an index signature, so it must be accessed with ['CORS_ORIGIN'].

[7m104[0m     origin: (process.env.CORS_ORIGIN ?? import.meta.env.CORS_ORIGIN)?.split(
[7m   [0m [91m                                                        ~~~~~~~~~~~[0m

[96msrc/lib/auth/config.ts[0m:[93m112[0m:[93m26[0m - [91merror[0m[90m TS4111: [0mProperty 'NODE_ENV' comes from an index signature, so it must be accessed with ['NODE_ENV'].

[7m112[0m     enabled: process.env.NODE_ENV === 'production' || import.meta.env.PROD,
[7m   [0m [91m                         ~~~~~~~~[0m

[96msrc/lib/auth/config.ts[0m:[93m114[0m:[93m19[0m - [91merror[0m[90m TS4111: [0mProperty 'CSRF_SECRET' comes from an index signature, so it must be accessed with ['CSRF_SECRET'].

[7m114[0m       process.env.CSRF_SECRET ??
[7m   [0m [91m                  ~~~~~~~~~~~[0m

[96msrc/lib/auth/config.ts[0m:[93m115[0m:[93m23[0m - [91merror[0m[90m TS4111: [0mProperty 'CSRF_SECRET' comes from an index signature, so it must be accessed with ['CSRF_SECRET'].

[7m115[0m       import.meta.env.CSRF_SECRET ??
[7m   [0m [91m                      ~~~~~~~~~~~[0m

[96msrc/lib/auth/config.ts[0m:[93m237[0m:[93m30[0m - [91merror[0m[90m TS4111: [0mProperty 'NODE_ENV' comes from an index signature, so it must be accessed with ['NODE_ENV'].

[7m237[0m   const isProd = process.env.NODE_ENV === 'production' || import.meta.env.PROD
[7m   [0m [91m                             ~~~~~~~~[0m

[96msrc/lib/auth/config.ts[0m:[93m265[0m:[93m17[0m - [91merror[0m[90m TS4111: [0mProperty 'NODE_ENV' comes from an index signature, so it must be accessed with ['NODE_ENV'].

[7m265[0m     process.env.NODE_ENV === 'development' || import.meta.env.DEV
[7m   [0m [91m                ~~~~~~~~[0m

[96msrc/lib/auth/config.ts[0m:[93m267[0m:[93m17[0m - [91merror[0m[90m TS4111: [0mProperty 'NODE_ENV' comes from an index signature, so it must be accessed with ['NODE_ENV'].

[7m267[0m     process.env.NODE_ENV === 'production' || import.meta.env.PROD
[7m   [0m [91m                ~~~~~~~~[0m

[96msrc/lib/auth/config.ts[0m:[93m268[0m:[93m30[0m - [91merror[0m[90m TS4111: [0mProperty 'NODE_ENV' comes from an index signature, so it must be accessed with ['NODE_ENV'].

[7m268[0m   const isTest = process.env.NODE_ENV === 'test'
[7m   [0m [91m                             ~~~~~~~~[0m

[96msrc/lib/auth/config.ts[0m:[93m276[0m:[93m19[0m - [91merror[0m[90m TS4111: [0mProperty 'DEBUG' comes from an index signature, so it must be accessed with ['DEBUG'].

[7m276[0m       process.env.DEBUG === 'true' ||
[7m   [0m [91m                  ~~~~~[0m

[96msrc/lib/auth/config.ts[0m:[93m277[0m:[93m23[0m - [91merror[0m[90m TS4111: [0mProperty 'DEBUG' comes from an index signature, so it must be accessed with ['DEBUG'].

[7m277[0m       import.meta.env.DEBUG === 'true',
[7m   [0m [91m                      ~~~~~[0m

[96msrc/lib/auth/cors-config.ts[0m:[93m10[0m:[93m15[0m - [91merror[0m[90m TS4111: [0mProperty 'ALLOWED_ORIGIN' comes from an index signature, so it must be accessed with ['ALLOWED_ORIGIN'].

[7m10[0m   process.env.ALLOWED_ORIGIN,
[7m  [0m [91m              ~~~~~~~~~~~~~~[0m

[96msrc/lib/auth/cors-config.ts[0m:[93m11[0m:[93m15[0m - [91merror[0m[90m TS4111: [0mProperty 'DEV_ALLOWED_ORIGIN' comes from an index signature, so it must be accessed with ['DEV_ALLOWED_ORIGIN'].

[7m11[0m   process.env.DEV_ALLOWED_ORIGIN,
[7m  [0m [91m              ~~~~~~~~~~~~~~~~~~[0m

[96msrc/lib/auth/index.ts[0m:[93m12[0m:[93m1[0m - [91merror[0m[90m TS6133: [0m'getSession' is declared but its value is never read.

[7m12[0m import { getSession } from './session'
[7m  [0m [91m~~~~~~~~~~~~~~~~~~~~~~~~~~~~~~~~~~~~~~[0m

[96msrc/lib/auth/index.ts[0m:[93m191[0m:[93m55[0m - [91merror[0m[90m TS4111: [0mProperty 'NODE_ENV' comes from an index signature, so it must be accessed with ['NODE_ENV'].

[7m191[0m   if (import.meta.env?.MODE === 'test' || process.env.NODE_ENV === 'test') {
[7m   [0m [91m                                                      ~~~~~~~~[0m

[96msrc/lib/auth/session.ts[0m:[93m7[0m:[93m30[0m - [91merror[0m[90m TS6133: [0m'TokenValidationResult' is declared but its value is never read.

[7m7[0m import { validateToken, type TokenValidationResult } from './auth0-jwt-service'
[7m [0m [91m                             ~~~~~~~~~~~~~~~~~~~~~[0m

[96msrc/lib/auth/session.ts[0m:[93m197[0m:[93m32[0m - [91merror[0m[90m TS4111: [0mProperty 'email' comes from an index signature, so it must be accessed with ['email'].

[7m197[0m         email: result.payload?.email as string | undefined,
[7m   [0m [91m                               ~~~~~[0m

[96msrc/lib/auth/session.ts[0m:[93m198[0m:[93m31[0m - [91merror[0m[90m TS4111: [0mProperty 'name' comes from an index signature, so it must be accessed with ['name'].

[7m198[0m         name: result.payload?.name as string | undefined,
[7m   [0m [91m                              ~~~~[0m

[96msrc/lib/auth/user-identity.ts[0m:[93m113[0m:[93m24[0m - [91merror[0m[90m TS2532: [0mObject is possibly 'undefined'.

[7m113[0m   return { internalId: result.rows[0].user_id, role: result.rows[0].role }
[7m   [0m [91m                       ~~~~~~~~~~~~~~[0m

[96msrc/lib/auth/user-identity.ts[0m:[93m113[0m:[93m54[0m - [91merror[0m[90m TS2532: [0mObject is possibly 'undefined'.

[7m113[0m   return { internalId: result.rows[0].user_id, role: result.rows[0].role }
[7m   [0m [91m                                                     ~~~~~~~~~~~~~~[0m

[96msrc/lib/auth/user-identity.ts[0m:[93m148[0m:[93m20[0m - [91merror[0m[90m TS2532: [0mObject is possibly 'undefined'.

[7m148[0m   const actualId = upsertResult.rows[0].id
[7m   [0m [91m                   ~~~~~~~~~~~~~~~~~~~~[0m

[96msrc/lib/auth/user-identity.ts[0m:[93m149[0m:[93m22[0m - [91merror[0m[90m TS2532: [0mObject is possibly 'undefined'.

[7m149[0m   const actualRole = upsertResult.rows[0].role
[7m   [0m [91m                     ~~~~~~~~~~~~~~~~~~~~[0m

[96msrc/lib/auth/utils.ts[0m:[93m125[0m:[93m31[0m - [91merror[0m[90m TS2322: [0mType 'string | undefined' is not assignable to type 'string'.
  Type 'undefined' is not assignable to type 'string'.

[7m125[0m   return parts.length === 2 ? parts[1] : ''
[7m   [0m [91m                              ~~~~~~~~[0m

[96msrc/lib/backup/verify.ts[0m:[93m34[0m:[93m20[0m - [91merror[0m[90m TS6133: [0m'redis' is declared but its value is never read.

[7m34[0m   private readonly redis: RedisService
[7m  [0m [91m                   ~~~~~[0m

[96msrc/lib/backup/verify.ts[0m:[93m42[0m:[93m7[0m - [91merror[0m[90m TS2322: [0mType 'string | undefined' is not assignable to type 'string'.
  Type 'undefined' is not assignable to type 'string'.

[7m42[0m       backupDir: getEnv('BACKUP_DIR', './backups'),
[7m  [0m [91m      ~~~~~~~~~[0m

  [96msrc/lib/backup/verify.ts[0m:[93m10[0m:[93m3[0m
    [7m10[0m   backupDir: string
    [7m  [0m [96m  ~~~~~~~~~[0m
    The expected type comes from property 'backupDir' which is declared here on type 'BackupConfig'

[96msrc/lib/backup/verify.ts[0m:[93m86[0m:[93m20[0m - [91merror[0m[90m TS7053: [0mElement implicitly has an 'any' type because expression of type '"message"' can't be used to index type '{}'.
  Property 'message' does not exist on type '{}'.

[7m86[0m             error: error?.['message'] ?? 'Unknown error',
[7m  [0m [91m                   ~~~~~~~~~~~~~~~~~~[0m

[96msrc/lib/backup/verify.ts[0m:[93m96[0m:[93m38[0m - [91merror[0m[90m TS7053: [0mElement implicitly has an 'any' type because expression of type '"message"' can't be used to index type '{}'.
  Property 'message' does not exist on type '{}'.

[7m96[0m         `Failed to verify backups: ${error?.['message'] ?? 'Unknown error'}`,
[7m  [0m [91m                                     ~~~~~~~~~~~~~~~~~~[0m

[96msrc/lib/backup/verify.ts[0m:[93m130[0m:[93m9[0m - [91merror[0m[90m TS2322: [0mType 'unknown' is not assignable to type 'number'.

[7m130[0m         timestamp: backup.timestamp,
[7m   [0m [91m        ~~~~~~~~~[0m

  [96msrc/lib/backup/verify.ts[0m:[93m17[0m:[93m3[0m
    [7m17[0m   timestamp: number
    [7m  [0m [96m  ~~~~~~~~~[0m
    The expected type comes from property 'timestamp' which is declared here on type 'BackupMetadata'

[96msrc/lib/backup/verify.ts[0m:[93m130[0m:[93m27[0m - [91merror[0m[90m TS4111: [0mProperty 'timestamp' comes from an index signature, so it must be accessed with ['timestamp'].

[7m130[0m         timestamp: backup.timestamp,
[7m   [0m [91m                          ~~~~~~~~~[0m

[96msrc/lib/backup/verify.ts[0m:[93m133[0m:[93m9[0m - [91merror[0m[90m TS2322: [0mType 'unknown' is not assignable to type '"full" | "incremental"'.

[7m133[0m         type: backup.type,
[7m   [0m [91m        ~~~~[0m

  [96msrc/lib/backup/verify.ts[0m:[93m20[0m:[93m3[0m
    [7m20[0m   type: 'full' | 'incremental'
    [7m  [0m [96m  ~~~~[0m
    The expected type comes from property 'type' which is declared here on type 'BackupMetadata'

[96msrc/lib/backup/verify.ts[0m:[93m133[0m:[93m22[0m - [91merror[0m[90m TS4111: [0mProperty 'type' comes from an index signature, so it must be accessed with ['type'].

[7m133[0m         type: backup.type,
[7m   [0m [91m                     ~~~~[0m

[96msrc/lib/backup/verify.ts[0m:[93m135[0m:[93m9[0m - [91merror[0m[90m TS2322: [0mType 'unknown' is not assignable to type 'string'.

[7m135[0m         version: backup.version,
[7m   [0m [91m        ~~~~~~~[0m

  [96msrc/lib/backup/verify.ts[0m:[93m22[0m:[93m3[0m
    [7m22[0m   version: string
    [7m  [0m [96m  ~~~~~~~[0m
    The expected type comes from property 'version' which is declared here on type 'BackupMetadata'

[96msrc/lib/backup/verify.ts[0m:[93m135[0m:[93m25[0m - [91merror[0m[90m TS4111: [0mProperty 'version' comes from an index signature, so it must be accessed with ['version'].

[7m135[0m         version: backup.version,
[7m   [0m [91m                        ~~~~~~~[0m

[96msrc/lib/backup/verify.ts[0m:[93m136[0m:[93m9[0m - [91merror[0m[90m TS2322: [0mType 'unknown' is not assignable to type 'string'.

[7m136[0m         environment: backup.environment,
[7m   [0m [91m        ~~~~~~~~~~~[0m

  [96msrc/lib/backup/verify.ts[0m:[93m23[0m:[93m3[0m
    [7m23[0m   environment: string
    [7m  [0m [96m  ~~~~~~~~~~~[0m
    The expected type comes from property 'environment' which is declared here on type 'BackupMetadata'

[96msrc/lib/backup/verify.ts[0m:[93m136[0m:[93m29[0m - [91merror[0m[90m TS4111: [0mProperty 'environment' comes from an index signature, so it must be accessed with ['environment'].

[7m136[0m         environment: backup.environment,
[7m   [0m [91m                            ~~~~~~~~~~~[0m

[96msrc/lib/backup/verify.ts[0m:[93m140[0m:[93m44[0m - [91merror[0m[90m TS4111: [0mProperty 'data' comes from an index signature, so it must be accessed with ['data'].

[7m140[0m       if (!this.verifyDataIntegrity(backup.data)) {
[7m   [0m [91m                                           ~~~~[0m

[96msrc/lib/backup/verify.ts[0m:[93m177[0m:[93m50[0m - [91merror[0m[90m TS4111: [0mProperty 'timestamp' comes from an index signature, so it must be accessed with ['timestamp'].

[7m177[0m       typeof (backup as Record<string, unknown>).timestamp === 'number' &&
[7m   [0m [91m                                                 ~~~~~~~~~[0m

[96msrc/lib/backup/verify.ts[0m:[93m178[0m:[93m50[0m - [91merror[0m[90m TS4111: [0mProperty 'version' comes from an index signature, so it must be accessed with ['version'].

[7m178[0m       typeof (backup as Record<string, unknown>).version === 'string' &&
[7m   [0m [91m                                                 ~~~~~~~[0m

[96msrc/lib/backup/verify.ts[0m:[93m179[0m:[93m50[0m - [91merror[0m[90m TS4111: [0mProperty 'environment' comes from an index signature, so it must be accessed with ['environment'].

[7m179[0m       typeof (backup as Record<string, unknown>).environment === 'string' &&
[7m   [0m [91m                                                 ~~~~~~~~~~~[0m

[96msrc/lib/backup/verify.ts[0m:[93m180[0m:[93m50[0m - [91merror[0m[90m TS4111: [0mProperty 'data' comes from an index signature, so it must be accessed with ['data'].

[7m180[0m       typeof (backup as Record<string, unknown>).data === 'object'
[7m   [0m [91m                                                 ~~~~[0m

[96msrc/lib/backup/verify.ts[0m:[93m225[0m:[93m22[0m - [91merror[0m[90m TS2769: [0mNo overload matches this call.
  Overload 1 of 2, '(o: { [s: string]: unknown; } | ArrayLike<unknown>): [string, unknown][]', gave the following error.
    Argument of type 'object | null' is not assignable to parameter of type '{ [s: string]: unknown; } | ArrayLike<unknown>'.
      Type 'null' is not assignable to type '{ [s: string]: unknown; } | ArrayLike<unknown>'.
  Overload 2 of 2, '(o: {}): [string, any][]', gave the following error.
    Argument of type 'object | null' is not assignable to parameter of type '{}'.
      Type 'null' is not assignable to type '{}'.

[7m225[0m       Object.entries(data).every(
[7m   [0m [91m                     ~~~~[0m


[96msrc/lib/backup/verify.ts[0m:[93m249[0m:[93m48[0m - [91merror[0m[90m TS4111: [0mProperty 'version' comes from an index signature, so it must be accessed with ['version'].

[7m249[0m       typeof (data as Record<string, unknown>).version === 'string' &&
[7m   [0m [91m                                               ~~~~~~~[0m

[96msrc/lib/backup/verify.ts[0m:[93m250[0m:[93m48[0m - [91merror[0m[90m TS4111: [0mProperty 'environment' comes from an index signature, so it must be accessed with ['environment'].

[7m250[0m       typeof (data as Record<string, unknown>).environment === 'string'
[7m   [0m [91m                                               ~~~~~~~~~~~[0m

[96msrc/lib/backup/verify.ts[0m:[93m264[0m:[93m19[0m - [91merror[0m[90m TS4111: [0mProperty 'data' comes from an index signature, so it must be accessed with ['data'].

[7m264[0m       if (!backup.data || !backup.metadata) {
[7m   [0m [91m                  ~~~~[0m

[96msrc/lib/backup/verify.ts[0m:[93m264[0m:[93m35[0m - [91merror[0m[90m TS4111: [0mProperty 'metadata' comes from an index signature, so it must be accessed with ['metadata'].

[7m264[0m       if (!backup.data || !backup.metadata) {
[7m   [0m [91m                                  ~~~~~~~~[0m

[96msrc/lib/backup/verify.ts[0m:[93m270[0m:[93m41[0m - [91merror[0m[90m TS4111: [0mProperty 'data' comes from an index signature, so it must be accessed with ['data'].

[7m270[0m         this.verifyDataIntegrity(backup.data)
[7m   [0m [91m                                        ~~~~[0m

[96msrc/lib/backup/verify.ts[0m:[93m296[0m:[93m45[0m - [91merror[0m[90m TS4111: [0mProperty 'data' comes from an index signature, so it must be accessed with ['data'].

[7m296[0m         (backup as Record<string, unknown>).data,
[7m   [0m [91m                                            ~~~~[0m

[96msrc/lib/backup/verify.ts[0m:[93m357[0m:[93m26[0m - [91merror[0m[90m TS2367: [0mThis comparison appears to be unintentional because the types '{ id: unknown; }' and 'string' have no overlap.

[7m357[0m         if (!restored || (JSON.parse(restored) as { id: unknown }) !== userId) {
[7m   [0m [91m                         ~~~~~~~~~~~~~~~~~~~~~~~~~~~~~~~~~~~~~~~~~~~~~~~~~~~~[0m

[96msrc/lib/backup/verify.ts[0m:[93m371[0m:[93m7[0m - [91merror[0m[90m TS2740: [0mType 'Record<string, unknown>' is missing the following properties from type 'BackupMetadata': timestamp, checksum, size, type, and 3 more.

[7m371[0m       return JSON.parse(data) as Record<string, unknown>
[7m   [0m [91m      ~~~~~~[0m

[96msrc/lib/business-strategy/config/database.ts[0m:[93m8[0m:[93m15[0m - [91merror[0m[90m TS2614: [0mModule '"ioredis"' has no exported member 'Redis'. Did you mean to use 'import Redis from "ioredis"' instead?

[7m8[0m import type { Redis } from 'ioredis'
[7m [0m [91m              ~~~~~[0m

[96msrc/lib/business-strategy/config/database.ts[0m:[93m57[0m:[93m19[0m - [91merror[0m[90m TS4111: [0mProperty 'BUSINESS_STRATEGY_DB_NAME' comes from an index signature, so it must be accessed with ['BUSINESS_STRATEGY_DB_NAME'].

[7m57[0m       process.env.BUSINESS_STRATEGY_DB_NAME ?? 'pixelated_business_strategy',
[7m  [0m [91m                  ~~~~~~~~~~~~~~~~~~~~~~~~~[0m

[96msrc/lib/business-strategy/index.ts[0m:[93m10[0m:[93m15[0m - [91merror[0m[90m TS2307: [0mCannot find module './utils' or its corresponding type declarations.

[7m10[0m export * from './utils'
[7m  [0m [91m              ~~~~~~~~~[0m

[96msrc/lib/business-strategy/services/audit.ts[0m:[93m53[0m:[93m9[0m - [91merror[0m[90m TS2322: [0mType 'UserId | undefined' is not assignable to type 'UserId'.
  Type 'undefined' is not assignable to type 'UserId'.
    Type 'undefined' is not assignable to type 'string'.

[7m53[0m         userId: event.userId,
[7m  [0m [91m        ~~~~~~[0m

  [96msrc/lib/business-strategy/types/common.ts[0m:[93m70[0m:[93m3[0m
    [7m70[0m   userId: UserId
    [7m  [0m [96m  ~~~~~~[0m
    The expected type comes from property 'userId' which is declared here on type 'AuditLog'

[96msrc/lib/business-strategy/services/audit.ts[0m:[93m205[0m:[93m14[0m - [91merror[0m[90m TS4111: [0mProperty 'timestamp' comes from an index signature, so it must be accessed with ['timestamp'].

[7m205[0m       filter.timestamp = {}
[7m   [0m [91m             ~~~~~~~~~[0m

[96msrc/lib/business-strategy/services/audit.ts[0m:[93m207[0m:[93m18[0m - [91merror[0m[90m TS4111: [0mProperty 'timestamp' comes from an index signature, so it must be accessed with ['timestamp'].

[7m207[0m         ;(filter.timestamp as Record<string, Date>).$gte = options.startDate
[7m   [0m [91m                 ~~~~~~~~~[0m

[96msrc/lib/business-strategy/services/audit.ts[0m:[93m207[0m:[93m53[0m - [91merror[0m[90m TS4111: [0mProperty '$gte' comes from an index signature, so it must be accessed with ['$gte'].

[7m207[0m         ;(filter.timestamp as Record<string, Date>).$gte = options.startDate
[7m   [0m [91m                                                    ~~~~[0m

[96msrc/lib/business-strategy/services/audit.ts[0m:[93m210[0m:[93m18[0m - [91merror[0m[90m TS4111: [0mProperty 'timestamp' comes from an index signature, so it must be accessed with ['timestamp'].

[7m210[0m         ;(filter.timestamp as Record<string, Date>).$lte = options.endDate
[7m   [0m [91m                 ~~~~~~~~~[0m

[96msrc/lib/business-strategy/services/audit.ts[0m:[93m210[0m:[93m53[0m - [91merror[0m[90m TS4111: [0mProperty '$lte' comes from an index signature, so it must be accessed with ['$lte'].

[7m210[0m         ;(filter.timestamp as Record<string, Date>).$lte = options.endDate
[7m   [0m [91m                                                    ~~~~[0m

[96msrc/lib/business-strategy/services/audit.ts[0m:[93m245[0m:[93m14[0m - [91merror[0m[90m TS4111: [0mProperty 'action' comes from an index signature, so it must be accessed with ['action'].

[7m245[0m       filter.action = { $in: options.actions }
[7m   [0m [91m             ~~~~~~[0m

[96msrc/lib/business-strategy/services/audit.ts[0m:[93m249[0m:[93m14[0m - [91merror[0m[90m TS4111: [0mProperty 'timestamp' comes from an index signature, so it must be accessed with ['timestamp'].

[7m249[0m       filter.timestamp = {}
[7m   [0m [91m             ~~~~~~~~~[0m

[96msrc/lib/business-strategy/services/audit.ts[0m:[93m251[0m:[93m18[0m - [91merror[0m[90m TS4111: [0mProperty 'timestamp' comes from an index signature, so it must be accessed with ['timestamp'].

[7m251[0m         ;(filter.timestamp as Record<string, Date>).$gte = options.startDate
[7m   [0m [91m                 ~~~~~~~~~[0m

[96msrc/lib/business-strategy/services/audit.ts[0m:[93m251[0m:[93m53[0m - [91merror[0m[90m TS4111: [0mProperty '$gte' comes from an index signature, so it must be accessed with ['$gte'].

[7m251[0m         ;(filter.timestamp as Record<string, Date>).$gte = options.startDate
[7m   [0m [91m                                                    ~~~~[0m

[96msrc/lib/business-strategy/services/audit.ts[0m:[93m254[0m:[93m18[0m - [91merror[0m[90m TS4111: [0mProperty 'timestamp' comes from an index signature, so it must be accessed with ['timestamp'].

[7m254[0m         ;(filter.timestamp as Record<string, Date>).$lte = options.endDate
[7m   [0m [91m                 ~~~~~~~~~[0m

[96msrc/lib/business-strategy/services/audit.ts[0m:[93m254[0m:[93m53[0m - [91merror[0m[90m TS4111: [0mProperty '$lte' comes from an index signature, so it must be accessed with ['$lte'].

[7m254[0m         ;(filter.timestamp as Record<string, Date>).$lte = options.endDate
[7m   [0m [91m                                                    ~~~~[0m

[96msrc/lib/business-strategy/services/audit.ts[0m:[93m286[0m:[93m14[0m - [91merror[0m[90m TS4111: [0mProperty 'timestamp' comes from an index signature, so it must be accessed with ['timestamp'].

[7m286[0m       filter.timestamp = {}
[7m   [0m [91m             ~~~~~~~~~[0m

[96msrc/lib/business-strategy/services/audit.ts[0m:[93m288[0m:[93m18[0m - [91merror[0m[90m TS4111: [0mProperty 'timestamp' comes from an index signature, so it must be accessed with ['timestamp'].

[7m288[0m         ;(filter.timestamp as Record<string, Date>).$gte = options.startDate
[7m   [0m [91m                 ~~~~~~~~~[0m

[96msrc/lib/business-strategy/services/audit.ts[0m:[93m288[0m:[93m53[0m - [91merror[0m[90m TS4111: [0mProperty '$gte' comes from an index signature, so it must be accessed with ['$gte'].

[7m288[0m         ;(filter.timestamp as Record<string, Date>).$gte = options.startDate
[7m   [0m [91m                                                    ~~~~[0m

[96msrc/lib/business-strategy/services/audit.ts[0m:[93m291[0m:[93m18[0m - [91merror[0m[90m TS4111: [0mProperty 'timestamp' comes from an index signature, so it must be accessed with ['timestamp'].

[7m291[0m         ;(filter.timestamp as Record<string, Date>).$lte = options.endDate
[7m   [0m [91m                 ~~~~~~~~~[0m

[96msrc/lib/business-strategy/services/audit.ts[0m:[93m291[0m:[93m53[0m - [91merror[0m[90m TS4111: [0mProperty '$lte' comes from an index signature, so it must be accessed with ['$lte'].

[7m291[0m         ;(filter.timestamp as Record<string, Date>).$lte = options.endDate
[7m   [0m [91m                                                    ~~~~[0m

[96msrc/lib/business-strategy/services/audit.ts[0m:[93m333[0m:[93m25[0m - [91merror[0m[90m TS4111: [0mProperty 'suspiciousActivity' comes from an index signature, so it must be accessed with ['suspiciousActivity'].

[7m333[0m     if (params.details?.suspiciousActivity) {
[7m   [0m [91m                        ~~~~~~~~~~~~~~~~~~[0m

[96msrc/lib/business-strategy/services/audit.ts[0m:[93m337[0m:[93m25[0m - [91merror[0m[90m TS4111: [0mProperty 'newDevice' comes from an index signature, so it must be accessed with ['newDevice'].

[7m337[0m     if (params.details?.newDevice) {
[7m   [0m [91m                        ~~~~~~~~~[0m

[96msrc/lib/business-strategy/services/audit.ts[0m:[93m341[0m:[93m25[0m - [91merror[0m[90m TS4111: [0mProperty 'unusualLocation' comes from an index signature, so it must be accessed with ['unusualLocation'].

[7m341[0m     if (params.details?.unusualLocation) {
[7m   [0m [91m                        ~~~~~~~~~~~~~~~[0m

[96msrc/lib/business-strategy/services/base-service.ts[0m:[93m33[0m:[93m38[0m - [91merror[0m[90m TS2345: [0mArgument of type '{ timestamp: Date; userId?: UserId; action: string; entityType: string; entityId?: string; result: "success" | "failure" | "error"; details?: Record<string, unknown>; riskScore?: number; }' is not assignable to parameter of type 'AuditEventInput'.
  Property 'type' is missing in type '{ timestamp: Date; userId?: UserId; action: string; entityType: string; entityId?: string; result: "success" | "failure" | "error"; details?: Record<string, unknown>; riskScore?: number; }' but required in type 'AuditEventInput'.

[7m33[0m     await this.auditService.logEvent({
[7m  [0m [91m                                     ~[0m
[7m34[0m       ...params,
[7m  [0m [91m~~~~~~~~~~~~~~~~[0m
[7m35[0m       timestamp: new Date(),
[7m  [0m [91m~~~~~~~~~~~~~~~~~~~~~~~~~~~~[0m
[7m36[0m     })
[7m  [0m [91m~~~~~[0m

  [96msrc/lib/business-strategy/services/audit.ts[0m:[93m15[0m:[93m3[0m
    [7m15[0m   type:
    [7m  [0m [96m  ~~~~[0m
    'type' is declared here.

[96msrc/lib/business-strategy/services/base-service.ts[0m:[93m87[0m:[93m9[0m - [91merror[0m[90m TS2862: [0mType 'T' is generic and can only be indexed for reading.

[7m87[0m         sanitized[key] = value
[7m  [0m [91m        ~~~~~~~~~~~~~~[0m

[96msrc/lib/business-strategy/services/competitive-intelligence.ts[0m:[93m10[0m:[93m3[0m - [91merror[0m[90m TS2305: [0mModule '"../types/competitive-intelligence"' has no exported member 'CompetitorProfile'.

[7m10[0m   CompetitorProfile,
[7m  [0m [91m  ~~~~~~~~~~~~~~~~~[0m

[96msrc/lib/business-strategy/services/competitive-intelligence.ts[0m:[93m11[0m:[93m3[0m - [91merror[0m[90m TS2305: [0mModule '"../types/competitive-intelligence"' has no exported member 'CompetitorActivity'.

[7m11[0m   CompetitorActivity,
[7m  [0m [91m  ~~~~~~~~~~~~~~~~~~[0m

[96msrc/lib/business-strategy/services/competitive-intelligence.ts[0m:[93m11[0m:[93m3[0m - [91merror[0m[90m TS6196: [0m'CompetitorActivity' is declared but never used.

[7m11[0m   CompetitorActivity,
[7m  [0m [91m  ~~~~~~~~~~~~~~~~~~[0m

[96msrc/lib/business-strategy/services/competitive-intelligence.ts[0m:[93m12[0m:[93m3[0m - [91merror[0m[90m TS2305: [0mModule '"../types/competitive-intelligence"' has no exported member 'MarketPosition'.

[7m12[0m   MarketPosition,
[7m  [0m [91m  ~~~~~~~~~~~~~~[0m

[96msrc/lib/business-strategy/services/competitive-intelligence.ts[0m:[93m12[0m:[93m3[0m - [91merror[0m[90m TS6196: [0m'MarketPosition' is declared but never used.

[7m12[0m   MarketPosition,
[7m  [0m [91m  ~~~~~~~~~~~~~~[0m

[96msrc/lib/business-strategy/services/document-management.ts[0m:[93m13[0m:[93m3[0m - [91merror[0m[90m TS2305: [0mModule '"../types/document-management"' has no exported member 'DocumentCreate'.

[7m13[0m   DocumentCreate,
[7m  [0m [91m  ~~~~~~~~~~~~~~[0m

[96msrc/lib/business-strategy/services/document-management.ts[0m:[93m14[0m:[93m3[0m - [91merror[0m[90m TS2305: [0mModule '"../types/document-management"' has no exported member 'DocumentUpdate'.

[7m14[0m   DocumentUpdate,
[7m  [0m [91m  ~~~~~~~~~~~~~~[0m

[96msrc/lib/business-strategy/services/document-management.ts[0m:[93m91[0m:[93m9[0m - [91merror[0m[90m TS2322: [0mType 'DocumentId' is not assignable to type 'ObjectId | undefined'.
  Type 'String & { readonly __brand: unique symbol; }' is missing the following properties from type 'ObjectId': _bsontype, id, toHexString, toJSON, and 5 more.

[7m91[0m         _id: documentId, // Use documentId as MongoDB _id
[7m  [0m [91m        ~~~[0m

  [96mnode_modules/.pnpm/mongodb@7.2.0/node_modules/mongodb/mongodb.d.ts[0m:[93m7507[0m:[93m5[0m
    [7m7507[0m     _id?: InferIdType<TSchema>;
    [7m    [0m [96m    ~~~[0m
    The expected type comes from property '_id' which is declared here on type 'OptionalId<Document>'

[96msrc/lib/business-strategy/services/market-research.ts[0m:[93m10[0m:[93m3[0m - [91merror[0m[90m TS6196: [0m'MarketAnalysis' is declared but never used.

[7m10[0m   MarketAnalysis,
[7m  [0m [91m  ~~~~~~~~~~~~~~[0m

[96msrc/lib/business-strategy/services/market-research.ts[0m:[93m11[0m:[93m3[0m - [91merror[0m[90m TS2305: [0mModule '"../types/market-research"' has no exported member 'MarketSegment'.

[7m11[0m   MarketSegment,
[7m  [0m [91m  ~~~~~~~~~~~~~[0m

[96msrc/lib/business-strategy/services/market-research.ts[0m:[93m11[0m:[93m3[0m - [91merror[0m[90m TS6196: [0m'MarketSegment' is declared but never used.

[7m11[0m   MarketSegment,
[7m  [0m [91m  ~~~~~~~~~~~~~[0m

[96msrc/lib/business-strategy/services/market-research.ts[0m:[93m12[0m:[93m3[0m - [91merror[0m[90m TS2305: [0mModule '"../types/market-research"' has no exported member 'MarketTrend'.

[7m12[0m   MarketTrend,
[7m  [0m [91m  ~~~~~~~~~~~[0m

[96msrc/lib/business-strategy/services/market-research.ts[0m:[93m13[0m:[93m3[0m - [91merror[0m[90m TS2305: [0mModule '"../types/market-research"' has no exported member 'Opportunity'.

[7m13[0m   Opportunity,
[7m  [0m [91m  ~~~~~~~~~~~[0m

[96msrc/lib/business-strategy/services/market-research.ts[0m:[93m14[0m:[93m3[0m - [91merror[0m[90m TS2305: [0mModule '"../types/market-research"' has no exported member 'CompetitorAnalysis'.

[7m14[0m   CompetitorAnalysis,
[7m  [0m [91m  ~~~~~~~~~~~~~~~~~~[0m

[96msrc/lib/business-strategy/services/market-research.ts[0m:[93m14[0m:[93m3[0m - [91merror[0m[90m TS6196: [0m'CompetitorAnalysis' is declared but never used.

[7m14[0m   CompetitorAnalysis,
[7m  [0m [91m  ~~~~~~~~~~~~~~~~~~[0m

[96msrc/lib/business-strategy/services/user-management.ts[0m:[93m11[0m:[93m3[0m - [91merror[0m[90m TS2305: [0mModule '"../types/user-management"' has no exported member 'UserRole'.

[7m11[0m   UserRole,
[7m  [0m [91m  ~~~~~~~~[0m

[96msrc/lib/business-strategy/services/user-management.ts[0m:[93m11[0m:[93m3[0m - [91merror[0m[90m TS6196: [0m'UserRole' is declared but never used.

[7m11[0m   UserRole,
[7m  [0m [91m  ~~~~~~~~[0m

[96msrc/lib/business-strategy/services/user-management.ts[0m:[93m12[0m:[93m3[0m - [91merror[0m[90m TS6196: [0m'Permission' is declared but never used.

[7m12[0m   Permission,
[7m  [0m [91m  ~~~~~~~~~~[0m

[96msrc/lib/business-strategy/services/user-management.ts[0m:[93m13[0m:[93m3[0m - [91merror[0m[90m TS2305: [0mModule '"../types/user-management"' has no exported member 'Session'.

[7m13[0m   Session,
[7m  [0m [91m  ~~~~~~~[0m

[96msrc/lib/business-strategy/services/user-management.ts[0m:[93m13[0m:[93m3[0m - [91merror[0m[90m TS6196: [0m'Session' is declared but never used.

[7m13[0m   Session,
[7m  [0m [91m  ~~~~~~~[0m

[96msrc/lib/business-strategy/services/user-management.ts[0m:[93m34[0m:[93m7[0m - [91merror[0m[90m TS2322: [0mType '{} | null' is not assignable to type 'User | null'.
  Type '{}' is missing the following properties from type 'User': email, name, role, permissions, and 13 more.

[7m34[0m       return result.rows[0] ?? null
[7m  [0m [91m      ~~~~~~[0m

[96msrc/lib/business-strategy/services/user-management.ts[0m:[93m52[0m:[93m9[0m - [91merror[0m[90m TS2367: [0mThis comparison appears to be unintentional because the types 'Role' and '"admin"' have no overlap.

[7m52[0m     if (user.role === 'admin') return true
[7m  [0m [91m        ~~~~~~~~~~~~~~~~~~~~~[0m

[96msrc/lib/business-strategy/services/workflow-engine.ts[0m:[93m10[0m:[93m3[0m - [91merror[0m[90m TS6196: [0m'WorkflowDefinition' is declared but never used.

[7m10[0m   WorkflowDefinition,
[7m  [0m [91m  ~~~~~~~~~~~~~~~~~~[0m

[96msrc/lib/business-strategy/services/workflow-engine.ts[0m:[93m12[0m:[93m3[0m - [91merror[0m[90m TS6196: [0m'WorkflowStep' is declared but never used.

[7m12[0m   WorkflowStep,
[7m  [0m [91m  ~~~~~~~~~~~~[0m

[96msrc/lib/business-strategy/services/workflow-engine.ts[0m:[93m13[0m:[93m3[0m - [91merror[0m[90m TS2305: [0mModule '"../types/workflow-engine"' has no exported member 'Approval'.

[7m13[0m   Approval,
[7m  [0m [91m  ~~~~~~~~[0m

[96msrc/lib/business-strategy/services/workflow-engine.ts[0m:[93m13[0m:[93m3[0m - [91merror[0m[90m TS6196: [0m'Approval' is declared but never used.

[7m13[0m   Approval,
[7m  [0m [91m  ~~~~~~~~[0m

[96msrc/lib/business-strategy/services/workflow-engine.ts[0m:[93m40[0m:[93m7[0m - [91merror[0m[90m TS2322: [0mType 'string' is not assignable to type 'WorkflowId'.
  Type 'string' is not assignable to type '{ readonly __brand: unique symbol; }'.

[7m40[0m       workflowId,
[7m  [0m [91m      ~~~~~~~~~~[0m

  [96msrc/lib/business-strategy/types/workflow-engine.ts[0m:[93m168[0m:[93m3[0m
    [7m168[0m   workflowId: WorkflowId
    [7m   [0m [96m  ~~~~~~~~~~[0m
    The expected type comes from property 'workflowId' which is declared here on type 'WorkflowExecution'

[96msrc/lib/business-strategy/services/workflow-engine.ts[0m:[93m42[0m:[93m7[0m - [91merror[0m[90m TS2322: [0mType '"running"' is not assignable to type 'WorkflowStatus'.

[7m42[0m       status: 'running',
[7m  [0m [91m      ~~~~~~[0m

  [96msrc/lib/business-strategy/types/workflow-engine.ts[0m:[93m173[0m:[93m3[0m
    [7m173[0m   status: WorkflowStatus
    [7m   [0m [96m  ~~~~~~[0m
    The expected type comes from property 'status' which is declared here on type 'WorkflowExecution'

[96msrc/lib/business-strategy/services/workflow-engine.ts[0m:[93m48[0m:[93m9[0m - [91merror[0m[90m TS2353: [0mObject literal may only specify known properties, and 'documentId' does not exist in type '{ triggeredBy: UserId; triggerType: string; triggerData?: Record<string, unknown> | undefined; }'.

[7m48[0m         documentId,
[7m  [0m [91m        ~~~~~~~~~~[0m

  [96msrc/lib/business-strategy/types/workflow-engine.ts[0m:[93m178[0m:[93m3[0m
    [7m178[0m   context: {
    [7m   [0m [96m  ~~~~~~~[0m
    The expected type comes from property 'context' which is declared here on type 'WorkflowExecution'

[96msrc/lib/business-strategy/services/workflow-engine.ts[0m:[93m98[0m:[93m13[0m - [91merror[0m[90m TS2322: [0mType '{ history: { stepId: string; action: string; userId: UserId; timestamp: Date; details: { feedback: string | undefined; }; }; }' is not assignable to type 'PushOperator<Document>'.
  Type '{ history: { stepId: string; action: string; userId: UserId; timestamp: Date; details: { feedback: string | undefined; }; }; }' is not assignable to type 'NotAcceptedFields<Document, readonly any[]>'.
    Property 'history' is incompatible with index signature.
      Type '{ stepId: string; action: string; userId: UserId; timestamp: Date; details: { feedback: string | undefined; }; }' is not assignable to type 'undefined'.

[7m98[0m             $push: {
[7m  [0m [91m            ~~~~~[0m

[96msrc/lib/cache/advanced-cache-strategy.ts[0m:[93m7[0m:[93m16[0m - [91merror[0m[90m TS2724: [0m'"zlib"' has no exported member named 'ungzip'. Did you mean 'unzip'?

[7m7[0m import { gzip, ungzip } from 'zlib'
[7m [0m [91m               ~~~~~~[0m

  [96mnode_modules/.pnpm/@types+node@25.9.1/node_modules/@types/node/zlib.d.ts[0m:[93m374[0m:[93m14[0m
    [7m374[0m     function unzip(buf: InputType, callback: CompressCallback): void;
    [7m   [0m [96m             ~~~~~[0m
    'unzip' is declared here.

[96msrc/lib/cache/advanced-cache-strategy.ts[0m:[93m14[0m:[93m26[0m - [91merror[0m[90m TS2559: [0mType '"advanced-cache"' has no properties in common with type 'LoggerOptions'.

[7m14[0m const logger = getLogger('advanced-cache')
[7m  [0m [91m                         ~~~~~~~~~~~~~~~~[0m

[96msrc/lib/cache/advanced-cache-strategy.ts[0m:[93m244[0m:[93m49[0m - [91merror[0m[90m TS2345: [0mArgument of type '{ tags: string[]; ttl: number; }' is not assignable to parameter of type 'InvalidationRule'.
  Property 'pattern' is missing in type '{ tags: string[]; ttl: number; }' but required in type 'InvalidationRule'.

[7m244[0m         await this.invalidation.set(key, value, rule)
[7m   [0m [91m                                                ~~~~[0m

  [96msrc/lib/cache/invalidation.ts[0m:[93m10[0m:[93m3[0m
    [7m10[0m   pattern: string
    [7m  [0m [96m  ~~~~~~~[0m
    'pattern' is declared here.

[96msrc/lib/cache/invalidation.ts[0m:[93m1[0m:[93m15[0m - [91merror[0m[90m TS2614: [0mModule '"ioredis"' has no exported member 'Redis'. Did you mean to use 'import Redis from "ioredis"' instead?

[7m1[0m import type { Redis } from 'ioredis'
[7m [0m [91m              ~~~~~[0m

[96msrc/lib/chat/fheChat.ts[0m:[93m47[0m:[93m5[0m - [91merror[0m[90m TS2322: [0mType 'EncryptedData<unknown>' is not assignable to type 'string'.

[7m47[0m     return await fheService.encrypt(JSON.stringify(message))
[7m  [0m [91m    ~~~~~~[0m

[96msrc/lib/chat/fheChat.ts[0m:[93m63[0m:[93m29[0m - [91merror[0m[90m TS2339: [0mProperty 'generateHash' does not exist on type 'RealFHEService'.

[7m63[0m     return await fheService.generateHash(data)
[7m  [0m [91m                            ~~~~~~~~~~~~[0m

[96msrc/lib/collaboration/collaborationManager.ts[0m:[93m84[0m:[93m22[0m - [91merror[0m[90m TS2322: [0mType 'string' is not assignable to type 'Participant'.

[7m84[0m       participants: [creator.id],
[7m  [0m [91m                     ~~~~~~~~~~[0m

[96msrc/lib/collaboration/collaborationManager.ts[0m:[93m91[0m:[93m24[0m - [91merror[0m[90m TS2339: [0mProperty 'settings' does not exist on type 'Omit<CollaborationSession, "id" | "createdAt" | "status" | "participants">'.

[7m91[0m         ...sessionData.settings,
[7m  [0m [91m                       ~~~~~~~~[0m

[96msrc/lib/collaboration/collaborationManager.ts[0m:[93m99[0m:[93m11[0m - [91merror[0m[90m TS2741: [0mProperty 'edited' is missing in type '{ id: string; sessionId: string; senderId: string; content: string; timestamp: Date; encrypted: false; readBy: string[]; }' but required in type 'SecureMessage'.

[7m99[0m     const welcomeMessage: SecureMessage = {
[7m  [0m [91m          ~~~~~~~~~~~~~~[0m

  [96msrc/lib/collaboration/collaborationManager.ts[0m:[93m42[0m:[93m3[0m
    [7m42[0m   edited: boolean
    [7m  [0m [96m  ~~~~~~[0m
    'edited' is declared here.

[96msrc/lib/collaboration/collaborationManager.ts[0m:[93m154[0m:[93m7[0m - [91merror[0m[90m TS2322: [0mType '"collaboration_invite"' is not assignable to type '"alert" | "comment" | "update" | "mention" | "assignment"'.

[7m154[0m       type: 'collaboration_invite',
[7m   [0m [91m      ~~~~[0m

  [96msrc/types/collaboration.ts[0m:[93m53[0m:[93m3[0m
    [7m53[0m   type: 'mention' | 'assignment' | 'comment' | 'update' | 'alert'
    [7m  [0m [96m  ~~~~[0m
    The expected type comes from property 'type' which is declared here on type 'Notification'

[96msrc/lib/collaboration/collaborationManager.ts[0m:[93m174[0m:[93m5[0m - [91merror[0m[90m TS2322: [0mType 'string[] | undefined' is not assignable to type 'string[]'.
  Type 'undefined' is not assignable to type 'string[]'.

[7m174[0m     return permissions[role] ?? permissions.viewer
[7m   [0m [91m    ~~~~~~[0m

[96msrc/lib/collaboration/collaborationManager.ts[0m:[93m174[0m:[93m45[0m - [91merror[0m[90m TS4111: [0mProperty 'viewer' comes from an index signature, so it must be accessed with ['viewer'].

[7m174[0m     return permissions[role] ?? permissions.viewer
[7m   [0m [91m                                            ~~~~~~[0m

[96msrc/lib/collaboration/collaborationManager.ts[0m:[93m207[0m:[93m31[0m - [91merror[0m[90m TS2345: [0mArgument of type 'string' is not assignable to parameter of type 'Participant'.

[7m207[0m     session.participants.push(userId)
[7m   [0m [91m                              ~~~~~~[0m

[96msrc/lib/collaboration/collaborationManager.ts[0m:[93m215[0m:[93m7[0m - [91merror[0m[90m TS2322: [0mType '"collaboration_accepted"' is not assignable to type '"alert" | "comment" | "update" | "mention" | "assignment"'.

[7m215[0m       type: 'collaboration_accepted',
[7m   [0m [91m      ~~~~[0m

  [96msrc/types/collaboration.ts[0m:[93m53[0m:[93m3[0m
    [7m53[0m   type: 'mention' | 'assignment' | 'comment' | 'update' | 'alert'
    [7m  [0m [96m  ~~~~[0m
    The expected type comes from property 'type' which is declared here on type 'Notification'

[96msrc/lib/collaboration/collaborationManager.ts[0m:[93m252[0m:[93m40[0m - [91merror[0m[90m TS2345: [0mArgument of type 'string' is not assignable to parameter of type 'Participant'.

[7m252[0m     if (!session.participants.includes(senderId)) {
[7m   [0m [91m                                       ~~~~~~~~[0m

[96msrc/lib/collaboration/collaborationManager.ts[0m:[93m265[0m:[93m11[0m - [91merror[0m[90m TS2741: [0mProperty 'edited' is missing in type '{ id: string; sessionId: string; senderId: string; content: string; timestamp: Date; encrypted: boolean; readBy: string[]; }' but required in type 'SecureMessage'.

[7m265[0m     const message: SecureMessage = {
[7m   [0m [91m          ~~~~~~~[0m

  [96msrc/lib/collaboration/collaborationManager.ts[0m:[93m42[0m:[93m3[0m
    [7m42[0m   edited: boolean
    [7m  [0m [96m  ~~~~~~[0m
    'edited' is declared here.

[96msrc/lib/collaboration/collaborationManager.ts[0m:[93m288[0m:[93m11[0m - [91merror[0m[90m TS6133: [0m'_sessionKey' is declared but its value is never read.

[7m288[0m     const _sessionKey = await this.getSessionEncryptionKey(sessionId)
[7m   [0m [91m          ~~~~~~~~~~~[0m

[96msrc/lib/collaboration/collaborationManager.ts[0m:[93m320[0m:[93m64[0m - [91merror[0m[90m TS2367: [0mThis comparison appears to be unintentional because the types 'Participant' and 'string' have no overlap.

[7m320[0m     session.participants = session.participants.filter((id) => id !== userId)
[7m   [0m [91m                                                               ~~~~~~~~~~~~~[0m

[96msrc/lib/collaboration/collaborationManager.ts[0m:[93m360[0m:[93m13[0m - [91merror[0m[90m TS2339: [0mProperty 'status' does not exist on type 'CollaborationSession'.

[7m360[0m     session.status = 'ended'
[7m   [0m [91m            ~~~~~~[0m

[96msrc/lib/collaboration/collaborationManager.ts[0m:[93m414[0m:[93m40[0m - [91merror[0m[90m TS2345: [0mArgument of type 'string' is not assignable to parameter of type 'Participant'.

[7m414[0m     if (!session.participants.includes(userId)) {
[7m   [0m [91m                                       ~~~~~~[0m

[96msrc/lib/collaboration/collaborationManager.ts[0m:[93m499[0m:[93m44[0m - [91merror[0m[90m TS2339: [0mProperty 'settings' does not exist on type 'CollaborationSession'.

[7m499[0m     settings: Partial<CollaborationSession['settings']>,
[7m   [0m [91m                                           ~~~~~~~~~~[0m

[96msrc/lib/collaboration/collaborationManager.ts[0m:[93m512[0m:[93m13[0m - [91merror[0m[90m TS2339: [0mProperty 'settings' does not exist on type 'CollaborationSession'.

[7m512[0m     session.settings = { ...session.settings, ...settings }
[7m   [0m [91m            ~~~~~~~~[0m

[96msrc/lib/collaboration/collaborationManager.ts[0m:[93m512[0m:[93m37[0m - [91merror[0m[90m TS2339: [0mProperty 'settings' does not exist on type 'CollaborationSession'.

[7m512[0m     session.settings = { ...session.settings, ...settings }
[7m   [0m [91m                                    ~~~~~~~~[0m

[96msrc/lib/config/performance-config.ts[0m:[93m165[0m:[93m27[0m - [91merror[0m[90m TS4111: [0mProperty 'REDIS_HOST' comes from an index signature, so it must be accessed with ['REDIS_HOST'].

[7m165[0m         host: process.env.REDIS_HOST ?? 'localhost',
[7m   [0m [91m                          ~~~~~~~~~~[0m

[96msrc/lib/config/performance-config.ts[0m:[93m166[0m:[93m36[0m - [91merror[0m[90m TS4111: [0mProperty 'REDIS_PORT' comes from an index signature, so it must be accessed with ['REDIS_PORT'].

[7m166[0m         port: parseInt(process.env.REDIS_PORT ?? '6379'),
[7m   [0m [91m                                   ~~~~~~~~~~[0m

[96msrc/lib/config/performance-config.ts[0m:[93m167[0m:[93m31[0m - [91merror[0m[90m TS4111: [0mProperty 'REDIS_PASSWORD' comes from an index signature, so it must be accessed with ['REDIS_PASSWORD'].

[7m167[0m         password: process.env.REDIS_PASSWORD,
[7m   [0m [91m                              ~~~~~~~~~~~~~~[0m

[96msrc/lib/config/performance-config.ts[0m:[93m271[0m:[93m27[0m - [91merror[0m[90m TS4111: [0mProperty 'REDIS_HOST' comes from an index signature, so it must be accessed with ['REDIS_HOST'].

[7m271[0m         host: process.env.REDIS_HOST ?? 'localhost',
[7m   [0m [91m                          ~~~~~~~~~~[0m

[96msrc/lib/config/performance-config.ts[0m:[93m272[0m:[93m36[0m - [91merror[0m[90m TS4111: [0mProperty 'REDIS_PORT' comes from an index signature, so it must be accessed with ['REDIS_PORT'].

[7m272[0m         port: parseInt(process.env.REDIS_PORT ?? '6379'),
[7m   [0m [91m                                   ~~~~~~~~~~[0m

[96msrc/lib/config/performance-config.ts[0m:[93m273[0m:[93m31[0m - [91merror[0m[90m TS4111: [0mProperty 'REDIS_PASSWORD' comes from an index signature, so it must be accessed with ['REDIS_PASSWORD'].

[7m273[0m         password: process.env.REDIS_PASSWORD,
[7m   [0m [91m                              ~~~~~~~~~~~~~~[0m

[96msrc/lib/config/performance-config.ts[0m:[93m377[0m:[93m27[0m - [91merror[0m[90m TS4111: [0mProperty 'REDIS_HOST' comes from an index signature, so it must be accessed with ['REDIS_HOST'].

[7m377[0m         host: process.env.REDIS_HOST ?? 'localhost',
[7m   [0m [91m                          ~~~~~~~~~~[0m

[96msrc/lib/config/performance-config.ts[0m:[93m378[0m:[93m36[0m - [91merror[0m[90m TS4111: [0mProperty 'REDIS_PORT' comes from an index signature, so it must be accessed with ['REDIS_PORT'].

[7m378[0m         port: parseInt(process.env.REDIS_PORT ?? '6379'),
[7m   [0m [91m                                   ~~~~~~~~~~[0m

[96msrc/lib/config/performance-config.ts[0m:[93m379[0m:[93m31[0m - [91merror[0m[90m TS4111: [0mProperty 'REDIS_PASSWORD' comes from an index signature, so it must be accessed with ['REDIS_PASSWORD'].

[7m379[0m         password: process.env.REDIS_PASSWORD,
[7m   [0m [91m                              ~~~~~~~~~~~~~~[0m

[96msrc/lib/config/performance-config.ts[0m:[93m420[0m:[93m29[0m - [91merror[0m[90m TS4111: [0mProperty 'CDN_URL' comes from an index signature, so it must be accessed with ['CDN_URL'].

[7m420[0m         cdnUrl: process.env.CDN_URL,
[7m   [0m [91m                            ~~~~~~~[0m

[96msrc/lib/config/performance-config.ts[0m:[93m450[0m:[93m27[0m - [91merror[0m[90m TS4111: [0mProperty 'NODE_ENV' comes from an index signature, so it must be accessed with ['NODE_ENV'].

[7m450[0m   const env = process.env.NODE_ENV ?? 'development'
[7m   [0m [91m                          ~~~~~~~~[0m

[96msrc/lib/config/performance-config.ts[0m:[93m460[0m:[93m21[0m - [91merror[0m[90m TS4111: [0mProperty 'API_TIMEOUT' comes from an index signature, so it must be accessed with ['API_TIMEOUT'].

[7m460[0m         process.env.API_TIMEOUT ?? config.api.timeout.toString(),
[7m   [0m [91m                    ~~~~~~~~~~~[0m

[96msrc/lib/config/performance-config.ts[0m:[93m465[0m:[93m23[0m - [91merror[0m[90m TS4111: [0mProperty 'API_RATE_LIMIT' comes from an index signature, so it must be accessed with ['API_RATE_LIMIT'].

[7m465[0m           process.env.API_RATE_LIMIT ??
[7m   [0m [91m                      ~~~~~~~~~~~~~~[0m

[96msrc/lib/config/performance-config.ts[0m:[93m475[0m:[93m23[0m - [91merror[0m[90m TS4111: [0mProperty 'DB_MAX_CONNECTIONS' comes from an index signature, so it must be accessed with ['DB_MAX_CONNECTIONS'].

[7m475[0m           process.env.DB_MAX_CONNECTIONS ?? config.database.pool.max.toString(),
[7m   [0m [91m                      ~~~~~~~~~~~~~~~~~~[0m

[96msrc/lib/config/performance-config.ts[0m:[93m483[0m:[93m27[0m - [91merror[0m[90m TS4111: [0mProperty 'REDIS_HOST' comes from an index signature, so it must be accessed with ['REDIS_HOST'].

[7m483[0m         host: process.env.REDIS_HOST ?? config.redis.connection.host,
[7m   [0m [91m                          ~~~~~~~~~~[0m

[96msrc/lib/config/performance-config.ts[0m:[93m485[0m:[93m23[0m - [91merror[0m[90m TS4111: [0mProperty 'REDIS_PORT' comes from an index signature, so it must be accessed with ['REDIS_PORT'].

[7m485[0m           process.env.REDIS_PORT ?? config.redis.connection.port.toString(),
[7m   [0m [91m                      ~~~~~~~~~~[0m

[96msrc/lib/config/performance-config.ts[0m:[93m551[0m:[93m28[0m - [91merror[0m[90m TS2339: [0mProperty 'createHash' does not exist on type '{}'.

[7m551[0m       createHash = crypto?.createHash
[7m   [0m [91m                           ~~~~~~~~~~[0m

[96msrc/lib/config/performance-config.ts[0m:[93m833[0m:[93m26[0m - [91merror[0m[90m TS2559: [0mType '"performance-config"' has no properties in common with type 'LoggerOptions'.

[7m833[0m const logger = getLogger('performance-config')
[7m   [0m [91m                         ~~~~~~~~~~~~~~~~~~~~[0m

[96msrc/lib/crypto.ts[0m:[93m51[0m:[93m27[0m - [91merror[0m[90m TS2532: [0mObject is possibly 'undefined'.

[7m51[0m         const dataArray = parts[2].split(',').map(Number)
[7m  [0m [91m                          ~~~~~~~~[0m

[96msrc/lib/crypto/encryption.ts[0m:[93m86[0m:[93m13[0m - [91merror[0m[90m TS2322: [0mType 'unknown' is not assignable to type 'EncryptedData'.

[7m86[0m       const encrypted: EncryptedData = JSON.parse(encryptedString) as unknown
[7m  [0m [91m            ~~~~~~~~~[0m

[96msrc/lib/crypto/encryption.ts[0m:[93m134[0m:[93m11[0m - [91merror[0m[90m TS2322: [0mType 'unknown' is not assignable to type 'EncryptedData'.

[7m134[0m     const encrypted: EncryptedData = JSON.parse(encryptedString) as unknown
[7m   [0m [91m          ~~~~~~~~~[0m

[96msrc/lib/crypto/example.ts[0m:[93m124[0m:[93m49[0m - [91merror[0m[90m TS2345: [0mArgument of type 'string | undefined' is not assignable to parameter of type 'string'.
  Type 'undefined' is not assignable to type 'string'.

[7m124[0m   const rotatedKey = await keyStorage.rotateKey(keyId)
[7m   [0m [91m                                                ~~~~~[0m

[96msrc/lib/crypto/keyRotation.ts[0m:[93m148[0m:[93m7[0m - [91merror[0m[90m TS2532: [0mObject is possibly 'undefined'.

[7m148[0m       encryptedData.split(':')[0].substring(1),
[7m   [0m [91m      ~~~~~~~~~~~~~~~~~~~~~~~~~~~[0m

[96msrc/lib/crypto/keyStorage.ts[0m:[93m90[0m:[93m7[0m - [91merror[0m[90m TS2345: [0mArgument of type 'PutCommand' is not assignable to parameter of type 'Command<ServiceInputTypes, PutItemCommandInput | PutCommandInput, ServiceOutputTypes, ServiceOutputTypes, SmithyResolvedConfiguration<...>>'.
  The types of 'middlewareStack.add' are incompatible between these types.
    Type '{ (middleware: InitializeMiddleware<PutItemCommandInput | PutCommandInput, PutItemCommandOutput | PutCommandOutput>, options?: (InitializeHandlerOptions & AbsoluteLocation) | undefined): void; (middleware: SerializeMiddleware<...>, options: SerializeHandlerOptions & AbsoluteLocation): void; (middleware: BuildMiddlew...' is not assignable to type '{ (middleware: InitializeMiddleware<PutItemCommandInput | PutCommandInput, ServiceOutputTypes>, options?: (InitializeHandlerOptions & AbsoluteLocation) | undefined): void; (middleware: SerializeMiddleware<...>, options: SerializeHandlerOptions & AbsoluteLocation): void; (middleware: BuildMiddleware<...>, options: Bu...'.
      Types of parameters 'middleware' and 'middleware' are incompatible.
        Types of parameters 'context' and 'context' are incompatible.
          Type 'import("/home/vivi/pixelated/node_modules/.pnpm/@smithy+types@4.14.1/node_modules/@smithy/types/dist-types/middleware").HandlerExecutionContext' is not assignable to type 'import("/home/vivi/pixelated/node_modules/.pnpm/@smithy+types@4.14.2/node_modules/@smithy/types/dist-types/middleware").HandlerExecutionContext'.
            Types of property '[SMITHY_CONTEXT_KEY]' are incompatible.
              Type '{ [key: string]: unknown; service?: string | undefined; operation?: string | undefined; commandInstance?: import("/home/vivi/pixelated/node_modules/.pnpm/@smithy+types@4.14.1/node_modules/@smithy/types/dist-types/command").Command<any, any, any, any, any> | undefined; selectedHttpAuthScheme?: import("/home/vivi/pixe...' is not assignable to type '{ [key: string]: unknown; service?: string | undefined; operation?: string | undefined; commandInstance?: import("/home/vivi/pixelated/node_modules/.pnpm/@smithy+types@4.14.2/node_modules/@smithy/types/dist-types/command").Command<any, any, any, any, any> | undefined; selectedHttpAuthScheme?: import("/home/vivi/pixe...'.
                Type '{ [key: string]: unknown; service?: string | undefined; operation?: string | undefined; commandInstance?: import("/home/vivi/pixelated/node_modules/.pnpm/@smithy+types@4.14.1/node_modules/@smithy/types/dist-types/command").Command<any, any, any, any, any> | undefined; selectedHttpAuthScheme?: import("/home/vivi/pixe...' is not assignable to type '{ [key: string]: unknown; service?: string | undefined; operation?: string | undefined; commandInstance?: import("/home/vivi/pixelated/node_modules/.pnpm/@smithy+types@4.14.2/node_modules/@smithy/types/dist-types/command").Command<any, any, any, any, any> | undefined; selectedHttpAuthScheme?: import("/home/vivi/pixe...'.
                  Types of property 'commandInstance' are incompatible.
                    Type 'import("/home/vivi/pixelated/node_modules/.pnpm/@smithy+types@4.14.1/node_modules/@smithy/types/dist-types/command").Command<any, any, any, any, any> | undefined' is not assignable to type 'import("/home/vivi/pixelated/node_modules/.pnpm/@smithy+types@4.14.2/node_modules/@smithy/types/dist-types/command").Command<any, any, any, any, any> | undefined'.
                      Type 'import("/home/vivi/pixelated/node_modules/.pnpm/@smithy+types@4.14.1/node_modules/@smithy/types/dist-types/command").Command<any, any, any, any, any>' is not assignable to type 'import("/home/vivi/pixelated/node_modules/.pnpm/@smithy+types@4.14.2/node_modules/@smithy/types/dist-types/command").Command<any, any, any, any, any>'.
                        The types of 'middlewareStack.add' are incompatible between these types.
                          Type '{ (middleware: import("/home/vivi/pixelated/node_modules/.pnpm/@smithy+types@4.14.1/node_modules/@smithy/types/dist-types/middleware").InitializeMiddleware<any, any>, options?: (import("/home/vivi/pixelated/node_modules/.pnpm/@smithy+types@4.14.1/node_modules/@smithy/types/dist-types/middleware").InitializeHandlerOp...' is not assignable to type '{ (middleware: import("/home/vivi/pixelated/node_modules/.pnpm/@smithy+types@4.14.2/node_modules/@smithy/types/dist-types/middleware").InitializeMiddleware<any, any>, options?: (import("/home/vivi/pixelated/node_modules/.pnpm/@smithy+types@4.14.2/node_modules/@smithy/types/dist-types/middleware").InitializeHandlerOp...'.
                            Types of parameters 'options' and 'options' are incompatible.
                              Type 'SerializeHandlerOptions & AbsoluteLocation' is not assignable to type '(InitializeHandlerOptions & AbsoluteLocation) | undefined'.
                                Type 'SerializeHandlerOptions & AbsoluteLocation' is not assignable to type 'InitializeHandlerOptions & AbsoluteLocation'.
                                  Type 'SerializeHandlerOptions & AbsoluteLocation' is not assignable to type 'InitializeHandlerOptions'.
                                    Types of property 'step' are incompatible.
                                      Type '"serialize"' is not assignable to type '"initialize"'.

[7m90[0m       new PutCommand({
[7m  [0m [91m      ~~~~~~~~~~~~~~~~[0m
[7m91[0m         TableName: this.tableName,
[7m  [0m [91m~~~~~~~~~~~~~~~~~~~~~~~~~~~~~~~~~~[0m
[7m92[0m         Item: item,
[7m  [0m [91m~~~~~~~~~~~~~~~~~~~[0m
[7m93[0m       }),
[7m  [0m [91m~~~~~~~~[0m

[96msrc/lib/crypto/keyStorage.ts[0m:[93m104[0m:[93m7[0m - [91merror[0m[90m TS2345: [0mArgument of type 'GetCommand' is not assignable to parameter of type 'Command<ServiceInputTypes, GetItemCommandInput | GetCommandInput, ServiceOutputTypes, ServiceOutputTypes, SmithyResolvedConfiguration<...>>'.
  The types of 'middlewareStack.add' are incompatible between these types.
    Type '{ (middleware: InitializeMiddleware<GetItemCommandInput | GetCommandInput, GetItemCommandOutput | GetCommandOutput>, options?: (InitializeHandlerOptions & AbsoluteLocation) | undefined): void; (middleware: SerializeMiddleware<...>, options: SerializeHandlerOptions & AbsoluteLocation): void; (middleware: BuildMiddlew...' is not assignable to type '{ (middleware: InitializeMiddleware<GetItemCommandInput | GetCommandInput, ServiceOutputTypes>, options?: (InitializeHandlerOptions & AbsoluteLocation) | undefined): void; (middleware: SerializeMiddleware<...>, options: SerializeHandlerOptions & AbsoluteLocation): void; (middleware: BuildMiddleware<...>, options: Bu...'.
      Types of parameters 'middleware' and 'middleware' are incompatible.
        Types of parameters 'context' and 'context' are incompatible.
          Type 'import("/home/vivi/pixelated/node_modules/.pnpm/@smithy+types@4.14.1/node_modules/@smithy/types/dist-types/middleware").HandlerExecutionContext' is not assignable to type 'import("/home/vivi/pixelated/node_modules/.pnpm/@smithy+types@4.14.2/node_modules/@smithy/types/dist-types/middleware").HandlerExecutionContext'.
            Types of property '[SMITHY_CONTEXT_KEY]' are incompatible.
              Type '{ [key: string]: unknown; service?: string | undefined; operation?: string | undefined; commandInstance?: import("/home/vivi/pixelated/node_modules/.pnpm/@smithy+types@4.14.1/node_modules/@smithy/types/dist-types/command").Command<any, any, any, any, any> | undefined; selectedHttpAuthScheme?: import("/home/vivi/pixe...' is not assignable to type '{ [key: string]: unknown; service?: string | undefined; operation?: string | undefined; commandInstance?: import("/home/vivi/pixelated/node_modules/.pnpm/@smithy+types@4.14.2/node_modules/@smithy/types/dist-types/command").Command<any, any, any, any, any> | undefined; selectedHttpAuthScheme?: import("/home/vivi/pixe...'.
                Type '{ [key: string]: unknown; service?: string | undefined; operation?: string | undefined; commandInstance?: import("/home/vivi/pixelated/node_modules/.pnpm/@smithy+types@4.14.1/node_modules/@smithy/types/dist-types/command").Command<any, any, any, any, any> | undefined; selectedHttpAuthScheme?: import("/home/vivi/pixe...' is not assignable to type '{ [key: string]: unknown; service?: string | undefined; operation?: string | undefined; commandInstance?: import("/home/vivi/pixelated/node_modules/.pnpm/@smithy+types@4.14.2/node_modules/@smithy/types/dist-types/command").Command<any, any, any, any, any> | undefined; selectedHttpAuthScheme?: import("/home/vivi/pixe...'.
                  Types of property 'commandInstance' are incompatible.
                    Type 'import("/home/vivi/pixelated/node_modules/.pnpm/@smithy+types@4.14.1/node_modules/@smithy/types/dist-types/command").Command<any, any, any, any, any> | undefined' is not assignable to type 'import("/home/vivi/pixelated/node_modules/.pnpm/@smithy+types@4.14.2/node_modules/@smithy/types/dist-types/command").Command<any, any, any, any, any> | undefined'.
                      Type 'import("/home/vivi/pixelated/node_modules/.pnpm/@smithy+types@4.14.1/node_modules/@smithy/types/dist-types/command").Command<any, any, any, any, any>' is not assignable to type 'import("/home/vivi/pixelated/node_modules/.pnpm/@smithy+types@4.14.2/node_modules/@smithy/types/dist-types/command").Command<any, any, any, any, any>'.
                        The types of 'middlewareStack.add' are incompatible between these types.
                          Type '{ (middleware: import("/home/vivi/pixelated/node_modules/.pnpm/@smithy+types@4.14.1/node_modules/@smithy/types/dist-types/middleware").InitializeMiddleware<any, any>, options?: (import("/home/vivi/pixelated/node_modules/.pnpm/@smithy+types@4.14.1/node_modules/@smithy/types/dist-types/middleware").InitializeHandlerOp...' is not assignable to type '{ (middleware: import("/home/vivi/pixelated/node_modules/.pnpm/@smithy+types@4.14.2/node_modules/@smithy/types/dist-types/middleware").InitializeMiddleware<any, any>, options?: (import("/home/vivi/pixelated/node_modules/.pnpm/@smithy+types@4.14.2/node_modules/@smithy/types/dist-types/middleware").InitializeHandlerOp...'.
                            Types of parameters 'options' and 'options' are incompatible.
                              Type 'SerializeHandlerOptions & AbsoluteLocation' is not assignable to type '(InitializeHandlerOptions & AbsoluteLocation) | undefined'.
                                Type 'SerializeHandlerOptions & AbsoluteLocation' is not assignable to type 'InitializeHandlerOptions & AbsoluteLocation'.
                                  Type 'SerializeHandlerOptions & AbsoluteLocation' is not assignable to type 'InitializeHandlerOptions'.
                                    Types of property 'step' are incompatible.
                                      Type '"serialize"' is not assignable to type '"initialize"'.

[7m104[0m       new GetCommand({
[7m   [0m [91m      ~~~~~~~~~~~~~~~~[0m
[7m105[0m         TableName: this.tableName,
[7m   [0m [91m~~~~~~~~~~~~~~~~~~~~~~~~~~~~~~~~~~[0m
[7m...[0m 
[7m108[0m         },
[7m   [0m [91m~~~~~~~~~~[0m
[7m109[0m       }),
[7m   [0m [91m~~~~~~~~[0m

[96msrc/lib/crypto/keyStorage.ts[0m:[93m112[0m:[93m20[0m - [91merror[0m[90m TS2339: [0mProperty 'Item' does not exist on type 'ServiceOutputTypes'.
  Property 'Item' does not exist on type 'BatchExecuteStatementCommandOutput'.

[7m112[0m     return (result.Item as StoredKeyData) || null
[7m   [0m [91m                   ~~~~[0m

[96msrc/lib/crypto/keyStorage.ts[0m:[93m224[0m:[93m49[0m - [91merror[0m[90m TS2345: [0mArgument of type 'QueryCommand' is not assignable to parameter of type 'Command<ServiceInputTypes, QueryCommandInput | QueryCommandInput, ServiceOutputTypes, ServiceOutputTypes, SmithyResolvedConfiguration<...>>'.
  The types of 'middlewareStack.add' are incompatible between these types.
    Type '{ (middleware: InitializeMiddleware<QueryCommandInput | QueryCommandInput, QueryCommandOutput | QueryCommandOutput>, options?: (InitializeHandlerOptions & AbsoluteLocation) | undefined): void; (middleware: SerializeMiddleware<...>, options: SerializeHandlerOptions & AbsoluteLocation): void; (middleware: BuildMiddlew...' is not assignable to type '{ (middleware: InitializeMiddleware<QueryCommandInput | QueryCommandInput, ServiceOutputTypes>, options?: (InitializeHandlerOptions & AbsoluteLocation) | undefined): void; (middleware: SerializeMiddleware<...>, options: SerializeHandlerOptions & AbsoluteLocation): void; (middleware: BuildMiddleware<...>, options: Bu...'.
      Types of parameters 'middleware' and 'middleware' are incompatible.
        Types of parameters 'context' and 'context' are incompatible.
          Type 'import("/home/vivi/pixelated/node_modules/.pnpm/@smithy+types@4.14.1/node_modules/@smithy/types/dist-types/middleware").HandlerExecutionContext' is not assignable to type 'import("/home/vivi/pixelated/node_modules/.pnpm/@smithy+types@4.14.2/node_modules/@smithy/types/dist-types/middleware").HandlerExecutionContext'.
            Types of property '[SMITHY_CONTEXT_KEY]' are incompatible.
              Type '{ [key: string]: unknown; service?: string | undefined; operation?: string | undefined; commandInstance?: import("/home/vivi/pixelated/node_modules/.pnpm/@smithy+types@4.14.1/node_modules/@smithy/types/dist-types/command").Command<any, any, any, any, any> | undefined; selectedHttpAuthScheme?: import("/home/vivi/pixe...' is not assignable to type '{ [key: string]: unknown; service?: string | undefined; operation?: string | undefined; commandInstance?: import("/home/vivi/pixelated/node_modules/.pnpm/@smithy+types@4.14.2/node_modules/@smithy/types/dist-types/command").Command<any, any, any, any, any> | undefined; selectedHttpAuthScheme?: import("/home/vivi/pixe...'.
                Type '{ [key: string]: unknown; service?: string | undefined; operation?: string | undefined; commandInstance?: import("/home/vivi/pixelated/node_modules/.pnpm/@smithy+types@4.14.1/node_modules/@smithy/types/dist-types/command").Command<any, any, any, any, any> | undefined; selectedHttpAuthScheme?: import("/home/vivi/pixe...' is not assignable to type '{ [key: string]: unknown; service?: string | undefined; operation?: string | undefined; commandInstance?: import("/home/vivi/pixelated/node_modules/.pnpm/@smithy+types@4.14.2/node_modules/@smithy/types/dist-types/command").Command<any, any, any, any, any> | undefined; selectedHttpAuthScheme?: import("/home/vivi/pixe...'.
                  Types of property 'commandInstance' are incompatible.
                    Type 'import("/home/vivi/pixelated/node_modules/.pnpm/@smithy+types@4.14.1/node_modules/@smithy/types/dist-types/command").Command<any, any, any, any, any> | undefined' is not assignable to type 'import("/home/vivi/pixelated/node_modules/.pnpm/@smithy+types@4.14.2/node_modules/@smithy/types/dist-types/command").Command<any, any, any, any, any> | undefined'.
                      Type 'import("/home/vivi/pixelated/node_modules/.pnpm/@smithy+types@4.14.1/node_modules/@smithy/types/dist-types/command").Command<any, any, any, any, any>' is not assignable to type 'import("/home/vivi/pixelated/node_modules/.pnpm/@smithy+types@4.14.2/node_modules/@smithy/types/dist-types/command").Command<any, any, any, any, any>'.
                        The types of 'middlewareStack.add' are incompatible between these types.
                          Type '{ (middleware: import("/home/vivi/pixelated/node_modules/.pnpm/@smithy+types@4.14.1/node_modules/@smithy/types/dist-types/middleware").InitializeMiddleware<any, any>, options?: (import("/home/vivi/pixelated/node_modules/.pnpm/@smithy+types@4.14.1/node_modules/@smithy/types/dist-types/middleware").InitializeHandlerOp...' is not assignable to type '{ (middleware: import("/home/vivi/pixelated/node_modules/.pnpm/@smithy+types@4.14.2/node_modules/@smithy/types/dist-types/middleware").InitializeMiddleware<any, any>, options?: (import("/home/vivi/pixelated/node_modules/.pnpm/@smithy+types@4.14.2/node_modules/@smithy/types/dist-types/middleware").InitializeHandlerOp...'.
                            Types of parameters 'options' and 'options' are incompatible.
                              Type 'SerializeHandlerOptions & AbsoluteLocation' is not assignable to type '(InitializeHandlerOptions & AbsoluteLocation) | undefined'.
                                Type 'SerializeHandlerOptions & AbsoluteLocation' is not assignable to type 'InitializeHandlerOptions & AbsoluteLocation'.
                                  Type 'SerializeHandlerOptions & AbsoluteLocation' is not assignable to type 'InitializeHandlerOptions'.
                                    Types of property 'step' are incompatible.
                                      Type '"serialize"' is not assignable to type '"initialize"'.

[7m224[0m     const result = await this.dynamoClient.send(new QueryCommand(queryParams))
[7m   [0m [91m                                                ~~~~~~~~~~~~~~~~~~~~~~~~~~~~~[0m

[96msrc/lib/crypto/keyStorage.ts[0m:[93m225[0m:[93m20[0m - [91merror[0m[90m TS2339: [0mProperty 'Items' does not exist on type 'ServiceOutputTypes'.
  Property 'Items' does not exist on type 'BatchExecuteStatementCommandOutput'.

[7m225[0m     return (result.Items ?? []).map((item) => item.keyId)
[7m   [0m [91m                   ~~~~~[0m

[96msrc/lib/crypto/keyStorage.ts[0m:[93m225[0m:[93m38[0m - [91merror[0m[90m TS7006: [0mParameter 'item' implicitly has an 'any' type.

[7m225[0m     return (result.Items ?? []).map((item) => item.keyId)
[7m   [0m [91m                                     ~~~~[0m

[96msrc/lib/crypto/keyStorage.ts[0m:[93m236[0m:[93m9[0m - [91merror[0m[90m TS2345: [0mArgument of type 'DeleteCommand' is not assignable to parameter of type 'Command<ServiceInputTypes, DeleteItemCommandInput | DeleteCommandInput, ServiceOutputTypes, ServiceOutputTypes, SmithyResolvedConfiguration<...>>'.
  The types of 'middlewareStack.add' are incompatible between these types.
    Type '{ (middleware: InitializeMiddleware<DeleteItemCommandInput | DeleteCommandInput, DeleteItemCommandOutput | DeleteCommandOutput>, options?: (InitializeHandlerOptions & AbsoluteLocation) | undefined): void; (middleware: SerializeMiddleware<...>, options: SerializeHandlerOptions & AbsoluteLocation): void; (middleware: ...' is not assignable to type '{ (middleware: InitializeMiddleware<DeleteItemCommandInput | DeleteCommandInput, ServiceOutputTypes>, options?: (InitializeHandlerOptions & AbsoluteLocation) | undefined): void; (middleware: SerializeMiddleware<...>, options: SerializeHandlerOptions & AbsoluteLocation): void; (middleware: BuildMiddleware<...>, optio...'.
      Types of parameters 'middleware' and 'middleware' are incompatible.
        Types of parameters 'context' and 'context' are incompatible.
          Type 'import("/home/vivi/pixelated/node_modules/.pnpm/@smithy+types@4.14.1/node_modules/@smithy/types/dist-types/middleware").HandlerExecutionContext' is not assignable to type 'import("/home/vivi/pixelated/node_modules/.pnpm/@smithy+types@4.14.2/node_modules/@smithy/types/dist-types/middleware").HandlerExecutionContext'.
            Types of property '[SMITHY_CONTEXT_KEY]' are incompatible.
              Type '{ [key: string]: unknown; service?: string | undefined; operation?: string | undefined; commandInstance?: import("/home/vivi/pixelated/node_modules/.pnpm/@smithy+types@4.14.1/node_modules/@smithy/types/dist-types/command").Command<any, any, any, any, any> | undefined; selectedHttpAuthScheme?: import("/home/vivi/pixe...' is not assignable to type '{ [key: string]: unknown; service?: string | undefined; operation?: string | undefined; commandInstance?: import("/home/vivi/pixelated/node_modules/.pnpm/@smithy+types@4.14.2/node_modules/@smithy/types/dist-types/command").Command<any, any, any, any, any> | undefined; selectedHttpAuthScheme?: import("/home/vivi/pixe...'.
                Type '{ [key: string]: unknown; service?: string | undefined; operation?: string | undefined; commandInstance?: import("/home/vivi/pixelated/node_modules/.pnpm/@smithy+types@4.14.1/node_modules/@smithy/types/dist-types/command").Command<any, any, any, any, any> | undefined; selectedHttpAuthScheme?: import("/home/vivi/pixe...' is not assignable to type '{ [key: string]: unknown; service?: string | undefined; operation?: string | undefined; commandInstance?: import("/home/vivi/pixelated/node_modules/.pnpm/@smithy+types@4.14.2/node_modules/@smithy/types/dist-types/command").Command<any, any, any, any, any> | undefined; selectedHttpAuthScheme?: import("/home/vivi/pixe...'.
                  Types of property 'commandInstance' are incompatible.
                    Type 'import("/home/vivi/pixelated/node_modules/.pnpm/@smithy+types@4.14.1/node_modules/@smithy/types/dist-types/command").Command<any, any, any, any, any> | undefined' is not assignable to type 'import("/home/vivi/pixelated/node_modules/.pnpm/@smithy+types@4.14.2/node_modules/@smithy/types/dist-types/command").Command<any, any, any, any, any> | undefined'.
                      Type 'import("/home/vivi/pixelated/node_modules/.pnpm/@smithy+types@4.14.1/node_modules/@smithy/types/dist-types/command").Command<any, any, any, any, any>' is not assignable to type 'import("/home/vivi/pixelated/node_modules/.pnpm/@smithy+types@4.14.2/node_modules/@smithy/types/dist-types/command").Command<any, any, any, any, any>'.
                        The types of 'middlewareStack.add' are incompatible between these types.
                          Type '{ (middleware: import("/home/vivi/pixelated/node_modules/.pnpm/@smithy+types@4.14.1/node_modules/@smithy/types/dist-types/middleware").InitializeMiddleware<any, any>, options?: (import("/home/vivi/pixelated/node_modules/.pnpm/@smithy+types@4.14.1/node_modules/@smithy/types/dist-types/middleware").InitializeHandlerOp...' is not assignable to type '{ (middleware: import("/home/vivi/pixelated/node_modules/.pnpm/@smithy+types@4.14.2/node_modules/@smithy/types/dist-types/middleware").InitializeMiddleware<any, any>, options?: (import("/home/vivi/pixelated/node_modules/.pnpm/@smithy+types@4.14.2/node_modules/@smithy/types/dist-types/middleware").InitializeHandlerOp...'.
                            Types of parameters 'options' and 'options' are incompatible.
                              Type 'SerializeHandlerOptions & AbsoluteLocation' is not assignable to type '(InitializeHandlerOptions & AbsoluteLocation) | undefined'.
                                Type 'SerializeHandlerOptions & AbsoluteLocation' is not assignable to type 'InitializeHandlerOptions & AbsoluteLocation'.
                                  Type 'SerializeHandlerOptions & AbsoluteLocation' is not assignable to type 'InitializeHandlerOptions'.
                                    Types of property 'step' are incompatible.
                                      Type '"serialize"' is not assignable to type '"initialize"'.

[7m236[0m         new DeleteCommand({
[7m   [0m [91m        ~~~~~~~~~~~~~~~~~~~[0m
[7m237[0m           TableName: this.tableName,
[7m   [0m [91m~~~~~~~~~~~~~~~~~~~~~~~~~~~~~~~~~~~~[0m
[7m...[0m 
[7m240[0m           },
[7m   [0m [91m~~~~~~~~~~~~[0m
[7m241[0m         }),
[7m   [0m [91m~~~~~~~~~~[0m

[96msrc/lib/data/auth0-bulk-import-export-service.ts[0m:[93m6[0m:[93m1[0m - [91merror[0m[90m TS6133: [0m'promisify' is declared but its value is never read.

[7m6[0m import { promisify } from 'util'
[7m [0m [91m~~~~~~~~~~~~~~~~~~~~~~~~~~~~~~~~[0m

[96msrc/lib/data/auth0-bulk-import-export-service.ts[0m:[93m20[0m:[93m23[0m - [91merror[0m[90m TS4111: [0mProperty 'AUTH0_DOMAIN' comes from an index signature, so it must be accessed with ['AUTH0_DOMAIN'].

[7m20[0m   domain: process.env.AUTH0_DOMAIN ?? '',
[7m  [0m [91m                      ~~~~~~~~~~~~[0m

[96msrc/lib/data/auth0-bulk-import-export-service.ts[0m:[93m21[0m:[93m35[0m - [91merror[0m[90m TS4111: [0mProperty 'AUTH0_MANAGEMENT_CLIENT_ID' comes from an index signature, so it must be accessed with ['AUTH0_MANAGEMENT_CLIENT_ID'].

[7m21[0m   managementClientId: process.env.AUTH0_MANAGEMENT_CLIENT_ID ?? '',
[7m  [0m [91m                                  ~~~~~~~~~~~~~~~~~~~~~~~~~~[0m

[96msrc/lib/data/auth0-bulk-import-export-service.ts[0m:[93m22[0m:[93m39[0m - [91merror[0m[90m TS4111: [0mProperty 'AUTH0_MANAGEMENT_CLIENT_SECRET' comes from an index signature, so it must be accessed with ['AUTH0_MANAGEMENT_CLIENT_SECRET'].

[7m22[0m   managementClientSecret: process.env.AUTH0_MANAGEMENT_CLIENT_SECRET ?? '',
[7m  [0m [91m                                      ~~~~~~~~~~~~~~~~~~~~~~~~~~~~~~[0m

[96msrc/lib/data/auth0-bulk-import-export-service.ts[0m:[93m47[0m:[93m5[0m - [91merror[0m[90m TS2353: [0mObject literal may only specify known properties, and 'scope' does not exist in type 'Auth0ClientOptions'.

[7m47[0m     scope: 'read:users create:users update:users create:user_tickets',
[7m  [0m [91m    ~~~~~[0m

[96msrc/lib/data/auth0-bulk-import-export-service.ts[0m:[93m175[0m:[93m53[0m - [91merror[0m[90m TS2339: [0mProperty 'createUser' does not exist on type 'ManagementClient'.

[7m175[0m             const auth0User = await auth0Management.createUser({
[7m   [0m [91m                                                    ~~~~~~~~~~[0m

[96msrc/lib/data/auth0-bulk-import-export-service.ts[0m:[93m176[0m:[93m22[0m - [91merror[0m[90m TS18048: [0m'user' is possibly 'undefined'.

[7m176[0m               email: user.email,
[7m   [0m [91m                     ~~~~[0m

[96msrc/lib/data/auth0-bulk-import-export-service.ts[0m:[93m177[0m:[93m21[0m - [91merror[0m[90m TS18048: [0m'user' is possibly 'undefined'.

[7m177[0m               name: user.name,
[7m   [0m [91m                    ~~~~[0m

[96msrc/lib/data/auth0-bulk-import-export-service.ts[0m:[93m178[0m:[93m24[0m - [91merror[0m[90m TS18048: [0m'user' is possibly 'undefined'.

[7m178[0m               user_id: user.user_id,
[7m   [0m [91m                       ~~~~[0m

[96msrc/lib/data/auth0-bulk-import-export-service.ts[0m:[93m179[0m:[93m31[0m - [91merror[0m[90m TS18048: [0m'user' is possibly 'undefined'.

[7m179[0m               email_verified: user.email_verified,
[7m   [0m [91m                              ~~~~[0m

[96msrc/lib/data/auth0-bulk-import-export-service.ts[0m:[93m180[0m:[93m29[0m - [91merror[0m[90m TS18048: [0m'user' is possibly 'undefined'.

[7m180[0m               app_metadata: user.app_metadata,
[7m   [0m [91m                            ~~~~[0m

[96msrc/lib/data/auth0-bulk-import-export-service.ts[0m:[93m181[0m:[93m30[0m - [91merror[0m[90m TS18048: [0m'user' is possibly 'undefined'.

[7m181[0m               user_metadata: user.user_metadata,
[7m   [0m [91m                             ~~~~[0m

[96msrc/lib/data/auth0-bulk-import-export-service.ts[0m:[93m182[0m:[93m25[0m - [91merror[0m[90m TS18048: [0m'user' is possibly 'undefined'.

[7m182[0m               password: user.password,
[7m   [0m [91m                        ~~~~[0m

[96msrc/lib/data/auth0-bulk-import-export-service.ts[0m:[93m184[0m:[93m17[0m - [91merror[0m[90m TS18048: [0m'user' is possibly 'undefined'.

[7m184[0m                 user.connection ??
[7m   [0m [91m                ~~~~[0m

[96msrc/lib/data/auth0-bulk-import-export-service.ts[0m:[93m191[0m:[93m17[0m - [91merror[0m[90m TS18048: [0m'user' is possibly 'undefined'.

[7m191[0m             if (user.roles && user.roles.length > 0 && auth0User.user_id) {
[7m   [0m [91m                ~~~~[0m

[96msrc/lib/data/auth0-bulk-import-export-service.ts[0m:[93m191[0m:[93m31[0m - [91merror[0m[90m TS18048: [0m'user' is possibly 'undefined'.

[7m191[0m             if (user.roles && user.roles.length > 0 && auth0User.user_id) {
[7m   [0m [91m                              ~~~~[0m

[96msrc/lib/data/auth0-bulk-import-export-service.ts[0m:[93m193[0m:[93m34[0m - [91merror[0m[90m TS18048: [0m'user' is possibly 'undefined'.

[7m193[0m               for (const role of user.roles) {
[7m   [0m [91m                                 ~~~~[0m

[96msrc/lib/data/auth0-bulk-import-export-service.ts[0m:[93m195[0m:[93m42[0m - [91merror[0m[90m TS2339: [0mProperty 'assignRoleToUser' does not exist on type 'Auth0UserService'.

[7m195[0m                   await auth0UserService.assignRoleToUser(
[7m   [0m [91m                                         ~~~~~~~~~~~~~~~~[0m

[96msrc/lib/data/auth0-bulk-import-export-service.ts[0m:[93m216[0m:[93m24[0m - [91merror[0m[90m TS18048: [0m'user' is possibly 'undefined'.

[7m216[0m                 email: user.email,
[7m   [0m [91m                       ~~~~[0m

[96msrc/lib/data/auth0-bulk-import-export-service.ts[0m:[93m225[0m:[93m22[0m - [91merror[0m[90m TS18048: [0m'user' is possibly 'undefined'.

[7m225[0m               email: user.email,
[7m   [0m [91m                     ~~~~[0m

[96msrc/lib/data/auth0-bulk-import-export-service.ts[0m:[93m237[0m:[93m22[0m - [91merror[0m[90m TS18048: [0m'user' is possibly 'undefined'.

[7m237[0m               email: user.email,
[7m   [0m [91m                     ~~~~[0m

[96msrc/lib/data/auth0-bulk-import-export-service.ts[0m:[93m268[0m:[93m9[0m - [91merror[0m[90m TS2345: [0mArgument of type '`bulk_import_completed_${number}_success`' is not assignable to parameter of type 'AuthenticationEvent'.

[7m268[0m         `bulk_import_completed_${result.successfulImports}_success`,
[7m   [0m [91m        ~~~~~~~~~~~~~~~~~~~~~~~~~~~~~~~~~~~~~~~~~~~~~~~~~~~~~~~~~~~[0m

[96msrc/lib/data/auth0-bulk-import-export-service.ts[0m:[93m364[0m:[93m5[0m - [91merror[0m[90m TS2741: [0mProperty 'format' is missing in type '{}' but required in type 'BulkExportOptions'.

[7m364[0m     options: BulkExportOptions = {},
[7m   [0m [91m    ~~~~~~~~~~~~~~~~~~~~~~~~~~~~~~~[0m

  [96msrc/lib/data/auth0-bulk-import-export-service.ts[0m:[93m63[0m:[93m3[0m
    [7m63[0m   format: 'json' | 'csv'
    [7m  [0m [96m  ~~~~~~[0m
    'format' is declared here.

[96msrc/lib/data/auth0-bulk-import-export-service.ts[0m:[93m394[0m:[93m48[0m - [91merror[0m[90m TS2339: [0mProperty 'getUsers' does not exist on type 'ManagementClient'.

[7m394[0m         const response = await auth0Management.getUsers(queryParams)
[7m   [0m [91m                                               ~~~~~~~~[0m

[96msrc/lib/data/auth0-bulk-import-export-service.ts[0m:[93m397[0m:[93m43[0m - [91merror[0m[90m TS7006: [0mParameter 'user' implicitly has an 'any' type.

[7m397[0m         const users = response.users.map((user) => ({
[7m   [0m [91m                                          ~~~~[0m

[96msrc/lib/data/auth0-bulk-import-export-service.ts[0m:[93m438[0m:[93m9[0m - [91merror[0m[90m TS2345: [0mArgument of type '`bulk_export_completed_json_${number}_users`' is not assignable to parameter of type 'AuthenticationEvent'.

[7m438[0m         `bulk_export_completed_json_${allUsers.length}_users`,
[7m   [0m [91m        ~~~~~~~~~~~~~~~~~~~~~~~~~~~~~~~~~~~~~~~~~~~~~~~~~~~~~[0m

[96msrc/lib/data/auth0-bulk-import-export-service.ts[0m:[93m473[0m:[93m5[0m - [91merror[0m[90m TS2741: [0mProperty 'format' is missing in type '{}' but required in type 'BulkExportOptions'.

[7m473[0m     options: BulkExportOptions = {},
[7m   [0m [91m    ~~~~~~~~~~~~~~~~~~~~~~~~~~~~~~~[0m

  [96msrc/lib/data/auth0-bulk-import-export-service.ts[0m:[93m63[0m:[93m3[0m
    [7m63[0m   format: 'json' | 'csv'
    [7m  [0m [96m  ~~~~~~[0m
    'format' is declared here.

[96msrc/lib/data/auth0-bulk-import-export-service.ts[0m:[93m503[0m:[93m48[0m - [91merror[0m[90m TS2339: [0mProperty 'getUsers' does not exist on type 'ManagementClient'.

[7m503[0m         const response = await auth0Management.getUsers(queryParams)
[7m   [0m [91m                                               ~~~~~~~~[0m

[96msrc/lib/data/auth0-bulk-import-export-service.ts[0m:[93m506[0m:[93m43[0m - [91merror[0m[90m TS7006: [0mParameter 'user' implicitly has an 'any' type.

[7m506[0m         const users = response.users.map((user) => ({
[7m   [0m [91m                                          ~~~~[0m

[96msrc/lib/data/auth0-bulk-import-export-service.ts[0m:[93m589[0m:[93m9[0m - [91merror[0m[90m TS2345: [0mArgument of type '`bulk_export_completed_csv_${number}_users`' is not assignable to parameter of type 'AuthenticationEvent'.

[7m589[0m         `bulk_export_completed_csv_${allUsers.length}_users`,
[7m   [0m [91m        ~~~~~~~~~~~~~~~~~~~~~~~~~~~~~~~~~~~~~~~~~~~~~~~~~~~~[0m

[96msrc/lib/data/auth0-bulk-import-export-service.ts[0m:[93m642[0m:[93m9[0m - [91merror[0m[90m TS2345: [0mArgument of type '`bulk_import_job_status_check_${string}`' is not assignable to parameter of type 'AuthenticationEvent'.

[7m642[0m         `bulk_import_job_status_check_${jobId}`,
[7m   [0m [91m        ~~~~~~~~~~~~~~~~~~~~~~~~~~~~~~~~~~~~~~~[0m

[96msrc/lib/data/auth0-bulk-import-export-service.ts[0m:[93m699[0m:[93m12[0m - [91merror[0m[90m TS18048: [0m'user' is possibly 'undefined'.

[7m699[0m       if (!user.email) {
[7m   [0m [91m           ~~~~[0m

[96msrc/lib/data/auth0-bulk-import-export-service.ts[0m:[93m705[0m:[93m39[0m - [91merror[0m[90m TS18048: [0m'user' is possibly 'undefined'.

[7m705[0m       } else if (!/\S+@\S+\.\S+/.test(user.email)) {
[7m   [0m [91m                                      ~~~~[0m

[96msrc/lib/data/auth0-bulk-import-export-service.ts[0m:[93m714[0m:[93m11[0m - [91merror[0m[90m TS18048: [0m'user' is possibly 'undefined'.

[7m714[0m       if (user.roles) {
[7m   [0m [91m          ~~~~[0m

[96msrc/lib/data/auth0-bulk-import-export-service.ts[0m:[93m715[0m:[93m28[0m - [91merror[0m[90m TS18048: [0m'user' is possibly 'undefined'.

[7m715[0m         for (const role of user.roles) {
[7m   [0m [91m                           ~~~~[0m

[96msrc/lib/data/auth0-bulk-import-export-service.ts[0m:[93m736[0m:[93m11[0m - [91merror[0m[90m TS18048: [0m'user' is possibly 'undefined'.

[7m736[0m       if (user.connection) {
[7m   [0m [91m          ~~~~[0m

[96msrc/lib/data/auth0-bulk-import-export-service.ts[0m:[93m744[0m:[93m40[0m - [91merror[0m[90m TS18048: [0m'user' is possibly 'undefined'.

[7m744[0m         if (!validConnections.includes(user.connection)) {
[7m   [0m [91m                                       ~~~~[0m

[96msrc/lib/data/auth0-bulk-import-export-service.ts[0m:[93m748[0m:[93m43[0m - [91merror[0m[90m TS18048: [0m'user' is possibly 'undefined'.

[7m748[0m             error: `Invalid connection: ${user.connection}`,
[7m   [0m [91m                                          ~~~~[0m

[96msrc/lib/data/auth0-bulk-import-export-service.ts[0m:[93m851[0m:[93m9[0m - [91merror[0m[90m TS2345: [0mArgument of type '`recurring_export_scheduled_${string}`' is not assignable to parameter of type 'AuthenticationEvent'.

[7m851[0m         `recurring_export_scheduled_${cronExpression}`,
[7m   [0m [91m        ~~~~~~~~~~~~~~~~~~~~~~~~~~~~~~~~~~~~~~~~~~~~~~[0m

[96msrc/lib/data/auth0-soft-delete-service.ts[0m:[93m15[0m:[93m23[0m - [91merror[0m[90m TS4111: [0mProperty 'AUTH0_DOMAIN' comes from an index signature, so it must be accessed with ['AUTH0_DOMAIN'].

[7m15[0m   domain: process.env.AUTH0_DOMAIN ?? '',
[7m  [0m [91m                      ~~~~~~~~~~~~[0m

[96msrc/lib/data/auth0-soft-delete-service.ts[0m:[93m16[0m:[93m35[0m - [91merror[0m[90m TS4111: [0mProperty 'AUTH0_MANAGEMENT_CLIENT_ID' comes from an index signature, so it must be accessed with ['AUTH0_MANAGEMENT_CLIENT_ID'].

[7m16[0m   managementClientId: process.env.AUTH0_MANAGEMENT_CLIENT_ID ?? '',
[7m  [0m [91m                                  ~~~~~~~~~~~~~~~~~~~~~~~~~~[0m

[96msrc/lib/data/auth0-soft-delete-service.ts[0m:[93m17[0m:[93m39[0m - [91merror[0m[90m TS4111: [0mProperty 'AUTH0_MANAGEMENT_CLIENT_SECRET' comes from an index signature, so it must be accessed with ['AUTH0_MANAGEMENT_CLIENT_SECRET'].

[7m17[0m   managementClientSecret: process.env.AUTH0_MANAGEMENT_CLIENT_SECRET ?? '',
[7m  [0m [91m                                      ~~~~~~~~~~~~~~~~~~~~~~~~~~~~~~[0m

[96msrc/lib/data/auth0-soft-delete-service.ts[0m:[93m42[0m:[93m5[0m - [91merror[0m[90m TS2353: [0mObject literal may only specify known properties, and 'scope' does not exist in type 'Auth0ClientOptions'.

[7m42[0m     scope: 'read:users update:users delete:users',
[7m  [0m [91m    ~~~~~[0m

[96msrc/lib/data/auth0-soft-delete-service.ts[0m:[93m135[0m:[93m42[0m - [91merror[0m[90m TS2339: [0mProperty 'getUser' does not exist on type 'ManagementClient'.

[7m135[0m       const user = await auth0Management.getUser({ id: deleteRequest.userId })
[7m   [0m [91m                                         ~~~~~~~[0m

[96msrc/lib/data/auth0-soft-delete-service.ts[0m:[93m192[0m:[93m29[0m - [91merror[0m[90m TS2339: [0mProperty 'updateUser' does not exist on type 'ManagementClient'.

[7m192[0m       await auth0Management.updateUser(
[7m   [0m [91m                            ~~~~~~~~~~[0m

[96msrc/lib/data/auth0-soft-delete-service.ts[0m:[93m222[0m:[93m9[0m - [91merror[0m[90m TS2345: [0mArgument of type '"user_soft_deleted"' is not assignable to parameter of type 'AuthenticationEvent'.

[7m222[0m         'user_soft_deleted',
[7m   [0m [91m        ~~~~~~~~~~~~~~~~~~~[0m

[96msrc/lib/data/auth0-soft-delete-service.ts[0m:[93m272[0m:[93m29[0m - [91merror[0m[90m TS2339: [0mProperty 'updateUser' does not exist on type 'ManagementClient'.

[7m272[0m       await auth0Management.updateUser(
[7m   [0m [91m                            ~~~~~~~~~~[0m

[96msrc/lib/data/auth0-soft-delete-service.ts[0m:[93m296[0m:[93m56[0m - [91merror[0m[90m TS2345: [0mArgument of type '"user_restored"' is not assignable to parameter of type 'AuthenticationEvent'.

[7m296[0m       await updatePhase6AuthenticationProgress(userId, 'user_restored')
[7m   [0m [91m                                                       ~~~~~~~~~~~~~~~[0m

[96msrc/lib/data/auth0-soft-delete-service.ts[0m:[93m442[0m:[93m29[0m - [91merror[0m[90m TS2339: [0mProperty 'deleteUser' does not exist on type 'ManagementClient'.

[7m442[0m       await auth0Management.deleteUser({ id: userId })
[7m   [0m [91m                            ~~~~~~~~~~[0m

[96msrc/lib/data/auth0-soft-delete-service.ts[0m:[93m452[0m:[93m56[0m - [91merror[0m[90m TS2345: [0mArgument of type '"user_purged"' is not assignable to parameter of type 'AuthenticationEvent'.

[7m452[0m       await updatePhase6AuthenticationProgress(userId, 'user_purged')
[7m   [0m [91m                                                       ~~~~~~~~~~~~~[0m

[96msrc/lib/data/auth0-soft-delete-service.ts[0m:[93m506[0m:[93m9[0m - [91merror[0m[90m TS2345: [0mArgument of type '"user_purge_notification_sent"' is not assignable to parameter of type 'AuthenticationEvent'.

[7m506[0m         'user_purge_notification_sent',
[7m   [0m [91m        ~~~~~~~~~~~~~~~~~~~~~~~~~~~~~~[0m

[96msrc/lib/data/auth0-soft-delete-service.ts[0m:[93m625[0m:[93m9[0m - [91merror[0m[90m TS2345: [0mArgument of type '`user_retention_extended_${number}_days`' is not assignable to parameter of type 'AuthenticationEvent'.

[7m625[0m         `user_retention_extended_${additionalDays}_days`,
[7m   [0m [91m        ~~~~~~~~~~~~~~~~~~~~~~~~~~~~~~~~~~~~~~~~~~~~~~~~[0m

[96msrc/lib/database/connection.ts[0m:[93m28[0m:[93m34[0m - [91merror[0m[90m TS4111: [0mProperty 'MONGODB_URI' comes from an index signature, so it must be accessed with ['MONGODB_URI'].

[7m28[0m     const mongoUri = process.env.MONGODB_URI
[7m  [0m [91m                                 ~~~~~~~~~~~[0m

[96msrc/lib/database/connection.ts[0m:[93m73[0m:[93m37[0m - [91merror[0m[90m TS4111: [0mProperty 'DATABASE_URL' comes from an index signature, so it must be accessed with ['DATABASE_URL'].

[7m73[0m     const postgresUri = process.env.DATABASE_URL
[7m  [0m [91m                                    ~~~~~~~~~~~~[0m

[96msrc/lib/database/connection.ts[0m:[93m113[0m:[93m34[0m - [91merror[0m[90m TS4111: [0mProperty 'REDIS_URL' comes from an index signature, so it must be accessed with ['REDIS_URL'].

[7m113[0m     const redisUrl = process.env.REDIS_URL
[7m   [0m [91m                                 ~~~~~~~~~[0m

[96msrc/lib/database/indexingStrategy.ts[0m:[93m45[0m:[93m20[0m - [91merror[0m[90m TS6133: [0m'config' is declared but its value is never read.

[7m45[0m   private readonly config: DatabaseConfig
[7m  [0m [91m                   ~~~~~~[0m

[96msrc/lib/database/indexingStrategy.ts[0m:[93m47[0m:[93m20[0m - [91merror[0m[90m TS6133: [0m'indexHistory' is declared but its value is never read.

[7m47[0m   private readonly indexHistory = new Map<
[7m  [0m [91m                   ~~~~~~~~~~~~[0m

[96msrc/lib/database/indexingStrategy.ts[0m:[93m274[0m:[93m11[0m - [91merror[0m[90m TS2783: [0m'table' is specified more than once, so this usage will be overwritten.

[7m274[0m           table: pattern.tables[0], // Assume first table for now
[7m   [0m [91m          ~~~~~~~~~~~~~~~~~~~~~~~~[0m

  [96msrc/lib/database/indexingStrategy.ts[0m:[93m276[0m:[93m11[0m
    [7m276[0m           ...index,
    [7m   [0m [96m          ~~~~~~~~[0m
    This spread always overwrites this property.

[96msrc/lib/database/mongodb/schemas.ts[0m:[93m820[0m:[93m19[0m - [91merror[0m[90m TS4111: [0mProperty 'BusinessDocument' comes from an index signature, so it must be accessed with ['BusinessDocument'].

[7m820[0m   mongoose.models.BusinessDocument ??
[7m   [0m [91m                  ~~~~~~~~~~~~~~~~[0m

[96msrc/lib/database/mongodb/schemas.ts[0m:[93m827[0m:[93m19[0m - [91merror[0m[90m TS4111: [0mProperty 'MarketResearch' comes from an index signature, so it must be accessed with ['MarketResearch'].

[7m827[0m   mongoose.models.MarketResearch ??
[7m   [0m [91m                  ~~~~~~~~~~~~~~[0m

[96msrc/lib/db/ai/repository.ts[0m:[93m2[0m:[93m43[0m - [91merror[0m[90m TS6196: [0m'MongoObjectId' is declared but never used.

[7m2[0m import type { Collection, Db, ObjectId as MongoObjectId } from "mongodb";
[7m [0m [91m                                          ~~~~~~~~~~~~~[0m

[96msrc/lib/db/ai/repository.ts[0m:[93m517[0m:[93m13[0m - [91merror[0m[90m TS4111: [0mProperty 'clientId' comes from an index signature, so it must be accessed with ['clientId'].

[7m517[0m       query.clientId = filter.clientId;
[7m   [0m [91m            ~~~~~~~~[0m

[96msrc/lib/db/ai/repository.ts[0m:[93m520[0m:[93m13[0m - [91merror[0m[90m TS4111: [0mProperty 'therapistId' comes from an index signature, so it must be accessed with ['therapistId'].

[7m520[0m       query.therapistId = filter.therapistId;
[7m   [0m [91m            ~~~~~~~~~~~[0m

[96msrc/lib/db/ai/repository.ts[0m:[93m523[0m:[93m13[0m - [91merror[0m[90m TS4111: [0mProperty 'startTime' comes from an index signature, so it must be accessed with ['startTime'].

[7m523[0m       query.startTime = { $gte: filter.startDate };
[7m   [0m [91m            ~~~~~~~~~[0m

[96msrc/lib/db/ai/repository.ts[0m:[93m526[0m:[93m13[0m - [91merror[0m[90m TS4111: [0mProperty 'endTime' comes from an index signature, so it must be accessed with ['endTime'].

[7m526[0m       query.endTime = { $lte: filter.endDate };
[7m   [0m [91m            ~~~~~~~[0m

[96msrc/lib/db/ai/repository.ts[0m:[93m529[0m:[93m13[0m - [91merror[0m[90m TS4111: [0mProperty 'status' comes from an index signature, so it must be accessed with ['status'].

[7m529[0m       query.status = filter.status;
[7m   [0m [91m            ~~~~~~[0m

[96msrc/lib/db/ai/repository.ts[0m:[93m739[0m:[93m13[0m - [91merror[0m[90m TS4111: [0mProperty 'alertLevel' comes from an index signature, so it must be accessed with ['alertLevel'].

[7m739[0m       query.alertLevel = { $in: options.alertLevel };
[7m   [0m [91m            ~~~~~~~~~~[0m

[96msrc/lib/db/ai/repository.ts[0m:[93m742[0m:[93m13[0m - [91merror[0m[90m TS4111: [0mProperty 'createdAt' comes from an index signature, so it must be accessed with ['createdAt'].

[7m742[0m       query.createdAt = {
[7m   [0m [91m            ~~~~~~~~~[0m

[96msrc/lib/db/ai/repository.ts[0m:[93m786[0m:[93m13[0m - [91merror[0m[90m TS4111: [0mProperty 'metricType' comes from an index signature, so it must be accessed with ['metricType'].

[7m786[0m       query.metricType = { $in: options.metricType };
[7m   [0m [91m            ~~~~~~~~~~[0m

[96msrc/lib/db/ai/repository.ts[0m:[93m789[0m:[93m13[0m - [91merror[0m[90m TS4111: [0mProperty 'metricName' comes from an index signature, so it must be accessed with ['metricName'].

[7m789[0m       query.metricName = { $in: options.metricName };
[7m   [0m [91m            ~~~~~~~~~~[0m

[96msrc/lib/db/ai/repository.ts[0m:[93m792[0m:[93m13[0m - [91merror[0m[90m TS4111: [0mProperty 'aggregationPeriod' comes from an index signature, so it must be accessed with ['aggregationPeriod'].

[7m792[0m       query.aggregationPeriod = options.aggregationPeriod;
[7m   [0m [91m            ~~~~~~~~~~~~~~~~~[0m

[96msrc/lib/db/ai/repository.ts[0m:[93m795[0m:[93m13[0m - [91merror[0m[90m TS4111: [0mProperty 'userId' comes from an index signature, so it must be accessed with ['userId'].

[7m795[0m       query.userId = options.userId;
[7m   [0m [91m            ~~~~~~[0m

[96msrc/lib/db/ai/repository.ts[0m:[93m798[0m:[93m13[0m - [91merror[0m[90m TS4111: [0mProperty 'timestamp' comes from an index signature, so it must be accessed with ['timestamp'].

[7m798[0m       query.timestamp = {
[7m   [0m [91m            ~~~~~~~~~[0m

[96msrc/lib/db/ai/repository.ts[0m:[93m866[0m:[93m13[0m - [91merror[0m[90m TS4111: [0mProperty 'alertLevel' comes from an index signature, so it must be accessed with ['alertLevel'].

[7m866[0m       query.alertLevel = { $in: options.alertLevel };
[7m   [0m [91m            ~~~~~~~~~~[0m

[96msrc/lib/db/ai/repository.ts[0m:[93m869[0m:[93m13[0m - [91merror[0m[90m TS4111: [0mProperty 'alertType' comes from an index signature, so it must be accessed with ['alertType'].

[7m869[0m       query.alertType = { $in: options.alertType };
[7m   [0m [91m            ~~~~~~~~~[0m

[96msrc/lib/db/ai/repository.ts[0m:[93m872[0m:[93m13[0m - [91merror[0m[90m TS4111: [0mProperty 'acknowledged' comes from an index signature, so it must be accessed with ['acknowledged'].

[7m872[0m       query.acknowledged = true;
[7m   [0m [91m            ~~~~~~~~~~~~[0m

[96msrc/lib/db/ai/repository.ts[0m:[93m875[0m:[93m13[0m - [91merror[0m[90m TS4111: [0mProperty 'resolved' comes from an index signature, so it must be accessed with ['resolved'].

[7m875[0m       query.resolved = false;
[7m   [0m [91m            ~~~~~~~~[0m

[96msrc/lib/db/ai/repository.ts[0m:[93m878[0m:[93m13[0m - [91merror[0m[90m TS4111: [0mProperty 'userId' comes from an index signature, so it must be accessed with ['userId'].

[7m878[0m       query.userId = options.userId;
[7m   [0m [91m            ~~~~~~[0m

[96msrc/lib/db/ai/repository.ts[0m:[93m881[0m:[93m13[0m - [91merror[0m[90m TS4111: [0mProperty 'createdAt' comes from an index signature, so it must be accessed with ['createdAt'].

[7m881[0m       query.createdAt = {
[7m   [0m [91m            ~~~~~~~~~[0m

[96msrc/lib/db/ai/repository.ts[0m:[93m915[0m:[93m18[0m - [91merror[0m[90m TS4111: [0mProperty 'acknowledged' comes from an index signature, so it must be accessed with ['acknowledged'].

[7m915[0m       updateData.acknowledged = updates["acknowledged"];
[7m   [0m [91m                 ~~~~~~~~~~~~[0m

[96msrc/lib/db/ai/repository.ts[0m:[93m916[0m:[93m18[0m - [91merror[0m[90m TS4111: [0mProperty 'acknowledgedAt' comes from an index signature, so it must be accessed with ['acknowledgedAt'].

[7m916[0m       updateData.acknowledgedAt = updates["acknowledged"] ? new Date() : null;
[7m   [0m [91m                 ~~~~~~~~~~~~~~[0m

[96msrc/lib/db/ai/repository.ts[0m:[93m918[0m:[93m20[0m - [91merror[0m[90m TS4111: [0mProperty 'acknowledgedBy' comes from an index signature, so it must be accessed with ['acknowledgedBy'].

[7m918[0m         updateData.acknowledgedBy = updates["acknowledgedBy"];
[7m   [0m [91m                   ~~~~~~~~~~~~~~[0m

[96msrc/lib/db/ai/repository.ts[0m:[93m923[0m:[93m18[0m - [91merror[0m[90m TS4111: [0mProperty 'resolved' comes from an index signature, so it must be accessed with ['resolved'].

[7m923[0m       updateData.resolved = updates["resolved"];
[7m   [0m [91m                 ~~~~~~~~[0m

[96msrc/lib/db/ai/repository.ts[0m:[93m924[0m:[93m18[0m - [91merror[0m[90m TS4111: [0mProperty 'resolvedAt' comes from an index signature, so it must be accessed with ['resolvedAt'].

[7m924[0m       updateData.resolvedAt = updates["resolved"] ? new Date() : null;
[7m   [0m [91m                 ~~~~~~~~~~[0m

[96msrc/lib/db/ai/repository.ts[0m:[93m926[0m:[93m20[0m - [91merror[0m[90m TS4111: [0mProperty 'resolvedBy' comes from an index signature, so it must be accessed with ['resolvedBy'].

[7m926[0m         updateData.resolvedBy = updates["resolvedBy"];
[7m   [0m [91m                   ~~~~~~~~~~[0m

[96msrc/lib/db/ai/repository.ts[0m:[93m931[0m:[93m18[0m - [91merror[0m[90m TS4111: [0mProperty 'escalated' comes from an index signature, so it must be accessed with ['escalated'].

[7m931[0m       updateData.escalated = updates["escalated"];
[7m   [0m [91m                 ~~~~~~~~~[0m

[96msrc/lib/db/ai/repository.ts[0m:[93m932[0m:[93m18[0m - [91merror[0m[90m TS4111: [0mProperty 'escalatedAt' comes from an index signature, so it must be accessed with ['escalatedAt'].

[7m932[0m       updateData.escalatedAt = updates["escalated"] ? new Date() : null;
[7m   [0m [91m                 ~~~~~~~~~~~[0m

[96msrc/lib/db/ai/repository.ts[0m:[93m936[0m:[93m18[0m - [91merror[0m[90m TS4111: [0mProperty 'actions' comes from an index signature, so it must be accessed with ['actions'].

[7m936[0m       updateData.actions = updates["actions"];
[7m   [0m [91m                 ~~~~~~~[0m

[96msrc/lib/db/ai/repository.ts[0m:[93m1090[0m:[93m38[0m - [91merror[0m[90m TS4111: [0mProperty 'emotion1' comes from an index signature, so it must be accessed with ['emotion1'].

[7m1090[0m         emotion1: String(correlation.emotion1),
[7m    [0m [91m                                     ~~~~~~~~[0m

[96msrc/lib/db/ai/repository.ts[0m:[93m1091[0m:[93m38[0m - [91merror[0m[90m TS4111: [0mProperty 'emotion2' comes from an index signature, so it must be accessed with ['emotion2'].

[7m1091[0m         emotion2: String(correlation.emotion2),
[7m    [0m [91m                                     ~~~~~~~~[0m

[96msrc/lib/db/ai/repository.ts[0m:[93m1092[0m:[93m41[0m - [91merror[0m[90m TS4111: [0mProperty 'correlation' comes from an index signature, so it must be accessed with ['correlation'].

[7m1092[0m         correlation: Number(correlation.correlation),
[7m    [0m [91m                                        ~~~~~~~~~~~[0m

[96msrc/lib/db/connection-pool-optimizer.ts[0m:[93m8[0m:[93m28[0m - [91merror[0m[90m TS2305: [0mModule '"pg"' has no exported member 'PoolConfig'.

[7m8[0m import { Pool, PoolClient, PoolConfig } from 'pg'
[7m [0m [91m                           ~~~~~~~~~~[0m

[96msrc/lib/db/connection-pool-optimizer.ts[0m:[93m14[0m:[93m26[0m - [91merror[0m[90m TS2559: [0mType '"connection-pool"' has no properties in common with type 'LoggerOptions'.

[7m14[0m const logger = getLogger('connection-pool')
[7m  [0m [91m                         ~~~~~~~~~~~~~~~~~[0m

[96msrc/lib/db/connection-pool-optimizer.ts[0m:[93m123[0m:[93m28[0m - [91merror[0m[90m TS2345: [0mArgument of type 'OptimizedPoolConfig' is not assignable to parameter of type 'Record<string, unknown>'.
  Index signature for type 'string' is missing in type 'OptimizedPoolConfig'.

[7m123[0m       this.pool = new Pool(this.config)
[7m   [0m [91m                           ~~~~~~~~~~~[0m

[96msrc/lib/db/connection-pool-optimizer.ts[0m:[93m126[0m:[93m20[0m - [91merror[0m[90m TS2345: [0mArgument of type '"connect"' is not assignable to parameter of type '"error"'.

[7m126[0m       this.pool.on('connect', (client) => {
[7m   [0m [91m                   ~~~~~~~~~[0m

[96msrc/lib/db/connection-pool-optimizer.ts[0m:[93m133[0m:[93m20[0m - [91merror[0m[90m TS2345: [0mArgument of type '"remove"' is not assignable to parameter of type '"error"'.

[7m133[0m       this.pool.on('remove', (client) => {
[7m   [0m [91m                   ~~~~~~~~[0m

[96msrc/lib/db/connection-pool-optimizer.ts[0m:[93m143[0m:[93m29[0m - [91merror[0m[90m TS2345: [0mArgument of type '(error: any, client: any) => void' is not assignable to parameter of type '(error: unknown) => void'.
  Target signature provides too few arguments. Expected 2 or more, but got 1.

[7m143[0m       this.pool.on('error', (error, client) => {
[7m   [0m [91m                            ~~~~~~~~~~~~~~~~~~~~[0m

[96msrc/lib/db/connection-pool-optimizer.ts[0m:[93m143[0m:[93m30[0m - [91merror[0m[90m TS7006: [0mParameter 'error' implicitly has an 'any' type.

[7m143[0m       this.pool.on('error', (error, client) => {
[7m   [0m [91m                             ~~~~~[0m

[96msrc/lib/db/connection-pool-optimizer.ts[0m:[93m143[0m:[93m37[0m - [91merror[0m[90m TS7006: [0mParameter 'client' implicitly has an 'any' type.

[7m143[0m       this.pool.on('error', (error, client) => {
[7m   [0m [91m                                    ~~~~~~[0m

[96msrc/lib/db/connection-pool-optimizer.ts[0m:[93m156[0m:[93m27[0m - [91merror[0m[90m TS2339: [0mProperty 'host' does not exist on type 'OptimizedPoolConfig'.

[7m156[0m         host: this.config.host ?? 'localhost',
[7m   [0m [91m                          ~~~~[0m

[96msrc/lib/db/connection-pool-optimizer.ts[0m:[93m157[0m:[93m31[0m - [91merror[0m[90m TS2339: [0mProperty 'database' does not exist on type 'OptimizedPoolConfig'.

[7m157[0m         database: this.config.database ?? 'pixelated',
[7m   [0m [91m                              ~~~~~~~~[0m

[96msrc/lib/db/conversations.ts[0m:[93m23[0m:[93m10[0m - [91merror[0m[90m TS2352: [0mConversion of type 'WithId<Document>[]' to type '{ _id: string; user_id: string; title?: string | undefined; last_message_at?: string | undefined; created_at?: string | undefined; updated_at?: string | undefined; }[]' may be a mistake because neither type sufficiently overlaps with the other. If this was intentional, convert the expression to 'unknown' first.
  Property 'user_id' is missing in type 'WithId<Document>' but required in type '{ _id: string; user_id: string; title?: string | undefined; last_message_at?: string | undefined; created_at?: string | undefined; updated_at?: string | undefined; }'.

[7m23[0m   return conversations as Conversation[]
[7m  [0m [91m         ~~~~~~~~~~~~~~~~~~~~~~~~~~~~~~~[0m

  [96msrc/types/supabase.d.ts[0m:[93m18[0m:[93m11[0m
    [7m18[0m           user_id: string
    [7m  [0m [96m          ~~~~~~~[0m
    'user_id' is declared here.

[96msrc/lib/db/conversations.ts[0m:[93m35[0m:[93m16[0m - [91merror[0m[90m TS2769: [0mNo overload matches this call.
  Overload 1 of 6, '(filter: Filter<Document>): Promise<WithId<Document> | null>', gave the following error.
    Type 'string' is not assignable to type 'Condition<ObjectId> | undefined'.
  Overload 2 of 6, '(filter: Filter<Document>): Promise<Document | null>', gave the following error.
    Type 'string' is not assignable to type 'Condition<ObjectId> | undefined'.
  Overload 3 of 6, '(filter: Filter<Document>, options?: (Omit<FindOneOptions, "timeoutMode"> & Abortable) | undefined): Promise<Document | null>', gave the following error.
    Type 'string' is not assignable to type 'Condition<ObjectId> | undefined'.

[7m35[0m     .findOne({ _id: id, user_id: userId })
[7m  [0m [91m               ~~~[0m

  [96mnode_modules/.pnpm/mongodb@7.2.0/node_modules/mongodb/mongodb.d.ts[0m:[93m8894[0m:[93m5[0m
    [7m8894[0m     _id: InferIdType<TSchema>;
    [7m    [0m [96m    ~~~[0m
    The expected type comes from property '_id' which is declared here on type 'Filter<Document>'
  [96mnode_modules/.pnpm/mongodb@7.2.0/node_modules/mongodb/mongodb.d.ts[0m:[93m8894[0m:[93m5[0m
    [7m8894[0m     _id: InferIdType<TSchema>;
    [7m    [0m [96m    ~~~[0m
    The expected type comes from property '_id' which is declared here on type 'Filter<Document>'
  [96mnode_modules/.pnpm/mongodb@7.2.0/node_modules/mongodb/mongodb.d.ts[0m:[93m8894[0m:[93m5[0m
    [7m8894[0m     _id: InferIdType<TSchema>;
    [7m    [0m [96m    ~~~[0m
    The expected type comes from property '_id' which is declared here on type 'Filter<Document>'

[96msrc/lib/db/conversations.ts[0m:[93m49[0m:[93m16[0m - [91merror[0m[90m TS2345: [0mArgument of type '{ _id?: string | undefined; user_id: string; title?: string | undefined; last_message_at?: string | undefined; created_at?: string | undefined; updated_at?: string | undefined; }' is not assignable to parameter of type 'OptionalId<Document>'.
  Type '{ _id?: string | undefined; user_id: string; title?: string | undefined; last_message_at?: string | undefined; created_at?: string | undefined; updated_at?: string | undefined; }' is not assignable to type '{ _id?: ObjectId | undefined; }'.
    Types of property '_id' are incompatible.
      Type 'string | undefined' is not assignable to type 'ObjectId | undefined'.
        Type 'string' is not assignable to type 'ObjectId'.

[7m49[0m     .insertOne(conversation)
[7m  [0m [91m               ~~~~~~~~~~~~[0m

[96msrc/lib/db/conversations.ts[0m:[93m57[0m:[93m9[0m - [91merror[0m[90m TS2554: [0mExpected 4-6 arguments, but got 1.

[7m57[0m   await createAuditLog({
[7m  [0m [91m        ~~~~~~~~~~~~~~[0m

  [96msrc/lib/audit.ts[0m:[93m393[0m:[93m3[0m
    [7m393[0m   action: string,
    [7m   [0m [96m  ~~~~~~~~~~~~~~[0m
    An argument for 'action' was not provided.

[96msrc/lib/db/conversations.ts[0m:[93m69[0m:[93m10[0m - [91merror[0m[90m TS2352: [0mConversion of type '{ _id: ObjectId; user_id: string; title?: string; last_message_at?: string; created_at?: string; updated_at?: string; }' to type '{ _id: string; user_id: string; title?: string | undefined; last_message_at?: string | undefined; created_at?: string | undefined; updated_at?: string | undefined; }' may be a mistake because neither type sufficiently overlaps with the other. If this was intentional, convert the expression to 'unknown' first.
  Types of property '_id' are incompatible.
    Type 'ObjectId' is not comparable to type 'string'.

[7m69[0m   return newConversation as Conversation
[7m  [0m [91m         ~~~~~~~~~~~~~~~~~~~~~~~~~~~~~~~[0m

[96msrc/lib/db/conversations.ts[0m:[93m84[0m:[93m9[0m - [91merror[0m[90m TS2769: [0mNo overload matches this call.
  Overload 1 of 4, '(filter: Filter<Document>, update: Document[] | UpdateFilter<Document>, options: FindOneAndUpdateOptions & { ...; }): Promise<...>', gave the following error.
    Type 'string' is not assignable to type 'Condition<ObjectId> | undefined'.
  Overload 2 of 4, '(filter: Filter<Document>, update: Document[] | UpdateFilter<Document>, options: FindOneAndUpdateOptions & { ...; }): Promise<...>', gave the following error.
    Type 'string' is not assignable to type 'Condition<ObjectId> | undefined'.
  Overload 3 of 4, '(filter: Filter<Document>, update: Document[] | UpdateFilter<Document>, options: FindOneAndUpdateOptions): Promise<...>', gave the following error.
    Type 'string' is not assignable to type 'Condition<ObjectId> | undefined'.

[7m84[0m       { _id: id, user_id: userId },
[7m  [0m [91m        ~~~[0m

  [96mnode_modules/.pnpm/mongodb@7.2.0/node_modules/mongodb/mongodb.d.ts[0m:[93m8894[0m:[93m5[0m
    [7m8894[0m     _id: InferIdType<TSchema>;
    [7m    [0m [96m    ~~~[0m
    The expected type comes from property '_id' which is declared here on type 'Filter<Document>'
  [96mnode_modules/.pnpm/mongodb@7.2.0/node_modules/mongodb/mongodb.d.ts[0m:[93m8894[0m:[93m5[0m
    [7m8894[0m     _id: InferIdType<TSchema>;
    [7m    [0m [96m    ~~~[0m
    The expected type comes from property '_id' which is declared here on type 'Filter<Document>'
  [96mnode_modules/.pnpm/mongodb@7.2.0/node_modules/mongodb/mongodb.d.ts[0m:[93m8894[0m:[93m5[0m
    [7m8894[0m     _id: InferIdType<TSchema>;
    [7m    [0m [96m    ~~~[0m
    The expected type comes from property '_id' which is declared here on type 'Filter<Document>'

[96msrc/lib/db/conversations.ts[0m:[93m94[0m:[93m9[0m - [91merror[0m[90m TS2554: [0mExpected 4-6 arguments, but got 1.

[7m94[0m   await createAuditLog({
[7m  [0m [91m        ~~~~~~~~~~~~~~[0m

  [96msrc/lib/audit.ts[0m:[93m393[0m:[93m3[0m
    [7m393[0m   action: string,
    [7m   [0m [96m  ~~~~~~~~~~~~~~[0m
    An argument for 'action' was not provided.

[96msrc/lib/db/conversations.ts[0m:[93m106[0m:[93m10[0m - [91merror[0m[90m TS2352: [0mConversion of type 'WithId<Document>' to type '{ _id: string; user_id: string; title?: string | undefined; last_message_at?: string | undefined; created_at?: string | undefined; updated_at?: string | undefined; }' may be a mistake because neither type sufficiently overlaps with the other. If this was intentional, convert the expression to 'unknown' first.
  Property 'user_id' is missing in type 'WithId<Document>' but required in type '{ _id: string; user_id: string; title?: string | undefined; last_message_at?: string | undefined; created_at?: string | undefined; updated_at?: string | undefined; }'.

[7m106[0m   return result.value as Conversation
[7m   [0m [91m         ~~~~~~~~~~~~~~~~~~~~~~~~~~~~[0m

  [96msrc/types/supabase.d.ts[0m:[93m18[0m:[93m11[0m
    [7m18[0m           user_id: string
    [7m  [0m [96m          ~~~~~~~[0m
    'user_id' is declared here.

[96msrc/lib/db/conversations.ts[0m:[93m119[0m:[93m18[0m - [91merror[0m[90m TS2322: [0mType 'string' is not assignable to type 'Condition<ObjectId> | undefined'.

[7m119[0m     .deleteOne({ _id: id, user_id: userId })
[7m   [0m [91m                 ~~~[0m

[96msrc/lib/db/conversations.ts[0m:[93m126[0m:[93m9[0m - [91merror[0m[90m TS2554: [0mExpected 4-6 arguments, but got 1.

[7m126[0m   await createAuditLog({
[7m   [0m [91m        ~~~~~~~~~~~~~~[0m

  [96msrc/lib/audit.ts[0m:[93m393[0m:[93m3[0m
    [7m393[0m   action: string,
    [7m   [0m [96m  ~~~~~~~~~~~~~~[0m
    An argument for 'action' was not provided.

[96msrc/lib/db/conversations.ts[0m:[93m148[0m:[93m10[0m - [91merror[0m[90m TS2352: [0mConversion of type 'WithId<Document>[]' to type '{ _id: string; user_id: string; title?: string | undefined; last_message_at?: string | undefined; created_at?: string | undefined; updated_at?: string | undefined; }[]' may be a mistake because neither type sufficiently overlaps with the other. If this was intentional, convert the expression to 'unknown' first.
  Property 'user_id' is missing in type 'WithId<Document>' but required in type '{ _id: string; user_id: string; title?: string | undefined; last_message_at?: string | undefined; created_at?: string | undefined; updated_at?: string | undefined; }'.

[7m148[0m   return conversations as Conversation[]
[7m   [0m [91m         ~~~~~~~~~~~~~~~~~~~~~~~~~~~~~~~[0m

  [96msrc/types/supabase.d.ts[0m:[93m18[0m:[93m11[0m
    [7m18[0m           user_id: string
    [7m  [0m [96m          ~~~~~~~[0m
    'user_id' is declared here.

[96msrc/lib/db/index.ts[0m:[93m8[0m:[93m28[0m - [91merror[0m[90m TS2459: [0mModule '"pg"' declares 'QueryResult' locally, but it is not exported.

[7m8[0m import { Pool, PoolClient, QueryResult, QueryResultRow } from 'pg'
[7m [0m [91m                           ~~~~~~~~~~~[0m

  [96msrc/types/module-shims.d.ts[0m:[93m334[0m:[93m13[0m
    [7m334[0m   interface QueryResult<T = unknown> {
    [7m   [0m [96m            ~~~~~~~~~~~[0m
    'QueryResult' is declared here.

[96msrc/lib/db/index.ts[0m:[93m8[0m:[93m41[0m - [91merror[0m[90m TS2305: [0mModule '"pg"' has no exported member 'QueryResultRow'.

[7m8[0m import { Pool, PoolClient, QueryResult, QueryResultRow } from 'pg'
[7m [0m [91m                                        ~~~~~~~~~~~~~~[0m

[96msrc/lib/db/index.ts[0m:[93m53[0m:[93m20[0m - [91merror[0m[90m TS2345: [0mArgument of type '(err: Error) => never' is not assignable to parameter of type '(error: unknown) => void'.
  Types of parameters 'err' and 'error' are incompatible.
    Type 'unknown' is not assignable to type 'Error'.

[7m53[0m   pool.on('error', (err: Error) => {
[7m  [0m [91m                   ~~~~~~~~~~~~~~~~~[0m

[96msrc/lib/db/index.ts[0m:[93m58[0m:[93m11[0m - [91merror[0m[90m TS2345: [0mArgument of type '"connect"' is not assignable to parameter of type '"error"'.

[7m58[0m   pool.on('connect', (_client: PoolClient) => {
[7m  [0m [91m          ~~~~~~~~~[0m

[96msrc/lib/db/index.ts[0m:[93m241[0m:[93m29[0m - [91merror[0m[90m TS7006: [0mParameter 'row' implicitly has an 'any' type.

[7m241[0m     return result.rows.map((row) => row.name)
[7m   [0m [91m                            ~~~[0m

[96msrc/lib/db/messages.ts[0m:[93m22[0m:[93m16[0m - [91merror[0m[90m TS2769: [0mNo overload matches this call.
  Overload 1 of 6, '(filter: Filter<Document>): Promise<WithId<Document> | null>', gave the following error.
    Type 'string' is not assignable to type 'Condition<ObjectId> | undefined'.
  Overload 2 of 6, '(filter: Filter<Document>): Promise<Document | null>', gave the following error.
    Type 'string' is not assignable to type 'Condition<ObjectId> | undefined'.
  Overload 3 of 6, '(filter: Filter<Document>, options?: (Omit<FindOneOptions, "timeoutMode"> & Abortable) | undefined): Promise<Document | null>', gave the following error.
    Type 'string' is not assignable to type 'Condition<ObjectId> | undefined'.

[7m22[0m     .findOne({ _id: conversationId, user_id: userId })
[7m  [0m [91m               ~~~[0m

  [96mnode_modules/.pnpm/mongodb@7.2.0/node_modules/mongodb/mongodb.d.ts[0m:[93m8894[0m:[93m5[0m
    [7m8894[0m     _id: InferIdType<TSchema>;
    [7m    [0m [96m    ~~~[0m
    The expected type comes from property '_id' which is declared here on type 'Filter<Document>'
  [96mnode_modules/.pnpm/mongodb@7.2.0/node_modules/mongodb/mongodb.d.ts[0m:[93m8894[0m:[93m5[0m
    [7m8894[0m     _id: InferIdType<TSchema>;
    [7m    [0m [96m    ~~~[0m
    The expected type comes from property '_id' which is declared here on type 'Filter<Document>'
  [96mnode_modules/.pnpm/mongodb@7.2.0/node_modules/mongodb/mongodb.d.ts[0m:[93m8894[0m:[93m5[0m
    [7m8894[0m     _id: InferIdType<TSchema>;
    [7m    [0m [96m    ~~~[0m
    The expected type comes from property '_id' which is declared here on type 'Filter<Document>'

[96msrc/lib/db/messages.ts[0m:[93m37[0m:[93m10[0m - [91merror[0m[90m TS2352: [0mConversion of type 'WithId<Document>[]' to type '{ _id: string; conversation_id: string; role: string; content: string; created_at?: string | undefined; is_flagged?: boolean | undefined; metadata?: Json | undefined; }[]' may be a mistake because neither type sufficiently overlaps with the other. If this was intentional, convert the expression to 'unknown' first.
  Type 'WithId<Document>' is missing the following properties from type '{ _id: string; conversation_id: string; role: string; content: string; created_at?: string | undefined; is_flagged?: boolean | undefined; metadata?: Json | undefined; }': conversation_id, role, content

[7m37[0m   return messages as Message[]
[7m  [0m [91m         ~~~~~~~~~~~~~~~~~~~~~[0m

[96msrc/lib/db/messages.ts[0m:[93m51[0m:[93m16[0m - [91merror[0m[90m TS2769: [0mNo overload matches this call.
  Overload 1 of 6, '(filter: Filter<Document>): Promise<WithId<Document> | null>', gave the following error.
    Type 'string' is not assignable to type 'Condition<ObjectId> | undefined'.
  Overload 2 of 6, '(filter: Filter<Document>): Promise<Document | null>', gave the following error.
    Type 'string' is not assignable to type 'Condition<ObjectId> | undefined'.
  Overload 3 of 6, '(filter: Filter<Document>, options?: (Omit<FindOneOptions, "timeoutMode"> & Abortable) | undefined): Promise<Document | null>', gave the following error.
    Type 'string' is not assignable to type 'Condition<ObjectId> | undefined'.

[7m51[0m     .findOne({ _id: message.conversation_id, user_id: userId })
[7m  [0m [91m               ~~~[0m

  [96mnode_modules/.pnpm/mongodb@7.2.0/node_modules/mongodb/mongodb.d.ts[0m:[93m8894[0m:[93m5[0m
    [7m8894[0m     _id: InferIdType<TSchema>;
    [7m    [0m [96m    ~~~[0m
    The expected type comes from property '_id' which is declared here on type 'Filter<Document>'
  [96mnode_modules/.pnpm/mongodb@7.2.0/node_modules/mongodb/mongodb.d.ts[0m:[93m8894[0m:[93m5[0m
    [7m8894[0m     _id: InferIdType<TSchema>;
    [7m    [0m [96m    ~~~[0m
    The expected type comes from property '_id' which is declared here on type 'Filter<Document>'
  [96mnode_modules/.pnpm/mongodb@7.2.0/node_modules/mongodb/mongodb.d.ts[0m:[93m8894[0m:[93m5[0m
    [7m8894[0m     _id: InferIdType<TSchema>;
    [7m    [0m [96m    ~~~[0m
    The expected type comes from property '_id' which is declared here on type 'Filter<Document>'

[96msrc/lib/db/messages.ts[0m:[93m58[0m:[93m72[0m - [91merror[0m[90m TS2345: [0mArgument of type '{ _id?: string | undefined; conversation_id: string; role: string; content: string; created_at?: string | undefined; is_flagged?: boolean | undefined; metadata?: Json | undefined; }' is not assignable to parameter of type 'OptionalId<Document>'.
  Type '{ _id?: string | undefined; conversation_id: string; role: string; content: string; created_at?: string | undefined; is_flagged?: boolean | undefined; metadata?: Json | undefined; }' is not assignable to type '{ _id?: ObjectId | undefined; }'.
    Types of property '_id' are incompatible.
      Type 'string | undefined' is not assignable to type 'ObjectId | undefined'.
        Type 'string' is not assignable to type 'ObjectId'.

[7m58[0m   const result = await mongoClient.db.collection('messages').insertOne(message)
[7m  [0m [91m                                                                       ~~~~~~~[0m

[96msrc/lib/db/messages.ts[0m:[93m71[0m:[93m9[0m - [91merror[0m[90m TS2554: [0mExpected 4-6 arguments, but got 1.

[7m71[0m   await createAuditLog({
[7m  [0m [91m        ~~~~~~~~~~~~~~[0m

  [96msrc/lib/audit.ts[0m:[93m393[0m:[93m3[0m
    [7m393[0m   action: string,
    [7m   [0m [96m  ~~~~~~~~~~~~~~[0m
    An argument for 'action' was not provided.

[96msrc/lib/db/messages.ts[0m:[93m84[0m:[93m10[0m - [91merror[0m[90m TS2352: [0mConversion of type '{ _id: ObjectId; conversation_id: string; role: string; content: string; created_at?: string; is_flagged?: boolean; metadata?: Json; }' to type '{ _id: string; conversation_id: string; role: string; content: string; created_at?: string | undefined; is_flagged?: boolean | undefined; metadata?: Json | undefined; }' may be a mistake because neither type sufficiently overlaps with the other. If this was intentional, convert the expression to 'unknown' first.
  Types of property '_id' are incompatible.
    Type 'ObjectId' is not comparable to type 'string'.

[7m84[0m   return newMessage as Message
[7m  [0m [91m         ~~~~~~~~~~~~~~~~~~~~~[0m

[96msrc/lib/db/messages.ts[0m:[93m100[0m:[93m16[0m - [91merror[0m[90m TS2769: [0mNo overload matches this call.
  Overload 1 of 6, '(filter: Filter<Document>): Promise<WithId<Document> | null>', gave the following error.
    Type 'string' is not assignable to type 'Condition<ObjectId> | undefined'.
  Overload 2 of 6, '(filter: Filter<Document>): Promise<Document | null>', gave the following error.
    Type 'string' is not assignable to type 'Condition<ObjectId> | undefined'.
  Overload 3 of 6, '(filter: Filter<Document>, options?: (Omit<FindOneOptions, "timeoutMode"> & Abortable) | undefined): Promise<Document | null>', gave the following error.
    Type 'string' is not assignable to type 'Condition<ObjectId> | undefined'.

[7m100[0m     .findOne({ _id: conversationId, user_id: userId })
[7m   [0m [91m               ~~~[0m

  [96mnode_modules/.pnpm/mongodb@7.2.0/node_modules/mongodb/mongodb.d.ts[0m:[93m8894[0m:[93m5[0m
    [7m8894[0m     _id: InferIdType<TSchema>;
    [7m    [0m [96m    ~~~[0m
    The expected type comes from property '_id' which is declared here on type 'Filter<Document>'
  [96mnode_modules/.pnpm/mongodb@7.2.0/node_modules/mongodb/mongodb.d.ts[0m:[93m8894[0m:[93m5[0m
    [7m8894[0m     _id: InferIdType<TSchema>;
    [7m    [0m [96m    ~~~[0m
    The expected type comes from property '_id' which is declared here on type 'Filter<Document>'
  [96mnode_modules/.pnpm/mongodb@7.2.0/node_modules/mongodb/mongodb.d.ts[0m:[93m8894[0m:[93m5[0m
    [7m8894[0m     _id: InferIdType<TSchema>;
    [7m    [0m [96m    ~~~[0m
    The expected type comes from property '_id' which is declared here on type 'Filter<Document>'

[96msrc/lib/db/messages.ts[0m:[93m110[0m:[93m9[0m - [91merror[0m[90m TS2769: [0mNo overload matches this call.
  Overload 1 of 4, '(filter: Filter<Document>, update: Document[] | UpdateFilter<Document>, options: FindOneAndUpdateOptions & { ...; }): Promise<...>', gave the following error.
    Type 'string' is not assignable to type 'Condition<ObjectId> | undefined'.
  Overload 2 of 4, '(filter: Filter<Document>, update: Document[] | UpdateFilter<Document>, options: FindOneAndUpdateOptions & { ...; }): Promise<...>', gave the following error.
    Type 'string' is not assignable to type 'Condition<ObjectId> | undefined'.
  Overload 3 of 4, '(filter: Filter<Document>, update: Document[] | UpdateFilter<Document>, options: FindOneAndUpdateOptions): Promise<...>', gave the following error.
    Type 'string' is not assignable to type 'Condition<ObjectId> | undefined'.

[7m110[0m       { _id: id, conversation_id: conversationId },
[7m   [0m [91m        ~~~[0m

  [96mnode_modules/.pnpm/mongodb@7.2.0/node_modules/mongodb/mongodb.d.ts[0m:[93m8894[0m:[93m5[0m
    [7m8894[0m     _id: InferIdType<TSchema>;
    [7m    [0m [96m    ~~~[0m
    The expected type comes from property '_id' which is declared here on type 'Filter<Document>'
  [96mnode_modules/.pnpm/mongodb@7.2.0/node_modules/mongodb/mongodb.d.ts[0m:[93m8894[0m:[93m5[0m
    [7m8894[0m     _id: InferIdType<TSchema>;
    [7m    [0m [96m    ~~~[0m
    The expected type comes from property '_id' which is declared here on type 'Filter<Document>'
  [96mnode_modules/.pnpm/mongodb@7.2.0/node_modules/mongodb/mongodb.d.ts[0m:[93m8894[0m:[93m5[0m
    [7m8894[0m     _id: InferIdType<TSchema>;
    [7m    [0m [96m    ~~~[0m
    The expected type comes from property '_id' which is declared here on type 'Filter<Document>'

[96msrc/lib/db/messages.ts[0m:[93m120[0m:[93m9[0m - [91merror[0m[90m TS2554: [0mExpected 4-6 arguments, but got 1.

[7m120[0m   await createAuditLog({
[7m   [0m [91m        ~~~~~~~~~~~~~~[0m

  [96msrc/lib/audit.ts[0m:[93m393[0m:[93m3[0m
    [7m393[0m   action: string,
    [7m   [0m [96m  ~~~~~~~~~~~~~~[0m
    An argument for 'action' was not provided.

[96msrc/lib/db/messages.ts[0m:[93m133[0m:[93m10[0m - [91merror[0m[90m TS2352: [0mConversion of type 'WithId<Document>' to type '{ _id: string; conversation_id: string; role: string; content: string; created_at?: string | undefined; is_flagged?: boolean | undefined; metadata?: Json | undefined; }' may be a mistake because neither type sufficiently overlaps with the other. If this was intentional, convert the expression to 'unknown' first.
  Type 'WithId<Document>' is missing the following properties from type '{ _id: string; conversation_id: string; role: string; content: string; created_at?: string | undefined; is_flagged?: boolean | undefined; metadata?: Json | undefined; }': conversation_id, role, content

[7m133[0m   return result.value as Message
[7m   [0m [91m         ~~~~~~~~~~~~~~~~~~~~~~~[0m

[96msrc/lib/db/migrations/20250320_add_ai_performance_metrics.ts[0m:[93m7[0m:[93m19[0m - [91merror[0m[90m TS2345: [0mArgument of type 'TemplateStringsArray' is not assignable to parameter of type 'string'.

[7m  7[0m   await sql.unsafe`
[7m   [0m [91m                  ~[0m
[7m  8[0m     CREATE TABLE IF NOT EXISTS ai_performance_metrics (
[7m   [0m [91m~~~~~~~~~~~~~~~~~~~~~~~~~~~~~~~~~~~~~~~~~~~~~~~~~~~~~~~[0m
[7m...[0m 
[7m 28[0m     CREATE INDEX IF NOT EXISTS idx_ai_perf_success ON ai_performance_metrics(success);
[7m   [0m [91m~~~~~~~~~~~~~~~~~~~~~~~~~~~~~~~~~~~~~~~~~~~~~~~~~~~~~~~~~~~~~~~~~~~~~~~~~~~~~~~~~~~~~~[0m
[7m 29[0m   `
[7m   [0m [91m~~~[0m

[96msrc/lib/db/migrations/20250320_add_ai_performance_metrics.ts[0m:[93m35[0m:[93m19[0m - [91merror[0m[90m TS2345: [0mArgument of type 'TemplateStringsArray' is not assignable to parameter of type 'string'.

[7m35[0m   await sql.unsafe`
[7m  [0m [91m                  ~[0m
[7m36[0m     DROP TABLE IF EXISTS ai_performance_metrics;
[7m  [0m [91m~~~~~~~~~~~~~~~~~~~~~~~~~~~~~~~~~~~~~~~~~~~~~~~~[0m
[7m37[0m   `
[7m  [0m [91m~~~[0m

[96msrc/lib/db/optimized-queries.ts[0m:[93m6[0m:[93m22[0m - [91merror[0m[90m TS2459: [0mModule '"pg"' declares 'QueryResult' locally, but it is not exported.

[7m6[0m import { PoolClient, QueryResult } from 'pg'
[7m [0m [91m                     ~~~~~~~~~~~[0m

  [96msrc/types/module-shims.d.ts[0m:[93m334[0m:[93m13[0m
    [7m334[0m   interface QueryResult<T = unknown> {
    [7m   [0m [96m            ~~~~~~~~~~~[0m
    'QueryResult' is declared here.

[96msrc/lib/db/optimized-queries.ts[0m:[93m11[0m:[93m26[0m - [91merror[0m[90m TS2559: [0mType '"optimized-queries"' has no properties in common with type 'LoggerOptions'.

[7m11[0m const logger = getLogger('optimized-queries')
[7m  [0m [91m                         ~~~~~~~~~~~~~~~~~~~[0m

[96msrc/lib/db/optimized-queries.ts[0m:[93m480[0m:[93m64[0m - [91merror[0m[90m TS2339: [0mProperty 'cache_hit_rate' does not exist on type '{} | { cache_hit_rate: string; }'.
  Property 'cache_hit_rate' does not exist on type '{}'.

[7m480[0m       (cacheResult.rows[0] as { cache_hit_rate: string } | {}).cache_hit_rate ??
[7m   [0m [91m                                                               ~~~~~~~~~~~~~~[0m

[96msrc/lib/db/optimized-queries.ts[0m:[93m636[0m:[93m38[0m - [91merror[0m[90m TS2345: [0mArgument of type 'number' is not assignable to parameter of type 'string'.

[7m636[0m       (sum, table) => sum + parseInt(table.rows),
[7m   [0m [91m                                     ~~~~~~~~~~[0m

[96msrc/lib/db/pool-events.ts[0m:[93m13[0m:[93m15[0m - [91merror[0m[90m TS2459: [0mModule '"./connection-pool-optimizer"' declares 'PoolMetrics' locally, but it is not exported.

[7m13[0m import type { PoolMetrics } from './connection-pool-optimizer'
[7m  [0m [91m              ~~~~~~~~~~~[0m

  [96msrc/lib/db/connection-pool-optimizer.ts[0m:[93m41[0m:[93m11[0m
    [7m41[0m interface PoolMetrics {
    [7m  [0m [96m          ~~~~~~~~~~~[0m
    'PoolMetrics' is declared here.

[96msrc/lib/db/security/initialize.ts[0m:[93m19[0m:[93m11[0m - [91merror[0m[90m TS2554: [0mExpected 3-5 arguments, but got 1.

[7m19[0m     await createAuditLog({
[7m  [0m [91m          ~~~~~~~~~~~~~~[0m

  [96msrc/lib/audit/log.ts[0m:[93m75[0m:[93m3[0m
    [7m75[0m   action: string,
    [7m  [0m [96m  ~~~~~~~~~~~~~~[0m
    An argument for 'action' was not provided.

[96msrc/lib/db/security/initialize.ts[0m:[93m37[0m:[93m11[0m - [91merror[0m[90m TS2554: [0mExpected 3-5 arguments, but got 1.

[7m37[0m     await createAuditLog({
[7m  [0m [91m          ~~~~~~~~~~~~~~[0m

  [96msrc/lib/audit/log.ts[0m:[93m75[0m:[93m3[0m
    [7m75[0m   action: string,
    [7m  [0m [96m  ~~~~~~~~~~~~~~[0m
    An argument for 'action' was not provided.

[96msrc/lib/db/security/schema.ts[0m:[93m1[0m:[93m21[0m - [91merror[0m[90m TS2307: [0mCannot find module '../../config/mongodb.config' or its corresponding type declarations.

[7m1[0m import mongodb from '../../config/mongodb.config'
[7m [0m [91m                    ~~~~~~~~~~~~~~~~~~~~~~~~~~~~~[0m

[96msrc/lib/db/security/schema.ts[0m:[93m8[0m:[93m33[0m - [91merror[0m[90m TS4111: [0mProperty 'MONGODB_DB_NAME' comes from an index signature, so it must be accessed with ['MONGODB_DB_NAME'].

[7m8[0m const mongoDbName = process.env.MONGODB_DB_NAME
[7m [0m [91m                                ~~~~~~~~~~~~~~~[0m

[96msrc/lib/deployment/multi-region/AutomatedFailoverOrchestrator.ts[0m:[93m36[0m:[93m11[0m - [91merror[0m[90m TS6133: [0m'isActive' is declared but its value is never read.

[7m36[0m   private isActive = false
[7m  [0m [91m          ~~~~~~~~[0m

[96msrc/lib/deployment/multi-region/AutomatedFailoverOrchestrator.ts[0m:[93m473[0m:[93m14[0m - [91merror[0m[90m TS2532: [0mObject is possibly 'undefined'.

[7m473[0m       return regionScores[0].region
[7m   [0m [91m             ~~~~~~~~~~~~~~~[0m

[96msrc/lib/deployment/multi-region/AutomatedFailoverOrchestrator.ts[0m:[93m1479[0m:[93m20[0m - [91merror[0m[90m TS6133: [0m'monitoringPeriod' is declared but its value is never read.

[7m1479[0m   private readonly monitoringPeriod: number
[7m    [0m [91m                   ~~~~~~~~~~~~~~~~[0m

[96msrc/lib/deployment/multi-region/CloudProviderManager.ts[0m:[93m104[0m:[93m34[0m - [91merror[0m[90m TS4111: [0mProperty 'AWS_ACCESS_KEY_ID' comes from an index signature, so it must be accessed with ['AWS_ACCESS_KEY_ID'].

[7m104[0m         accessKeyId: process.env.AWS_ACCESS_KEY_ID ?? '',
[7m   [0m [91m                                 ~~~~~~~~~~~~~~~~~[0m

[96msrc/lib/deployment/multi-region/CloudProviderManager.ts[0m:[93m105[0m:[93m38[0m - [91merror[0m[90m TS4111: [0mProperty 'AWS_SECRET_ACCESS_KEY' comes from an index signature, so it must be accessed with ['AWS_SECRET_ACCESS_KEY'].

[7m105[0m         secretAccessKey: process.env.AWS_SECRET_ACCESS_KEY ?? '',
[7m   [0m [91m                                     ~~~~~~~~~~~~~~~~~~~~~[0m

[96msrc/lib/deployment/multi-region/CloudProviderManager.ts[0m:[93m106[0m:[93m29[0m - [91merror[0m[90m TS4111: [0mProperty 'AWS_REGION' comes from an index signature, so it must be accessed with ['AWS_REGION'].

[7m106[0m         region: process.env.AWS_REGION ?? 'us-east-1',
[7m   [0m [91m                            ~~~~~~~~~~[0m

[96msrc/lib/deployment/multi-region/CloudProviderManager.ts[0m:[93m109[0m:[93m32[0m - [91merror[0m[90m TS4111: [0mProperty 'GOOGLE_CLOUD_PROJECT' comes from an index signature, so it must be accessed with ['GOOGLE_CLOUD_PROJECT'].

[7m109[0m         projectId: process.env.GOOGLE_CLOUD_PROJECT ?? '',
[7m   [0m [91m                               ~~~~~~~~~~~~~~~~~~~~[0m

[96msrc/lib/deployment/multi-region/CloudProviderManager.ts[0m:[93m110[0m:[93m34[0m - [91merror[0m[90m TS4111: [0mProperty 'GOOGLE_APPLICATION_CREDENTIALS' comes from an index signature, so it must be accessed with ['GOOGLE_APPLICATION_CREDENTIALS'].

[7m110[0m         keyFilename: process.env.GOOGLE_APPLICATION_CREDENTIALS ?? '',
[7m   [0m [91m                                 ~~~~~~~~~~~~~~~~~~~~~~~~~~~~~~[0m

[96msrc/lib/deployment/multi-region/CloudProviderManager.ts[0m:[93m113[0m:[93m37[0m - [91merror[0m[90m TS4111: [0mProperty 'AZURE_SUBSCRIPTION_ID' comes from an index signature, so it must be accessed with ['AZURE_SUBSCRIPTION_ID'].

[7m113[0m         subscriptionId: process.env.AZURE_SUBSCRIPTION_ID ?? '',
[7m   [0m [91m                                    ~~~~~~~~~~~~~~~~~~~~~[0m

[96msrc/lib/deployment/multi-region/CloudProviderManager.ts[0m:[93m114[0m:[93m31[0m - [91merror[0m[90m TS4111: [0mProperty 'AZURE_CLIENT_ID' comes from an index signature, so it must be accessed with ['AZURE_CLIENT_ID'].

[7m114[0m         clientId: process.env.AZURE_CLIENT_ID ?? '',
[7m   [0m [91m                              ~~~~~~~~~~~~~~~[0m

[96msrc/lib/deployment/multi-region/CloudProviderManager.ts[0m:[93m115[0m:[93m35[0m - [91merror[0m[90m TS4111: [0mProperty 'AZURE_CLIENT_SECRET' comes from an index signature, so it must be accessed with ['AZURE_CLIENT_SECRET'].

[7m115[0m         clientSecret: process.env.AZURE_CLIENT_SECRET ?? '',
[7m   [0m [91m                                  ~~~~~~~~~~~~~~~~~~~[0m

[96msrc/lib/deployment/multi-region/CloudProviderManager.ts[0m:[93m116[0m:[93m31[0m - [91merror[0m[90m TS4111: [0mProperty 'AZURE_TENANT_ID' comes from an index signature, so it must be accessed with ['AZURE_TENANT_ID'].

[7m116[0m         tenantId: process.env.AZURE_TENANT_ID ?? '',
[7m   [0m [91m                              ~~~~~~~~~~~~~~~[0m

[96msrc/lib/deployment/multi-region/CloudProviderManager.ts[0m:[93m728[0m:[93m11[0m - [91merror[0m[90m TS6133: [0m'getGCPRegionName' is declared but its value is never read.

[7m728[0m   private getGCPRegionName(location: string): string {
[7m   [0m [91m          ~~~~~~~~~~~~~~~~[0m

[96msrc/lib/deployment/multi-region/ConfigurationManager.ts[0m:[93m171[0m:[93m11[0m - [91merror[0m[90m TS6133: [0m'isInitialized' is declared but its value is never read.

[7m171[0m   private isInitialized = false
[7m   [0m [91m          ~~~~~~~~~~~~~[0m

[96msrc/lib/deployment/multi-region/ConfigurationManager.ts[0m:[93m296[0m:[93m39[0m - [91merror[0m[90m TS4111: [0mProperty 'NODE_ENV' comes from an index signature, so it must be accessed with ['NODE_ENV'].

[7m296[0m       const environment = process.env.NODE_ENV ?? 'development'
[7m   [0m [91m                                      ~~~~~~~~[0m

[96msrc/lib/deployment/multi-region/ConfigurationManager.ts[0m:[93m538[0m:[93m23[0m - [91merror[0m[90m TS4111: [0mProperty 'AWS_ACCESS_KEY_ID' comes from an index signature, so it must be accessed with ['AWS_ACCESS_KEY_ID'].

[7m538[0m       if (process.env.AWS_ACCESS_KEY_ID) {
[7m   [0m [91m                      ~~~~~~~~~~~~~~~~~[0m

[96msrc/lib/deployment/multi-region/ConfigurationManager.ts[0m:[93m540[0m:[93m23[0m - [91merror[0m[90m TS4111: [0mProperty 'AWS_ACCESS_KEY_ID' comes from an index signature, so it must be accessed with ['AWS_ACCESS_KEY_ID'].

[7m540[0m           process.env.AWS_ACCESS_KEY_ID
[7m   [0m [91m                      ~~~~~~~~~~~~~~~~~[0m

[96msrc/lib/deployment/multi-region/ConfigurationManager.ts[0m:[93m542[0m:[93m23[0m - [91merror[0m[90m TS4111: [0mProperty 'AWS_SECRET_ACCESS_KEY' comes from an index signature, so it must be accessed with ['AWS_SECRET_ACCESS_KEY'].

[7m542[0m       if (process.env.AWS_SECRET_ACCESS_KEY) {
[7m   [0m [91m                      ~~~~~~~~~~~~~~~~~~~~~[0m

[96msrc/lib/deployment/multi-region/ConfigurationManager.ts[0m:[93m544[0m:[93m23[0m - [91merror[0m[90m TS4111: [0mProperty 'AWS_SECRET_ACCESS_KEY' comes from an index signature, so it must be accessed with ['AWS_SECRET_ACCESS_KEY'].

[7m544[0m           process.env.AWS_SECRET_ACCESS_KEY
[7m   [0m [91m                      ~~~~~~~~~~~~~~~~~~~~~[0m

[96msrc/lib/deployment/multi-region/ConfigurationManager.ts[0m:[93m546[0m:[93m23[0m - [91merror[0m[90m TS4111: [0mProperty 'AWS_REGION' comes from an index signature, so it must be accessed with ['AWS_REGION'].

[7m546[0m       if (process.env.AWS_REGION) {
[7m   [0m [91m                      ~~~~~~~~~~[0m

[96msrc/lib/deployment/multi-region/ConfigurationManager.ts[0m:[93m547[0m:[93m69[0m - [91merror[0m[90m TS4111: [0mProperty 'AWS_REGION' comes from an index signature, so it must be accessed with ['AWS_REGION'].

[7m547[0m         this.config.secrets.cloudProviders.aws.region = process.env.AWS_REGION
[7m   [0m [91m                                                                    ~~~~~~~~~~[0m

[96msrc/lib/deployment/multi-region/ConfigurationManager.ts[0m:[93m551[0m:[93m23[0m - [91merror[0m[90m TS4111: [0mProperty 'GOOGLE_CLOUD_PROJECT' comes from an index signature, so it must be accessed with ['GOOGLE_CLOUD_PROJECT'].

[7m551[0m       if (process.env.GOOGLE_CLOUD_PROJECT) {
[7m   [0m [91m                      ~~~~~~~~~~~~~~~~~~~~[0m

[96msrc/lib/deployment/multi-region/ConfigurationManager.ts[0m:[93m553[0m:[93m23[0m - [91merror[0m[90m TS4111: [0mProperty 'GOOGLE_CLOUD_PROJECT' comes from an index signature, so it must be accessed with ['GOOGLE_CLOUD_PROJECT'].

[7m553[0m           process.env.GOOGLE_CLOUD_PROJECT
[7m   [0m [91m                      ~~~~~~~~~~~~~~~~~~~~[0m

[96msrc/lib/deployment/multi-region/ConfigurationManager.ts[0m:[93m555[0m:[93m23[0m - [91merror[0m[90m TS4111: [0mProperty 'GOOGLE_APPLICATION_CREDENTIALS' comes from an index signature, so it must be accessed with ['GOOGLE_APPLICATION_CREDENTIALS'].

[7m555[0m       if (process.env.GOOGLE_APPLICATION_CREDENTIALS) {
[7m   [0m [91m                      ~~~~~~~~~~~~~~~~~~~~~~~~~~~~~~[0m

[96msrc/lib/deployment/multi-region/ConfigurationManager.ts[0m:[93m557[0m:[93m23[0m - [91merror[0m[90m TS4111: [0mProperty 'GOOGLE_APPLICATION_CREDENTIALS' comes from an index signature, so it must be accessed with ['GOOGLE_APPLICATION_CREDENTIALS'].

[7m557[0m           process.env.GOOGLE_APPLICATION_CREDENTIALS
[7m   [0m [91m                      ~~~~~~~~~~~~~~~~~~~~~~~~~~~~~~[0m

[96msrc/lib/deployment/multi-region/ConfigurationManager.ts[0m:[93m561[0m:[93m23[0m - [91merror[0m[90m TS4111: [0mProperty 'AZURE_SUBSCRIPTION_ID' comes from an index signature, so it must be accessed with ['AZURE_SUBSCRIPTION_ID'].

[7m561[0m       if (process.env.AZURE_SUBSCRIPTION_ID) {
[7m   [0m [91m                      ~~~~~~~~~~~~~~~~~~~~~[0m

[96msrc/lib/deployment/multi-region/ConfigurationManager.ts[0m:[93m563[0m:[93m23[0m - [91merror[0m[90m TS4111: [0mProperty 'AZURE_SUBSCRIPTION_ID' comes from an index signature, so it must be accessed with ['AZURE_SUBSCRIPTION_ID'].

[7m563[0m           process.env.AZURE_SUBSCRIPTION_ID
[7m   [0m [91m                      ~~~~~~~~~~~~~~~~~~~~~[0m

[96msrc/lib/deployment/multi-region/ConfigurationManager.ts[0m:[93m565[0m:[93m23[0m - [91merror[0m[90m TS4111: [0mProperty 'AZURE_CLIENT_ID' comes from an index signature, so it must be accessed with ['AZURE_CLIENT_ID'].

[7m565[0m       if (process.env.AZURE_CLIENT_ID) {
[7m   [0m [91m                      ~~~~~~~~~~~~~~~[0m

[96msrc/lib/deployment/multi-region/ConfigurationManager.ts[0m:[93m567[0m:[93m23[0m - [91merror[0m[90m TS4111: [0mProperty 'AZURE_CLIENT_ID' comes from an index signature, so it must be accessed with ['AZURE_CLIENT_ID'].

[7m567[0m           process.env.AZURE_CLIENT_ID
[7m   [0m [91m                      ~~~~~~~~~~~~~~~[0m

[96msrc/lib/deployment/multi-region/ConfigurationManager.ts[0m:[93m569[0m:[93m23[0m - [91merror[0m[90m TS4111: [0mProperty 'AZURE_CLIENT_SECRET' comes from an index signature, so it must be accessed with ['AZURE_CLIENT_SECRET'].

[7m569[0m       if (process.env.AZURE_CLIENT_SECRET) {
[7m   [0m [91m                      ~~~~~~~~~~~~~~~~~~~[0m

[96msrc/lib/deployment/multi-region/ConfigurationManager.ts[0m:[93m571[0m:[93m23[0m - [91merror[0m[90m TS4111: [0mProperty 'AZURE_CLIENT_SECRET' comes from an index signature, so it must be accessed with ['AZURE_CLIENT_SECRET'].

[7m571[0m           process.env.AZURE_CLIENT_SECRET
[7m   [0m [91m                      ~~~~~~~~~~~~~~~~~~~[0m

[96msrc/lib/deployment/multi-region/ConfigurationManager.ts[0m:[93m573[0m:[93m23[0m - [91merror[0m[90m TS4111: [0mProperty 'AZURE_TENANT_ID' comes from an index signature, so it must be accessed with ['AZURE_TENANT_ID'].

[7m573[0m       if (process.env.AZURE_TENANT_ID) {
[7m   [0m [91m                      ~~~~~~~~~~~~~~~[0m

[96msrc/lib/deployment/multi-region/ConfigurationManager.ts[0m:[93m575[0m:[93m23[0m - [91merror[0m[90m TS4111: [0mProperty 'AZURE_TENANT_ID' comes from an index signature, so it must be accessed with ['AZURE_TENANT_ID'].

[7m575[0m           process.env.AZURE_TENANT_ID
[7m   [0m [91m                      ~~~~~~~~~~~~~~~[0m

[96msrc/lib/deployment/multi-region/ConfigurationManager.ts[0m:[93m579[0m:[93m23[0m - [91merror[0m[90m TS4111: [0mProperty 'COCKROACHDB_CONNECTION_STRING' comes from an index signature, so it must be accessed with ['COCKROACHDB_CONNECTION_STRING'].

[7m579[0m       if (process.env.COCKROACHDB_CONNECTION_STRING) {
[7m   [0m [91m                      ~~~~~~~~~~~~~~~~~~~~~~~~~~~~~[0m

[96msrc/lib/deployment/multi-region/ConfigurationManager.ts[0m:[93m581[0m:[93m23[0m - [91merror[0m[90m TS4111: [0mProperty 'COCKROACHDB_CONNECTION_STRING' comes from an index signature, so it must be accessed with ['COCKROACHDB_CONNECTION_STRING'].

[7m581[0m           process.env.COCKROACHDB_CONNECTION_STRING
[7m   [0m [91m                      ~~~~~~~~~~~~~~~~~~~~~~~~~~~~~[0m

[96msrc/lib/deployment/multi-region/ConfigurationManager.ts[0m:[93m583[0m:[93m23[0m - [91merror[0m[90m TS4111: [0mProperty 'REDIS_URL' comes from an index signature, so it must be accessed with ['REDIS_URL'].

[7m583[0m       if (process.env.REDIS_URL) {
[7m   [0m [91m                      ~~~~~~~~~[0m

[96msrc/lib/deployment/multi-region/ConfigurationManager.ts[0m:[93m584[0m:[93m63[0m - [91merror[0m[90m TS4111: [0mProperty 'REDIS_URL' comes from an index signature, so it must be accessed with ['REDIS_URL'].

[7m584[0m         this.config.secrets.databases.redis.url = process.env.REDIS_URL
[7m   [0m [91m                                                              ~~~~~~~~~[0m

[96msrc/lib/deployment/multi-region/ConfigurationManager.ts[0m:[93m586[0m:[93m23[0m - [91merror[0m[90m TS4111: [0mProperty 'REDIS_PASSWORD' comes from an index signature, so it must be accessed with ['REDIS_PASSWORD'].

[7m586[0m       if (process.env.REDIS_PASSWORD) {
[7m   [0m [91m                      ~~~~~~~~~~~~~~[0m

[96msrc/lib/deployment/multi-region/ConfigurationManager.ts[0m:[93m588[0m:[93m23[0m - [91merror[0m[90m TS4111: [0mProperty 'REDIS_PASSWORD' comes from an index signature, so it must be accessed with ['REDIS_PASSWORD'].

[7m588[0m           process.env.REDIS_PASSWORD
[7m   [0m [91m                      ~~~~~~~~~~~~~~[0m

[96msrc/lib/deployment/multi-region/ConfigurationManager.ts[0m:[93m592[0m:[93m23[0m - [91merror[0m[90m TS4111: [0mProperty 'OPENAI_API_KEY' comes from an index signature, so it must be accessed with ['OPENAI_API_KEY'].

[7m592[0m       if (process.env.OPENAI_API_KEY) {
[7m   [0m [91m                      ~~~~~~~~~~~~~~[0m

[96msrc/lib/deployment/multi-region/ConfigurationManager.ts[0m:[93m594[0m:[93m23[0m - [91merror[0m[90m TS4111: [0mProperty 'OPENAI_API_KEY' comes from an index signature, so it must be accessed with ['OPENAI_API_KEY'].

[7m594[0m           process.env.OPENAI_API_KEY
[7m   [0m [91m                      ~~~~~~~~~~~~~~[0m

[96msrc/lib/deployment/multi-region/ConfigurationManager.ts[0m:[93m596[0m:[93m23[0m - [91merror[0m[90m TS4111: [0mProperty 'OPENAI_ORGANIZATION' comes from an index signature, so it must be accessed with ['OPENAI_ORGANIZATION'].

[7m596[0m       if (process.env.OPENAI_ORGANIZATION) {
[7m   [0m [91m                      ~~~~~~~~~~~~~~~~~~~[0m

[96msrc/lib/deployment/multi-region/ConfigurationManager.ts[0m:[93m598[0m:[93m23[0m - [91merror[0m[90m TS4111: [0mProperty 'OPENAI_ORGANIZATION' comes from an index signature, so it must be accessed with ['OPENAI_ORGANIZATION'].

[7m598[0m           process.env.OPENAI_ORGANIZATION
[7m   [0m [91m                      ~~~~~~~~~~~~~~~~~~~[0m

[96msrc/lib/deployment/multi-region/ConfigurationManager.ts[0m:[93m600[0m:[93m23[0m - [91merror[0m[90m TS4111: [0mProperty 'GOOGLE_AI_API_KEY' comes from an index signature, so it must be accessed with ['GOOGLE_AI_API_KEY'].

[7m600[0m       if (process.env.GOOGLE_AI_API_KEY) {
[7m   [0m [91m                      ~~~~~~~~~~~~~~~~~[0m

[96msrc/lib/deployment/multi-region/ConfigurationManager.ts[0m:[93m602[0m:[93m23[0m - [91merror[0m[90m TS4111: [0mProperty 'GOOGLE_AI_API_KEY' comes from an index signature, so it must be accessed with ['GOOGLE_AI_API_KEY'].

[7m602[0m           process.env.GOOGLE_AI_API_KEY
[7m   [0m [91m                      ~~~~~~~~~~~~~~~~~[0m

[96msrc/lib/deployment/multi-region/ConfigurationManager.ts[0m:[93m604[0m:[93m23[0m - [91merror[0m[90m TS4111: [0mProperty 'GOOGLE_CLOUD_PROJECT' comes from an index signature, so it must be accessed with ['GOOGLE_CLOUD_PROJECT'].

[7m604[0m       if (process.env.GOOGLE_CLOUD_PROJECT) {
[7m   [0m [91m                      ~~~~~~~~~~~~~~~~~~~~[0m

[96msrc/lib/deployment/multi-region/ConfigurationManager.ts[0m:[93m606[0m:[93m23[0m - [91merror[0m[90m TS4111: [0mProperty 'GOOGLE_CLOUD_PROJECT' comes from an index signature, so it must be accessed with ['GOOGLE_CLOUD_PROJECT'].

[7m606[0m           process.env.GOOGLE_CLOUD_PROJECT
[7m   [0m [91m                      ~~~~~~~~~~~~~~~~~~~~[0m

[96msrc/lib/deployment/multi-region/ConfigurationManager.ts[0m:[93m610[0m:[93m23[0m - [91merror[0m[90m TS4111: [0mProperty 'SENTRY_DSN' comes from an index signature, so it must be accessed with ['SENTRY_DSN'].

[7m610[0m       if (process.env.SENTRY_DSN) {
[7m   [0m [91m                      ~~~~~~~~~~[0m

[96msrc/lib/deployment/multi-region/ConfigurationManager.ts[0m:[93m611[0m:[93m65[0m - [91merror[0m[90m TS4111: [0mProperty 'SENTRY_DSN' comes from an index signature, so it must be accessed with ['SENTRY_DSN'].

[7m611[0m         this.config.secrets.monitoring.sentry.dsn = process.env.SENTRY_DSN
[7m   [0m [91m                                                                ~~~~~~~~~~[0m

[96msrc/lib/deployment/multi-region/ConfigurationManager.ts[0m:[93m613[0m:[93m23[0m - [91merror[0m[90m TS4111: [0mProperty 'SENTRY_AUTH_TOKEN' comes from an index signature, so it must be accessed with ['SENTRY_AUTH_TOKEN'].

[7m613[0m       if (process.env.SENTRY_AUTH_TOKEN) {
[7m   [0m [91m                      ~~~~~~~~~~~~~~~~~[0m

[96msrc/lib/deployment/multi-region/ConfigurationManager.ts[0m:[93m615[0m:[93m23[0m - [91merror[0m[90m TS4111: [0mProperty 'SENTRY_AUTH_TOKEN' comes from an index signature, so it must be accessed with ['SENTRY_AUTH_TOKEN'].

[7m615[0m           process.env.SENTRY_AUTH_TOKEN
[7m   [0m [91m                      ~~~~~~~~~~~~~~~~~[0m

[96msrc/lib/deployment/multi-region/ConfigurationManager.ts[0m:[93m617[0m:[93m23[0m - [91merror[0m[90m TS4111: [0mProperty 'DATADOG_API_KEY' comes from an index signature, so it must be accessed with ['DATADOG_API_KEY'].

[7m617[0m       if (process.env.DATADOG_API_KEY) {
[7m   [0m [91m                      ~~~~~~~~~~~~~~~[0m

[96msrc/lib/deployment/multi-region/ConfigurationManager.ts[0m:[93m619[0m:[93m23[0m - [91merror[0m[90m TS4111: [0mProperty 'DATADOG_API_KEY' comes from an index signature, so it must be accessed with ['DATADOG_API_KEY'].

[7m619[0m           process.env.DATADOG_API_KEY
[7m   [0m [91m                      ~~~~~~~~~~~~~~~[0m

[96msrc/lib/deployment/multi-region/ConfigurationManager.ts[0m:[93m621[0m:[93m23[0m - [91merror[0m[90m TS4111: [0mProperty 'DATADOG_APP_KEY' comes from an index signature, so it must be accessed with ['DATADOG_APP_KEY'].

[7m621[0m       if (process.env.DATADOG_APP_KEY) {
[7m   [0m [91m                      ~~~~~~~~~~~~~~~[0m

[96msrc/lib/deployment/multi-region/ConfigurationManager.ts[0m:[93m623[0m:[93m23[0m - [91merror[0m[90m TS4111: [0mProperty 'DATADOG_APP_KEY' comes from an index signature, so it must be accessed with ['DATADOG_APP_KEY'].

[7m623[0m           process.env.DATADOG_APP_KEY
[7m   [0m [91m                      ~~~~~~~~~~~~~~~[0m

[96msrc/lib/deployment/multi-region/ConfigurationManager.ts[0m:[93m852[0m:[93m21[0m - [91merror[0m[90m TS4111: [0mProperty 'MULTI_REGION_DOMAIN_NAME' comes from an index signature, so it must be accessed with ['MULTI_REGION_DOMAIN_NAME'].

[7m852[0m         process.env.MULTI_REGION_DOMAIN_NAME ??
[7m   [0m [91m                    ~~~~~~~~~~~~~~~~~~~~~~~~[0m

[96msrc/lib/deployment/multi-region/ConfigurationManager.ts[0m:[93m856[0m:[93m21[0m - [91merror[0m[90m TS4111: [0mProperty 'MULTI_REGION_HOSTED_ZONE_ID' comes from an index signature, so it must be accessed with ['MULTI_REGION_HOSTED_ZONE_ID'].

[7m856[0m         process.env.MULTI_REGION_HOSTED_ZONE_ID ?? 'Z00000000000000000000',
[7m   [0m [91m                    ~~~~~~~~~~~~~~~~~~~~~~~~~~~[0m

[96msrc/lib/deployment/multi-region/ConfigurationManager.ts[0m:[93m858[0m:[93m21[0m - [91merror[0m[90m TS4111: [0mProperty 'MULTI_REGION_CLOUDFLARE_ZONE_ID' comes from an index signature, so it must be accessed with ['MULTI_REGION_CLOUDFLARE_ZONE_ID'].

[7m858[0m         process.env.MULTI_REGION_CLOUDFLARE_ZONE_ID ?? undefined,
[7m   [0m [91m                    ~~~~~~~~~~~~~~~~~~~~~~~~~~~~~~~[0m

[96msrc/lib/deployment/multi-region/ConfigurationManager.ts[0m:[93m859[0m:[93m40[0m - [91merror[0m[90m TS4111: [0mProperty 'MULTI_REGION_DNS_TTL' comes from an index signature, so it must be accessed with ['MULTI_REGION_DNS_TTL'].

[7m859[0m       ttl: Number.parseInt(process.env.MULTI_REGION_DNS_TTL ?? '60', 10),
[7m   [0m [91m                                       ~~~~~~~~~~~~~~~~~~~~[0m

[96msrc/lib/deployment/multi-region/ConfigurationManager.ts[0m:[93m867[0m:[93m24[0m - [91merror[0m[90m TS4111: [0mProperty 'NODE_ENV' comes from an index signature, so it must be accessed with ['NODE_ENV'].

[7m867[0m     return process.env.NODE_ENV ?? 'production'
[7m   [0m [91m                       ~~~~~~~~[0m

[96msrc/lib/deployment/multi-region/ConfigurationManager.ts[0m:[93m1098[0m:[93m16[0m - [91merror[0m[90m TS2538: [0mType 'undefined' cannot be used as an index type.

[7m1098[0m       newFlags[flagToToggle] = !newFlags[flagToToggle]
[7m    [0m [91m               ~~~~~~~~~~~~[0m

[96msrc/lib/deployment/multi-region/ConfigurationManager.ts[0m:[93m1098[0m:[93m42[0m - [91merror[0m[90m TS2538: [0mType 'undefined' cannot be used as an index type.

[7m1098[0m       newFlags[flagToToggle] = !newFlags[flagToToggle]
[7m    [0m [91m                                         ~~~~~~~~~~~~[0m

[96msrc/lib/deployment/multi-region/CrossRegionDataSyncManager.ts[0m:[93m40[0m:[93m6[0m - [91merror[0m[90m TS6196: [0m'MongoDbSecrets' is declared but never used.

[7m40[0m type MongoDbSecrets = Record<string, unknown>
[7m  [0m [91m     ~~~~~~~~~~~~~~[0m

[96msrc/lib/deployment/multi-region/CrossRegionDataSyncManager.ts[0m:[93m82[0m:[93m11[0m - [91merror[0m[90m TS6133: [0m'isInitialized' is declared but its value is never read.

[7m82[0m   private isInitialized = false
[7m  [0m [91m          ~~~~~~~~~~~~~[0m

[96msrc/lib/deployment/multi-region/CrossRegionDataSyncManager.ts[0m:[93m236[0m:[93m59[0m - [91merror[0m[90m TS4111: [0mProperty 'cockroachdb' comes from an index signature, so it must be accessed with ['cockroachdb'].

[7m236[0m     const databaseSecrets = this.isRecord(configDatabases.cockroachdb)
[7m   [0m [91m                                                          ~~~~~~~~~~~[0m

[96msrc/lib/deployment/multi-region/CrossRegionDataSyncManager.ts[0m:[93m237[0m:[93m25[0m - [91merror[0m[90m TS4111: [0mProperty 'cockroachdb' comes from an index signature, so it must be accessed with ['cockroachdb'].

[7m237[0m       ? configDatabases.cockroachdb
[7m   [0m [91m                        ~~~~~~~~~~~[0m

[96msrc/lib/deployment/multi-region/CrossRegionDataSyncManager.ts[0m:[93m243[0m:[93m24[0m - [91merror[0m[90m TS4111: [0mProperty 'COCKROACH_CONNECTION_STRING' comes from an index signature, so it must be accessed with ['COCKROACH_CONNECTION_STRING'].

[7m243[0m         : (process.env.COCKROACH_CONNECTION_STRING ?? '')
[7m   [0m [91m                       ~~~~~~~~~~~~~~~~~~~~~~~~~~~[0m

[96msrc/lib/deployment/multi-region/CrossRegionDataSyncManager.ts[0m:[93m261[0m:[93m30[0m - [91merror[0m[90m TS4111: [0mProperty 'COCKROACH_USER' comes from an index signature, so it must be accessed with ['COCKROACH_USER'].

[7m261[0m               : (process.env.COCKROACH_USER ?? 'root'),
[7m   [0m [91m                             ~~~~~~~~~~~~~~[0m

[96msrc/lib/deployment/multi-region/CrossRegionDataSyncManager.ts[0m:[93m268[0m:[93m30[0m - [91merror[0m[90m TS4111: [0mProperty 'COCKROACH_PASSWORD' comes from an index signature, so it must be accessed with ['COCKROACH_PASSWORD'].

[7m268[0m               : (process.env.COCKROACH_PASSWORD ?? ''),
[7m   [0m [91m                             ~~~~~~~~~~~~~~~~~~[0m

[96msrc/lib/deployment/multi-region/CrossRegionDataSyncManager.ts[0m:[93m269[0m:[93m30[0m - [91merror[0m[90m TS4111: [0mProperty 'COCKROACH_SSL_CERT' comes from an index signature, so it must be accessed with ['COCKROACH_SSL_CERT'].

[7m269[0m         sslCert: process.env.COCKROACH_SSL_CERT ?? null,
[7m   [0m [91m                             ~~~~~~~~~~~~~~~~~~[0m

[96msrc/lib/deployment/multi-region/CrossRegionDataSyncManager.ts[0m:[93m280[0m:[93m27[0m - [91merror[0m[90m TS4111: [0mProperty 'COCKROACH_USER' comes from an index signature, so it must be accessed with ['COCKROACH_USER'].

[7m280[0m         user: process.env.COCKROACH_USER ?? 'root',
[7m   [0m [91m                          ~~~~~~~~~~~~~~[0m

[96msrc/lib/deployment/multi-region/CrossRegionDataSyncManager.ts[0m:[93m281[0m:[93m31[0m - [91merror[0m[90m TS4111: [0mProperty 'COCKROACH_PASSWORD' comes from an index signature, so it must be accessed with ['COCKROACH_PASSWORD'].

[7m281[0m         password: process.env.COCKROACH_PASSWORD ?? '',
[7m   [0m [91m                              ~~~~~~~~~~~~~~~~~~[0m

[96msrc/lib/deployment/multi-region/CrossRegionDataSyncManager.ts[0m:[93m282[0m:[93m30[0m - [91merror[0m[90m TS4111: [0mProperty 'COCKROACH_SSL_CERT' comes from an index signature, so it must be accessed with ['COCKROACH_SSL_CERT'].

[7m282[0m         sslCert: process.env.COCKROACH_SSL_CERT ?? null,
[7m   [0m [91m                             ~~~~~~~~~~~~~~~~~~[0m

[96msrc/lib/deployment/multi-region/CrossRegionDataSyncManager.ts[0m:[93m296[0m:[93m51[0m - [91merror[0m[90m TS4111: [0mProperty 'mongo' comes from an index signature, so it must be accessed with ['mongo'].

[7m296[0m     const secrets = this.isRecord(configDatabases.mongo)
[7m   [0m [91m                                                  ~~~~~[0m

[96msrc/lib/deployment/multi-region/CrossRegionDataSyncManager.ts[0m:[93m297[0m:[93m25[0m - [91merror[0m[90m TS4111: [0mProperty 'mongo' comes from an index signature, so it must be accessed with ['mongo'].

[7m297[0m       ? configDatabases.mongo
[7m   [0m [91m                        ~~~~~[0m

[96msrc/lib/deployment/multi-region/CrossRegionDataSyncManager.ts[0m:[93m301[0m:[93m21[0m - [91merror[0m[90m TS4111: [0mProperty 'MONGODB_CONNECTION_STRING' comes from an index signature, so it must be accessed with ['MONGODB_CONNECTION_STRING'].

[7m301[0m         process.env.MONGODB_CONNECTION_STRING ??
[7m   [0m [91m                    ~~~~~~~~~~~~~~~~~~~~~~~~~[0m

[96msrc/lib/deployment/multi-region/CrossRegionDataSyncManager.ts[0m:[93m302[0m:[93m25[0m - [91merror[0m[90m TS4111: [0mProperty 'connectionString' comes from an index signature, so it must be accessed with ['connectionString'].

[7m302[0m         (typeof secrets.connectionString === 'string'
[7m   [0m [91m                        ~~~~~~~~~~~~~~~~[0m

[96msrc/lib/deployment/multi-region/CrossRegionDataSyncManager.ts[0m:[93m303[0m:[93m21[0m - [91merror[0m[90m TS4111: [0mProperty 'connectionString' comes from an index signature, so it must be accessed with ['connectionString'].

[7m303[0m           ? secrets.connectionString
[7m   [0m [91m                    ~~~~~~~~~~~~~~~~[0m

[96msrc/lib/deployment/multi-region/CrossRegionDataSyncManager.ts[0m:[93m325[0m:[93m52[0m - [91merror[0m[90m TS4111: [0mProperty 'redis' comes from an index signature, so it must be accessed with ['redis'].

[7m325[0m     const defaults = this.isRecord(configDatabases.redis)
[7m   [0m [91m                                                   ~~~~~[0m

[96msrc/lib/deployment/multi-region/CrossRegionDataSyncManager.ts[0m:[93m326[0m:[93m25[0m - [91merror[0m[90m TS4111: [0mProperty 'redis' comes from an index signature, so it must be accessed with ['redis'].

[7m326[0m       ? configDatabases.redis
[7m   [0m [91m                        ~~~~~[0m

[96msrc/lib/deployment/multi-region/CrossRegionDataSyncManager.ts[0m:[93m332[0m:[93m25[0m - [91merror[0m[90m TS4111: [0mProperty 'REDIS_HOST' comes from an index signature, so it must be accessed with ['REDIS_HOST'].

[7m332[0m       host: process.env.REDIS_HOST ?? secrets.host,
[7m   [0m [91m                        ~~~~~~~~~~[0m

[96msrc/lib/deployment/multi-region/CrossRegionDataSyncManager.ts[0m:[93m334[0m:[93m21[0m - [91merror[0m[90m TS4111: [0mProperty 'REDIS_PORT' comes from an index signature, so it must be accessed with ['REDIS_PORT'].

[7m334[0m         process.env.REDIS_PORT ??
[7m   [0m [91m                    ~~~~~~~~~~[0m

[96msrc/lib/deployment/multi-region/CrossRegionDataSyncManager.ts[0m:[93m350[0m:[93m21[0m - [91merror[0m[90m TS4111: [0mProperty 'REDIS_PASSWORD' comes from an index signature, so it must be accessed with ['REDIS_PASSWORD'].

[7m350[0m         process.env.REDIS_PASSWORD ??
[7m   [0m [91m                    ~~~~~~~~~~~~~~[0m

[96msrc/lib/deployment/multi-region/CrossRegionDataSyncManager.ts[0m:[93m368[0m:[93m52[0m - [91merror[0m[90m TS4111: [0mProperty 'clickhouse' comes from an index signature, so it must be accessed with ['clickhouse'].

[7m368[0m     const defaults = this.isRecord(configDatabases.clickhouse)
[7m   [0m [91m                                                   ~~~~~~~~~~[0m

[96msrc/lib/deployment/multi-region/CrossRegionDataSyncManager.ts[0m:[93m369[0m:[93m25[0m - [91merror[0m[90m TS4111: [0mProperty 'clickhouse' comes from an index signature, so it must be accessed with ['clickhouse'].

[7m369[0m       ? configDatabases.clickhouse
[7m   [0m [91m                        ~~~~~~~~~~[0m

[96msrc/lib/deployment/multi-region/CrossRegionDataSyncManager.ts[0m:[93m373[0m:[93m25[0m - [91merror[0m[90m TS4111: [0mProperty 'CLICKHOUSE_HOST' comes from an index signature, so it must be accessed with ['CLICKHOUSE_HOST'].

[7m373[0m       host: process.env.CLICKHOUSE_HOST ?? 'localhost',
[7m   [0m [91m                        ~~~~~~~~~~~~~~~[0m

[96msrc/lib/deployment/multi-region/CrossRegionDataSyncManager.ts[0m:[93m374[0m:[93m50[0m - [91merror[0m[90m TS4111: [0mProperty 'CLICKHOUSE_PORT' comes from an index signature, so it must be accessed with ['CLICKHOUSE_PORT'].

[7m374[0m       port: this.toNumberOrUndefined(process.env.CLICKHOUSE_PORT) ?? 8123,
[7m   [0m [91m                                                 ~~~~~~~~~~~~~~~[0m

[96msrc/lib/deployment/multi-region/CrossRegionDataSyncManager.ts[0m:[93m375[0m:[93m29[0m - [91merror[0m[90m TS4111: [0mProperty 'CLICKHOUSE_USERNAME' comes from an index signature, so it must be accessed with ['CLICKHOUSE_USERNAME'].

[7m375[0m       username: process.env.CLICKHOUSE_USERNAME ?? 'default',
[7m   [0m [91m                            ~~~~~~~~~~~~~~~~~~~[0m

[96msrc/lib/deployment/multi-region/CrossRegionDataSyncManager.ts[0m:[93m376[0m:[93m29[0m - [91merror[0m[90m TS4111: [0mProperty 'CLICKHOUSE_PASSWORD' comes from an index signature, so it must be accessed with ['CLICKHOUSE_PASSWORD'].

[7m376[0m       password: process.env.CLICKHOUSE_PASSWORD ?? '',
[7m   [0m [91m                            ~~~~~~~~~~~~~~~~~~~[0m

[96msrc/lib/deployment/multi-region/CrossRegionDataSyncManager.ts[0m:[93m377[0m:[93m29[0m - [91merror[0m[90m TS4111: [0mProperty 'CLICKHOUSE_DATABASE' comes from an index signature, so it must be accessed with ['CLICKHOUSE_DATABASE'].

[7m377[0m       database: process.env.CLICKHOUSE_DATABASE ?? 'default',
[7m   [0m [91m                            ~~~~~~~~~~~~~~~~~~~[0m

[96msrc/lib/deployment/multi-region/CrossRegionDataSyncManager.ts[0m:[93m378[0m:[93m26[0m - [91merror[0m[90m TS4111: [0mProperty 'CLICKHOUSE_HTTPS' comes from an index signature, so it must be accessed with ['CLICKHOUSE_HTTPS'].

[7m378[0m       https: process.env.CLICKHOUSE_HTTPS === 'true',
[7m   [0m [91m                         ~~~~~~~~~~~~~~~~[0m

[96msrc/lib/deployment/multi-region/CrossRegionDataSyncManager.ts[0m:[93m1100[0m:[93m35[0m - [91merror[0m[90m TS4111: [0mProperty '_id' comes from an index signature, so it must be accessed with ['_id'].

[7m1100[0m       this.normalizeRecordId(user._id),
[7m    [0m [91m                                  ~~~[0m

[96msrc/lib/deployment/multi-region/CrossRegionDataSyncManager.ts[0m:[93m1101[0m:[93m12[0m - [91merror[0m[90m TS4111: [0mProperty 'email' comes from an index signature, so it must be accessed with ['email'].

[7m1101[0m       user.email,
[7m    [0m [91m           ~~~~~[0m

[96msrc/lib/deployment/multi-region/CrossRegionDataSyncManager.ts[0m:[93m1102[0m:[93m12[0m - [91merror[0m[90m TS4111: [0mProperty 'username' comes from an index signature, so it must be accessed with ['username'].

[7m1102[0m       user.username,
[7m    [0m [91m           ~~~~~~~~[0m

[96msrc/lib/deployment/multi-region/CrossRegionDataSyncManager.ts[0m:[93m1104[0m:[93m27[0m - [91merror[0m[90m TS4111: [0mProperty 'metadata' comes from an index signature, so it must be accessed with ['metadata'].

[7m1104[0m       JSON.stringify(user.metadata ?? {}),
[7m    [0m [91m                          ~~~~~~~~[0m

[96msrc/lib/deployment/multi-region/CrossRegionDataSyncManager.ts[0m:[93m1105[0m:[93m12[0m - [91merror[0m[90m TS4111: [0mProperty 'createdAt' comes from an index signature, so it must be accessed with ['createdAt'].

[7m1105[0m       user.createdAt ?? new Date(),
[7m    [0m [91m           ~~~~~~~~~[0m

[96msrc/lib/deployment/multi-region/CrossRegionDataSyncManager.ts[0m:[93m1106[0m:[93m12[0m - [91merror[0m[90m TS4111: [0mProperty 'updatedAt' comes from an index signature, so it must be accessed with ['updatedAt'].

[7m1106[0m       user.updatedAt ?? new Date(),
[7m    [0m [91m           ~~~~~~~~~[0m

[96msrc/lib/deployment/multi-region/CrossRegionDataSyncManager.ts[0m:[93m1195[0m:[93m38[0m - [91merror[0m[90m TS4111: [0mProperty '_id' comes from an index signature, so it must be accessed with ['_id'].

[7m1195[0m       this.normalizeRecordId(session._id),
[7m    [0m [91m                                     ~~~[0m

[96msrc/lib/deployment/multi-region/CrossRegionDataSyncManager.ts[0m:[93m1196[0m:[93m38[0m - [91merror[0m[90m TS4111: [0mProperty 'userId' comes from an index signature, so it must be accessed with ['userId'].

[7m1196[0m       this.normalizeRecordId(session.userId),
[7m    [0m [91m                                     ~~~~~~[0m

[96msrc/lib/deployment/multi-region/CrossRegionDataSyncManager.ts[0m:[93m1198[0m:[93m15[0m - [91merror[0m[90m TS4111: [0mProperty 'token' comes from an index signature, so it must be accessed with ['token'].

[7m1198[0m       session.token,
[7m    [0m [91m              ~~~~~[0m

[96msrc/lib/deployment/multi-region/CrossRegionDataSyncManager.ts[0m:[93m1199[0m:[93m15[0m - [91merror[0m[90m TS4111: [0mProperty 'expiresAt' comes from an index signature, so it must be accessed with ['expiresAt'].

[7m1199[0m       session.expiresAt,
[7m    [0m [91m              ~~~~~~~~~[0m

[96msrc/lib/deployment/multi-region/CrossRegionDataSyncManager.ts[0m:[93m1200[0m:[93m30[0m - [91merror[0m[90m TS4111: [0mProperty 'metadata' comes from an index signature, so it must be accessed with ['metadata'].

[7m1200[0m       JSON.stringify(session.metadata ?? {}),
[7m    [0m [91m                             ~~~~~~~~[0m

[96msrc/lib/deployment/multi-region/CrossRegionDataSyncManager.ts[0m:[93m1201[0m:[93m15[0m - [91merror[0m[90m TS4111: [0mProperty 'createdAt' comes from an index signature, so it must be accessed with ['createdAt'].

[7m1201[0m       session.createdAt ?? new Date(),
[7m    [0m [91m              ~~~~~~~~~[0m

[96msrc/lib/deployment/multi-region/CrossRegionDataSyncManager.ts[0m:[93m1249[0m:[93m54[0m - [91merror[0m[90m TS4111: [0mProperty 'aiAnalysis' comes from an index signature, so it must be accessed with ['aiAnalysis'].

[7m1249[0m               const analysis = this.toRecord(message.aiAnalysis)
[7m    [0m [91m                                                     ~~~~~~~~~~[0m

[96msrc/lib/deployment/multi-region/CrossRegionDataSyncManager.ts[0m:[93m1254[0m:[93m55[0m - [91merror[0m[90m TS4111: [0mProperty 'userId' comes from an index signature, so it must be accessed with ['userId'].

[7m1254[0m                   this.normalizeRecordId(conversation.userId),
[7m    [0m [91m                                                      ~~~~~~[0m

[96msrc/lib/deployment/multi-region/CrossRegionDataSyncManager.ts[0m:[93m1325[0m:[93m43[0m - [91merror[0m[90m TS4111: [0mProperty '_id' comes from an index signature, so it must be accessed with ['_id'].

[7m1325[0m       this.normalizeRecordId(conversation._id),
[7m    [0m [91m                                          ~~~[0m

[96msrc/lib/deployment/multi-region/CrossRegionDataSyncManager.ts[0m:[93m1326[0m:[93m43[0m - [91merror[0m[90m TS4111: [0mProperty 'userId' comes from an index signature, so it must be accessed with ['userId'].

[7m1326[0m       this.normalizeRecordId(conversation.userId),
[7m    [0m [91m                                          ~~~~~~[0m

[96msrc/lib/deployment/multi-region/CrossRegionDataSyncManager.ts[0m:[93m1328[0m:[93m20[0m - [91merror[0m[90m TS4111: [0mProperty 'title' comes from an index signature, so it must be accessed with ['title'].

[7m1328[0m       conversation.title,
[7m    [0m [91m                   ~~~~~[0m

[96msrc/lib/deployment/multi-region/CrossRegionDataSyncManager.ts[0m:[93m1329[0m:[93m20[0m - [91merror[0m[90m TS4111: [0mProperty 'status' comes from an index signature, so it must be accessed with ['status'].

[7m1329[0m       conversation.status ?? 'active',
[7m    [0m [91m                   ~~~~~~[0m

[96msrc/lib/deployment/multi-region/CrossRegionDataSyncManager.ts[0m:[93m1330[0m:[93m35[0m - [91merror[0m[90m TS4111: [0mProperty 'metadata' comes from an index signature, so it must be accessed with ['metadata'].

[7m1330[0m       JSON.stringify(conversation.metadata ?? {}),
[7m    [0m [91m                                  ~~~~~~~~[0m

[96msrc/lib/deployment/multi-region/CrossRegionDataSyncManager.ts[0m:[93m1331[0m:[93m20[0m - [91merror[0m[90m TS4111: [0mProperty 'createdAt' comes from an index signature, so it must be accessed with ['createdAt'].

[7m1331[0m       conversation.createdAt ?? new Date(),
[7m    [0m [91m                   ~~~~~~~~~[0m

[96msrc/lib/deployment/multi-region/CrossRegionDataSyncManager.ts[0m:[93m1332[0m:[93m20[0m - [91merror[0m[90m TS4111: [0mProperty 'updatedAt' comes from an index signature, so it must be accessed with ['updatedAt'].

[7m1332[0m       conversation.updatedAt ?? new Date(),
[7m    [0m [91m                   ~~~~~~~~~[0m

[96msrc/lib/deployment/multi-region/CrossRegionDataSyncManager.ts[0m:[93m1355[0m:[93m38[0m - [91merror[0m[90m TS4111: [0mProperty '_id' comes from an index signature, so it must be accessed with ['_id'].

[7m1355[0m       this.normalizeRecordId(message._id),
[7m    [0m [91m                                     ~~~[0m

[96msrc/lib/deployment/multi-region/CrossRegionDataSyncManager.ts[0m:[93m1356[0m:[93m38[0m - [91merror[0m[90m TS4111: [0mProperty 'conversationId' comes from an index signature, so it must be accessed with ['conversationId'].

[7m1356[0m       this.normalizeRecordId(message.conversationId),
[7m    [0m [91m                                     ~~~~~~~~~~~~~~[0m

[96msrc/lib/deployment/multi-region/CrossRegionDataSyncManager.ts[0m:[93m1357[0m:[93m38[0m - [91merror[0m[90m TS4111: [0mProperty 'userId' comes from an index signature, so it must be accessed with ['userId'].

[7m1357[0m       this.normalizeRecordId(message.userId),
[7m    [0m [91m                                     ~~~~~~[0m

[96msrc/lib/deployment/multi-region/CrossRegionDataSyncManager.ts[0m:[93m1359[0m:[93m15[0m - [91merror[0m[90m TS4111: [0mProperty 'content' comes from an index signature, so it must be accessed with ['content'].

[7m1359[0m       message.content,
[7m    [0m [91m              ~~~~~~~[0m

[96msrc/lib/deployment/multi-region/CrossRegionDataSyncManager.ts[0m:[93m1360[0m:[93m15[0m - [91merror[0m[90m TS4111: [0mProperty 'messageType' comes from an index signature, so it must be accessed with ['messageType'].

[7m1360[0m       message.messageType ?? 'text',
[7m    [0m [91m              ~~~~~~~~~~~[0m

[96msrc/lib/deployment/multi-region/CrossRegionDataSyncManager.ts[0m:[93m1361[0m:[93m15[0m - [91merror[0m[90m TS4111: [0mProperty 'sentimentScore' comes from an index signature, so it must be accessed with ['sentimentScore'].

[7m1361[0m       message.sentimentScore ?? null,
[7m    [0m [91m              ~~~~~~~~~~~~~~[0m

[96msrc/lib/deployment/multi-region/CrossRegionDataSyncManager.ts[0m:[93m1362[0m:[93m30[0m - [91merror[0m[90m TS4111: [0mProperty 'metadata' comes from an index signature, so it must be accessed with ['metadata'].

[7m1362[0m       JSON.stringify(message.metadata ?? {}),
[7m    [0m [91m                             ~~~~~~~~[0m

[96msrc/lib/deployment/multi-region/CrossRegionDataSyncManager.ts[0m:[93m1363[0m:[93m15[0m - [91merror[0m[90m TS4111: [0mProperty 'createdAt' comes from an index signature, so it must be accessed with ['createdAt'].

[7m1363[0m       message.createdAt ?? new Date(),
[7m    [0m [91m              ~~~~~~~~~[0m

[96msrc/lib/deployment/multi-region/CrossRegionDataSyncManager.ts[0m:[93m1389[0m:[93m16[0m - [91merror[0m[90m TS4111: [0mProperty '_id' comes from an index signature, so it must be accessed with ['_id'].

[7m1389[0m       analysis._id ?? uuidv4(),
[7m    [0m [91m               ~~~[0m

[96msrc/lib/deployment/multi-region/CrossRegionDataSyncManager.ts[0m:[93m1393[0m:[93m16[0m - [91merror[0m[90m TS4111: [0mProperty 'analysisType' comes from an index signature, so it must be accessed with ['analysisType'].

[7m1393[0m       analysis.analysisType,
[7m    [0m [91m               ~~~~~~~~~~~~[0m

[96msrc/lib/deployment/multi-region/CrossRegionDataSyncManager.ts[0m:[93m1394[0m:[93m16[0m - [91merror[0m[90m TS4111: [0mProperty 'biasScore' comes from an index signature, so it must be accessed with ['biasScore'].

[7m1394[0m       analysis.biasScore ?? null,
[7m    [0m [91m               ~~~~~~~~~[0m

[96msrc/lib/deployment/multi-region/CrossRegionDataSyncManager.ts[0m:[93m1395[0m:[93m16[0m - [91merror[0m[90m TS4111: [0mProperty 'empathyScore' comes from an index signature, so it must be accessed with ['empathyScore'].

[7m1395[0m       analysis.empathyScore ?? null,
[7m    [0m [91m               ~~~~~~~~~~~~[0m

[96msrc/lib/deployment/multi-region/CrossRegionDataSyncManager.ts[0m:[93m1396[0m:[93m16[0m - [91merror[0m[90m TS4111: [0mProperty 'mentalHealthScore' comes from an index signature, so it must be accessed with ['mentalHealthScore'].

[7m1396[0m       analysis.mentalHealthScore ?? null,
[7m    [0m [91m               ~~~~~~~~~~~~~~~~~[0m

[96msrc/lib/deployment/multi-region/CrossRegionDataSyncManager.ts[0m:[93m1397[0m:[93m31[0m - [91merror[0m[90m TS4111: [0mProperty 'recommendations' comes from an index signature, so it must be accessed with ['recommendations'].

[7m1397[0m       JSON.stringify(analysis.recommendations ?? {}),
[7m    [0m [91m                              ~~~~~~~~~~~~~~~[0m

[96msrc/lib/deployment/multi-region/CrossRegionDataSyncManager.ts[0m:[93m1398[0m:[93m16[0m - [91merror[0m[90m TS4111: [0mProperty 'createdAt' comes from an index signature, so it must be accessed with ['createdAt'].

[7m1398[0m       analysis.createdAt ?? new Date(),
[7m    [0m [91m               ~~~~~~~~~[0m

[96msrc/lib/deployment/multi-region/CrossRegionDataSyncManager.ts[0m:[93m1454[0m:[93m31[0m - [91merror[0m[90m TS4111: [0mProperty 'id' comes from an index signature, so it must be accessed with ['id'].

[7m1454[0m             ['completed', log.id],
[7m    [0m [91m                              ~~[0m

[96msrc/lib/deployment/multi-region/CrossRegionDataSyncManager.ts[0m:[93m1458[0m:[93m68[0m - [91merror[0m[90m TS4111: [0mProperty 'id' comes from an index signature, so it must be accessed with ['id'].

[7m1458[0m             `Failed to retry sync operation ${this.toLogString(log.id)}`,
[7m    [0m [91m                                                                   ~~[0m

[96msrc/lib/deployment/multi-region/CrossRegionDataSyncManager.ts[0m:[93m1467[0m:[93m76[0m - [91merror[0m[90m TS4111: [0mProperty 'id' comes from an index signature, so it must be accessed with ['id'].

[7m1467[0m             [error instanceof Error ? error.message : 'Unknown error', log.id],
[7m    [0m [91m                                                                           ~~[0m

[96msrc/lib/deployment/multi-region/CrossRegionDataSyncManager.ts[0m:[93m1486[0m:[93m44[0m - [91merror[0m[90m TS4111: [0mProperty 'table_name' comes from an index signature, so it must be accessed with ['table_name'].

[7m1486[0m     const tableName = this.toLogString(log.table_name)
[7m    [0m [91m                                           ~~~~~~~~~~[0m

[96msrc/lib/deployment/multi-region/CrossRegionDataSyncManager.ts[0m:[93m1487[0m:[93m43[0m - [91merror[0m[90m TS4111: [0mProperty 'record_id' comes from an index signature, so it must be accessed with ['record_id'].

[7m1487[0m     const recordId = this.toLogString(log.record_id)
[7m    [0m [91m                                          ~~~~~~~~~[0m

[96msrc/lib/deployment/multi-region/CrossRegionDataSyncManager.ts[0m:[93m1608[0m:[93m58[0m - [91merror[0m[90m TS4111: [0mProperty 'userId' comes from an index signature, so it must be accessed with ['userId'].

[7m1608[0m           const userId = this.normalizeRecordId(analytic.userId)
[7m    [0m [91m                                                         ~~~~~~[0m

[96msrc/lib/deployment/multi-region/CrossRegionDataSyncManager.ts[0m:[93m1609[0m:[93m61[0m - [91merror[0m[90m TS4111: [0mProperty 'sessionId' comes from an index signature, so it must be accessed with ['sessionId'].

[7m1609[0m           const sessionId = this.normalizeRecordId(analytic.sessionId)
[7m    [0m [91m                                                            ~~~~~~~~~[0m

[96msrc/lib/deployment/multi-region/CrossRegionDataSyncManager.ts[0m:[93m1611[0m:[93m29[0m - [91merror[0m[90m TS4111: [0mProperty 'eventType' comes from an index signature, so it must be accessed with ['eventType'].

[7m1611[0m             typeof analytic.eventType === 'string' ? analytic.eventType : ''
[7m    [0m [91m                            ~~~~~~~~~[0m

[96msrc/lib/deployment/multi-region/CrossRegionDataSyncManager.ts[0m:[93m1611[0m:[93m63[0m - [91merror[0m[90m TS4111: [0mProperty 'eventType' comes from an index signature, so it must be accessed with ['eventType'].

[7m1611[0m             typeof analytic.eventType === 'string' ? analytic.eventType : ''
[7m    [0m [91m                                                              ~~~~~~~~~[0m

[96msrc/lib/deployment/multi-region/CrossRegionDataSyncManager.ts[0m:[93m1613[0m:[93m29[0m - [91merror[0m[90m TS4111: [0mProperty 'ipAddress' comes from an index signature, so it must be accessed with ['ipAddress'].

[7m1613[0m             typeof analytic.ipAddress === 'string' ? analytic.ipAddress : ''
[7m    [0m [91m                            ~~~~~~~~~[0m

[96msrc/lib/deployment/multi-region/CrossRegionDataSyncManager.ts[0m:[93m1613[0m:[93m63[0m - [91merror[0m[90m TS4111: [0mProperty 'ipAddress' comes from an index signature, so it must be accessed with ['ipAddress'].

[7m1613[0m             typeof analytic.ipAddress === 'string' ? analytic.ipAddress : ''
[7m    [0m [91m                                                              ~~~~~~~~~[0m

[96msrc/lib/deployment/multi-region/CrossRegionDataSyncManager.ts[0m:[93m1615[0m:[93m29[0m - [91merror[0m[90m TS4111: [0mProperty 'userAgent' comes from an index signature, so it must be accessed with ['userAgent'].

[7m1615[0m             typeof analytic.userAgent === 'string' ? analytic.userAgent : ''
[7m    [0m [91m                            ~~~~~~~~~[0m

[96msrc/lib/deployment/multi-region/CrossRegionDataSyncManager.ts[0m:[93m1615[0m:[93m63[0m - [91merror[0m[90m TS4111: [0mProperty 'userAgent' comes from an index signature, so it must be accessed with ['userAgent'].

[7m1615[0m             typeof analytic.userAgent === 'string' ? analytic.userAgent : ''
[7m    [0m [91m                                                              ~~~~~~~~~[0m

[96msrc/lib/deployment/multi-region/CrossRegionDataSyncManager.ts[0m:[93m1617[0m:[93m29[0m - [91merror[0m[90m TS4111: [0mProperty 'eventData' comes from an index signature, so it must be accessed with ['eventData'].

[7m1617[0m             typeof analytic.eventData === 'object' ? analytic.eventData : {}
[7m    [0m [91m                            ~~~~~~~~~[0m

[96msrc/lib/deployment/multi-region/CrossRegionDataSyncManager.ts[0m:[93m1617[0m:[93m63[0m - [91merror[0m[90m TS4111: [0mProperty 'eventData' comes from an index signature, so it must be accessed with ['eventData'].

[7m1617[0m             typeof analytic.eventData === 'object' ? analytic.eventData : {}
[7m    [0m [91m                                                              ~~~~~~~~~[0m

[96msrc/lib/deployment/multi-region/CrossRegionDataSyncManager.ts[0m:[93m1621[0m:[93m24[0m - [91merror[0m[90m TS4111: [0mProperty 'timestamp' comes from an index signature, so it must be accessed with ['timestamp'].

[7m1621[0m               analytic.timestamp instanceof Date
[7m    [0m [91m                       ~~~~~~~~~[0m

[96msrc/lib/deployment/multi-region/CrossRegionDataSyncManager.ts[0m:[93m1622[0m:[93m28[0m - [91merror[0m[90m TS4111: [0mProperty 'timestamp' comes from an index signature, so it must be accessed with ['timestamp'].

[7m1622[0m                 ? analytic.timestamp
[7m    [0m [91m                           ~~~~~~~~~[0m

[96msrc/lib/deployment/multi-region/CrossRegionDataSyncManager.ts[0m:[93m1838[0m:[93m56[0m - [91merror[0m[90m TS2345: [0mArgument of type 'Record<string, unknown> | undefined' is not assignable to parameter of type 'Record<string, unknown>'.
  Type 'undefined' is not assignable to type 'Record<string, unknown>'.

[7m1838[0m         const lagSeconds = this.getRecordValueAsString(row, 'lag_seconds')
[7m    [0m [91m                                                       ~~~[0m

[96msrc/lib/deployment/multi-region/DeploymentOrchestrator.ts[0m:[93m987[0m:[93m38[0m - [91merror[0m[90m TS4111: [0mProperty 'minHealthScore' comes from an index signature, so it must be accessed with ['minHealthScore'].

[7m987[0m         (typeof step.successCriteria.minHealthScore === 'number'
[7m   [0m [91m                                     ~~~~~~~~~~~~~~[0m

[96msrc/lib/deployment/multi-region/DeploymentOrchestrator.ts[0m:[93m988[0m:[93m34[0m - [91merror[0m[90m TS4111: [0mProperty 'minHealthScore' comes from an index signature, so it must be accessed with ['minHealthScore'].

[7m988[0m           ? step.successCriteria.minHealthScore
[7m   [0m [91m                                 ~~~~~~~~~~~~~~[0m

[96msrc/lib/deployment/multi-region/DeploymentOrchestrator.ts[0m:[93m1025[0m:[93m38[0m - [91merror[0m[90m TS4111: [0mProperty 'maxResponseTime' comes from an index signature, so it must be accessed with ['maxResponseTime'].

[7m1025[0m         (typeof step.successCriteria.maxResponseTime === 'number'
[7m    [0m [91m                                     ~~~~~~~~~~~~~~~[0m

[96msrc/lib/deployment/multi-region/DeploymentOrchestrator.ts[0m:[93m1026[0m:[93m34[0m - [91merror[0m[90m TS4111: [0mProperty 'maxResponseTime' comes from an index signature, so it must be accessed with ['maxResponseTime'].

[7m1026[0m           ? step.successCriteria.maxResponseTime
[7m    [0m [91m                                 ~~~~~~~~~~~~~~~[0m

[96msrc/lib/deployment/multi-region/DeploymentOrchestrator.ts[0m:[93m1029[0m:[93m38[0m - [91merror[0m[90m TS4111: [0mProperty 'minThroughput' comes from an index signature, so it must be accessed with ['minThroughput'].

[7m1029[0m         (typeof step.successCriteria.minThroughput === 'number'
[7m    [0m [91m                                     ~~~~~~~~~~~~~[0m

[96msrc/lib/deployment/multi-region/DeploymentOrchestrator.ts[0m:[93m1030[0m:[93m34[0m - [91merror[0m[90m TS4111: [0mProperty 'minThroughput' comes from an index signature, so it must be accessed with ['minThroughput'].

[7m1030[0m           ? step.successCriteria.minThroughput
[7m    [0m [91m                                 ~~~~~~~~~~~~~[0m

[96msrc/lib/deployment/multi-region/DeploymentOrchestrator.ts[0m:[93m1133[0m:[93m11[0m - [91merror[0m[90m TS6133: [0m'handleDeploymentFailure' is declared but its value is never read.

[7m1133[0m   private handleDeploymentFailure(data: unknown): void {
[7m    [0m [91m          ~~~~~~~~~~~~~~~~~~~~~~~[0m

[96msrc/lib/deployment/multi-region/EdgeComputingManager.ts[0m:[93m2222[0m:[93m25[0m - [91merror[0m[90m TS18048: [0m'location' is possibly 'undefined'.

[7m2222[0m             locationId: location.id,
[7m    [0m [91m                        ~~~~~~~~[0m

[96msrc/lib/deployment/multi-region/EdgeComputingManager.ts[0m:[93m2230[0m:[93m28[0m - [91merror[0m[90m TS18048: [0m'location' is possibly 'undefined'.

[7m2230[0m             aiModelStatus: location.aiModels.map((model) => ({
[7m    [0m [91m                           ~~~~~~~~[0m

[96msrc/lib/deployment/multi-region/EdgeComputingManager.ts[0m:[93m2239[0m:[93m30[0m - [91merror[0m[90m TS18048: [0m'location' is possibly 'undefined'.

[7m2239[0m           this.edgeNodes.set(location.id, failedStatus)
[7m    [0m [91m                             ~~~~~~~~[0m

[96msrc/lib/deployment/multi-region/GlobalTrafficRoutingManager.ts[0m:[93m553[0m:[93m5[0m - [91merror[0m[90m TS18048: [0m'selectedTarget' is possibly 'undefined'.

[7m553[0m     selectedTarget.latency = await this.calculateLatency(
[7m   [0m [91m    ~~~~~~~~~~~~~~[0m

[96msrc/lib/deployment/multi-region/GlobalTrafficRoutingManager.ts[0m:[93m555[0m:[93m7[0m - [91merror[0m[90m TS18048: [0m'selectedTarget' is possibly 'undefined'.

[7m555[0m       selectedTarget.target,
[7m   [0m [91m      ~~~~~~~~~~~~~~[0m

[96msrc/lib/deployment/multi-region/GlobalTrafficRoutingManager.ts[0m:[93m559[0m:[93m15[0m - [91merror[0m[90m TS18048: [0m'selectedTarget' is possibly 'undefined'.

[7m559[0m       target: selectedTarget.target,
[7m   [0m [91m              ~~~~~~~~~~~~~~[0m

[96msrc/lib/deployment/multi-region/GlobalTrafficRoutingManager.ts[0m:[93m561[0m:[93m16[0m - [91merror[0m[90m TS18048: [0m'selectedTarget' is possibly 'undefined'.

[7m561[0m       latency: selectedTarget.latency,
[7m   [0m [91m               ~~~~~~~~~~~~~~[0m

[96msrc/lib/deployment/multi-region/GlobalTrafficRoutingManager.ts[0m:[93m562[0m:[93m20[0m - [91merror[0m[90m TS18048: [0m'selectedTarget' is possibly 'undefined'.

[7m562[0m       healthScore: selectedTarget.target.healthScore,
[7m   [0m [91m                   ~~~~~~~~~~~~~~[0m

[96msrc/lib/deployment/multi-region/GlobalTrafficRoutingManager.ts[0m:[93m563[0m:[93m44[0m - [91merror[0m[90m TS18048: [0m'selectedTarget' is possibly 'undefined'.

[7m563[0m       compliance: this.getComplianceStatus(selectedTarget.target),
[7m   [0m [91m                                           ~~~~~~~~~~~~~~[0m

[96msrc/lib/deployment/multi-region/GlobalTrafficRoutingManager.ts[0m:[93m717[0m:[93m42[0m - [91merror[0m[90m TS2345: [0mArgument of type 'string | undefined' is not assignable to parameter of type 'string'.
  Type 'undefined' is not assignable to type 'string'.

[7m717[0m     const target = this.routeTargets.get(fallbackRegion)
[7m   [0m [91m                                         ~~~~~~~~~~~~~~[0m

[96msrc/lib/deployment/multi-region/GlobalTrafficRoutingManager.ts[0m:[93m723[0m:[93m9[0m - [91merror[0m[90m TS2322: [0mType 'RouteTarget | undefined' is not assignable to type 'RouteTarget'.
  Type 'undefined' is not assignable to type 'RouteTarget'.

[7m723[0m         target: firstTarget,
[7m   [0m [91m        ~~~~~~[0m

  [96msrc/lib/deployment/multi-region/GlobalTrafficRoutingManager.ts[0m:[93m43[0m:[93m3[0m
    [7m43[0m   target: RouteTarget
    [7m  [0m [96m  ~~~~~~[0m
    The expected type comes from property 'target' which is declared here on type 'RoutingDecision'

[96msrc/lib/deployment/multi-region/GlobalTrafficRoutingManager.ts[0m:[93m726[0m:[93m22[0m - [91merror[0m[90m TS18048: [0m'firstTarget' is possibly 'undefined'.

[7m726[0m         healthScore: firstTarget.healthScore,
[7m   [0m [91m                     ~~~~~~~~~~~[0m

[96msrc/lib/deployment/multi-region/GlobalTrafficRoutingManager.ts[0m:[93m727[0m:[93m46[0m - [91merror[0m[90m TS2345: [0mArgument of type 'RouteTarget | undefined' is not assignable to parameter of type 'RouteTarget'.
  Type 'undefined' is not assignable to type 'RouteTarget'.

[7m727[0m         compliance: this.getComplianceStatus(firstTarget),
[7m   [0m [91m                                             ~~~~~~~~~~~[0m

[96msrc/lib/deployment/multi-region/GlobalTrafficRoutingManager.ts[0m:[93m806[0m:[93m26[0m - [91merror[0m[90m TS18048: [0m'errors' is possibly 'undefined'.

[7m806[0m           requests > 0 ? errors / requests : 0
[7m   [0m [91m                         ~~~~~~[0m

[96msrc/lib/deployment/multi-region/HealthMonitor.ts[0m:[93m86[0m:[93m11[0m - [91merror[0m[90m TS6133: [0m'isInitialized' is declared but its value is never read.

[7m86[0m   private isInitialized = false
[7m  [0m [91m          ~~~~~~~~~~~~~[0m

[96msrc/lib/deployment/multi-region/MultiRegionDeploymentManager.ts[0m:[93m127[0m:[93m20[0m - [91merror[0m[90m TS6133: [0m'deploymentOrchestrator' is declared but its value is never read.

[7m127[0m   private readonly deploymentOrchestrator: DeploymentOrchestrator
[7m   [0m [91m                   ~~~~~~~~~~~~~~~~~~~~~~[0m

[96msrc/lib/deployment/multi-region/MultiRegionDeploymentManager.ts[0m:[93m426[0m:[93m23[0m - [91merror[0m[90m TS18048: [0m'region' is possibly 'undefined'.

[7m426[0m             regionId: region.id,
[7m   [0m [91m                      ~~~~~~[0m

[96msrc/lib/deployment/multi-region/ServiceDiscoveryManager.ts[0m:[93m105[0m:[93m6[0m - [91merror[0m[90m TS6196: [0m'ServiceDiscoveryAppConfig' is declared but never used.

[7m105[0m type ServiceDiscoveryAppConfig = {
[7m   [0m [91m     ~~~~~~~~~~~~~~~~~~~~~~~~~[0m

[96msrc/lib/deployment/multi-region/ServiceDiscoveryManager.ts[0m:[93m122[0m:[93m37[0m - [91merror[0m[90m TS4111: [0mProperty 'name' comes from an index signature, so it must be accessed with ['name'].

[7m122[0m     isRecord(value) && typeof value.name === 'string' && value.name.length > 0
[7m   [0m [91m                                    ~~~~[0m

[96msrc/lib/deployment/multi-region/ServiceDiscoveryManager.ts[0m:[93m122[0m:[93m64[0m - [91merror[0m[90m TS4111: [0mProperty 'name' comes from an index signature, so it must be accessed with ['name'].

[7m122[0m     isRecord(value) && typeof value.name === 'string' && value.name.length > 0
[7m   [0m [91m                                                               ~~~~[0m

[96msrc/lib/deployment/multi-region/ServiceDiscoveryManager.ts[0m:[93m134[0m:[93m11[0m - [91merror[0m[90m TS4111: [0mProperty 'consul' comes from an index signature, so it must be accessed with ['consul'].

[7m134[0m     value.consul === undefined ||
[7m   [0m [91m          ~~~~~~[0m

[96msrc/lib/deployment/multi-region/ServiceDiscoveryManager.ts[0m:[93m135[0m:[93m20[0m - [91merror[0m[90m TS4111: [0mProperty 'consul' comes from an index signature, so it must be accessed with ['consul'].

[7m135[0m     isRecord(value.consul) ||
[7m   [0m [91m                   ~~~~~~[0m

[96msrc/lib/deployment/multi-region/ServiceDiscoveryManager.ts[0m:[93m136[0m:[93m11[0m - [91merror[0m[90m TS4111: [0mProperty 'etcd' comes from an index signature, so it must be accessed with ['etcd'].

[7m136[0m     value.etcd === undefined ||
[7m   [0m [91m          ~~~~[0m

[96msrc/lib/deployment/multi-region/ServiceDiscoveryManager.ts[0m:[93m137[0m:[93m20[0m - [91merror[0m[90m TS4111: [0mProperty 'etcd' comes from an index signature, so it must be accessed with ['etcd'].

[7m137[0m     isRecord(value.etcd) ||
[7m   [0m [91m                   ~~~~[0m

[96msrc/lib/deployment/multi-region/ServiceDiscoveryManager.ts[0m:[93m138[0m:[93m11[0m - [91merror[0m[90m TS4111: [0mProperty 'zookeeper' comes from an index signature, so it must be accessed with ['zookeeper'].

[7m138[0m     value.zookeeper === undefined ||
[7m   [0m [91m          ~~~~~~~~~[0m

[96msrc/lib/deployment/multi-region/ServiceDiscoveryManager.ts[0m:[93m139[0m:[93m20[0m - [91merror[0m[90m TS4111: [0mProperty 'zookeeper' comes from an index signature, so it must be accessed with ['zookeeper'].

[7m139[0m     isRecord(value.zookeeper)
[7m   [0m [91m                   ~~~~~~~~~[0m

[96msrc/lib/deployment/multi-region/ServiceDiscoveryManager.ts[0m:[93m148[0m:[93m46[0m - [91merror[0m[90m TS4111: [0mProperty 'deployment' comes from an index signature, so it must be accessed with ['deployment'].

[7m148[0m   const deploymentServices = isRecord(config.deployment)
[7m   [0m [91m                                             ~~~~~~~~~~[0m

[96msrc/lib/deployment/multi-region/ServiceDiscoveryManager.ts[0m:[93m149[0m:[93m14[0m - [91merror[0m[90m TS4111: [0mProperty 'deployment' comes from an index signature, so it must be accessed with ['deployment'].

[7m149[0m     ? config.deployment.services
[7m   [0m [91m             ~~~~~~~~~~[0m

[96msrc/lib/deployment/multi-region/ServiceDiscoveryManager.ts[0m:[93m149[0m:[93m25[0m - [91merror[0m[90m TS4111: [0mProperty 'services' comes from an index signature, so it must be accessed with ['services'].

[7m149[0m     ? config.deployment.services
[7m   [0m [91m                        ~~~~~~~~[0m

[96msrc/lib/deployment/multi-region/ServiceDiscoveryManager.ts[0m:[93m153[0m:[93m28[0m - [91merror[0m[90m TS4111: [0mProperty 'services' comes from an index signature, so it must be accessed with ['services'].

[7m153[0m     : Array.isArray(config.services)
[7m   [0m [91m                           ~~~~~~~~[0m

[96msrc/lib/deployment/multi-region/ServiceDiscoveryManager.ts[0m:[93m154[0m:[93m16[0m - [91merror[0m[90m TS4111: [0mProperty 'services' comes from an index signature, so it must be accessed with ['services'].

[7m154[0m       ? config.services
[7m   [0m [91m               ~~~~~~~~[0m

[96msrc/lib/deployment/multi-region/ServiceDiscoveryManager.ts[0m:[93m200[0m:[93m33[0m - [91merror[0m[90m TS4111: [0mProperty 'host' comes from an index signature, so it must be accessed with ['host'].

[7m200[0m   const host = asString(payload.host)
[7m   [0m [91m                                ~~~~[0m

[96msrc/lib/deployment/multi-region/ServiceDiscoveryManager.ts[0m:[93m201[0m:[93m33[0m - [91merror[0m[90m TS4111: [0mProperty 'port' comes from an index signature, so it must be accessed with ['port'].

[7m201[0m   const port = asNumber(payload.port)
[7m   [0m [91m                                ~~~~[0m

[96msrc/lib/deployment/multi-region/ServiceDiscoveryManager.ts[0m:[93m207[0m:[93m46[0m - [91merror[0m[90m TS4111: [0mProperty 'metadata' comes from an index signature, so it must be accessed with ['metadata'].

[7m207[0m   const metadataCandidate = isRecord(payload.metadata) ? payload.metadata : {}
[7m   [0m [91m                                             ~~~~~~~~[0m

[96msrc/lib/deployment/multi-region/ServiceDiscoveryManager.ts[0m:[93m207[0m:[93m66[0m - [91merror[0m[90m TS4111: [0mProperty 'metadata' comes from an index signature, so it must be accessed with ['metadata'].

[7m207[0m   const metadataCandidate = isRecord(payload.metadata) ? payload.metadata : {}
[7m   [0m [91m                                                                 ~~~~~~~~[0m

[96msrc/lib/deployment/multi-region/ServiceDiscoveryManager.ts[0m:[93m208[0m:[93m44[0m - [91merror[0m[90m TS4111: [0mProperty 'status' comes from an index signature, so it must be accessed with ['status'].

[7m208[0m   const statusCandidate = asString(payload.status)
[7m   [0m [91m                                           ~~~~~~[0m

[96msrc/lib/deployment/multi-region/ServiceDiscoveryManager.ts[0m:[93m214[0m:[93m22[0m - [91merror[0m[90m TS4111: [0mProperty 'registeredAt' comes from an index signature, so it must be accessed with ['registeredAt'].

[7m214[0m     asString(payload.registeredAt) ??
[7m   [0m [91m                     ~~~~~~~~~~~~[0m

[96msrc/lib/deployment/multi-region/ServiceDiscoveryManager.ts[0m:[93m215[0m:[93m24[0m - [91merror[0m[90m TS4111: [0mProperty 'registeredAt' comes from an index signature, so it must be accessed with ['registeredAt'].

[7m215[0m       asNumber(payload.registeredAt) ??
[7m   [0m [91m                       ~~~~~~~~~~~~[0m

[96msrc/lib/deployment/multi-region/ServiceDiscoveryManager.ts[0m:[93m225[0m:[93m32[0m - [91merror[0m[90m TS4111: [0mProperty 'protocol' comes from an index signature, so it must be accessed with ['protocol'].

[7m225[0m     protocol: asString(payload.protocol) ?? 'http',
[7m   [0m [91m                               ~~~~~~~~[0m

[96msrc/lib/deployment/multi-region/ServiceDiscoveryManager.ts[0m:[93m226[0m:[93m31[0m - [91merror[0m[90m TS4111: [0mProperty 'version' comes from an index signature, so it must be accessed with ['version'].

[7m226[0m     version: asString(payload.version) ?? '1.0.0',
[7m   [0m [91m                              ~~~~~~~[0m

[96msrc/lib/deployment/multi-region/ServiceDiscoveryManager.ts[0m:[93m231[0m:[93m38[0m - [91merror[0m[90m TS4111: [0mProperty 'tags' comes from an index signature, so it must be accessed with ['tags'].

[7m231[0m     tags: asStringArrayValue(payload.tags),
[7m   [0m [91m                                     ~~~~[0m

[96msrc/lib/deployment/multi-region/ServiceDiscoveryManager.ts[0m:[93m242[0m:[93m34[0m - [91merror[0m[90m TS4111: [0mProperty 'Service' comes from an index signature, so it must be accessed with ['Service'].

[7m242[0m   const service = isRecord(value.Service) ? value.Service : undefined
[7m   [0m [91m                                 ~~~~~~~[0m

[96msrc/lib/deployment/multi-region/ServiceDiscoveryManager.ts[0m:[93m242[0m:[93m51[0m - [91merror[0m[90m TS4111: [0mProperty 'Service' comes from an index signature, so it must be accessed with ['Service'].

[7m242[0m   const service = isRecord(value.Service) ? value.Service : undefined
[7m   [0m [91m                                                  ~~~~~~~[0m

[96msrc/lib/deployment/multi-region/ServiceDiscoveryManager.ts[0m:[93m243[0m:[93m31[0m - [91merror[0m[90m TS4111: [0mProperty 'Node' comes from an index signature, so it must be accessed with ['Node'].

[7m243[0m   const node = isRecord(value.Node) ? value.Node : undefined
[7m   [0m [91m                              ~~~~[0m

[96msrc/lib/deployment/multi-region/ServiceDiscoveryManager.ts[0m:[93m243[0m:[93m45[0m - [91merror[0m[90m TS4111: [0mProperty 'Node' comes from an index signature, so it must be accessed with ['Node'].

[7m243[0m   const node = isRecord(value.Node) ? value.Node : undefined
[7m   [0m [91m                                            ~~~~[0m

[96msrc/lib/deployment/multi-region/ServiceDiscoveryManager.ts[0m:[93m246[0m:[93m18[0m - [91merror[0m[90m TS4111: [0mProperty 'Service' comes from an index signature, so it must be accessed with ['Service'].

[7m246[0m     typeof value.Service === 'object' &&
[7m   [0m [91m                 ~~~~~~~[0m

[96msrc/lib/deployment/multi-region/ServiceDiscoveryManager.ts[0m:[93m248[0m:[93m20[0m - [91merror[0m[90m TS4111: [0mProperty 'ID' comes from an index signature, so it must be accessed with ['ID'].

[7m248[0m     typeof service.ID === 'string' &&
[7m   [0m [91m                   ~~[0m

[96msrc/lib/deployment/multi-region/ServiceDiscoveryManager.ts[0m:[93m249[0m:[93m20[0m - [91merror[0m[90m TS4111: [0mProperty 'Service' comes from an index signature, so it must be accessed with ['Service'].

[7m249[0m     typeof service.Service === 'string' &&
[7m   [0m [91m                   ~~~~~~~[0m

[96msrc/lib/deployment/multi-region/ServiceDiscoveryManager.ts[0m:[93m250[0m:[93m20[0m - [91merror[0m[90m TS4111: [0mProperty 'Port' comes from an index signature, so it must be accessed with ['Port'].

[7m250[0m     typeof service.Port === 'number' &&
[7m   [0m [91m                   ~~~~[0m

[96msrc/lib/deployment/multi-region/ServiceDiscoveryManager.ts[0m:[93m251[0m:[93m18[0m - [91merror[0m[90m TS4111: [0mProperty 'Node' comes from an index signature, so it must be accessed with ['Node'].

[7m251[0m     typeof value.Node === 'object' &&
[7m   [0m [91m                 ~~~~[0m

[96msrc/lib/deployment/multi-region/ServiceDiscoveryManager.ts[0m:[93m253[0m:[93m17[0m - [91merror[0m[90m TS4111: [0mProperty 'Datacenter' comes from an index signature, so it must be accessed with ['Datacenter'].

[7m253[0m     typeof node.Datacenter === 'string' &&
[7m   [0m [91m                ~~~~~~~~~~[0m

[96msrc/lib/deployment/multi-region/ServiceDiscoveryManager.ts[0m:[93m254[0m:[93m17[0m - [91merror[0m[90m TS4111: [0mProperty 'Address' comes from an index signature, so it must be accessed with ['Address'].

[7m254[0m     typeof node.Address === 'string'
[7m   [0m [91m                ~~~~~~~[0m

[96msrc/lib/deployment/multi-region/ServiceDiscoveryManager.ts[0m:[93m259[0m:[93m43[0m - [91merror[0m[90m TS4111: [0mProperty 'agent' comes from an index signature, so it must be accessed with ['agent'].

[7m259[0m   if (!isRecord(value) || !isRecord(value.agent) || !isRecord(value.health)) {
[7m   [0m [91m                                          ~~~~~[0m

[96msrc/lib/deployment/multi-region/ServiceDiscoveryManager.ts[0m:[93m259[0m:[93m69[0m - [91merror[0m[90m TS4111: [0mProperty 'health' comes from an index signature, so it must be accessed with ['health'].

[7m259[0m   if (!isRecord(value) || !isRecord(value.agent) || !isRecord(value.health)) {
[7m   [0m [91m                                                                    ~~~~~~[0m

[96msrc/lib/deployment/multi-region/ServiceDiscoveryManager.ts[0m:[93m263[0m:[93m23[0m - [91merror[0m[90m TS4111: [0mProperty 'agent' comes from an index signature, so it must be accessed with ['agent'].

[7m263[0m   const agent = value.agent
[7m   [0m [91m                      ~~~~~[0m

[96msrc/lib/deployment/multi-region/ServiceDiscoveryManager.ts[0m:[93m264[0m:[93m24[0m - [91merror[0m[90m TS4111: [0mProperty 'health' comes from an index signature, so it must be accessed with ['health'].

[7m264[0m   const health = value.health
[7m   [0m [91m                       ~~~~~~[0m

[96msrc/lib/deployment/multi-region/ServiceDiscoveryManager.ts[0m:[93m265[0m:[93m40[0m - [91merror[0m[90m TS4111: [0mProperty 'service' comes from an index signature, so it must be accessed with ['service'].

[7m265[0m   const consulService = isRecord(agent.service) ? agent.service : undefined
[7m   [0m [91m                                       ~~~~~~~[0m

[96msrc/lib/deployment/multi-region/ServiceDiscoveryManager.ts[0m:[93m265[0m:[93m57[0m - [91merror[0m[90m TS4111: [0mProperty 'service' comes from an index signature, so it must be accessed with ['service'].

[7m265[0m   const consulService = isRecord(agent.service) ? agent.service : undefined
[7m   [0m [91m                                                        ~~~~~~~[0m

[96msrc/lib/deployment/multi-region/ServiceDiscoveryManager.ts[0m:[93m268[0m:[93m18[0m - [91merror[0m[90m TS4111: [0mProperty 'self' comes from an index signature, so it must be accessed with ['self'].

[7m268[0m     typeof agent.self === 'function' &&
[7m   [0m [91m                 ~~~~[0m

[96msrc/lib/deployment/multi-region/ServiceDiscoveryManager.ts[0m:[93m269[0m:[93m18[0m - [91merror[0m[90m TS4111: [0mProperty 'service' comes from an index signature, so it must be accessed with ['service'].

[7m269[0m     typeof agent.service === 'object' &&
[7m   [0m [91m                 ~~~~~~~[0m

[96msrc/lib/deployment/multi-region/ServiceDiscoveryManager.ts[0m:[93m270[0m:[93m11[0m - [91merror[0m[90m TS4111: [0mProperty 'service' comes from an index signature, so it must be accessed with ['service'].

[7m270[0m     agent.service !== null &&
[7m   [0m [91m          ~~~~~~~[0m

[96msrc/lib/deployment/multi-region/ServiceDiscoveryManager.ts[0m:[93m272[0m:[93m26[0m - [91merror[0m[90m TS4111: [0mProperty 'register' comes from an index signature, so it must be accessed with ['register'].

[7m272[0m     typeof consulService.register === 'function' &&
[7m   [0m [91m                         ~~~~~~~~[0m

[96msrc/lib/deployment/multi-region/ServiceDiscoveryManager.ts[0m:[93m273[0m:[93m26[0m - [91merror[0m[90m TS4111: [0mProperty 'deregister' comes from an index signature, so it must be accessed with ['deregister'].

[7m273[0m     typeof consulService.deregister === 'function' &&
[7m   [0m [91m                         ~~~~~~~~~~[0m

[96msrc/lib/deployment/multi-region/ServiceDiscoveryManager.ts[0m:[93m274[0m:[93m19[0m - [91merror[0m[90m TS4111: [0mProperty 'service' comes from an index signature, so it must be accessed with ['service'].

[7m274[0m     typeof health.service === 'function'
[7m   [0m [91m                  ~~~~~~~[0m

[96msrc/lib/deployment/multi-region/ServiceDiscoveryManager.ts[0m:[93m289[0m:[93m20[0m - [91merror[0m[90m TS6133: [0m'dnsClient' is declared but its value is never read.

[7m289[0m   private readonly dnsClient: DNSClient
[7m   [0m [91m                   ~~~~~~~~~[0m

[96msrc/lib/deployment/multi-region/ServiceDiscoveryManager.ts[0m:[93m293[0m:[93m11[0m - [91merror[0m[90m TS6133: [0m'isInitialized' is declared but its value is never read.

[7m293[0m   private isInitialized = false
[7m   [0m [91m          ~~~~~~~~~~~~~[0m

[96msrc/lib/deployment/multi-region/ServiceDiscoveryManager.ts[0m:[93m1109[0m:[93m11[0m - [91merror[0m[90m TS2345: [0mArgument of type 'string | undefined' is not assignable to parameter of type 'string'.
  Type 'undefined' is not assignable to type 'string'.

[7m1109[0m           parts[parts.length - 2],
[7m    [0m [91m          ~~~~~~~~~~~~~~~~~~~~~~~[0m

[96msrc/lib/deployment/multi-region/ServiceDiscoveryManager.ts[0m:[93m1689[0m:[93m20[0m - [91merror[0m[90m TS6133: [0m'serviceName' is declared but its value is never read.

[7m1689[0m   private readonly serviceName: string
[7m    [0m [91m                   ~~~~~~~~~~~[0m

[96msrc/lib/deployment/multi-region/ServiceDiscoveryManager.ts[0m:[93m1691[0m:[93m20[0m - [91merror[0m[90m TS6133: [0m'healthCheck' is declared but its value is never read.

[7m1691[0m   private readonly healthCheck: Record<string, unknown> | undefined
[7m    [0m [91m                   ~~~~~~~~~~~[0m

[96msrc/lib/deployment/multi-region/ServiceDiscoveryManager.ts[0m:[93m1692[0m:[93m20[0m - [91merror[0m[90m TS6133: [0m'circuitBreaker' is declared but its value is never read.

[7m1692[0m   private readonly circuitBreaker: Record<string, unknown> | undefined
[7m    [0m [91m                   ~~~~~~~~~~~~~~[0m

[96msrc/lib/deployment/multi-region/ServiceDiscoveryManager.ts[0m:[93m1730[0m:[93m9[0m - [91merror[0m[90m TS2322: [0mType 'ServiceInstance | undefined' is not assignable to type 'ServiceInstance | null'.
  Type 'undefined' is not assignable to type 'ServiceInstance | null'.

[7m1730[0m         return healthyInstances[0]
[7m    [0m [91m        ~~~~~~[0m

[96msrc/lib/deployment/multi-region/ServiceDiscoveryManager.ts[0m:[93m1737[0m:[93m5[0m - [91merror[0m[90m TS2322: [0mType 'ServiceInstance | undefined' is not assignable to type 'ServiceInstance'.
  Type 'undefined' is not assignable to type 'ServiceInstance'.

[7m1737[0m     return instance
[7m    [0m [91m    ~~~~~~[0m

[96msrc/lib/deployment/multi-region/ServiceDiscoveryManager.ts[0m:[93m1749[0m:[93m5[0m - [91merror[0m[90m TS2322: [0mType 'ServiceInstance | undefined' is not assignable to type 'ServiceInstance'.
  Type 'undefined' is not assignable to type 'ServiceInstance'.

[7m1749[0m     return instances[0]
[7m    [0m [91m    ~~~~~~[0m

[96msrc/lib/deployment/multi-region/ServiceDiscoveryManager.ts[0m:[93m1754[0m:[93m5[0m - [91merror[0m[90m TS2322: [0mType 'ServiceInstance | undefined' is not assignable to type 'ServiceInstance'.
  Type 'undefined' is not assignable to type 'ServiceInstance'.

[7m1754[0m     return instances[index]
[7m    [0m [91m    ~~~~~~[0m

[96msrc/lib/deployment/multi-region/ServiceDiscoveryManager.ts[0m:[93m1761[0m:[93m24[0m - [91merror[0m[90m TS2322: [0mType 'ServiceInstance | undefined' is not assignable to type 'ServiceInstance'.
  Type 'undefined' is not assignable to type 'ServiceInstance'.

[7m1761[0m     if (!clientRegion) return instances[0]
[7m    [0m [91m                       ~~~~~~[0m

[96msrc/lib/deployment/multi-region/ServiceDiscoveryManager.ts[0m:[93m1767[0m:[93m5[0m - [91merror[0m[90m TS2322: [0mType 'ServiceInstance | undefined' is not assignable to type 'ServiceInstance'.
  Type 'undefined' is not assignable to type 'ServiceInstance'.

[7m1767[0m     return instances[0]
[7m    [0m [91m    ~~~~~~[0m

[96msrc/lib/deployment/multi-region/ServiceDiscoveryManager.ts[0m:[93m1779[0m:[93m38[0m - [91merror[0m[90m TS4111: [0mProperty 'weight' comes from an index signature, so it must be accessed with ['weight'].

[7m1779[0m         if (typeof instance.metadata.weight === 'string') {
[7m    [0m [91m                                     ~~~~~~[0m

[96msrc/lib/deployment/multi-region/ServiceDiscoveryManager.ts[0m:[93m1780[0m:[93m66[0m - [91merror[0m[90m TS4111: [0mProperty 'weight' comes from an index signature, so it must be accessed with ['weight'].

[7m1780[0m           const parsedWeight = Number.parseInt(instance.metadata.weight, 10)
[7m    [0m [91m                                                                 ~~~~~~[0m

[96msrc/lib/deployment/multi-region/ServiceDiscoveryManager.ts[0m:[93m1830[0m:[93m11[0m - [91merror[0m[90m TS6196: [0m'DiscoveryBackend' is declared but never used.

[7m1830[0m interface DiscoveryBackend {
[7m    [0m [91m          ~~~~~~~~~~~~~~~~[0m

[96msrc/lib/deployment/multi-region/index.ts[0m:[93m622[0m:[93m36[0m - [91merror[0m[90m TS4111: [0mProperty 'AWS_ACCESS_KEY_ID' comes from an index signature, so it must be accessed with ['AWS_ACCESS_KEY_ID'].

[7m622[0m           accessKeyId: process.env.AWS_ACCESS_KEY_ID ?? '',
[7m   [0m [91m                                   ~~~~~~~~~~~~~~~~~[0m

[96msrc/lib/deployment/multi-region/index.ts[0m:[93m623[0m:[93m40[0m - [91merror[0m[90m TS4111: [0mProperty 'AWS_SECRET_ACCESS_KEY' comes from an index signature, so it must be accessed with ['AWS_SECRET_ACCESS_KEY'].

[7m623[0m           secretAccessKey: process.env.AWS_SECRET_ACCESS_KEY ?? '',
[7m   [0m [91m                                       ~~~~~~~~~~~~~~~~~~~~~[0m

[96msrc/lib/deployment/multi-region/index.ts[0m:[93m624[0m:[93m31[0m - [91merror[0m[90m TS4111: [0mProperty 'AWS_REGION' comes from an index signature, so it must be accessed with ['AWS_REGION'].

[7m624[0m           region: process.env.AWS_REGION ?? 'us-east-1',
[7m   [0m [91m                              ~~~~~~~~~~[0m

[96msrc/lib/deployment/multi-region/index.ts[0m:[93m627[0m:[93m34[0m - [91merror[0m[90m TS4111: [0mProperty 'GOOGLE_CLOUD_PROJECT' comes from an index signature, so it must be accessed with ['GOOGLE_CLOUD_PROJECT'].

[7m627[0m           projectId: process.env.GOOGLE_CLOUD_PROJECT ?? '',
[7m   [0m [91m                                 ~~~~~~~~~~~~~~~~~~~~[0m

[96msrc/lib/deployment/multi-region/index.ts[0m:[93m628[0m:[93m36[0m - [91merror[0m[90m TS4111: [0mProperty 'GOOGLE_APPLICATION_CREDENTIALS' comes from an index signature, so it must be accessed with ['GOOGLE_APPLICATION_CREDENTIALS'].

[7m628[0m           keyFilename: process.env.GOOGLE_APPLICATION_CREDENTIALS ?? '',
[7m   [0m [91m                                   ~~~~~~~~~~~~~~~~~~~~~~~~~~~~~~[0m

[96msrc/lib/deployment/multi-region/index.ts[0m:[93m631[0m:[93m39[0m - [91merror[0m[90m TS4111: [0mProperty 'AZURE_SUBSCRIPTION_ID' comes from an index signature, so it must be accessed with ['AZURE_SUBSCRIPTION_ID'].

[7m631[0m           subscriptionId: process.env.AZURE_SUBSCRIPTION_ID ?? '',
[7m   [0m [91m                                      ~~~~~~~~~~~~~~~~~~~~~[0m

[96msrc/lib/deployment/multi-region/index.ts[0m:[93m632[0m:[93m33[0m - [91merror[0m[90m TS4111: [0mProperty 'AZURE_CLIENT_ID' comes from an index signature, so it must be accessed with ['AZURE_CLIENT_ID'].

[7m632[0m           clientId: process.env.AZURE_CLIENT_ID ?? '',
[7m   [0m [91m                                ~~~~~~~~~~~~~~~[0m

[96msrc/lib/deployment/multi-region/index.ts[0m:[93m633[0m:[93m37[0m - [91merror[0m[90m TS4111: [0mProperty 'AZURE_CLIENT_SECRET' comes from an index signature, so it must be accessed with ['AZURE_CLIENT_SECRET'].

[7m633[0m           clientSecret: process.env.AZURE_CLIENT_SECRET ?? '',
[7m   [0m [91m                                    ~~~~~~~~~~~~~~~~~~~[0m

[96msrc/lib/deployment/multi-region/index.ts[0m:[93m634[0m:[93m33[0m - [91merror[0m[90m TS4111: [0mProperty 'AZURE_TENANT_ID' comes from an index signature, so it must be accessed with ['AZURE_TENANT_ID'].

[7m634[0m           tenantId: process.env.AZURE_TENANT_ID ?? '',
[7m   [0m [91m                                ~~~~~~~~~~~~~~~[0m

[96msrc/lib/deployment/multi-region/index.ts[0m:[93m640[0m:[93m25[0m - [91merror[0m[90m TS4111: [0mProperty 'COCKROACH_CONNECTION_STRING' comes from an index signature, so it must be accessed with ['COCKROACH_CONNECTION_STRING'].

[7m640[0m             process.env.COCKROACH_CONNECTION_STRING ??
[7m   [0m [91m                        ~~~~~~~~~~~~~~~~~~~~~~~~~~~[0m

[96msrc/lib/deployment/multi-region/index.ts[0m:[93m642[0m:[93m32[0m - [91merror[0m[90m TS4111: [0mProperty 'COCKROACH_SSL_MODE' comes from an index signature, so it must be accessed with ['COCKROACH_SSL_MODE'].

[7m642[0m           sslMode: process.env.COCKROACH_SSL_MODE ?? 'disable',
[7m   [0m [91m                               ~~~~~~~~~~~~~~~~~~[0m

[96msrc/lib/deployment/multi-region/index.ts[0m:[93m645[0m:[93m28[0m - [91merror[0m[90m TS4111: [0mProperty 'REDIS_URL' comes from an index signature, so it must be accessed with ['REDIS_URL'].

[7m645[0m           url: process.env.REDIS_URL ?? 'redis://localhost:6379',
[7m   [0m [91m                           ~~~~~~~~~[0m

[96msrc/lib/deployment/multi-region/index.ts[0m:[93m646[0m:[93m33[0m - [91merror[0m[90m TS4111: [0mProperty 'REDIS_PASSWORD' comes from an index signature, so it must be accessed with ['REDIS_PASSWORD'].

[7m646[0m           password: process.env.REDIS_PASSWORD ?? '',
[7m   [0m [91m                                ~~~~~~~~~~~~~~[0m

[96msrc/lib/deployment/multi-region/index.ts[0m:[93m651[0m:[93m31[0m - [91merror[0m[90m TS4111: [0mProperty 'OPENAI_API_KEY' comes from an index signature, so it must be accessed with ['OPENAI_API_KEY'].

[7m651[0m           apiKey: process.env.OPENAI_API_KEY ?? '',
[7m   [0m [91m                              ~~~~~~~~~~~~~~[0m

[96msrc/lib/deployment/multi-region/index.ts[0m:[93m652[0m:[93m37[0m - [91merror[0m[90m TS4111: [0mProperty 'OPENAI_ORGANIZATION' comes from an index signature, so it must be accessed with ['OPENAI_ORGANIZATION'].

[7m652[0m           organization: process.env.OPENAI_ORGANIZATION ?? '',
[7m   [0m [91m                                    ~~~~~~~~~~~~~~~~~~~[0m

[96msrc/lib/deployment/multi-region/index.ts[0m:[93m655[0m:[93m31[0m - [91merror[0m[90m TS4111: [0mProperty 'GOOGLE_API_KEY' comes from an index signature, so it must be accessed with ['GOOGLE_API_KEY'].

[7m655[0m           apiKey: process.env.GOOGLE_API_KEY ?? '',
[7m   [0m [91m                              ~~~~~~~~~~~~~~[0m

[96msrc/lib/deployment/multi-region/index.ts[0m:[93m656[0m:[93m34[0m - [91merror[0m[90m TS4111: [0mProperty 'GOOGLE_CLOUD_PROJECT' comes from an index signature, so it must be accessed with ['GOOGLE_CLOUD_PROJECT'].

[7m656[0m           projectId: process.env.GOOGLE_CLOUD_PROJECT ?? '',
[7m   [0m [91m                                 ~~~~~~~~~~~~~~~~~~~~[0m

[96msrc/lib/deployment/multi-region/index.ts[0m:[93m661[0m:[93m28[0m - [91merror[0m[90m TS4111: [0mProperty 'SENTRY_DSN' comes from an index signature, so it must be accessed with ['SENTRY_DSN'].

[7m661[0m           dsn: process.env.SENTRY_DSN ?? '',
[7m   [0m [91m                           ~~~~~~~~~~[0m

[96msrc/lib/deployment/multi-region/index.ts[0m:[93m662[0m:[93m34[0m - [91merror[0m[90m TS4111: [0mProperty 'SENTRY_AUTH_TOKEN' comes from an index signature, so it must be accessed with ['SENTRY_AUTH_TOKEN'].

[7m662[0m           authToken: process.env.SENTRY_AUTH_TOKEN ?? '',
[7m   [0m [91m                                 ~~~~~~~~~~~~~~~~~[0m

[96msrc/lib/deployment/multi-region/index.ts[0m:[93m665[0m:[93m31[0m - [91merror[0m[90m TS4111: [0mProperty 'DATADOG_API_KEY' comes from an index signature, so it must be accessed with ['DATADOG_API_KEY'].

[7m665[0m           apiKey: process.env.DATADOG_API_KEY ?? '',
[7m   [0m [91m                              ~~~~~~~~~~~~~~~[0m

[96msrc/lib/deployment/multi-region/index.ts[0m:[93m666[0m:[93m31[0m - [91merror[0m[90m TS4111: [0mProperty 'DATADOG_APP_KEY' comes from an index signature, so it must be accessed with ['DATADOG_APP_KEY'].

[7m666[0m           appKey: process.env.DATADOG_APP_KEY ?? '',
[7m   [0m [91m                              ~~~~~~~~~~~~~~~[0m

[96msrc/lib/deployment/productionManager.ts[0m:[93m64[0m:[93m20[0m - [91merror[0m[90m TS6133: [0m'healthChecks' is declared but its value is never read.

[7m64[0m   private readonly healthChecks = new Map<string, DeploymentHealth>()
[7m  [0m [91m                   ~~~~~~~~~~~~[0m

[96msrc/lib/deployment/productionManager.ts[0m:[93m68[0m:[93m7[0m - [91merror[0m[90m TS2353: [0mObject literal may only specify known properties, and 'enableAutoRollback' does not exist in type 'DeploymentConfig'.

[7m68[0m       enableAutoRollback: true,
[7m  [0m [91m      ~~~~~~~~~~~~~~~~~~[0m

[96msrc/lib/deployment/productionManager.ts[0m:[93m216[0m:[93m23[0m - [91merror[0m[90m TS2339: [0mProperty 'enableAutoRollback' does not exist on type 'DeploymentConfig'.

[7m216[0m       if (this.config.enableAutoRollback) {
[7m   [0m [91m                      ~~~~~~~~~~~~~~~~~~[0m

[96msrc/lib/deployment/productionManager.ts[0m:[93m430[0m:[93m12[0m - [91merror[0m[90m TS4111: [0mProperty 'api' comes from an index signature, so it must be accessed with ['api'].

[7m430[0m     checks.api = await this.checkEndpoint(
[7m   [0m [91m           ~~~[0m

[96msrc/lib/deployment/productionManager.ts[0m:[93m435[0m:[93m12[0m - [91merror[0m[90m TS4111: [0mProperty 'database' comes from an index signature, so it must be accessed with ['database'].

[7m435[0m     checks.database = await this.checkDatabaseConnection(environment)
[7m   [0m [91m           ~~~~~~~~[0m

[96msrc/lib/deployment/productionManager.ts[0m:[93m438[0m:[93m12[0m - [91merror[0m[90m TS4111: [0mProperty 'realtime' comes from an index signature, so it must be accessed with ['realtime'].

[7m438[0m     checks.realtime = await this.checkRealtimeService(environment)
[7m   [0m [91m           ~~~~~~~~[0m

[96msrc/lib/deployment/productionManager.ts[0m:[93m543[0m:[93m9[0m - [91merror[0m[90m TS2322: [0mType 'string' is not assignable to type '{ order: number; action: string; target: string; estimatedTime: number; }'.

[7m543[0m         'Backup current database state',
[7m   [0m [91m        ~~~~~~~~~~~~~~~~~~~~~~~~~~~~~~~[0m

[96msrc/lib/deployment/productionManager.ts[0m:[93m544[0m:[93m9[0m - [91merror[0m[90m TS2322: [0mType 'string' is not assignable to type '{ order: number; action: string; target: string; estimatedTime: number; }'.

[7m544[0m         'Switch traffic to previous version',
[7m   [0m [91m        ~~~~~~~~~~~~~~~~~~~~~~~~~~~~~~~~~~~~[0m

[96msrc/lib/deployment/productionManager.ts[0m:[93m545[0m:[93m9[0m - [91merror[0m[90m TS2322: [0mType 'string' is not assignable to type '{ order: number; action: string; target: string; estimatedTime: number; }'.

[7m545[0m         'Validate rollback health',
[7m   [0m [91m        ~~~~~~~~~~~~~~~~~~~~~~~~~~[0m

[96msrc/lib/deployment/productionManager.ts[0m:[93m546[0m:[93m9[0m - [91merror[0m[90m TS2322: [0mType 'string' is not assignable to type '{ order: number; action: string; target: string; estimatedTime: number; }'.

[7m546[0m         'Restore user sessions',
[7m   [0m [91m        ~~~~~~~~~~~~~~~~~~~~~~~[0m

[96msrc/lib/deployment/productionManager.ts[0m:[93m547[0m:[93m9[0m - [91merror[0m[90m TS2322: [0mType 'string' is not assignable to type '{ order: number; action: string; target: string; estimatedTime: number; }'.

[7m547[0m         'Clean up failed deployment',
[7m   [0m [91m        ~~~~~~~~~~~~~~~~~~~~~~~~~~~~[0m

[96msrc/lib/deployment/productionManager.ts[0m:[93m585[0m:[93m40[0m - [91merror[0m[90m TS2345: [0mArgument of type '{ order: number; action: string; target: string; estimatedTime: number; }' is not assignable to parameter of type 'string'.

[7m585[0m         await this.executeRollbackStep(step, environment)
[7m   [0m [91m                                       ~~~~[0m

[96msrc/lib/documentation/DocumentationSystem.ts[0m:[93m73[0m:[93m28[0m - [91merror[0m[90m TS2339: [0mProperty 'sessionId' does not exist on type '{}'.

[7m73[0m           if (sessionData?.sessionId) {
[7m  [0m [91m                           ~~~~~~~~~[0m

[96msrc/lib/documentation/DocumentationSystem.ts[0m:[93m74[0m:[93m55[0m - [91merror[0m[90m TS2339: [0mProperty 'sessionId' does not exist on type '{}'.

[7m74[0m             void this.handleSessionUpdate(sessionData.sessionId)
[7m  [0m [91m                                                      ~~~~~~~~~[0m

[96msrc/lib/documentation/DocumentationSystem.ts[0m:[93m85[0m:[93m28[0m - [91merror[0m[90m TS2339: [0mProperty 'sessionId' does not exist on type '{}'.

[7m85[0m           if (sessionData?.sessionId) {
[7m  [0m [91m                           ~~~~~~~~~[0m

[96msrc/lib/documentation/DocumentationSystem.ts[0m:[93m86[0m:[93m54[0m - [91merror[0m[90m TS2339: [0mProperty 'sessionId' does not exist on type '{}'.

[7m86[0m             void this.trackActiveSession(sessionData.sessionId)
[7m  [0m [91m                                                     ~~~~~~~~~[0m

[96msrc/lib/documentation/DocumentationSystem.ts[0m:[93m99[0m:[93m30[0m - [91merror[0m[90m TS2339: [0mProperty 'sessionId' does not exist on type '{}'.

[7m99[0m             if (sessionData?.sessionId) {
[7m  [0m [91m                             ~~~~~~~~~[0m

[96msrc/lib/documentation/DocumentationSystem.ts[0m:[93m100[0m:[93m61[0m - [91merror[0m[90m TS2339: [0mProperty 'sessionId' does not exist on type '{}'.

[7m100[0m               void this.handleSessionCompletion(sessionData.sessionId)
[7m   [0m [91m                                                            ~~~~~~~~~[0m

[96msrc/lib/documentation/useDocumentation.ts[0m:[93m416[0m:[93m11[0m - [91merror[0m[90m TS2322: [0mType 'string' is not assignable to type '"pdf" | "fhir" | "ccda"'.

[7m416[0m           format:
[7m   [0m [91m          ~~~~~~[0m

  [96msrc/lib/documentation/types.ts[0m:[93m184[0m:[93m3[0m
    [7m184[0m   format: 'fhir' | 'ccda' | 'pdf'
    [7m   [0m [96m  ~~~~~~[0m
    The expected type comes from property 'format' which is declared here on type 'EHRExportResult'

[96msrc/lib/documentation/useDocumentation.ts[0m:[93m420[0m:[93m11[0m - [91merror[0m[90m TS2739: [0mType '{}' is missing the following properties from type '{ exportedAt: Date; exportedBy: string; patientId: string; providerId: string; }': exportedAt, exportedBy, patientId, providerId

[7m420[0m           metadata:
[7m   [0m [91m          ~~~~~~~~[0m

  [96msrc/lib/documentation/types.ts[0m:[93m189[0m:[93m3[0m
    [7m189[0m   metadata: {
    [7m   [0m [96m  ~~~~~~~~[0m
    The expected type comes from property 'metadata' which is declared here on type 'EHRExportResult'

[96msrc/lib/ehr/__tests__/allscripts.test.ts[0m:[93m32[0m:[93m31[0m - [91merror[0m[90m TS4111: [0mProperty 'CLIENT_SECRET' comes from an index signature, so it must be accessed with ['CLIENT_SECRET'].

[7m32[0m     clientSecret: process.env.CLIENT_SECRET ?? 'example-client-secret',
[7m  [0m [91m                              ~~~~~~~~~~~~~[0m

[96msrc/lib/ehr/__tests__/athenahealth.test.ts[0m:[93m18[0m:[93m31[0m - [91merror[0m[90m TS4111: [0mProperty 'CLIENT_SECRET' comes from an index signature, so it must be accessed with ['CLIENT_SECRET'].

[7m18[0m     clientSecret: process.env.CLIENT_SECRET ?? 'example-client-secret',
[7m  [0m [91m                              ~~~~~~~~~~~~~[0m

[96msrc/lib/ehr/__tests__/cerner.test.ts[0m:[93m19[0m:[93m31[0m - [91merror[0m[90m TS4111: [0mProperty 'CLIENT_SECRET' comes from an index signature, so it must be accessed with ['CLIENT_SECRET'].

[7m19[0m     clientSecret: process.env.CLIENT_SECRET ?? 'example-client-secret',
[7m  [0m [91m                              ~~~~~~~~~~~~~[0m

[96msrc/lib/ehr/__tests__/ehr.test.ts[0m:[93m22[0m:[93m31[0m - [91merror[0m[90m TS4111: [0mProperty 'CLIENT_SECRET' comes from an index signature, so it must be accessed with ['CLIENT_SECRET'].

[7m22[0m     clientSecret: process.env.CLIENT_SECRET ?? 'example-client-secret',
[7m  [0m [91m                              ~~~~~~~~~~~~~[0m

[96msrc/lib/ehr/__tests__/ehr.test.ts[0m:[93m127[0m:[93m31[0m - [91merror[0m[90m TS4111: [0mProperty 'CLIENT_SECRET' comes from an index signature, so it must be accessed with ['CLIENT_SECRET'].

[7m127[0m     clientSecret: process.env.CLIENT_SECRET ?? 'example-client-secret',
[7m   [0m [91m                              ~~~~~~~~~~~~~[0m

[96msrc/lib/evidence-assistant/frontmatter.ts[0m:[93m27[0m:[93m12[0m - [91merror[0m[90m TS18048: [0m'source' is possibly 'undefined'.

[7m27[0m     return source
[7m  [0m [91m           ~~~~~~[0m

[96msrc/lib/evidence-assistant/frontmatter.ts[0m:[93m97[0m:[93m30[0m - [91merror[0m[90m TS4111: [0mProperty 'title' comes from an index signature, so it must be accessed with ['title'].

[7m97[0m       normalizeString(parsed.title) ?? inferTitle(body) ?? 'Untitled'
[7m  [0m [91m                             ~~~~~[0m

[96msrc/lib/evidence-assistant/frontmatter.ts[0m:[93m99[0m:[93m30[0m - [91merror[0m[90m TS4111: [0mProperty 'category' comes from an index signature, so it must be accessed with ['category'].

[7m99[0m       normalizeString(parsed.category) ?? normalizeString(parsed.series)
[7m  [0m [91m                             ~~~~~~~~[0m

[96msrc/lib/evidence-assistant/frontmatter.ts[0m:[93m99[0m:[93m66[0m - [91merror[0m[90m TS4111: [0mProperty 'series' comes from an index signature, so it must be accessed with ['series'].

[7m99[0m       normalizeString(parsed.category) ?? normalizeString(parsed.series)
[7m  [0m [91m                                                                 ~~~~~~[0m

[96msrc/lib/evidence-assistant/frontmatter.ts[0m:[93m104[0m:[93m34[0m - [91merror[0m[90m TS4111: [0mProperty 'tags' comes from an index signature, so it must be accessed with ['tags'].

[7m104[0m       tags: normalizeTags(parsed.tags),
[7m   [0m [91m                                 ~~~~[0m

[96msrc/lib/export/index.node.ts[0m:[93m359[0m:[93m11[0m - [91merror[0m[90m TS2339: [0mProperty 'on' does not exist on type 'PDFDocument'.

[7m359[0m       doc.on('error', (err: Error) => {
[7m   [0m [91m          ~~[0m

[96msrc/lib/export/index.node.ts[0m:[93m365[0m:[93m11[0m - [91merror[0m[90m TS2339: [0mProperty 'on' does not exist on type 'PDFDocument'.

[7m365[0m       doc.on('data', (chunk: Buffer) => chunks.push(chunk))
[7m   [0m [91m          ~~[0m

[96msrc/lib/export/index.node.ts[0m:[93m368[0m:[93m11[0m - [91merror[0m[90m TS2339: [0mProperty 'on' does not exist on type 'PDFDocument'.

[7m368[0m       doc.on('pageAdded', () => {
[7m   [0m [91m          ~~[0m

[96msrc/lib/export/index.node.ts[0m:[93m371[0m:[93m15[0m - [91merror[0m[90m TS2339: [0mProperty 'save' does not exist on type 'PDFDocument'.

[7m371[0m           doc.save()
[7m   [0m [91m              ~~~~[0m

[96msrc/lib/export/index.node.ts[0m:[93m372[0m:[93m15[0m - [91merror[0m[90m TS2339: [0mProperty 'rotate' does not exist on type 'PDFDocument'.

[7m372[0m           doc.rotate(45, { origin: [doc.page.width / 2, doc.page.height / 2] })
[7m   [0m [91m              ~~~~~~[0m

[96msrc/lib/export/index.node.ts[0m:[93m372[0m:[93m41[0m - [91merror[0m[90m TS2339: [0mProperty 'page' does not exist on type 'PDFDocument'.

[7m372[0m           doc.rotate(45, { origin: [doc.page.width / 2, doc.page.height / 2] })
[7m   [0m [91m                                        ~~~~[0m

[96msrc/lib/export/index.node.ts[0m:[93m372[0m:[93m61[0m - [91merror[0m[90m TS2339: [0mProperty 'page' does not exist on type 'PDFDocument'.

[7m372[0m           doc.rotate(45, { origin: [doc.page.width / 2, doc.page.height / 2] })
[7m   [0m [91m                                                            ~~~~[0m

[96msrc/lib/export/index.node.ts[0m:[93m375[0m:[93m14[0m - [91merror[0m[90m TS2339: [0mProperty 'fillColor' does not exist on type 'PDFDocument'.

[7m375[0m             .fillColor('grey', 0.3)
[7m   [0m [91m             ~~~~~~~~~[0m

[96msrc/lib/export/index.node.ts[0m:[93m379[0m:[93m30[0m - [91merror[0m[90m TS2339: [0mProperty 'page' does not exist on type 'PDFDocument'.

[7m379[0m                 Math.pow(doc.page.width, 2) + Math.pow(doc.page.height, 2),
[7m   [0m [91m                             ~~~~[0m

[96msrc/lib/export/index.node.ts[0m:[93m379[0m:[93m60[0m - [91merror[0m[90m TS2339: [0mProperty 'page' does not exist on type 'PDFDocument'.

[7m379[0m                 Math.pow(doc.page.width, 2) + Math.pow(doc.page.height, 2),
[7m   [0m [91m                                                           ~~~~[0m

[96msrc/lib/export/index.node.ts[0m:[93m382[0m:[93m15[0m - [91merror[0m[90m TS2339: [0mProperty 'restore' does not exist on type 'PDFDocument'.

[7m382[0m           doc.restore()
[7m   [0m [91m              ~~~~~~~[0m

[96msrc/lib/export/index.node.ts[0m:[93m401[0m:[93m10[0m - [91merror[0m[90m TS2339: [0mProperty 'fillColor' does not exist on type 'PDFDocument'.

[7m401[0m         .fillColor('red')
[7m   [0m [91m         ~~~~~~~~~[0m

[96msrc/lib/export/index.node.ts[0m:[93m449[0m:[93m17[0m - [91merror[0m[90m TS2339: [0mProperty 'page' does not exist on type 'PDFDocument'.

[7m449[0m             doc.page.width - 100,
[7m   [0m [91m                ~~~~[0m

[96msrc/lib/export/index.node.ts[0m:[93m458[0m:[93m26[0m - [91merror[0m[90m TS2339: [0mProperty 'page' does not exist on type 'PDFDocument'.

[7m458[0m               width: doc.page.width - 100,
[7m   [0m [91m                         ~~~~[0m

[96msrc/lib/export/index.node.ts[0m:[93m466[0m:[93m16[0m - [91merror[0m[90m TS2339: [0mProperty 'moveTo' does not exist on type 'PDFDocument'.

[7m466[0m               .moveTo(50, doc.y)
[7m   [0m [91m               ~~~~~~[0m

[96msrc/lib/export/index.node.ts[0m:[93m466[0m:[93m31[0m - [91merror[0m[90m TS2339: [0mProperty 'y' does not exist on type 'PDFDocument'.

[7m466[0m               .moveTo(50, doc.y)
[7m   [0m [91m                              ~[0m

[96msrc/lib/export/index.node.ts[0m:[93m467[0m:[93m27[0m - [91merror[0m[90m TS2339: [0mProperty 'page' does not exist on type 'PDFDocument'.

[7m467[0m               .lineTo(doc.page.width - 50, doc.y)
[7m   [0m [91m                          ~~~~[0m

[96msrc/lib/export/index.node.ts[0m:[93m467[0m:[93m48[0m - [91merror[0m[90m TS2339: [0mProperty 'y' does not exist on type 'PDFDocument'.

[7m467[0m               .lineTo(doc.page.width - 50, doc.y)
[7m   [0m [91m                                               ~[0m

[96msrc/lib/export/index.node.ts[0m:[93m477[0m:[93m14[0m - [91merror[0m[90m TS2339: [0mProperty 'fillColor' does not exist on type 'PDFDocument'.

[7m477[0m             .fillColor('red')
[7m   [0m [91m             ~~~~~~~~~[0m

[96msrc/lib/export/index.node.ts[0m:[93m485[0m:[93m30[0m - [91merror[0m[90m TS2339: [0mProperty 'bufferedPageRange' does not exist on type 'PDFDocument'.

[7m485[0m       const totalPages = doc.bufferedPageRange().count
[7m   [0m [91m                             ~~~~~~~~~~~~~~~~~[0m

[96msrc/lib/export/index.node.ts[0m:[93m487[0m:[93m13[0m - [91merror[0m[90m TS2339: [0mProperty 'switchToPage' does not exist on type 'PDFDocument'.

[7m487[0m         doc.switchToPage(i)
[7m   [0m [91m            ~~~~~~~~~~~~[0m

[96msrc/lib/export/index.node.ts[0m:[93m494[0m:[93m13[0m - [91merror[0m[90m TS2554: [0mExpected 1-2 arguments, but got 4.

[7m494[0m             doc.page.height - 50,
[7m   [0m [91m            ~~~~~~~~~~~~~~~~~~~~~[0m
[7m495[0m             { align: 'center' },
[7m   [0m [91m~~~~~~~~~~~~~~~~~~~~~~~~~~~~~~~[0m

[96msrc/lib/export/index.node.ts[0m:[93m494[0m:[93m17[0m - [91merror[0m[90m TS2339: [0mProperty 'page' does not exist on type 'PDFDocument'.

[7m494[0m             doc.page.height - 50,
[7m   [0m [91m                ~~~~[0m

[96msrc/lib/export/index.node.ts[0m:[93m505[0m:[93m15[0m - [91merror[0m[90m TS2339: [0mProperty 'on' does not exist on type 'PDFDocument'.

[7m505[0m           doc.on('end', () => {
[7m   [0m [91m              ~~[0m

[96msrc/lib/fhe/__tests__/key-rotation.test.ts[0m:[93m42[0m:[93m13[0m - [91merror[0m[90m TS4111: [0mProperty 'HIPAA_MASTER_SECRET' comes from an index signature, so it must be accessed with ['HIPAA_MASTER_SECRET'].

[7m42[0m process.env.HIPAA_MASTER_SECRET =
[7m  [0m [91m            ~~~~~~~~~~~~~~~~~~~[0m

[96msrc/lib/fhe/__tests__/key-rotation.test.ts[0m:[93m44[0m:[93m13[0m - [91merror[0m[90m TS4111: [0mProperty 'KEY_ROTATION_LAMBDA_ARN' comes from an index signature, so it must be accessed with ['KEY_ROTATION_LAMBDA_ARN'].

[7m44[0m process.env.KEY_ROTATION_LAMBDA_ARN =
[7m  [0m [91m            ~~~~~~~~~~~~~~~~~~~~~~~[0m

[96msrc/lib/fhe/__tests__/key-rotation.test.ts[0m:[93m46[0m:[93m13[0m - [91merror[0m[90m TS4111: [0mProperty 'NODE_ENV' comes from an index signature, so it must be accessed with ['NODE_ENV'].

[7m46[0m process.env.NODE_ENV = 'test'
[7m  [0m [91m            ~~~~~~~~[0m

[96msrc/lib/fhe/__tests__/key-rotation.test.ts[0m:[93m122[0m:[93m19[0m - [91merror[0m[90m TS4111: [0mProperty 'HIPAA_MASTER_SECRET' comes from an index signature, so it must be accessed with ['HIPAA_MASTER_SECRET'].

[7m122[0m       process.env.HIPAA_MASTER_SECRET = undefined
[7m   [0m [91m                  ~~~~~~~~~~~~~~~~~~~[0m

[96msrc/lib/fhe/__tests__/multi-tenant-isolation.test.ts[0m:[93m80[0m:[93m29[0m - [91merror[0m[90m TS4111: [0mProperty 'keySize' comes from an index signature, so it must be accessed with ['keySize'].

[7m80[0m     expect(configWithTenant.keySize).toBe(1024)
[7m  [0m [91m                            ~~~~~~~[0m

[96msrc/lib/fhe/analytics.ts[0m:[93m291[0m:[93m57[0m - [91merror[0m[90m TS4111: [0mProperty 'message' comes from an index signature, so it must be accessed with ['message'].

[7m291[0m         `Sentiment analysis error: ${String(errorRecord.message)}`,
[7m   [0m [91m                                                        ~~~~~~~[0m

[96msrc/lib/fhe/analytics.ts[0m:[93m533[0m:[93m11[0m - [91merror[0m[90m TS2532: [0mObject is possibly 'undefined'.

[7m533[0m           filteredMessages[i].role === 'assistant' &&
[7m   [0m [91m          ~~~~~~~~~~~~~~~~~~~[0m

[96msrc/lib/fhe/analytics.ts[0m:[93m534[0m:[93m11[0m - [91merror[0m[90m TS2532: [0mObject is possibly 'undefined'.

[7m534[0m           filteredMessages[i + 1].role === 'user'
[7m   [0m [91m          ~~~~~~~~~~~~~~~~~~~~~~~[0m

[96msrc/lib/fhe/analytics.ts[0m:[93m537[0m:[93m13[0m - [91merror[0m[90m TS2322: [0mType 'ChatMessage | undefined' is not assignable to type 'ChatMessage'.
  Type 'undefined' is not assignable to type 'ChatMessage'.

[7m537[0m             therapist: filteredMessages[i],
[7m   [0m [91m            ~~~~~~~~~[0m

  [96msrc/lib/fhe/analytics.ts[0m:[93m529[0m:[93m26[0m
    [7m529[0m       const exchanges: { therapist: ChatMessage; client: ChatMessage }[] = []
    [7m   [0m [96m                         ~~~~~~~~~[0m
    The expected type comes from property 'therapist' which is declared here on type '{ therapist: ChatMessage; client: ChatMessage; }'

[96msrc/lib/fhe/analytics.ts[0m:[93m538[0m:[93m13[0m - [91merror[0m[90m TS2322: [0mType 'ChatMessage | undefined' is not assignable to type 'ChatMessage'.
  Type 'undefined' is not assignable to type 'ChatMessage'.

[7m538[0m             client: filteredMessages[i + 1],
[7m   [0m [91m            ~~~~~~[0m

  [96msrc/lib/fhe/analytics.ts[0m:[93m529[0m:[93m50[0m
    [7m529[0m       const exchanges: { therapist: ChatMessage; client: ChatMessage }[] = []
    [7m   [0m [96m                                                 ~~~~~~[0m
    The expected type comes from property 'client' which is declared here on type '{ therapist: ChatMessage; client: ChatMessage; }'

[96msrc/lib/fhe/analytics.ts[0m:[93m661[0m:[93m32[0m - [91merror[0m[90m TS2532: [0mObject is possibly 'undefined'.

[7m661[0m         const firstTimestamp = userMessages[0].timestamp ?? Date.now()
[7m   [0m [91m                               ~~~~~~~~~~~~~~~[0m

[96msrc/lib/fhe/analytics.ts[0m:[93m663[0m:[93m11[0m - [91merror[0m[90m TS2532: [0mObject is possibly 'undefined'.

[7m663[0m           userMessages[userMessages.length - 1].timestamp ?? Date.now()
[7m   [0m [91m          ~~~~~~~~~~~~~~~~~~~~~~~~~~~~~~~~~~~~~[0m

[96msrc/lib/fhe/dynamic-fhe.tsx[0m:[93m8[0m:[93m8[0m - [91merror[0m[90m TS6133: [0m'React' is declared but its value is never read.

[7m8[0m import React, { useState, useEffect } from 'react'
[7m [0m [91m       ~~~~~[0m

[96msrc/lib/fhe/fhe-factory.ts[0m:[93m130[0m:[93m34[0m - [91merror[0m[90m TS2345: [0mArgument of type 'SealCipherText' is not assignable to parameter of type 'string'.

[7m130[0m       return createEncryptedData(encrypted, data)
[7m   [0m [91m                                 ~~~~~~~~~[0m

[96msrc/lib/fhe/fhe-factory.ts[0m:[93m144[0m:[93m33[0m - [91merror[0m[90m TS4111: [0mProperty 'serializedCiphertext' comes from an index signature, so it must be accessed with ['serializedCiphertext'].

[7m144[0m         encryptedData.metadata?.serializedCiphertext ??
[7m   [0m [91m                                ~~~~~~~~~~~~~~~~~~~~[0m

[96msrc/lib/fhe/fhe-factory.ts[0m:[93m151[0m:[93m41[0m - [91merror[0m[90m TS2345: [0mArgument of type '{}' is not assignable to parameter of type 'SealCipherText'.
  Type '{}' is missing the following properties from type 'SealCipherText': copy, save, load, delete

[7m151[0m       return (await sealService.decrypt(ciphertext)) as T
[7m   [0m [91m                                        ~~~~~~~~~~[0m

[96msrc/lib/fhe/fhe-factory.ts[0m:[93m169[0m:[93m39[0m - [91merror[0m[90m TS4111: [0mProperty 'serializedCiphertext' comes from an index signature, so it must be accessed with ['serializedCiphertext'].

[7m169[0m       const aCiphertext = a.metadata?.serializedCiphertext ?? (a.data as string)
[7m   [0m [91m                                      ~~~~~~~~~~~~~~~~~~~~[0m

[96msrc/lib/fhe/fhe-factory.ts[0m:[93m170[0m:[93m39[0m - [91merror[0m[90m TS4111: [0mProperty 'serializedCiphertext' comes from an index signature, so it must be accessed with ['serializedCiphertext'].

[7m170[0m       const bCiphertext = b.metadata?.serializedCiphertext ?? (b.data as string)
[7m   [0m [91m                                      ~~~~~~~~~~~~~~~~~~~~[0m

[96msrc/lib/fhe/fhe-factory.ts[0m:[93m177[0m:[93m9[0m - [91merror[0m[90m TS2345: [0mArgument of type 'string' is not assignable to parameter of type 'SealCipherText'.

[7m177[0m         aCiphertext as string,
[7m   [0m [91m        ~~~~~~~~~~~~~~~~~~~~~[0m

[96msrc/lib/fhe/fhe-factory.ts[0m:[93m185[0m:[93m34[0m - [91merror[0m[90m TS2345: [0mArgument of type 'unknown' is not assignable to parameter of type 'string'.

[7m185[0m       return createEncryptedData(result.result)
[7m   [0m [91m                                 ~~~~~~~~~~~~~[0m

[96msrc/lib/fhe/fhe-factory.ts[0m:[93m203[0m:[93m39[0m - [91merror[0m[90m TS4111: [0mProperty 'serializedCiphertext' comes from an index signature, so it must be accessed with ['serializedCiphertext'].

[7m203[0m       const aCiphertext = a.metadata?.serializedCiphertext ?? (a.data as string)
[7m   [0m [91m                                      ~~~~~~~~~~~~~~~~~~~~[0m

[96msrc/lib/fhe/fhe-factory.ts[0m:[93m204[0m:[93m39[0m - [91merror[0m[90m TS4111: [0mProperty 'serializedCiphertext' comes from an index signature, so it must be accessed with ['serializedCiphertext'].

[7m204[0m       const bCiphertext = b.metadata?.serializedCiphertext ?? (b.data as string)
[7m   [0m [91m                                      ~~~~~~~~~~~~~~~~~~~~[0m

[96msrc/lib/fhe/fhe-factory.ts[0m:[93m211[0m:[93m9[0m - [91merror[0m[90m TS2345: [0mArgument of type 'string' is not assignable to parameter of type 'SealCipherText'.

[7m211[0m         aCiphertext as string,
[7m   [0m [91m        ~~~~~~~~~~~~~~~~~~~~~[0m

[96msrc/lib/fhe/fhe-factory.ts[0m:[93m219[0m:[93m34[0m - [91merror[0m[90m TS2345: [0mArgument of type 'unknown' is not assignable to parameter of type 'string'.

[7m219[0m       return createEncryptedData(result.result)
[7m   [0m [91m                                 ~~~~~~~~~~~~~[0m

[96msrc/lib/fhe/fhe-factory.ts[0m:[93m237[0m:[93m39[0m - [91merror[0m[90m TS4111: [0mProperty 'serializedCiphertext' comes from an index signature, so it must be accessed with ['serializedCiphertext'].

[7m237[0m       const aCiphertext = a.metadata?.serializedCiphertext ?? (a.data as string)
[7m   [0m [91m                                      ~~~~~~~~~~~~~~~~~~~~[0m

[96msrc/lib/fhe/fhe-factory.ts[0m:[93m238[0m:[93m39[0m - [91merror[0m[90m TS4111: [0mProperty 'serializedCiphertext' comes from an index signature, so it must be accessed with ['serializedCiphertext'].

[7m238[0m       const bCiphertext = b.metadata?.serializedCiphertext ?? (b.data as string)
[7m   [0m [91m                                      ~~~~~~~~~~~~~~~~~~~~[0m

[96msrc/lib/fhe/fhe-factory.ts[0m:[93m245[0m:[93m9[0m - [91merror[0m[90m TS2345: [0mArgument of type 'string' is not assignable to parameter of type 'SealCipherText'.

[7m245[0m         aCiphertext as string,
[7m   [0m [91m        ~~~~~~~~~~~~~~~~~~~~~[0m

[96msrc/lib/fhe/fhe-factory.ts[0m:[93m253[0m:[93m34[0m - [91merror[0m[90m TS2345: [0mArgument of type 'unknown' is not assignable to parameter of type 'string'.

[7m253[0m       return createEncryptedData(result.result)
[7m   [0m [91m                                 ~~~~~~~~~~~~~[0m

[96msrc/lib/fhe/fhe-factory.ts[0m:[93m264[0m:[93m25[0m - [91merror[0m[90m TS4111: [0mProperty 'serializedCiphertext' comes from an index signature, so it must be accessed with ['serializedCiphertext'].

[7m264[0m         value.metadata?.serializedCiphertext ?? (value.data as string)
[7m   [0m [91m                        ~~~~~~~~~~~~~~~~~~~~[0m

[96msrc/lib/fhe/fhe-factory.ts[0m:[93m270[0m:[93m50[0m - [91merror[0m[90m TS2345: [0mArgument of type '{}' is not assignable to parameter of type 'SealCipherText'.
  Type '{}' is missing the following properties from type 'SealCipherText': copy, save, load, delete

[7m270[0m       const result = await sealOperations.negate(ciphertext)
[7m   [0m [91m                                                 ~~~~~~~~~~[0m

[96msrc/lib/fhe/fhe-factory.ts[0m:[93m276[0m:[93m34[0m - [91merror[0m[90m TS2345: [0mArgument of type 'unknown' is not assignable to parameter of type 'string'.

[7m276[0m       return createEncryptedData(result.result)
[7m   [0m [91m                                 ~~~~~~~~~~~~~[0m

[96msrc/lib/fhe/fhe-factory.ts[0m:[93m290[0m:[93m25[0m - [91merror[0m[90m TS4111: [0mProperty 'serializedCiphertext' comes from an index signature, so it must be accessed with ['serializedCiphertext'].

[7m290[0m         value.metadata?.serializedCiphertext ?? (value.data as string)
[7m   [0m [91m                        ~~~~~~~~~~~~~~~~~~~~[0m

[96msrc/lib/fhe/fhe-factory.ts[0m:[93m296[0m:[93m54[0m - [91merror[0m[90m TS2345: [0mArgument of type '{}' is not assignable to parameter of type 'SealCipherText'.
  Type '{}' is missing the following properties from type 'SealCipherText': copy, save, load, delete

[7m296[0m       const result = await sealOperations.polynomial(ciphertext, coefficients)
[7m   [0m [91m                                                     ~~~~~~~~~~[0m

[96msrc/lib/fhe/fhe-factory.ts[0m:[93m302[0m:[93m34[0m - [91merror[0m[90m TS2345: [0mArgument of type 'unknown' is not assignable to parameter of type 'string'.

[7m302[0m       return createEncryptedData(result.result)
[7m   [0m [91m                                 ~~~~~~~~~~~~~[0m

[96msrc/lib/fhe/fhe-factory.ts[0m:[93m313[0m:[93m26[0m - [91merror[0m[90m TS4111: [0mProperty 'serializedCiphertext' comes from an index signature, so it must be accessed with ['serializedCiphertext'].

[7m313[0m         vector.metadata?.serializedCiphertext ?? (vector.data as string)
[7m   [0m [91m                         ~~~~~~~~~~~~~~~~~~~~[0m

[96msrc/lib/fhe/fhe-factory.ts[0m:[93m319[0m:[93m50[0m - [91merror[0m[90m TS2345: [0mArgument of type '{}' is not assignable to parameter of type 'SealCipherText'.
  Type '{}' is missing the following properties from type 'SealCipherText': copy, save, load, delete

[7m319[0m       const result = await sealOperations.rotate(ciphertext, steps)
[7m   [0m [91m                                                 ~~~~~~~~~~[0m

[96msrc/lib/fhe/fhe-factory.ts[0m:[93m325[0m:[93m34[0m - [91merror[0m[90m TS2345: [0mArgument of type 'unknown' is not assignable to parameter of type 'string'.

[7m325[0m       return createEncryptedData(result.result)
[7m   [0m [91m                                 ~~~~~~~~~~~~~[0m

[96msrc/lib/fhe/fhe-factory.ts[0m:[93m558[0m:[93m32[0m - [91merror[0m[90m TS4111: [0mProperty 'tenantId' comes from an index signature, so it must be accessed with ['tenantId'].

[7m558[0m         encryptedData.metadata.tenantId &&
[7m   [0m [91m                               ~~~~~~~~[0m

[96msrc/lib/fhe/fhe-factory.ts[0m:[93m559[0m:[93m32[0m - [91merror[0m[90m TS4111: [0mProperty 'tenantId' comes from an index signature, so it must be accessed with ['tenantId'].

[7m559[0m         encryptedData.metadata.tenantId !== tenantId
[7m   [0m [91m                               ~~~~~~~~[0m

[96msrc/lib/fhe/fhe-factory.ts[0m:[93m562[0m:[93m98[0m - [91merror[0m[90m TS4111: [0mProperty 'tenantId' comes from an index signature, so it must be accessed with ['tenantId'].

[7m562[0m           `Tenant ${tenantId} attempted to decrypt data owned by tenant ${encryptedData.metadata.tenantId}`,
[7m   [0m [91m                                                                                                 ~~~~~~~~[0m

[96msrc/lib/fhe/fhe-factory.ts[0m:[93m569[0m:[93m37[0m - [91merror[0m[90m TS2345: [0mArgument of type 'EncryptedData<unknown>' is not assignable to parameter of type 'EncryptedData<T>'.
  Type 'unknown' is not assignable to type 'T'.
    'T' could be instantiated with an arbitrary type which could be unrelated to 'unknown'.

[7m569[0m       return baseService.decrypt<T>(encryptedData, options)
[7m   [0m [91m                                    ~~~~~~~~~~~~~[0m

[96msrc/lib/fhe/fhe-service.ts[0m:[93m12[0m:[93m1[0m - [91merror[0m[90m TS6133: [0m'SealCipherText' is declared but its value is never read.

[7m12[0m import type { SealCipherText } from './seal-service'
[7m  [0m [91m~~~~~~~~~~~~~~~~~~~~~~~~~~~~~~~~~~~~~~~~~~~~~~~~~~~~[0m

[96msrc/lib/fhe/fhe-service.ts[0m:[93m13[0m:[93m1[0m - [91merror[0m[90m TS6133: [0m'SealSchemeType' is declared but its value is never read.

[7m13[0m import { SealSchemeType } from './seal-types'
[7m  [0m [91m~~~~~~~~~~~~~~~~~~~~~~~~~~~~~~~~~~~~~~~~~~~~~[0m

[96msrc/lib/fhe/fhe-service.ts[0m:[93m156[0m:[93m39[0m - [91merror[0m[90m TS2558: [0mExpected 0 type arguments, but got 1.

[7m156[0m       const result = this.decodeValue<T>(
[7m   [0m [91m                                      ~[0m

[96msrc/lib/fhe/fhe-service.ts[0m:[93m160[0m:[93m7[0m - [91merror[0m[90m TS2322: [0mType 'unknown' is not assignable to type 'T'.
  'T' could be instantiated with an arbitrary type which could be unrelated to 'unknown'.

[7m160[0m       return result
[7m   [0m [91m      ~~~~~~[0m

[96msrc/lib/fhe/fhe-service.ts[0m:[93m359[0m:[93m11[0m - [91merror[0m[90m TS6133: [0m'checkInitialized' is declared but its value is never read.

[7m359[0m   private checkInitialized() {
[7m   [0m [91m          ~~~~~~~~~~~~~~~~[0m

[96msrc/lib/fhe/hipaa-monitoring.ts[0m:[93m425[0m:[93m17[0m - [91merror[0m[90m TS18048: [0m'randomEvent' is possibly 'undefined'.

[7m425[0m         action: randomEvent.action,
[7m   [0m [91m                ~~~~~~~~~~~[0m

[96msrc/lib/fhe/hipaa-monitoring.ts[0m:[93m426[0m:[93m17[0m - [91merror[0m[90m TS18048: [0m'randomEvent' is possibly 'undefined'.

[7m426[0m         userId: randomEvent.actor,
[7m   [0m [91m                ~~~~~~~~~~~[0m

[96msrc/lib/fhe/hipaa-monitoring.ts[0m:[93m433[0m:[93m21[0m - [91merror[0m[90m TS18048: [0m'randomEvent' is possibly 'undefined'.

[7m433[0m           resource: randomEvent.resource,
[7m   [0m [91m                    ~~~~~~~~~~~[0m

[96msrc/lib/fhe/hipaa-monitoring.ts[0m:[93m434[0m:[93m22[0m - [91merror[0m[90m TS18048: [0m'randomEvent' is possibly 'undefined'.

[7m434[0m           riskLevel: randomEvent.riskLevel,
[7m   [0m [91m                     ~~~~~~~~~~~[0m

[96msrc/lib/fhe/hipaa-monitoring.ts[0m:[93m436[0m:[93m20[0m - [91merror[0m[90m TS18048: [0m'randomEvent' is possibly 'undefined'.

[7m436[0m         riskLevel: randomEvent.riskLevel,
[7m   [0m [91m                   ~~~~~~~~~~~[0m

[96msrc/lib/fhe/hipaa-monitoring.ts[0m:[93m734[0m:[93m18[0m - [91merror[0m[90m TS2532: [0mObject is possibly 'undefined'.

[7m734[0m         new Date(sortedEvents[i].timestamp).getTime() -
[7m   [0m [91m                 ~~~~~~~~~~~~~~~[0m

[96msrc/lib/fhe/hipaa-monitoring.ts[0m:[93m735[0m:[93m18[0m - [91merror[0m[90m TS2532: [0mObject is possibly 'undefined'.

[7m735[0m         new Date(sortedEvents[i - 1].timestamp).getTime()
[7m   [0m [91m                 ~~~~~~~~~~~~~~~~~~~[0m

[96msrc/lib/fhe/hipaa-monitoring.ts[0m:[93m1153[0m:[93m42[0m - [91merror[0m[90m TS18048: [0m'latestEvent' is possibly 'undefined'.

[7m1153[0m         const latestEventTime = new Date(latestEvent.timestamp)
[7m    [0m [91m                                         ~~~~~~~~~~~[0m

[96msrc/lib/fhe/hipaa-monitoring.ts[0m:[93m1550[0m:[93m15[0m - [91merror[0m[90m TS4111: [0mProperty 'serviceAvailability' comes from an index signature, so it must be accessed with ['serviceAvailability'].

[7m1550[0m       metrics.serviceAvailability = {
[7m    [0m [91m              ~~~~~~~~~~~~~~~~~~~[0m

[96msrc/lib/fhe/hipaa-monitoring.ts[0m:[93m1573[0m:[93m17[0m - [91merror[0m[90m TS4111: [0mProperty 'awsConnectivity' comes from an index signature, so it must be accessed with ['awsConnectivity'].

[7m1573[0m         metrics.awsConnectivity = 'failed'
[7m    [0m [91m                ~~~~~~~~~~~~~~~[0m

[96msrc/lib/fhe/hipaa-monitoring.ts[0m:[93m1580[0m:[93m17[0m - [91merror[0m[90m TS4111: [0mProperty 'cloudWatchConnectivity' comes from an index signature, so it must be accessed with ['cloudWatchConnectivity'].

[7m1580[0m         metrics.cloudWatchConnectivity = 'operational'
[7m    [0m [91m                ~~~~~~~~~~~~~~~~~~~~~~[0m

[96msrc/lib/fhe/hipaa-monitoring.ts[0m:[93m1585[0m:[93m17[0m - [91merror[0m[90m TS4111: [0mProperty 'cloudWatchConnectivity' comes from an index signature, so it must be accessed with ['cloudWatchConnectivity'].

[7m1585[0m         metrics.cloudWatchConnectivity = 'failed'
[7m    [0m [91m                ~~~~~~~~~~~~~~~~~~~~~~[0m

[96msrc/lib/fhe/hipaa-monitoring.ts[0m:[93m1591[0m:[93m17[0m - [91merror[0m[90m TS4111: [0mProperty 'snsConnectivity' comes from an index signature, so it must be accessed with ['snsConnectivity'].

[7m1591[0m         metrics.snsConnectivity = 'operational'
[7m    [0m [91m                ~~~~~~~~~~~~~~~[0m

[96msrc/lib/fhe/hipaa-monitoring.ts[0m:[93m1596[0m:[93m17[0m - [91merror[0m[90m TS4111: [0mProperty 'snsConnectivity' comes from an index signature, so it must be accessed with ['snsConnectivity'].

[7m1596[0m         metrics.snsConnectivity = 'failed'
[7m    [0m [91m                ~~~~~~~~~~~~~~~[0m

[96msrc/lib/fhe/hipaa-monitoring.ts[0m:[93m1599[0m:[93m15[0m - [91merror[0m[90m TS4111: [0mProperty 'awsConnectivity' comes from an index signature, so it must be accessed with ['awsConnectivity'].

[7m1599[0m       metrics.awsConnectivity = {
[7m    [0m [91m              ~~~~~~~~~~~~~~~[0m

[96msrc/lib/fhe/hipaa-monitoring.ts[0m:[93m1600[0m:[93m29[0m - [91merror[0m[90m TS4111: [0mProperty 'cloudWatchConnectivity' comes from an index signature, so it must be accessed with ['cloudWatchConnectivity'].

[7m1600[0m         cloudWatch: metrics.cloudWatchConnectivity,
[7m    [0m [91m                            ~~~~~~~~~~~~~~~~~~~~~~[0m

[96msrc/lib/fhe/hipaa-monitoring.ts[0m:[93m1601[0m:[93m22[0m - [91merror[0m[90m TS4111: [0mProperty 'snsConnectivity' comes from an index signature, so it must be accessed with ['snsConnectivity'].

[7m1601[0m         sns: metrics.snsConnectivity,
[7m    [0m [91m                     ~~~~~~~~~~~~~~~[0m

[96msrc/lib/fhe/hipaa-monitoring.ts[0m:[93m1603[0m:[93m19[0m - [91merror[0m[90m TS4111: [0mProperty 'cloudWatchConnectivity' comes from an index signature, so it must be accessed with ['cloudWatchConnectivity'].

[7m1603[0m           metrics.cloudWatchConnectivity === 'operational' &&
[7m    [0m [91m                  ~~~~~~~~~~~~~~~~~~~~~~[0m

[96msrc/lib/fhe/hipaa-monitoring.ts[0m:[93m1604[0m:[93m19[0m - [91merror[0m[90m TS4111: [0mProperty 'snsConnectivity' comes from an index signature, so it must be accessed with ['snsConnectivity'].

[7m1604[0m           metrics.snsConnectivity === 'operational'
[7m    [0m [91m                  ~~~~~~~~~~~~~~~[0m

[96msrc/lib/fhe/hipaa-monitoring.ts[0m:[93m1612[0m:[93m15[0m - [91merror[0m[90m TS4111: [0mProperty 'awsConnectivity' comes from an index signature, so it must be accessed with ['awsConnectivity'].

[7m1612[0m       metrics.awsConnectivity = 'failed'
[7m    [0m [91m              ~~~~~~~~~~~~~~~[0m

[96msrc/lib/fhe/hipaa-monitoring.ts[0m:[93m1631[0m:[93m15[0m - [91merror[0m[90m TS4111: [0mProperty 'memoryUsage' comes from an index signature, so it must be accessed with ['memoryUsage'].

[7m1631[0m       metrics.memoryUsage = {
[7m    [0m [91m              ~~~~~~~~~~~[0m

[96msrc/lib/fhe/hipaa-monitoring.ts[0m:[93m1648[0m:[93m17[0m - [91merror[0m[90m TS4111: [0mProperty 'cpuMetrics' comes from an index signature, so it must be accessed with ['cpuMetrics'].

[7m1648[0m         metrics.cpuMetrics = {
[7m    [0m [91m                ~~~~~~~~~~[0m

[96msrc/lib/fhe/hipaa-monitoring.ts[0m:[93m1663[0m:[93m17[0m - [91merror[0m[90m TS4111: [0mProperty 'diskUsage' comes from an index signature, so it must be accessed with ['diskUsage'].

[7m1663[0m         metrics.diskUsage = {
[7m    [0m [91m                ~~~~~~~~~[0m

[96msrc/lib/fhe/hipaa-monitoring.ts[0m:[93m1668[0m:[93m17[0m - [91merror[0m[90m TS4111: [0mProperty 'diskUsage' comes from an index signature, so it must be accessed with ['diskUsage'].

[7m1668[0m         metrics.diskUsage = {
[7m    [0m [91m                ~~~~~~~~~[0m

[96msrc/lib/fhe/hipaa-monitoring.ts[0m:[93m1718[0m:[93m15[0m - [91merror[0m[90m TS4111: [0mProperty 'configuration' comes from an index signature, so it must be accessed with ['configuration'].

[7m1718[0m       metrics.configuration = {
[7m    [0m [91m              ~~~~~~~~~~~~~[0m

[96msrc/lib/fhe/hipaa-monitoring.ts[0m:[93m1761[0m:[93m17[0m - [91merror[0m[90m TS4111: [0mProperty 'databaseConnectivity' comes from an index signature, so it must be accessed with ['databaseConnectivity'].

[7m1761[0m         metrics.databaseConnectivity = 'not_configured'
[7m    [0m [91m                ~~~~~~~~~~~~~~~~~~~~[0m

[96msrc/lib/fhe/hipaa-monitoring.ts[0m:[93m1764[0m:[93m17[0m - [91merror[0m[90m TS4111: [0mProperty 'databaseConnectivity' comes from an index signature, so it must be accessed with ['databaseConnectivity'].

[7m1764[0m         metrics.databaseConnectivity = {
[7m    [0m [91m                ~~~~~~~~~~~~~~~~~~~~[0m

[96msrc/lib/fhe/hipaa-monitoring.ts[0m:[93m1776[0m:[93m15[0m - [91merror[0m[90m TS4111: [0mProperty 'databaseConnectivity' comes from an index signature, so it must be accessed with ['databaseConnectivity'].

[7m1776[0m       metrics.databaseConnectivity = 'check_failed'
[7m    [0m [91m              ~~~~~~~~~~~~~~~~~~~~[0m

[96msrc/lib/fhe/hipaa-monitoring.ts[0m:[93m1802[0m:[93m17[0m - [91merror[0m[90m TS4111: [0mProperty 'encryptionService' comes from an index signature, so it must be accessed with ['encryptionService'].

[7m1802[0m         metrics.encryptionService = 'configuration_incomplete'
[7m    [0m [91m                ~~~~~~~~~~~~~~~~~[0m

[96msrc/lib/fhe/hipaa-monitoring.ts[0m:[93m1807[0m:[93m15[0m - [91merror[0m[90m TS4111: [0mProperty 'encryptionService' comes from an index signature, so it must be accessed with ['encryptionService'].

[7m1807[0m       metrics.encryptionService = {
[7m    [0m [91m              ~~~~~~~~~~~~~~~~~[0m

[96msrc/lib/fhe/hipaa-monitoring.ts[0m:[93m1818[0m:[93m15[0m - [91merror[0m[90m TS4111: [0mProperty 'encryptionService' comes from an index signature, so it must be accessed with ['encryptionService'].

[7m1818[0m       metrics.encryptionService = 'check_failed'
[7m    [0m [91m              ~~~~~~~~~~~~~~~~~[0m

[96msrc/lib/fhe/homomorphic-ops.ts[0m:[93m47[0m:[93m18[0m - [91merror[0m[90m TS4111: [0mProperty 'serializedCiphertext' comes from an index signature, so it must be accessed with ['serializedCiphertext'].

[7m47[0m     typeof value.serializedCiphertext === 'string' &&
[7m  [0m [91m                 ~~~~~~~~~~~~~~~~~~~~[0m

[96msrc/lib/fhe/homomorphic-ops.ts[0m:[93m48[0m:[93m11[0m - [91merror[0m[90m TS4111: [0mProperty 'serializedCiphertext' comes from an index signature, so it must be accessed with ['serializedCiphertext'].

[7m48[0m     value.serializedCiphertext.length > 0
[7m  [0m [91m          ~~~~~~~~~~~~~~~~~~~~[0m

[96msrc/lib/fhe/homomorphic-ops.ts[0m:[93m68[0m:[93m18[0m - [91merror[0m[90m TS4111: [0mProperty 'save' comes from an index signature, so it must be accessed with ['save'].

[7m68[0m     typeof value.save === 'function' &&
[7m  [0m [91m                 ~~~~[0m

[96msrc/lib/fhe/homomorphic-ops.ts[0m:[93m69[0m:[93m18[0m - [91merror[0m[90m TS4111: [0mProperty 'delete' comes from an index signature, so it must be accessed with ['delete'].

[7m69[0m     typeof value.delete === 'function'
[7m  [0m [91m                 ~~~~~~[0m

[96msrc/lib/fhe/homomorphic-ops.ts[0m:[93m369[0m:[93m22[0m - [91merror[0m[90m TS4111: [0mProperty 'confidence' comes from an index signature, so it must be accessed with ['confidence'].

[7m369[0m             metadata.confidence = 0.85
[7m   [0m [91m                     ~~~~~~~~~~[0m

[96msrc/lib/fhe/homomorphic-ops.ts[0m:[93m384[0m:[93m22[0m - [91merror[0m[90m TS4111: [0mProperty 'categories' comes from an index signature, so it must be accessed with ['categories'].

[7m384[0m             metadata.categories = normalizeOptionalRecordToStringArray(
[7m   [0m [91m                     ~~~~~~~~~~[0m

[96msrc/lib/fhe/homomorphic-ops.ts[0m:[93m385[0m:[93m23[0m - [91merror[0m[90m TS4111: [0mProperty 'categories' comes from an index signature, so it must be accessed with ['categories'].

[7m385[0m               params?.categories,
[7m   [0m [91m                      ~~~~~~~~~~[0m

[96msrc/lib/fhe/homomorphic-ops.ts[0m:[93m504[0m:[93m35[0m - [91merror[0m[90m TS4111: [0mProperty 'addend' comes from an index signature, so it must be accessed with ['addend'].

[7m504[0m           getNumericArray(params?.addend, [1]),
[7m   [0m [91m                                  ~~~~~~[0m

[96msrc/lib/fhe/homomorphic-ops.ts[0m:[93m516[0m:[93m35[0m - [91merror[0m[90m TS4111: [0mProperty 'subtrahend' comes from an index signature, so it must be accessed with ['subtrahend'].

[7m516[0m           getNumericArray(params?.subtrahend, [1]),
[7m   [0m [91m                                  ~~~~~~~~~~[0m

[96msrc/lib/fhe/homomorphic-ops.ts[0m:[93m528[0m:[93m35[0m - [91merror[0m[90m TS4111: [0mProperty 'multiplier' comes from an index signature, so it must be accessed with ['multiplier'].

[7m528[0m           getNumericArray(params?.multiplier, [2]),
[7m   [0m [91m                                  ~~~~~~~~~~[0m

[96msrc/lib/fhe/homomorphic-ops.ts[0m:[93m554[0m:[93m35[0m - [91merror[0m[90m TS4111: [0mProperty 'coefficients' comes from an index signature, so it must be accessed with ['coefficients'].

[7m554[0m           getNumericArray(params?.coefficients, [0, 1]),
[7m   [0m [91m                                  ~~~~~~~~~~~~[0m

[96msrc/lib/fhe/homomorphic-ops.ts[0m:[93m571[0m:[93m35[0m - [91merror[0m[90m TS4111: [0mProperty 'steps' comes from an index signature, so it must be accessed with ['steps'].

[7m571[0m           getNumericValue(params?.steps, 1),
[7m   [0m [91m                                  ~~~~~[0m

[96msrc/lib/fhe/homomorphic-ops.ts[0m:[93m651[0m:[93m47[0m - [91merror[0m[90m TS4111: [0mProperty 'data' comes from an index signature, so it must be accessed with ['data'].

[7m651[0m         if (isRecord(parsed) && typeof parsed.data === 'string') {
[7m   [0m [91m                                              ~~~~[0m

[96msrc/lib/fhe/homomorphic-ops.ts[0m:[93m652[0m:[93m32[0m - [91merror[0m[90m TS4111: [0mProperty 'data' comes from an index signature, so it must be accessed with ['data'].

[7m652[0m           decodedData = parsed.data
[7m   [0m [91m                               ~~~~[0m

[96msrc/lib/fhe/homomorphic-ops.ts[0m:[93m669[0m:[93m18[0m - [91merror[0m[90m TS4111: [0mProperty 'confidence' comes from an index signature, so it must be accessed with ['confidence'].

[7m669[0m         metadata.confidence = 0.85
[7m   [0m [91m                 ~~~~~~~~~~[0m

[96msrc/lib/fhe/homomorphic-ops.ts[0m:[93m675[0m:[93m56[0m - [91merror[0m[90m TS4111: [0mProperty 'categories' comes from an index signature, so it must be accessed with ['categories'].

[7m675[0m           normalizeOptionalRecordToStringArray(params?.categories),
[7m   [0m [91m                                                       ~~~~~~~~~~[0m

[96msrc/lib/fhe/homomorphic-ops.ts[0m:[93m677[0m:[93m18[0m - [91merror[0m[90m TS4111: [0mProperty 'categories' comes from an index signature, so it must be accessed with ['categories'].

[7m677[0m         metadata.categories = normalizeOptionalRecordToStringArray(
[7m   [0m [91m                 ~~~~~~~~~~[0m

[96msrc/lib/fhe/homomorphic-ops.ts[0m:[93m678[0m:[93m19[0m - [91merror[0m[90m TS4111: [0mProperty 'categories' comes from an index signature, so it must be accessed with ['categories'].

[7m678[0m           params?.categories,
[7m   [0m [91m                  ~~~~~~~~~~[0m

[96msrc/lib/fhe/homomorphic-ops.ts[0m:[93m687[0m:[93m18[0m - [91merror[0m[90m TS4111: [0mProperty 'maxLength' comes from an index signature, so it must be accessed with ['maxLength'].

[7m687[0m         metadata.maxLength = getNumericValue(params?.['maxLength'], 100)
[7m   [0m [91m                 ~~~~~~~~~[0m

[96msrc/lib/fhe/homomorphic-ops.ts[0m:[93m693[0m:[93m18[0m - [91merror[0m[90m TS4111: [0mProperty 'tokenCount' comes from an index signature, so it must be accessed with ['tokenCount'].

[7m693[0m         metadata.tokenCount = tokens.length
[7m   [0m [91m                 ~~~~~~~~~~[0m

[96msrc/lib/fhe/homomorphic-ops.ts[0m:[93m701[0m:[93m18[0m - [91merror[0m[90m TS4111: [0mProperty 'filtered' comes from an index signature, so it must be accessed with ['filtered'].

[7m701[0m         metadata.filtered = true
[7m   [0m [91m                 ~~~~~~~~[0m

[96msrc/lib/fhe/homomorphic-ops.ts[0m:[93m715[0m:[93m20[0m - [91merror[0m[90m TS4111: [0mProperty 'custom' comes from an index signature, so it must be accessed with ['custom'].

[7m715[0m           metadata.custom = customOperation
[7m   [0m [91m                   ~~~~~~[0m

[96msrc/lib/fhe/homomorphic-ops.ts[0m:[93m722[0m:[93m18[0m - [91merror[0m[90m TS4111: [0mProperty 'wordCount' comes from an index signature, so it must be accessed with ['wordCount'].

[7m722[0m         metadata.wordCount = words.length
[7m   [0m [91m                 ~~~~~~~~~[0m

[96msrc/lib/fhe/homomorphic-ops.ts[0m:[93m728[0m:[93m18[0m - [91merror[0m[90m TS4111: [0mProperty 'characterCount' comes from an index signature, so it must be accessed with ['characterCount'].

[7m728[0m         metadata.characterCount = decodedData.length
[7m   [0m [91m                 ~~~~~~~~~~~~~~[0m

[96msrc/lib/fhe/homomorphic-ops.ts[0m:[93m742[0m:[93m18[0m - [91merror[0m[90m TS4111: [0mProperty 'keywordDensity' comes from an index signature, so it must be accessed with ['keywordDensity'].

[7m742[0m         metadata.keywordDensity = keywordDensity
[7m   [0m [91m                 ~~~~~~~~~~~~~~[0m

[96msrc/lib/fhe/homomorphic-ops.ts[0m:[93m752[0m:[93m18[0m - [91merror[0m[90m TS4111: [0mProperty 'readingLevel' comes from an index signature, so it must be accessed with ['readingLevel'].

[7m752[0m         metadata.readingLevel =
[7m   [0m [91m                 ~~~~~~~~~~~~[0m

[96msrc/lib/fhe/homomorphic-ops.ts[0m:[93m755[0m:[93m34[0m - [91merror[0m[90m TS4111: [0mProperty 'readingLevel' comes from an index signature, so it must be accessed with ['readingLevel'].

[7m755[0m         result = String(metadata.readingLevel)
[7m   [0m [91m                                 ~~~~~~~~~~~~[0m

[96msrc/lib/fhe/homomorphic-ops.ts[0m:[93m769[0m:[93m18[0m - [91merror[0m[90m TS4111: [0mProperty 'supported' comes from an index signature, so it must be accessed with ['supported'].

[7m769[0m         metadata.supported = true
[7m   [0m [91m                 ~~~~~~~~~[0m

[96msrc/lib/fhe/homomorphic-ops.ts[0m:[93m782[0m:[93m18[0m - [91merror[0m[90m TS4111: [0mProperty 'supported' comes from an index signature, so it must be accessed with ['supported'].

[7m782[0m         metadata.supported = false
[7m   [0m [91m                 ~~~~~~~~~[0m

[96msrc/lib/fhe/homomorphic-ops.ts[0m:[93m788[0m:[93m18[0m - [91merror[0m[90m TS4111: [0mProperty 'supported' comes from an index signature, so it must be accessed with ['supported'].

[7m788[0m         metadata.supported = false
[7m   [0m [91m                 ~~~~~~~~~[0m

[96msrc/lib/fhe/index.ts[0m:[93m56[0m:[93m7[0m - [91merror[0m[90m TS2322: [0mType 'string | undefined' is not assignable to type 'string'.
  Type 'undefined' is not assignable to type 'string'.

[7m56[0m       return parts[parts.length - 1]
[7m  [0m [91m      ~~~~~~[0m

[96msrc/lib/fhe/key-rotation.ts[0m:[93m101[0m:[93m13[0m - [91merror[0m[90m TS4111: [0mProperty 'SecretList' comes from an index signature, so it must be accessed with ['SecretList'].

[7m101[0m   if (value.SecretList !== undefined) {
[7m   [0m [91m            ~~~~~~~~~~[0m

[96msrc/lib/fhe/key-rotation.ts[0m:[93m102[0m:[93m30[0m - [91merror[0m[90m TS4111: [0mProperty 'SecretList' comes from an index signature, so it must be accessed with ['SecretList'].

[7m102[0m     if (!Array.isArray(value.SecretList)) {
[7m   [0m [91m                             ~~~~~~~~~~[0m

[96msrc/lib/fhe/key-rotation.ts[0m:[93m107[0m:[93m13[0m - [91merror[0m[90m TS4111: [0mProperty 'NextToken' comes from an index signature, so it must be accessed with ['NextToken'].

[7m107[0m   if (value.NextToken !== undefined) {
[7m   [0m [91m            ~~~~~~~~~[0m

[96msrc/lib/fhe/key-rotation.ts[0m:[93m108[0m:[93m25[0m - [91merror[0m[90m TS4111: [0mProperty 'NextToken' comes from an index signature, so it must be accessed with ['NextToken'].

[7m108[0m     return typeof value.NextToken === 'string'
[7m   [0m [91m                        ~~~~~~~~~[0m

[96msrc/lib/fhe/key-rotation.ts[0m:[93m119[0m:[93m13[0m - [91merror[0m[90m TS4111: [0mProperty 'SecretString' comes from an index signature, so it must be accessed with ['SecretString'].

[7m119[0m   if (value.SecretString === undefined) {
[7m   [0m [91m            ~~~~~~~~~~~~[0m

[96msrc/lib/fhe/key-rotation.ts[0m:[93m123[0m:[93m23[0m - [91merror[0m[90m TS4111: [0mProperty 'SecretString' comes from an index signature, so it must be accessed with ['SecretString'].

[7m123[0m   return typeof value.SecretString === 'string'
[7m   [0m [91m                      ~~~~~~~~~~~~[0m

[96msrc/lib/fhe/key-rotation.ts[0m:[93m1071[0m:[93m28[0m - [91merror[0m[90m TS18048: [0m'newestKey' is possibly 'undefined'.

[7m1071[0m         this.activeKeyId = newestKey.id
[7m    [0m [91m                           ~~~~~~~~~[0m

[96msrc/lib/fhe/key-rotation.ts[0m:[93m1077[0m:[93m26[0m - [91merror[0m[90m TS18048: [0m'newestKey' is possibly 'undefined'.

[7m1077[0m               publicKey: newestKey.publicKey,
[7m    [0m [91m                         ~~~~~~~~~[0m

[96msrc/lib/fhe/key-rotation.ts[0m:[93m1078[0m:[93m26[0m - [91merror[0m[90m TS18048: [0m'newestKey' is possibly 'undefined'.

[7m1078[0m               secretKey: newestKey.privateKeyEncrypted,
[7m    [0m [91m                         ~~~~~~~~~[0m

[96msrc/lib/fhe/key-rotation.ts[0m:[93m1088[0m:[93m26[0m - [91merror[0m[90m TS18048: [0m'newestKey' is possibly 'undefined'.

[7m1088[0m         this.registerKey(newestKey.id, newestKey.expires)
[7m    [0m [91m                         ~~~~~~~~~[0m

[96msrc/lib/fhe/key-rotation.ts[0m:[93m1088[0m:[93m40[0m - [91merror[0m[90m TS18048: [0m'newestKey' is possibly 'undefined'.

[7m1088[0m         this.registerKey(newestKey.id, newestKey.expires)
[7m    [0m [91m                                       ~~~~~~~~~[0m

[96msrc/lib/fhe/key-rotation.ts[0m:[93m1187[0m:[93m30[0m - [91merror[0m[90m TS18048: [0m'newestKey' is possibly 'undefined'.

[7m1187[0m           this.activeKeyId = newestKey.id
[7m    [0m [91m                             ~~~~~~~~~[0m

[96msrc/lib/fhe/key-rotation.ts[0m:[93m1192[0m:[93m26[0m - [91merror[0m[90m TS18048: [0m'newestKey' is possibly 'undefined'.

[7m1192[0m               publicKey: newestKey.publicKey,
[7m    [0m [91m                         ~~~~~~~~~[0m

[96msrc/lib/fhe/key-rotation.ts[0m:[93m1193[0m:[93m26[0m - [91merror[0m[90m TS18048: [0m'newestKey' is possibly 'undefined'.

[7m1193[0m               secretKey: newestKey.privateKeyEncrypted,
[7m    [0m [91m                         ~~~~~~~~~[0m

[96msrc/lib/fhe/key-rotation.ts[0m:[93m1198[0m:[93m28[0m - [91merror[0m[90m TS18048: [0m'newestKey' is possibly 'undefined'.

[7m1198[0m           this.registerKey(newestKey.id, newestKey.expires)
[7m    [0m [91m                           ~~~~~~~~~[0m

[96msrc/lib/fhe/key-rotation.ts[0m:[93m1198[0m:[93m42[0m - [91merror[0m[90m TS18048: [0m'newestKey' is possibly 'undefined'.

[7m1198[0m           this.registerKey(newestKey.id, newestKey.expires)
[7m    [0m [91m                                         ~~~~~~~~~[0m

[96msrc/lib/fhe/key-rotation.ts[0m:[93m1201[0m:[93m34[0m - [91merror[0m[90m TS18048: [0m'newestKey' is possibly 'undefined'.

[7m1201[0m             `Loaded active key ${newestKey.id} from AWS Secrets Manager`,
[7m    [0m [91m                                 ~~~~~~~~~[0m

[96msrc/lib/fhe/key-rotation.ts[0m:[93m1224[0m:[93m30[0m - [91merror[0m[90m TS18048: [0m'newestKey' is possibly 'undefined'.

[7m1224[0m           this.activeKeyId = newestKey.id
[7m    [0m [91m                             ~~~~~~~~~[0m

[96msrc/lib/fhe/key-rotation.ts[0m:[93m1229[0m:[93m26[0m - [91merror[0m[90m TS18048: [0m'newestKey' is possibly 'undefined'.

[7m1229[0m               publicKey: newestKey.publicKey,
[7m    [0m [91m                         ~~~~~~~~~[0m

[96msrc/lib/fhe/key-rotation.ts[0m:[93m1230[0m:[93m26[0m - [91merror[0m[90m TS18048: [0m'newestKey' is possibly 'undefined'.

[7m1230[0m               secretKey: newestKey.privateKeyEncrypted,
[7m    [0m [91m                         ~~~~~~~~~[0m

[96msrc/lib/fhe/key-rotation.ts[0m:[93m1235[0m:[93m28[0m - [91merror[0m[90m TS18048: [0m'newestKey' is possibly 'undefined'.

[7m1235[0m           this.registerKey(newestKey.id, newestKey.expires)
[7m    [0m [91m                           ~~~~~~~~~[0m

[96msrc/lib/fhe/key-rotation.ts[0m:[93m1235[0m:[93m42[0m - [91merror[0m[90m TS18048: [0m'newestKey' is possibly 'undefined'.

[7m1235[0m           this.registerKey(newestKey.id, newestKey.expires)
[7m    [0m [91m                                         ~~~~~~~~~[0m

[96msrc/lib/fhe/key-rotation.ts[0m:[93m1281[0m:[93m23[0m - [91merror[0m[90m TS4111: [0mProperty 'id' comes from an index signature, so it must be accessed with ['id'].

[7m1281[0m     const id = parsed.id
[7m    [0m [91m                      ~~[0m

[96msrc/lib/fhe/key-rotation.ts[0m:[93m1282[0m:[93m30[0m - [91merror[0m[90m TS4111: [0mProperty 'publicKey' comes from an index signature, so it must be accessed with ['publicKey'].

[7m1282[0m     const publicKey = parsed.publicKey
[7m    [0m [91m                             ~~~~~~~~~[0m

[96msrc/lib/fhe/key-rotation.ts[0m:[93m1283[0m:[93m40[0m - [91merror[0m[90m TS4111: [0mProperty 'privateKeyEncrypted' comes from an index signature, so it must be accessed with ['privateKeyEncrypted'].

[7m1283[0m     const privateKeyEncrypted = parsed.privateKeyEncrypted
[7m    [0m [91m                                       ~~~~~~~~~~~~~~~~~~~[0m

[96msrc/lib/fhe/key-rotation.ts[0m:[93m1284[0m:[93m28[0m - [91merror[0m[90m TS4111: [0mProperty 'created' comes from an index signature, so it must be accessed with ['created'].

[7m1284[0m     const created = parsed.created
[7m    [0m [91m                           ~~~~~~~[0m

[96msrc/lib/fhe/key-rotation.ts[0m:[93m1285[0m:[93m28[0m - [91merror[0m[90m TS4111: [0mProperty 'expires' comes from an index signature, so it must be accessed with ['expires'].

[7m1285[0m     const expires = parsed.expires
[7m    [0m [91m                           ~~~~~~~[0m

[96msrc/lib/fhe/key-rotation.ts[0m:[93m1286[0m:[93m28[0m - [91merror[0m[90m TS4111: [0mProperty 'version' comes from an index signature, so it must be accessed with ['version'].

[7m1286[0m     const version = parsed.version
[7m    [0m [91m                           ~~~~~~~[0m

[96msrc/lib/fhe/parameter-optimizer.ts[0m:[93m496[0m:[93m5[0m - [91merror[0m[90m TS2322: [0mType '{ polyModulusDegree?: number | undefined; coeffModulusBits?: number[] | undefined; plainModulus?: number; scale?: number; securityLevel?: SealSecurityLevel; }' is not assignable to type 'SealEncryptionParamsOptions'.
  Types of property 'polyModulusDegree' are incompatible.
    Type 'number | undefined' is not assignable to type 'number'.
      Type 'undefined' is not assignable to type 'number'.

[7m496[0m     return baseParams
[7m   [0m [91m    ~~~~~~[0m

[96msrc/lib/fhe/parameter-optimizer.ts[0m:[93m532[0m:[93m5[0m - [91merror[0m[90m TS2322: [0mType '{ polyModulusDegree?: number | undefined; coeffModulusBits?: number[] | undefined; plainModulus?: number; scale?: number; securityLevel?: SealSecurityLevel; }' is not assignable to type 'SealEncryptionParamsOptions'.
  Types of property 'polyModulusDegree' are incompatible.
    Type 'number | undefined' is not assignable to type 'number'.
      Type 'undefined' is not assignable to type 'number'.

[7m532[0m     return baseParams
[7m   [0m [91m    ~~~~~~[0m

[96msrc/lib/fhe/parameter-optimizer.ts[0m:[93m570[0m:[93m5[0m - [91merror[0m[90m TS2322: [0mType '{ polyModulusDegree?: number | undefined; coeffModulusBits?: number[] | undefined; plainModulus?: number; scale?: number; securityLevel?: SealSecurityLevel; }' is not assignable to type 'SealEncryptionParamsOptions'.
  Types of property 'polyModulusDegree' are incompatible.
    Type 'number | undefined' is not assignable to type 'number'.
      Type 'undefined' is not assignable to type 'number'.

[7m570[0m     return baseParams
[7m   [0m [91m    ~~~~~~[0m

[96msrc/lib/fhe/parameter-optimizer.ts[0m:[93m602[0m:[93m5[0m - [91merror[0m[90m TS2322: [0mType '{ polyModulusDegree?: number | undefined; coeffModulusBits?: number[] | undefined; plainModulus?: number; scale?: number; securityLevel?: SealSecurityLevel; }' is not assignable to type 'SealEncryptionParamsOptions'.
  Types of property 'polyModulusDegree' are incompatible.
    Type 'number | undefined' is not assignable to type 'number'.
      Type 'undefined' is not assignable to type 'number'.

[7m602[0m     return baseParams
[7m   [0m [91m    ~~~~~~[0m

[96msrc/lib/fhe/parameter-optimizer.ts[0m:[93m643[0m:[93m5[0m - [91merror[0m[90m TS2322: [0mType '{ polyModulusDegree?: number | undefined; coeffModulusBits?: number[] | undefined; plainModulus?: number; scale?: number; securityLevel?: SealSecurityLevel; }' is not assignable to type 'SealEncryptionParamsOptions'.
  Types of property 'polyModulusDegree' are incompatible.
    Type 'number | undefined' is not assignable to type 'number'.
      Type 'undefined' is not assignable to type 'number'.

[7m643[0m     return baseParams
[7m   [0m [91m    ~~~~~~[0m

[96msrc/lib/fhe/parameter-optimizer.ts[0m:[93m782[0m:[93m5[0m - [91merror[0m[90m TS2322: [0mType '{ polyModulusDegree?: number | undefined; coeffModulusBits?: number[] | undefined; plainModulus?: number; scale?: number; securityLevel?: SealSecurityLevel; }' is not assignable to type 'SealEncryptionParamsOptions'.
  Types of property 'polyModulusDegree' are incompatible.
    Type 'number | undefined' is not assignable to type 'number'.
      Type 'undefined' is not assignable to type 'number'.

[7m782[0m     return params
[7m   [0m [91m    ~~~~~~[0m

[96msrc/lib/fhe/parameter-optimizer.ts[0m:[93m798[0m:[93m35[0m - [91merror[0m[90m TS4111: [0mProperty 'dataSize' comes from an index signature, so it must be accessed with ['dataSize'].

[7m798[0m         typeof context.parameters.dataSize === 'number'
[7m   [0m [91m                                  ~~~~~~~~[0m

[96msrc/lib/fhe/parameter-optimizer.ts[0m:[93m799[0m:[93m32[0m - [91merror[0m[90m TS4111: [0mProperty 'dataSize' comes from an index signature, so it must be accessed with ['dataSize'].

[7m799[0m           ? context.parameters.dataSize
[7m   [0m [91m                               ~~~~~~~~[0m

[96msrc/lib/fhe/parameter-optimizer.ts[0m:[93m809[0m:[93m35[0m - [91merror[0m[90m TS4111: [0mProperty 'batchSize' comes from an index signature, so it must be accessed with ['batchSize'].

[7m809[0m         typeof context.parameters.batchSize === 'number'
[7m   [0m [91m                                  ~~~~~~~~~[0m

[96msrc/lib/fhe/parameter-optimizer.ts[0m:[93m810[0m:[93m32[0m - [91merror[0m[90m TS4111: [0mProperty 'batchSize' comes from an index signature, so it must be accessed with ['batchSize'].

[7m810[0m           ? context.parameters.batchSize
[7m   [0m [91m                               ~~~~~~~~~[0m

[96msrc/lib/fhe/parameter-optimizer.ts[0m:[93m823[0m:[93m11[0m - [91merror[0m[90m TS6133: [0m'determineSecurityLevel' is declared but its value is never read.

[7m823[0m   private determineSecurityLevel(complexity: number): SecurityLevel {
[7m   [0m [91m          ~~~~~~~~~~~~~~~~~~~~~~[0m

[96msrc/lib/fhe/pattern-recognition-factory.ts[0m:[93m132[0m:[93m29[0m - [91merror[0m[90m TS4111: [0mProperty 'useMock' comes from an index signature, so it must be accessed with ['useMock'].

[7m132[0m     const useMock = config?.useMock === true || config?.mode === 'development'
[7m   [0m [91m                            ~~~~~~~[0m

[96msrc/lib/fhe/pattern-recognition-factory.ts[0m:[93m132[0m:[93m57[0m - [91merror[0m[90m TS4111: [0mProperty 'mode' comes from an index signature, so it must be accessed with ['mode'].

[7m132[0m     const useMock = config?.useMock === true || config?.mode === 'development'
[7m   [0m [91m                                                        ~~~~[0m

[96msrc/lib/fhe/seal-operations.ts[0m:[93m230[0m:[93m13[0m - [91merror[0m[90m TS2322: [0mType 'number | undefined' is not assignable to type 'number'.
  Type 'undefined' is not assignable to type 'number'.

[7m230[0m             coefArray[i] = bAsNumberArray[i]
[7m   [0m [91m            ~~~~~~~~~~~~[0m

[96msrc/lib/fhe/seal-operations.ts[0m:[93m478[0m:[93m43[0m - [91merror[0m[90m TS2322: [0mType 'number | undefined' is not assignable to type 'number'.
  Type 'undefined' is not assignable to type 'number'.

[7m478[0m           const currentCoeff: number[] = [coefficients[0]]
[7m   [0m [91m                                          ~~~~~~~~~~~~~~~[0m

[96msrc/lib/fhe/seal-operations.ts[0m:[93m485[0m:[93m17[0m - [91merror[0m[90m TS2322: [0mType '(number | undefined)[]' is not assignable to type 'number[]'.
  Type 'number | undefined' is not assignable to type 'number'.
    Type 'undefined' is not assignable to type 'number'.

[7m485[0m           const constArray: number[] = Array.from(
[7m   [0m [91m                ~~~~~~~~~~[0m

[96msrc/lib/fhe/seal-operations.ts[0m:[93m514[0m:[93m29[0m - [91merror[0m[90m TS2322: [0mType 'number | undefined' is not assignable to type 'number'.
  Type 'undefined' is not assignable to type 'number'.

[7m514[0m         ckksEncoder.encode([coefficients[n]], Number(scale), highestCoef)
[7m   [0m [91m                            ~~~~~~~~~~~~~~~[0m

[96msrc/lib/fhe/seal-operations.ts[0m:[93m519[0m:[93m11[0m - [91merror[0m[90m TS2345: [0mArgument of type 'number | undefined' is not assignable to parameter of type 'number'.
  Type 'undefined' is not assignable to type 'number'.

[7m519[0m           coefficients[n],
[7m   [0m [91m          ~~~~~~~~~~~~~~~[0m

[96msrc/lib/fhe/seal-operations.ts[0m:[93m547[0m:[93m31[0m - [91merror[0m[90m TS2322: [0mType 'number | undefined' is not assignable to type 'number'.
  Type 'undefined' is not assignable to type 'number'.

[7m547[0m           ckksEncoder.encode([coefficients[i]], Number(scale), nextCoef)
[7m   [0m [91m                              ~~~~~~~~~~~~~~~[0m

[96msrc/lib/fhe/seal-operations.ts[0m:[93m552[0m:[93m13[0m - [91merror[0m[90m TS2345: [0mArgument of type 'number | undefined' is not assignable to parameter of type 'number'.
  Type 'undefined' is not assignable to type 'number'.

[7m552[0m             coefficients[i],
[7m   [0m [91m            ~~~~~~~~~~~~~~~[0m

[96msrc/lib/fhe/seal-pattern-recognition.ts[0m:[93m89[0m:[93m5[0m - [91merror[0m[90m TS2322: [0mType 'unknown' is not assignable to type 'T'.
  'T' could be instantiated with an arbitrary type which could be unrelated to 'unknown'.

[7m89[0m     return this.enhancedService.decrypt(encryptedData, options)
[7m  [0m [91m    ~~~~~~[0m

[96msrc/lib/fhe/seal-pattern-recognition.ts[0m:[93m660[0m:[93m9[0m - [91merror[0m[90m TS2322: [0mType 'string | undefined' is not assignable to type 'string'.
  Type 'undefined' is not assignable to type 'string'.

[7m660[0m         type,
[7m   [0m [91m        ~~~~[0m

  [96msrc/lib/fhe/seal-pattern-recognition.ts[0m:[93m650[0m:[93m28[0m
    [7m650[0m     const results: Array<{ type: string; confidence: number }> = []
    [7m   [0m [96m                           ~~~~[0m
    The expected type comes from property 'type' which is declared here on type '{ type: string; confidence: number; }'

[96msrc/lib/fhe/seal-pattern-recognition.ts[0m:[93m736[0m:[93m19[0m - [91merror[0m[90m TS2345: [0mArgument of type 'T | undefined' is not assignable to parameter of type 'T'.
  'T' could be instantiated with an arbitrary type which could be unrelated to 'T | undefined'.

[7m736[0m       result.push(copy[index])
[7m   [0m [91m                  ~~~~~~~~~~~[0m

[96msrc/lib/fhe/test-seal-integration.ts[0m:[93m78[0m:[93m50[0m - [91merror[0m[90m TS2345: [0mArgument of type 'unknown' is not assignable to parameter of type 'SealCipherText'.

[7m78[0m       const decryptedAdd = await service.decrypt(addResult.result)
[7m  [0m [91m                                                 ~~~~~~~~~~~~~~~~[0m

[96msrc/lib/fhe/test-seal-integration.ts[0m:[93m94[0m:[93m51[0m - [91merror[0m[90m TS2345: [0mArgument of type 'unknown' is not assignable to parameter of type 'SealCipherText'.

[7m94[0m       const decryptedMult = await service.decrypt(multResult.result)
[7m  [0m [91m                                                  ~~~~~~~~~~~~~~~~~[0m

[96msrc/lib/fhe/test-seal-integration.ts[0m:[93m122[0m:[93m13[0m - [91merror[0m[90m TS2339: [0mProperty 'main' does not exist on type '(specifier: string) => unknown'.

[7m122[0m if (require.main === module) {
[7m   [0m [91m            ~~~~[0m

[96msrc/lib/fhe/types.ts[0m:[93m319[0m:[93m18[0m - [91merror[0m[90m TS4111: [0mProperty 'id' comes from an index signature, so it must be accessed with ['id'].

[7m319[0m   const id = obj.id
[7m   [0m [91m                 ~~[0m

[96msrc/lib/fhe/types.ts[0m:[93m320[0m:[93m24[0m - [91merror[0m[90m TS4111: [0mProperty 'dataType' comes from an index signature, so it must be accessed with ['dataType'].

[7m320[0m   const dataType = obj.dataType
[7m   [0m [91m                       ~~~~~~~~[0m

[96msrc/lib/fhe/types.ts[0m:[93m321[0m:[93m20[0m - [91merror[0m[90m TS4111: [0mProperty 'data' comes from an index signature, so it must be accessed with ['data'].

[7m321[0m   const data = obj.data
[7m   [0m [91m                   ~~~~[0m

[96msrc/lib/governance/__tests__/lifecycle-manager.test.ts[0m:[93m3[0m:[93m28[0m - [91merror[0m[90m TS6133: [0m'RetentionPeriod' is declared but its value is never read.

[7m3[0m import { LifecycleManager, RetentionPeriod } from '../lifecycle-manager'
[7m [0m [91m                           ~~~~~~~~~~~~~~~[0m

[96msrc/lib/governance/__tests__/policy-engine.test.ts[0m:[93m102[0m:[93m11[0m - [91merror[0m[90m TS2322: [0mType '"test"' is not assignable to type '"share" | "encrypt" | "delete" | "access"'.

[7m102[0m           action: 'test',
[7m   [0m [91m          ~~~~~~[0m

  [96msrc/lib/governance/types.ts[0m:[93m11[0m:[93m3[0m
    [7m11[0m   action: 'encrypt' | 'access' | 'delete' | 'share'
    [7m  [0m [96m  ~~~~~~[0m
    The expected type comes from property 'action' which is declared here on type 'GovernanceRule'

[96msrc/lib/governance/__tests__/policy-reload.test.ts[0m:[93m20[0m:[93m11[0m - [91merror[0m[90m TS2322: [0mType '"test"' is not assignable to type '"share" | "encrypt" | "delete" | "access"'.

[7m20[0m           action: 'test',
[7m  [0m [91m          ~~~~~~[0m

  [96msrc/lib/governance/types.ts[0m:[93m11[0m:[93m3[0m
    [7m11[0m   action: 'encrypt' | 'access' | 'delete' | 'share'
    [7m  [0m [96m  ~~~~~~[0m
    The expected type comes from property 'action' which is declared here on type 'GovernanceRule'

[96msrc/lib/governance/__tests__/policy-store.test.ts[0m:[93m79[0m:[93m12[0m - [91merror[0m[90m TS2532: [0mObject is possibly 'undefined'.

[7m79[0m     expect(history[0].version).toBe('2.0.0')
[7m  [0m [91m           ~~~~~~~~~~[0m

[96msrc/lib/governance/__tests__/policy-store.test.ts[0m:[93m80[0m:[93m12[0m - [91merror[0m[90m TS2532: [0mObject is possibly 'undefined'.

[7m80[0m     expect(history[0].previousVersion).toBe('1.0.0')
[7m  [0m [91m           ~~~~~~~~~~[0m

[96msrc/lib/governance/__tests__/policy-store.test.ts[0m:[93m81[0m:[93m12[0m - [91merror[0m[90m TS2532: [0mObject is possibly 'undefined'.

[7m81[0m     expect(history[1].version).toBe('1.0.0')
[7m  [0m [91m           ~~~~~~~~~~[0m

[96msrc/lib/governance/__tests__/policy-store.test.ts[0m:[93m82[0m:[93m12[0m - [91merror[0m[90m TS2532: [0mObject is possibly 'undefined'.

[7m82[0m     expect(history[1].previousVersion).toBeNull()
[7m  [0m [91m           ~~~~~~~~~~[0m

[96msrc/lib/governance/__tests__/secure-delete.test.ts[0m:[93m25[0m:[93m11[0m - [91merror[0m[90m TS6133: [0m'result' is declared but its value is never read.

[7m25[0m     const result = await manager.secureDelete(recordId)
[7m  [0m [91m          ~~~~~~[0m

[96msrc/lib/governance/__tests__/unified-monitor.test.ts[0m:[93m22[0m:[93m12[0m - [91merror[0m[90m TS2532: [0mObject is possibly 'undefined'.

[7m22[0m     expect(events[0].event).toBe('encryption_complete')
[7m  [0m [91m           ~~~~~~~~~[0m

[96msrc/lib/governance/__tests__/unified-monitor.test.ts[0m:[93m118[0m:[93m29[0m - [91merror[0m[90m TS18048: [0m'callArgs' is possibly 'undefined'.

[7m118[0m     const body = JSON.parse(callArgs[1].body)
[7m   [0m [91m                            ~~~~~~~~[0m

[96msrc/lib/governance/compliance-validator.ts[0m:[93m3[0m:[93m28[0m - [91merror[0m[90m TS2353: [0mObject literal may only specify known properties, and 'module' does not exist in type 'LoggerOptions'.

[7m3[0m const logger = getLogger({ module: 'compliance-validator' })
[7m [0m [91m                           ~~~~~~[0m

[96msrc/lib/governance/index.ts[0m:[93m2[0m:[93m1[0m - [91merror[0m[90m TS2308: [0mModule './types' has already exported a member named 'PolicyEvaluationContext'. Consider explicitly re-exporting to resolve the ambiguity.

[7m2[0m export * from './policy-engine'
[7m [0m [91m~~~~~~~~~~~~~~~~~~~~~~~~~~~~~~~[0m

[96msrc/lib/governance/lifecycle-manager.ts[0m:[93m8[0m:[93m28[0m - [91merror[0m[90m TS2353: [0mObject literal may only specify known properties, and 'module' does not exist in type 'LoggerOptions'.

[7m8[0m const logger = getLogger({ module: 'lifecycle-manager' })
[7m [0m [91m                           ~~~~~~[0m

[96msrc/lib/governance/policy-engine.ts[0m:[93m5[0m:[93m3[0m - [91merror[0m[90m TS2440: [0mImport declaration conflicts with local declaration of 'PolicyEvaluationContext'.

[7m5[0m   PolicyEvaluationContext,
[7m [0m [91m  ~~~~~~~~~~~~~~~~~~~~~~~[0m

[96msrc/lib/governance/policy-engine.ts[0m:[93m149[0m:[93m20[0m - [91merror[0m[90m TS4111: [0mProperty 'fheEncryptionActive' comes from an index signature, so it must be accessed with ['fheEncryptionActive'].

[7m149[0m           if (!ctx.fheEncryptionActive) missing.push('FHE encryption')
[7m   [0m [91m                   ~~~~~~~~~~~~~~~~~~~[0m

[96msrc/lib/governance/policy-engine.ts[0m:[93m152[0m:[93m20[0m - [91merror[0m[90m TS4111: [0mProperty 'auditEnabled' comes from an index signature, so it must be accessed with ['auditEnabled'].

[7m152[0m           if (!ctx.auditEnabled) missing.push('audit logging')
[7m   [0m [91m                   ~~~~~~~~~~~~[0m

[96msrc/lib/governance/policy-engine.ts[0m:[93m155[0m:[93m20[0m - [91merror[0m[90m TS4111: [0mProperty 'consentVerified' comes from an index signature, so it must be accessed with ['consentVerified'].

[7m155[0m           if (!ctx.consentVerified) missing.push('consent verification')
[7m   [0m [91m                   ~~~~~~~~~~~~~~~[0m

[96msrc/lib/governance/policy-store.ts[0m:[93m25[0m:[93m7[0m - [91merror[0m[90m TS2740: [0mType 'MongoClientBridge' is missing the following properties from type 'MongoClient': options, driverInfoList, appendMetadata, serverApi, and 27 more.

[7m25[0m       this.client = sharedMongoClient
[7m  [0m [91m      ~~~~~~~~~~~[0m

[96msrc/lib/governance/unified-monitor.ts[0m:[93m3[0m:[93m28[0m - [91merror[0m[90m TS2353: [0mObject literal may only specify known properties, and 'module' does not exist in type 'LoggerOptions'.

[7m3[0m const logger = getLogger({ module: 'unified-monitor' })
[7m [0m [91m                           ~~~~~~[0m

[96msrc/lib/hooks/journal-research/__tests__/useAcquisition.test.tsx[0m:[93m85[0m:[93m25[0m - [91merror[0m[90m TS2339: [0mProperty 'mockImplementation' does not exist on type 'UseBoundStore<StoreApi<AcquisitionStoreState>>'.

[7m85[0m     useAcquisitionStore.mockImplementation(
[7m  [0m [91m                        ~~~~~~~~~~~~~~~~~~[0m

[96msrc/lib/hooks/journal-research/__tests__/useAcquisition.test.tsx[0m:[93m89[0m:[93m6[0m - [91merror[0m[90m TS2322: [0mType '() => { setSelectedAcquisitionId: Mock<(id: string | null) => void>; expandRow: Mock<(id: string) => void>; collapseRow: Mock<(id: string) => void>; filters: { ...; }; selectedAcquisitionId: null; expandedRowIds: never[]; }' is not assignable to type '(() => AcquisitionStoreState) & (() => { setSelectedAcquisitionId: Mock<(id: string | null) => void>; expandRow: Mock<(id: string) => void>; collapseRow: Mock<...>; filters: { ...; }; selectedAcquisitionId: null; expandedRowIds: never[]; })'.
  Type '() => { setSelectedAcquisitionId: Mock<(id: string | null) => void>; expandRow: Mock<(id: string) => void>; collapseRow: Mock<(id: string) => void>; filters: { ...; }; selectedAcquisitionId: null; expandedRowIds: never[]; }' is not assignable to type '() => AcquisitionStoreState'.
    Type '{ setSelectedAcquisitionId: Mock<(id: string | null) => void>; expandRow: Mock<(id: string) => void>; collapseRow: Mock<(id: string) => void>; filters: { statuses: never[]; showDownloadFailuresOnly: boolean; }; selectedAcquisitionId: null; expandedRowIds: never[]; }' is missing the following properties from type 'AcquisitionStoreState': toggleStatusFilter, toggleShowDownloadFailuresOnly, resetFilters

[7m 89[0m     ;(
[7m   [0m [91m     ~[0m
[7m 90[0m       useAcquisitionStore as typeof useAcquisitionStore & {
[7m   [0m [91m~~~~~~~~~~~~~~~~~~~~~~~~~~~~~~~~~~~~~~~~~~~~~~~~~~~~~~~~~~~[0m
[7m...[0m 
[7m 92[0m       }
[7m   [0m [91m~~~~~~~[0m
[7m 93[0m     ).getState = () => storeState
[7m   [0m [91m~~~~~~~~~~~~~~[0m

[96msrc/lib/hooks/journal-research/__tests__/useAcquisition.test.tsx[0m:[93m98[0m:[93m57[0m - [91merror[0m[90m TS2345: [0mArgument of type '{ items: { acquisitionId: string; sessionId: string; evaluationId: string; sourceId: string; status: "completed"; downloadUrl: string; downloadedAt: string; fileSize: number; errorMessage: null; }[]; total: number; page: number; pageSize: number; totalPages: number; }' is not assignable to parameter of type '{ items: { acquisitionId: string; sourceId: string; status: string; downloadProgress: number | null; filePath: string | null; fileSizeMb: number | null; acquiredDate: Date | null; }[]; total: number; page: number; pageSize: number; totalPages: number; }'.
  Types of property 'items' are incompatible.
    Type '{ acquisitionId: string; sessionId: string; evaluationId: string; sourceId: string; status: "completed"; downloadUrl: string; downloadedAt: string; fileSize: number; errorMessage: null; }[]' is not assignable to type '{ acquisitionId: string; sourceId: string; status: string; downloadProgress: number | null; filePath: string | null; fileSizeMb: number | null; acquiredDate: Date | null; }[]'.
      Type '{ acquisitionId: string; sessionId: string; evaluationId: string; sourceId: string; status: "completed"; downloadUrl: string; downloadedAt: string; fileSize: number; errorMessage: null; }' is missing the following properties from type '{ acquisitionId: string; sourceId: string; status: string; downloadProgress: number | null; filePath: string | null; fileSizeMb: number | null; acquiredDate: Date | null; }': downloadProgress, filePath, fileSizeMb, acquiredDate

[7m98[0m       vi.mocked(api.listAcquisitions).mockResolvedValue(mockAcquisitionList)
[7m  [0m [91m                                                        ~~~~~~~~~~~~~~~~~~~[0m

[96msrc/lib/hooks/journal-research/__tests__/useAcquisition.test.tsx[0m:[93m119[0m:[93m57[0m - [91merror[0m[90m TS2345: [0mArgument of type '{ items: { acquisitionId: string; sessionId: string; evaluationId: string; sourceId: string; status: "completed"; downloadUrl: string; downloadedAt: string; fileSize: number; errorMessage: null; }[]; total: number; page: number; pageSize: number; totalPages: number; }' is not assignable to parameter of type '{ items: { acquisitionId: string; sourceId: string; status: string; downloadProgress: number | null; filePath: string | null; fileSizeMb: number | null; acquiredDate: Date | null; }[]; total: number; page: number; pageSize: number; totalPages: number; }'.
  Types of property 'items' are incompatible.
    Type '{ acquisitionId: string; sessionId: string; evaluationId: string; sourceId: string; status: "completed"; downloadUrl: string; downloadedAt: string; fileSize: number; errorMessage: null; }[]' is not assignable to type '{ acquisitionId: string; sourceId: string; status: string; downloadProgress: number | null; filePath: string | null; fileSizeMb: number | null; acquiredDate: Date | null; }[]'.
      Type '{ acquisitionId: string; sessionId: string; evaluationId: string; sourceId: string; status: "completed"; downloadUrl: string; downloadedAt: string; fileSize: number; errorMessage: null; }' is missing the following properties from type '{ acquisitionId: string; sourceId: string; status: string; downloadProgress: number | null; filePath: string | null; fileSizeMb: number | null; acquiredDate: Date | null; }': downloadProgress, filePath, fileSizeMb, acquiredDate

[7m119[0m       vi.mocked(api.listAcquisitions).mockResolvedValue(mockAcquisitionList)
[7m   [0m [91m                                                        ~~~~~~~~~~~~~~~~~~~[0m

[96msrc/lib/hooks/journal-research/__tests__/useAcquisition.test.tsx[0m:[93m127[0m:[93m27[0m - [91merror[0m[90m TS2339: [0mProperty 'mockImplementation' does not exist on type 'UseBoundStore<StoreApi<AcquisitionStoreState>>'.

[7m127[0m       useAcquisitionStore.mockImplementation(
[7m   [0m [91m                          ~~~~~~~~~~~~~~~~~~[0m

[96msrc/lib/hooks/journal-research/__tests__/useAcquisition.test.tsx[0m:[93m133[0m:[93m8[0m - [91merror[0m[90m TS2322: [0mType '() => { filters: { statuses: string[]; showDownloadFailuresOnly: boolean; }; selectedAcquisitionId: null; setSelectedAcquisitionId: Mock<(id: string | null) => void>; expandedRowIds: never[]; expandRow: Mock<...>; collapseRow: Mock<...>; }' is not assignable to type '(() => AcquisitionStoreState) & (() => { filters: { statuses: string[]; showDownloadFailuresOnly: boolean; }; selectedAcquisitionId: null; setSelectedAcquisitionId: Mock<...>; expandedRowIds: never[]; expandRow: Mock<...>; collapseRow: Mock<...>; })'.
  Type '() => { filters: { statuses: string[]; showDownloadFailuresOnly: boolean; }; selectedAcquisitionId: null; setSelectedAcquisitionId: Mock<(id: string | null) => void>; expandedRowIds: never[]; expandRow: Mock<...>; collapseRow: Mock<...>; }' is not assignable to type '() => AcquisitionStoreState'.
    Type '{ filters: { statuses: string[]; showDownloadFailuresOnly: boolean; }; selectedAcquisitionId: null; setSelectedAcquisitionId: Mock<(id: string | null) => void>; expandedRowIds: never[]; expandRow: Mock<...>; collapseRow: Mock<...>; }' is missing the following properties from type 'AcquisitionStoreState': toggleStatusFilter, toggleShowDownloadFailuresOnly, resetFilters

[7m133[0m       ;(
[7m   [0m [91m       ~[0m
[7m134[0m         useAcquisitionStore as typeof useAcquisitionStore & {
[7m   [0m [91m~~~~~~~~~~~~~~~~~~~~~~~~~~~~~~~~~~~~~~~~~~~~~~~~~~~~~~~~~~~~~[0m
[7m...[0m 
[7m136[0m         }
[7m   [0m [91m~~~~~~~~~[0m
[7m137[0m       ).getState = () => filteredStoreState
[7m   [0m [91m~~~~~~~~~~~~~~~~[0m

[96msrc/lib/hooks/journal-research/__tests__/useAcquisition.test.tsx[0m:[93m183[0m:[93m55[0m - [91merror[0m[90m TS2345: [0mArgument of type '{ acquisitionId: string; sessionId: string; evaluationId: string; sourceId: string; status: "completed"; downloadUrl: string; downloadedAt: string; fileSize: number; errorMessage: null; }' is not assignable to parameter of type '{ acquisitionId: string; sourceId: string; status: string; downloadProgress: number | null; filePath: string | null; fileSizeMb: number | null; acquiredDate: Date | null; }'.
  Type '{ acquisitionId: string; sessionId: string; evaluationId: string; sourceId: string; status: "completed"; downloadUrl: string; downloadedAt: string; fileSize: number; errorMessage: null; }' is missing the following properties from type '{ acquisitionId: string; sourceId: string; status: string; downloadProgress: number | null; filePath: string | null; fileSizeMb: number | null; acquiredDate: Date | null; }': downloadProgress, filePath, fileSizeMb, acquiredDate

[7m183[0m       vi.mocked(api.getAcquisition).mockResolvedValue(mockAcquisition)
[7m   [0m [91m                                                      ~~~~~~~~~~~~~~~[0m

[96msrc/lib/hooks/journal-research/__tests__/useAcquisition.test.tsx[0m:[93m230[0m:[93m60[0m - [91merror[0m[90m TS2345: [0mArgument of type '{ acquisitionId: string; sessionId: string; evaluationId: string; sourceId: string; status: "completed"; downloadUrl: string; downloadedAt: string; fileSize: number; errorMessage: null; }' is not assignable to parameter of type '{ acquisitionId: string; sourceId: string; status: string; downloadProgress: number | null; filePath: string | null; fileSizeMb: number | null; acquiredDate: Date | null; }'.
  Type '{ acquisitionId: string; sessionId: string; evaluationId: string; sourceId: string; status: "completed"; downloadUrl: string; downloadedAt: string; fileSize: number; errorMessage: null; }' is missing the following properties from type '{ acquisitionId: string; sourceId: string; status: string; downloadProgress: number | null; filePath: string | null; fileSizeMb: number | null; acquiredDate: Date | null; }': downloadProgress, filePath, fileSizeMb, acquiredDate

[7m230[0m       vi.mocked(api.initiateAcquisition).mockResolvedValue(mockAcquisition)
[7m   [0m [91m                                                           ~~~~~~~~~~~~~~~[0m

[96msrc/lib/hooks/journal-research/__tests__/useAcquisition.test.tsx[0m:[93m233[0m:[93m8[0m - [91merror[0m[90m TS2322: [0mType '() => { setSelectedAcquisitionId: Mock<(id: string) => void>; }' is not assignable to type '(() => AcquisitionStoreState) & (() => { setSelectedAcquisitionId: Mock<(id: string) => void>; })'.
  Type '() => { setSelectedAcquisitionId: Mock<(id: string) => void>; }' is not assignable to type '() => AcquisitionStoreState'.
    Type '{ setSelectedAcquisitionId: Mock<(id: string) => void>; }' is missing the following properties from type 'AcquisitionStoreState': selectedAcquisitionId, filters, expandedRowIds, toggleStatusFilter, and 4 more.

[7m233[0m       ;(
[7m   [0m [91m       ~[0m
[7m234[0m         useAcquisitionStore as typeof useAcquisitionStore & {
[7m   [0m [91m~~~~~~~~~~~~~~~~~~~~~~~~~~~~~~~~~~~~~~~~~~~~~~~~~~~~~~~~~~~~~[0m
[7m...[0m 
[7m238[0m         }
[7m   [0m [91m~~~~~~~~~[0m
[7m239[0m       ).getState = () => ({
[7m   [0m [91m~~~~~~~~~~~~~~~~[0m

[96msrc/lib/hooks/journal-research/__tests__/useAcquisition.test.tsx[0m:[93m254[0m:[93m29[0m - [91merror[0m[90m TS2559: [0mType '{ evaluationIds: string[]; }' has no properties in common with type '{ sourceIds?: string[] | undefined; }'.

[7m254[0m       result.current.mutate(payload)
[7m   [0m [91m                            ~~~~~~~[0m

[96msrc/lib/hooks/journal-research/__tests__/useAcquisition.test.tsx[0m:[93m276[0m:[93m9[0m - [91merror[0m[90m TS2353: [0mObject literal may only specify known properties, and 'evaluationIds' does not exist in type '{ sourceIds?: string[] | undefined; }'.

[7m276[0m         evaluationIds: ['eval-1'],
[7m   [0m [91m        ~~~~~~~~~~~~~[0m

[96msrc/lib/hooks/journal-research/__tests__/useAcquisition.test.tsx[0m:[93m294[0m:[93m58[0m - [91merror[0m[90m TS2345: [0mArgument of type '{ status: "failed"; errorMessage: string; acquisitionId: string; sessionId: string; evaluationId: string; sourceId: string; downloadUrl: string; downloadedAt: string; fileSize: number; }' is not assignable to parameter of type '{ acquisitionId: string; sourceId: string; status: string; downloadProgress: number | null; filePath: string | null; fileSizeMb: number | null; acquiredDate: Date | null; }'.
  Type '{ status: "failed"; errorMessage: string; acquisitionId: string; sessionId: string; evaluationId: string; sourceId: string; downloadUrl: string; downloadedAt: string; fileSize: number; }' is missing the following properties from type '{ acquisitionId: string; sourceId: string; status: string; downloadProgress: number | null; filePath: string | null; fileSizeMb: number | null; acquiredDate: Date | null; }': downloadProgress, filePath, fileSizeMb, acquiredDate

[7m294[0m       vi.mocked(api.updateAcquisition).mockResolvedValue(updatedAcquisition)
[7m   [0m [91m                                                         ~~~~~~~~~~~~~~~~~~[0m

[96msrc/lib/hooks/journal-research/__tests__/useAcquisition.test.tsx[0m:[93m355[0m:[93m27[0m - [91merror[0m[90m TS2339: [0mProperty 'mockReturnValue' does not exist on type 'UseBoundStore<StoreApi<AcquisitionStoreState>>'.

[7m355[0m       useAcquisitionStore.mockReturnValue(mockState)
[7m   [0m [91m                          ~~~~~~~~~~~~~~~[0m

[96msrc/lib/hooks/journal-research/__tests__/useDiscovery.test.tsx[0m:[93m80[0m:[93m23[0m - [91merror[0m[90m TS2339: [0mProperty 'mockImplementation' does not exist on type 'UseBoundStore<StoreApi<DiscoveryStoreState>>'.

[7m80[0m     useDiscoveryStore.mockImplementation((selector) => {
[7m  [0m [91m                      ~~~~~~~~~~~~~~~~~~[0m

[96msrc/lib/hooks/journal-research/__tests__/useDiscovery.test.tsx[0m:[93m80[0m:[93m43[0m - [91merror[0m[90m TS7006: [0mParameter 'selector' implicitly has an 'any' type.

[7m80[0m     useDiscoveryStore.mockImplementation((selector) => {
[7m  [0m [91m                                          ~~~~~~~~[0m

[96msrc/lib/hooks/journal-research/__tests__/useDiscovery.test.tsx[0m:[93m94[0m:[93m52[0m - [91merror[0m[90m TS2345: [0mArgument of type '{ items: { sourceId: string; title: string; sourceType: "journal"; publicationDate: string; openAccess: boolean; dataAvailability: string; keywords: string[]; url: string; }[]; total: number; page: number; pageSize: number; totalPages: number; }' is not assignable to parameter of type '{ items: { sourceId: string; title: string; authors: string[]; publicationDate: Date; sourceType: string; url: string; doi: string | null; abstract: string; keywords: string[]; openAccess: boolean; dataAvailability: string; discoveryDate: Date; discoveryMethod: string; }[]; total: number; page: number; pageSize: num...'.
  Types of property 'items' are incompatible.
    Type '{ sourceId: string; title: string; sourceType: "journal"; publicationDate: string; openAccess: boolean; dataAvailability: string; keywords: string[]; url: string; }[]' is not assignable to type '{ sourceId: string; title: string; authors: string[]; publicationDate: Date; sourceType: string; url: string; doi: string | null; abstract: string; keywords: string[]; openAccess: boolean; dataAvailability: string; discoveryDate: Date; discoveryMethod: string; }[]'.
      Type '{ sourceId: string; title: string; sourceType: "journal"; publicationDate: string; openAccess: boolean; dataAvailability: string; keywords: string[]; url: string; }' is missing the following properties from type '{ sourceId: string; title: string; authors: string[]; publicationDate: Date; sourceType: string; url: string; doi: string | null; abstract: string; keywords: string[]; openAccess: boolean; dataAvailability: string; discoveryDate: Date; discoveryMethod: string; }': authors, doi, abstract, discoveryDate, discoveryMethod

[7m94[0m       vi.mocked(api.listSources).mockResolvedValue(mockSourceList)
[7m  [0m [91m                                                   ~~~~~~~~~~~~~~[0m

[96msrc/lib/hooks/journal-research/__tests__/useDiscovery.test.tsx[0m:[93m112[0m:[93m52[0m - [91merror[0m[90m TS2345: [0mArgument of type '{ items: { sourceId: string; title: string; sourceType: "journal"; publicationDate: string; openAccess: boolean; dataAvailability: string; keywords: string[]; url: string; }[]; total: number; page: number; pageSize: number; totalPages: number; }' is not assignable to parameter of type '{ items: { sourceId: string; title: string; authors: string[]; publicationDate: Date; sourceType: string; url: string; doi: string | null; abstract: string; keywords: string[]; openAccess: boolean; dataAvailability: string; discoveryDate: Date; discoveryMethod: string; }[]; total: number; page: number; pageSize: num...'.
  Types of property 'items' are incompatible.
    Type '{ sourceId: string; title: string; sourceType: "journal"; publicationDate: string; openAccess: boolean; dataAvailability: string; keywords: string[]; url: string; }[]' is not assignable to type '{ sourceId: string; title: string; authors: string[]; publicationDate: Date; sourceType: string; url: string; doi: string | null; abstract: string; keywords: string[]; openAccess: boolean; dataAvailability: string; discoveryDate: Date; discoveryMethod: string; }[]'.
      Type '{ sourceId: string; title: string; sourceType: "journal"; publicationDate: string; openAccess: boolean; dataAvailability: string; keywords: string[]; url: string; }' is missing the following properties from type '{ sourceId: string; title: string; authors: string[]; publicationDate: Date; sourceType: string; url: string; doi: string | null; abstract: string; keywords: string[]; openAccess: boolean; dataAvailability: string; discoveryDate: Date; discoveryMethod: string; }': authors, doi, abstract, discoveryDate, discoveryMethod

[7m112[0m       vi.mocked(api.listSources).mockResolvedValue(mockSourceList)
[7m   [0m [91m                                                   ~~~~~~~~~~~~~~[0m

[96msrc/lib/hooks/journal-research/__tests__/useDiscovery.test.tsx[0m:[93m113[0m:[93m25[0m - [91merror[0m[90m TS2339: [0mProperty 'mockImplementation' does not exist on type 'UseBoundStore<StoreApi<DiscoveryStoreState>>'.

[7m113[0m       useDiscoveryStore.mockImplementation((selector) => {
[7m   [0m [91m                        ~~~~~~~~~~~~~~~~~~[0m

[96msrc/lib/hooks/journal-research/__tests__/useDiscovery.test.tsx[0m:[93m113[0m:[93m45[0m - [91merror[0m[90m TS7006: [0mParameter 'selector' implicitly has an 'any' type.

[7m113[0m       useDiscoveryStore.mockImplementation((selector) => {
[7m   [0m [91m                                            ~~~~~~~~[0m

[96msrc/lib/hooks/journal-research/__tests__/useDiscovery.test.tsx[0m:[93m162[0m:[93m50[0m - [91merror[0m[90m TS2345: [0mArgument of type '{ sourceId: string; title: string; sourceType: "journal"; publicationDate: string; openAccess: boolean; dataAvailability: string; keywords: string[]; url: string; }' is not assignable to parameter of type '{ sourceId: string; title: string; authors: string[]; publicationDate: Date; sourceType: string; url: string; doi: string | null; abstract: string; keywords: string[]; openAccess: boolean; dataAvailability: string; discoveryDate: Date; discoveryMethod: string; }'.
  Type '{ sourceId: string; title: string; sourceType: "journal"; publicationDate: string; openAccess: boolean; dataAvailability: string; keywords: string[]; url: string; }' is missing the following properties from type '{ sourceId: string; title: string; authors: string[]; publicationDate: Date; sourceType: string; url: string; doi: string | null; abstract: string; keywords: string[]; openAccess: boolean; dataAvailability: string; discoveryDate: Date; discoveryMethod: string; }': authors, doi, abstract, discoveryDate, discoveryMethod

[7m162[0m       vi.mocked(api.getSource).mockResolvedValue(mockSource)
[7m   [0m [91m                                                 ~~~~~~~~~~[0m

[96msrc/lib/hooks/journal-research/__tests__/useDiscovery.test.tsx[0m:[93m211[0m:[93m9[0m - [91merror[0m[90m TS2353: [0mObject literal may only specify known properties, and 'status' does not exist in type '{ sessionId: string; sources: { sourceId: string; title: string; authors: string[]; publicationDate: Date; sourceType: string; url: string; doi: string | null; abstract: string; keywords: string[]; openAccess: boolean; dataAvailability: string; discoveryDate: Date; discoveryMethod: string; }[]; totalSources: number;...'.

[7m211[0m         status: 'in_progress',
[7m   [0m [91m        ~~~~~~[0m

[96msrc/lib/hooks/journal-research/__tests__/useDiscovery.test.tsx[0m:[93m225[0m:[93m9[0m - [91merror[0m[90m TS2353: [0mObject literal may only specify known properties, and 'searchKeywords' does not exist in type '{ keywords?: string[] | undefined; sources?: string[] | undefined; }'.

[7m225[0m         searchKeywords: { mental_health: ['depression'] },
[7m   [0m [91m        ~~~~~~~~~~~~~~[0m

[96msrc/lib/hooks/journal-research/__tests__/useDiscovery.test.tsx[0m:[93m250[0m:[93m9[0m - [91merror[0m[90m TS2353: [0mObject literal may only specify known properties, and 'searchKeywords' does not exist in type '{ keywords?: string[] | undefined; sources?: string[] | undefined; }'.

[7m250[0m         searchKeywords: { mental_health: ['depression'] },
[7m   [0m [91m        ~~~~~~~~~~~~~~[0m

[96msrc/lib/hooks/journal-research/__tests__/useEvaluation.test.tsx[0m:[93m91[0m:[93m24[0m - [91merror[0m[90m TS2339: [0mProperty 'mockImplementation' does not exist on type 'UseBoundStore<StoreApi<EvaluationStoreState>>'.

[7m91[0m     useEvaluationStore.mockImplementation(
[7m  [0m [91m                       ~~~~~~~~~~~~~~~~~~[0m

[96msrc/lib/hooks/journal-research/__tests__/useEvaluation.test.tsx[0m:[93m95[0m:[93m6[0m - [91merror[0m[90m TS2322: [0mType '() => { setSelectedEvaluationId: Mock<(id: string | null) => void>; setEditingEvaluationId: Mock<(id: string | null) => void>; toggleBulkEditMode: Mock<() => void>; filters: { ...; }; selectedEvaluationId: null; editingEvaluationId: null; isBulkEditMode: boolean; }' is not assignable to type '(() => EvaluationStoreState) & (() => { setSelectedEvaluationId: Mock<(id: string | null) => void>; setEditingEvaluationId: Mock<(id: string | null) => void>; ... 4 more ...; isBulkEditMode: boolean; })'.
  Type '() => { setSelectedEvaluationId: Mock<(id: string | null) => void>; setEditingEvaluationId: Mock<(id: string | null) => void>; toggleBulkEditMode: Mock<() => void>; filters: { ...; }; selectedEvaluationId: null; editingEvaluationId: null; isBulkEditMode: boolean; }' is not assignable to type '() => EvaluationStoreState'.
    Type '{ setSelectedEvaluationId: Mock<(id: string | null) => void>; setEditingEvaluationId: Mock<(id: string | null) => void>; toggleBulkEditMode: Mock<() => void>; filters: { ...; }; selectedEvaluationId: null; editingEvaluationId: null; isBulkEditMode: boolean; }' is missing the following properties from type 'EvaluationStoreState': togglePriorityTier, setScoreRange, setSort, resetFilters

[7m 95[0m     ;(
[7m   [0m [91m     ~[0m
[7m 96[0m       useEvaluationStore as typeof useEvaluationStore & {
[7m   [0m [91m~~~~~~~~~~~~~~~~~~~~~~~~~~~~~~~~~~~~~~~~~~~~~~~~~~~~~~~~~[0m
[7m...[0m 
[7m 98[0m       }
[7m   [0m [91m~~~~~~~[0m
[7m 99[0m     ).getState = () => storeState
[7m   [0m [91m~~~~~~~~~~~~~~[0m

[96msrc/lib/hooks/journal-research/__tests__/useEvaluation.test.tsx[0m:[93m104[0m:[93m56[0m - [91merror[0m[90m TS2345: [0mArgument of type '{ items: { evaluationId: string; sessionId: string; sourceId: string; priorityTier: "high"; overallScore: number; therapeuticRelevance: number; dataStructureQuality: number; trainingIntegration: number; ethicalAccessibility: number; evaluationDate: string; notes: string; }[]; total: number; page: number; pageSize: n...' is not assignable to parameter of type '{ items: { evaluationId: string; sourceId: string; therapeuticRelevance: number; dataStructureQuality: number; trainingIntegration: number; ethicalAccessibility: number; overallScore: number; priorityTier: string; evaluationDate: Date; evaluator: string; }[]; total: number; page: number; pageSize: number; totalPages...'.
  Types of property 'items' are incompatible.
    Type '{ evaluationId: string; sessionId: string; sourceId: string; priorityTier: "high"; overallScore: number; therapeuticRelevance: number; dataStructureQuality: number; trainingIntegration: number; ethicalAccessibility: number; evaluationDate: string; notes: string; }[]' is not assignable to type '{ evaluationId: string; sourceId: string; therapeuticRelevance: number; dataStructureQuality: number; trainingIntegration: number; ethicalAccessibility: number; overallScore: number; priorityTier: string; evaluationDate: Date; evaluator: string; }[]'.
      Property 'evaluator' is missing in type '{ evaluationId: string; sessionId: string; sourceId: string; priorityTier: "high"; overallScore: number; therapeuticRelevance: number; dataStructureQuality: number; trainingIntegration: number; ethicalAccessibility: number; evaluationDate: string; notes: string; }' but required in type '{ evaluationId: string; sourceId: string; therapeuticRelevance: number; dataStructureQuality: number; trainingIntegration: number; ethicalAccessibility: number; overallScore: number; priorityTier: string; evaluationDate: Date; evaluator: string; }'.

[7m104[0m       vi.mocked(api.listEvaluations).mockResolvedValue(mockEvaluationList)
[7m   [0m [91m                                                       ~~~~~~~~~~~~~~~~~~[0m

  [96msrc/lib/api/journal-research/types.ts[0m:[93m135[0m:[93m5[0m
    [7m135[0m     evaluator: data.evaluator,
    [7m   [0m [96m    ~~~~~~~~~~~~~~~~~~~~~~~~~[0m
    'evaluator' is declared here.

[96msrc/lib/hooks/journal-research/__tests__/useEvaluation.test.tsx[0m:[93m122[0m:[93m56[0m - [91merror[0m[90m TS2345: [0mArgument of type '{ items: { evaluationId: string; sessionId: string; sourceId: string; priorityTier: "high"; overallScore: number; therapeuticRelevance: number; dataStructureQuality: number; trainingIntegration: number; ethicalAccessibility: number; evaluationDate: string; notes: string; }[]; total: number; page: number; pageSize: n...' is not assignable to parameter of type '{ items: { evaluationId: string; sourceId: string; therapeuticRelevance: number; dataStructureQuality: number; trainingIntegration: number; ethicalAccessibility: number; overallScore: number; priorityTier: string; evaluationDate: Date; evaluator: string; }[]; total: number; page: number; pageSize: number; totalPages...'.
  Types of property 'items' are incompatible.
    Type '{ evaluationId: string; sessionId: string; sourceId: string; priorityTier: "high"; overallScore: number; therapeuticRelevance: number; dataStructureQuality: number; trainingIntegration: number; ethicalAccessibility: number; evaluationDate: string; notes: string; }[]' is not assignable to type '{ evaluationId: string; sourceId: string; therapeuticRelevance: number; dataStructureQuality: number; trainingIntegration: number; ethicalAccessibility: number; overallScore: number; priorityTier: string; evaluationDate: Date; evaluator: string; }[]'.
      Property 'evaluator' is missing in type '{ evaluationId: string; sessionId: string; sourceId: string; priorityTier: "high"; overallScore: number; therapeuticRelevance: number; dataStructureQuality: number; trainingIntegration: number; ethicalAccessibility: number; evaluationDate: string; notes: string; }' but required in type '{ evaluationId: string; sourceId: string; therapeuticRelevance: number; dataStructureQuality: number; trainingIntegration: number; ethicalAccessibility: number; overallScore: number; priorityTier: string; evaluationDate: Date; evaluator: string; }'.

[7m122[0m       vi.mocked(api.listEvaluations).mockResolvedValue(mockEvaluationList)
[7m   [0m [91m                                                       ~~~~~~~~~~~~~~~~~~[0m

  [96msrc/lib/api/journal-research/types.ts[0m:[93m135[0m:[93m5[0m
    [7m135[0m     evaluator: data.evaluator,
    [7m   [0m [96m    ~~~~~~~~~~~~~~~~~~~~~~~~~[0m
    'evaluator' is declared here.

[96msrc/lib/hooks/journal-research/__tests__/useEvaluation.test.tsx[0m:[93m133[0m:[93m26[0m - [91merror[0m[90m TS2339: [0mProperty 'mockImplementation' does not exist on type 'UseBoundStore<StoreApi<EvaluationStoreState>>'.

[7m133[0m       useEvaluationStore.mockImplementation(
[7m   [0m [91m                         ~~~~~~~~~~~~~~~~~~[0m

[96msrc/lib/hooks/journal-research/__tests__/useEvaluation.test.tsx[0m:[93m139[0m:[93m8[0m - [91merror[0m[90m TS2322: [0mType '() => { filters: { priorityTiers: string[]; minimumScore: number; maximumScore: number; sortBy: string; sortDirection: string; }; selectedEvaluationId: null; setSelectedEvaluationId: Mock<(id: string | null) => void>; editingEvaluationId: null; setEditingEvaluationId: Mock<...>; isBulkEditMode: boolean; toggleBulkEd...' is not assignable to type '(() => EvaluationStoreState) & (() => { filters: { priorityTiers: string[]; minimumScore: number; maximumScore: number; sortBy: string; sortDirection: string; }; selectedEvaluationId: null; ... 4 more ...; toggleBulkEditMode: Mock<...>; })'.
  Type '() => { filters: { priorityTiers: string[]; minimumScore: number; maximumScore: number; sortBy: string; sortDirection: string; }; selectedEvaluationId: null; setSelectedEvaluationId: Mock<(id: string | null) => void>; editingEvaluationId: null; setEditingEvaluationId: Mock<...>; isBulkEditMode: boolean; toggleBulkEd...' is not assignable to type '() => EvaluationStoreState'.
    Type '{ filters: { priorityTiers: string[]; minimumScore: number; maximumScore: number; sortBy: string; sortDirection: string; }; selectedEvaluationId: null; setSelectedEvaluationId: Mock<(id: string | null) => void>; editingEvaluationId: null; setEditingEvaluationId: Mock<...>; isBulkEditMode: boolean; toggleBulkEditMode...' is missing the following properties from type 'EvaluationStoreState': togglePriorityTier, setScoreRange, setSort, resetFilters

[7m139[0m       ;(
[7m   [0m [91m       ~[0m
[7m140[0m         useEvaluationStore as typeof useEvaluationStore & {
[7m   [0m [91m~~~~~~~~~~~~~~~~~~~~~~~~~~~~~~~~~~~~~~~~~~~~~~~~~~~~~~~~~~~[0m
[7m...[0m 
[7m142[0m         }
[7m   [0m [91m~~~~~~~~~[0m
[7m143[0m       ).getState = () => filteredStoreState
[7m   [0m [91m~~~~~~~~~~~~~~~~[0m

[96msrc/lib/hooks/journal-research/__tests__/useEvaluation.test.tsx[0m:[93m183[0m:[93m54[0m - [91merror[0m[90m TS2345: [0mArgument of type '{ evaluationId: string; sessionId: string; sourceId: string; priorityTier: "high"; overallScore: number; therapeuticRelevance: number; dataStructureQuality: number; trainingIntegration: number; ethicalAccessibility: number; evaluationDate: string; notes: string; }' is not assignable to parameter of type '{ evaluationId: string; sourceId: string; therapeuticRelevance: number; dataStructureQuality: number; trainingIntegration: number; ethicalAccessibility: number; overallScore: number; priorityTier: string; evaluationDate: Date; evaluator: string; }'.
  Property 'evaluator' is missing in type '{ evaluationId: string; sessionId: string; sourceId: string; priorityTier: "high"; overallScore: number; therapeuticRelevance: number; dataStructureQuality: number; trainingIntegration: number; ethicalAccessibility: number; evaluationDate: string; notes: string; }' but required in type '{ evaluationId: string; sourceId: string; therapeuticRelevance: number; dataStructureQuality: number; trainingIntegration: number; ethicalAccessibility: number; overallScore: number; priorityTier: string; evaluationDate: Date; evaluator: string; }'.

[7m183[0m       vi.mocked(api.getEvaluation).mockResolvedValue(mockEvaluation)
[7m   [0m [91m                                                     ~~~~~~~~~~~~~~[0m

  [96msrc/lib/api/journal-research/types.ts[0m:[93m135[0m:[93m5[0m
    [7m135[0m     evaluator: data.evaluator,
    [7m   [0m [96m    ~~~~~~~~~~~~~~~~~~~~~~~~~[0m
    'evaluator' is declared here.

[96msrc/lib/hooks/journal-research/__tests__/useEvaluation.test.tsx[0m:[93m230[0m:[93m59[0m - [91merror[0m[90m TS2345: [0mArgument of type '{ evaluationId: string; sessionId: string; sourceId: string; priorityTier: "high"; overallScore: number; therapeuticRelevance: number; dataStructureQuality: number; trainingIntegration: number; ethicalAccessibility: number; evaluationDate: string; notes: string; }' is not assignable to parameter of type '{ evaluationId: string; sourceId: string; therapeuticRelevance: number; dataStructureQuality: number; trainingIntegration: number; ethicalAccessibility: number; overallScore: number; priorityTier: string; evaluationDate: Date; evaluator: string; }'.
  Property 'evaluator' is missing in type '{ evaluationId: string; sessionId: string; sourceId: string; priorityTier: "high"; overallScore: number; therapeuticRelevance: number; dataStructureQuality: number; trainingIntegration: number; ethicalAccessibility: number; evaluationDate: string; notes: string; }' but required in type '{ evaluationId: string; sourceId: string; therapeuticRelevance: number; dataStructureQuality: number; trainingIntegration: number; ethicalAccessibility: number; overallScore: number; priorityTier: string; evaluationDate: Date; evaluator: string; }'.

[7m230[0m       vi.mocked(api.initiateEvaluation).mockResolvedValue(mockEvaluation)
[7m   [0m [91m                                                          ~~~~~~~~~~~~~~[0m

  [96msrc/lib/api/journal-research/types.ts[0m:[93m135[0m:[93m5[0m
    [7m135[0m     evaluator: data.evaluator,
    [7m   [0m [96m    ~~~~~~~~~~~~~~~~~~~~~~~~~[0m
    'evaluator' is declared here.

[96msrc/lib/hooks/journal-research/__tests__/useEvaluation.test.tsx[0m:[93m233[0m:[93m8[0m - [91merror[0m[90m TS2322: [0mType '() => { setSelectedEvaluationId: Mock<(id: string) => void>; }' is not assignable to type '(() => EvaluationStoreState) & (() => { setSelectedEvaluationId: Mock<(id: string) => void>; })'.
  Type '() => { setSelectedEvaluationId: Mock<(id: string) => void>; }' is not assignable to type '() => EvaluationStoreState'.
    Type '{ setSelectedEvaluationId: Mock<(id: string) => void>; }' is missing the following properties from type 'EvaluationStoreState': selectedEvaluationId, editingEvaluationId, filters, isBulkEditMode, and 6 more.

[7m233[0m       ;(
[7m   [0m [91m       ~[0m
[7m234[0m         useEvaluationStore as typeof useEvaluationStore & {
[7m   [0m [91m~~~~~~~~~~~~~~~~~~~~~~~~~~~~~~~~~~~~~~~~~~~~~~~~~~~~~~~~~~~[0m
[7m...[0m 
[7m238[0m         }
[7m   [0m [91m~~~~~~~~~[0m
[7m239[0m       ).getState = () => ({
[7m   [0m [91m~~~~~~~~~~~~~~~~[0m

[96msrc/lib/hooks/journal-research/__tests__/useEvaluation.test.tsx[0m:[93m278[0m:[93m9[0m - [91merror[0m[90m TS2353: [0mObject literal may only specify known properties, and 'evaluationCriteria' does not exist in type '{ sourceIds?: string[] | undefined; }'.

[7m278[0m         evaluationCriteria: {},
[7m   [0m [91m        ~~~~~~~~~~~~~~~~~~[0m

[96msrc/lib/hooks/journal-research/__tests__/useEvaluation.test.tsx[0m:[93m292[0m:[93m57[0m - [91merror[0m[90m TS2345: [0mArgument of type '{ notes: string; evaluationId: string; sessionId: string; sourceId: string; priorityTier: "high"; overallScore: number; therapeuticRelevance: number; dataStructureQuality: number; trainingIntegration: number; ethicalAccessibility: number; evaluationDate: string; }' is not assignable to parameter of type '{ evaluationId: string; sourceId: string; therapeuticRelevance: number; dataStructureQuality: number; trainingIntegration: number; ethicalAccessibility: number; overallScore: number; priorityTier: string; evaluationDate: Date; evaluator: string; }'.
  Property 'evaluator' is missing in type '{ notes: string; evaluationId: string; sessionId: string; sourceId: string; priorityTier: "high"; overallScore: number; therapeuticRelevance: number; dataStructureQuality: number; trainingIntegration: number; ethicalAccessibility: number; evaluationDate: string; }' but required in type '{ evaluationId: string; sourceId: string; therapeuticRelevance: number; dataStructureQuality: number; trainingIntegration: number; ethicalAccessibility: number; overallScore: number; priorityTier: string; evaluationDate: Date; evaluator: string; }'.

[7m292[0m       vi.mocked(api.updateEvaluation).mockResolvedValue(updatedEvaluation)
[7m   [0m [91m                                                        ~~~~~~~~~~~~~~~~~[0m

  [96msrc/lib/api/journal-research/types.ts[0m:[93m135[0m:[93m5[0m
    [7m135[0m     evaluator: data.evaluator,
    [7m   [0m [96m    ~~~~~~~~~~~~~~~~~~~~~~~~~[0m
    'evaluator' is declared here.

[96msrc/lib/hooks/journal-research/__tests__/useEvaluation.test.tsx[0m:[93m305[0m:[93m55[0m - [91merror[0m[90m TS2559: [0mType '{ notes: string; }' has no properties in common with type '{ therapeuticRelevance?: number | undefined; dataStructureQuality?: number | undefined; trainingIntegration?: number | undefined; ethicalAccessibility?: number | undefined; priorityTier?: string | undefined; }'.

[7m305[0m       result.current.mutate({ evaluationId: 'eval-1', payload })
[7m   [0m [91m                                                      ~~~~~~~[0m

  [96msrc/lib/hooks/journal-research/useEvaluation.ts[0m:[93m156[0m:[93m7[0m
    [7m156[0m       payload: EvaluationUpdatePayload
    [7m   [0m [96m      ~~~~~~~[0m
    The expected type comes from property 'payload' which is declared here on type '{ evaluationId: string; payload: { therapeuticRelevance?: number | undefined; dataStructureQuality?: number | undefined; trainingIntegration?: number | undefined; ethicalAccessibility?: number | undefined; priorityTier?: string | undefined; }; }'

[96msrc/lib/hooks/journal-research/__tests__/useEvaluation.test.tsx[0m:[93m331[0m:[93m20[0m - [91merror[0m[90m TS2353: [0mObject literal may only specify known properties, and 'notes' does not exist in type '{ therapeuticRelevance?: number | undefined; dataStructureQuality?: number | undefined; trainingIntegration?: number | undefined; ethicalAccessibility?: number | undefined; priorityTier?: string | undefined; }'.

[7m331[0m         payload: { notes: 'Updated' },
[7m   [0m [91m                   ~~~~~[0m

  [96msrc/lib/hooks/journal-research/useEvaluation.ts[0m:[93m156[0m:[93m7[0m
    [7m156[0m       payload: EvaluationUpdatePayload
    [7m   [0m [96m      ~~~~~~~[0m
    The expected type comes from property 'payload' which is declared here on type '{ evaluationId: string; payload: { therapeuticRelevance?: number | undefined; dataStructureQuality?: number | undefined; trainingIntegration?: number | undefined; ethicalAccessibility?: number | undefined; priorityTier?: string | undefined; }; }'

[96msrc/lib/hooks/journal-research/__tests__/useEvaluation.test.tsx[0m:[93m353[0m:[93m26[0m - [91merror[0m[90m TS2339: [0mProperty 'mockReturnValue' does not exist on type 'UseBoundStore<StoreApi<EvaluationStoreState>>'.

[7m353[0m       useEvaluationStore.mockReturnValue(mockState)
[7m   [0m [91m                         ~~~~~~~~~~~~~~~[0m

[96msrc/lib/hooks/journal-research/__tests__/useIntegration.test.tsx[0m:[93m87[0m:[93m25[0m - [91merror[0m[90m TS2339: [0mProperty 'mockImplementation' does not exist on type 'UseBoundStore<StoreApi<IntegrationStoreState>>'.

[7m87[0m     useIntegrationStore.mockImplementation(
[7m  [0m [91m                        ~~~~~~~~~~~~~~~~~~[0m

[96msrc/lib/hooks/journal-research/__tests__/useIntegration.test.tsx[0m:[93m91[0m:[93m6[0m - [91merror[0m[90m TS2322: [0mType '() => { setSelectedPlanId: Mock<(id: string | null) => void>; toggleComparePlanId: Mock<(id: string) => void>; clearCompare: Mock<() => void>; filters: { targetFormats: never[]; complexityLevels: never[]; maxEffortHours: null; }; selectedPlanId: null; comparePlanIds: never[]; }' is not assignable to type '(() => IntegrationStoreState) & (() => { setSelectedPlanId: Mock<(id: string | null) => void>; toggleComparePlanId: Mock<(id: string) => void>; clearCompare: Mock<...>; filters: { ...; }; selectedPlanId: null; comparePlanIds: never[]; })'.
  Type '() => { setSelectedPlanId: Mock<(id: string | null) => void>; toggleComparePlanId: Mock<(id: string) => void>; clearCompare: Mock<() => void>; filters: { targetFormats: never[]; complexityLevels: never[]; maxEffortHours: null; }; selectedPlanId: null; comparePlanIds: never[]; }' is not assignable to type '() => IntegrationStoreState'.
    Type '{ setSelectedPlanId: Mock<(id: string | null) => void>; toggleComparePlanId: Mock<(id: string) => void>; clearCompare: Mock<() => void>; filters: { targetFormats: never[]; complexityLevels: never[]; maxEffortHours: null; }; selectedPlanId: null; comparePlanIds: never[]; }' is missing the following properties from type 'IntegrationStoreState': toggleTargetFormat, toggleComplexityLevel, setMaxEffortHours, resetFilters

[7m 91[0m     ;(
[7m   [0m [91m     ~[0m
[7m 92[0m       useIntegrationStore as typeof useIntegrationStore & {
[7m   [0m [91m~~~~~~~~~~~~~~~~~~~~~~~~~~~~~~~~~~~~~~~~~~~~~~~~~~~~~~~~~~~[0m
[7m...[0m 
[7m 94[0m       }
[7m   [0m [91m~~~~~~~[0m
[7m 95[0m     ).getState = () => storeState
[7m   [0m [91m~~~~~~~~~~~~~~[0m

[96msrc/lib/hooks/journal-research/__tests__/useIntegration.test.tsx[0m:[93m101[0m:[93m9[0m - [91merror[0m[90m TS2345: [0mArgument of type '{ items: { planId: string; sessionId: string; targetFormat: "jsonl"; complexity: "medium"; estimatedEffortHours: number; preprocessingSteps: never[]; transformationRules: never[]; qualityChecks: never[]; createdAt: string; }[]; total: number; page: number; pageSize: number; totalPages: number; }' is not assignable to parameter of type '{ items: { planId: string; sourceId: string; complexity: string; targetFormat: string; requiredTransformations: string[]; estimatedEffortHours: number; schemaMapping: Record<string, string>; createdDate: Date; }[]; total: number; page: number; pageSize: number; totalPages: number; }'.
  Types of property 'items' are incompatible.
    Type '{ planId: string; sessionId: string; targetFormat: "jsonl"; complexity: "medium"; estimatedEffortHours: number; preprocessingSteps: never[]; transformationRules: never[]; qualityChecks: never[]; createdAt: string; }[]' is not assignable to type '{ planId: string; sourceId: string; complexity: string; targetFormat: string; requiredTransformations: string[]; estimatedEffortHours: number; schemaMapping: Record<string, string>; createdDate: Date; }[]'.
      Type '{ planId: string; sessionId: string; targetFormat: "jsonl"; complexity: "medium"; estimatedEffortHours: number; preprocessingSteps: never[]; transformationRules: never[]; qualityChecks: never[]; createdAt: string; }' is missing the following properties from type '{ planId: string; sourceId: string; complexity: string; targetFormat: string; requiredTransformations: string[]; estimatedEffortHours: number; schemaMapping: Record<string, string>; createdDate: Date; }': sourceId, requiredTransformations, schemaMapping, createdDate

[7m101[0m         mockIntegrationPlanList,
[7m   [0m [91m        ~~~~~~~~~~~~~~~~~~~~~~~[0m

[96msrc/lib/hooks/journal-research/__tests__/useIntegration.test.tsx[0m:[93m124[0m:[93m9[0m - [91merror[0m[90m TS2345: [0mArgument of type '{ items: { planId: string; sessionId: string; targetFormat: "jsonl"; complexity: "medium"; estimatedEffortHours: number; preprocessingSteps: never[]; transformationRules: never[]; qualityChecks: never[]; createdAt: string; }[]; total: number; page: number; pageSize: number; totalPages: number; }' is not assignable to parameter of type '{ items: { planId: string; sourceId: string; complexity: string; targetFormat: string; requiredTransformations: string[]; estimatedEffortHours: number; schemaMapping: Record<string, string>; createdDate: Date; }[]; total: number; page: number; pageSize: number; totalPages: number; }'.
  Types of property 'items' are incompatible.
    Type '{ planId: string; sessionId: string; targetFormat: "jsonl"; complexity: "medium"; estimatedEffortHours: number; preprocessingSteps: never[]; transformationRules: never[]; qualityChecks: never[]; createdAt: string; }[]' is not assignable to type '{ planId: string; sourceId: string; complexity: string; targetFormat: string; requiredTransformations: string[]; estimatedEffortHours: number; schemaMapping: Record<string, string>; createdDate: Date; }[]'.
      Type '{ planId: string; sessionId: string; targetFormat: "jsonl"; complexity: "medium"; estimatedEffortHours: number; preprocessingSteps: never[]; transformationRules: never[]; qualityChecks: never[]; createdAt: string; }' is missing the following properties from type '{ planId: string; sourceId: string; complexity: string; targetFormat: string; requiredTransformations: string[]; estimatedEffortHours: number; schemaMapping: Record<string, string>; createdDate: Date; }': sourceId, requiredTransformations, schemaMapping, createdDate

[7m124[0m         mockIntegrationPlanList,
[7m   [0m [91m        ~~~~~~~~~~~~~~~~~~~~~~~[0m

[96msrc/lib/hooks/journal-research/__tests__/useIntegration.test.tsx[0m:[93m134[0m:[93m27[0m - [91merror[0m[90m TS2339: [0mProperty 'mockImplementation' does not exist on type 'UseBoundStore<StoreApi<IntegrationStoreState>>'.

[7m134[0m       useIntegrationStore.mockImplementation(
[7m   [0m [91m                          ~~~~~~~~~~~~~~~~~~[0m

[96msrc/lib/hooks/journal-research/__tests__/useIntegration.test.tsx[0m:[93m140[0m:[93m8[0m - [91merror[0m[90m TS2322: [0mType '() => { filters: { targetFormats: string[]; complexityLevels: string[]; maxEffortHours: number; }; selectedPlanId: null; setSelectedPlanId: Mock<(id: string | null) => void>; comparePlanIds: never[]; toggleComparePlanId: Mock<...>; clearCompare: Mock<...>; }' is not assignable to type '(() => IntegrationStoreState) & (() => { filters: { targetFormats: string[]; complexityLevels: string[]; maxEffortHours: number; }; selectedPlanId: null; setSelectedPlanId: Mock<...>; comparePlanIds: never[]; toggleComparePlanId: Mock<...>; clearCompare: Mock<...>; })'.
  Type '() => { filters: { targetFormats: string[]; complexityLevels: string[]; maxEffortHours: number; }; selectedPlanId: null; setSelectedPlanId: Mock<(id: string | null) => void>; comparePlanIds: never[]; toggleComparePlanId: Mock<...>; clearCompare: Mock<...>; }' is not assignable to type '() => IntegrationStoreState'.
    Type '{ filters: { targetFormats: string[]; complexityLevels: string[]; maxEffortHours: number; }; selectedPlanId: null; setSelectedPlanId: Mock<(id: string | null) => void>; comparePlanIds: never[]; toggleComparePlanId: Mock<...>; clearCompare: Mock<...>; }' is missing the following properties from type 'IntegrationStoreState': toggleTargetFormat, toggleComplexityLevel, setMaxEffortHours, resetFilters

[7m140[0m       ;(
[7m   [0m [91m       ~[0m
[7m141[0m         useIntegrationStore as typeof useIntegrationStore & {
[7m   [0m [91m~~~~~~~~~~~~~~~~~~~~~~~~~~~~~~~~~~~~~~~~~~~~~~~~~~~~~~~~~~~~~[0m
[7m...[0m 
[7m143[0m         }
[7m   [0m [91m~~~~~~~~~[0m
[7m144[0m       ).getState = () => filteredStoreState
[7m   [0m [91m~~~~~~~~~~~~~~~~[0m

[96msrc/lib/hooks/journal-research/__tests__/useIntegration.test.tsx[0m:[93m190[0m:[93m59[0m - [91merror[0m[90m TS2345: [0mArgument of type '{ planId: string; sessionId: string; targetFormat: "jsonl"; complexity: "medium"; estimatedEffortHours: number; preprocessingSteps: never[]; transformationRules: never[]; qualityChecks: never[]; createdAt: string; }' is not assignable to parameter of type '{ planId: string; sourceId: string; complexity: string; targetFormat: string; requiredTransformations: string[]; estimatedEffortHours: number; schemaMapping: Record<string, string>; createdDate: Date; }'.
  Type '{ planId: string; sessionId: string; targetFormat: "jsonl"; complexity: "medium"; estimatedEffortHours: number; preprocessingSteps: never[]; transformationRules: never[]; qualityChecks: never[]; createdAt: string; }' is missing the following properties from type '{ planId: string; sourceId: string; complexity: string; targetFormat: string; requiredTransformations: string[]; estimatedEffortHours: number; schemaMapping: Record<string, string>; createdDate: Date; }': sourceId, requiredTransformations, schemaMapping, createdDate

[7m190[0m       vi.mocked(api.getIntegrationPlan).mockResolvedValue(mockIntegrationPlan)
[7m   [0m [91m                                                          ~~~~~~~~~~~~~~~~~~~[0m

[96msrc/lib/hooks/journal-research/__tests__/useIntegration.test.tsx[0m:[93m240[0m:[93m60[0m - [91merror[0m[90m TS2345: [0mArgument of type '{ planId: string; sessionId: string; targetFormat: "jsonl"; complexity: "medium"; estimatedEffortHours: number; preprocessingSteps: never[]; transformationRules: never[]; qualityChecks: never[]; createdAt: string; }' is not assignable to parameter of type '{ planId: string; sourceId: string; complexity: string; targetFormat: string; requiredTransformations: string[]; estimatedEffortHours: number; schemaMapping: Record<string, string>; createdDate: Date; }'.
  Type '{ planId: string; sessionId: string; targetFormat: "jsonl"; complexity: "medium"; estimatedEffortHours: number; preprocessingSteps: never[]; transformationRules: never[]; qualityChecks: never[]; createdAt: string; }' is missing the following properties from type '{ planId: string; sourceId: string; complexity: string; targetFormat: string; requiredTransformations: string[]; estimatedEffortHours: number; schemaMapping: Record<string, string>; createdDate: Date; }': sourceId, requiredTransformations, schemaMapping, createdDate

[7m240[0m       vi.mocked(api.initiateIntegration).mockResolvedValue(mockIntegrationPlan)
[7m   [0m [91m                                                           ~~~~~~~~~~~~~~~~~~~[0m

[96msrc/lib/hooks/journal-research/__tests__/useIntegration.test.tsx[0m:[93m243[0m:[93m8[0m - [91merror[0m[90m TS2322: [0mType '() => { setSelectedPlanId: Mock<(id: string) => void>; }' is not assignable to type '(() => IntegrationStoreState) & (() => { setSelectedPlanId: Mock<(id: string) => void>; })'.
  Type '() => { setSelectedPlanId: Mock<(id: string) => void>; }' is not assignable to type '() => IntegrationStoreState'.
    Type '{ setSelectedPlanId: Mock<(id: string) => void>; }' is missing the following properties from type 'IntegrationStoreState': selectedPlanId, filters, comparePlanIds, toggleComparePlanId, and 5 more.

[7m243[0m       ;(
[7m   [0m [91m       ~[0m
[7m244[0m         useIntegrationStore as typeof useIntegrationStore & {
[7m   [0m [91m~~~~~~~~~~~~~~~~~~~~~~~~~~~~~~~~~~~~~~~~~~~~~~~~~~~~~~~~~~~~~[0m
[7m...[0m 
[7m246[0m         }
[7m   [0m [91m~~~~~~~~~[0m
[7m247[0m       ).getState = () => ({
[7m   [0m [91m~~~~~~~~~~~~~~~~[0m

[96msrc/lib/hooks/journal-research/__tests__/useIntegration.test.tsx[0m:[93m286[0m:[93m9[0m - [91merror[0m[90m TS2353: [0mObject literal may only specify known properties, and 'acquisitionIds' does not exist in type '{ sourceIds?: string[] | undefined; targetFormat?: string | undefined; }'.

[7m286[0m         acquisitionIds: ['acq-1'],
[7m   [0m [91m        ~~~~~~~~~~~~~~[0m

[96msrc/lib/hooks/journal-research/__tests__/useIntegration.test.tsx[0m:[93m309[0m:[93m27[0m - [91merror[0m[90m TS2339: [0mProperty 'mockReturnValue' does not exist on type 'UseBoundStore<StoreApi<IntegrationStoreState>>'.

[7m309[0m       useIntegrationStore.mockReturnValue(mockState)
[7m   [0m [91m                          ~~~~~~~~~~~~~~~[0m

[96msrc/lib/hooks/journal-research/__tests__/useProgress.test.tsx[0m:[93m118[0m:[93m59[0m - [91merror[0m[90m TS2345: [0mArgument of type '{ sessionId: string; sourcesIdentified: number; datasetsEvaluated: number; datasetsAcquired: number; integrationPlansCreated: number; lastUpdated: string; }' is not assignable to parameter of type '{ sourcesIdentified: number; datasetsEvaluated: number; datasetsAcquired: number; integrationPlansCreated: number; lastUpdated: Date | null; }'.
  Types of property 'lastUpdated' are incompatible.
    Type 'string' is not assignable to type 'Date'.

[7m118[0m       vi.mocked(api.getProgressMetrics).mockResolvedValue(mockProgressMetrics)
[7m   [0m [91m                                                          ~~~~~~~~~~~~~~~~~~~[0m

[96msrc/lib/hooks/journal-research/__tests__/useProgress.test.tsx[0m:[93m136[0m:[93m59[0m - [91merror[0m[90m TS2345: [0mArgument of type '{ sessionId: string; sourcesIdentified: number; datasetsEvaluated: number; datasetsAcquired: number; integrationPlansCreated: number; lastUpdated: string; }' is not assignable to parameter of type '{ sourcesIdentified: number; datasetsEvaluated: number; datasetsAcquired: number; integrationPlansCreated: number; lastUpdated: Date | null; }'.
  Types of property 'lastUpdated' are incompatible.
    Type 'string' is not assignable to type 'Date'.

[7m136[0m       vi.mocked(api.getProgressMetrics).mockResolvedValue(mockProgressMetrics)
[7m   [0m [91m                                                          ~~~~~~~~~~~~~~~~~~~[0m

[96msrc/lib/hooks/journal-research/__tests__/useReports.test.tsx[0m:[93m62[0m:[93m52[0m - [91merror[0m[90m TS2345: [0mArgument of type '{ items: { reportId: string; sessionId: string; reportType: "summary"; format: "json"; generatedAt: string; content: { summary: string; metrics: {}; }; }[]; total: number; page: number; pageSize: number; totalPages: number; }' is not assignable to parameter of type '{ items: { reportId: string; sessionId: string; reportType: string; format: string; generatedDate: Date; content: {} | null; filePath: string | null; }[]; total: number; page: number; pageSize: number; totalPages: number; }'.
  Types of property 'items' are incompatible.
    Type '{ reportId: string; sessionId: string; reportType: "summary"; format: "json"; generatedAt: string; content: { summary: string; metrics: {}; }; }[]' is not assignable to type '{ reportId: string; sessionId: string; reportType: string; format: string; generatedDate: Date; content: {} | null; filePath: string | null; }[]'.
      Type '{ reportId: string; sessionId: string; reportType: "summary"; format: "json"; generatedAt: string; content: { summary: string; metrics: {}; }; }' is missing the following properties from type '{ reportId: string; sessionId: string; reportType: string; format: string; generatedDate: Date; content: {} | null; filePath: string | null; }': generatedDate, filePath

[7m62[0m       vi.mocked(api.listReports).mockResolvedValue(mockReportList)
[7m  [0m [91m                                                   ~~~~~~~~~~~~~~[0m

[96msrc/lib/hooks/journal-research/__tests__/useReports.test.tsx[0m:[93m106[0m:[93m50[0m - [91merror[0m[90m TS2345: [0mArgument of type '{ reportId: string; sessionId: string; reportType: "summary"; format: "json"; generatedAt: string; content: { summary: string; metrics: {}; }; }' is not assignable to parameter of type '{ reportId: string; sessionId: string; reportType: string; format: string; generatedDate: Date; content: {} | null; filePath: string | null; }'.
  Type '{ reportId: string; sessionId: string; reportType: "summary"; format: "json"; generatedAt: string; content: { summary: string; metrics: {}; }; }' is missing the following properties from type '{ reportId: string; sessionId: string; reportType: string; format: string; generatedDate: Date; content: {} | null; filePath: string | null; }': generatedDate, filePath

[7m106[0m       vi.mocked(api.getReport).mockResolvedValue(mockReport)
[7m   [0m [91m                                                 ~~~~~~~~~~[0m

[96msrc/lib/hooks/journal-research/__tests__/useReports.test.tsx[0m:[93m153[0m:[93m55[0m - [91merror[0m[90m TS2345: [0mArgument of type '{ reportId: string; sessionId: string; reportType: "summary"; format: "json"; generatedAt: string; content: { summary: string; metrics: {}; }; }' is not assignable to parameter of type '{ reportId: string; sessionId: string; reportType: string; format: string; generatedDate: Date; content: {} | null; filePath: string | null; }'.
  Type '{ reportId: string; sessionId: string; reportType: "summary"; format: "json"; generatedAt: string; content: { summary: string; metrics: {}; }; }' is missing the following properties from type '{ reportId: string; sessionId: string; reportType: string; format: string; generatedDate: Date; content: {} | null; filePath: string | null; }': generatedDate, filePath

[7m153[0m       vi.mocked(api.generateReport).mockResolvedValue(mockReport)
[7m   [0m [91m                                                      ~~~~~~~~~~[0m

[96msrc/lib/hooks/journal-research/__tests__/useSession.test.tsx[0m:[93m11[0m:[93m3[0m - [91merror[0m[90m TS2305: [0mModule '"@/lib/api/journal-research"' has no exported member 'JournalSession'.

[7m11[0m   JournalSession,
[7m  [0m [91m  ~~~~~~~~~~~~~~[0m

[96msrc/lib/hooks/journal-research/__tests__/useSession.test.tsx[0m:[93m12[0m:[93m3[0m - [91merror[0m[90m TS2305: [0mModule '"@/lib/api/journal-research"' has no exported member 'JournalSessionList'.

[7m12[0m   JournalSessionList,
[7m  [0m [91m  ~~~~~~~~~~~~~~~~~~[0m

[96msrc/lib/hooks/journal-research/__tests__/useSession.test.tsx[0m:[93m73[0m:[93m6[0m - [91merror[0m[90m TS2322: [0mType '() => { openCreateDrawer: Mock<Procedure>; closeCreateDrawer: Mock<Procedure>; setSelectedSessionId: Mock<(id: string | null) => void>; selectedSessionId: string | null; filters: { ...; }; }' is not assignable to type '(() => SessionStoreState) & (() => { openCreateDrawer: Mock<Procedure>; closeCreateDrawer: Mock<Procedure>; setSelectedSessionId: Mock<...>; selectedSessionId: string | null; filters: { ...; }; })'.
  Type '() => { openCreateDrawer: Mock<Procedure>; closeCreateDrawer: Mock<Procedure>; setSelectedSessionId: Mock<(id: string | null) => void>; selectedSessionId: string | null; filters: { ...; }; }' is not assignable to type '() => SessionStoreState'.
    Type '{ openCreateDrawer: Mock<Procedure>; closeCreateDrawer: Mock<Procedure>; setSelectedSessionId: Mock<(id: string | null) => void>; selectedSessionId: string | null; filters: { ...; }; }' is missing the following properties from type 'SessionStoreState': isCreateDrawerOpen, togglePhaseFilter, setSearchTerm, resetFilters

[7m 73[0m     ;(
[7m   [0m [91m     ~[0m
[7m 74[0m       useJournalSessionStore as typeof useJournalSessionStore & {
[7m   [0m [91m~~~~~~~~~~~~~~~~~~~~~~~~~~~~~~~~~~~~~~~~~~~~~~~~~~~~~~~~~~~~~~~~~[0m
[7m...[0m 
[7m 76[0m       }
[7m   [0m [91m~~~~~~~[0m
[7m 77[0m     ).getState = () => storeState
[7m   [0m [91m~~~~~~~~~~~~~~[0m

[96msrc/lib/hooks/journal-research/__tests__/useSession.test.tsx[0m:[93m108[0m:[93m8[0m - [91merror[0m[90m TS2322: [0mType '() => { filters: { searchTerm: string; phases: string[]; }; selectedSessionId: string | null; openCreateDrawer: Mock<Procedure>; closeCreateDrawer: Mock<Procedure>; setSelectedSessionId: Mock<...>; }' is not assignable to type '(() => SessionStoreState) & (() => { filters: { searchTerm: string; phases: string[]; }; selectedSessionId: string | null; openCreateDrawer: Mock<Procedure>; closeCreateDrawer: Mock<...>; setSelectedSessionId: Mock<...>; })'.
  Type '() => { filters: { searchTerm: string; phases: string[]; }; selectedSessionId: string | null; openCreateDrawer: Mock<Procedure>; closeCreateDrawer: Mock<Procedure>; setSelectedSessionId: Mock<...>; }' is not assignable to type '() => SessionStoreState'.
    Type '{ filters: { searchTerm: string; phases: string[]; }; selectedSessionId: string | null; openCreateDrawer: Mock<Procedure>; closeCreateDrawer: Mock<Procedure>; setSelectedSessionId: Mock<...>; }' is missing the following properties from type 'SessionStoreState': isCreateDrawerOpen, togglePhaseFilter, setSearchTerm, resetFilters

[7m108[0m       ;(
[7m   [0m [91m       ~[0m
[7m109[0m         useJournalSessionStore as typeof useJournalSessionStore & {
[7m   [0m [91m~~~~~~~~~~~~~~~~~~~~~~~~~~~~~~~~~~~~~~~~~~~~~~~~~~~~~~~~~~~~~~~~~~~[0m
[7m...[0m 
[7m111[0m         }
[7m   [0m [91m~~~~~~~~~[0m
[7m112[0m       ).getState = () => filteredStoreState
[7m   [0m [91m~~~~~~~~~~~~~~~~[0m

[96msrc/lib/hooks/journal-research/__tests__/useSession.test.tsx[0m:[93m201[0m:[93m8[0m - [91merror[0m[90m TS2322: [0mType '() => { setSelectedSessionId: Mock<(id: string | null) => void>; closeCreateDrawer: Mock<() => void>; }' is not assignable to type '(() => SessionStoreState) & (() => { setSelectedSessionId: Mock<(id: string | null) => void>; closeCreateDrawer: Mock<() => void>; })'.
  Type '() => { setSelectedSessionId: Mock<(id: string | null) => void>; closeCreateDrawer: Mock<() => void>; }' is not assignable to type '() => SessionStoreState'.
    Type '{ setSelectedSessionId: Mock<(id: string | null) => void>; closeCreateDrawer: Mock<() => void>; }' is missing the following properties from type 'SessionStoreState': selectedSessionId, filters, isCreateDrawerOpen, togglePhaseFilter, and 3 more.

[7m201[0m       ;(
[7m   [0m [91m       ~[0m
[7m202[0m         useJournalSessionStore as typeof useJournalSessionStore & {
[7m   [0m [91m~~~~~~~~~~~~~~~~~~~~~~~~~~~~~~~~~~~~~~~~~~~~~~~~~~~~~~~~~~~~~~~~~~~[0m
[7m...[0m 
[7m207[0m         }
[7m   [0m [91m~~~~~~~~~[0m
[7m208[0m       ).getState = () => ({
[7m   [0m [91m~~~~~~~~~~~~~~~~[0m

[96msrc/lib/hooks/journal-research/__tests__/useSession.test.tsx[0m:[93m261[0m:[93m8[0m - [91merror[0m[90m TS2322: [0mType '() => { selectedSessionId: string; setSelectedSessionId: Mock<(id: string | null) => void>; }' is not assignable to type '(() => SessionStoreState) & (() => { selectedSessionId: string; setSelectedSessionId: Mock<(id: string | null) => void>; })'.
  Type '() => { selectedSessionId: string; setSelectedSessionId: Mock<(id: string | null) => void>; }' is not assignable to type '() => SessionStoreState'.
    Type '{ selectedSessionId: string; setSelectedSessionId: Mock<(id: string | null) => void>; }' is missing the following properties from type 'SessionStoreState': filters, isCreateDrawerOpen, togglePhaseFilter, setSearchTerm, and 3 more.

[7m261[0m       ;(
[7m   [0m [91m       ~[0m
[7m262[0m         useJournalSessionStore as typeof useJournalSessionStore & {
[7m   [0m [91m~~~~~~~~~~~~~~~~~~~~~~~~~~~~~~~~~~~~~~~~~~~~~~~~~~~~~~~~~~~~~~~~~~~[0m
[7m...[0m 
[7m267[0m         }
[7m   [0m [91m~~~~~~~~~[0m
[7m268[0m       ).getState = () => ({
[7m   [0m [91m~~~~~~~~~~~~~~~~[0m

[96msrc/lib/hooks/journal-research/__tests__/useSession.test.tsx[0m:[93m291[0m:[93m8[0m - [91merror[0m[90m TS2322: [0mType '() => { selectedSessionId: string; setSelectedSessionId: Mock<(id: string | null) => void>; }' is not assignable to type '(() => SessionStoreState) & (() => { selectedSessionId: string; setSelectedSessionId: Mock<(id: string | null) => void>; })'.
  Type '() => { selectedSessionId: string; setSelectedSessionId: Mock<(id: string | null) => void>; }' is not assignable to type '() => SessionStoreState'.
    Type '{ selectedSessionId: string; setSelectedSessionId: Mock<(id: string | null) => void>; }' is missing the following properties from type 'SessionStoreState': filters, isCreateDrawerOpen, togglePhaseFilter, setSearchTerm, and 3 more.

[7m291[0m       ;(
[7m   [0m [91m       ~[0m
[7m292[0m         useJournalSessionStore as typeof useJournalSessionStore & {
[7m   [0m [91m~~~~~~~~~~~~~~~~~~~~~~~~~~~~~~~~~~~~~~~~~~~~~~~~~~~~~~~~~~~~~~~~~~~[0m
[7m...[0m 
[7m297[0m         }
[7m   [0m [91m~~~~~~~~~[0m
[7m298[0m       ).getState = () => ({
[7m   [0m [91m~~~~~~~~~~~~~~~~[0m

[96msrc/lib/hooks/journal-research/useWebSocket.ts[0m:[93m263[0m:[93m13[0m - [91merror[0m[90m TS2322: [0mType 'string | ArrayBuffer | SharedArrayBuffer' is not assignable to type 'string | ArrayBuffer'.
  Type 'SharedArrayBuffer' is not assignable to type 'string | ArrayBuffer'.
    Type 'SharedArrayBuffer' is missing the following properties from type 'ArrayBuffer': resizable, resize, detached, transfer, transferToFixedLength

[7m263[0m       const payload: string | ArrayBuffer = (() => {
[7m   [0m [91m            ~~~~~~~[0m

[96msrc/lib/hooks/use-bias-audit.ts[0m:[93m23[0m:[93m8[0m - [91merror[0m[90m TS6133: [0m'BiasAuditServiceConfig' is declared but its value is never read.

[7m23[0m   type BiasAuditServiceConfig,
[7m  [0m [91m       ~~~~~~~~~~~~~~~~~~~~~~[0m

[96msrc/lib/hooks/use-bias-audit.ts[0m:[93m317[0m:[93m30[0m - [91merror[0m[90m TS2532: [0mObject is possibly 'undefined'.

[7m317[0m         setSelectedDatasetId(results[0].datasetId)
[7m   [0m [91m                             ~~~~~~~~~~[0m

[96msrc/lib/hooks/use-bias-audit.ts[0m:[93m318[0m:[93m28[0m - [91merror[0m[90m TS2532: [0mObject is possibly 'undefined'.

[7m318[0m         setSelectedAuditId(results[0].auditId)
[7m   [0m [91m                           ~~~~~~~~~~[0m

[96msrc/lib/jobs/queue.ts[0m:[93m118[0m:[93m11[0m - [91merror[0m[90m TS2322: [0mType 'unknown' is not assignable to type 'Job<unknown>'.

[7m118[0m     const job: Job = JSON.parse(jobString[0].value) as unknown
[7m   [0m [91m          ~~~[0m

[96msrc/lib/jobs/queue.ts[0m:[93m146[0m:[93m9[0m - [91merror[0m[90m TS2698: [0mSpread types may only be created from object types.

[7m146[0m         ...(JSON.parse(currentJobString) as unknown),
[7m   [0m [91m        ~~~~~~~~~~~~~~~~~~~~~~~~~~~~~~~~~~~~~~~~~~~~[0m

[96msrc/lib/jobs/queue.ts[0m:[93m209[0m:[93m25[0m - [91merror[0m[90m TS2322: [0mType 'unknown' is not assignable to type 'Job<unknown> | null'.

[7m209[0m     return jobString ? (JSON.parse(jobString) as unknown) : null
[7m   [0m [91m                        ~~~~~~~~~~~~~~~~~~~~~~~~~~~~~~~~[0m

[96msrc/lib/jobs/queue.ts[0m:[93m248[0m:[93m36[0m - [91merror[0m[90m TS2693: [0m'unknown' only refers to a type, but is being used as a value here.

[7m248[0m             (JSON.parse(jobStr) as unknown.status) === JobStatus.CANCELLED,
[7m   [0m [91m                                   ~~~~~~~[0m

[96msrc/lib/jobs/queue.ts[0m:[93m254[0m:[93m5[0m - [91merror[0m[90m TS2322: [0mType 'unknown[]' is not assignable to type 'Job<unknown>[]'.
  Type 'unknown' is not assignable to type 'Job<unknown>'.

[7m254[0m     return jobStrings.map((jobString) => JSON.parse(jobString) as unknown)
[7m   [0m [91m    ~~~~~~[0m

[96msrc/lib/jobs/queue.ts[0m:[93m266[0m:[93m34[0m - [91merror[0m[90m TS2345: [0mArgument of type 'string | RedisZSetMember' is not assignable to parameter of type 'string'.
  Type 'RedisZSetMember' is not assignable to type 'string'.

[7m266[0m           const job = JSON.parse(jobStr) as unknown as Job
[7m   [0m [91m                                 ~~~~~~[0m

[96msrc/lib/jobs/queue.ts[0m:[93m285[0m:[93m38[0m - [91merror[0m[90m TS2693: [0m'unknown' only refers to a type, but is being used as a value here.

[7m285[0m               (JSON.parse(jobStr) as unknown.status) === JobStatus.CANCELLED,
[7m   [0m [91m                                     ~~~~~~~[0m

[96msrc/lib/jobs/queue.ts[0m:[93m287[0m:[93m58[0m - [91merror[0m[90m TS2693: [0m'unknown' only refers to a type, but is being used as a value here.

[7m287[0m           .map((jobStr: string) => JSON.parse(jobStr) as unknown.id)
[7m   [0m [91m                                                         ~~~~~~~[0m

[96msrc/lib/jobs/worker.ts[0m:[93m156[0m:[93m47[0m - [91merror[0m[90m TS2551: [0mProperty 'analyzeSessionsBatch' does not exist on type 'BiasDetectionEngine'. Did you mean 'analyzeSession'?

[7m156[0m           results = await biasDetectionEngine.analyzeSessionsBatch(
[7m   [0m [91m                                              ~~~~~~~~~~~~~~~~~~~~[0m

  [96msrc/lib/ai/bias-detection/BiasDetectionEngine.ts[0m:[93m470[0m:[93m9[0m
    [7m470[0m   async analyzeSession(session: SessionData): Promise<AnalysisResult> {
    [7m   [0m [96m        ~~~~~~~~~~~~~~[0m
    'analyzeSession' is declared here.

[96msrc/lib/jobs/worker.ts[0m:[93m204[0m:[93m13[0m - [91merror[0m[90m TS2345: [0mArgument of type '{ format: "json" | "csv" | "pdf" | undefined; includeDetails: boolean; groupBy?: string; filters?: Record<string, unknown>; }' is not assignable to parameter of type '{ format?: "json" | "csv" | undefined; }'.
  Types of property 'format' are incompatible.
    Type '"json" | "csv" | "pdf" | undefined' is not assignable to type '"json" | "csv" | undefined'.
      Type '"pdf"' is not assignable to type '"json" | "csv" | undefined'.

[7m204[0m             safeOptions,
[7m   [0m [91m            ~~~~~~~~~~~[0m

[96msrc/lib/logging/performance-logger.ts[0m:[93m110[0m:[93m23[0m - [91merror[0m[90m TS2532: [0mObject is possibly 'undefined'.

[7m110[0m           fileDate >= timeRange['start'].toISOString().split('T')[0] &&
[7m   [0m [91m                      ~~~~~~~~~~~~~~~~~~~~~~~~~~~~~~~~~~~~~~~~~~~~~~[0m

[96msrc/lib/logging/performance-logger.ts[0m:[93m111[0m:[93m23[0m - [91merror[0m[90m TS2532: [0mObject is possibly 'undefined'.

[7m111[0m           fileDate <= timeRange['end'].toISOString().split('T')[0]
[7m   [0m [91m                      ~~~~~~~~~~~~~~~~~~~~~~~~~~~~~~~~~~~~~~~~~~~~[0m

[96msrc/lib/memory/__tests__/emotion-classifier.test.ts[0m:[93m12[0m:[93m8[0m - [91merror[0m[90m TS6133: [0m'EmotionClassificationResult' is declared but its value is never read.

[7m12[0m   type EmotionClassificationResult,
[7m  [0m [91m       ~~~~~~~~~~~~~~~~~~~~~~~~~~~[0m

[96msrc/lib/memory/__tests__/emotion-classifier.test.ts[0m:[93m13[0m:[93m8[0m - [91merror[0m[90m TS6133: [0m'EmotionTrajectory' is declared but its value is never read.

[7m13[0m   type EmotionTrajectory,
[7m  [0m [91m       ~~~~~~~~~~~~~~~~~[0m

[96msrc/lib/memory/__tests__/emotion-classifier.test.ts[0m:[93m83[0m:[93m33[0m - [91merror[0m[90m TS2554: [0mExpected 0 arguments, but got 1.

[7m83[0m     clf = new EmotionClassifier('lexicon')
[7m  [0m [91m                                ~~~~~~~~~[0m

[96msrc/lib/memory/__tests__/emotion-classifier.test.ts[0m:[93m174[0m:[93m33[0m - [91merror[0m[90m TS2554: [0mExpected 0 arguments, but got 1.

[7m174[0m     clf = new EmotionClassifier('lexicon')
[7m   [0m [91m                                ~~~~~~~~~[0m

[96msrc/lib/memory/__tests__/gates.test.ts[0m:[93m71[0m:[93m19[0m - [91merror[0m[90m TS4111: [0mProperty 'typesFound' comes from an index signature, so it must be accessed with ['typesFound'].

[7m71[0m     expect(report.typesFound).toContain('email')
[7m  [0m [91m                  ~~~~~~~~~~[0m

[96msrc/lib/memory/__tests__/importance-scorer.test.ts[0m:[93m217[0m:[93m13[0m - [91merror[0m[90m TS6133: [0m'm' is declared but its value is never read.

[7m217[0m       const m = makeMemory()
[7m   [0m [91m            ~[0m

[96msrc/lib/memory/__tests__/memory-api-client.test.ts[0m:[93m6[0m:[93m32[0m - [91merror[0m[90m TS6133: [0m'vi' is declared but its value is never read.

[7m6[0m import { describe, it, expect, vi } from 'vitest'
[7m [0m [91m                               ~~[0m

[96msrc/lib/memory/__tests__/memory-api-client.test.ts[0m:[93m12[0m:[93m23[0m - [91merror[0m[90m TS2694: [0mNamespace 'global.jest' has no exported member 'Mock'.

[7m12[0m type MockFetch = jest.Mock<Promise<Response>, [RequestInfo, RequestInit?]>
[7m  [0m [91m                      ~~~~[0m

[96msrc/lib/memory/__tests__/memory-api-client.test.ts[0m:[93m47[0m:[93m23[0m - [91merror[0m[90m TS2708: [0mCannot use namespace 'jest' as a value.

[7m47[0m     const mockFetch = jest.fn().mockResolvedValue(
[7m  [0m [91m                      ~~~~[0m

[96msrc/lib/memory/__tests__/memory-api-client.test.ts[0m:[93m94[0m:[93m23[0m - [91merror[0m[90m TS2708: [0mCannot use namespace 'jest' as a value.

[7m94[0m     const mockFetch = jest
[7m  [0m [91m                      ~~~~[0m

[96msrc/lib/memory/__tests__/memory-api-client.test.ts[0m:[93m117[0m:[93m23[0m - [91merror[0m[90m TS2708: [0mCannot use namespace 'jest' as a value.

[7m117[0m     const mockFetch = jest.fn().mockResolvedValue(mockJsonResponse([]))
[7m   [0m [91m                      ~~~~[0m

[96msrc/lib/memory/__tests__/memory-api-client.test.ts[0m:[93m138[0m:[93m23[0m - [91merror[0m[90m TS2708: [0mCannot use namespace 'jest' as a value.

[7m138[0m     const mockFetch = jest.fn().mockResolvedValue(mockJsonResponse([]))
[7m   [0m [91m                      ~~~~[0m

[96msrc/lib/memory/__tests__/memory-api-client.test.ts[0m:[93m176[0m:[93m23[0m - [91merror[0m[90m TS2708: [0mCannot use namespace 'jest' as a value.

[7m176[0m     const mockFetch = jest.fn().mockResolvedValue(mockJsonResponse(mockBlock))
[7m   [0m [91m                      ~~~~[0m

[96msrc/lib/memory/__tests__/memory-api-client.test.ts[0m:[93m193[0m:[93m23[0m - [91merror[0m[90m TS2708: [0mCannot use namespace 'jest' as a value.

[7m193[0m     const mockFetch = jest.fn().mockResolvedValue(mockNoContent())
[7m   [0m [91m                      ~~~~[0m

[96msrc/lib/memory/__tests__/memory-api-client.test.ts[0m:[93m203[0m:[93m23[0m - [91merror[0m[90m TS2708: [0mCannot use namespace 'jest' as a value.

[7m203[0m     const mockFetch = jest
[7m   [0m [91m                      ~~~~[0m

[96msrc/lib/memory/__tests__/memory-api-client.test.ts[0m:[93m234[0m:[93m23[0m - [91merror[0m[90m TS2708: [0mCannot use namespace 'jest' as a value.

[7m234[0m     const mockFetch = jest.fn().mockResolvedValue(mockJsonResponse(mockScore))
[7m   [0m [91m                      ~~~~[0m

[96msrc/lib/memory/__tests__/memory-api-client.test.ts[0m:[93m240[0m:[93m30[0m - [91merror[0m[90m TS4111: [0mProperty 'recency' comes from an index signature, so it must be accessed with ['recency'].

[7m240[0m     expect(result.components.recency).toBe(0.85)
[7m   [0m [91m                             ~~~~~~~[0m

[96msrc/lib/memory/__tests__/memory-api-client.test.ts[0m:[93m260[0m:[93m23[0m - [91merror[0m[90m TS2708: [0mCannot use namespace 'jest' as a value.

[7m260[0m     const mockFetch = jest.fn().mockResolvedValue(mockJsonResponse(mockTraj))
[7m   [0m [91m                      ~~~~[0m

[96msrc/lib/memory/consolidation/dedup.ts[0m:[93m27[0m:[93m11[0m - [91merror[0m[90m TS6133: [0m'vocabulary' is declared but its value is never read.

[7m27[0m   private vocabulary: string[] = []
[7m  [0m [91m          ~~~~~~~~~~[0m

[96msrc/lib/memory/consolidation/dedup.ts[0m:[93m62[0m:[93m33[0m - [91merror[0m[90m TS2345: [0mArgument of type 'Map<string, number> | undefined' is not assignable to parameter of type 'Map<string, number>'.
  Type 'undefined' is not assignable to type 'Map<string, number>'.

[7m62[0m         const sim = this.cosine(vectors[i], vectors[j])
[7m  [0m [91m                                ~~~~~~~~~~[0m

[96msrc/lib/memory/consolidation/dedup.ts[0m:[93m72[0m:[93m11[0m - [91merror[0m[90m TS18048: [0m'b' is possibly 'undefined'.

[7m72[0m           b.importance.raw > a.importance.raw ? b : a,
[7m  [0m [91m          ~[0m

[96msrc/lib/memory/consolidation/dedup.ts[0m:[93m72[0m:[93m30[0m - [91merror[0m[90m TS18048: [0m'a' is possibly 'undefined'.

[7m72[0m           b.importance.raw > a.importance.raw ? b : a,
[7m  [0m [91m                             ~[0m

[96msrc/lib/memory/consolidation/dedup.ts[0m:[93m76[0m:[93m11[0m - [91merror[0m[90m TS2322: [0mType '(MemoryBlock | undefined)[]' is not assignable to type 'MemoryBlock[]'.
  Type 'MemoryBlock | undefined' is not assignable to type 'MemoryBlock'.
    Type 'undefined' is not assignable to type 'MemoryBlock'.

[7m76[0m           members: clusterMembers,
[7m  [0m [91m          ~~~~~~~[0m

  [96msrc/lib/memory/consolidation/dedup.ts[0m:[93m8[0m:[93m3[0m
    [7m8[0m   members: MemoryBlock[]
    [7m [0m [96m  ~~~~~~~[0m
    The expected type comes from property 'members' which is declared here on type 'DedupCluster'

[96msrc/lib/memory/consolidation/dedup.ts[0m:[93m77[0m:[93m11[0m - [91merror[0m[90m TS2322: [0mType 'MemoryBlock | undefined' is not assignable to type 'MemoryBlock'.
  Type 'undefined' is not assignable to type 'MemoryBlock'.

[7m77[0m           representative: rep,
[7m  [0m [91m          ~~~~~~~~~~~~~~[0m

  [96msrc/lib/memory/consolidation/dedup.ts[0m:[93m9[0m:[93m3[0m
    [7m9[0m   representative: MemoryBlock
    [7m [0m [96m  ~~~~~~~~~~~~~~[0m
    The expected type comes from property 'representative' which is declared here on type 'DedupCluster'

[96msrc/lib/memory/consolidation/dedup.ts[0m:[93m79[0m:[93m49[0m - [91merror[0m[90m TS18048: [0m'm' is possibly 'undefined'.

[7m79[0m           provenance: clusterMembers.map((m) => m.id),
[7m  [0m [91m                                                ~[0m

[96msrc/lib/memory/consolidation/dedup.ts[0m:[93m81[0m:[93m39[0m - [91merror[0m[90m TS2345: [0mArgument of type 'DedupCluster | undefined' is not assignable to parameter of type 'DedupCluster'.
  Type 'undefined' is not assignable to type 'DedupCluster'.

[7m81[0m         unique.push(this.mergeCluster(clusters[clusters.length - 1]))
[7m  [0m [91m                                      ~~~~~~~~~~~~~~~~~~~~~~~~~~~~~[0m

[96msrc/lib/memory/consolidation/dedup.ts[0m:[93m83[0m:[93m21[0m - [91merror[0m[90m TS2345: [0mArgument of type 'MemoryBlock | undefined' is not assignable to parameter of type 'MemoryBlock'.
  Type 'undefined' is not assignable to type 'MemoryBlock'.

[7m83[0m         unique.push(memories[i])
[7m  [0m [91m                    ~~~~~~~~~~~[0m

[96msrc/lib/memory/consolidation/forgetting.ts[0m:[93m2[0m:[93m23[0m - [91merror[0m[90m TS6133: [0m'ConsolidationPhase' is declared but its value is never read.

[7m2[0m import { MemoryBlock, ConsolidationPhase } from '../../../types/memory'
[7m [0m [91m                      ~~~~~~~~~~~~~~~~~~[0m

[96msrc/lib/memory/consolidation/index.ts[0m:[93m3[0m:[93m3[0m - [91merror[0m[90m TS1205: [0mRe-exporting a type when 'isolatedModules' is enabled requires using 'export type'.

[7m3[0m   MemoryCatalog,
[7m [0m [91m  ~~~~~~~~~~~~~[0m

[96msrc/lib/memory/consolidation/index.ts[0m:[93m4[0m:[93m3[0m - [91merror[0m[90m TS1205: [0mRe-exporting a type when 'isolatedModules' is enabled requires using 'export type'.

[7m4[0m   InventoryGroup,
[7m [0m [91m  ~~~~~~~~~~~~~~[0m

[96msrc/lib/memory/consolidation/index.ts[0m:[93m6[0m:[93m32[0m - [91merror[0m[90m TS1205: [0mRe-exporting a type when 'isolatedModules' is enabled requires using 'export type'.

[7m6[0m export { SemanticDeduplicator, DedupCluster, DedupResult } from './dedup'
[7m [0m [91m                               ~~~~~~~~~~~~[0m

[96msrc/lib/memory/consolidation/index.ts[0m:[93m6[0m:[93m46[0m - [91merror[0m[90m TS1205: [0mRe-exporting a type when 'isolatedModules' is enabled requires using 'export type'.

[7m6[0m export { SemanticDeduplicator, DedupCluster, DedupResult } from './dedup'
[7m [0m [91m                                             ~~~~~~~~~~~[0m

[96msrc/lib/memory/consolidation/index.ts[0m:[93m7[0m:[93m29[0m - [91merror[0m[90m TS1205: [0mRe-exporting a type when 'isolatedModules' is enabled requires using 'export type'.

[7m7[0m export { RemDreamScheduler, CrossLink, Schema, DreamResult } from './rem-dream'
[7m [0m [91m                            ~~~~~~~~~[0m

[96msrc/lib/memory/consolidation/index.ts[0m:[93m7[0m:[93m40[0m - [91merror[0m[90m TS1205: [0mRe-exporting a type when 'isolatedModules' is enabled requires using 'export type'.

[7m7[0m export { RemDreamScheduler, CrossLink, Schema, DreamResult } from './rem-dream'
[7m [0m [91m                                       ~~~~~~[0m

[96msrc/lib/memory/consolidation/index.ts[0m:[93m7[0m:[93m48[0m - [91merror[0m[90m TS1205: [0mRe-exporting a type when 'isolatedModules' is enabled requires using 'export type'.

[7m7[0m export { RemDreamScheduler, CrossLink, Schema, DreamResult } from './rem-dream'
[7m [0m [91m                                               ~~~~~~~~~~~[0m

[96msrc/lib/memory/consolidation/index.ts[0m:[93m11[0m:[93m3[0m - [91merror[0m[90m TS1205: [0mRe-exporting a type when 'isolatedModules' is enabled requires using 'export type'.

[7m11[0m   ForgetDecision,
[7m  [0m [91m  ~~~~~~~~~~~~~~[0m

[96msrc/lib/memory/consolidation/index.ts[0m:[93m12[0m:[93m3[0m - [91merror[0m[90m TS1205: [0mRe-exporting a type when 'isolatedModules' is enabled requires using 'export type'.

[7m12[0m   ForgettingConfig,
[7m  [0m [91m  ~~~~~~~~~~~~~~~~[0m

[96msrc/lib/memory/consolidation/index.ts[0m:[93m17[0m:[93m3[0m - [91merror[0m[90m TS1205: [0mRe-exporting a type when 'isolatedModules' is enabled requires using 'export type'.

[7m17[0m   TriggerEvent,
[7m  [0m [91m  ~~~~~~~~~~~~[0m

[96msrc/lib/memory/consolidation/index.ts[0m:[93m18[0m:[93m3[0m - [91merror[0m[90m TS1205: [0mRe-exporting a type when 'isolatedModules' is enabled requires using 'export type'.

[7m18[0m   TriggerConfig,
[7m  [0m [91m  ~~~~~~~~~~~~~[0m

[96msrc/lib/memory/consolidation/memory-inventory.test.ts[0m:[93m1[0m:[93m23[0m - [91merror[0m[90m TS6133: [0m'ConsolidationPhase' is declared but its value is never read.

[7m1[0m import { MemoryBlock, ConsolidationPhase } from '../../../types/memory'
[7m [0m [91m                      ~~~~~~~~~~~~~~~~~~[0m

[96msrc/lib/memory/consolidation/memory-inventory.test.ts[0m:[93m92[0m:[93m12[0m - [91merror[0m[90m TS2532: [0mObject is possibly 'undefined'.

[7m92[0m     expect(catalog.byImportance[0].id).toBe('high')
[7m  [0m [91m           ~~~~~~~~~~~~~~~~~~~~~~~[0m

[96msrc/lib/memory/consolidation/memory-inventory.test.ts[0m:[93m93[0m:[93m12[0m - [91merror[0m[90m TS2532: [0mObject is possibly 'undefined'.

[7m93[0m     expect(catalog.byImportance[1].id).toBe('mid')
[7m  [0m [91m           ~~~~~~~~~~~~~~~~~~~~~~~[0m

[96msrc/lib/memory/consolidation/memory-inventory.test.ts[0m:[93m94[0m:[93m12[0m - [91merror[0m[90m TS2532: [0mObject is possibly 'undefined'.

[7m94[0m     expect(catalog.byImportance[2].id).toBe('low')
[7m  [0m [91m           ~~~~~~~~~~~~~~~~~~~~~~~[0m

[96msrc/lib/memory/consolidation/memory-inventory.test.ts[0m:[93m103[0m:[93m12[0m - [91merror[0m[90m TS2532: [0mObject is possibly 'undefined'.

[7m103[0m     expect(catalog.bySession['sess_a'].count).toBe(2)
[7m   [0m [91m           ~~~~~~~~~~~~~~~~~~~~~~~~~~~[0m

[96msrc/lib/memory/consolidation/memory-inventory.test.ts[0m:[93m104[0m:[93m12[0m - [91merror[0m[90m TS2532: [0mObject is possibly 'undefined'.

[7m104[0m     expect(catalog.bySession['sess_b'].count).toBe(1)
[7m   [0m [91m           ~~~~~~~~~~~~~~~~~~~~~~~~~~~[0m

[96msrc/lib/memory/consolidation/memory-inventory.test.ts[0m:[93m119[0m:[93m12[0m - [91merror[0m[90m TS2532: [0mObject is possibly 'undefined'.

[7m119[0m     expect(catalog.byValence['negative'].count).toBe(1)
[7m   [0m [91m           ~~~~~~~~~~~~~~~~~~~~~~~~~~~~~[0m

[96msrc/lib/memory/consolidation/memory-inventory.test.ts[0m:[93m120[0m:[93m12[0m - [91merror[0m[90m TS2532: [0mObject is possibly 'undefined'.

[7m120[0m     expect(catalog.byValence['neutral'].count).toBe(1)
[7m   [0m [91m           ~~~~~~~~~~~~~~~~~~~~~~~~~~~~[0m

[96msrc/lib/memory/consolidation/memory-inventory.test.ts[0m:[93m121[0m:[93m12[0m - [91merror[0m[90m TS2532: [0mObject is possibly 'undefined'.

[7m121[0m     expect(catalog.byValence['positive'].count).toBe(1)
[7m   [0m [91m           ~~~~~~~~~~~~~~~~~~~~~~~~~~~~~[0m

[96msrc/lib/memory/consolidation/memory-inventory.ts[0m:[93m126[0m:[93m38[0m - [91merror[0m[90m TS18048: [0m'buckets.negative' is possibly 'undefined'.

[7m126[0m       if (m.emotions.valence < -0.2) buckets.negative.push(m)
[7m   [0m [91m                                     ~~~~~~~~~~~~~~~~[0m

[96msrc/lib/memory/consolidation/memory-inventory.ts[0m:[93m126[0m:[93m46[0m - [91merror[0m[90m TS4111: [0mProperty 'negative' comes from an index signature, so it must be accessed with ['negative'].

[7m126[0m       if (m.emotions.valence < -0.2) buckets.negative.push(m)
[7m   [0m [91m                                             ~~~~~~~~[0m

[96msrc/lib/memory/consolidation/memory-inventory.ts[0m:[93m127[0m:[93m42[0m - [91merror[0m[90m TS18048: [0m'buckets.positive' is possibly 'undefined'.

[7m127[0m       else if (m.emotions.valence > 0.2) buckets.positive.push(m)
[7m   [0m [91m                                         ~~~~~~~~~~~~~~~~[0m

[96msrc/lib/memory/consolidation/memory-inventory.ts[0m:[93m127[0m:[93m50[0m - [91merror[0m[90m TS4111: [0mProperty 'positive' comes from an index signature, so it must be accessed with ['positive'].

[7m127[0m       else if (m.emotions.valence > 0.2) buckets.positive.push(m)
[7m   [0m [91m                                                 ~~~~~~~~[0m

[96msrc/lib/memory/consolidation/memory-inventory.ts[0m:[93m128[0m:[93m12[0m - [91merror[0m[90m TS18048: [0m'buckets.neutral' is possibly 'undefined'.

[7m128[0m       else buckets.neutral.push(m)
[7m   [0m [91m           ~~~~~~~~~~~~~~~[0m

[96msrc/lib/memory/consolidation/memory-inventory.ts[0m:[93m128[0m:[93m20[0m - [91merror[0m[90m TS4111: [0mProperty 'neutral' comes from an index signature, so it must be accessed with ['neutral'].

[7m128[0m       else buckets.neutral.push(m)
[7m   [0m [91m                   ~~~~~~~[0m

[96msrc/lib/memory/consolidation/rem-dream.ts[0m:[93m83[0m:[93m34[0m - [91merror[0m[90m TS2345: [0mArgument of type 'Map<string, number> | undefined' is not assignable to parameter of type 'Map<string, number>'.
  Type 'undefined' is not assignable to type 'Map<string, number>'.

[7m83[0m         const sim = dedup.cosine(vectors[i], vectors[j])
[7m  [0m [91m                                 ~~~~~~~~~~[0m

[96msrc/lib/memory/consolidation/rem-dream.ts[0m:[93m85[0m:[93m31[0m - [91merror[0m[90m TS2532: [0mObject is possibly 'undefined'.

[7m85[0m           const sameEmotion = memories[i].emotions.categories.some((c) =>
[7m  [0m [91m                              ~~~~~~~~~~~[0m

[96msrc/lib/memory/consolidation/rem-dream.ts[0m:[93m86[0m:[93m13[0m - [91merror[0m[90m TS2532: [0mObject is possibly 'undefined'.

[7m86[0m             memories[j].emotions.categories.includes(c),
[7m  [0m [91m            ~~~~~~~~~~~[0m

[96msrc/lib/memory/consolidation/rem-dream.ts[0m:[93m89[0m:[93m24[0m - [91merror[0m[90m TS2532: [0mObject is possibly 'undefined'.

[7m89[0m             memoryAId: memories[i].id,
[7m  [0m [91m                       ~~~~~~~~~~~[0m

[96msrc/lib/memory/consolidation/rem-dream.ts[0m:[93m90[0m:[93m24[0m - [91merror[0m[90m TS2532: [0mObject is possibly 'undefined'.

[7m90[0m             memoryBId: memories[j].id,
[7m  [0m [91m                       ~~~~~~~~~~~[0m

[96msrc/lib/memory/consolidation/rem-dream.ts[0m:[93m158[0m:[93m116[0m - [91merror[0m[90m TS2532: [0mObject is possibly 'undefined'.

[7m158[0m     return `Session with ${memories.length} memories. Key themes: ${[...topics].join(', ')}. Highest importance: ${top[0].content.slice(0, 100)}`
[7m   [0m [91m                                                                                                                   ~~~~~~[0m

[96msrc/lib/memory/consolidation/rules.ts[0m:[93m130[0m:[93m5[0m - [91merror[0m[90m TS2322: [0mType 'string | undefined' is not assignable to type 'string'.
  Type 'undefined' is not assignable to type 'string'.

[7m130[0m     return (
[7m   [0m [91m    ~~~~~~[0m

[96msrc/lib/memory/consolidation/rules.ts[0m:[93m132[0m:[93m36[0m - [91merror[0m[90m TS4111: [0mProperty 'immediate' comes from an index signature, so it must be accessed with ['immediate'].

[7m132[0m       this.crisisReflectionPrompts.immediate
[7m   [0m [91m                                   ~~~~~~~~~[0m

[96msrc/lib/memory/fine_tuning/dataset-preparation.ts[0m:[93m36[0m:[93m20[0m - [91merror[0m[90m TS6133: [0m'seed' is declared but its value is never read.

[7m36[0m   private readonly seed: number
[7m  [0m [91m                   ~~~~[0m

[96msrc/lib/memory/fine_tuning/dataset-preparation.ts[0m:[93m68[0m:[93m18[0m - [91merror[0m[90m TS18048: [0m'memory' is possibly 'undefined'.

[7m68[0m           query: memory.content,
[7m  [0m [91m                 ~~~~~~[0m

[96msrc/lib/memory/fine_tuning/dataset-preparation.ts[0m:[93m70[0m:[93m64[0m - [91merror[0m[90m TS2345: [0mArgument of type 'MemoryBlock | undefined' is not assignable to parameter of type 'MemoryBlock'.
  Type 'undefined' is not assignable to type 'MemoryBlock'.

[7m70[0m           response: DatasetPreparator.generateResponseTemplate(memory),
[7m  [0m [91m                                                               ~~~~~~[0m

[96msrc/lib/memory/fine_tuning/dataset-preparation.ts[0m:[93m73[0m:[93m24[0m - [91merror[0m[90m TS18048: [0m'memory' is possibly 'undefined'.

[7m73[0m             memory_id: memory.id,
[7m  [0m [91m                       ~~~~~~[0m

[96msrc/lib/memory/fine_tuning/dataset-preparation.ts[0m:[93m74[0m:[93m22[0m - [91merror[0m[90m TS18048: [0m'memory' is possibly 'undefined'.

[7m74[0m             valence: memory.emotions.valence,
[7m  [0m [91m                     ~~~~~~[0m

[96msrc/lib/memory/fine_tuning/dataset-preparation.ts[0m:[93m75[0m:[93m22[0m - [91merror[0m[90m TS18048: [0m'memory' is possibly 'undefined'.

[7m75[0m             arousal: memory.emotions.arousal,
[7m  [0m [91m                     ~~~~~~[0m

[96msrc/lib/memory/fine_tuning/dataset-preparation.ts[0m:[93m76[0m:[93m26[0m - [91merror[0m[90m TS18048: [0m'memory' is possibly 'undefined'.

[7m76[0m             crisis_flag: memory.gating.crisisFlag,
[7m  [0m [91m                         ~~~~~~[0m

[96msrc/lib/memory/fine_tuning/dataset-preparation.ts[0m:[93m77[0m:[93m34[0m - [91merror[0m[90m TS18048: [0m'memory' is possibly 'undefined'.

[7m77[0m             consolidation_phase: memory.consolidation.phase,
[7m  [0m [91m                                 ~~~~~~[0m

[96msrc/lib/memory/fine_tuning/dataset-preparation.ts[0m:[93m92[0m:[93m30[0m - [91merror[0m[90m TS4111: [0mProperty 'valence' comes from an index signature, so it must be accessed with ['valence'].

[7m92[0m       const v = (ex.metadata.valence as number) ?? 0
[7m  [0m [91m                             ~~~~~~~[0m

[96msrc/lib/memory/fine_tuning/dataset-preparation.ts[0m:[93m93[0m:[93m21[0m - [91merror[0m[90m TS18048: [0m'buckets.negative' is possibly 'undefined'.

[7m93[0m       if (v < -0.2) buckets.negative.push(ex)
[7m  [0m [91m                    ~~~~~~~~~~~~~~~~[0m

[96msrc/lib/memory/fine_tuning/dataset-preparation.ts[0m:[93m93[0m:[93m29[0m - [91merror[0m[90m TS4111: [0mProperty 'negative' comes from an index signature, so it must be accessed with ['negative'].

[7m93[0m       if (v < -0.2) buckets.negative.push(ex)
[7m  [0m [91m                            ~~~~~~~~[0m

[96msrc/lib/memory/fine_tuning/dataset-preparation.ts[0m:[93m94[0m:[93m25[0m - [91merror[0m[90m TS18048: [0m'buckets.positive' is possibly 'undefined'.

[7m94[0m       else if (v > 0.2) buckets.positive.push(ex)
[7m  [0m [91m                        ~~~~~~~~~~~~~~~~[0m

[96msrc/lib/memory/fine_tuning/dataset-preparation.ts[0m:[93m94[0m:[93m33[0m - [91merror[0m[90m TS4111: [0mProperty 'positive' comes from an index signature, so it must be accessed with ['positive'].

[7m94[0m       else if (v > 0.2) buckets.positive.push(ex)
[7m  [0m [91m                                ~~~~~~~~[0m

[96msrc/lib/memory/fine_tuning/dataset-preparation.ts[0m:[93m95[0m:[93m12[0m - [91merror[0m[90m TS18048: [0m'buckets.neutral' is possibly 'undefined'.

[7m95[0m       else buckets.neutral.push(ex)
[7m  [0m [91m           ~~~~~~~~~~~~~~~[0m

[96msrc/lib/memory/fine_tuning/dataset-preparation.ts[0m:[93m95[0m:[93m20[0m - [91merror[0m[90m TS4111: [0mProperty 'neutral' comes from an index signature, so it must be accessed with ['neutral'].

[7m95[0m       else buckets.neutral.push(ex)
[7m  [0m [91m                   ~~~~~~~[0m

[96msrc/lib/memory/fine_tuning/dataset-preparation.ts[0m:[93m139[0m:[93m51[0m - [91merror[0m[90m TS4111: [0mProperty 'valence' comes from an index signature, so it must be accessed with ['valence'].

[7m139[0m     const valences = all.map((ex) => (ex.metadata.valence as number) ?? 0)
[7m   [0m [91m                                                  ~~~~~~~[0m

[96msrc/lib/memory/fine_tuning/dataset-preparation.ts[0m:[93m140[0m:[93m56[0m - [91merror[0m[90m TS4111: [0mProperty 'crisis_flag' comes from an index signature, so it must be accessed with ['crisis_flag'].

[7m140[0m     const crisisCount = all.filter((ex) => ex.metadata.crisis_flag).length
[7m   [0m [91m                                                       ~~~~~~~~~~~[0m

[96msrc/lib/memory/fine_tuning/evaluation.ts[0m:[93m49[0m:[93m11[0m - [91merror[0m[90m TS6133: [0m't0' is declared but its value is never read.

[7m49[0m     const t0 = Date.now()
[7m  [0m [91m          ~~[0m

[96msrc/lib/memory/fine_tuning/evaluation.ts[0m:[93m152[0m:[93m40[0m - [91merror[0m[90m TS2532: [0mObject is possibly 'undefined'.

[7m152[0m           (scores.reduce((s, v) => s + v[0], 0) / scores.length) * 1000,
[7m   [0m [91m                                       ~~~~[0m

[96msrc/lib/memory/fine_tuning/evaluation.ts[0m:[93m156[0m:[93m40[0m - [91merror[0m[90m TS2532: [0mObject is possibly 'undefined'.

[7m156[0m           (scores.reduce((s, v) => s + v[1], 0) / scores.length) * 1000,
[7m   [0m [91m                                       ~~~~[0m

[96msrc/lib/memory/fine_tuning/evaluation.ts[0m:[93m160[0m:[93m40[0m - [91merror[0m[90m TS2532: [0mObject is possibly 'undefined'.

[7m160[0m           (scores.reduce((s, v) => s + v[2], 0) / scores.length) * 1000,
[7m   [0m [91m                                       ~~~~[0m

[96msrc/lib/memory/fine_tuning/evaluation.ts[0m:[93m211[0m:[93m32[0m - [91merror[0m[90m TS2532: [0mObject is possibly 'undefined'.

[7m211[0m       p50LatencyMs: Math.round(latencies[Math.floor(n * 0.5)] * 100) / 100,
[7m   [0m [91m                               ~~~~~~~~~~~~~~~~~~~~~~~~~~~~~~[0m

[96msrc/lib/memory/fine_tuning/evaluation.ts[0m:[93m212[0m:[93m32[0m - [91merror[0m[90m TS2532: [0mObject is possibly 'undefined'.

[7m212[0m       p95LatencyMs: Math.round(latencies[Math.floor(n * 0.95)] * 100) / 100,
[7m   [0m [91m                               ~~~~~~~~~~~~~~~~~~~~~~~~~~~~~~~[0m

[96msrc/lib/memory/fine_tuning/evaluation.ts[0m:[93m213[0m:[93m32[0m - [91merror[0m[90m TS2532: [0mObject is possibly 'undefined'.

[7m213[0m       p99LatencyMs: Math.round(latencies[Math.floor(n * 0.99)] * 100) / 100,
[7m   [0m [91m                               ~~~~~~~~~~~~~~~~~~~~~~~~~~~~~~~[0m

[96msrc/lib/memory/fine_tuning/fine_tuning.test.ts[0m:[93m6[0m:[93m19[0m - [91merror[0m[90m TS4111: [0mProperty 'id' comes from an index signature, so it must be accessed with ['id'].

[7m6[0m     id: overrides.id ?? `mem_${Math.random().toString(36).slice(2, 10)}`,
[7m [0m [91m                  ~~[0m

[96msrc/lib/memory/fine_tuning/fine_tuning.test.ts[0m:[93m7[0m:[93m25[0m - [91merror[0m[90m TS4111: [0mProperty 'tenantId' comes from an index signature, so it must be accessed with ['tenantId'].

[7m7[0m     tenantId: overrides.tenantId ?? 't1',
[7m [0m [91m                        ~~~~~~~~[0m

[96msrc/lib/memory/fine_tuning/fine_tuning.test.ts[0m:[93m8[0m:[93m26[0m - [91merror[0m[90m TS4111: [0mProperty 'sessionId' comes from an index signature, so it must be accessed with ['sessionId'].

[7m8[0m     sessionId: overrides.sessionId ?? 's1',
[7m [0m [91m                         ~~~~~~~~~[0m

[96msrc/lib/memory/fine_tuning/fine_tuning.test.ts[0m:[93m9[0m:[93m24[0m - [91merror[0m[90m TS4111: [0mProperty 'content' comes from an index signature, so it must be accessed with ['content'].

[7m9[0m     content: overrides.content ?? 'test memory content',
[7m [0m [91m                       ~~~~~~~[0m

[96msrc/lib/memory/fine_tuning/fine_tuning.test.ts[0m:[93m10[0m:[93m26[0m - [91merror[0m[90m TS4111: [0mProperty 'timestamp' comes from an index signature, so it must be accessed with ['timestamp'].

[7m10[0m     timestamp: overrides.timestamp ?? Date.now(),
[7m  [0m [91m                         ~~~~~~~~~[0m

[96msrc/lib/memory/fine_tuning/fine_tuning.test.ts[0m:[93m11[0m:[93m27[0m - [91merror[0m[90m TS4111: [0mProperty 'importance' comes from an index signature, so it must be accessed with ['importance'].

[7m11[0m     importance: overrides.importance ?? {
[7m  [0m [91m                          ~~~~~~~~~~[0m

[96msrc/lib/memory/fine_tuning/fine_tuning.test.ts[0m:[93m18[0m:[93m25[0m - [91merror[0m[90m TS4111: [0mProperty 'emotions' comes from an index signature, so it must be accessed with ['emotions'].

[7m18[0m     emotions: overrides.emotions ?? {
[7m  [0m [91m                        ~~~~~~~~[0m

[96msrc/lib/memory/fine_tuning/fine_tuning.test.ts[0m:[93m23[0m:[93m23[0m - [91merror[0m[90m TS4111: [0mProperty 'gating' comes from an index signature, so it must be accessed with ['gating'].

[7m23[0m     gating: overrides.gating ?? {
[7m  [0m [91m                      ~~~~~~[0m

[96msrc/lib/memory/fine_tuning/fine_tuning.test.ts[0m:[93m29[0m:[93m30[0m - [91merror[0m[90m TS4111: [0mProperty 'consolidation' comes from an index signature, so it must be accessed with ['consolidation'].

[7m29[0m     consolidation: overrides.consolidation ?? {
[7m  [0m [91m                             ~~~~~~~~~~~~~[0m

[96msrc/lib/memory/fine_tuning/fine_tuning.test.ts[0m:[93m66[0m:[93m12[0m - [91merror[0m[90m TS6133: [0m'split' is declared but its value is never read.

[7m66[0m     const [split, stats] = preparator.prepare(memories)
[7m  [0m [91m           ~~~~~[0m

[96msrc/lib/memory/fine_tuning/fine_tuning.test.ts[0m:[93m83[0m:[93m12[0m - [91merror[0m[90m TS6133: [0m'split' is declared but its value is never read.

[7m83[0m     const [split, stats] = preparator.prepare(memories)
[7m  [0m [91m           ~~~~~[0m

[96msrc/lib/memory/fine_tuning/index.ts[0m:[93m3[0m:[93m3[0m - [91merror[0m[90m TS1205: [0mRe-exporting a type when 'isolatedModules' is enabled requires using 'export type'.

[7m3[0m   DatasetSplit,
[7m [0m [91m  ~~~~~~~~~~~~[0m

[96msrc/lib/memory/fine_tuning/index.ts[0m:[93m4[0m:[93m3[0m - [91merror[0m[90m TS1205: [0mRe-exporting a type when 'isolatedModules' is enabled requires using 'export type'.

[7m4[0m   DatasetStats,
[7m [0m [91m  ~~~~~~~~~~~~[0m

[96msrc/lib/memory/fine_tuning/index.ts[0m:[93m5[0m:[93m3[0m - [91merror[0m[90m TS1205: [0mRe-exporting a type when 'isolatedModules' is enabled requires using 'export type'.

[7m5[0m   TrainingExample,
[7m [0m [91m  ~~~~~~~~~~~~~~~[0m

[96msrc/lib/memory/fine_tuning/index.ts[0m:[93m9[0m:[93m3[0m - [91merror[0m[90m TS1205: [0mRe-exporting a type when 'isolatedModules' is enabled requires using 'export type'.

[7m9[0m   EvaluationReport,
[7m [0m [91m  ~~~~~~~~~~~~~~~~[0m

[96msrc/lib/memory/fine_tuning/index.ts[0m:[93m10[0m:[93m3[0m - [91merror[0m[90m TS1205: [0mRe-exporting a type when 'isolatedModules' is enabled requires using 'export type'.

[7m10[0m   RetrievalResult,
[7m  [0m [91m  ~~~~~~~~~~~~~~~[0m

[96msrc/lib/memory/fine_tuning/index.ts[0m:[93m11[0m:[93m3[0m - [91merror[0m[90m TS1205: [0mRe-exporting a type when 'isolatedModules' is enabled requires using 'export type'.

[7m11[0m   ResponseResult,
[7m  [0m [91m  ~~~~~~~~~~~~~~[0m

[96msrc/lib/memory/fine_tuning/index.ts[0m:[93m12[0m:[93m3[0m - [91merror[0m[90m TS1205: [0mRe-exporting a type when 'isolatedModules' is enabled requires using 'export type'.

[7m12[0m   SafetyResult,
[7m  [0m [91m  ~~~~~~~~~~~~[0m

[96msrc/lib/memory/fine_tuning/index.ts[0m:[93m13[0m:[93m3[0m - [91merror[0m[90m TS1205: [0mRe-exporting a type when 'isolatedModules' is enabled requires using 'export type'.

[7m13[0m   PerformanceResult,
[7m  [0m [91m  ~~~~~~~~~~~~~~~~~[0m

[96msrc/lib/memory/memory-client.ts[0m:[93m183[0m:[93m27[0m - [91merror[0m[90m TS18048: [0m'm.metadata.tags' is possibly 'undefined'.

[7m183[0m         tags.every((t) => m.metadata.tags.includes(t)),
[7m   [0m [91m                          ~~~~~~~~~~~~~~~[0m

[96msrc/lib/memory/memory-client.ts[0m:[93m207[0m:[93m40[0m - [91merror[0m[90m TS18048: [0m'm.metadata.tags' is possibly 'undefined'.

[7m207[0m       .filter((m) => tags.every((t) => m.metadata.tags.includes(t)))
[7m   [0m [91m                                       ~~~~~~~~~~~~~~~[0m

[96msrc/lib/memory/reflection/action-pipeline.ts[0m:[93m57[0m:[93m20[0m - [91merror[0m[90m TS6133: [0m'minConfidence' is declared but its value is never read.

[7m57[0m   private readonly minConfidence: number
[7m  [0m [91m                   ~~~~~~~~~~~~~[0m

[96msrc/lib/mental-health/__tests__/service.test.ts[0m:[93m16[0m:[93m7[0m - [91merror[0m[90m TS2353: [0mObject literal may only specify known properties, and 'enableCrisisDetection' does not exist in type 'Partial<AnalysisConfig>'.

[7m16[0m       enableCrisisDetection: true,
[7m  [0m [91m      ~~~~~~~~~~~~~~~~~~~~~[0m

[96msrc/lib/mental-health/__tests__/service.test.ts[0m:[93m35[0m:[93m14[0m - [91merror[0m[90m TS18048: [0m'result.analysis.indicators' is possibly 'undefined'.

[7m35[0m       expect(result.analysis?.indicators[0].type).toBe('depression')
[7m  [0m [91m             ~~~~~~~~~~~~~~~~~~~~~~~~~~~[0m

[96msrc/lib/mental-health/__tests__/service.test.ts[0m:[93m35[0m:[93m14[0m - [91merror[0m[90m TS2532: [0mObject is possibly 'undefined'.

[7m35[0m       expect(result.analysis?.indicators[0].type).toBe('depression')
[7m  [0m [91m             ~~~~~~~~~~~~~~~~~~~~~~~~~~~~~~[0m

[96msrc/lib/mental-health/__tests__/service.test.ts[0m:[93m63[0m:[93m14[0m - [91merror[0m[90m TS18048: [0m'result.analysis.indicators' is possibly 'undefined'.

[7m63[0m       expect(result.analysis?.indicators.some((i) => i.type === 'crisis')).toBe(
[7m  [0m [91m             ~~~~~~~~~~~~~~~~~~~~~~~~~~~[0m

[96msrc/lib/mental-health/analyzer.ts[0m:[93m101[0m:[93m7[0m - [91merror[0m[90m TS2322: [0mType 'MentalHealthCategory[]' is not assignable to type 'MentalHealthCategoryDetail[]'.
  Type 'string' is not assignable to type 'MentalHealthCategoryDetail'.
    Type 'string' is not assignable to type 'MentalHealthCategoryDetail'.

[7m101[0m       categories,
[7m   [0m [91m      ~~~~~~~~~~[0m

  [96msrc/lib/mental-health/types.ts[0m:[93m23[0m:[93m3[0m
    [7m23[0m   categories?: MentalHealthCategoryDetail[]
    [7m  [0m [96m  ~~~~~~~~~~[0m
    The expected type comes from property 'categories' which is declared here on type 'MentalHealthAnalysis'

[96msrc/lib/mental-health/analyzer.ts[0m:[93m221[0m:[93m5[0m - [91merror[0m[90m TS2741: [0mProperty 'confidence' is missing in type '{ overall: number; positive: number; negative: number; neutral: number; }' but required in type 'SentimentScore'.

[7m221[0m     return { overall, positive, negative, neutral }
[7m   [0m [91m    ~~~~~~[0m

  [96msrc/lib/mental-health/types.ts[0m:[93m50[0m:[93m3[0m
    [7m50[0m   confidence: number
    [7m  [0m [96m  ~~~~~~~~~~[0m
    'confidence' is declared here.

[96msrc/lib/mental-health/analyzer.ts[0m:[93m230[0m:[93m23[0m - [91merror[0m[90m TS2345: [0mArgument of type '{ name: string; score: number; confidence: number; keywords: string[]; }' is not assignable to parameter of type 'MentalHealthCategory'.

[7m230[0m       categories.push({
[7m   [0m [91m                      ~[0m
[7m231[0m         name: indicator.type,
[7m   [0m [91m~~~~~~~~~~~~~~~~~~~~~~~~~~~~~[0m
[7m...[0m 
[7m234[0m         keywords: indicator.evidence,
[7m   [0m [91m~~~~~~~~~~~~~~~~~~~~~~~~~~~~~~~~~~~~~[0m
[7m235[0m       })
[7m   [0m [91m~~~~~~~[0m

[96msrc/lib/mental-health/service.ts[0m:[93m26[0m:[93m7[0m - [91merror[0m[90m TS2353: [0mObject literal may only specify known properties, and 'enableCrisisDetection' does not exist in type 'AnalysisConfig'.

[7m26[0m       enableCrisisDetection: true,
[7m  [0m [91m      ~~~~~~~~~~~~~~~~~~~~~[0m

[96msrc/lib/mental-health/service.ts[0m:[93m44[0m:[93m33[0m - [91merror[0m[90m TS2532: [0mObject is possibly 'undefined'.

[7m44[0m       message.content.length >= this.config.analysisMinLength
[7m  [0m [91m                                ~~~~~~~~~~~~~~~~~~~~~~~~~~~~~[0m

[96msrc/lib/mental-health/service.ts[0m:[93m50[0m:[93m36[0m - [91merror[0m[90m TS2532: [0mObject is possibly 'undefined'.

[7m50[0m         if (analysis.confidence >= this.config.confidenceThreshold) {
[7m  [0m [91m                                   ~~~~~~~~~~~~~~~~~~~~~~~~~~~~~~~[0m

[96msrc/lib/mental-health/service.ts[0m:[93m84[0m:[93m9[0m - [91merror[0m[90m TS2353: [0mObject literal may only specify known properties, and 'followUp' does not exist in type 'TherapeuticResponse'.

[7m84[0m         followUp: [
[7m  [0m [91m        ~~~~~~~~[0m

[96msrc/lib/mental-health/service.ts[0m:[93m107[0m:[93m34[0m - [91merror[0m[90m TS2532: [0mObject is possibly 'undefined'.

[7m107[0m           analysis.confidence >= this.config.interventionThreshold),
[7m   [0m [91m                                 ~~~~~~~~~~~~~~~~~~~~~~~~~~~~~~~~~[0m

[96msrc/lib/mental-health/therapist.ts[0m:[93m44[0m:[93m7[0m - [91merror[0m[90m TS2353: [0mObject literal may only specify known properties, and 'followUp' does not exist in type 'TherapeuticResponse'.

[7m44[0m       followUp,
[7m  [0m [91m      ~~~~~~~~[0m

[96msrc/lib/metaaligner/__tests__/adaptive-selection-integration.test.ts[0m:[93m22[0m:[93m8[0m - [91merror[0m[90m TS6133: [0m'ContextDetectionResult' is declared but its value is never read.

[7m22[0m   type ContextDetectionResult,
[7m  [0m [91m       ~~~~~~~~~~~~~~~~~~~~~~[0m

[96msrc/lib/metaaligner/__tests__/adaptive-selection-integration.test.ts[0m:[93m56[0m:[93m22[0m - [91merror[0m[90m TS2304: [0mCannot find name 'AICompletion'.

[7m56[0m         ) => Promise<AICompletion>
[7m  [0m [91m                     ~~~~~~~~~~~~[0m

[96msrc/lib/metaaligner/__tests__/adaptive-selection-integration.test.ts[0m:[93m309[0m:[93m63[0m - [91merror[0m[90m TS18048: [0m'turn' is possibly 'undefined'.

[7m309[0m         const detection = await contextDetector.detectContext(turn.text)
[7m   [0m [91m                                                              ~~~~[0m

[96msrc/lib/metaaligner/__tests__/adaptive-selection-integration.test.ts[0m:[93m401[0m:[93m37[0m - [91merror[0m[90m TS2345: [0mArgument of type 'Mock<(event: ContextEvent) => void>' is not assignable to parameter of type 'ObjectiveSwitchObserver'.
  Types of parameters 'event' and 'objectives' are incompatible.
    Type 'ObjectivePriority[]' is missing the following properties from type 'ContextEvent': turnId, contextType, confidence, urgency, timestamp

[7m401[0m       objectiveSwitcher.addObserver(switchObserver)
[7m   [0m [91m                                    ~~~~~~~~~~~~~~[0m

[96msrc/lib/metaaligner/__tests__/adaptive-selection-integration.test.ts[0m:[93m433[0m:[93m16[0m - [91merror[0m[90m TS18048: [0m'callArgs' is possibly 'undefined'.

[7m433[0m         expect(callArgs[0]).toBeInstanceOf(Array) // objectives
[7m   [0m [91m               ~~~~~~~~[0m

[96msrc/lib/metaaligner/__tests__/adaptive-selection-integration.test.ts[0m:[93m434[0m:[93m16[0m - [91merror[0m[90m TS18048: [0m'callArgs' is possibly 'undefined'.

[7m434[0m         expect(callArgs[1]).toHaveProperty('toContext')
[7m   [0m [91m               ~~~~~~~~[0m

[96msrc/lib/metaaligner/__tests__/adaptive-selection-integration.test.ts[0m:[93m434[0m:[93m25[0m - [91merror[0m[90m TS2493: [0mTuple type '[event: ContextEvent]' of length '1' has no element at index '1'.

[7m434[0m         expect(callArgs[1]).toHaveProperty('toContext')
[7m   [0m [91m                        ~[0m

[96msrc/lib/metaaligner/__tests__/adaptive-selection-integration.test.ts[0m:[93m452[0m:[93m63[0m - [91merror[0m[90m TS2345: [0mArgument of type 'string | undefined' is not assignable to parameter of type 'string'.
  Type 'undefined' is not assignable to type 'string'.

[7m452[0m         const detection = await contextDetector.detectContext(queries[i])
[7m   [0m [91m                                                              ~~~~~~~~~~[0m

[96msrc/lib/metaaligner/__tests__/adaptive-selection-integration.test.ts[0m:[93m527[0m:[93m30[0m - [91merror[0m[90m TS4111: [0mProperty 'error' comes from an index signature, so it must be accessed with ['error'].

[7m527[0m       expect(result.metadata.error).toBeDefined()
[7m   [0m [91m                             ~~~~~[0m

[96msrc/lib/metaaligner/__tests__/adaptive-selection-integration.test.ts[0m:[93m587[0m:[93m13[0m - [91merror[0m[90m TS6133: [0m'result1' is declared but its value is never read.

[7m587[0m       const result1 = await adaptiveSelector.selectObjectives('Hello')
[7m   [0m [91m            ~~~~~~~[0m

[96msrc/lib/metaaligner/__tests__/integration.test.ts[0m:[93m54[0m:[93m5[0m - [91merror[0m[90m TS2322: [0mType 'Mock<() => Promise<unknown>>' is not assignable to type '((messages: AIMessage[], options?: AIServiceOptions | undefined) => Promise<AsyncGenerator<AIStreamChunk, void, void>>) | undefined'.
  Type 'Mock<() => Promise<unknown>>' is not assignable to type '(messages: AIMessage[], options?: AIServiceOptions | undefined) => Promise<AsyncGenerator<AIStreamChunk, void, void>>'.
    Type 'Promise<unknown>' is not assignable to type 'Promise<AsyncGenerator<AIStreamChunk, void, void>>'.
      Type 'unknown' is not assignable to type 'AsyncGenerator<AIStreamChunk, void, void>'.

[7m54[0m     createStreamingChatCompletion: vi.fn<() => Promise<unknown>>(),
[7m  [0m [91m    ~~~~~~~~~~~~~~~~~~~~~~~~~~~~~[0m

  [96msrc/lib/ai/models/ai-types.ts[0m:[93m60[0m:[93m3[0m
    [7m60[0m   createStreamingChatCompletion(
    [7m  [0m [96m  ~~~~~~~~~~~~~~~~~~~~~~~~~~~~~~[0m
    [7m61[0m     messages: AIMessage[],
    [7m  [0m [96m~~~~~~~~~~~~~~~~~~~~~~~~~~[0m
    [7m62[0m     options?: AIServiceOptions,
    [7m  [0m [96m~~~~~~~~~~~~~~~~~~~~~~~~~~~~~~~[0m
    [7m63[0m   ): Promise<AsyncGenerator<AIStreamChunk, void, void>>
    [7m  [0m [96m~~~~~~~~~~~~~~~~~~~~~~~~~~~~~~~~~~~~~~~~~~~~~~~~~~~~~~~[0m
    The expected type comes from property 'createStreamingChatCompletion' which is declared here on type 'Partial<AIService>'

[96msrc/lib/metaaligner/__tests__/integration.test.ts[0m:[93m55[0m:[93m5[0m - [91merror[0m[90m TS2322: [0mType 'Mock<() => Promise<unknown>>' is not assignable to type '((model: string) => AIModelInfo) | undefined'.
  Type 'Mock<() => Promise<unknown>>' is not assignable to type '(model: string) => AIModelInfo'.
    Type 'Promise<unknown>' is missing the following properties from type 'AIModelInfo': id, name, provider, capabilities, and 2 more.

[7m55[0m     getModelInfo: vi.fn<() => Promise<unknown>>(),
[7m  [0m [91m    ~~~~~~~~~~~~[0m

  [96msrc/lib/ai/models/ai-types.ts[0m:[93m65[0m:[93m3[0m
    [7m65[0m   getModelInfo(model: string): AIModelInfo
    [7m  [0m [96m  ~~~~~~~~~~~~~~~~~~~~~~~~~~~~~~~~~~~~~~~~[0m
    The expected type comes from property 'getModelInfo' which is declared here on type 'Partial<AIService>'

[96msrc/lib/metaaligner/__tests__/integration.test.ts[0m:[93m57[0m:[93m5[0m - [91merror[0m[90m TS2322: [0mType 'Mock<() => Promise<unknown>>' is not assignable to type '((messages: AIMessage[], options?: AIServiceOptions | undefined) => Promise<AICompletion>) | undefined'.
  Type 'Mock<() => Promise<unknown>>' is not assignable to type '(messages: AIMessage[], options?: AIServiceOptions | undefined) => Promise<AICompletion>'.
    Type 'Promise<unknown>' is not assignable to type 'Promise<AICompletion>'.
      Type 'unknown' is not assignable to type 'AICompletion'.

[7m57[0m     createChatCompletionWithTracking: vi.fn<() => Promise<unknown>>(),
[7m  [0m [91m    ~~~~~~~~~~~~~~~~~~~~~~~~~~~~~~~~[0m

  [96msrc/lib/ai/models/ai-types.ts[0m:[93m67[0m:[93m3[0m
    [7m67[0m   createChatCompletionWithTracking?(
    [7m  [0m [96m  ~~~~~~~~~~~~~~~~~~~~~~~~~~~~~~~~~~[0m
    [7m68[0m     messages: AIMessage[],
    [7m  [0m [96m~~~~~~~~~~~~~~~~~~~~~~~~~~[0m
    [7m69[0m     options?: AIServiceOptions,
    [7m  [0m [96m~~~~~~~~~~~~~~~~~~~~~~~~~~~~~~~[0m
    [7m70[0m   ): Promise<AICompletion>
    [7m  [0m [96m~~~~~~~~~~~~~~~~~~~~~~~~~~[0m
    The expected type comes from property 'createChatCompletionWithTracking' which is declared here on type 'Partial<AIService>'

[96msrc/lib/metaaligner/__tests__/integration.test.ts[0m:[93m58[0m:[93m5[0m - [91merror[0m[90m TS2322: [0mType 'Mock<() => Promise<unknown>>' is not assignable to type '((messages: AIMessage[], options?: AIServiceOptions | undefined, provider?: string | undefined) => Promise<AICompletion>) | undefined'.
  Type 'Mock<() => Promise<unknown>>' is not assignable to type '(messages: AIMessage[], options?: AIServiceOptions | undefined, provider?: string | undefined) => Promise<AICompletion>'.
    Type 'Promise<unknown>' is not assignable to type 'Promise<AICompletion>'.
      Type 'unknown' is not assignable to type 'AICompletion'.

[7m58[0m     generateCompletion: vi.fn<() => Promise<unknown>>(),
[7m  [0m [91m    ~~~~~~~~~~~~~~~~~~[0m

  [96msrc/lib/ai/models/ai-types.ts[0m:[93m72[0m:[93m3[0m
    [7m 72[0m   generateCompletion?(
    [7m   [0m [96m  ~~~~~~~~~~~~~~~~~~~~[0m
    [7m 73[0m     messages: AIMessage[],
    [7m   [0m [96m~~~~~~~~~~~~~~~~~~~~~~~~~~[0m
    [7m...[0m 
    [7m 75[0m     provider?: string,
    [7m   [0m [96m~~~~~~~~~~~~~~~~~~~~~~[0m
    [7m 76[0m   ): Promise<AICompletion>
    [7m   [0m [96m~~~~~~~~~~~~~~~~~~~~~~~~~~[0m
    The expected type comes from property 'generateCompletion' which is declared here on type 'Partial<AIService>'

[96msrc/lib/metaaligner/batch/batch-processor.ts[0m:[93m53[0m:[93m20[0m - [91merror[0m[90m TS6133: [0m'api' is declared but its value is never read.

[7m53[0m   private readonly api: IUnifiedMetaAlignerAPI
[7m  [0m [91m                   ~~~[0m

[96msrc/lib/metaaligner/batch/batch-processor.ts[0m:[93m78[0m:[93m30[0m - [91merror[0m[90m TS2532: [0mObject is possibly 'undefined'.

[7m78[0m     if (this.queue.length >= this.config.batchSize) {
[7m  [0m [91m                             ~~~~~~~~~~~~~~~~~~~~~[0m

[96msrc/lib/metaaligner/config/context-mapper-service.ts[0m:[93m185[0m:[93m9[0m - [91merror[0m[90m TS2322: [0mType 'ContextType | undefined' is not assignable to type 'ContextType'.
  Type 'undefined' is not assignable to type 'ContextType'.

[7m185[0m         resolvedContext: contexts[0],
[7m   [0m [91m        ~~~~~~~~~~~~~~~[0m

  [96msrc/lib/metaaligner/config/context-mapper-service.ts[0m:[93m36[0m:[93m3[0m
    [7m36[0m   resolvedContext: ContextType
    [7m  [0m [96m  ~~~~~~~~~~~~~~~[0m
    The expected type comes from property 'resolvedContext' which is declared here on type 'ContextConflict'

[96msrc/lib/metaaligner/config/context-mapper-service.ts[0m:[93m208[0m:[93m45[0m - [91merror[0m[90m TS18048: [0m'winner' is possibly 'undefined'.

[7m208[0m     let reason = `Resolved by precedence: ${winner.context} has precedence ${winner.precedence}`
[7m   [0m [91m                                            ~~~~~~[0m

[96msrc/lib/metaaligner/config/context-mapper-service.ts[0m:[93m208[0m:[93m78[0m - [91merror[0m[90m TS18048: [0m'winner' is possibly 'undefined'.

[7m208[0m     let reason = `Resolved by precedence: ${winner.context} has precedence ${winner.precedence}`
[7m   [0m [91m                                                                             ~~~~~~[0m

[96msrc/lib/metaaligner/config/context-mapper-service.ts[0m:[93m214[0m:[93m9[0m - [91merror[0m[90m TS18048: [0m'winner' is possibly 'undefined'.

[7m214[0m         winner.context === rule.higherPrecedenceContext
[7m   [0m [91m        ~~~~~~[0m

[96msrc/lib/metaaligner/config/context-mapper-service.ts[0m:[93m223[0m:[93m24[0m - [91merror[0m[90m TS18048: [0m'winner' is possibly 'undefined'.

[7m223[0m       resolvedContext: winner.context,
[7m   [0m [91m                       ~~~~~~[0m

[96msrc/lib/metaaligner/config/context-mapper-service.ts[0m:[93m224[0m:[93m19[0m - [91merror[0m[90m TS18048: [0m'winner' is possibly 'undefined'.

[7m224[0m       precedence: winner.precedence,
[7m   [0m [91m                  ~~~~~~[0m

[96msrc/lib/metaaligner/config/context-mapper-service.ts[0m:[93m229[0m:[93m24[0m - [91merror[0m[90m TS18048: [0m'winner' is possibly 'undefined'.

[7m229[0m       resolvedContext: winner.context,
[7m   [0m [91m                       ~~~~~~[0m

[96msrc/lib/metaaligner/config/mapping-config.test.ts[0m:[93m33[0m:[93m14[0m - [91merror[0m[90m TS2532: [0mObject is possibly 'undefined'.

[7m33[0m       expect(errors[0].type).toBe(ValidationErrorType.MISSING_CONTEXT)
[7m  [0m [91m             ~~~~~~~~~[0m

[96msrc/lib/metaaligner/config/mapping-config.test.ts[0m:[93m34[0m:[93m14[0m - [91merror[0m[90m TS2532: [0mObject is possibly 'undefined'.

[7m34[0m       expect(errors[0].context).toBe(ContextType.CRISIS)
[7m  [0m [91m             ~~~~~~~~~[0m

[96msrc/lib/metaaligner/config/mapping-config.test.ts[0m:[93m41[0m:[93m11[0m - [91merror[0m[90m TS2322: [0mType 'ContextMappingConfig | undefined' is not assignable to type 'ContextMappingConfig'.
  Type 'undefined' is not assignable to type 'ContextMappingConfig'.

[7m41[0m           ...DEFAULT_MAPPING_CONFIG.mappings,
[7m  [0m [91m          ~~~~~~~~~~~~~~~~~~~~~~~~~~~~~~~~~~[0m

[96msrc/lib/metaaligner/config/mapping-config.test.ts[0m:[93m42[0m:[93m11[0m - [91merror[0m[90m TS2322: [0mType 'ContextMappingConfig | undefined' is not assignable to type 'ContextMappingConfig'.
  Type 'undefined' is not assignable to type 'ContextMappingConfig'.

[7m42[0m           DEFAULT_MAPPING_CONFIG.mappings[0], // Duplicate
[7m  [0m [91m          ~~~~~~~~~~~~~~~~~~~~~~~~~~~~~~~~~~[0m

[96msrc/lib/metaaligner/config/mapping-config.test.ts[0m:[93m89[0m:[93m14[0m - [91merror[0m[90m TS2532: [0mObject is possibly 'undefined'.

[7m89[0m       expect(errors[0].type).toBe(ValidationErrorType.INVALID_WEIGHT)
[7m  [0m [91m             ~~~~~~~~~[0m

[96msrc/lib/metaaligner/config/mapping-config.test.ts[0m:[93m90[0m:[93m14[0m - [91merror[0m[90m TS2532: [0mObject is possibly 'undefined'.

[7m90[0m       expect(errors[0].objectiveId).toBe(ObjectiveId.CORRECTNESS)
[7m  [0m [91m             ~~~~~~~~~[0m

[96msrc/lib/metaaligner/config/mapping-config.test.ts[0m:[93m104[0m:[93m14[0m - [91merror[0m[90m TS2532: [0mObject is possibly 'undefined'.

[7m104[0m       expect(errors[0].type).toBe(ValidationErrorType.INVALID_WEIGHT)
[7m   [0m [91m             ~~~~~~~~~[0m

[96msrc/lib/metaaligner/config/mapping-config.test.ts[0m:[93m150[0m:[93m14[0m - [91merror[0m[90m TS2532: [0mObject is possibly 'undefined'.

[7m150[0m       expect(errors[0].type).toBe(ValidationErrorType.SAFETY_FLOOR_VIOLATION)
[7m   [0m [91m             ~~~~~~~~~[0m

[96msrc/lib/metaaligner/config/mapping-config.test.ts[0m:[93m151[0m:[93m14[0m - [91merror[0m[90m TS2532: [0mObject is possibly 'undefined'.

[7m151[0m       expect(errors[0].context).toBe(ContextType.CRISIS)
[7m   [0m [91m             ~~~~~~~~~[0m

[96msrc/lib/metaaligner/context/context-injector.ts[0m:[93m47[0m:[93m9[0m - [91merror[0m[90m TS2353: [0mObject literal may only specify known properties, and 'detectedContext' does not exist in type 'UnifiedContext'.

[7m47[0m         detectedContext,
[7m  [0m [91m        ~~~~~~~~~~~~~~~[0m

  [96msrc/lib/metaaligner/api/unified-api.ts[0m:[93m55[0m:[93m3[0m
    [7m55[0m   context: UnifiedContext
    [7m  [0m [96m  ~~~~~~~[0m
    The expected type comes from property 'context' which is declared here on type 'UnifiedProcessingRequest'

[96msrc/lib/metaaligner/core/dynamic-weighting-benchmark.ts[0m:[93m6[0m:[93m1[0m - [91merror[0m[90m TS6133: [0m'ObjectiveId' is declared but its value is never read.

[7m6[0m import { ObjectiveId } from '../config/mapping-config'
[7m [0m [91m~~~~~~~~~~~~~~~~~~~~~~~~~~~~~~~~~~~~~~~~~~~~~~~~~~~~~~[0m

[96msrc/lib/metaaligner/core/dynamic-weighting-benchmark.ts[0m:[93m143[0m:[93m7[0m - [91merror[0m[90m TS2322: [0mType 'ContextType | undefined' is not assignable to type 'ContextType'.
  Type 'undefined' is not assignable to type 'ContextType'.

[7m143[0m       detectedContext: contextType,
[7m   [0m [91m      ~~~~~~~~~~~~~~~[0m

  [96msrc/lib/metaaligner/core/objectives.ts[0m:[93m24[0m:[93m3[0m
    [7m24[0m   detectedContext: ContextType
    [7m  [0m [96m  ~~~~~~~~~~~~~~~[0m
    The expected type comes from property 'detectedContext' which is declared here on type 'AlignmentContext'

[96msrc/lib/metaaligner/core/dynamic-weighting-benchmark.ts[0m:[93m247[0m:[93m7[0m - [91merror[0m[90m TS2322: [0mType 'ContextType | undefined' is not assignable to type 'ContextType'.
  Type 'undefined' is not assignable to type 'ContextType'.

[7m247[0m       detectedContext: contextType,
[7m   [0m [91m      ~~~~~~~~~~~~~~~[0m

  [96msrc/lib/metaaligner/core/objectives.ts[0m:[93m24[0m:[93m3[0m
    [7m24[0m   detectedContext: ContextType
    [7m  [0m [96m  ~~~~~~~~~~~~~~~[0m
    The expected type comes from property 'detectedContext' which is declared here on type 'AlignmentContext'

[96msrc/lib/metaaligner/core/dynamic-weighting-benchmark.ts[0m:[93m282[0m:[93m7[0m - [91merror[0m[90m TS2322: [0mType 'ContextType | undefined' is not assignable to type 'ContextType'.
  Type 'undefined' is not assignable to type 'ContextType'.

[7m282[0m       detectedContext: contextType,
[7m   [0m [91m      ~~~~~~~~~~~~~~~[0m

  [96msrc/lib/metaaligner/core/objectives.ts[0m:[93m24[0m:[93m3[0m
    [7m24[0m   detectedContext: ContextType
    [7m  [0m [96m  ~~~~~~~~~~~~~~~[0m
    The expected type comes from property 'detectedContext' which is declared here on type 'AlignmentContext'

[96msrc/lib/metaaligner/core/dynamic-weighting-benchmark.ts[0m:[93m291[0m:[93m7[0m - [91merror[0m[90m TS2322: [0mType 'ContextType | undefined' is not assignable to type 'ContextType'.
  Type 'undefined' is not assignable to type 'ContextType'.

[7m291[0m       context: contextType,
[7m   [0m [91m      ~~~~~~~[0m

  [96msrc/lib/metaaligner/core/dynamic-weighting-benchmark.ts[0m:[93m38[0m:[93m3[0m
    [7m38[0m   context: ContextType
    [7m  [0m [96m  ~~~~~~~[0m
    The expected type comes from property 'context' which is declared here on type 'TimeSeriesData'

[96msrc/lib/metaaligner/core/dynamic-weighting-benchmark.ts[0m:[93m306[0m:[93m24[0m - [91merror[0m[90m TS2532: [0mObject is possibly 'undefined'.

[7m306[0m         const change = result.weights[key] - previousWeights[key]
[7m   [0m [91m                       ~~~~~~~~~~~~~~~~~~~[0m

[96msrc/lib/metaaligner/core/dynamic-weighting-benchmark.ts[0m:[93m306[0m:[93m46[0m - [91merror[0m[90m TS2532: [0mObject is possibly 'undefined'.

[7m306[0m         const change = result.weights[key] - previousWeights[key]
[7m   [0m [91m                                             ~~~~~~~~~~~~~~~~~~~~[0m

[96msrc/lib/metaaligner/core/dynamic-weighting-benchmark.ts[0m:[93m317[0m:[93m9[0m - [91merror[0m[90m TS2322: [0mType 'ContextType | undefined' is not assignable to type 'ContextType'.
  Type 'undefined' is not assignable to type 'ContextType'.

[7m317[0m         toContext: contextType,
[7m   [0m [91m        ~~~~~~~~~[0m

  [96msrc/lib/metaaligner/core/dynamic-weighting-benchmark.ts[0m:[93m47[0m:[93m3[0m
    [7m47[0m   toContext: ContextType
    [7m  [0m [96m  ~~~~~~~~~[0m
    The expected type comes from property 'toContext' which is declared here on type 'WeightTransitionData'

[96msrc/lib/metaaligner/core/dynamic-weighting-benchmark.ts[0m:[93m323[0m:[93m5[0m - [91merror[0m[90m TS2322: [0mType 'ContextType | undefined' is not assignable to type 'ContextType | null'.
  Type 'undefined' is not assignable to type 'ContextType | null'.

[7m323[0m     previousContext = contextType
[7m   [0m [91m    ~~~~~~~~~~~~~~~[0m

[96msrc/lib/metaaligner/core/dynamic-weighting-benchmark.ts[0m:[93m351[0m:[93m27[0m - [91merror[0m[90m TS2532: [0mObject is possibly 'undefined'.

[7m351[0m   const passedThreshold = sorted[p99Index] < thresholdMs
[7m   [0m [91m                          ~~~~~~~~~~~~~~~~[0m

[96msrc/lib/metaaligner/core/dynamic-weighting-benchmark.ts[0m:[93m357[0m:[93m5[0m - [91merror[0m[90m TS2322: [0mType 'number | undefined' is not assignable to type 'number'.
  Type 'undefined' is not assignable to type 'number'.

[7m357[0m     minTimeMs: sorted[0],
[7m   [0m [91m    ~~~~~~~~~[0m

  [96msrc/lib/metaaligner/core/dynamic-weighting-benchmark.ts[0m:[93m14[0m:[93m3[0m
    [7m14[0m   minTimeMs: number
    [7m  [0m [96m  ~~~~~~~~~[0m
    The expected type comes from property 'minTimeMs' which is declared here on type 'BenchmarkResult'

[96msrc/lib/metaaligner/core/dynamic-weighting-benchmark.ts[0m:[93m358[0m:[93m5[0m - [91merror[0m[90m TS2322: [0mType 'number | undefined' is not assignable to type 'number'.
  Type 'undefined' is not assignable to type 'number'.

[7m358[0m     maxTimeMs: sorted[sorted.length - 1],
[7m   [0m [91m    ~~~~~~~~~[0m

  [96msrc/lib/metaaligner/core/dynamic-weighting-benchmark.ts[0m:[93m15[0m:[93m3[0m
    [7m15[0m   maxTimeMs: number
    [7m  [0m [96m  ~~~~~~~~~[0m
    The expected type comes from property 'maxTimeMs' which is declared here on type 'BenchmarkResult'

[96msrc/lib/metaaligner/core/dynamic-weighting-benchmark.ts[0m:[93m359[0m:[93m5[0m - [91merror[0m[90m TS2322: [0mType 'number | undefined' is not assignable to type 'number'.
  Type 'undefined' is not assignable to type 'number'.

[7m359[0m     p50TimeMs: sorted[p50Index],
[7m   [0m [91m    ~~~~~~~~~[0m

  [96msrc/lib/metaaligner/core/dynamic-weighting-benchmark.ts[0m:[93m16[0m:[93m3[0m
    [7m16[0m   p50TimeMs: number
    [7m  [0m [96m  ~~~~~~~~~[0m
    The expected type comes from property 'p50TimeMs' which is declared here on type 'BenchmarkResult'

[96msrc/lib/metaaligner/core/dynamic-weighting-benchmark.ts[0m:[93m360[0m:[93m5[0m - [91merror[0m[90m TS2322: [0mType 'number | undefined' is not assignable to type 'number'.
  Type 'undefined' is not assignable to type 'number'.

[7m360[0m     p95TimeMs: sorted[p95Index],
[7m   [0m [91m    ~~~~~~~~~[0m

  [96msrc/lib/metaaligner/core/dynamic-weighting-benchmark.ts[0m:[93m17[0m:[93m3[0m
    [7m17[0m   p95TimeMs: number
    [7m  [0m [96m  ~~~~~~~~~[0m
    The expected type comes from property 'p95TimeMs' which is declared here on type 'BenchmarkResult'

[96msrc/lib/metaaligner/core/dynamic-weighting-benchmark.ts[0m:[93m361[0m:[93m5[0m - [91merror[0m[90m TS2322: [0mType 'number | undefined' is not assignable to type 'number'.
  Type 'undefined' is not assignable to type 'number'.

[7m361[0m     p99TimeMs: sorted[p99Index],
[7m   [0m [91m    ~~~~~~~~~[0m

  [96msrc/lib/metaaligner/core/dynamic-weighting-benchmark.ts[0m:[93m18[0m:[93m3[0m
    [7m18[0m   p99TimeMs: number
    [7m  [0m [96m  ~~~~~~~~~[0m
    The expected type comes from property 'p99TimeMs' which is declared here on type 'BenchmarkResult'

[96msrc/lib/metaaligner/core/dynamic-weighting-benchmark.ts[0m:[93m426[0m:[93m40[0m - [91merror[0m[90m TS2532: [0mObject is possibly 'undefined'.

[7m426[0m     const percentage = (bucket.count / suite.results[0].iterations) * 100
[7m   [0m [91m                                       ~~~~~~~~~~~~~~~~[0m

[96msrc/lib/metaaligner/core/dynamic-weighting-benchmark.ts[0m:[93m462[0m:[93m13[0m - [91merror[0m[90m TS2339: [0mProperty 'main' does not exist on type '(specifier: string) => unknown'.

[7m462[0m if (require.main === module) {
[7m   [0m [91m            ~~~~[0m

[96msrc/lib/metaaligner/core/dynamic-weighting-benchmark.ts[0m:[93m465[0m:[93m13[0m - [91merror[0m[90m TS6133: [0m'jsonData' is declared but its value is never read.

[7m465[0m       const jsonData = exportVisualizationDataForGraphing(suite)
[7m   [0m [91m            ~~~~~~~~[0m

[96msrc/lib/metaaligner/core/dynamic-weighting.test.ts[0m:[93m149[0m:[93m9[0m - [91merror[0m[90m TS2532: [0mObject is possibly 'undefined'.

[7m149[0m         result2.weights[ObjectiveId.EMPATHY] -
[7m   [0m [91m        ~~~~~~~~~~~~~~~~~~~~~~~~~~~~~~~~~~~~[0m

[96msrc/lib/metaaligner/core/dynamic-weighting.test.ts[0m:[93m150[0m:[93m11[0m - [91merror[0m[90m TS2532: [0mObject is possibly 'undefined'.

[7m150[0m           result1.weights[ObjectiveId.EMPATHY],
[7m   [0m [91m          ~~~~~~~~~~~~~~~~~~~~~~~~~~~~~~~~~~~~[0m

[96msrc/lib/metaaligner/core/dynamic-weighting.test.ts[0m:[93m248[0m:[93m27[0m - [91merror[0m[90m TS2532: [0mObject is possibly 'undefined'.

[7m248[0m       const prevWeights = history[history.length - 2].weights
[7m   [0m [91m                          ~~~~~~~~~~~~~~~~~~~~~~~~~~~[0m

[96msrc/lib/metaaligner/core/dynamic-weighting.test.ts[0m:[93m252[0m:[93m33[0m - [91merror[0m[90m TS2532: [0mObject is possibly 'undefined'.

[7m252[0m         const change = Math.abs(newWeights[key] - prevWeights[key])
[7m   [0m [91m                                ~~~~~~~~~~~~~~~[0m

[96msrc/lib/metaaligner/core/dynamic-weighting.test.ts[0m:[93m252[0m:[93m51[0m - [91merror[0m[90m TS2532: [0mObject is possibly 'undefined'.

[7m252[0m         const change = Math.abs(newWeights[key] - prevWeights[key])
[7m   [0m [91m                                                  ~~~~~~~~~~~~~~~~[0m

[96msrc/lib/metaaligner/core/dynamic-weighting.test.ts[0m:[93m477[0m:[93m29[0m - [91merror[0m[90m TS2532: [0mObject is possibly 'undefined'.

[7m477[0m         const prevWeights = results[i - 1].weights
[7m   [0m [91m                            ~~~~~~~~~~~~~~[0m

[96msrc/lib/metaaligner/core/dynamic-weighting.test.ts[0m:[93m478[0m:[93m29[0m - [91merror[0m[90m TS2532: [0mObject is possibly 'undefined'.

[7m478[0m         const currWeights = results[i].weights
[7m   [0m [91m                            ~~~~~~~~~~[0m

[96msrc/lib/metaaligner/core/dynamic-weighting.test.ts[0m:[93m481[0m:[93m35[0m - [91merror[0m[90m TS2532: [0mObject is possibly 'undefined'.

[7m481[0m           const change = Math.abs(currWeights[key] - prevWeights[key])
[7m   [0m [91m                                  ~~~~~~~~~~~~~~~~[0m

[96msrc/lib/metaaligner/core/dynamic-weighting.test.ts[0m:[93m481[0m:[93m54[0m - [91merror[0m[90m TS2532: [0mObject is possibly 'undefined'.

[7m481[0m           const change = Math.abs(currWeights[key] - prevWeights[key])
[7m   [0m [91m                                                     ~~~~~~~~~~~~~~~~[0m

[96msrc/lib/metaaligner/core/dynamic-weighting.test.ts[0m:[93m504[0m:[93m11[0m - [91merror[0m[90m TS2322: [0mType 'ContextType | undefined' is not assignable to type 'ContextType'.
  Type 'undefined' is not assignable to type 'ContextType'.

[7m504[0m           detectedContext: oscillatingContexts[i],
[7m   [0m [91m          ~~~~~~~~~~~~~~~[0m

  [96msrc/lib/metaaligner/core/objectives.ts[0m:[93m24[0m:[93m3[0m
    [7m24[0m   detectedContext: ContextType
    [7m  [0m [96m  ~~~~~~~~~~~~~~~[0m
    The expected type comes from property 'detectedContext' which is declared here on type 'AlignmentContext'

[96msrc/lib/metaaligner/core/dynamic-weighting.test.ts[0m:[93m512[0m:[93m31[0m - [91merror[0m[90m TS2532: [0mObject is possibly 'undefined'.

[7m512[0m           const prevWeights = history[history.length - 2].weights
[7m   [0m [91m                              ~~~~~~~~~~~~~~~~~~~~~~~~~~~[0m

[96msrc/lib/metaaligner/core/dynamic-weighting.test.ts[0m:[93m516[0m:[93m37[0m - [91merror[0m[90m TS2532: [0mObject is possibly 'undefined'.

[7m516[0m             const change = Math.abs(currWeights[key] - prevWeights[key])
[7m   [0m [91m                                    ~~~~~~~~~~~~~~~~[0m

[96msrc/lib/metaaligner/core/dynamic-weighting.test.ts[0m:[93m516[0m:[93m56[0m - [91merror[0m[90m TS2532: [0mObject is possibly 'undefined'.

[7m516[0m             const change = Math.abs(currWeights[key] - prevWeights[key])
[7m   [0m [91m                                                       ~~~~~~~~~~~~~~~~[0m

[96msrc/lib/metaaligner/core/dynamic-weighting.ts[0m:[93m210[0m:[93m7[0m - [91merror[0m[90m TS2739: [0mType 'Record<string, number>' is missing the following properties from type '{ correctness: number; informativeness: number; professionalism: number; empathy: number; safety: number; bias_detection?: number | undefined; cultural_sensitivity?: number | undefined; }': [ObjectiveId.CORRECTNESS], [ObjectiveId.INFORMATIVENESS], [ObjectiveId.PROFESSIONALISM], [ObjectiveId.EMPATHY], [ObjectiveId.SAFETY]

[7m210[0m       newWeights = this.applyBlending(newWeights, previousWeights)
[7m   [0m [91m      ~~~~~~~~~~[0m

[96msrc/lib/metaaligner/core/dynamic-weighting.ts[0m:[93m221[0m:[93m9[0m - [91merror[0m[90m TS2739: [0mType 'Record<string, number>' is missing the following properties from type '{ correctness: number; informativeness: number; professionalism: number; empathy: number; safety: number; bias_detection?: number | undefined; cultural_sensitivity?: number | undefined; }': [ObjectiveId.CORRECTNESS], [ObjectiveId.INFORMATIVENESS], [ObjectiveId.PROFESSIONALISM], [ObjectiveId.EMPATHY], [ObjectiveId.SAFETY]

[7m221[0m         newWeights = this.applyBlending(
[7m   [0m [91m        ~~~~~~~~~~[0m

[96msrc/lib/metaaligner/core/dynamic-weighting.ts[0m:[93m238[0m:[93m9[0m - [91merror[0m[90m TS2739: [0mType 'Record<string, number>' is missing the following properties from type '{ correctness: number; informativeness: number; professionalism: number; empathy: number; safety: number; bias_detection?: number | undefined; cultural_sensitivity?: number | undefined; }': [ObjectiveId.CORRECTNESS], [ObjectiveId.INFORMATIVENESS], [ObjectiveId.PROFESSIONALISM], [ObjectiveId.EMPATHY], [ObjectiveId.SAFETY]

[7m238[0m         newWeights = guardedWeights
[7m   [0m [91m        ~~~~~~~~~~[0m

[96msrc/lib/metaaligner/core/dynamic-weighting.ts[0m:[93m254[0m:[93m9[0m - [91merror[0m[90m TS2739: [0mType 'Record<string, number>' is missing the following properties from type '{ correctness: number; informativeness: number; professionalism: number; empathy: number; safety: number; bias_detection?: number | undefined; cultural_sensitivity?: number | undefined; }': [ObjectiveId.CORRECTNESS], [ObjectiveId.INFORMATIVENESS], [ObjectiveId.PROFESSIONALISM], [ObjectiveId.EMPATHY], [ObjectiveId.SAFETY]

[7m254[0m         newWeights = previousWeights
[7m   [0m [91m        ~~~~~~~~~~[0m

[96msrc/lib/metaaligner/core/dynamic-weighting.ts[0m:[93m264[0m:[93m7[0m - [91merror[0m[90m TS2739: [0mType 'Record<string, number>' is missing the following properties from type '{ correctness: number; informativeness: number; professionalism: number; empathy: number; safety: number; bias_detection?: number | undefined; cultural_sensitivity?: number | undefined; }': [ObjectiveId.CORRECTNESS], [ObjectiveId.INFORMATIVENESS], [ObjectiveId.PROFESSIONALISM], [ObjectiveId.EMPATHY], [ObjectiveId.SAFETY]

[7m264[0m       newWeights = this.normalizeWeights(newWeights)
[7m   [0m [91m      ~~~~~~~~~~[0m

[96msrc/lib/metaaligner/core/dynamic-weighting.ts[0m:[93m456[0m:[93m12[0m - [91merror[0m[90m TS2532: [0mObject is possibly 'undefined'.

[7m456[0m     return this.weightHistory[this.weightHistory.length - 1].weights
[7m   [0m [91m           ~~~~~~~~~~~~~~~~~~~~~~~~~~~~~~~~~~~~~~~~~~~~~~~~~[0m

[96msrc/lib/metaaligner/core/dynamic-weighting.ts[0m:[93m548[0m:[93m29[0m - [91merror[0m[90m TS2532: [0mObject is possibly 'undefined'.

[7m548[0m       const diff = Math.abs(weights1[key] - weights2[key])
[7m   [0m [91m                            ~~~~~~~~~~~~~[0m

[96msrc/lib/metaaligner/core/dynamic-weighting.ts[0m:[93m548[0m:[93m45[0m - [91merror[0m[90m TS2532: [0mObject is possibly 'undefined'.

[7m548[0m       const diff = Math.abs(weights1[key] - weights2[key])
[7m   [0m [91m                                            ~~~~~~~~~~~~~[0m

[96msrc/lib/metaaligner/core/objective-interfaces.test.ts[0m:[93m54[0m:[93m14[0m - [91merror[0m[90m TS2532: [0mObject is possibly 'undefined'.

[7m54[0m       expect(objective.criteria[0].criterion).toBe('test-criterion')
[7m  [0m [91m             ~~~~~~~~~~~~~~~~~~~~~[0m

[96msrc/lib/metaaligner/core/objective-interfaces.test.ts[0m:[93m354[0m:[93m14[0m - [91merror[0m[90m TS2532: [0mObject is possibly 'undefined'.

[7m354[0m       expect(objective.criteria[0].criterion).toBe('template-criterion')
[7m   [0m [91m             ~~~~~~~~~~~~~~~~~~~~~[0m

[96msrc/lib/metaaligner/core/objective-metrics.test.ts[0m:[93m155[0m:[93m70[0m - [91merror[0m[90m TS4111: [0mProperty 'correctness' comes from an index signature, so it must be accessed with ['correctness'].

[7m155[0m       const evaluationResult = mockEvaluationResult.objectiveResults.correctness
[7m   [0m [91m                                                                     ~~~~~~~~~~~[0m

[96msrc/lib/metaaligner/core/objective-metrics.test.ts[0m:[93m158[0m:[93m9[0m - [91merror[0m[90m TS2345: [0mArgument of type 'ObjectiveDefinition | undefined' is not assignable to parameter of type 'ObjectiveDefinition'.
  Type 'undefined' is not assignable to type 'ObjectiveDefinition'.

[7m158[0m         objective,
[7m   [0m [91m        ~~~~~~~~~[0m

[96msrc/lib/metaaligner/core/objective-metrics.test.ts[0m:[93m177[0m:[93m70[0m - [91merror[0m[90m TS4111: [0mProperty 'correctness' comes from an index signature, so it must be accessed with ['correctness'].

[7m177[0m       const evaluationResult = mockEvaluationResult.objectiveResults.correctness
[7m   [0m [91m                                                                     ~~~~~~~~~~~[0m

[96msrc/lib/metaaligner/core/objective-metrics.test.ts[0m:[93m180[0m:[93m9[0m - [91merror[0m[90m TS2345: [0mArgument of type 'ObjectiveDefinition | undefined' is not assignable to parameter of type 'ObjectiveDefinition'.
  Type 'undefined' is not assignable to type 'ObjectiveDefinition'.

[7m180[0m         objective,
[7m   [0m [91m        ~~~~~~~~~[0m

[96msrc/lib/metaaligner/core/objective-metrics.test.ts[0m:[93m200[0m:[93m70[0m - [91merror[0m[90m TS4111: [0mProperty 'correctness' comes from an index signature, so it must be accessed with ['correctness'].

[7m200[0m       const evaluationResult = mockEvaluationResult.objectiveResults.correctness
[7m   [0m [91m                                                                     ~~~~~~~~~~~[0m

[96msrc/lib/metaaligner/core/objective-metrics.test.ts[0m:[93m203[0m:[93m9[0m - [91merror[0m[90m TS2345: [0mArgument of type 'ObjectiveDefinition | undefined' is not assignable to parameter of type 'ObjectiveDefinition'.
  Type 'undefined' is not assignable to type 'ObjectiveDefinition'.

[7m203[0m         objective,
[7m   [0m [91m        ~~~~~~~~~[0m

[96msrc/lib/metaaligner/core/objective-metrics.test.ts[0m:[93m228[0m:[93m39[0m - [91merror[0m[90m TS4111: [0mProperty 'correctness' comes from an index signature, so it must be accessed with ['correctness'].

[7m228[0m       expect(metrics.objectiveMetrics.correctness).toBeDefined()
[7m   [0m [91m                                      ~~~~~~~~~~~[0m

[96msrc/lib/metaaligner/core/objective-metrics.test.ts[0m:[93m229[0m:[93m39[0m - [91merror[0m[90m TS4111: [0mProperty 'empathy' comes from an index signature, so it must be accessed with ['empathy'].

[7m229[0m       expect(metrics.objectiveMetrics.empathy).toBeDefined()
[7m   [0m [91m                                      ~~~~~~~[0m

[96msrc/lib/metaaligner/core/objective-metrics.test.ts[0m:[93m230[0m:[93m39[0m - [91merror[0m[90m TS4111: [0mProperty 'safety' comes from an index signature, so it must be accessed with ['safety'].

[7m230[0m       expect(metrics.objectiveMetrics.safety).toBeDefined()
[7m   [0m [91m                                      ~~~~~~[0m

[96msrc/lib/metaaligner/core/objective-metrics.test.ts[0m:[93m301[0m:[93m56[0m - [91merror[0m[90m TS4111: [0mProperty 'correctness' comes from an index signature, so it must be accessed with ['correctness'].

[7m301[0m               ...mockEvaluationResult.objectiveResults.correctness,
[7m   [0m [91m                                                       ~~~~~~~~~~~[0m

[96msrc/lib/metaaligner/core/objective-metrics.test.ts[0m:[93m307[0m:[93m30[0m - [91merror[0m[90m TS2345: [0mArgument of type '{ timestamp: Date; objectiveResults: { correctness: { score: number; objectiveId?: string | undefined; criteriaScores?: Record<string, number> | undefined; confidence?: number | undefined; explanation?: string; metadata?: EvaluationMetadata | undefined; }; }; ... 4 more ...; evaluationContext: AlignmentContext; }' is not assignable to parameter of type 'AlignmentEvaluationResult'.
  Types of property 'objectiveResults' are incompatible.
    Type '{ correctness: { score: number; objectiveId?: string | undefined; criteriaScores?: Record<string, number> | undefined; confidence?: number | undefined; explanation?: string; metadata?: EvaluationMetadata | undefined; }; }' is not assignable to type 'Record<string, ObjectiveEvaluationResult>'.
      Property 'correctness' is incompatible with index signature.
        Type '{ score: number; objectiveId?: string | undefined; criteriaScores?: Record<string, number> | undefined; confidence?: number | undefined; explanation?: string; metadata?: EvaluationMetadata | undefined; }' is not assignable to type 'ObjectiveEvaluationResult'.
          Types of property 'objectiveId' are incompatible.
            Type 'string | undefined' is not assignable to type 'string'.
              Type 'undefined' is not assignable to type 'string'.

[7m307[0m         engine.addEvaluation(evaluation, mockObjectives)
[7m   [0m [91m                             ~~~~~~~~~~[0m

[96msrc/lib/metaaligner/core/objective-metrics.test.ts[0m:[93m344[0m:[93m70[0m - [91merror[0m[90m TS4111: [0mProperty 'correctness' comes from an index signature, so it must be accessed with ['correctness'].

[7m344[0m       const evaluationResult = mockEvaluationResult.objectiveResults.correctness
[7m   [0m [91m                                                                     ~~~~~~~~~~~[0m

[96msrc/lib/metaaligner/core/objective-metrics.test.ts[0m:[93m346[0m:[93m9[0m - [91merror[0m[90m TS2345: [0mArgument of type 'ObjectiveDefinition | undefined' is not assignable to parameter of type 'ObjectiveDefinition'.
  Type 'undefined' is not assignable to type 'ObjectiveDefinition'.

[7m346[0m         objective,
[7m   [0m [91m        ~~~~~~~~~[0m

[96msrc/lib/metaaligner/core/objective-metrics.test.ts[0m:[93m365[0m:[93m54[0m - [91merror[0m[90m TS4111: [0mProperty 'correctness' comes from an index signature, so it must be accessed with ['correctness'].

[7m365[0m             ...mockEvaluationResult.objectiveResults.correctness,
[7m   [0m [91m                                                     ~~~~~~~~~~~[0m

[96msrc/lib/metaaligner/core/objective-metrics.test.ts[0m:[93m373[0m:[93m9[0m - [91merror[0m[90m TS2345: [0mArgument of type 'ObjectiveDefinition | undefined' is not assignable to parameter of type 'ObjectiveDefinition'.
  Type 'undefined' is not assignable to type 'ObjectiveDefinition'.

[7m373[0m         objective,
[7m   [0m [91m        ~~~~~~~~~[0m

[96msrc/lib/metaaligner/core/objective-metrics.test.ts[0m:[93m390[0m:[93m70[0m - [91merror[0m[90m TS4111: [0mProperty 'safety' comes from an index signature, so it must be accessed with ['safety'].

[7m390[0m       const evaluationResult = mockEvaluationResult.objectiveResults.safety
[7m   [0m [91m                                                                     ~~~~~~[0m

[96msrc/lib/metaaligner/core/objective-metrics.test.ts[0m:[93m392[0m:[93m9[0m - [91merror[0m[90m TS2345: [0mArgument of type 'ObjectiveDefinition | undefined' is not assignable to parameter of type 'ObjectiveDefinition'.
  Type 'undefined' is not assignable to type 'ObjectiveDefinition'.

[7m392[0m         safetyObjective,
[7m   [0m [91m        ~~~~~~~~~~~~~~~[0m

[96msrc/lib/metaaligner/core/objective-metrics.test.ts[0m:[93m407[0m:[93m70[0m - [91merror[0m[90m TS4111: [0mProperty 'correctness' comes from an index signature, so it must be accessed with ['correctness'].

[7m407[0m       const evaluationResult = mockEvaluationResult.objectiveResults.correctness
[7m   [0m [91m                                                                     ~~~~~~~~~~~[0m

[96msrc/lib/metaaligner/core/objective-metrics.test.ts[0m:[93m409[0m:[93m9[0m - [91merror[0m[90m TS2345: [0mArgument of type 'ObjectiveDefinition | undefined' is not assignable to parameter of type 'ObjectiveDefinition'.
  Type 'undefined' is not assignable to type 'ObjectiveDefinition'.

[7m409[0m         correctnessObjective,
[7m   [0m [91m        ~~~~~~~~~~~~~~~~~~~~[0m

[96msrc/lib/metaaligner/core/objective-metrics.test.ts[0m:[93m428[0m:[93m56[0m - [91merror[0m[90m TS4111: [0mProperty 'correctness' comes from an index signature, so it must be accessed with ['correctness'].

[7m428[0m               ...mockEvaluationResult.objectiveResults.correctness,
[7m   [0m [91m                                                       ~~~~~~~~~~~[0m

[96msrc/lib/metaaligner/core/objective-metrics.test.ts[0m:[93m433[0m:[93m30[0m - [91merror[0m[90m TS2345: [0mArgument of type '{ timestamp: Date; objectiveResults: { correctness: { score: number; objectiveId?: string | undefined; criteriaScores?: Record<string, number> | undefined; confidence?: number | undefined; explanation?: string; metadata?: EvaluationMetadata | undefined; }; }; ... 4 more ...; evaluationContext: AlignmentContext; }' is not assignable to parameter of type 'AlignmentEvaluationResult'.
  Types of property 'objectiveResults' are incompatible.
    Type '{ correctness: { score: number; objectiveId?: string | undefined; criteriaScores?: Record<string, number> | undefined; confidence?: number | undefined; explanation?: string; metadata?: EvaluationMetadata | undefined; }; }' is not assignable to type 'Record<string, ObjectiveEvaluationResult>'.
      Property 'correctness' is incompatible with index signature.
        Type '{ score: number; objectiveId?: string | undefined; criteriaScores?: Record<string, number> | undefined; confidence?: number | undefined; explanation?: string; metadata?: EvaluationMetadata | undefined; }' is not assignable to type 'ObjectiveEvaluationResult'.
          Types of property 'objectiveId' are incompatible.
            Type 'string | undefined' is not assignable to type 'string'.
              Type 'undefined' is not assignable to type 'string'.

[7m433[0m         engine.addEvaluation(evaluation, mockObjectives)
[7m   [0m [91m                             ~~~~~~~~~~[0m

[96msrc/lib/metaaligner/core/objective-metrics.test.ts[0m:[93m437[0m:[93m70[0m - [91merror[0m[90m TS4111: [0mProperty 'correctness' comes from an index signature, so it must be accessed with ['correctness'].

[7m437[0m       const evaluationResult = mockEvaluationResult.objectiveResults.correctness
[7m   [0m [91m                                                                     ~~~~~~~~~~~[0m

[96msrc/lib/metaaligner/core/objective-metrics.test.ts[0m:[93m439[0m:[93m9[0m - [91merror[0m[90m TS2345: [0mArgument of type 'ObjectiveDefinition | undefined' is not assignable to parameter of type 'ObjectiveDefinition'.
  Type 'undefined' is not assignable to type 'ObjectiveDefinition'.

[7m439[0m         objective,
[7m   [0m [91m        ~~~~~~~~~[0m

[96msrc/lib/metaaligner/core/objective-metrics.test.ts[0m:[93m458[0m:[93m56[0m - [91merror[0m[90m TS4111: [0mProperty 'correctness' comes from an index signature, so it must be accessed with ['correctness'].

[7m458[0m               ...mockEvaluationResult.objectiveResults.correctness,
[7m   [0m [91m                                                       ~~~~~~~~~~~[0m

[96msrc/lib/metaaligner/core/objective-metrics.test.ts[0m:[93m463[0m:[93m30[0m - [91merror[0m[90m TS2345: [0mArgument of type '{ timestamp: Date; objectiveResults: { correctness: { score: number | undefined; objectiveId?: string | undefined; criteriaScores?: Record<string, number> | undefined; confidence?: number | undefined; explanation?: string; metadata?: EvaluationMetadata | undefined; }; }; ... 4 more ...; evaluationContext: AlignmentC...' is not assignable to parameter of type 'AlignmentEvaluationResult'.
  Types of property 'objectiveResults' are incompatible.
    Type '{ correctness: { score: number | undefined; objectiveId?: string | undefined; criteriaScores?: Record<string, number> | undefined; confidence?: number | undefined; explanation?: string; metadata?: EvaluationMetadata | undefined; }; }' is not assignable to type 'Record<string, ObjectiveEvaluationResult>'.
      Property 'correctness' is incompatible with index signature.
        Type '{ score: number | undefined; objectiveId?: string | undefined; criteriaScores?: Record<string, number> | undefined; confidence?: number | undefined; explanation?: string; metadata?: EvaluationMetadata | undefined; }' is not assignable to type 'ObjectiveEvaluationResult'.
          Types of property 'objectiveId' are incompatible.
            Type 'string | undefined' is not assignable to type 'string'.
              Type 'undefined' is not assignable to type 'string'.

[7m463[0m         engine.addEvaluation(evaluation, mockObjectives)
[7m   [0m [91m                             ~~~~~~~~~~[0m

[96msrc/lib/metaaligner/core/objective-metrics.test.ts[0m:[93m467[0m:[93m70[0m - [91merror[0m[90m TS4111: [0mProperty 'correctness' comes from an index signature, so it must be accessed with ['correctness'].

[7m467[0m       const evaluationResult = mockEvaluationResult.objectiveResults.correctness
[7m   [0m [91m                                                                     ~~~~~~~~~~~[0m

[96msrc/lib/metaaligner/core/objective-metrics.test.ts[0m:[93m469[0m:[93m9[0m - [91merror[0m[90m TS2345: [0mArgument of type 'ObjectiveDefinition | undefined' is not assignable to parameter of type 'ObjectiveDefinition'.
  Type 'undefined' is not assignable to type 'ObjectiveDefinition'.

[7m469[0m         objective,
[7m   [0m [91m        ~~~~~~~~~[0m

[96msrc/lib/metaaligner/core/objective-metrics.test.ts[0m:[93m489[0m:[93m30[0m - [91merror[0m[90m TS2345: [0mArgument of type '{ overallScore: number | undefined; timestamp: Date; objectiveResults: Record<string, ObjectiveEvaluationResult>; weights: Record<string, number>; normalizedScores: Record<string, number>; aggregationMethod: AggregationMethod; evaluationContext: AlignmentContext; }' is not assignable to parameter of type 'AlignmentEvaluationResult'.
  Types of property 'overallScore' are incompatible.
    Type 'number | undefined' is not assignable to type 'number'.
      Type 'undefined' is not assignable to type 'number'.

[7m489[0m         engine.addEvaluation(evaluation, mockObjectives)
[7m   [0m [91m                             ~~~~~~~~~~[0m

[96msrc/lib/metaaligner/core/objective-metrics.test.ts[0m:[93m534[0m:[93m50[0m - [91merror[0m[90m TS4111: [0mProperty 'correctness' comes from an index signature, so it must be accessed with ['correctness'].

[7m534[0m         ...mockEvaluationResult.objectiveResults.correctness,
[7m   [0m [91m                                                 ~~~~~~~~~~~[0m

[96msrc/lib/metaaligner/core/objective-metrics.test.ts[0m:[93m539[0m:[93m9[0m - [91merror[0m[90m TS2345: [0mArgument of type '{ criteria: { criterion: string; description: string; weight: number; }[]; id?: string | undefined; name?: string | undefined; description?: string | undefined; weight?: number | undefined; evaluationFunction?: ((response: string, context: AlignmentContext) => number) | undefined; }' is not assignable to parameter of type 'ObjectiveDefinition'.
  Types of property 'id' are incompatible.
    Type 'string | undefined' is not assignable to type 'string'.
      Type 'undefined' is not assignable to type 'string'.

[7m539[0m         objectiveWithMissingCriteria,
[7m   [0m [91m        ~~~~~~~~~~~~~~~~~~~~~~~~~~~~[0m

[96msrc/lib/metaaligner/core/objective-metrics.test.ts[0m:[93m545[0m:[93m14[0m - [91merror[0m[90m TS2532: [0mObject is possibly 'undefined'.

[7m545[0m       expect(metrics.criteriaBreakdown[0].score).toBe(0)
[7m   [0m [91m             ~~~~~~~~~~~~~~~~~~~~~~~~~~~~[0m

[96msrc/lib/metaaligner/core/objective-metrics.test.ts[0m:[93m546[0m:[93m14[0m - [91merror[0m[90m TS2532: [0mObject is possibly 'undefined'.

[7m546[0m       expect(metrics.criteriaBreakdown[0].contribution).toBe(0)
[7m   [0m [91m             ~~~~~~~~~~~~~~~~~~~~~~~~~~~~[0m

[96msrc/lib/metaaligner/core/objective-metrics.test.ts[0m:[93m563[0m:[93m50[0m - [91merror[0m[90m TS4111: [0mProperty 'excellent' comes from an index signature, so it must be accessed with ['excellent'].

[7m563[0m       DEFAULT_METRICS_CONFIG.benchmarkThresholds.excellent,
[7m   [0m [91m                                                 ~~~~~~~~~[0m

[96msrc/lib/metaaligner/core/objective-metrics.test.ts[0m:[93m564[0m:[93m23[0m - [91merror[0m[90m TS2345: [0mArgument of type 'number | undefined' is not assignable to parameter of type 'number | bigint'.
  Type 'undefined' is not assignable to type 'number | bigint'.

[7m564[0m     ).toBeGreaterThan(DEFAULT_METRICS_CONFIG.benchmarkThresholds.good)
[7m   [0m [91m                      ~~~~~~~~~~~~~~~~~~~~~~~~~~~~~~~~~~~~~~~~~~~~~~~[0m

[96msrc/lib/metaaligner/core/objective-metrics.test.ts[0m:[93m564[0m:[93m66[0m - [91merror[0m[90m TS4111: [0mProperty 'good' comes from an index signature, so it must be accessed with ['good'].

[7m564[0m     ).toBeGreaterThan(DEFAULT_METRICS_CONFIG.benchmarkThresholds.good)
[7m   [0m [91m                                                                 ~~~~[0m

[96msrc/lib/metaaligner/core/objective-metrics.test.ts[0m:[93m565[0m:[93m55[0m - [91merror[0m[90m TS4111: [0mProperty 'good' comes from an index signature, so it must be accessed with ['good'].

[7m565[0m     expect(DEFAULT_METRICS_CONFIG.benchmarkThresholds.good).toBeGreaterThan(
[7m   [0m [91m                                                      ~~~~[0m

[96msrc/lib/metaaligner/core/objective-metrics.test.ts[0m:[93m566[0m:[93m7[0m - [91merror[0m[90m TS2345: [0mArgument of type 'number | undefined' is not assignable to parameter of type 'number | bigint'.
  Type 'undefined' is not assignable to type 'number | bigint'.

[7m566[0m       DEFAULT_METRICS_CONFIG.benchmarkThresholds.acceptable,
[7m   [0m [91m      ~~~~~~~~~~~~~~~~~~~~~~~~~~~~~~~~~~~~~~~~~~~~~~~~~~~~~[0m

[96msrc/lib/metaaligner/core/objective-metrics.test.ts[0m:[93m566[0m:[93m50[0m - [91merror[0m[90m TS4111: [0mProperty 'acceptable' comes from an index signature, so it must be accessed with ['acceptable'].

[7m566[0m       DEFAULT_METRICS_CONFIG.benchmarkThresholds.acceptable,
[7m   [0m [91m                                                 ~~~~~~~~~~[0m

[96msrc/lib/metaaligner/core/objective-weighting.test.ts[0m:[93m129[0m:[93m9[0m - [91merror[0m[90m TS2345: [0mArgument of type 'number | undefined' is not assignable to parameter of type 'number | bigint'.
  Type 'undefined' is not assignable to type 'number | bigint'.

[7m129[0m         result.weights['correctness'],
[7m   [0m [91m        ~~~~~~~~~~~~~~~~~~~~~~~~~~~~~[0m

[96msrc/lib/metaaligner/core/objective-weighting.test.ts[0m:[93m132[0m:[93m9[0m - [91merror[0m[90m TS2345: [0mArgument of type 'number | undefined' is not assignable to parameter of type 'number | bigint'.
  Type 'undefined' is not assignable to type 'number | bigint'.

[7m132[0m         result.weights['correctness'],
[7m   [0m [91m        ~~~~~~~~~~~~~~~~~~~~~~~~~~~~~[0m

[96msrc/lib/metaaligner/core/objective-weighting.test.ts[0m:[93m230[0m:[93m9[0m - [91merror[0m[90m TS18048: [0m'initialWeights.empathy' is possibly 'undefined'.

[7m230[0m         initialWeights.empathy / initialWeights.safety
[7m   [0m [91m        ~~~~~~~~~~~~~~~~~~~~~~[0m

[96msrc/lib/metaaligner/core/objective-weighting.test.ts[0m:[93m230[0m:[93m24[0m - [91merror[0m[90m TS4111: [0mProperty 'empathy' comes from an index signature, so it must be accessed with ['empathy'].

[7m230[0m         initialWeights.empathy / initialWeights.safety
[7m   [0m [91m                       ~~~~~~~[0m

[96msrc/lib/metaaligner/core/objective-weighting.test.ts[0m:[93m230[0m:[93m34[0m - [91merror[0m[90m TS18048: [0m'initialWeights.safety' is possibly 'undefined'.

[7m230[0m         initialWeights.empathy / initialWeights.safety
[7m   [0m [91m                                 ~~~~~~~~~~~~~~~~~~~~~[0m

[96msrc/lib/metaaligner/core/objective-weighting.test.ts[0m:[93m230[0m:[93m49[0m - [91merror[0m[90m TS4111: [0mProperty 'safety' comes from an index signature, so it must be accessed with ['safety'].

[7m230[0m         initialWeights.empathy / initialWeights.safety
[7m   [0m [91m                                                ~~~~~~[0m

[96msrc/lib/metaaligner/core/objective-weighting.test.ts[0m:[93m232[0m:[93m9[0m - [91merror[0m[90m TS2532: [0mObject is possibly 'undefined'.

[7m232[0m         result.weights['empathy'] / result.weights['safety']
[7m   [0m [91m        ~~~~~~~~~~~~~~~~~~~~~~~~~[0m

[96msrc/lib/metaaligner/core/objective-weighting.test.ts[0m:[93m232[0m:[93m37[0m - [91merror[0m[90m TS2532: [0mObject is possibly 'undefined'.

[7m232[0m         result.weights['empathy'] / result.weights['safety']
[7m   [0m [91m                                    ~~~~~~~~~~~~~~~~~~~~~~~~[0m

[96msrc/lib/metaaligner/core/objective-weighting.test.ts[0m:[93m239[0m:[93m9[0m - [91merror[0m[90m TS18048: [0m'initialWeights.correctness' is possibly 'undefined'.

[7m239[0m         initialWeights.correctness / initialWeights.safety
[7m   [0m [91m        ~~~~~~~~~~~~~~~~~~~~~~~~~~[0m

[96msrc/lib/metaaligner/core/objective-weighting.test.ts[0m:[93m239[0m:[93m24[0m - [91merror[0m[90m TS4111: [0mProperty 'correctness' comes from an index signature, so it must be accessed with ['correctness'].

[7m239[0m         initialWeights.correctness / initialWeights.safety
[7m   [0m [91m                       ~~~~~~~~~~~[0m

[96msrc/lib/metaaligner/core/objective-weighting.test.ts[0m:[93m239[0m:[93m38[0m - [91merror[0m[90m TS18048: [0m'initialWeights.safety' is possibly 'undefined'.

[7m239[0m         initialWeights.correctness / initialWeights.safety
[7m   [0m [91m                                     ~~~~~~~~~~~~~~~~~~~~~[0m

[96msrc/lib/metaaligner/core/objective-weighting.test.ts[0m:[93m239[0m:[93m53[0m - [91merror[0m[90m TS4111: [0mProperty 'safety' comes from an index signature, so it must be accessed with ['safety'].

[7m239[0m         initialWeights.correctness / initialWeights.safety
[7m   [0m [91m                                                    ~~~~~~[0m

[96msrc/lib/metaaligner/core/objective-weighting.test.ts[0m:[93m241[0m:[93m9[0m - [91merror[0m[90m TS2532: [0mObject is possibly 'undefined'.

[7m241[0m         result.weights['correctness'] / result.weights['safety']
[7m   [0m [91m        ~~~~~~~~~~~~~~~~~~~~~~~~~~~~~[0m

[96msrc/lib/metaaligner/core/objective-weighting.test.ts[0m:[93m241[0m:[93m41[0m - [91merror[0m[90m TS2532: [0mObject is possibly 'undefined'.

[7m241[0m         result.weights['correctness'] / result.weights['safety']
[7m   [0m [91m                                        ~~~~~~~~~~~~~~~~~~~~~~~~[0m

[96msrc/lib/metaaligner/core/objective-weighting.test.ts[0m:[93m500[0m:[93m44[0m - [91merror[0m[90m TS4111: [0mProperty 'correctness' comes from an index signature, so it must be accessed with ['correctness'].

[7m500[0m         correctness: mockEvaluationResults.correctness,
[7m   [0m [91m                                           ~~~~~~~~~~~[0m

[96msrc/lib/metaaligner/core/objective-weighting.test.ts[0m:[93m505[0m:[93m9[0m - [91merror[0m[90m TS2345: [0mArgument of type '{ correctness: ObjectiveEvaluationResult | undefined; }' is not assignable to parameter of type 'Record<string, ObjectiveEvaluationResult>'.
  Property 'correctness' is incompatible with index signature.
    Type 'ObjectiveEvaluationResult | undefined' is not assignable to type 'ObjectiveEvaluationResult'.
      Type 'undefined' is not assignable to type 'ObjectiveEvaluationResult'.

[7m505[0m         singleResult,
[7m   [0m [91m        ~~~~~~~~~~~~[0m

[96msrc/lib/metaaligner/core/objective-weighting.ts[0m:[93m200[0m:[93m9[0m - [91merror[0m[90m TS7053: [0mElement implicitly has an 'any' type because expression of type 'string' can't be used to index type 'ContextualObjectiveWeights'.
  No index signature with a parameter of type 'string' was found on type 'ContextualObjectiveWeights'.

[7m200[0m         contextualWeights[objectiveId] !== undefined
[7m   [0m [91m        ~~~~~~~~~~~~~~~~~~~~~~~~~~~~~~[0m

[96msrc/lib/metaaligner/core/objective-weighting.ts[0m:[93m201[0m:[93m13[0m - [91merror[0m[90m TS7053: [0mElement implicitly has an 'any' type because expression of type 'string' can't be used to index type 'ContextualObjectiveWeights'.
  No index signature with a parameter of type 'string' was found on type 'ContextualObjectiveWeights'.

[7m201[0m           ? contextualWeights[objectiveId]!
[7m   [0m [91m            ~~~~~~~~~~~~~~~~~~~~~~~~~~~~~~[0m

[96msrc/lib/metaaligner/core/objective-weighting.ts[0m:[93m218[0m:[93m10[0m - [91merror[0m[90m TS2352: [0mConversion of type 'ContextualObjectiveWeights' to type 'Record<string, number>' may be a mistake because neither type sufficiently overlaps with the other. If this was intentional, convert the expression to 'unknown' first.
  Index signature for type 'string' is missing in type 'ContextualObjectiveWeights'.

[7m218[0m         (contextual as Record<string, number>)[objectiveId] ?? base
[7m   [0m [91m         ~~~~~~~~~~~~~~~~~~~~~~~~~~~~~~~~~~~~[0m

[96msrc/lib/metaaligner/core/objective-weighting.ts[0m:[93m242[0m:[93m11[0m - [91merror[0m[90m TS2532: [0mObject is possibly 'undefined'.

[7m242[0m           weights[pref.objectiveId] *= 1 + pref.preferenceStrength
[7m   [0m [91m          ~~~~~~~~~~~~~~~~~~~~~~~~~[0m

[96msrc/lib/metaaligner/core/objective-weighting.ts[0m:[93m315[0m:[93m11[0m - [91merror[0m[90m TS2532: [0mObject is possibly 'undefined'.

[7m315[0m           weights[objective.id] *= 1.2
[7m   [0m [91m          ~~~~~~~~~~~~~~~~~~~~~[0m

[96msrc/lib/metaaligner/core/objective-weighting.ts[0m:[93m467[0m:[93m37[0m - [91merror[0m[90m TS18048: [0m'baseWeight' is possibly 'undefined'.

[7m467[0m       if (Math.abs(adjustedWeight - baseWeight) > 0.01) {
[7m   [0m [91m                                    ~~~~~~~~~~[0m

[96msrc/lib/metaaligner/core/objective-weighting.ts[0m:[93m471[0m:[93m11[0m - [91merror[0m[90m TS2322: [0mType 'number | undefined' is not assignable to type 'number'.
  Type 'undefined' is not assignable to type 'number'.

[7m471[0m           previousWeight: baseWeight,
[7m   [0m [91m          ~~~~~~~~~~~~~~[0m

  [96msrc/lib/metaaligner/core/objective-weighting.ts[0m:[93m62[0m:[93m3[0m
    [7m62[0m   previousWeight: number
    [7m  [0m [96m  ~~~~~~~~~~~~~~[0m
    The expected type comes from property 'previousWeight' which is declared here on type 'WeightAdjustment'

[96msrc/lib/metaaligner/core/objectives.test.ts[0m:[93m300[0m:[93m39[0m - [91merror[0m[90m TS4111: [0mProperty 'sessionId' comes from an index signature, so it must be accessed with ['sessionId'].

[7m300[0m       expect(context.sessionMetadata?.sessionId).toBe('123')
[7m   [0m [91m                                      ~~~~~~~~~[0m

[96msrc/lib/metaaligner/error-handling/circuit-breaker.ts[0m:[93m34[0m:[93m11[0m - [91merror[0m[90m TS6133: [0m'lastError' is declared but its value is never read.

[7m34[0m   private lastError: Error | null = null
[7m  [0m [91m          ~~~~~~~~~[0m

[96msrc/lib/metaaligner/formats/conversion.ts[0m:[93m37[0m:[93m3[0m - [91merror[0m[90m TS2322: [0mType '{ enhancedResponse: string; originalResponse: string; alignment: { evaluation: Record<string | number | symbol, unknown>; metrics: Record<string | number | symbol, unknown>; enhanced: boolean; enhancementAttempts: number; }; errors?: { ...; }[] | undefined; version?: string | undefined; }' is not assignable to type 'UnifiedProcessingResponse'.
  The types of 'alignment.evaluation' are incompatible between these types.
    Type 'Record<string | number | symbol, unknown>' is missing the following properties from type 'AlignmentEvaluationResult': overallScore, objectiveResults, weights, normalizedScores, and 3 more.

[7m37[0m   return validateData(UnifiedProcessingResponseSchema, data)
[7m  [0m [91m  ~~~~~~[0m

[96msrc/lib/metaaligner/formats/schemas.ts[0m:[93m13[0m:[93m35[0m - [91merror[0m[90m TS2554: [0mExpected 2-3 arguments, but got 1.

[7m13[0m   content: z.union([z.string(), z.record(z.unknown())]),
[7m  [0m [91m                                  ~~~~~~[0m

  [96mnode_modules/.pnpm/zod@4.4.3/node_modules/zod/v4/classic/schemas.d.cts[0m:[93m534[0m:[93m107[0m
    [7m534[0m export declare function record<Key extends core.$ZodRecordKey, Value extends core.SomeType>(keyType: Key, valueType: Value, params?: string | core.$ZodRecordParams): ZodRecord<Key, Value>;
    [7m   [0m [96m                                                                                                          ~~~~~~~~~~~~~~~~[0m
    An argument for 'valueType' was not provided.

[96msrc/lib/metaaligner/formats/schemas.ts[0m:[93m14[0m:[93m15[0m - [91merror[0m[90m TS2554: [0mExpected 2-3 arguments, but got 1.

[7m14[0m   metadata: z.record(z.unknown()).optional(),
[7m  [0m [91m              ~~~~~~[0m

  [96mnode_modules/.pnpm/zod@4.4.3/node_modules/zod/v4/classic/schemas.d.cts[0m:[93m534[0m:[93m107[0m
    [7m534[0m export declare function record<Key extends core.$ZodRecordKey, Value extends core.SomeType>(keyType: Key, valueType: Value, params?: string | core.$ZodRecordParams): ZodRecord<Key, Value>;
    [7m   [0m [96m                                                                                                          ~~~~~~~~~~~~~~~~[0m
    An argument for 'valueType' was not provided.

[96msrc/lib/metaaligner/formats/schemas.ts[0m:[93m43[0m:[93m19[0m - [91merror[0m[90m TS2554: [0mExpected 2-3 arguments, but got 1.

[7m43[0m     evaluation: z.record(z.unknown()), // This could be more specific if AlignmentEvaluationResult has a Zod schema
[7m  [0m [91m                  ~~~~~~[0m

  [96mnode_modules/.pnpm/zod@4.4.3/node_modules/zod/v4/classic/schemas.d.cts[0m:[93m534[0m:[93m107[0m
    [7m534[0m export declare function record<Key extends core.$ZodRecordKey, Value extends core.SomeType>(keyType: Key, valueType: Value, params?: string | core.$ZodRecordParams): ZodRecord<Key, Value>;
    [7m   [0m [96m                                                                                                          ~~~~~~~~~~~~~~~~[0m
    An argument for 'valueType' was not provided.

[96msrc/lib/metaaligner/formats/schemas.ts[0m:[93m44[0m:[93m16[0m - [91merror[0m[90m TS2554: [0mExpected 2-3 arguments, but got 1.

[7m44[0m     metrics: z.record(z.unknown()), // This could be more specific if AlignmentMetrics has a Zod schema
[7m  [0m [91m               ~~~~~~[0m

  [96mnode_modules/.pnpm/zod@4.4.3/node_modules/zod/v4/classic/schemas.d.cts[0m:[93m534[0m:[93m107[0m
    [7m534[0m export declare function record<Key extends core.$ZodRecordKey, Value extends core.SomeType>(keyType: Key, valueType: Value, params?: string | core.$ZodRecordParams): ZodRecord<Key, Value>;
    [7m   [0m [96m                                                                                                          ~~~~~~~~~~~~~~~~[0m
    An argument for 'valueType' was not provided.

[96msrc/lib/metaaligner/objectives/objective-injector.ts[0m:[93m8[0m:[93m47[0m - [91merror[0m[90m TS2307: [0mCannot find module './objectives' or its corresponding type declarations.

[7m8[0m import { CORE_MENTAL_HEALTH_OBJECTIVES } from './objectives'
[7m [0m [91m                                              ~~~~~~~~~~~~~~[0m

[96msrc/lib/metaaligner/objectives/objective-injector.ts[0m:[93m40[0m:[93m9[0m - [91merror[0m[90m TS2353: [0mObject literal may only specify known properties, and 'objectives' does not exist in type 'UnifiedContext'.

[7m40[0m         objectives: resolvedObjectives,
[7m  [0m [91m        ~~~~~~~~~~[0m

  [96msrc/lib/metaaligner/api/unified-api.ts[0m:[93m55[0m:[93m3[0m
    [7m55[0m   context: UnifiedContext
    [7m  [0m [96m  ~~~~~~~[0m
    The expected type comes from property 'context' which is declared here on type 'UnifiedProcessingRequest'

[96msrc/lib/metaaligner/prioritization/EducationalContextRecognizer.ts[0m:[93m246[0m:[93m50[0m - [91merror[0m[90m TS2339: [0mProperty 'createChatCompletion' does not exist on type '{}'.

[7m246[0m     const response = await this.config.aiService.createChatCompletion(
[7m   [0m [91m                                                 ~~~~~~~~~~~~~~~~~~~~[0m

[96msrc/lib/metaaligner/prioritization/EducationalContextRecognizer.ts[0m:[93m271[0m:[93m45[0m - [91merror[0m[90m TS2345: [0mArgument of type 'unknown' is not assignable to parameter of type 'string'.

[7m271[0m         complexity: this.validateComplexity(parsed.complexity),
[7m   [0m [91m                                            ~~~~~~~~~~~~~~~~~[0m

[96msrc/lib/metaaligner/prioritization/EducationalContextRecognizer.ts[0m:[93m285[0m:[93m32[0m - [91merror[0m[90m TS2339: [0mProperty 'metadata' does not exist on type '{ isEducational?: unknown; confidence?: number | undefined; complexity?: unknown; learningObjectives?: unknown; recommendedResources?: unknown; priorKnowledgeRequired?: unknown; }'.

[7m285[0m             Math.min(1, parsed.metadata?.conceptualDepth ?? 0.5),
[7m   [0m [91m                               ~~~~~~~~[0m

[96msrc/lib/metaaligner/prioritization/EducationalContextRecognizer.ts[0m:[93m288[0m:[93m20[0m - [91merror[0m[90m TS2339: [0mProperty 'metadata' does not exist on type '{ isEducational?: unknown; confidence?: number | undefined; complexity?: unknown; learningObjectives?: unknown; recommendedResources?: unknown; priorKnowledgeRequired?: unknown; }'.

[7m288[0m             parsed.metadata?.practicalApplications,
[7m   [0m [91m                   ~~~~~~~~[0m

[96msrc/lib/metaaligner/prioritization/EducationalContextRecognizer.ts[0m:[93m290[0m:[93m22[0m - [91merror[0m[90m TS2339: [0mProperty 'metadata' does not exist on type '{ isEducational?: unknown; confidence?: number | undefined; complexity?: unknown; learningObjectives?: unknown; recommendedResources?: unknown; priorKnowledgeRequired?: unknown; }'.

[7m290[0m             ? parsed.metadata.practicalApplications
[7m   [0m [91m                     ~~~~~~~~[0m

[96msrc/lib/metaaligner/prioritization/EducationalContextRecognizer.ts[0m:[93m292[0m:[93m47[0m - [91merror[0m[90m TS2339: [0mProperty 'metadata' does not exist on type '{ isEducational?: unknown; confidence?: number | undefined; complexity?: unknown; learningObjectives?: unknown; recommendedResources?: unknown; priorKnowledgeRequired?: unknown; }'.

[7m292[0m           relatedTopics: Array.isArray(parsed.metadata?.relatedTopics)
[7m   [0m [91m                                              ~~~~~~~~[0m

[96msrc/lib/metaaligner/prioritization/EducationalContextRecognizer.ts[0m:[93m293[0m:[93m22[0m - [91merror[0m[90m TS2339: [0mProperty 'metadata' does not exist on type '{ isEducational?: unknown; confidence?: number | undefined; complexity?: unknown; learningObjectives?: unknown; recommendedResources?: unknown; priorKnowledgeRequired?: unknown; }'.

[7m293[0m             ? parsed.metadata.relatedTopics
[7m   [0m [91m                     ~~~~~~~~[0m

[96msrc/lib/metaaligner/prioritization/EducationalContextRecognizer.ts[0m:[93m387[0m:[93m40[0m - [91merror[0m[90m TS4111: [0mProperty 'relatedTopics' comes from an index signature, so it must be accessed with ['relatedTopics'].

[7m387[0m       relatedConcepts: result.metadata.relatedTopics ?? [],
[7m   [0m [91m                                       ~~~~~~~~~~~~~[0m

[96msrc/lib/metaaligner/prioritization/adaptive-selector.test.ts[0m:[93m391[0m:[93m51[0m - [91merror[0m[90m TS4111: [0mProperty 'error' comes from an index signature, so it must be accessed with ['error'].

[7m391[0m     expect(result.contextDetectionResult.metadata.error).toBeDefined()
[7m   [0m [91m                                                  ~~~~~[0m

[96msrc/lib/metaaligner/prioritization/adaptive-selector.test.ts[0m:[93m411[0m:[93m9[0m - [91merror[0m[90m TS2532: [0mObject is possibly 'undefined'.

[7m411[0m         defaultWeights[id] /= totalDefaultWeight
[7m   [0m [91m        ~~~~~~~~~~~~~~~~~~[0m

[96msrc/lib/metaaligner/prioritization/adaptive-selector.test.ts[0m:[93m416[0m:[93m37[0m - [91merror[0m[90m TS2345: [0mArgument of type 'number | undefined' is not assignable to parameter of type 'number'.
  Type 'undefined' is not assignable to type 'number'.

[7m416[0m       expect(so.weight).toBeCloseTo(defaultWeights[so.objective.id], 5)
[7m   [0m [91m                                    ~~~~~~~~~~~~~~~~~~~~~~~~~~~~~~~[0m

[96msrc/lib/metaaligner/prioritization/adaptive-selector.test.ts[0m:[93m465[0m:[93m24[0m - [91merror[0m[90m TS2304: [0mCannot find name 'UserProfile'.

[7m465[0m     const userProfile: UserProfile = {
[7m   [0m [91m                       ~~~~~~~~~~~[0m

[96msrc/lib/metaaligner/prioritization/adaptive-selector.ts[0m:[93m136[0m:[93m59[0m - [91merror[0m[90m TS4111: [0mProperty 'error' comes from an index signature, so it must be accessed with ['error'].

[7m136[0m       'error' in detection.metadata && detection.metadata.error !== undefined
[7m   [0m [91m                                                          ~~~~~[0m

[96msrc/lib/metaaligner/prioritization/adaptive-selector.ts[0m:[93m142[0m:[93m33[0m - [91merror[0m[90m TS2352: [0mConversion of type '{ weights: { [x: string]: number; }; details: { strategy: string; reason: string; }; }' to type 'WeightCalculationResult' may be a mistake because neither type sufficiently overlaps with the other. If this was intentional, convert the expression to 'unknown' first.
  Type '{ weights: { [x: string]: number; }; details: { strategy: string; reason: string; }; }' is missing the following properties from type 'WeightCalculationResult': strategy, confidence, metadata

[7m142[0m       weightCalculationResult = {
[7m   [0m [91m                                ~[0m
[7m143[0m         weights: { ...defaults },
[7m   [0m [91m~~~~~~~~~~~~~~~~~~~~~~~~~~~~~~~~~[0m
[7m...[0m 
[7m148[0m         },
[7m   [0m [91m~~~~~~~~~~[0m
[7m149[0m       } as WeightCalculationResult
[7m   [0m [91m~~~~~~~~~~~~~~~~~~~~~~~~~~~~~~~~~~[0m

[96msrc/lib/metaaligner/prioritization/adaptive-selector.ts[0m:[93m166[0m:[93m9[0m - [91merror[0m[90m TS2345: [0mArgument of type '{ objectives: Record<string, number>; contextualWeights: {}; globalSettings: { enableDynamicWeighting: boolean; enableContextualAdjustment: boolean; minObjectiveScore: number; maxObjectiveScore: number; normalizationMethod: number; aggregationMethod: number; }; }' is not assignable to parameter of type 'ObjectiveConfiguration'.
  The types of 'globalSettings.normalizationMethod' are incompatible between these types.
    Type 'number' is not assignable to type 'NormalizationMethod'.

[7m166[0m         objectiveConfig,
[7m   [0m [91m        ~~~~~~~~~~~~~~~[0m

[96msrc/lib/metaaligner/prioritization/context-detector.test.ts[0m:[93m107[0m:[93m9[0m - [91merror[0m[90m TS2345: [0mArgument of type '{ id: string; created: number; model: string; choices: { message: { role: "assistant"; content: string; }; finishReason: "stop"; }[]; usage: { promptTokens: number; completionTokens: number; totalTokens: number; }; provider: string; }' is not assignable to parameter of type 'AICompletion'.
  Property 'content' is missing in type '{ id: string; created: number; model: string; choices: { message: { role: "assistant"; content: string; }; finishReason: "stop"; }[]; usage: { promptTokens: number; completionTokens: number; totalTokens: number; }; provider: string; }' but required in type 'AICompletion'.

[7m107[0m         aiResponse,
[7m   [0m [91m        ~~~~~~~~~~[0m

  [96msrc/lib/ai/models/ai-types.ts[0m:[93m42[0m:[93m3[0m
    [7m42[0m   content: string
    [7m  [0m [96m  ~~~~~~~[0m
    'content' is declared here.

[96msrc/lib/metaaligner/prioritization/context-detector.test.ts[0m:[93m122[0m:[93m29[0m - [91merror[0m[90m TS2304: [0mCannot find name 'CrisisDetectionResult'.

[7m122[0m         const crisisResult: CrisisDetectionResult = {
[7m   [0m [91m                            ~~~~~~~~~~~~~~~~~~~~~[0m

[96msrc/lib/metaaligner/prioritization/context-detector.test.ts[0m:[93m156[0m:[93m29[0m - [91merror[0m[90m TS2304: [0mCannot find name 'CrisisDetectionResult'.

[7m156[0m         const crisisResult: CrisisDetectionResult = {
[7m   [0m [91m                            ~~~~~~~~~~~~~~~~~~~~~[0m

[96msrc/lib/metaaligner/prioritization/context-detector.test.ts[0m:[93m204[0m:[93m11[0m - [91merror[0m[90m TS2345: [0mArgument of type '{ id: string; created: number; model: string; choices: { message: { role: "assistant"; content: string; }; finishReason: "stop"; }[]; usage: { promptTokens: number; completionTokens: number; totalTokens: number; }; provider: string; }' is not assignable to parameter of type 'AICompletion'.
  Property 'content' is missing in type '{ id: string; created: number; model: string; choices: { message: { role: "assistant"; content: string; }; finishReason: "stop"; }[]; usage: { promptTokens: number; completionTokens: number; totalTokens: number; }; provider: string; }' but required in type 'AICompletion'.

[7m204[0m           aiResponse,
[7m   [0m [91m          ~~~~~~~~~~[0m

  [96msrc/lib/ai/models/ai-types.ts[0m:[93m42[0m:[93m3[0m
    [7m42[0m   content: string
    [7m  [0m [96m  ~~~~~~~[0m
    'content' is declared here.

[96msrc/lib/metaaligner/prioritization/context-detector.test.ts[0m:[93m213[0m:[93m49[0m - [91merror[0m[90m TS2304: [0mCannot find name 'CrisisDetectionResult'.

[7m213[0m           (result.metadata['crisisAnalysis'] as CrisisDetectionResult)
[7m   [0m [91m                                                ~~~~~~~~~~~~~~~~~~~~~[0m

[96msrc/lib/metaaligner/prioritization/context-detector.test.ts[0m:[93m255[0m:[93m29[0m - [91merror[0m[90m TS2304: [0mCannot find name 'CrisisDetectionResult'.

[7m255[0m         const crisisResult: CrisisDetectionResult = {
[7m   [0m [91m                            ~~~~~~~~~~~~~~~~~~~~~[0m

[96msrc/lib/metaaligner/prioritization/context-detector.test.ts[0m:[93m269[0m:[93m11[0m - [91merror[0m[90m TS2345: [0mArgument of type '{ id: string; created: number; model: string; choices: { message: { role: "assistant"; content: string; }; finishReason: "stop"; }[]; usage: { promptTokens: number; completionTokens: number; totalTokens: number; }; provider: string; }' is not assignable to parameter of type 'AICompletion'.
  Property 'content' is missing in type '{ id: string; created: number; model: string; choices: { message: { role: "assistant"; content: string; }; finishReason: "stop"; }[]; usage: { promptTokens: number; completionTokens: number; totalTokens: number; }; provider: string; }' but required in type 'AICompletion'.

[7m269[0m           aiResponse,
[7m   [0m [91m          ~~~~~~~~~~[0m

  [96msrc/lib/ai/models/ai-types.ts[0m:[93m42[0m:[93m3[0m
    [7m42[0m   content: string
    [7m  [0m [96m  ~~~~~~~[0m
    'content' is declared here.

[96msrc/lib/metaaligner/prioritization/context-detector.test.ts[0m:[93m600[0m:[93m11[0m - [91merror[0m[90m TS2345: [0mArgument of type '{ id: string; created: number; model: string; choices: { message: { role: "assistant"; content: string; }; finishReason: "stop"; }[]; usage: { promptTokens: number; completionTokens: number; totalTokens: number; }; provider: string; }' is not assignable to parameter of type 'AICompletion'.
  Property 'content' is missing in type '{ id: string; created: number; model: string; choices: { message: { role: "assistant"; content: string; }; finishReason: "stop"; }[]; usage: { promptTokens: number; completionTokens: number; totalTokens: number; }; provider: string; }' but required in type 'AICompletion'.

[7m600[0m           malformedResponse,
[7m   [0m [91m          ~~~~~~~~~~~~~~~~~[0m

  [96msrc/lib/ai/models/ai-types.ts[0m:[93m42[0m:[93m3[0m
    [7m42[0m   content: string
    [7m  [0m [96m  ~~~~~~~[0m
    'content' is declared here.

[96msrc/lib/metaaligner/prioritization/context-detector.test.ts[0m:[93m618[0m:[93m27[0m - [91merror[0m[90m TS2304: [0mCannot find name 'CrisisDetectionResult'.

[7m618[0m       const crisisResult: CrisisDetectionResult = {
[7m   [0m [91m                          ~~~~~~~~~~~~~~~~~~~~~[0m

[96msrc/lib/metaaligner/prioritization/context-detector.test.ts[0m:[93m663[0m:[93m32[0m - [91merror[0m[90m TS2345: [0mArgument of type '{ id: string; created: number; model: string; choices: { message: { role: "assistant"; content: string; }; finishReason: "stop"; }[]; usage: { promptTokens: number; completionTokens: number; totalTokens: number; }; provider: string; } | undefined' is not assignable to parameter of type 'AICompletion'.
  Type 'undefined' is not assignable to type 'AICompletion'.

[7m663[0m         .mockResolvedValueOnce(aiResponses[0])
[7m   [0m [91m                               ~~~~~~~~~~~~~~[0m

[96msrc/lib/metaaligner/prioritization/context-detector.test.ts[0m:[93m664[0m:[93m32[0m - [91merror[0m[90m TS2345: [0mArgument of type '{ id: string; created: number; model: string; choices: { message: { role: "assistant"; content: string; }; finishReason: "stop"; }[]; usage: { promptTokens: number; completionTokens: number; totalTokens: number; }; provider: string; } | undefined' is not assignable to parameter of type 'AICompletion'.
  Type 'undefined' is not assignable to type 'AICompletion'.

[7m664[0m         .mockResolvedValueOnce(aiResponses[1])
[7m   [0m [91m                               ~~~~~~~~~~~~~~[0m

[96msrc/lib/metaaligner/prioritization/context-transition-detector.test.ts[0m:[93m377[0m:[93m14[0m - [91merror[0m[90m TS2532: [0mObject is possibly 'undefined'.

[7m377[0m       expect(recent[4].turnId).toBe(9)
[7m   [0m [91m             ~~~~~~~~~[0m

[96msrc/lib/metaaligner/prioritization/context-transition-detector.ts[0m:[93m198[0m:[93m9[0m - [91merror[0m[90m TS2322: [0mType 'ContextEvent | undefined' is not assignable to type 'ContextEvent | null'.
  Type 'undefined' is not assignable to type 'ContextEvent | null'.

[7m198[0m       ? this.history[this.history.length - 1]
[7m   [0m [91m        ~~~~~~~~~~~~~~~~~~~~~~~~~~~~~~~~~~~~~[0m

[96msrc/lib/metaaligner/prioritization/context-transition-detector.ts[0m:[93m230[0m:[93m33[0m - [91merror[0m[90m TS2532: [0mObject is possibly 'undefined'.

[7m230[0m       this.history.length > 0 ? this.history[0].confidence : 0
[7m   [0m [91m                                ~~~~~~~~~~~~~~~[0m

[96msrc/lib/metaaligner/prioritization/context-transition-detector.ts[0m:[93m236[0m:[93m11[0m - [91merror[0m[90m TS18048: [0m'prev' is possibly 'undefined'.

[7m236[0m       if (prev.contextType !== curr.contextType) {
[7m   [0m [91m          ~~~~[0m

[96msrc/lib/metaaligner/prioritization/context-transition-detector.ts[0m:[93m236[0m:[93m32[0m - [91merror[0m[90m TS18048: [0m'curr' is possibly 'undefined'.

[7m236[0m       if (prev.contextType !== curr.contextType) {
[7m   [0m [91m                               ~~~~[0m

[96msrc/lib/metaaligner/prioritization/context-transition-detector.ts[0m:[93m238[0m:[93m13[0m - [91merror[0m[90m TS18048: [0m'curr' is possibly 'undefined'.

[7m238[0m         if (curr.contextType === ContextType.CRISIS) {
[7m   [0m [91m            ~~~~[0m

[96msrc/lib/metaaligner/prioritization/context-transition-detector.ts[0m:[93m242[0m:[93m26[0m - [91merror[0m[90m TS18048: [0m'curr' is possibly 'undefined'.

[7m242[0m       totalConfidence += curr.confidence
[7m   [0m [91m                         ~~~~[0m

[96msrc/lib/metaaligner/prioritization/educational-context-recognizer.test.ts[0m:[93m31[0m:[93m3[0m - [91merror[0m[90m TS2353: [0mObject literal may only specify known properties, and 'createChatStream' does not exist in type 'AIService'.

[7m31[0m   createChatStream:
[7m  [0m [91m  ~~~~~~~~~~~~~~~~[0m

[96msrc/lib/metaaligner/prioritization/objective-switcher.test.ts[0m:[93m4[0m:[93m1[0m - [91merror[0m[90m TS6133: [0m'ObjectivePriority' is declared but its value is never read.

[7m4[0m import type { ObjectivePriority } from './context-objective-mapping'
[7m [0m [91m~~~~~~~~~~~~~~~~~~~~~~~~~~~~~~~~~~~~~~~~~~~~~~~~~~~~~~~~~~~~~~~~~~~~[0m

[96msrc/lib/metaaligner/prioritization/objective-switcher.test.ts[0m:[93m11[0m:[93m3[0m - [91merror[0m[90m TS6133: [0m'ObjectiveSwitchObserver' is declared but its value is never read.

[7m11[0m   ObjectiveSwitchObserver,
[7m  [0m [91m  ~~~~~~~~~~~~~~~~~~~~~~~[0m

[96msrc/lib/metaaligner/prioritization/objective-switcher.test.ts[0m:[93m12[0m:[93m8[0m - [91merror[0m[90m TS6133: [0m'SwitchMetadata' is declared but its value is never read.

[7m12[0m   type SwitchMetadata,
[7m  [0m [91m       ~~~~~~~~~~~~~~[0m

[96msrc/lib/metaaligner/prioritization/objective-switcher.test.ts[0m:[93m13[0m:[93m8[0m - [91merror[0m[90m TS6133: [0m'ObjectiveSwitcherConfig' is declared but its value is never read.

[7m13[0m   type ObjectiveSwitcherConfig,
[7m  [0m [91m       ~~~~~~~~~~~~~~~~~~~~~~~[0m

[96msrc/lib/metaaligner/prioritization/objective-switcher.test.ts[0m:[93m218[0m:[93m14[0m - [91merror[0m[90m TS18048: [0m'callArgs' is possibly 'undefined'.

[7m218[0m       expect(callArgs[0]).toBeInstanceOf(Array) // objectives
[7m   [0m [91m             ~~~~~~~~[0m

[96msrc/lib/metaaligner/prioritization/objective-switcher.test.ts[0m:[93m219[0m:[93m14[0m - [91merror[0m[90m TS18048: [0m'callArgs' is possibly 'undefined'.

[7m219[0m       expect(callArgs[1]).toHaveProperty('toContext')
[7m   [0m [91m             ~~~~~~~~[0m

[96msrc/lib/metaaligner/prioritization/support-context-identifier.test.ts[0m:[93m35[0m:[93m3[0m - [91merror[0m[90m TS2353: [0mObject literal may only specify known properties, and 'createChatStream' does not exist in type 'TestAIService'.

[7m35[0m   createChatStream: vi.fn(),
[7m  [0m [91m  ~~~~~~~~~~~~~~~~[0m

[96msrc/lib/metaaligner/prioritization/support-context-identifier.ts[0m:[93m461[0m:[93m29[0m - [91merror[0m[90m TS2739: [0mType '{}' is missing the following properties from type '{ emotionalIndicators: string[]; copingCapacity: "low" | "medium" | "high"; socialSupport: "unknown" | "strong" | "moderate" | "limited"; immediateNeeds: string[]; triggerEvents?: string[] | undefined; resilientFactors?: string[] | undefined; }': emotionalIndicators, copingCapacity, socialSupport, immediateNeeds

[7m461[0m       if (!result.metadata) result.metadata = {}
[7m   [0m [91m                            ~~~~~~~~~~~~~~~[0m

[96msrc/lib/metaaligner/prioritization/support-context-identifier.ts[0m:[93m462[0m:[93m23[0m - [91merror[0m[90m TS2339: [0mProperty 'requiresHumanReview' does not exist on type '{ emotionalIndicators: string[]; copingCapacity: "low" | "medium" | "high"; socialSupport: "unknown" | "strong" | "moderate" | "limited"; immediateNeeds: string[]; triggerEvents?: string[] | undefined; resilientFactors?: string[] | undefined; }'.

[7m462[0m       result.metadata.requiresHumanReview = true
[7m   [0m [91m                      ~~~~~~~~~~~~~~~~~~~[0m

[96msrc/lib/metaaligner/prioritization/support-context-identifier.ts[0m:[93m463[0m:[93m23[0m - [91merror[0m[90m TS2339: [0mProperty 'crisisInterventionFlagged' does not exist on type '{ emotionalIndicators: string[]; copingCapacity: "low" | "medium" | "high"; socialSupport: "unknown" | "strong" | "moderate" | "limited"; immediateNeeds: string[]; triggerEvents?: string[] | undefined; resilientFactors?: string[] | undefined; }'.

[7m463[0m       result.metadata.crisisInterventionFlagged = true
[7m   [0m [91m                      ~~~~~~~~~~~~~~~~~~~~~~~~~[0m

[96msrc/lib/metaaligner/prioritization/support-context-identifier.ts[0m:[93m478[0m:[93m29[0m - [91merror[0m[90m TS2739: [0mType '{}' is missing the following properties from type '{ emotionalIndicators: string[]; copingCapacity: "low" | "medium" | "high"; socialSupport: "unknown" | "strong" | "moderate" | "limited"; immediateNeeds: string[]; triggerEvents?: string[] | undefined; resilientFactors?: string[] | undefined; }': emotionalIndicators, copingCapacity, socialSupport, immediateNeeds

[7m478[0m       if (!result.metadata) result.metadata = {}
[7m   [0m [91m                            ~~~~~~~~~~~~~~~[0m

[96msrc/lib/metaaligner/prioritization/support-context-identifier.ts[0m:[93m479[0m:[93m23[0m - [91merror[0m[90m TS2339: [0mProperty 'requiresHumanReview' does not exist on type '{ emotionalIndicators: string[]; copingCapacity: "low" | "medium" | "high"; socialSupport: "unknown" | "strong" | "moderate" | "limited"; immediateNeeds: string[]; triggerEvents?: string[] | undefined; resilientFactors?: string[] | undefined; }'.

[7m479[0m       result.metadata.requiresHumanReview = true
[7m   [0m [91m                      ~~~~~~~~~~~~~~~~~~~[0m

[96msrc/lib/metaaligner/prioritization/support-context-identifier.ts[0m:[93m480[0m:[93m23[0m - [91merror[0m[90m TS2339: [0mProperty 'crisisInterventionFlagged' does not exist on type '{ emotionalIndicators: string[]; copingCapacity: "low" | "medium" | "high"; socialSupport: "unknown" | "strong" | "moderate" | "limited"; immediateNeeds: string[]; triggerEvents?: string[] | undefined; resilientFactors?: string[] | undefined; }'.

[7m480[0m       result.metadata.crisisInterventionFlagged = true
[7m   [0m [91m                      ~~~~~~~~~~~~~~~~~~~~~~~~~[0m

[96msrc/lib/metaaligner/prioritization/support-context-identifier.ts[0m:[93m896[0m:[93m65[0m - [91merror[0m[90m TS2345: [0mArgument of type '{ role: string; content: string; }[]' is not assignable to parameter of type 'AIMessage[]'.
  Type '{ role: string; content: string; }' is not assignable to type 'AIMessage'.
    Types of property 'role' are incompatible.
      Type 'string' is not assignable to type '"user" | "system" | "assistant"'.

[7m896[0m     const response = (await this.aiService.createChatCompletion(messages, {
[7m   [0m [91m                                                                ~~~~~~~~[0m

[96msrc/lib/metaaligner/prioritization/support-context-identifier.ts[0m:[93m1585[0m:[93m38[0m - [91merror[0m[90m TS2367: [0mThis comparison appears to be unintentional because the types '"low" | "medium"' and '"critical"' have no overlap.

[7m1585[0m     if (result.urgency === 'high' || result.urgency === 'critical') {
[7m    [0m [91m                                     ~~~~~~~~~~~~~~~~~~~~~~~~~~~~~[0m

[96msrc/lib/metaaligner/prioritization/user-preferences.test.ts[0m:[93m261[0m:[93m7[0m - [91merror[0m[90m TS2322: [0mType '"empathy"' is not assignable to type 'ObjectiveKey'.

[7m261[0m     { key: 'empathy', priority: 1, weight: 0.2 },
[7m   [0m [91m      ~~~[0m

  [96msrc/lib/metaaligner/prioritization/context-objective-mapping.ts[0m:[93m19[0m:[93m3[0m
    [7m19[0m   key: ObjectiveKey
    [7m  [0m [96m  ~~~[0m
    The expected type comes from property 'key' which is declared here on type 'ObjectivePriority'

[96msrc/lib/metaaligner/prioritization/user-preferences.test.ts[0m:[93m262[0m:[93m7[0m - [91merror[0m[90m TS2322: [0mType '"safety"' is not assignable to type 'ObjectiveKey'.

[7m262[0m     { key: 'safety', priority: 2, weight: 0.2 },
[7m   [0m [91m      ~~~[0m

  [96msrc/lib/metaaligner/prioritization/context-objective-mapping.ts[0m:[93m19[0m:[93m3[0m
    [7m19[0m   key: ObjectiveKey
    [7m  [0m [96m  ~~~[0m
    The expected type comes from property 'key' which is declared here on type 'ObjectivePriority'

[96msrc/lib/metaaligner/prioritization/user-preferences.test.ts[0m:[93m263[0m:[93m7[0m - [91merror[0m[90m TS2322: [0mType '"correctness"' is not assignable to type 'ObjectiveKey'.

[7m263[0m     { key: 'correctness', priority: 3, weight: 0.15 },
[7m   [0m [91m      ~~~[0m

  [96msrc/lib/metaaligner/prioritization/context-objective-mapping.ts[0m:[93m19[0m:[93m3[0m
    [7m19[0m   key: ObjectiveKey
    [7m  [0m [96m  ~~~[0m
    The expected type comes from property 'key' which is declared here on type 'ObjectivePriority'

[96msrc/lib/metaaligner/prioritization/user-preferences.test.ts[0m:[93m264[0m:[93m7[0m - [91merror[0m[90m TS2322: [0mType '"informativeness"' is not assignable to type 'ObjectiveKey'.

[7m264[0m     { key: 'informativeness', priority: 4, weight: 0.15 },
[7m   [0m [91m      ~~~[0m

  [96msrc/lib/metaaligner/prioritization/context-objective-mapping.ts[0m:[93m19[0m:[93m3[0m
    [7m19[0m   key: ObjectiveKey
    [7m  [0m [96m  ~~~[0m
    The expected type comes from property 'key' which is declared here on type 'ObjectivePriority'

[96msrc/lib/metaaligner/prioritization/user-preferences.test.ts[0m:[93m265[0m:[93m7[0m - [91merror[0m[90m TS2322: [0mType '"conciseness"' is not assignable to type 'ObjectiveKey'.

[7m265[0m     { key: 'conciseness', priority: 5, weight: 0.1 },
[7m   [0m [91m      ~~~[0m

  [96msrc/lib/metaaligner/prioritization/context-objective-mapping.ts[0m:[93m19[0m:[93m3[0m
    [7m19[0m   key: ObjectiveKey
    [7m  [0m [96m  ~~~[0m
    The expected type comes from property 'key' which is declared here on type 'ObjectivePriority'

[96msrc/lib/metaaligner/prioritization/user-preferences.test.ts[0m:[93m266[0m:[93m7[0m - [91merror[0m[90m TS2322: [0mType '"clarity"' is not assignable to type 'ObjectiveKey'.

[7m266[0m     { key: 'clarity', priority: 6, weight: 0.1 },
[7m   [0m [91m      ~~~[0m

  [96msrc/lib/metaaligner/prioritization/context-objective-mapping.ts[0m:[93m19[0m:[93m3[0m
    [7m19[0m   key: ObjectiveKey
    [7m  [0m [96m  ~~~[0m
    The expected type comes from property 'key' which is declared here on type 'ObjectivePriority'

[96msrc/lib/metaaligner/prioritization/user-preferences.test.ts[0m:[93m267[0m:[93m7[0m - [91merror[0m[90m TS2322: [0mType '"warmth"' is not assignable to type 'ObjectiveKey'.

[7m267[0m     { key: 'warmth', priority: 7, weight: 0.1 },
[7m   [0m [91m      ~~~[0m

  [96msrc/lib/metaaligner/prioritization/context-objective-mapping.ts[0m:[93m19[0m:[93m3[0m
    [7m19[0m   key: ObjectiveKey
    [7m  [0m [96m  ~~~[0m
    The expected type comes from property 'key' which is declared here on type 'ObjectivePriority'

[96msrc/lib/metaaligner/prioritization/user-preferences.test.ts[0m:[93m301[0m:[93m35[0m - [91merror[0m[90m TS2367: [0mThis comparison appears to be unintentional because the types 'ObjectiveKey' and '"warmth"' have no overlap.

[7m301[0m       expect(result.find((obj) => obj.key === 'warmth')).toBeUndefined()
[7m   [0m [91m                                  ~~~~~~~~~~~~~~~~~~~~[0m

[96msrc/lib/metaaligner/prioritization/user-preferences.test.ts[0m:[93m353[0m:[93m48[0m - [91merror[0m[90m TS2367: [0mThis comparison appears to be unintentional because the types 'ObjectiveKey' and '"conciseness"' have no overlap.

[7m353[0m       const conciseness = result.find((obj) => obj.key === 'conciseness')!
[7m   [0m [91m                                               ~~~~~~~~~~~~~~~~~~~~~~~~~[0m

[96msrc/lib/metaaligner/prioritization/user-preferences.test.ts[0m:[93m426[0m:[93m48[0m - [91merror[0m[90m TS2367: [0mThis comparison appears to be unintentional because the types 'ObjectiveKey' and '"conciseness"' have no overlap.

[7m426[0m       const conciseness = result.find((obj) => obj.key === 'conciseness')!
[7m   [0m [91m                                               ~~~~~~~~~~~~~~~~~~~~~~~~~[0m

[96msrc/lib/metaaligner/prioritization/user-preferences.test.ts[0m:[93m471[0m:[93m44[0m - [91merror[0m[90m TS2367: [0mThis comparison appears to be unintentional because the types 'ObjectiveKey' and '"clarity"' have no overlap.

[7m471[0m       const clarity = result.find((obj) => obj.key === 'clarity')!
[7m   [0m [91m                                           ~~~~~~~~~~~~~~~~~~~~~[0m

[96msrc/lib/metaaligner/prioritization/user-preferences.test.ts[0m:[93m488[0m:[93m44[0m - [91merror[0m[90m TS2367: [0mThis comparison appears to be unintentional because the types 'ObjectiveKey' and '"clarity"' have no overlap.

[7m488[0m       const clarity = result.find((obj) => obj.key === 'clarity')!
[7m   [0m [91m                                           ~~~~~~~~~~~~~~~~~~~~~[0m

[96msrc/lib/metaaligner/prioritization/user-preferences.test.ts[0m:[93m520[0m:[93m48[0m - [91merror[0m[90m TS2367: [0mThis comparison appears to be unintentional because the types 'ObjectiveKey' and '"conciseness"' have no overlap.

[7m520[0m       const conciseness = result.find((obj) => obj.key === 'conciseness')!
[7m   [0m [91m                                               ~~~~~~~~~~~~~~~~~~~~~~~~~[0m

[96msrc/lib/metaaligner/prioritization/user-preferences.test.ts[0m:[93m590[0m:[93m11[0m - [91merror[0m[90m TS2322: [0mType '"test1"' is not assignable to type 'ObjectiveKey'.

[7m590[0m         { key: 'test1', priority: 1, weight: 0 },
[7m   [0m [91m          ~~~[0m

  [96msrc/lib/metaaligner/prioritization/context-objective-mapping.ts[0m:[93m19[0m:[93m3[0m
    [7m19[0m   key: ObjectiveKey
    [7m  [0m [96m  ~~~[0m
    The expected type comes from property 'key' which is declared here on type 'ObjectivePriority'

[96msrc/lib/metaaligner/prioritization/user-preferences.test.ts[0m:[93m591[0m:[93m11[0m - [91merror[0m[90m TS2322: [0mType '"test2"' is not assignable to type 'ObjectiveKey'.

[7m591[0m         { key: 'test2', priority: 2, weight: 0 },
[7m   [0m [91m          ~~~[0m

  [96msrc/lib/metaaligner/prioritization/context-objective-mapping.ts[0m:[93m19[0m:[93m3[0m
    [7m19[0m   key: ObjectiveKey
    [7m  [0m [96m  ~~~[0m
    The expected type comes from property 'key' which is declared here on type 'ObjectivePriority'

[96msrc/lib/metaaligner/prioritization/user-preferences.test.ts[0m:[93m597[0m:[93m14[0m - [91merror[0m[90m TS2532: [0mObject is possibly 'undefined'.

[7m597[0m       expect(result[0].weight).toBeCloseTo(0.5, 4)
[7m   [0m [91m             ~~~~~~~~~[0m

[96msrc/lib/metaaligner/prioritization/user-preferences.test.ts[0m:[93m598[0m:[93m14[0m - [91merror[0m[90m TS2532: [0mObject is possibly 'undefined'.

[7m598[0m       expect(result[1].weight).toBeCloseTo(0.5, 4)
[7m   [0m [91m             ~~~~~~~~~[0m

[96msrc/lib/metaaligner/prioritization/user-preferences.ts[0m:[93m469[0m:[93m7[0m - [91merror[0m[90m TS2367: [0mThis comparison appears to be unintentional because the types 'ObjectiveKey' and '"clarity"' have no overlap.

[7m469[0m       obj.key === 'clarity'
[7m   [0m [91m      ~~~~~~~~~~~~~~~~~~~~~[0m

[96msrc/lib/metaaligner/prioritization/user-preferences.ts[0m:[93m487[0m:[93m7[0m - [91merror[0m[90m TS2367: [0mThis comparison appears to be unintentional because the types 'ObjectiveKey' and '"conciseness"' have no overlap.

[7m487[0m       obj.key === 'conciseness'
[7m   [0m [91m      ~~~~~~~~~~~~~~~~~~~~~~~~~[0m

[96msrc/lib/metaaligner/processing/enhancement-pipeline.ts[0m:[93m113[0m:[93m27[0m - [91merror[0m[90m TS2339: [0mProperty 'overallScore' does not exist on type 'EvaluationResponse'.

[7m113[0m         initialEvaluation.overallScore <
[7m   [0m [91m                          ~~~~~~~~~~~~[0m

[96msrc/lib/metaaligner/processing/enhancement-pipeline.ts[0m:[93m118[0m:[93m36[0m - [91merror[0m[90m TS2339: [0mProperty 'overallScore' does not exist on type 'EvaluationResponse'.

[7m118[0m           score: initialEvaluation.overallScore,
[7m   [0m [91m                                   ~~~~~~~~~~~~[0m

[96msrc/lib/metaaligner/processing/enhancement-pipeline.ts[0m:[93m128[0m:[93m13[0m - [91merror[0m[90m TS2739: [0mType 'AlignmentMetrics' is missing the following properties from type 'AlignmentMetrics': dimensionScores, confidence, timestamp

[7m128[0m             original: initialEvaluation.metrics,
[7m   [0m [91m            ~~~~~~~~[0m

  [96msrc/lib/metaaligner/processing/enhancement-pipeline.ts[0m:[93m37[0m:[93m5[0m
    [7m37[0m     original: AlignmentMetrics
    [7m  [0m [96m    ~~~~~~~~[0m
    The expected type comes from property 'original' which is declared here on type '{ original: AlignmentMetrics; enhanced: AlignmentMetrics; }'

[96msrc/lib/metaaligner/processing/enhancement-pipeline.ts[0m:[93m129[0m:[93m13[0m - [91merror[0m[90m TS2739: [0mType 'AlignmentMetrics' is missing the following properties from type 'AlignmentMetrics': dimensionScores, confidence, timestamp

[7m129[0m             enhanced: initialEvaluation.metrics,
[7m   [0m [91m            ~~~~~~~~[0m

  [96msrc/lib/metaaligner/processing/enhancement-pipeline.ts[0m:[93m38[0m:[93m5[0m
    [7m38[0m     enhanced: AlignmentMetrics
    [7m  [0m [96m    ~~~~~~~~[0m
    The expected type comes from property 'enhanced' which is declared here on type '{ original: AlignmentMetrics; enhanced: AlignmentMetrics; }'

[96msrc/lib/metaaligner/processing/enhancement-pipeline.ts[0m:[93m161[0m:[93m42[0m - [91merror[0m[90m TS2339: [0mProperty 'overallScore' does not exist on type 'EvaluationResponse'.

[7m161[0m         originalScore: initialEvaluation.overallScore.toFixed(3),
[7m   [0m [91m                                         ~~~~~~~~~~~~[0m

[96msrc/lib/metaaligner/processing/enhancement-pipeline.ts[0m:[93m162[0m:[93m40[0m - [91merror[0m[90m TS2339: [0mProperty 'overallScore' does not exist on type 'EvaluationResponse'.

[7m162[0m         enhancedScore: finalEvaluation.overallScore.toFixed(3),
[7m   [0m [91m                                       ~~~~~~~~~~~~[0m

[96msrc/lib/metaaligner/processing/enhancement-pipeline.ts[0m:[93m164[0m:[93m27[0m - [91merror[0m[90m TS2339: [0mProperty 'overallScore' does not exist on type 'EvaluationResponse'.

[7m164[0m           finalEvaluation.overallScore - initialEvaluation.overallScore
[7m   [0m [91m                          ~~~~~~~~~~~~[0m

[96msrc/lib/metaaligner/processing/enhancement-pipeline.ts[0m:[93m164[0m:[93m60[0m - [91merror[0m[90m TS2339: [0mProperty 'overallScore' does not exist on type 'EvaluationResponse'.

[7m164[0m           finalEvaluation.overallScore - initialEvaluation.overallScore
[7m   [0m [91m                                                           ~~~~~~~~~~~~[0m

[96msrc/lib/metaaligner/processing/enhancement-pipeline.ts[0m:[93m175[0m:[93m11[0m - [91merror[0m[90m TS2739: [0mType 'AlignmentMetrics' is missing the following properties from type 'AlignmentMetrics': dimensionScores, confidence, timestamp

[7m175[0m           original: initialEvaluation.metrics,
[7m   [0m [91m          ~~~~~~~~[0m

  [96msrc/lib/metaaligner/processing/enhancement-pipeline.ts[0m:[93m37[0m:[93m5[0m
    [7m37[0m     original: AlignmentMetrics
    [7m  [0m [96m    ~~~~~~~~[0m
    The expected type comes from property 'original' which is declared here on type '{ original: AlignmentMetrics; enhanced: AlignmentMetrics; }'

[96msrc/lib/metaaligner/processing/enhancement-pipeline.ts[0m:[93m176[0m:[93m11[0m - [91merror[0m[90m TS2739: [0mType 'AlignmentMetrics' is missing the following properties from type 'AlignmentMetrics': dimensionScores, confidence, timestamp

[7m176[0m           enhanced: finalEvaluation.metrics,
[7m   [0m [91m          ~~~~~~~~[0m

  [96msrc/lib/metaaligner/processing/enhancement-pipeline.ts[0m:[93m38[0m:[93m5[0m
    [7m38[0m     enhanced: AlignmentMetrics
    [7m  [0m [96m    ~~~~~~~~[0m
    The expected type comes from property 'enhanced' which is declared here on type '{ original: AlignmentMetrics; enhanced: AlignmentMetrics; }'

[96msrc/lib/metaaligner/processing/enhancement-pipeline.ts[0m:[93m274[0m:[93m11[0m - [91merror[0m[90m TS2741: [0mProperty 'aggregationMethod' is missing in type 'import("/home/vivi/pixelated/src/lib/metaaligner/core/objectives").AlignmentEvaluationResult' but required in type 'import("/home/vivi/pixelated/src/lib/metaaligner/core/objective-interfaces").AlignmentEvaluationResult'.

[7m274[0m           evaluationResult: currentEvaluation,
[7m   [0m [91m          ~~~~~~~~~~~~~~~~[0m

  [96msrc/lib/metaaligner/core/objective-interfaces.ts[0m:[93m168[0m:[93m3[0m
    [7m168[0m   aggregationMethod: AggregationMethod
    [7m   [0m [96m  ~~~~~~~~~~~~~~~~~[0m
    'aggregationMethod' is declared here.
  [96msrc/lib/metaaligner/api/alignment-api.ts[0m:[93m76[0m:[93m3[0m
    [7m76[0m   evaluationResult: AlignmentEvaluationResult
    [7m  [0m [96m  ~~~~~~~~~~~~~~~~[0m
    The expected type comes from property 'evaluationResult' which is declared here on type 'EnhancementRequest'

[96msrc/lib/metaaligner/streaming/streaming-handler.ts[0m:[93m42[0m:[93m16[0m - [91merror[0m[90m TS2416: [0mProperty 'processStream' in type 'StreamingHandler' is not assignable to the same property in base type 'IStreamingHandler'.
  Type '(request: UnifiedProcessingRequest, onChunk: (chunk: UnifiedProcessingResponse) => void, onError: (error: Error) => void) => Promise<...>' is not assignable to type '(request: UnifiedProcessingRequest, onChunk: (chunk: UnifiedProcessingResponse) => void) => Promise<void>'.
    Target signature provides too few arguments. Expected 3 or more, but got 2.

[7m42[0m   public async processStream(
[7m  [0m [91m               ~~~~~~~~~~~~~[0m

[96msrc/lib/middleware/csrf.ts[0m:[93m5[0m:[93m10[0m - [91merror[0m[90m TS2724: [0m'"../security"' has no exported member named 'generateSecureToken'. Did you mean 'createSecureToken'?

[7m5[0m import { generateSecureToken } from '../security'
[7m [0m [91m         ~~~~~~~~~~~~~~~~~~~[0m

  [96msrc/lib/security.ts[0m:[93m184[0m:[93m17[0m
    [7m184[0m export function createSecureToken(
    [7m   [0m [96m                ~~~~~~~~~~~~~~~~~[0m
    'createSecureToken' is declared here.

[96msrc/lib/middleware/rate-limit.ts[0m:[93m57[0m:[93m20[0m - [91merror[0m[90m TS6133: [0m'defaultLimit' is declared but its value is never read.

[7m57[0m   private readonly defaultLimit: number
[7m  [0m [91m                   ~~~~~~~~~~~~[0m

[96msrc/lib/middleware/rate-limit.ts[0m:[93m58[0m:[93m20[0m - [91merror[0m[90m TS6133: [0m'windowMs' is declared but its value is never read.

[7m58[0m   private readonly windowMs: number
[7m  [0m [91m                   ~~~~~~~~[0m

[96msrc/lib/middleware/rate-limit.ts[0m:[93m59[0m:[93m20[0m - [91merror[0m[90m TS6133: [0m'userLimits' is declared but its value is never read.

[7m59[0m   private readonly userLimits: Record<string, number>
[7m  [0m [91m                   ~~~~~~~~~~[0m

[96msrc/lib/middleware/rate-limit.ts[0m:[93m80[0m:[93m38[0m - [91merror[0m[90m TS2532: [0mObject is possibly 'undefined'.

[7m80[0m     limits: Record<string, number> = rateLimitConfigs[2].limits,
[7m  [0m [91m                                     ~~~~~~~~~~~~~~~~~~~[0m

[96msrc/lib/middleware/rate-limit.ts[0m:[93m81[0m:[93m24[0m - [91merror[0m[90m TS2532: [0mObject is possibly 'undefined'.

[7m81[0m     windowMs: number = rateLimitConfigs[2].windowMs,
[7m  [0m [91m                       ~~~~~~~~~~~~~~~~~~~[0m

[96msrc/lib/middleware/rate-limit.ts[0m:[93m88[0m:[93m43[0m - [91merror[0m[90m TS4111: [0mProperty 'anonymous' comes from an index signature, so it must be accessed with ['anonymous'].

[7m88[0m     const limit = (limits[role] ?? limits.anonymous) || 10
[7m  [0m [91m                                          ~~~~~~~~~[0m

[96msrc/lib/middleware/rate-limit.ts[0m:[93m155[0m:[93m9[0m - [91merror[0m[90m TS18048: [0m'config' is possibly 'undefined'.

[7m155[0m         config.limits,
[7m   [0m [91m        ~~~~~~[0m

[96msrc/lib/middleware/rate-limit.ts[0m:[93m156[0m:[93m9[0m - [91merror[0m[90m TS18048: [0m'config' is possibly 'undefined'.

[7m156[0m         config.windowMs,
[7m   [0m [91m        ~~~~~~[0m

[96msrc/lib/middleware/rate-limiter.ts[0m:[93m25[0m:[93m20[0m - [91merror[0m[90m TS2532: [0mObject is possibly 'undefined'.

[7m25[0m   const clientIp = ip.split(',')[0].trim()
[7m  [0m [91m                   ~~~~~~~~~~~~~~~~[0m

[96msrc/lib/middleware/securityHeaders.ts[0m:[93m17[0m:[93m17[0m - [91merror[0m[90m TS4111: [0mProperty 'NODE_ENV' comes from an index signature, so it must be accessed with ['NODE_ENV'].

[7m17[0m     process.env.NODE_ENV === 'development' || process.env.NODE_ENV === 'test'
[7m  [0m [91m                ~~~~~~~~[0m

[96msrc/lib/middleware/securityHeaders.ts[0m:[93m17[0m:[93m59[0m - [91merror[0m[90m TS4111: [0mProperty 'NODE_ENV' comes from an index signature, so it must be accessed with ['NODE_ENV'].

[7m17[0m     process.env.NODE_ENV === 'development' || process.env.NODE_ENV === 'test'
[7m  [0m [91m                                                          ~~~~~~~~[0m

[96msrc/lib/middleware/securityHeaders.ts[0m:[93m52[0m:[93m19[0m - [91merror[0m[90m TS4111: [0mProperty 'DISABLE_HSTS' comes from an index signature, so it must be accessed with ['DISABLE_HSTS'].

[7m52[0m   if (process.env.DISABLE_HSTS !== 'true') {
[7m  [0m [91m                  ~~~~~~~~~~~~[0m

[96msrc/lib/middleware/securityHeaders.ts[0m:[93m90[0m:[93m17[0m - [91merror[0m[90m TS4111: [0mProperty 'NODE_ENV' comes from an index signature, so it must be accessed with ['NODE_ENV'].

[7m90[0m     process.env.NODE_ENV === 'production' &&
[7m  [0m [91m                ~~~~~~~~[0m

[96msrc/lib/middleware/securityHeaders.ts[0m:[93m91[0m:[93m17[0m - [91merror[0m[90m TS4111: [0mProperty 'DISABLE_HSTS' comes from an index signature, so it must be accessed with ['DISABLE_HSTS'].

[7m91[0m     process.env.DISABLE_HSTS !== 'true'
[7m  [0m [91m                ~~~~~~~~~~~~[0m

[96msrc/lib/monitoring/ai-monitoring-service.ts[0m:[93m3[0m:[93m10[0m - [91merror[0m[90m TS2614: [0mModule '"ioredis"' has no exported member 'Redis'. Did you mean to use 'import Redis from "ioredis"' instead?

[7m3[0m import { Redis } from 'ioredis'
[7m [0m [91m         ~~~~~[0m

[96msrc/lib/monitoring/ai-monitoring-service.ts[0m:[93m78[0m:[93m46[0m - [91merror[0m[90m TS7006: [0mParameter 'err' implicitly has an 'any' type.

[7m78[0m     this.redis.subscribe('metrics:updates', (err) => {
[7m  [0m [91m                                             ~~~[0m

[96msrc/lib/monitoring/ai-monitoring-service.ts[0m:[93m84[0m:[93m31[0m - [91merror[0m[90m TS7006: [0mParameter 'channel' implicitly has an 'any' type.

[7m84[0m     this.redis.on('message', (channel, message) => {
[7m  [0m [91m                              ~~~~~~~[0m

[96msrc/lib/monitoring/ai-monitoring-service.ts[0m:[93m84[0m:[93m40[0m - [91merror[0m[90m TS7006: [0mParameter 'message' implicitly has an 'any' type.

[7m84[0m     this.redis.on('message', (channel, message) => {
[7m  [0m [91m                                       ~~~~~~~[0m

[96msrc/lib/monitoring/ai-monitoring-service.ts[0m:[93m160[0m:[93m32[0m - [91merror[0m[90m TS18048: [0m'latestValue' is possibly 'undefined'.

[7m160[0m       const zScore = Math.abs((latestValue - avg) / stdDev)
[7m   [0m [91m                               ~~~~~~~~~~~[0m

[96msrc/lib/monitoring/ai-monitoring-service.ts[0m:[93m163[0m:[93m47[0m - [91merror[0m[90m TS2345: [0mArgument of type 'number | undefined' is not assignable to parameter of type 'number'.
  Type 'undefined' is not assignable to type 'number'.

[7m163[0m         await this.createAnomalyAlert(metric, latestValue, avg, zScore)
[7m   [0m [91m                                              ~~~~~~~~~~~[0m

[96msrc/lib/monitoring/ai-monitoring-service.ts[0m:[93m423[0m:[93m28[0m - [91merror[0m[90m TS7053: [0mElement implicitly has an 'any' type because expression of type '"low" | "medium" | "high" | "critical"' can't be used to index type '{ critical: number; high: number; medium: number; }'.
  Property 'low' does not exist on type '{ critical: number; high: number; medium: number; }'.

[7m423[0m     const escalationTime = this.config.alerting.escalation[alert.severity]
[7m   [0m [91m                           ~~~~~~~~~~~~~~~~~~~~~~~~~~~~~~~~~~~~~~~~~~~~~~~[0m

[96msrc/lib/monitoring/auth0-activity-tracking-service.ts[0m:[93m15[0m:[93m23[0m - [91merror[0m[90m TS4111: [0mProperty 'AUTH0_DOMAIN' comes from an index signature, so it must be accessed with ['AUTH0_DOMAIN'].

[7m15[0m   domain: process.env.AUTH0_DOMAIN ?? '',
[7m  [0m [91m                      ~~~~~~~~~~~~[0m

[96msrc/lib/monitoring/auth0-activity-tracking-service.ts[0m:[93m16[0m:[93m35[0m - [91merror[0m[90m TS4111: [0mProperty 'AUTH0_MANAGEMENT_CLIENT_ID' comes from an index signature, so it must be accessed with ['AUTH0_MANAGEMENT_CLIENT_ID'].

[7m16[0m   managementClientId: process.env.AUTH0_MANAGEMENT_CLIENT_ID ?? '',
[7m  [0m [91m                                  ~~~~~~~~~~~~~~~~~~~~~~~~~~[0m

[96msrc/lib/monitoring/auth0-activity-tracking-service.ts[0m:[93m17[0m:[93m39[0m - [91merror[0m[90m TS4111: [0mProperty 'AUTH0_MANAGEMENT_CLIENT_SECRET' comes from an index signature, so it must be accessed with ['AUTH0_MANAGEMENT_CLIENT_SECRET'].

[7m17[0m   managementClientSecret: process.env.AUTH0_MANAGEMENT_CLIENT_SECRET ?? '',
[7m  [0m [91m                                      ~~~~~~~~~~~~~~~~~~~~~~~~~~~~~~[0m

[96msrc/lib/monitoring/auth0-activity-tracking-service.ts[0m:[93m42[0m:[93m5[0m - [91merror[0m[90m TS2353: [0mObject literal may only specify known properties, and 'scope' does not exist in type 'Auth0ClientOptions'.

[7m42[0m     scope: 'read:logs read:users',
[7m  [0m [91m    ~~~~~[0m

[96msrc/lib/monitoring/auth0-activity-tracking-service.ts[0m:[93m203[0m:[93m24[0m - [91merror[0m[90m TS2571: [0mObject is of type 'unknown'.

[7m203[0m       this.lastLogId = logs[logs.length - 1].log_id
[7m   [0m [91m                       ~~~~~~~~~~~~~~~~~~~~~[0m

[96msrc/lib/monitoring/auth0-activity-tracking-service.ts[0m:[93m207[0m:[93m26[0m - [91merror[0m[90m TS18046: [0m'log' is of type 'unknown'.

[7m207[0m         .filter((log) => log.user_id) // Only logs with user ID
[7m   [0m [91m                         ~~~[0m

[96msrc/lib/monitoring/auth0-activity-tracking-service.ts[0m:[93m209[0m:[93m19[0m - [91merror[0m[90m TS18046: [0m'log' is of type 'unknown'.

[7m209[0m           userId: log.user_id!,
[7m   [0m [91m                  ~~~[0m

[96msrc/lib/monitoring/auth0-activity-tracking-service.ts[0m:[93m210[0m:[93m22[0m - [91merror[0m[90m TS18046: [0m'log' is of type 'unknown'.

[7m210[0m           eventType: log.type ?? 'unknown',
[7m   [0m [91m                     ~~~[0m

[96msrc/lib/monitoring/auth0-activity-tracking-service.ts[0m:[93m211[0m:[93m31[0m - [91merror[0m[90m TS18046: [0m'log' is of type 'unknown'.

[7m211[0m           timestamp: new Date(log.date),
[7m   [0m [91m                              ~~~[0m

[96msrc/lib/monitoring/auth0-activity-tracking-service.ts[0m:[93m212[0m:[93m22[0m - [91merror[0m[90m TS18046: [0m'log' is of type 'unknown'.

[7m212[0m           ipAddress: log.ip,
[7m   [0m [91m                     ~~~[0m

[96msrc/lib/monitoring/auth0-activity-tracking-service.ts[0m:[93m213[0m:[93m22[0m - [91merror[0m[90m TS18046: [0m'log' is of type 'unknown'.

[7m213[0m           userAgent: log.user_agent,
[7m   [0m [91m                     ~~~[0m

[96msrc/lib/monitoring/auth0-activity-tracking-service.ts[0m:[93m214[0m:[93m21[0m - [91merror[0m[90m TS18046: [0m'log' is of type 'unknown'.

[7m214[0m           location: log.location
[7m   [0m [91m                    ~~~[0m

[96msrc/lib/monitoring/auth0-activity-tracking-service.ts[0m:[93m216[0m:[93m26[0m - [91merror[0m[90m TS18046: [0m'log' is of type 'unknown'.

[7m216[0m                 country: log.location.country_name,
[7m   [0m [91m                         ~~~[0m

[96msrc/lib/monitoring/auth0-activity-tracking-service.ts[0m:[93m217[0m:[93m23[0m - [91merror[0m[90m TS18046: [0m'log' is of type 'unknown'.

[7m217[0m                 city: log.location.city_name,
[7m   [0m [91m                      ~~~[0m

[96msrc/lib/monitoring/auth0-activity-tracking-service.ts[0m:[93m221[0m:[93m26[0m - [91merror[0m[90m TS18046: [0m'log' is of type 'unknown'.

[7m221[0m             description: log.description,
[7m   [0m [91m                         ~~~[0m

[96msrc/lib/monitoring/auth0-activity-tracking-service.ts[0m:[93m222[0m:[93m24[0m - [91merror[0m[90m TS18046: [0m'log' is of type 'unknown'.

[7m222[0m             client_id: log.client_id,
[7m   [0m [91m                       ~~~[0m

[96msrc/lib/monitoring/auth0-activity-tracking-service.ts[0m:[93m223[0m:[93m25[0m - [91merror[0m[90m TS18046: [0m'log' is of type 'unknown'.

[7m223[0m             connection: log.connection,
[7m   [0m [91m                        ~~~[0m

[96msrc/lib/monitoring/auth0-activity-tracking-service.ts[0m:[93m224[0m:[93m28[0m - [91merror[0m[90m TS18046: [0m'log' is of type 'unknown'.

[7m224[0m             connection_id: log.connection_id,
[7m   [0m [91m                           ~~~[0m

[96msrc/lib/monitoring/auth0-activity-tracking-service.ts[0m:[93m225[0m:[93m23[0m - [91merror[0m[90m TS18046: [0m'log' is of type 'unknown'.

[7m225[0m             hostname: log.hostname,
[7m   [0m [91m                      ~~~[0m

[96msrc/lib/monitoring/auth0-activity-tracking-service.ts[0m:[93m226[0m:[93m23[0m - [91merror[0m[90m TS18046: [0m'log' is of type 'unknown'.

[7m226[0m             audience: log.audience,
[7m   [0m [91m                      ~~~[0m

[96msrc/lib/monitoring/auth0-activity-tracking-service.ts[0m:[93m382[0m:[93m48[0m - [91merror[0m[90m TS2345: [0mArgument of type 'string | undefined' is not assignable to parameter of type 'string | null'.
  Type 'undefined' is not assignable to type 'string | null'.

[7m382[0m           logSecurityEvent(securityEvent.type, securityEvent.userId, {
[7m   [0m [91m                                               ~~~~~~~~~~~~~~~~~~~~[0m

[96msrc/lib/monitoring/auth0-activity-tracking-service.ts[0m:[93m483[0m:[93m9[0m - [91merror[0m[90m TS2532: [0mObject is possibly 'undefined'.

[7m483[0m         eventTypes[a] > eventTypes[b] ? a : b,
[7m   [0m [91m        ~~~~~~~~~~~~~[0m

[96msrc/lib/monitoring/auth0-activity-tracking-service.ts[0m:[93m483[0m:[93m25[0m - [91merror[0m[90m TS2532: [0mObject is possibly 'undefined'.

[7m483[0m         eventTypes[a] > eventTypes[b] ? a : b,
[7m   [0m [91m                        ~~~~~~~~~~~~~[0m

[96msrc/lib/monitoring/auth0-activity-tracking-service.ts[0m:[93m496[0m:[93m23[0m - [91merror[0m[90m TS2532: [0mObject is possibly 'undefined'.

[7m496[0m         lastActivity: activities[0].timestamp,
[7m   [0m [91m                      ~~~~~~~~~~~~~[0m

[96msrc/lib/monitoring/auth0-activity-tracking-service.ts[0m:[93m575[0m:[93m46[0m - [91merror[0m[90m TS2339: [0mProperty 'getUserSessions' does not exist on type 'ManagementClient'.

[7m575[0m       const sessions = await auth0Management.getUserSessions({ id: userId })
[7m   [0m [91m                                             ~~~~~~~~~~~~~~~[0m

[96msrc/lib/monitoring/auth0-activity-tracking-service.ts[0m:[93m577[0m:[93m28[0m - [91merror[0m[90m TS7006: [0mParameter 'session' implicitly has an 'any' type.

[7m577[0m       return sessions.map((session) => ({
[7m   [0m [91m                           ~~~~~~~[0m

[96msrc/lib/monitoring/auth0-activity-tracking-service.ts[0m:[93m611[0m:[93m29[0m - [91merror[0m[90m TS2339: [0mProperty 'deleteUserSessions' does not exist on type 'ManagementClient'.

[7m611[0m       await auth0Management.deleteUserSessions({
[7m   [0m [91m                            ~~~~~~~~~~~~~~~~~~[0m

[96msrc/lib/monitoring/auth0-activity-tracking-service.ts[0m:[93m625[0m:[93m9[0m - [91merror[0m[90m TS2345: [0mArgument of type '`session_terminated_${string}`' is not assignable to parameter of type 'AuthenticationEvent'.

[7m625[0m         `session_terminated_${sessionId}`,
[7m   [0m [91m        ~~~~~~~~~~~~~~~~~~~~~~~~~~~~~~~~~[0m

[96msrc/lib/monitoring/config.ts[0m:[93m55[0m:[93m29[0m - [91merror[0m[90m TS4111: [0mProperty 'GRAFANA_API_KEY' comes from an index signature, so it must be accessed with ['GRAFANA_API_KEY'].

[7m55[0m         apiKey: process.env.GRAFANA_API_KEY ?? defaultConfig.grafana.apiKey,
[7m  [0m [91m                            ~~~~~~~~~~~~~~~[0m

[96msrc/lib/monitoring/config.ts[0m:[93m56[0m:[93m28[0m - [91merror[0m[90m TS4111: [0mProperty 'GRAFANA_ORG_ID' comes from an index signature, so it must be accessed with ['GRAFANA_ORG_ID'].

[7m56[0m         orgId: process.env.GRAFANA_ORG_ID ?? defaultConfig.grafana.orgId,
[7m  [0m [91m                           ~~~~~~~~~~~~~~[0m

[96msrc/lib/monitoring/hooks.ts[0m:[93m16[0m:[93m18[0m - [91merror[0m[90m TS2339: [0mProperty 'faro' does not exist on type 'Window & typeof globalThis'.

[7m16[0m       if (window.faro) {
[7m  [0m [91m                 ~~~~[0m

[96msrc/lib/monitoring/hooks.ts[0m:[93m17[0m:[93m16[0m - [91merror[0m[90m TS2339: [0mProperty 'faro' does not exist on type 'Window & typeof globalThis'.

[7m17[0m         window.faro.api.pushEvent(eventName, properties)
[7m  [0m [91m               ~~~~[0m

[96msrc/lib/monitoring/hooks.ts[0m:[93m25[0m:[93m18[0m - [91merror[0m[90m TS2339: [0mProperty 'faro' does not exist on type 'Window & typeof globalThis'.

[7m25[0m       if (window.faro) {
[7m  [0m [91m                 ~~~~[0m

[96msrc/lib/monitoring/hooks.ts[0m:[93m26[0m:[93m16[0m - [91merror[0m[90m TS2339: [0mProperty 'faro' does not exist on type 'Window & typeof globalThis'.

[7m26[0m         window.faro.api.pushError(error, context)
[7m  [0m [91m               ~~~~[0m

[96msrc/lib/monitoring/hooks.ts[0m:[93m34[0m:[93m18[0m - [91merror[0m[90m TS2339: [0mProperty 'faro' does not exist on type 'Window & typeof globalThis'.

[7m34[0m       if (window.faro) {
[7m  [0m [91m                 ~~~~[0m

[96msrc/lib/monitoring/hooks.ts[0m:[93m35[0m:[93m16[0m - [91merror[0m[90m TS2339: [0mProperty 'faro' does not exist on type 'Window & typeof globalThis'.

[7m35[0m         window.faro.api.pushMeasurement(name, {
[7m  [0m [91m               ~~~~[0m

[96msrc/lib/monitoring/performanceMonitor.ts[0m:[93m118[0m:[93m7[0m - [91merror[0m[90m TS2353: [0mObject literal may only specify known properties, and 'activeUsers' does not exist in type 'PerformanceMetrics'.

[7m118[0m       activeUsers: await this.getActiveUserCount(),
[7m   [0m [91m      ~~~~~~~~~~~[0m

[96msrc/lib/monitoring/performanceMonitor.ts[0m:[93m158[0m:[93m28[0m - [91merror[0m[90m TS2339: [0mProperty 'errorCount' does not exist on type 'PerformanceMetrics'.

[7m158[0m       (sum, m) => sum + (m.errorCount ?? 0),
[7m   [0m [91m                           ~~~~~~~~~~[0m

[96msrc/lib/monitoring/performanceMonitor.ts[0m:[93m204[0m:[93m9[0m - [91merror[0m[90m TS2322: [0mType '"performance"' is not assignable to type '"optimize" | "cache" | "migrate" | "scale_up" | "scale_down"'.

[7m204[0m         type: 'performance',
[7m   [0m [91m        ~~~~[0m

  [96msrc/types/monitoring.ts[0m:[93m53[0m:[93m3[0m
    [7m53[0m   type: 'scale_up' | 'scale_down' | 'cache' | 'optimize' | 'migrate'
    [7m  [0m [96m  ~~~~[0m
    The expected type comes from property 'type' which is declared here on type 'OptimizationRecommendation'

[96msrc/lib/monitoring/performanceMonitor.ts[0m:[93m250[0m:[93m9[0m - [91merror[0m[90m TS18048: [0m'recent.responseTime' is possibly 'undefined'.

[7m250[0m     if (recent.responseTime > this.config.alertThresholds.responseTime) {
[7m   [0m [91m        ~~~~~~~~~~~~~~~~~~~[0m

[96msrc/lib/monitoring/performanceMonitor.ts[0m:[93m252[0m:[93m11[0m - [91merror[0m[90m TS18048: [0m'recent.responseTime' is possibly 'undefined'.

[7m252[0m         ((recent.responseTime - older.responseTime) / older.responseTime) * 100
[7m   [0m [91m          ~~~~~~~~~~~~~~~~~~~[0m

[96msrc/lib/monitoring/performanceMonitor.ts[0m:[93m252[0m:[93m33[0m - [91merror[0m[90m TS18048: [0m'older.responseTime' is possibly 'undefined'.

[7m252[0m         ((recent.responseTime - older.responseTime) / older.responseTime) * 100
[7m   [0m [91m                                ~~~~~~~~~~~~~~~~~~[0m

[96msrc/lib/monitoring/performanceMonitor.ts[0m:[93m252[0m:[93m55[0m - [91merror[0m[90m TS18048: [0m'older.responseTime' is possibly 'undefined'.

[7m252[0m         ((recent.responseTime - older.responseTime) / older.responseTime) * 100
[7m   [0m [91m                                                      ~~~~~~~~~~~~~~~~~~[0m

[96msrc/lib/monitoring/performanceMonitor.ts[0m:[93m261[0m:[93m9[0m - [91merror[0m[90m TS18048: [0m'recent.memoryUsage' is possibly 'undefined'.

[7m261[0m     if (recent.memoryUsage > this.config.alertThresholds.memoryUsage) {
[7m   [0m [91m        ~~~~~~~~~~~~~~~~~~[0m

[96msrc/lib/monitoring/performanceMonitor.ts[0m:[93m268[0m:[93m9[0m - [91merror[0m[90m TS18048: [0m'recent.cpuUsage' is possibly 'undefined'.

[7m268[0m     if (recent.cpuUsage > this.config.alertThresholds.cpuUsage) {
[7m   [0m [91m        ~~~~~~~~~~~~~~~[0m

[96msrc/lib/monitoring/performanceMonitor.ts[0m:[93m273[0m:[93m9[0m - [91merror[0m[90m TS18048: [0m'recent.errorRate' is possibly 'undefined'.

[7m273[0m     if (recent.errorRate > this.config.alertThresholds.errorRate) {
[7m   [0m [91m        ~~~~~~~~~~~~~~~~[0m

[96msrc/lib/monitoring/performanceMonitor.ts[0m:[93m292[0m:[93m36[0m - [91merror[0m[90m TS18048: [0m'improvement.responseTime' is possibly 'undefined'.

[7m292[0m       if (rec.includes('caching')) improvement.responseTime -= 20
[7m   [0m [91m                                   ~~~~~~~~~~~~~~~~~~~~~~~~[0m

[96msrc/lib/monitoring/performanceMonitor.ts[0m:[93m292[0m:[93m48[0m - [91merror[0m[90m TS4111: [0mProperty 'responseTime' comes from an index signature, so it must be accessed with ['responseTime'].

[7m292[0m       if (rec.includes('caching')) improvement.responseTime -= 20
[7m   [0m [91m                                               ~~~~~~~~~~~~[0m

[96msrc/lib/monitoring/performanceMonitor.ts[0m:[93m293[0m:[93m47[0m - [91merror[0m[90m TS18048: [0m'improvement.memoryUsage' is possibly 'undefined'.

[7m293[0m       if (rec.includes('garbage collection')) improvement.memoryUsage -= 15
[7m   [0m [91m                                              ~~~~~~~~~~~~~~~~~~~~~~~[0m

[96msrc/lib/monitoring/performanceMonitor.ts[0m:[93m293[0m:[93m59[0m - [91merror[0m[90m TS4111: [0mProperty 'memoryUsage' comes from an index signature, so it must be accessed with ['memoryUsage'].

[7m293[0m       if (rec.includes('garbage collection')) improvement.memoryUsage -= 15
[7m   [0m [91m                                                          ~~~~~~~~~~~[0m

[96msrc/lib/monitoring/performanceMonitor.ts[0m:[93m294[0m:[93m43[0m - [91merror[0m[90m TS18048: [0m'improvement.cpuUsage' is possibly 'undefined'.

[7m294[0m       if (rec.includes('load balancing')) improvement.cpuUsage -= 25
[7m   [0m [91m                                          ~~~~~~~~~~~~~~~~~~~~[0m

[96msrc/lib/monitoring/performanceMonitor.ts[0m:[93m294[0m:[93m55[0m - [91merror[0m[90m TS4111: [0mProperty 'cpuUsage' comes from an index signature, so it must be accessed with ['cpuUsage'].

[7m294[0m       if (rec.includes('load balancing')) improvement.cpuUsage -= 25
[7m   [0m [91m                                                      ~~~~~~~~[0m

[96msrc/lib/monitoring/performanceMonitor.ts[0m:[93m295[0m:[93m39[0m - [91merror[0m[90m TS18048: [0m'improvement.errorRate' is possibly 'undefined'.

[7m295[0m       if (rec.includes('error rate')) improvement.errorRate -= 50
[7m   [0m [91m                                      ~~~~~~~~~~~~~~~~~~~~~[0m

[96msrc/lib/monitoring/performanceMonitor.ts[0m:[93m295[0m:[93m51[0m - [91merror[0m[90m TS4111: [0mProperty 'errorRate' comes from an index signature, so it must be accessed with ['errorRate'].

[7m295[0m       if (rec.includes('error rate')) improvement.errorRate -= 50
[7m   [0m [91m                                                  ~~~~~~~~~[0m

[96msrc/lib/monitoring/performanceMonitor.ts[0m:[93m307[0m:[93m9[0m - [91merror[0m[90m TS18048: [0m'latest' is possibly 'undefined'.

[7m307[0m     if (latest.responseTime > this.config.alertThresholds.responseTime) {
[7m   [0m [91m        ~~~~~~[0m

[96msrc/lib/monitoring/performanceMonitor.ts[0m:[93m311[0m:[93m9[0m - [91merror[0m[90m TS18048: [0m'latest' is possibly 'undefined'.

[7m311[0m         latest.responseTime,
[7m   [0m [91m        ~~~~~~[0m

[96msrc/lib/monitoring/performanceMonitor.ts[0m:[93m313[0m:[93m26[0m - [91merror[0m[90m TS18048: [0m'latest' is possibly 'undefined'.

[7m313[0m         `Response time ${latest.responseTime.toFixed(1)}ms exceeds threshold ${this.config.alertThresholds.responseTime}ms`,
[7m   [0m [91m                         ~~~~~~[0m

[96msrc/lib/monitoring/performanceMonitor.ts[0m:[93m318[0m:[93m9[0m - [91merror[0m[90m TS18048: [0m'latest' is possibly 'undefined'.

[7m318[0m     if (latest.memoryUsage > this.config.alertThresholds.memoryUsage) {
[7m   [0m [91m        ~~~~~~[0m

[96msrc/lib/monitoring/performanceMonitor.ts[0m:[93m322[0m:[93m9[0m - [91merror[0m[90m TS18048: [0m'latest' is possibly 'undefined'.

[7m322[0m         latest.memoryUsage,
[7m   [0m [91m        ~~~~~~[0m

[96msrc/lib/monitoring/performanceMonitor.ts[0m:[93m324[0m:[93m25[0m - [91merror[0m[90m TS18048: [0m'latest' is possibly 'undefined'.

[7m324[0m         `Memory usage ${latest.memoryUsage.toFixed(1)}% exceeds threshold ${this.config.alertThresholds.memoryUsage}%`,
[7m   [0m [91m                        ~~~~~~[0m

[96msrc/lib/monitoring/performanceMonitor.ts[0m:[93m329[0m:[93m9[0m - [91merror[0m[90m TS18048: [0m'latest' is possibly 'undefined'.

[7m329[0m     if (latest.cpuUsage > this.config.alertThresholds.cpuUsage) {
[7m   [0m [91m        ~~~~~~[0m

[96msrc/lib/monitoring/performanceMonitor.ts[0m:[93m333[0m:[93m9[0m - [91merror[0m[90m TS18048: [0m'latest' is possibly 'undefined'.

[7m333[0m         latest.cpuUsage,
[7m   [0m [91m        ~~~~~~[0m

[96msrc/lib/monitoring/performanceMonitor.ts[0m:[93m335[0m:[93m22[0m - [91merror[0m[90m TS18048: [0m'latest' is possibly 'undefined'.

[7m335[0m         `CPU usage ${latest.cpuUsage.toFixed(1)}% exceeds threshold ${this.config.alertThresholds.cpuUsage}%`,
[7m   [0m [91m                     ~~~~~~[0m

[96msrc/lib/monitoring/performanceMonitor.ts[0m:[93m340[0m:[93m9[0m - [91merror[0m[90m TS18048: [0m'latest' is possibly 'undefined'.

[7m340[0m     if (latest.errorRate > this.config.alertThresholds.errorRate) {
[7m   [0m [91m        ~~~~~~[0m

[96msrc/lib/monitoring/performanceMonitor.ts[0m:[93m344[0m:[93m9[0m - [91merror[0m[90m TS18048: [0m'latest' is possibly 'undefined'.

[7m344[0m         latest.errorRate,
[7m   [0m [91m        ~~~~~~[0m

[96msrc/lib/monitoring/performanceMonitor.ts[0m:[93m346[0m:[93m23[0m - [91merror[0m[90m TS18048: [0m'latest' is possibly 'undefined'.

[7m346[0m         `Error rate ${latest.errorRate.toFixed(2)}% exceeds threshold ${this.config.alertThresholds.errorRate}%`,
[7m   [0m [91m                      ~~~~~~[0m

[96msrc/lib/monitoring/performanceMonitor.ts[0m:[93m406[0m:[93m9[0m - [91merror[0m[90m TS2322: [0mType 'PerformanceMetrics | undefined' is not assignable to type 'PerformanceMetrics | null'.
  Type 'undefined' is not assignable to type 'PerformanceMetrics | null'.

[7m406[0m       ? this.metrics[this.metrics.length - 1]
[7m   [0m [91m        ~~~~~~~~~~~~~~~~~~~~~~~~~~~~~~~~~~~~~[0m

[96msrc/lib/monitoring/performanceMonitor.ts[0m:[93m451[0m:[93m9[0m - [91merror[0m[90m TS2345: [0mArgument of type 'number | undefined' is not assignable to parameter of type 'number'.
  Type 'undefined' is not assignable to type 'number'.

[7m451[0m         firstAvg.responseTime,
[7m   [0m [91m        ~~~~~~~~~~~~~~~~~~~~~[0m

[96msrc/lib/monitoring/performanceMonitor.ts[0m:[93m454[0m:[93m35[0m - [91merror[0m[90m TS2345: [0mArgument of type 'number | undefined' is not assignable to parameter of type 'number'.
  Type 'undefined' is not assignable to type 'number'.

[7m454[0m       memoryUsage: calculateTrend(firstAvg.memoryUsage, secondAvg.memoryUsage),
[7m   [0m [91m                                  ~~~~~~~~~~~~~~~~~~~~[0m

[96msrc/lib/monitoring/performanceMonitor.ts[0m:[93m455[0m:[93m32[0m - [91merror[0m[90m TS2345: [0mArgument of type 'number | undefined' is not assignable to parameter of type 'number'.
  Type 'undefined' is not assignable to type 'number'.

[7m455[0m       cpuUsage: calculateTrend(firstAvg.cpuUsage, secondAvg.cpuUsage),
[7m   [0m [91m                               ~~~~~~~~~~~~~~~~~[0m

[96msrc/lib/monitoring/performanceMonitor.ts[0m:[93m456[0m:[93m33[0m - [91merror[0m[90m TS2345: [0mArgument of type 'number | undefined' is not assignable to parameter of type 'number'.
  Type 'undefined' is not assignable to type 'number'.

[7m456[0m       errorRate: calculateTrend(firstAvg.errorRate, secondAvg.errorRate),
[7m   [0m [91m                                ~~~~~~~~~~~~~~~~~~[0m

[96msrc/lib/monitoring/performanceMonitor.ts[0m:[93m552[0m:[93m31[0m - [91merror[0m[90m TS2683: [0m'this' implicitly has type 'any' because it does not have a type annotation.

[7m552[0m     trends: ReturnType<typeof this.getPerformanceTrends>
[7m   [0m [91m                              ~~~~[0m

  [96msrc/lib/monitoring/performanceMonitor.ts[0m:[93m552[0m:[93m5[0m
    [7m552[0m     trends: ReturnType<typeof this.getPerformanceTrends>
    [7m   [0m [96m    ~~~~~~[0m
    An outer value of 'this' is shadowed by this container.

[96msrc/lib/monitoring/performanceMonitor.ts[0m:[93m588[0m:[93m9[0m - [91merror[0m[90m TS2322: [0mType 'number | undefined' is not assignable to type 'number'.
  Type 'undefined' is not assignable to type 'number'.

[7m588[0m         averageResponseTime: avgMetrics.responseTime,
[7m   [0m [91m        ~~~~~~~~~~~~~~~~~~~[0m

  [96msrc/lib/monitoring/performanceMonitor.ts[0m:[93m546[0m:[93m7[0m
    [7m546[0m       averageResponseTime: number
    [7m   [0m [96m      ~~~~~~~~~~~~~~~~~~~[0m
    The expected type comes from property 'averageResponseTime' which is declared here on type '{ averageResponseTime: number; averageMemoryUsage: number; averageCpuUsage: number; totalAlerts: number; uptime: number; }'

[96msrc/lib/monitoring/performanceMonitor.ts[0m:[93m589[0m:[93m9[0m - [91merror[0m[90m TS2322: [0mType 'number | undefined' is not assignable to type 'number'.
  Type 'undefined' is not assignable to type 'number'.

[7m589[0m         averageMemoryUsage: avgMetrics.memoryUsage,
[7m   [0m [91m        ~~~~~~~~~~~~~~~~~~[0m

  [96msrc/lib/monitoring/performanceMonitor.ts[0m:[93m547[0m:[93m7[0m
    [7m547[0m       averageMemoryUsage: number
    [7m   [0m [96m      ~~~~~~~~~~~~~~~~~~[0m
    The expected type comes from property 'averageMemoryUsage' which is declared here on type '{ averageResponseTime: number; averageMemoryUsage: number; averageCpuUsage: number; totalAlerts: number; uptime: number; }'

[96msrc/lib/monitoring/performanceMonitor.ts[0m:[93m590[0m:[93m9[0m - [91merror[0m[90m TS2322: [0mType 'number | undefined' is not assignable to type 'number'.
  Type 'undefined' is not assignable to type 'number'.

[7m590[0m         averageCpuUsage: avgMetrics.cpuUsage,
[7m   [0m [91m        ~~~~~~~~~~~~~~~[0m

  [96msrc/lib/monitoring/performanceMonitor.ts[0m:[93m548[0m:[93m7[0m
    [7m548[0m       averageCpuUsage: number
    [7m   [0m [96m      ~~~~~~~~~~~~~~~[0m
    The expected type comes from property 'averageCpuUsage' which is declared here on type '{ averageResponseTime: number; averageMemoryUsage: number; averageCpuUsage: number; totalAlerts: number; uptime: number; }'

[96msrc/lib/monitoring/service.ts[0m:[93m93[0m:[93m16[0m - [91merror[0m[90m TS2339: [0mProperty 'faro' does not exist on type 'Window & typeof globalThis'.

[7m93[0m         window.faro.init({
[7m  [0m [91m               ~~~~[0m

[96msrc/lib/monitoring/service.ts[0m:[93m141[0m:[93m36[0m - [91merror[0m[90m TS2345: [0mArgument of type 'PerformanceEntry | undefined' is not assignable to parameter of type 'PerformanceEntry'.
  Type 'undefined' is not assignable to type 'PerformanceEntry'.

[7m141[0m         this.reportWebVital('LCP', lastEntry)
[7m   [0m [91m                                   ~~~~~~~~~[0m

[96msrc/lib/monitoring/service.ts[0m:[93m163[0m:[93m16[0m - [91merror[0m[90m TS2339: [0mProperty 'faro' does not exist on type 'Window & typeof globalThis'.

[7m163[0m     if (window.faro) {
[7m   [0m [91m               ~~~~[0m

[96msrc/lib/monitoring/service.ts[0m:[93m164[0m:[93m14[0m - [91merror[0m[90m TS2339: [0mProperty 'faro' does not exist on type 'Window & typeof globalThis'.

[7m164[0m       window.faro.api.pushMeasurement(metric, {
[7m   [0m [91m             ~~~~[0m

[96msrc/lib/monitoring/service.ts[0m:[93m183[0m:[93m16[0m - [91merror[0m[90m TS2339: [0mProperty 'faro' does not exist on type 'Window & typeof globalThis'.

[7m183[0m     if (window.faro) {
[7m   [0m [91m               ~~~~[0m

[96msrc/lib/monitoring/service.ts[0m:[93m184[0m:[93m14[0m - [91merror[0m[90m TS2339: [0mProperty 'faro' does not exist on type 'Window & typeof globalThis'.

[7m184[0m       window.faro.api.pushMeasurement('performance', {
[7m   [0m [91m             ~~~~[0m

[96msrc/lib/monitoring/service.ts[0m:[93m267[0m:[93m18[0m - [91merror[0m[90m TS2339: [0mProperty 'faro' does not exist on type 'Window & typeof globalThis'.

[7m267[0m       if (window.faro) {
[7m   [0m [91m                 ~~~~[0m

[96msrc/lib/monitoring/service.ts[0m:[93m268[0m:[93m16[0m - [91merror[0m[90m TS2339: [0mProperty 'faro' does not exist on type 'Window & typeof globalThis'.

[7m268[0m         window.faro.api.pushError(new Error(data.message), {
[7m   [0m [91m               ~~~~[0m

[96msrc/lib/monitoring/setup.ts[0m:[93m27[0m:[93m20[0m - [91merror[0m[90m TS6133: [0m'redis' is declared but its value is never read.

[7m27[0m   private readonly redis: RedisService
[7m  [0m [91m                   ~~~~~[0m

[96msrc/lib/monitoring/setup.ts[0m:[93m36[0m:[93m43[0m - [91merror[0m[90m TS2554: [0mExpected 0 arguments, but got 1.

[7m36[0m     this.analytics = new AnalyticsService(redis)
[7m  [0m [91m                                          ~~~~~[0m

[96msrc/lib/monitoring/setup.ts[0m:[93m53[0m:[93m28[0m - [91merror[0m[90m TS2339: [0mProperty 'initialize' does not exist on type 'AnalyticsService'.

[7m53[0m       await this.analytics.initialize()
[7m  [0m [91m                           ~~~~~~~~~~[0m

[96msrc/lib/monitoring/setup.ts[0m:[93m200[0m:[93m26[0m - [91merror[0m[90m TS2339: [0mProperty 'shutdown' does not exist on type 'AnalyticsService'.

[7m200[0m     await this.analytics.shutdown()
[7m   [0m [91m                         ~~~~~~~~[0m

[96msrc/lib/patient/patientManager.ts[0m:[93m8[0m:[93m3[0m - [91merror[0m[90m TS2305: [0mModule '"@/types/patient"' has no exported member 'PatientProfile'.

[7m8[0m   PatientProfile,
[7m [0m [91m  ~~~~~~~~~~~~~~[0m

[96msrc/lib/patient/patientManager.ts[0m:[93m9[0m:[93m3[0m - [91merror[0m[90m TS2305: [0mModule '"@/types/patient"' has no exported member 'TreatmentPlan'.

[7m9[0m   TreatmentPlan,
[7m [0m [91m  ~~~~~~~~~~~~~[0m

[96msrc/lib/patient/patientManager.ts[0m:[93m10[0m:[93m3[0m - [91merror[0m[90m TS2305: [0mModule '"@/types/patient"' has no exported member 'ProgressMetrics'.

[7m10[0m   ProgressMetrics,
[7m  [0m [91m  ~~~~~~~~~~~~~~~[0m

[96msrc/lib/patient/patientManager.ts[0m:[93m83[0m:[93m21[0m - [91merror[0m[90m TS4111: [0mProperty 'contact' comes from an index signature, so it must be accessed with ['contact'].

[7m83[0m     if (patientData.contact?.email) {
[7m  [0m [91m                    ~~~~~~~[0m

[96msrc/lib/patient/patientManager.ts[0m:[93m85[0m:[93m24[0m - [91merror[0m[90m TS4111: [0mProperty 'contact' comes from an index signature, so it must be accessed with ['contact'].

[7m85[0m         ...patientData.contact,
[7m  [0m [91m                       ~~~~~~~[0m

[96msrc/lib/patient/patientManager.ts[0m:[93m86[0m:[93m60[0m - [91merror[0m[90m TS4111: [0mProperty 'contact' comes from an index signature, so it must be accessed with ['contact'].

[7m86[0m         email: await encryptionManager.encrypt(patientData.contact.email),
[7m  [0m [91m                                                           ~~~~~~~[0m

[96msrc/lib/patient/patientManager.ts[0m:[93m91[0m:[93m21[0m - [91merror[0m[90m TS4111: [0mProperty 'contact' comes from an index signature, so it must be accessed with ['contact'].

[7m91[0m     if (patientData.contact?.phone) {
[7m  [0m [91m                    ~~~~~~~[0m

[96msrc/lib/patient/patientManager.ts[0m:[93m94[0m:[93m60[0m - [91merror[0m[90m TS4111: [0mProperty 'contact' comes from an index signature, so it must be accessed with ['contact'].

[7m94[0m         phone: await encryptionManager.encrypt(patientData.contact.phone),
[7m  [0m [91m                                                           ~~~~~~~[0m

[96msrc/lib/patient/patientManager.ts[0m:[93m178[0m:[93m35[0m - [91merror[0m[90m TS7006: [0mParameter 'pDiag' implicitly has an 'any' type.

[7m178[0m           patient.diagnosis.some((pDiag) =>
[7m   [0m [91m                                  ~~~~~[0m

[96msrc/lib/patient/patientManager.ts[0m:[93m315[0m:[93m11[0m - [91merror[0m[90m TS2353: [0mObject literal may only specify known properties, and 'therapistId' does not exist in type 'PatientUpdateData'.

[7m315[0m         { therapistId: toTherapistId },
[7m   [0m [91m          ~~~~~~~~~~~[0m

[96msrc/lib/polyfills/browser-polyfills.ts[0m:[93m295[0m:[93m7[0m - [91merror[0m[90m TS2322: [0mType 'unknown' is not assignable to type 'void'.

[7m295[0m       return destination
[7m   [0m [91m      ~~~~~~[0m

[96msrc/lib/polyfills/browser-polyfills.ts[0m:[93m306[0m:[93m7[0m - [91merror[0m[90m TS2322: [0mType 'boolean' is not assignable to type 'void'.

[7m306[0m       return true
[7m   [0m [91m      ~~~~~~[0m

[96msrc/lib/polyfills/browser-polyfills.ts[0m:[93m315[0m:[93m7[0m - [91merror[0m[90m TS2322: [0mType 'boolean' is not assignable to type 'void'.

[7m315[0m       return true
[7m   [0m [91m      ~~~~~~[0m

[96msrc/lib/polyfills/browser-polyfills.ts[0m:[93m319[0m:[93m7[0m - [91merror[0m[90m TS2322: [0mType 'unknown' is not assignable to type 'void'.

[7m319[0m       return destination
[7m   [0m [91m      ~~~~~~[0m

[96msrc/lib/polyfills/browser-polyfills.ts[0m:[93m337[0m:[93m9[0m - [91merror[0m[90m TS2322: [0mType 'boolean' is not assignable to type 'void'.

[7m337[0m         return false
[7m   [0m [91m        ~~~~~~[0m

[96msrc/lib/polyfills/browser-polyfills.ts[0m:[93m340[0m:[93m7[0m - [91merror[0m[90m TS2322: [0mType 'boolean' is not assignable to type 'void'.

[7m340[0m       return true
[7m   [0m [91m      ~~~~~~[0m

[96msrc/lib/providers/AnalyticsProvider.tsx[0m:[93m2[0m:[93m1[0m - [91merror[0m[90m TS6133: [0m'React' is declared but its value is never read.

[7m2[0m import React from 'react'
[7m [0m [91m~~~~~~~~~~~~~~~~~~~~~~~~~[0m

[96msrc/lib/providers/SecurityProvider.tsx[0m:[93m199[0m:[93m7[0m - [91merror[0m[90m TS2322: [0mType 'EncryptedData<unknown>' is not assignable to type 'string'.

[7m199[0m       return (
[7m   [0m [91m      ~~~~~~[0m

[96msrc/lib/providers/SecurityProvider.tsx[0m:[93m228[0m:[93m50[0m - [91merror[0m[90m TS2345: [0mArgument of type 'string' is not assignable to parameter of type 'EncryptedData<unknown>'.

[7m228[0m       const result = (await fheService.decrypt?.(data)) ?? data
[7m   [0m [91m                                                 ~~~~[0m

[96msrc/lib/rate-limiting/__tests__/rate-limiter.test.ts[0m:[93m131[0m:[93m7[0m - [91merror[0m[90m TS2532: [0mObject is possibly 'undefined'.

[7m131[0m       vi.mocked(redis.zrangebyscore).mockResolvedValueOnce(
[7m   [0m [91m      ~~~~~~~~~~~~~~~~~~~~~~~~~~~~~~[0m

[96msrc/lib/rate-limiting/__tests__/rate-limiter.test.ts[0m:[93m131[0m:[93m23[0m - [91merror[0m[90m TS4111: [0mProperty 'zrangebyscore' comes from an index signature, so it must be accessed with ['zrangebyscore'].

[7m131[0m       vi.mocked(redis.zrangebyscore).mockResolvedValueOnce(
[7m   [0m [91m                      ~~~~~~~~~~~~~[0m

[96msrc/lib/rate-limiting/__tests__/rate-limiter.test.ts[0m:[93m143[0m:[93m24[0m - [91merror[0m[90m TS2722: [0mCannot invoke an object which is possibly 'undefined'.

[7m143[0m       const pipeline = redis.pipeline()
[7m   [0m [91m                       ~~~~~~~~~~~~~~[0m

[96msrc/lib/rate-limiting/__tests__/rate-limiter.test.ts[0m:[93m143[0m:[93m24[0m - [91merror[0m[90m TS18048: [0m'redis.pipeline' is possibly 'undefined'.

[7m143[0m       const pipeline = redis.pipeline()
[7m   [0m [91m                       ~~~~~~~~~~~~~~[0m

[96msrc/lib/rate-limiting/__tests__/rate-limiter.test.ts[0m:[93m143[0m:[93m30[0m - [91merror[0m[90m TS4111: [0mProperty 'pipeline' comes from an index signature, so it must be accessed with ['pipeline'].

[7m143[0m       const pipeline = redis.pipeline()
[7m   [0m [91m                             ~~~~~~~~[0m

[96msrc/lib/rate-limiting/__tests__/rate-limiter.test.ts[0m:[93m154[0m:[93m7[0m - [91merror[0m[90m TS2532: [0mObject is possibly 'undefined'.

[7m154[0m       vi.mocked(redis.pipeline).mockReturnValueOnce(failingPipeline)
[7m   [0m [91m      ~~~~~~~~~~~~~~~~~~~~~~~~~[0m

[96msrc/lib/rate-limiting/__tests__/rate-limiter.test.ts[0m:[93m154[0m:[93m23[0m - [91merror[0m[90m TS4111: [0mProperty 'pipeline' comes from an index signature, so it must be accessed with ['pipeline'].

[7m154[0m       vi.mocked(redis.pipeline).mockReturnValueOnce(failingPipeline)
[7m   [0m [91m                      ~~~~~~~~[0m

[96msrc/lib/rate-limiting/__tests__/rate-limiter.test.ts[0m:[93m173[0m:[93m7[0m - [91merror[0m[90m TS2532: [0mObject is possibly 'undefined'.

[7m173[0m       vi.mocked(redis.get).mockResolvedValueOnce(
[7m   [0m [91m      ~~~~~~~~~~~~~~~~~~~~[0m

[96msrc/lib/rate-limiting/__tests__/rate-limiter.test.ts[0m:[93m173[0m:[93m23[0m - [91merror[0m[90m TS4111: [0mProperty 'get' comes from an index signature, so it must be accessed with ['get'].

[7m173[0m       vi.mocked(redis.get).mockResolvedValueOnce(
[7m   [0m [91m                      ~~~[0m

[96msrc/lib/rate-limiting/__tests__/rate-limiter.test.ts[0m:[93m185[0m:[93m7[0m - [91merror[0m[90m TS2532: [0mObject is possibly 'undefined'.

[7m185[0m       vi.mocked(redis.get).mockResolvedValueOnce(null)
[7m   [0m [91m      ~~~~~~~~~~~~~~~~~~~~[0m

[96msrc/lib/rate-limiting/__tests__/rate-limiter.test.ts[0m:[93m185[0m:[93m23[0m - [91merror[0m[90m TS4111: [0mProperty 'get' comes from an index signature, so it must be accessed with ['get'].

[7m185[0m       vi.mocked(redis.get).mockResolvedValueOnce(null)
[7m   [0m [91m                      ~~~[0m

[96msrc/lib/rate-limiting/__tests__/rate-limiter.test.ts[0m:[93m194[0m:[93m7[0m - [91merror[0m[90m TS2532: [0mObject is possibly 'undefined'.

[7m194[0m       vi.mocked(redis.hgetall).mockResolvedValueOnce({
[7m   [0m [91m      ~~~~~~~~~~~~~~~~~~~~~~~~[0m

[96msrc/lib/rate-limiting/__tests__/rate-limiter.test.ts[0m:[93m194[0m:[93m23[0m - [91merror[0m[90m TS4111: [0mProperty 'hgetall' comes from an index signature, so it must be accessed with ['hgetall'].

[7m194[0m       vi.mocked(redis.hgetall).mockResolvedValueOnce({
[7m   [0m [91m                      ~~~~~~~[0m

[96msrc/lib/rate-limiting/__tests__/rate-limiter.test.ts[0m:[93m198[0m:[93m7[0m - [91merror[0m[90m TS2532: [0mObject is possibly 'undefined'.

[7m198[0m       vi.mocked(redis.hgetall).mockResolvedValueOnce({
[7m   [0m [91m      ~~~~~~~~~~~~~~~~~~~~~~~~[0m

[96msrc/lib/rate-limiting/__tests__/rate-limiter.test.ts[0m:[93m198[0m:[93m23[0m - [91merror[0m[90m TS4111: [0mProperty 'hgetall' comes from an index signature, so it must be accessed with ['hgetall'].

[7m198[0m       vi.mocked(redis.hgetall).mockResolvedValueOnce({
[7m   [0m [91m                      ~~~~~~~[0m

[96msrc/lib/rate-limiting/analytics.ts[0m:[93m89[0m:[93m24[0m - [91merror[0m[90m TS2722: [0mCannot invoke an object which is possibly 'undefined'.

[7m89[0m       const pipeline = redis.pipeline()
[7m  [0m [91m                       ~~~~~~~~~~~~~~[0m

[96msrc/lib/rate-limiting/analytics.ts[0m:[93m89[0m:[93m24[0m - [91merror[0m[90m TS18048: [0m'redis.pipeline' is possibly 'undefined'.

[7m89[0m       const pipeline = redis.pipeline()
[7m  [0m [91m                       ~~~~~~~~~~~~~~[0m

[96msrc/lib/rate-limiting/analytics.ts[0m:[93m89[0m:[93m30[0m - [91merror[0m[90m TS4111: [0mProperty 'pipeline' comes from an index signature, so it must be accessed with ['pipeline'].

[7m89[0m       const pipeline = redis.pipeline()
[7m  [0m [91m                             ~~~~~~~~[0m

[96msrc/lib/rate-limiting/analytics.ts[0m:[93m138[0m:[93m33[0m - [91merror[0m[90m TS2722: [0mCannot invoke an object which is possibly 'undefined'.

[7m138[0m         const dailyData = await redis.hgetall(dailyKey)
[7m   [0m [91m                                ~~~~~~~~~~~~~[0m

[96msrc/lib/rate-limiting/analytics.ts[0m:[93m138[0m:[93m33[0m - [91merror[0m[90m TS18048: [0m'redis.hgetall' is possibly 'undefined'.

[7m138[0m         const dailyData = await redis.hgetall(dailyKey)
[7m   [0m [91m                                ~~~~~~~~~~~~~[0m

[96msrc/lib/rate-limiting/analytics.ts[0m:[93m138[0m:[93m39[0m - [91merror[0m[90m TS4111: [0mProperty 'hgetall' comes from an index signature, so it must be accessed with ['hgetall'].

[7m138[0m         const dailyData = await redis.hgetall(dailyKey)
[7m   [0m [91m                                      ~~~~~~~[0m

[96msrc/lib/rate-limiting/analytics.ts[0m:[93m191[0m:[93m26[0m - [91merror[0m[90m TS2722: [0mCannot invoke an object which is possibly 'undefined'.

[7m191[0m       const data = await redis.hgetall(hourlyKey)
[7m   [0m [91m                         ~~~~~~~~~~~~~[0m

[96msrc/lib/rate-limiting/analytics.ts[0m:[93m191[0m:[93m26[0m - [91merror[0m[90m TS18048: [0m'redis.hgetall' is possibly 'undefined'.

[7m191[0m       const data = await redis.hgetall(hourlyKey)
[7m   [0m [91m                         ~~~~~~~~~~~~~[0m

[96msrc/lib/rate-limiting/analytics.ts[0m:[93m191[0m:[93m32[0m - [91merror[0m[90m TS4111: [0mProperty 'hgetall' comes from an index signature, so it must be accessed with ['hgetall'].

[7m191[0m       const data = await redis.hgetall(hourlyKey)
[7m   [0m [91m                               ~~~~~~~[0m

[96msrc/lib/rate-limiting/analytics.ts[0m:[93m223[0m:[93m30[0m - [91merror[0m[90m TS2722: [0mCannot invoke an object which is possibly 'undefined'.

[7m223[0m       const ruleKeys = await redis.keys(`${this.analyticsPrefix}*:${today}`)
[7m   [0m [91m                             ~~~~~~~~~~[0m

[96msrc/lib/rate-limiting/analytics.ts[0m:[93m223[0m:[93m30[0m - [91merror[0m[90m TS18048: [0m'redis.keys' is possibly 'undefined'.

[7m223[0m       const ruleKeys = await redis.keys(`${this.analyticsPrefix}*:${today}`)
[7m   [0m [91m                             ~~~~~~~~~~[0m

[96msrc/lib/rate-limiting/analytics.ts[0m:[93m223[0m:[93m36[0m - [91merror[0m[90m TS4111: [0mProperty 'keys' comes from an index signature, so it must be accessed with ['keys'].

[7m223[0m       const ruleKeys = await redis.keys(`${this.analyticsPrefix}*:${today}`)
[7m   [0m [91m                                   ~~~~[0m

[96msrc/lib/rate-limiting/analytics.ts[0m:[93m232[0m:[93m28[0m - [91merror[0m[90m TS2722: [0mCannot invoke an object which is possibly 'undefined'.

[7m232[0m         const data = await redis.hgetall(key)
[7m   [0m [91m                           ~~~~~~~~~~~~~[0m

[96msrc/lib/rate-limiting/analytics.ts[0m:[93m232[0m:[93m28[0m - [91merror[0m[90m TS18048: [0m'redis.hgetall' is possibly 'undefined'.

[7m232[0m         const data = await redis.hgetall(key)
[7m   [0m [91m                           ~~~~~~~~~~~~~[0m

[96msrc/lib/rate-limiting/analytics.ts[0m:[93m232[0m:[93m34[0m - [91merror[0m[90m TS4111: [0mProperty 'hgetall' comes from an index signature, so it must be accessed with ['hgetall'].

[7m232[0m         const data = await redis.hgetall(key)
[7m   [0m [91m                                 ~~~~~~~[0m

[96msrc/lib/rate-limiting/analytics.ts[0m:[93m349[0m:[93m13[0m - [91merror[0m[90m TS2722: [0mCannot invoke an object which is possibly 'undefined'.

[7m349[0m       await redis.setex(alertKey, 86400 * 7, JSON.stringify(alert)) // Keep for 7 days
[7m   [0m [91m            ~~~~~~~~~~~[0m

[96msrc/lib/rate-limiting/analytics.ts[0m:[93m349[0m:[93m19[0m - [91merror[0m[90m TS4111: [0mProperty 'setex' comes from an index signature, so it must be accessed with ['setex'].

[7m349[0m       await redis.setex(alertKey, 86400 * 7, JSON.stringify(alert)) // Keep for 7 days
[7m   [0m [91m                  ~~~~~[0m

[96msrc/lib/rate-limiting/analytics.ts[0m:[93m394[0m:[93m53[0m - [91merror[0m[90m TS4111: [0mProperty 'blockedRate' comes from an index signature, so it must be accessed with ['blockedRate'].

[7m394[0m           this.parseAlertDetailsValue(alert.details.blockedRate, 0) >
[7m   [0m [91m                                                    ~~~~~~~~~~~[0m

[96msrc/lib/rate-limiting/analytics.ts[0m:[93m402[0m:[93m53[0m - [91merror[0m[90m TS4111: [0mProperty 'blockPercentage' comes from an index signature, so it must be accessed with ['blockPercentage'].

[7m402[0m           this.parseAlertDetailsValue(alert.details.blockPercentage, 0) >
[7m   [0m [91m                                                    ~~~~~~~~~~~~~~~[0m

[96msrc/lib/rate-limiting/analytics.ts[0m:[93m408[0m:[93m53[0m - [91merror[0m[90m TS4111: [0mProperty 'errorRate' comes from an index signature, so it must be accessed with ['errorRate'].

[7m408[0m           this.parseAlertDetailsValue(alert.details.errorRate, 0) >
[7m   [0m [91m                                                    ~~~~~~~~~[0m

[96msrc/lib/rate-limiting/analytics.ts[0m:[93m437[0m:[93m31[0m - [91merror[0m[90m TS2722: [0mCannot invoke an object which is possibly 'undefined'.

[7m437[0m       const alertKeys = await redis.keys(`${this.alertPrefix}*`)
[7m   [0m [91m                              ~~~~~~~~~~[0m

[96msrc/lib/rate-limiting/analytics.ts[0m:[93m437[0m:[93m31[0m - [91merror[0m[90m TS18048: [0m'redis.keys' is possibly 'undefined'.

[7m437[0m       const alertKeys = await redis.keys(`${this.alertPrefix}*`)
[7m   [0m [91m                              ~~~~~~~~~~[0m

[96msrc/lib/rate-limiting/analytics.ts[0m:[93m437[0m:[93m37[0m - [91merror[0m[90m TS4111: [0mProperty 'keys' comes from an index signature, so it must be accessed with ['keys'].

[7m437[0m       const alertKeys = await redis.keys(`${this.alertPrefix}*`)
[7m   [0m [91m                                    ~~~~[0m

[96msrc/lib/rate-limiting/analytics.ts[0m:[93m439[0m:[93m15[0m - [91merror[0m[90m TS7006: [0mParameter 'key' implicitly has an 'any' type.

[7m439[0m         .map((key) => ({ key, timestamp: parseInt(key.split(':')[1] ?? '0') }))
[7m   [0m [91m              ~~~[0m

[96msrc/lib/rate-limiting/analytics.ts[0m:[93m440[0m:[93m16[0m - [91merror[0m[90m TS7006: [0mParameter 'a' implicitly has an 'any' type.

[7m440[0m         .sort((a, b) => b.timestamp - a.timestamp)
[7m   [0m [91m               ~[0m

[96msrc/lib/rate-limiting/analytics.ts[0m:[93m440[0m:[93m19[0m - [91merror[0m[90m TS7006: [0mParameter 'b' implicitly has an 'any' type.

[7m440[0m         .sort((a, b) => b.timestamp - a.timestamp)
[7m   [0m [91m                  ~[0m

[96msrc/lib/rate-limiting/analytics.ts[0m:[93m442[0m:[93m15[0m - [91merror[0m[90m TS7006: [0mParameter 'item' implicitly has an 'any' type.

[7m442[0m         .map((item) => item.key)
[7m   [0m [91m              ~~~~[0m

[96msrc/lib/rate-limiting/analytics.ts[0m:[93m446[0m:[93m33[0m - [91merror[0m[90m TS2722: [0mCannot invoke an object which is possibly 'undefined'.

[7m446[0m         const alertData = await redis.get(key)
[7m   [0m [91m                                ~~~~~~~~~[0m

[96msrc/lib/rate-limiting/analytics.ts[0m:[93m446[0m:[93m33[0m - [91merror[0m[90m TS18048: [0m'redis.get' is possibly 'undefined'.

[7m446[0m         const alertData = await redis.get(key)
[7m   [0m [91m                                ~~~~~~~~~[0m

[96msrc/lib/rate-limiting/analytics.ts[0m:[93m446[0m:[93m39[0m - [91merror[0m[90m TS4111: [0mProperty 'get' comes from an index signature, so it must be accessed with ['get'].

[7m446[0m         const alertData = await redis.get(key)
[7m   [0m [91m                                      ~~~[0m

[96msrc/lib/rate-limiting/analytics.ts[0m:[93m609[0m:[93m26[0m - [91merror[0m[90m TS2722: [0mCannot invoke an object which is possibly 'undefined'.

[7m609[0m       const keys = await redis.keys(`${this.analyticsPrefix}*`)
[7m   [0m [91m                         ~~~~~~~~~~[0m

[96msrc/lib/rate-limiting/analytics.ts[0m:[93m609[0m:[93m26[0m - [91merror[0m[90m TS18048: [0m'redis.keys' is possibly 'undefined'.

[7m609[0m       const keys = await redis.keys(`${this.analyticsPrefix}*`)
[7m   [0m [91m                         ~~~~~~~~~~[0m

[96msrc/lib/rate-limiting/analytics.ts[0m:[93m609[0m:[93m32[0m - [91merror[0m[90m TS4111: [0mProperty 'keys' comes from an index signature, so it must be accessed with ['keys'].

[7m609[0m       const keys = await redis.keys(`${this.analyticsPrefix}*`)
[7m   [0m [91m                               ~~~~[0m

[96msrc/lib/rate-limiting/analytics.ts[0m:[93m610[0m:[93m41[0m - [91merror[0m[90m TS7006: [0mParameter 'key' implicitly has an 'any' type.

[7m610[0m       const keysToDelete = keys.filter((key) => {
[7m   [0m [91m                                        ~~~[0m

[96msrc/lib/rate-limiting/analytics.ts[0m:[93m617[0m:[93m17[0m - [91merror[0m[90m TS2722: [0mCannot invoke an object which is possibly 'undefined'.

[7m617[0m           await redis.del(key)
[7m   [0m [91m                ~~~~~~~~~[0m

[96msrc/lib/rate-limiting/analytics.ts[0m:[93m617[0m:[93m23[0m - [91merror[0m[90m TS4111: [0mProperty 'del' comes from an index signature, so it must be accessed with ['del'].

[7m617[0m           await redis.del(key)
[7m   [0m [91m                      ~~~[0m

[96msrc/lib/rate-limiting/config.ts[0m:[93m287[0m:[93m19[0m - [91merror[0m[90m TS4111: [0mProperty 'RATE_LIMIT_ENABLED' comes from an index signature, so it must be accessed with ['RATE_LIMIT_ENABLED'].

[7m287[0m   if (process.env.RATE_LIMIT_ENABLED) {
[7m   [0m [91m                  ~~~~~~~~~~~~~~~~~~[0m

[96msrc/lib/rate-limiting/config.ts[0m:[93m288[0m:[93m5[0m - [91merror[0m[90m TS2322: [0mType '{ enabled: boolean; defaultWindowMs?: number | undefined; enableAttackDetection?: boolean | undefined; enableAnalytics?: boolean | undefined; }' is not assignable to type '{ enabled: boolean; defaultWindowMs: number; enableAttackDetection: boolean; enableAnalytics: boolean; }'.
  Types of property 'defaultWindowMs' are incompatible.
    Type 'number | undefined' is not assignable to type 'number'.
      Type 'undefined' is not assignable to type 'number'.

[7m288[0m     config.global = {
[7m   [0m [91m    ~~~~~~~~~~~~~[0m

[96msrc/lib/rate-limiting/config.ts[0m:[93m290[0m:[93m28[0m - [91merror[0m[90m TS4111: [0mProperty 'RATE_LIMIT_ENABLED' comes from an index signature, so it must be accessed with ['RATE_LIMIT_ENABLED'].

[7m290[0m       enabled: process.env.RATE_LIMIT_ENABLED === 'true',
[7m   [0m [91m                           ~~~~~~~~~~~~~~~~~~[0m

[96msrc/lib/rate-limiting/config.ts[0m:[93m294[0m:[93m19[0m - [91merror[0m[90m TS4111: [0mProperty 'RATE_LIMIT_DEFAULT_WINDOW_MS' comes from an index signature, so it must be accessed with ['RATE_LIMIT_DEFAULT_WINDOW_MS'].

[7m294[0m   if (process.env.RATE_LIMIT_DEFAULT_WINDOW_MS) {
[7m   [0m [91m                  ~~~~~~~~~~~~~~~~~~~~~~~~~~~~[0m

[96msrc/lib/rate-limiting/config.ts[0m:[93m295[0m:[93m5[0m - [91merror[0m[90m TS2322: [0mType '{ defaultWindowMs: number; enabled?: boolean | undefined; enableAttackDetection?: boolean | undefined; enableAnalytics?: boolean | undefined; }' is not assignable to type '{ enabled: boolean; defaultWindowMs: number; enableAttackDetection: boolean; enableAnalytics: boolean; }'.
  Types of property 'enabled' are incompatible.
    Type 'boolean | undefined' is not assignable to type 'boolean'.
      Type 'undefined' is not assignable to type 'boolean'.

[7m295[0m     config.global = {
[7m   [0m [91m    ~~~~~~~~~~~~~[0m

[96msrc/lib/rate-limiting/config.ts[0m:[93m297[0m:[93m45[0m - [91merror[0m[90m TS4111: [0mProperty 'RATE_LIMIT_DEFAULT_WINDOW_MS' comes from an index signature, so it must be accessed with ['RATE_LIMIT_DEFAULT_WINDOW_MS'].

[7m297[0m       defaultWindowMs: parseInt(process.env.RATE_LIMIT_DEFAULT_WINDOW_MS),
[7m   [0m [91m                                            ~~~~~~~~~~~~~~~~~~~~~~~~~~~~[0m

[96msrc/lib/rate-limiting/config.ts[0m:[93m301[0m:[93m19[0m - [91merror[0m[90m TS4111: [0mProperty 'RATE_LIMIT_ATTACK_DETECTION' comes from an index signature, so it must be accessed with ['RATE_LIMIT_ATTACK_DETECTION'].

[7m301[0m   if (process.env.RATE_LIMIT_ATTACK_DETECTION) {
[7m   [0m [91m                  ~~~~~~~~~~~~~~~~~~~~~~~~~~~[0m

[96msrc/lib/rate-limiting/config.ts[0m:[93m302[0m:[93m5[0m - [91merror[0m[90m TS2322: [0mType '{ enableAttackDetection: boolean; enabled?: boolean | undefined; defaultWindowMs?: number | undefined; enableAnalytics?: boolean | undefined; }' is not assignable to type '{ enabled: boolean; defaultWindowMs: number; enableAttackDetection: boolean; enableAnalytics: boolean; }'.
  Types of property 'enabled' are incompatible.
    Type 'boolean | undefined' is not assignable to type 'boolean'.
      Type 'undefined' is not assignable to type 'boolean'.

[7m302[0m     config.global = {
[7m   [0m [91m    ~~~~~~~~~~~~~[0m

[96msrc/lib/rate-limiting/config.ts[0m:[93m304[0m:[93m42[0m - [91merror[0m[90m TS4111: [0mProperty 'RATE_LIMIT_ATTACK_DETECTION' comes from an index signature, so it must be accessed with ['RATE_LIMIT_ATTACK_DETECTION'].

[7m304[0m       enableAttackDetection: process.env.RATE_LIMIT_ATTACK_DETECTION === 'true',
[7m   [0m [91m                                         ~~~~~~~~~~~~~~~~~~~~~~~~~~~[0m

[96msrc/lib/rate-limiting/config.ts[0m:[93m308[0m:[93m19[0m - [91merror[0m[90m TS4111: [0mProperty 'RATE_LIMIT_ANALYTICS' comes from an index signature, so it must be accessed with ['RATE_LIMIT_ANALYTICS'].

[7m308[0m   if (process.env.RATE_LIMIT_ANALYTICS) {
[7m   [0m [91m                  ~~~~~~~~~~~~~~~~~~~~[0m

[96msrc/lib/rate-limiting/config.ts[0m:[93m309[0m:[93m5[0m - [91merror[0m[90m TS2322: [0mType '{ enableAnalytics: boolean; enabled?: boolean | undefined; defaultWindowMs?: number | undefined; enableAttackDetection?: boolean | undefined; }' is not assignable to type '{ enabled: boolean; defaultWindowMs: number; enableAttackDetection: boolean; enableAnalytics: boolean; }'.
  Types of property 'enabled' are incompatible.
    Type 'boolean | undefined' is not assignable to type 'boolean'.
      Type 'undefined' is not assignable to type 'boolean'.

[7m309[0m     config.global = {
[7m   [0m [91m    ~~~~~~~~~~~~~[0m

[96msrc/lib/rate-limiting/config.ts[0m:[93m311[0m:[93m36[0m - [91merror[0m[90m TS4111: [0mProperty 'RATE_LIMIT_ANALYTICS' comes from an index signature, so it must be accessed with ['RATE_LIMIT_ANALYTICS'].

[7m311[0m       enableAnalytics: process.env.RATE_LIMIT_ANALYTICS === 'true',
[7m   [0m [91m                                   ~~~~~~~~~~~~~~~~~~~~[0m

[96msrc/lib/rate-limiting/config.ts[0m:[93m315[0m:[93m19[0m - [91merror[0m[90m TS4111: [0mProperty 'RATE_LIMIT_REDIS_PREFIX' comes from an index signature, so it must be accessed with ['RATE_LIMIT_REDIS_PREFIX'].

[7m315[0m   if (process.env.RATE_LIMIT_REDIS_PREFIX) {
[7m   [0m [91m                  ~~~~~~~~~~~~~~~~~~~~~~~[0m

[96msrc/lib/rate-limiting/config.ts[0m:[93m318[0m:[93m30[0m - [91merror[0m[90m TS4111: [0mProperty 'RATE_LIMIT_REDIS_PREFIX' comes from an index signature, so it must be accessed with ['RATE_LIMIT_REDIS_PREFIX'].

[7m318[0m       keyPrefix: process.env.RATE_LIMIT_REDIS_PREFIX,
[7m   [0m [91m                             ~~~~~~~~~~~~~~~~~~~~~~~[0m

[96msrc/lib/rate-limiting/config.ts[0m:[93m329[0m:[93m27[0m - [91merror[0m[90m TS4111: [0mProperty 'NODE_ENV' comes from an index signature, so it must be accessed with ['NODE_ENV'].

[7m329[0m   const env = process.env.NODE_ENV ?? 'development'
[7m   [0m [91m                          ~~~~~~~~[0m

[96msrc/lib/rate-limiting/index.ts[0m:[93m133[0m:[93m33[0m - [91merror[0m[90m TS2722: [0mCannot invoke an object which is possibly 'undefined'.

[7m133[0m     const redisHealthy = (await redis.ping()) === 'PONG'
[7m   [0m [91m                                ~~~~~~~~~~[0m

[96msrc/lib/rate-limiting/index.ts[0m:[93m133[0m:[93m39[0m - [91merror[0m[90m TS4111: [0mProperty 'ping' comes from an index signature, so it must be accessed with ['ping'].

[7m133[0m     const redisHealthy = (await redis.ping()) === 'PONG'
[7m   [0m [91m                                      ~~~~[0m

[96msrc/lib/rate-limiting/middleware.ts[0m:[93m26[0m:[93m3[0m - [91merror[0m[90m TS2741: [0mProperty 'ruleSets' is missing in type '{}' but required in type 'RateLimitMiddlewareConfig'.

[7m26[0m   config: RateLimitMiddlewareConfig = {},
[7m  [0m [91m  ~~~~~~~~~~~~~~~~~~~~~~~~~~~~~~~~~~~~~~[0m

  [96msrc/lib/rate-limiting/types.ts[0m:[93m170[0m:[93m3[0m
    [7m170[0m   ruleSets: RateLimitRuleSet[]
    [7m   [0m [96m  ~~~~~~~~[0m
    'ruleSets' is declared here.

[96msrc/lib/rate-limiting/middleware.ts[0m:[93m168[0m:[93m6[0m - [91merror[0m[90m TS2532: [0mObject is possibly 'undefined'.

[7m168[0m     (forwarded?.split(',')[0].trim() ?? realIp ?? context.clientAddress) ||
[7m   [0m [91m     ~~~~~~~~~~~~~~~~~~~~~~~~[0m

[96msrc/lib/rate-limiting/middleware.ts[0m:[93m368[0m:[93m28[0m - [91merror[0m[90m TS2345: [0mArgument of type 'string | undefined' is not assignable to parameter of type 'string'.
  Type 'undefined' is not assignable to type 'string'.

[7m368[0m       return ip.startsWith(network)
[7m   [0m [91m                           ~~~~~~~[0m

[96msrc/lib/rate-limiting/middleware.ts[0m:[93m421[0m:[93m26[0m - [91merror[0m[90m TS2304: [0mCannot find name 'RateLimitBypassRule'.

[7m421[0m   const authBypassRules: RateLimitBypassRule[] = []
[7m   [0m [91m                         ~~~~~~~~~~~~~~~~~~~[0m

[96msrc/lib/rate-limiting/middleware.ts[0m:[93m428[0m:[93m24[0m - [91merror[0m[90m TS7006: [0mParameter 'context' implicitly has an 'any' type.

[7m428[0m         custom: async (context) => {
[7m   [0m [91m                       ~~~~~~~[0m

[96msrc/lib/rate-limiting/rate-limiter.ts[0m:[93m25[0m:[93m32[0m - [91merror[0m[90m TS6138: [0mProperty 'config' is declared but its value is never read.

[7m25[0m   constructor(private readonly config: RateLimitConfig) {}
[7m  [0m [91m                               ~~~~~~[0m

[96msrc/lib/rate-limiting/rate-limiter.ts[0m:[93m40[0m:[93m29[0m - [91merror[0m[90m TS2722: [0mCannot invoke an object which is possibly 'undefined'.

[7m40[0m       const current = await redis.get(windowKey)
[7m  [0m [91m                            ~~~~~~~~~[0m

[96msrc/lib/rate-limiting/rate-limiter.ts[0m:[93m40[0m:[93m29[0m - [91merror[0m[90m TS18048: [0m'redis.get' is possibly 'undefined'.

[7m40[0m       const current = await redis.get(windowKey)
[7m  [0m [91m                            ~~~~~~~~~[0m

[96msrc/lib/rate-limiting/rate-limiter.ts[0m:[93m40[0m:[93m35[0m - [91merror[0m[90m TS4111: [0mProperty 'get' comes from an index signature, so it must be accessed with ['get'].

[7m40[0m       const current = await redis.get(windowKey)
[7m  [0m [91m                                  ~~~[0m

[96msrc/lib/rate-limiting/rate-limiter.ts[0m:[93m56[0m:[93m24[0m - [91merror[0m[90m TS2722: [0mCannot invoke an object which is possibly 'undefined'.

[7m56[0m       const pipeline = redis.pipeline()
[7m  [0m [91m                       ~~~~~~~~~~~~~~[0m

[96msrc/lib/rate-limiting/rate-limiter.ts[0m:[93m56[0m:[93m24[0m - [91merror[0m[90m TS18048: [0m'redis.pipeline' is possibly 'undefined'.

[7m56[0m       const pipeline = redis.pipeline()
[7m  [0m [91m                       ~~~~~~~~~~~~~~[0m

[96msrc/lib/rate-limiting/rate-limiter.ts[0m:[93m56[0m:[93m30[0m - [91merror[0m[90m TS4111: [0mProperty 'pipeline' comes from an index signature, so it must be accessed with ['pipeline'].

[7m56[0m       const pipeline = redis.pipeline()
[7m  [0m [91m                             ~~~~~~~~[0m

[96msrc/lib/rate-limiting/rate-limiter.ts[0m:[93m107[0m:[93m13[0m - [91merror[0m[90m TS2722: [0mCannot invoke an object which is possibly 'undefined'.

[7m107[0m       await redis.zadd(attackKey, now, `${now}:${Math.random()}`)
[7m   [0m [91m            ~~~~~~~~~~[0m

[96msrc/lib/rate-limiting/rate-limiter.ts[0m:[93m107[0m:[93m19[0m - [91merror[0m[90m TS4111: [0mProperty 'zadd' comes from an index signature, so it must be accessed with ['zadd'].

[7m107[0m       await redis.zadd(attackKey, now, `${now}:${Math.random()}`)
[7m   [0m [91m                  ~~~~[0m

[96msrc/lib/rate-limiting/rate-limiter.ts[0m:[93m111[0m:[93m13[0m - [91merror[0m[90m TS2722: [0mCannot invoke an object which is possibly 'undefined'.

[7m111[0m       await redis.zremrangebyscore(attackKey, 0, oneHourAgo)
[7m   [0m [91m            ~~~~~~~~~~~~~~~~~~~~~~[0m

[96msrc/lib/rate-limiting/rate-limiter.ts[0m:[93m111[0m:[93m19[0m - [91merror[0m[90m TS4111: [0mProperty 'zremrangebyscore' comes from an index signature, so it must be accessed with ['zremrangebyscore'].

[7m111[0m       await redis.zremrangebyscore(attackKey, 0, oneHourAgo)
[7m   [0m [91m                  ~~~~~~~~~~~~~~~~[0m

[96msrc/lib/rate-limiting/rate-limiter.ts[0m:[93m114[0m:[93m36[0m - [91merror[0m[90m TS2722: [0mCannot invoke an object which is possibly 'undefined'.

[7m114[0m       const recentRequests = await redis.zrangebyscore(
[7m   [0m [91m                                   ~~~~~~~~~~~~~~~~~~~[0m

[96msrc/lib/rate-limiting/rate-limiter.ts[0m:[93m114[0m:[93m36[0m - [91merror[0m[90m TS18048: [0m'redis.zrangebyscore' is possibly 'undefined'.

[7m114[0m       const recentRequests = await redis.zrangebyscore(
[7m   [0m [91m                                   ~~~~~~~~~~~~~~~~~~~[0m

[96msrc/lib/rate-limiting/rate-limiter.ts[0m:[93m114[0m:[93m42[0m - [91merror[0m[90m TS4111: [0mProperty 'zrangebyscore' comes from an index signature, so it must be accessed with ['zrangebyscore'].

[7m114[0m       const recentRequests = await redis.zrangebyscore(
[7m   [0m [91m                                         ~~~~~~~~~~~~~[0m

[96msrc/lib/rate-limiting/rate-limiter.ts[0m:[93m121[0m:[93m48[0m - [91merror[0m[90m TS7006: [0mParameter 'r' implicitly has an 'any' type.

[7m121[0m         const timestamps = recentRequests.map((r) => parseInt(r.split(':')[0]))
[7m   [0m [91m                                               ~[0m

[96msrc/lib/rate-limiting/rate-limiter.ts[0m:[93m130[0m:[93m13[0m - [91merror[0m[90m TS2722: [0mCannot invoke an object which is possibly 'undefined'.

[7m130[0m       await redis.expire(attackKey, 3600)
[7m   [0m [91m            ~~~~~~~~~~~~[0m

[96msrc/lib/rate-limiting/rate-limiter.ts[0m:[93m130[0m:[93m19[0m - [91merror[0m[90m TS4111: [0mProperty 'expire' comes from an index signature, so it must be accessed with ['expire'].

[7m130[0m       await redis.expire(attackKey, 3600)
[7m   [0m [91m                  ~~~~~~[0m

[96msrc/lib/rate-limiting/rate-limiter.ts[0m:[93m150[0m:[93m22[0m - [91merror[0m[90m TS2532: [0mObject is possibly 'undefined'.

[7m150[0m       intervals.push(timestamps[i] - timestamps[i - 1])
[7m   [0m [91m                     ~~~~~~~~~~~~~[0m

[96msrc/lib/rate-limiting/rate-limiter.ts[0m:[93m150[0m:[93m38[0m - [91merror[0m[90m TS2532: [0mObject is possibly 'undefined'.

[7m150[0m       intervals.push(timestamps[i] - timestamps[i - 1])
[7m   [0m [91m                                     ~~~~~~~~~~~~~~~~~[0m

[96msrc/lib/rate-limiting/rate-limiter.ts[0m:[93m198[0m:[93m11[0m - [91merror[0m[90m TS2722: [0mCannot invoke an object which is possibly 'undefined'.

[7m198[0m     await redis.setex(
[7m   [0m [91m          ~~~~~~~~~~~[0m

[96msrc/lib/rate-limiting/rate-limiter.ts[0m:[93m198[0m:[93m17[0m - [91merror[0m[90m TS4111: [0mProperty 'setex' comes from an index signature, so it must be accessed with ['setex'].

[7m198[0m     await redis.setex(
[7m   [0m [91m                ~~~~~[0m

[96msrc/lib/rate-limiting/rate-limiter.ts[0m:[93m228[0m:[93m11[0m - [91merror[0m[90m TS2722: [0mCannot invoke an object which is possibly 'undefined'.

[7m228[0m     await redis.hincrby(analyticsKey, 'total_blocked', 1)
[7m   [0m [91m          ~~~~~~~~~~~~~[0m

[96msrc/lib/rate-limiting/rate-limiter.ts[0m:[93m228[0m:[93m17[0m - [91merror[0m[90m TS4111: [0mProperty 'hincrby' comes from an index signature, so it must be accessed with ['hincrby'].

[7m228[0m     await redis.hincrby(analyticsKey, 'total_blocked', 1)
[7m   [0m [91m                ~~~~~~~[0m

[96msrc/lib/rate-limiting/rate-limiter.ts[0m:[93m229[0m:[93m11[0m - [91merror[0m[90m TS2722: [0mCannot invoke an object which is possibly 'undefined'.

[7m229[0m     await redis.expire(analyticsKey, 86400 * 30) // Keep for 30 days
[7m   [0m [91m          ~~~~~~~~~~~~[0m

[96msrc/lib/rate-limiting/rate-limiter.ts[0m:[93m229[0m:[93m17[0m - [91merror[0m[90m TS4111: [0mProperty 'expire' comes from an index signature, so it must be accessed with ['expire'].

[7m229[0m     await redis.expire(analyticsKey, 86400 * 30) // Keep for 30 days
[7m   [0m [91m                ~~~~~~[0m

[96msrc/lib/rate-limiting/rate-limiter.ts[0m:[93m251[0m:[93m22[0m - [91merror[0m[90m TS2722: [0mCannot invoke an object which is possibly 'undefined'.

[7m251[0m     const pipeline = redis.pipeline()
[7m   [0m [91m                     ~~~~~~~~~~~~~~[0m

[96msrc/lib/rate-limiting/rate-limiter.ts[0m:[93m251[0m:[93m22[0m - [91merror[0m[90m TS18048: [0m'redis.pipeline' is possibly 'undefined'.

[7m251[0m     const pipeline = redis.pipeline()
[7m   [0m [91m                     ~~~~~~~~~~~~~~[0m

[96msrc/lib/rate-limiting/rate-limiter.ts[0m:[93m251[0m:[93m28[0m - [91merror[0m[90m TS4111: [0mProperty 'pipeline' comes from an index signature, so it must be accessed with ['pipeline'].

[7m251[0m     const pipeline = redis.pipeline()
[7m   [0m [91m                           ~~~~~~~~[0m

[96msrc/lib/rate-limiting/rate-limiter.ts[0m:[93m284[0m:[93m13[0m - [91merror[0m[90m TS2722: [0mCannot invoke an object which is possibly 'undefined'.

[7m284[0m       await redis.lpush(eventKey, JSON.stringify(event))
[7m   [0m [91m            ~~~~~~~~~~~[0m

[96msrc/lib/rate-limiting/rate-limiter.ts[0m:[93m284[0m:[93m19[0m - [91merror[0m[90m TS4111: [0mProperty 'lpush' comes from an index signature, so it must be accessed with ['lpush'].

[7m284[0m       await redis.lpush(eventKey, JSON.stringify(event))
[7m   [0m [91m                  ~~~~~[0m

[96msrc/lib/rate-limiting/rate-limiter.ts[0m:[93m285[0m:[93m13[0m - [91merror[0m[90m TS2722: [0mCannot invoke an object which is possibly 'undefined'.

[7m285[0m       await redis.expire(eventKey, 86400 * 7) // Keep for 7 days
[7m   [0m [91m            ~~~~~~~~~~~~[0m

[96msrc/lib/rate-limiting/rate-limiter.ts[0m:[93m285[0m:[93m19[0m - [91merror[0m[90m TS4111: [0mProperty 'expire' comes from an index signature, so it must be accessed with ['expire'].

[7m285[0m       await redis.expire(eventKey, 86400 * 7) // Keep for 7 days
[7m   [0m [91m                  ~~~~~~[0m

[96msrc/lib/rate-limiting/rate-limiter.ts[0m:[93m296[0m:[93m27[0m - [91merror[0m[90m TS2722: [0mCannot invoke an object which is possibly 'undefined'.

[7m296[0m     const blocked = await redis.get(blockKey)
[7m   [0m [91m                          ~~~~~~~~~[0m

[96msrc/lib/rate-limiting/rate-limiter.ts[0m:[93m296[0m:[93m27[0m - [91merror[0m[90m TS18048: [0m'redis.get' is possibly 'undefined'.

[7m296[0m     const blocked = await redis.get(blockKey)
[7m   [0m [91m                          ~~~~~~~~~[0m

[96msrc/lib/rate-limiting/rate-limiter.ts[0m:[93m296[0m:[93m33[0m - [91merror[0m[90m TS4111: [0mProperty 'get' comes from an index signature, so it must be accessed with ['get'].

[7m296[0m     const blocked = await redis.get(blockKey)
[7m   [0m [91m                                ~~~[0m

[96msrc/lib/rate-limiting/rate-limiter.ts[0m:[93m317[0m:[93m9[0m - [91merror[0m[90m TS2722: [0mCannot invoke an object which is possibly 'undefined'.

[7m317[0m         redis.hgetall(usageKey),
[7m   [0m [91m        ~~~~~~~~~~~~~[0m

[96msrc/lib/rate-limiting/rate-limiter.ts[0m:[93m317[0m:[93m15[0m - [91merror[0m[90m TS4111: [0mProperty 'hgetall' comes from an index signature, so it must be accessed with ['hgetall'].

[7m317[0m         redis.hgetall(usageKey),
[7m   [0m [91m              ~~~~~~~[0m

[96msrc/lib/rate-limiting/rate-limiter.ts[0m:[93m318[0m:[93m9[0m - [91merror[0m[90m TS2722: [0mCannot invoke an object which is possibly 'undefined'.

[7m318[0m         redis.hgetall(blockedKey),
[7m   [0m [91m        ~~~~~~~~~~~~~[0m

[96msrc/lib/rate-limiting/rate-limiter.ts[0m:[93m318[0m:[93m15[0m - [91merror[0m[90m TS4111: [0mProperty 'hgetall' comes from an index signature, so it must be accessed with ['hgetall'].

[7m318[0m         redis.hgetall(blockedKey),
[7m   [0m [91m              ~~~~~~~[0m

[96msrc/lib/rate-limiting/rate-limiter.ts[0m:[93m341[0m:[93m29[0m - [91merror[0m[90m TS2722: [0mCannot invoke an object which is possibly 'undefined'.

[7m341[0m       const current = await redis.get(windowKey)
[7m   [0m [91m                            ~~~~~~~~~[0m

[96msrc/lib/rate-limiting/rate-limiter.ts[0m:[93m341[0m:[93m29[0m - [91merror[0m[90m TS18048: [0m'redis.get' is possibly 'undefined'.

[7m341[0m       const current = await redis.get(windowKey)
[7m   [0m [91m                            ~~~~~~~~~[0m

[96msrc/lib/rate-limiting/rate-limiter.ts[0m:[93m341[0m:[93m35[0m - [91merror[0m[90m TS4111: [0mProperty 'get' comes from an index signature, so it must be accessed with ['get'].

[7m341[0m       const current = await redis.get(windowKey)
[7m   [0m [91m                                  ~~~[0m

[96msrc/lib/rate-limiting/rate-limiter.ts[0m:[93m375[0m:[93m22[0m - [91merror[0m[90m TS2722: [0mCannot invoke an object which is possibly 'undefined'.

[7m375[0m     const pipeline = redis.pipeline()
[7m   [0m [91m                     ~~~~~~~~~~~~~~[0m

[96msrc/lib/rate-limiting/rate-limiter.ts[0m:[93m375[0m:[93m22[0m - [91merror[0m[90m TS18048: [0m'redis.pipeline' is possibly 'undefined'.

[7m375[0m     const pipeline = redis.pipeline()
[7m   [0m [91m                     ~~~~~~~~~~~~~~[0m

[96msrc/lib/rate-limiting/rate-limiter.ts[0m:[93m375[0m:[93m28[0m - [91merror[0m[90m TS4111: [0mProperty 'pipeline' comes from an index signature, so it must be accessed with ['pipeline'].

[7m375[0m     const pipeline = redis.pipeline()
[7m   [0m [91m                           ~~~~~~~~[0m

[96msrc/lib/rate-limiting/rate-limiter.ts[0m:[93m398[0m:[93m11[0m - [91merror[0m[90m TS2722: [0mCannot invoke an object which is possibly 'undefined'.

[7m398[0m     await redis.del(windowKey)
[7m   [0m [91m          ~~~~~~~~~[0m

[96msrc/lib/rate-limiting/rate-limiter.ts[0m:[93m398[0m:[93m17[0m - [91merror[0m[90m TS4111: [0mProperty 'del' comes from an index signature, so it must be accessed with ['del'].

[7m398[0m     await redis.del(windowKey)
[7m   [0m [91m                ~~~[0m

[96msrc/lib/redis.test.ts[0m:[93m67[0m:[93m24[0m - [91merror[0m[90m TS4111: [0mProperty 'REDIS_URL' comes from an index signature, so it must be accessed with ['REDIS_URL'].

[7m67[0m     delete process.env.REDIS_URL
[7m  [0m [91m                       ~~~~~~~~~[0m

[96msrc/lib/redis.test.ts[0m:[93m68[0m:[93m24[0m - [91merror[0m[90m TS4111: [0mProperty 'UPSTASH_REDIS_REST_URL' comes from an index signature, so it must be accessed with ['UPSTASH_REDIS_REST_URL'].

[7m68[0m     delete process.env.UPSTASH_REDIS_REST_URL
[7m  [0m [91m                       ~~~~~~~~~~~~~~~~~~~~~~[0m

[96msrc/lib/redis.test.ts[0m:[93m69[0m:[93m24[0m - [91merror[0m[90m TS4111: [0mProperty 'UPSTASH_REDIS_REST_TOKEN' comes from an index signature, so it must be accessed with ['UPSTASH_REDIS_REST_TOKEN'].

[7m69[0m     delete process.env.UPSTASH_REDIS_REST_TOKEN
[7m  [0m [91m                       ~~~~~~~~~~~~~~~~~~~~~~~~[0m

[96msrc/lib/redis.test.ts[0m:[93m70[0m:[93m24[0m - [91merror[0m[90m TS4111: [0mProperty 'NODE_ENV' comes from an index signature, so it must be accessed with ['NODE_ENV'].

[7m70[0m     delete process.env.NODE_ENV
[7m  [0m [91m                       ~~~~~~~~[0m

[96msrc/lib/redis.test.ts[0m:[93m226[0m:[93m19[0m - [91merror[0m[90m TS4111: [0mProperty 'REDIS_URL' comes from an index signature, so it must be accessed with ['REDIS_URL'].

[7m226[0m       process.env.REDIS_URL = 'redis://localhost:6379'
[7m   [0m [91m                  ~~~~~~~~~[0m

[96msrc/lib/redis.test.ts[0m:[93m230[0m:[93m20[0m - [91merror[0m[90m TS4111: [0mProperty 'get' comes from an index signature, so it must be accessed with ['get'].

[7m230[0m       expect(redis.get).toBeDefined()
[7m   [0m [91m                   ~~~[0m

[96msrc/lib/redis.test.ts[0m:[93m234[0m:[93m19[0m - [91merror[0m[90m TS4111: [0mProperty 'NODE_ENV' comes from an index signature, so it must be accessed with ['NODE_ENV'].

[7m234[0m       process.env.NODE_ENV = 'production'
[7m   [0m [91m                  ~~~~~~~~[0m

[96msrc/lib/redis.test.ts[0m:[93m237[0m:[93m20[0m - [91merror[0m[90m TS4111: [0mProperty 'get' comes from an index signature, so it must be accessed with ['get'].

[7m237[0m       expect(redis.get).toBeDefined()
[7m   [0m [91m                   ~~~[0m

[96msrc/lib/redis.ts[0m:[93m67[0m:[93m9[0m - [91merror[0m[90m TS6133: [0m'parseStringRecord' is declared but its value is never read.

[7m67[0m   const parseStringRecord = (value: string): Record<string, string> => {
[7m  [0m [91m        ~~~~~~~~~~~~~~~~~[0m

[96msrc/lib/redis.ts[0m:[93m304[0m:[93m18[0m - [91merror[0m[90m TS4111: [0mProperty 'on' comes from an index signature, so it must be accessed with ['on'].

[7m304[0m if (typeof redis.on === 'function') {
[7m   [0m [91m                 ~~[0m

[96msrc/lib/redis.ts[0m:[93m305[0m:[93m9[0m - [91merror[0m[90m TS4111: [0mProperty 'on' comes from an index signature, so it must be accessed with ['on'].

[7m305[0m   redis.on('error', (error: unknown) => {
[7m   [0m [91m        ~~[0m

[96msrc/lib/redis.ts[0m:[93m322[0m:[93m38[0m - [91merror[0m[90m TS2722: [0mCannot invoke an object which is possibly 'undefined'.

[7m322[0m     const raw: string | null = await redis.get(key)
[7m   [0m [91m                                     ~~~~~~~~~[0m

[96msrc/lib/redis.ts[0m:[93m322[0m:[93m44[0m - [91merror[0m[90m TS4111: [0mProperty 'get' comes from an index signature, so it must be accessed with ['get'].

[7m322[0m     const raw: string | null = await redis.get(key)
[7m   [0m [91m                                           ~~~[0m

[96msrc/lib/redis.ts[0m:[93m360[0m:[93m13[0m - [91merror[0m[90m TS2722: [0mCannot invoke an object which is possibly 'undefined'.

[7m360[0m       await redis.set(key, serialized, 'EX', expirationSeconds)
[7m   [0m [91m            ~~~~~~~~~[0m

[96msrc/lib/redis.ts[0m:[93m360[0m:[93m19[0m - [91merror[0m[90m TS4111: [0mProperty 'set' comes from an index signature, so it must be accessed with ['set'].

[7m360[0m       await redis.set(key, serialized, 'EX', expirationSeconds)
[7m   [0m [91m                  ~~~[0m

[96msrc/lib/redis.ts[0m:[93m362[0m:[93m13[0m - [91merror[0m[90m TS2722: [0mCannot invoke an object which is possibly 'undefined'.

[7m362[0m       await redis.set(key, serialized)
[7m   [0m [91m            ~~~~~~~~~[0m

[96msrc/lib/redis.ts[0m:[93m362[0m:[93m19[0m - [91merror[0m[90m TS4111: [0mProperty 'set' comes from an index signature, so it must be accessed with ['set'].

[7m362[0m       await redis.set(key, serialized)
[7m   [0m [91m                  ~~~[0m

[96msrc/lib/redis.ts[0m:[93m376[0m:[93m32[0m - [91merror[0m[90m TS2722: [0mCannot invoke an object which is possibly 'undefined'.

[7m376[0m     const deletedCount = await redis.del(key)
[7m   [0m [91m                               ~~~~~~~~~[0m

[96msrc/lib/redis.ts[0m:[93m376[0m:[93m32[0m - [91merror[0m[90m TS18048: [0m'redis.del' is possibly 'undefined'.

[7m376[0m     const deletedCount = await redis.del(key)
[7m   [0m [91m                               ~~~~~~~~~[0m

[96msrc/lib/redis.ts[0m:[93m376[0m:[93m38[0m - [91merror[0m[90m TS4111: [0mProperty 'del' comes from an index signature, so it must be accessed with ['del'].

[7m376[0m     const deletedCount = await redis.del(key)
[7m   [0m [91m                                     ~~~[0m

[96msrc/lib/redis.ts[0m:[93m407[0m:[93m30[0m - [91merror[0m[90m TS2722: [0mCannot invoke an object which is possibly 'undefined'.

[7m407[0m     const pingResult = await redis.ping()
[7m   [0m [91m                             ~~~~~~~~~~[0m

[96msrc/lib/redis.ts[0m:[93m407[0m:[93m30[0m - [91merror[0m[90m TS18048: [0m'redis.ping' is possibly 'undefined'.

[7m407[0m     const pingResult = await redis.ping()
[7m   [0m [91m                             ~~~~~~~~~~[0m

[96msrc/lib/redis.ts[0m:[93m407[0m:[93m36[0m - [91merror[0m[90m TS4111: [0mProperty 'ping' comes from an index signature, so it must be accessed with ['ping'].

[7m407[0m     const pingResult = await redis.ping()
[7m   [0m [91m                                   ~~~~[0m

[96msrc/lib/repositories/emotionsRepository.ts[0m:[93m1[0m:[93m15[0m - [91merror[0m[90m TS2724: [0m'"../ai/emotions/dimensionalTypes"' has no exported member named 'DimensionalEmotionMap'. Did you mean 'DimensionalEmotion'?

[7m1[0m import type { DimensionalEmotionMap } from '../ai/emotions/dimensionalTypes'
[7m [0m [91m              ~~~~~~~~~~~~~~~~~~~~~[0m

[96msrc/lib/research/ResearchPlatform.ts[0m:[93m742[0m:[93m35[0m - [91merror[0m[90m TS4111: [0mProperty 'level' comes from an index signature, so it must be accessed with ['level'].

[7m742[0m         this.asString(consentData.level) ?? this.config.consent.defaultLevel,
[7m   [0m [91m                                  ~~~~~[0m

[96msrc/lib/research/ResearchPlatform.ts[0m:[93m745[0m:[93m35[0m - [91merror[0m[90m TS4111: [0mProperty 'metadata' comes from an index signature, so it must be accessed with ['metadata'].

[7m745[0m         this.toRecord(consentData.metadata) ??
[7m   [0m [91m                                  ~~~~~~~~[0m

[96msrc/lib/research/ResearchPlatform.ts[0m:[93m746[0m:[93m35[0m - [91merror[0m[90m TS4111: [0mProperty 'metaData' comes from an index signature, so it must be accessed with ['metaData'].

[7m746[0m         this.toRecord(consentData.metaData) ??
[7m   [0m [91m                                  ~~~~~~~~[0m

[96msrc/lib/research/ResearchPlatform.ts[0m:[93m749[0m:[93m28[0m - [91merror[0m[90m TS4111: [0mProperty 'reason' comes from an index signature, so it must be accessed with ['reason'].

[7m749[0m         typeof consentData.reason === 'string' ? consentData.reason : undefined
[7m   [0m [91m                           ~~~~~~[0m

[96msrc/lib/research/ResearchPlatform.ts[0m:[93m749[0m:[93m62[0m - [91merror[0m[90m TS4111: [0mProperty 'reason' comes from an index signature, so it must be accessed with ['reason'].

[7m749[0m         typeof consentData.reason === 'string' ? consentData.reason : undefined
[7m   [0m [91m                                                             ~~~~~~[0m

[96msrc/lib/research/ResearchPlatform.ts[0m:[93m750[0m:[93m52[0m - [91merror[0m[90m TS4111: [0mProperty 'immediate' comes from an index signature, so it must be accessed with ['immediate'].

[7m750[0m       const immediate = this.toBoolean(consentData.immediate)
[7m   [0m [91m                                                   ~~~~~~~~~[0m

[96msrc/lib/research/ResearchPlatform.ts[0m:[93m785[0m:[93m38[0m - [91merror[0m[90m TS4111: [0mProperty 'level' comes from an index signature, so it must be accessed with ['level'].

[7m785[0m                   typeof consentData.level === 'string'
[7m   [0m [91m                                     ~~~~~[0m

[96msrc/lib/research/ResearchPlatform.ts[0m:[93m786[0m:[93m35[0m - [91merror[0m[90m TS4111: [0mProperty 'level' comes from an index signature, so it must be accessed with ['level'].

[7m786[0m                     ? consentData.level
[7m   [0m [91m                                  ~~~~~[0m

[96msrc/lib/research/ResearchPlatform.ts[0m:[93m974[0m:[93m22[0m - [91merror[0m[90m TS4111: [0mProperty 'HIPAA_MASTER_KEY' comes from an index signature, so it must be accessed with ['HIPAA_MASTER_KEY'].

[7m974[0m     if (!process.env.HIPAA_MASTER_KEY) {
[7m   [0m [91m                     ~~~~~~~~~~~~~~~~[0m

[96msrc/lib/research/ResearchPlatform.ts[0m:[93m1046[0m:[93m44[0m - [91merror[0m[90m TS4111: [0mProperty 'timestamp' comes from an index signature, so it must be accessed with ['timestamp'].

[7m1046[0m     const timestamp = this.parseDate(entry.timestamp)
[7m    [0m [91m                                           ~~~~~~~~~[0m

[96msrc/lib/research/ResearchPlatform.ts[0m:[93m1048[0m:[93m20[0m - [91merror[0m[90m TS4111: [0mProperty 'sessionDuration' comes from an index signature, so it must be accessed with ['sessionDuration'].

[7m1048[0m       typeof entry.sessionDuration === 'number'
[7m    [0m [91m                   ~~~~~~~~~~~~~~~[0m

[96msrc/lib/research/ResearchPlatform.ts[0m:[93m1049[0m:[93m17[0m - [91merror[0m[90m TS4111: [0mProperty 'sessionDuration' comes from an index signature, so it must be accessed with ['sessionDuration'].

[7m1049[0m         ? entry.sessionDuration
[7m    [0m [91m                ~~~~~~~~~~~~~~~[0m

[96msrc/lib/research/ResearchPlatform.ts[0m:[93m1052[0m:[93m20[0m - [91merror[0m[90m TS4111: [0mProperty 'id' comes from an index signature, so it must be accessed with ['id'].

[7m1052[0m       typeof entry.id !== 'string' ||
[7m    [0m [91m                   ~~[0m

[96msrc/lib/research/ResearchPlatform.ts[0m:[93m1053[0m:[93m20[0m - [91merror[0m[90m TS4111: [0mProperty 'clientId' comes from an index signature, so it must be accessed with ['clientId'].

[7m1053[0m       typeof entry.clientId !== 'string' ||
[7m    [0m [91m                   ~~~~~~~~[0m

[96msrc/lib/research/ResearchPlatform.ts[0m:[93m1054[0m:[93m20[0m - [91merror[0m[90m TS4111: [0mProperty 'sessionId' comes from an index signature, so it must be accessed with ['sessionId'].

[7m1054[0m       typeof entry.sessionId !== 'string' ||
[7m    [0m [91m                   ~~~~~~~~~[0m

[96msrc/lib/research/ResearchPlatform.ts[0m:[93m1062[0m:[93m17[0m - [91merror[0m[90m TS4111: [0mProperty 'id' comes from an index signature, so it must be accessed with ['id'].

[7m1062[0m       id: entry.id,
[7m    [0m [91m                ~~[0m

[96msrc/lib/research/ResearchPlatform.ts[0m:[93m1063[0m:[93m23[0m - [91merror[0m[90m TS4111: [0mProperty 'clientId' comes from an index signature, so it must be accessed with ['clientId'].

[7m1063[0m       clientId: entry.clientId,
[7m    [0m [91m                      ~~~~~~~~[0m

[96msrc/lib/research/ResearchPlatform.ts[0m:[93m1064[0m:[93m24[0m - [91merror[0m[90m TS4111: [0mProperty 'sessionId' comes from an index signature, so it must be accessed with ['sessionId'].

[7m1064[0m       sessionId: entry.sessionId,
[7m    [0m [91m                       ~~~~~~~~~[0m

[96msrc/lib/research/ResearchPlatform.ts[0m:[93m1066[0m:[93m48[0m - [91merror[0m[90m TS4111: [0mProperty 'emotionScores' comes from an index signature, so it must be accessed with ['emotionScores'].

[7m1066[0m       emotionScores: this.toNumberRecord(entry.emotionScores),
[7m    [0m [91m                                               ~~~~~~~~~~~~~[0m

[96msrc/lib/research/ResearchPlatform.ts[0m:[93m1067[0m:[93m57[0m - [91merror[0m[90m TS4111: [0mProperty 'techniqueEffectiveness' comes from an index signature, so it must be accessed with ['techniqueEffectiveness'].

[7m1067[0m       techniqueEffectiveness: this.toNumberRecord(entry.techniqueEffectiveness),
[7m    [0m [91m                                                        ~~~~~~~~~~~~~~~~~~~~~~[0m

[96msrc/lib/research/ResearchPlatform.ts[0m:[93m1069[0m:[93m32[0m - [91merror[0m[90m TS4111: [0mProperty 'age' comes from an index signature, so it must be accessed with ['age'].

[7m1069[0m       age: this.asString(entry.age),
[7m    [0m [91m                               ~~~[0m

[96msrc/lib/research/ResearchPlatform.ts[0m:[93m1070[0m:[93m35[0m - [91merror[0m[90m TS4111: [0mProperty 'gender' comes from an index signature, so it must be accessed with ['gender'].

[7m1070[0m       gender: this.asString(entry.gender),
[7m    [0m [91m                                  ~~~~~~[0m

[96msrc/lib/research/ResearchPlatform.ts[0m:[93m1071[0m:[93m37[0m - [91merror[0m[90m TS4111: [0mProperty 'location' comes from an index signature, so it must be accessed with ['location'].

[7m1071[0m       location: this.asString(entry.location),
[7m    [0m [91m                                    ~~~~~~~~[0m

[96msrc/lib/research/ResearchPlatform.ts[0m:[93m1072[0m:[93m48[0m - [91merror[0m[90m TS4111: [0mProperty 'therapeuticApproach' comes from an index signature, so it must be accessed with ['therapeuticApproach'].

[7m1072[0m       therapeuticApproach: this.asString(entry.therapeuticApproach),
[7m    [0m [91m                                               ~~~~~~~~~~~~~~~~~~~[0m

[96msrc/lib/research/ResearchPlatform.ts[0m:[93m1074[0m:[93m22[0m - [91merror[0m[90m TS4111: [0mProperty 'outcomeScore' comes from an index signature, so it must be accessed with ['outcomeScore'].

[7m1074[0m         typeof entry.outcomeScore === 'number' ? entry.outcomeScore : undefined,
[7m    [0m [91m                     ~~~~~~~~~~~~[0m

[96msrc/lib/research/ResearchPlatform.ts[0m:[93m1074[0m:[93m56[0m - [91merror[0m[90m TS4111: [0mProperty 'outcomeScore' comes from an index signature, so it must be accessed with ['outcomeScore'].

[7m1074[0m         typeof entry.outcomeScore === 'number' ? entry.outcomeScore : undefined,
[7m    [0m [91m                                                       ~~~~~~~~~~~~[0m

[96msrc/lib/research/ResearchPlatform.ts[0m:[93m1075[0m:[93m37[0m - [91merror[0m[90m TS4111: [0mProperty 'metadata' comes from an index signature, so it must be accessed with ['metadata'].

[7m1075[0m       metadata: this.toRecord(entry.metadata),
[7m    [0m [91m                                    ~~~~~~~~[0m

[96msrc/lib/research/ResearchPlatform.ts[0m:[93m1082[0m:[93m38[0m - [91merror[0m[90m TS4111: [0mProperty 'type' comes from an index signature, so it must be accessed with ['type'].

[7m1082[0m     const type = this.asString(query.type)
[7m    [0m [91m                                     ~~~~[0m

[96msrc/lib/research/ResearchPlatform.ts[0m:[93m1087[0m:[93m52[0m - [91merror[0m[90m TS4111: [0mProperty 'anonymizationLevel' comes from an index signature, so it must be accessed with ['anonymizationLevel'].

[7m1087[0m     const anonymizationLevel = this.asString(query.anonymizationLevel)
[7m    [0m [91m                                                   ~~~~~~~~~~~~~~~~~~[0m

[96msrc/lib/research/ResearchPlatform.ts[0m:[93m1093[0m:[93m31[0m - [91merror[0m[90m TS4111: [0mProperty 'id' comes from an index signature, so it must be accessed with ['id'].

[7m1093[0m       id: this.asString(query.id) ?? crypto.randomUUID(),
[7m    [0m [91m                              ~~[0m

[96msrc/lib/research/ResearchPlatform.ts[0m:[93m1095[0m:[93m32[0m - [91merror[0m[90m TS4111: [0mProperty 'sql' comes from an index signature, so it must be accessed with ['sql'].

[7m1095[0m       sql: this.asString(query.sql),
[7m    [0m [91m                               ~~~[0m

[96msrc/lib/research/ResearchPlatform.ts[0m:[93m1096[0m:[93m39[0m - [91merror[0m[90m TS4111: [0mProperty 'parameters' comes from an index signature, so it must be accessed with ['parameters'].

[7m1096[0m       parameters: this.toRecord(query.parameters) ?? {},
[7m    [0m [91m                                      ~~~~~~~~~~[0m

[96msrc/lib/research/ResearchPlatform.ts[0m:[93m1097[0m:[93m40[0m - [91merror[0m[90m TS4111: [0mProperty 'description' comes from an index signature, so it must be accessed with ['description'].

[7m1097[0m       description: this.asString(query.description) ?? '',
[7m    [0m [91m                                       ~~~~~~~~~~~[0m

[96msrc/lib/research/ResearchPlatform.ts[0m:[93m1098[0m:[93m36[0m - [91merror[0m[90m TS4111: [0mProperty 'context' comes from an index signature, so it must be accessed with ['context'].

[7m1098[0m       context: this.asString(query.context),
[7m    [0m [91m                                   ~~~~~~~[0m

[96msrc/lib/research/ResearchPlatform.ts[0m:[93m1099[0m:[93m43[0m - [91merror[0m[90m TS4111: [0mProperty 'expectedOutput' comes from an index signature, so it must be accessed with ['expectedOutput'].

[7m1099[0m       expectedOutput: this.asString(query.expectedOutput),
[7m    [0m [91m                                          ~~~~~~~~~~~~~~[0m

[96msrc/lib/research/ResearchPlatform.ts[0m:[93m1100[0m:[93m46[0m - [91merror[0m[90m TS4111: [0mProperty 'requiresApproval' comes from an index signature, so it must be accessed with ['requiresApproval'].

[7m1100[0m       requiresApproval: this.toBoolean(query.requiresApproval),
[7m    [0m [91m                                             ~~~~~~~~~~~~~~~~[0m

[96msrc/lib/research/ResearchPlatform.ts[0m:[93m1103[0m:[93m36[0m - [91merror[0m[90m TS4111: [0mProperty 'createdAt' comes from an index signature, so it must be accessed with ['createdAt'].

[7m1103[0m         this.parseDateString(query.createdAt) ?? new Date().toISOString(),
[7m    [0m [91m                                   ~~~~~~~~~[0m

[96msrc/lib/research/ResearchPlatform.ts[0m:[93m1104[0m:[93m38[0m - [91merror[0m[90m TS4111: [0mProperty 'createdBy' comes from an index signature, so it must be accessed with ['createdBy'].

[7m1104[0m       createdBy: this.asString(query.createdBy) ?? 'system',
[7m    [0m [91m                                     ~~~~~~~~~[0m

[96msrc/lib/research/ResearchPlatform.ts[0m:[93m1105[0m:[93m39[0m - [91merror[0m[90m TS4111: [0mProperty 'approvedBy' comes from an index signature, so it must be accessed with ['approvedBy'].

[7m1105[0m       approvedBy: this.asString(query.approvedBy),
[7m    [0m [91m                                      ~~~~~~~~~~[0m

[96msrc/lib/research/ResearchPlatform.ts[0m:[93m1106[0m:[93m46[0m - [91merror[0m[90m TS4111: [0mProperty 'approvedAt' comes from an index signature, so it must be accessed with ['approvedAt'].

[7m1106[0m       approvedAt: this.parseDateString(query.approvedAt),
[7m    [0m [91m                                             ~~~~~~~~~~[0m

[96msrc/lib/research/ResearchPlatform.ts[0m:[93m1136[0m:[93m34[0m - [91merror[0m[90m TS4111: [0mProperty 'patternTypes' comes from an index signature, so it must be accessed with ['patternTypes'].

[7m1136[0m     const patternTypes = request.patternTypes
[7m    [0m [91m                                 ~~~~~~~~~~~~[0m

[96msrc/lib/research/ResearchPlatform.ts[0m:[93m1149[0m:[93m29[0m - [91merror[0m[90m TS4111: [0mProperty 'metrics' comes from an index signature, so it must be accessed with ['metrics'].

[7m1149[0m     const metrics = request.metrics
[7m    [0m [91m                            ~~~~~~~[0m

[96msrc/lib/research/ResearchPlatform.ts[0m:[93m1156[0m:[93m31[0m - [91merror[0m[90m TS4111: [0mProperty 'timeRange' comes from an index signature, so it must be accessed with ['timeRange'].

[7m1156[0m     const timeRange = request.timeRange
[7m    [0m [91m                              ~~~~~~~~~[0m

[96msrc/lib/research/ResearchPlatform.ts[0m:[93m1158[0m:[93m44[0m - [91merror[0m[90m TS4111: [0mProperty 'start' comes from an index signature, so it must be accessed with ['start'].

[7m1158[0m     const start = this.parseDate(timeRange.start)
[7m    [0m [91m                                           ~~~~~[0m

[96msrc/lib/research/ResearchPlatform.ts[0m:[93m1159[0m:[93m42[0m - [91merror[0m[90m TS4111: [0mProperty 'end' comes from an index signature, so it must be accessed with ['end'].

[7m1159[0m     const end = this.parseDate(timeRange.end)
[7m    [0m [91m                                         ~~~[0m

[96msrc/lib/research/ResearchPlatform.ts[0m:[93m1169[0m:[93m49[0m - [91merror[0m[90m TS4111: [0mProperty 'demographicFilters' comes from an index signature, so it must be accessed with ['demographicFilters'].

[7m1169[0m       demographicFilters: this.toRecord(request.demographicFilters),
[7m    [0m [91m                                                ~~~~~~~~~~~~~~~~~~[0m

[96msrc/lib/research/ResearchPlatform.ts[0m:[93m1170[0m:[93m47[0m - [91merror[0m[90m TS4111: [0mProperty 'techniqueFilters' comes from an index signature, so it must be accessed with ['techniqueFilters'].

[7m1170[0m       techniqueFilters: this.toRecord(request.techniqueFilters),
[7m    [0m [91m                                              ~~~~~~~~~~~~~~~~[0m

[96msrc/lib/research/ResearchPlatform.ts[0m:[93m1185[0m:[93m36[0m - [91merror[0m[90m TS4111: [0mProperty 'id' comes from an index signature, so it must be accessed with ['id'].

[7m1185[0m     const id = this.asString(value.id)
[7m    [0m [91m                                   ~~[0m

[96msrc/lib/research/ResearchPlatform.ts[0m:[93m1186[0m:[93m43[0m - [91merror[0m[90m TS4111: [0mProperty 'statement' comes from an index signature, so it must be accessed with ['statement'].

[7m1186[0m     const statement = this.asString(value.statement)
[7m    [0m [91m                                          ~~~~~~~~~[0m

[96msrc/lib/research/ResearchPlatform.ts[0m:[93m1187[0m:[93m48[0m - [91merror[0m[90m TS4111: [0mProperty 'nullHypothesis' comes from an index signature, so it must be accessed with ['nullHypothesis'].

[7m1187[0m     const nullHypothesis = this.asString(value.nullHypothesis)
[7m    [0m [91m                                               ~~~~~~~~~~~~~~[0m

[96msrc/lib/research/ResearchPlatform.ts[0m:[93m1188[0m:[93m55[0m - [91merror[0m[90m TS4111: [0mProperty 'alternativeHypothesis' comes from an index signature, so it must be accessed with ['alternativeHypothesis'].

[7m1188[0m     const alternativeHypothesis = this.asString(value.alternativeHypothesis)
[7m    [0m [91m                                                      ~~~~~~~~~~~~~~~~~~~~~[0m

[96msrc/lib/research/ResearchPlatform.ts[0m:[93m1189[0m:[93m29[0m - [91merror[0m[90m TS4111: [0mProperty 'variables' comes from an index signature, so it must be accessed with ['variables'].

[7m1189[0m     const variables = value.variables
[7m    [0m [91m                            ~~~~~~~~~[0m

[96msrc/lib/research/ResearchPlatform.ts[0m:[93m1207[0m:[93m51[0m - [91merror[0m[90m TS4111: [0mProperty 'expectedDirection' comes from an index signature, so it must be accessed with ['expectedDirection'].

[7m1207[0m     const expectedDirection = this.asString(value.expectedDirection)
[7m    [0m [91m                                                  ~~~~~~~~~~~~~~~~~[0m

[96msrc/lib/research/ResearchPlatform.ts[0m:[93m1228[0m:[93m32[0m - [91merror[0m[90m TS4111: [0mProperty 'hypotheses' comes from an index signature, so it must be accessed with ['hypotheses'].

[7m1228[0m     const hypotheses = request.hypotheses
[7m    [0m [91m                               ~~~~~~~~~~[0m

[96msrc/lib/research/ResearchPlatform.ts[0m:[93m1242[0m:[93m42[0m - [91merror[0m[90m TS4111: [0mProperty 'dataFilters' comes from an index signature, so it must be accessed with ['dataFilters'].

[7m1242[0m       dataFilters: this.toRecord(request.dataFilters),
[7m    [0m [91m                                         ~~~~~~~~~~~[0m

[96msrc/lib/research/ResearchPlatform.ts[0m:[93m1243[0m:[93m40[0m - [91merror[0m[90m TS4111: [0mProperty 'timeRange' comes from an index signature, so it must be accessed with ['timeRange'].

[7m1243[0m       timeRange: this.isRecord(request.timeRange)
[7m    [0m [91m                                       ~~~~~~~~~[0m

[96msrc/lib/research/ResearchPlatform.ts[0m:[93m1245[0m:[93m43[0m - [91merror[0m[90m TS4111: [0mProperty 'timeRange' comes from an index signature, so it must be accessed with ['timeRange'].

[7m1245[0m             start: this.parseDate(request.timeRange.start) ?? new Date(0),
[7m    [0m [91m                                          ~~~~~~~~~[0m

[96msrc/lib/research/ResearchPlatform.ts[0m:[93m1245[0m:[93m53[0m - [91merror[0m[90m TS4111: [0mProperty 'start' comes from an index signature, so it must be accessed with ['start'].

[7m1245[0m             start: this.parseDate(request.timeRange.start) ?? new Date(0),
[7m    [0m [91m                                                    ~~~~~[0m

[96msrc/lib/research/ResearchPlatform.ts[0m:[93m1246[0m:[93m41[0m - [91merror[0m[90m TS4111: [0mProperty 'timeRange' comes from an index signature, so it must be accessed with ['timeRange'].

[7m1246[0m             end: this.parseDate(request.timeRange.end) ?? new Date(0),
[7m    [0m [91m                                        ~~~~~~~~~[0m

[96msrc/lib/research/ResearchPlatform.ts[0m:[93m1246[0m:[93m51[0m - [91merror[0m[90m TS4111: [0mProperty 'end' comes from an index signature, so it must be accessed with ['end'].

[7m1246[0m             end: this.parseDate(request.timeRange.end) ?? new Date(0),
[7m    [0m [91m                                                  ~~~[0m

[96msrc/lib/research/ResearchPlatform.ts[0m:[93m1249[0m:[93m49[0m - [91merror[0m[90m TS4111: [0mProperty 'demographicFilters' comes from an index signature, so it must be accessed with ['demographicFilters'].

[7m1249[0m       demographicFilters: this.toRecord(request.demographicFilters),
[7m    [0m [91m                                                ~~~~~~~~~~~~~~~~~~[0m

[96msrc/lib/research/ResearchPlatform.ts[0m:[93m1250[0m:[93m47[0m - [91merror[0m[90m TS4111: [0mProperty 'techniqueFilters' comes from an index signature, so it must be accessed with ['techniqueFilters'].

[7m1250[0m       techniqueFilters: this.toRecord(request.techniqueFilters),
[7m    [0m [91m                                              ~~~~~~~~~~~~~~~~[0m

[96msrc/lib/research/ResearchPlatform.ts[0m:[93m1290[0m:[93m22[0m - [91merror[0m[90m TS4111: [0mProperty 'HIPAA_MASTER_KEY' comes from an index signature, so it must be accessed with ['HIPAA_MASTER_KEY'].

[7m1290[0m     if (!process.env.HIPAA_MASTER_KEY) {
[7m    [0m [91m                     ~~~~~~~~~~~~~~~~[0m

[96msrc/lib/research/services/AnonymizationPipelineService.ts[0m:[93m440[0m:[93m44[0m - [91merror[0m[90m TS2322: [0mType 'string | undefined' is not assignable to type 'string'.
  Type 'undefined' is not assignable to type 'string'.

[7m440[0m         return typeof value === 'string' ? value.split(',')[0] : 'unknown'
[7m   [0m [91m                                           ~~~~~~~~~~~~~~~~~~~[0m

[96msrc/lib/research/services/AnonymizationPipelineService.ts[0m:[93m469[0m:[93m46[0m - [91merror[0m[90m TS2488: [0mType 'any[] | undefined' must have a '[Symbol.iterator]()' method that returns an iterator.

[7m469[0m       const mergedGroup = [...smallGroup, ...similarGroups[0]]
[7m   [0m [91m                                             ~~~~~~~~~~~~~~~~[0m

[96msrc/lib/research/services/AnonymizationPipelineService.ts[0m:[93m514[0m:[93m5[0m - [91merror[0m[90m TS2322: [0mType 'string | undefined' is not assignable to type 'string'.
  Type 'undefined' is not assignable to type 'string'.

[7m514[0m     return categories[Math.floor(Math.random() * categories.length)]
[7m   [0m [91m    ~~~~~~[0m

[96msrc/lib/research/services/AnonymizationPipelineService.ts[0m:[93m520[0m:[93m9[0m - [91merror[0m[90m TS2322: [0mType 'string | undefined' is not assignable to type 'string'.
  Type 'undefined' is not assignable to type 'string'.

[7m520[0m         return date.toISOString().split('T')[0]
[7m   [0m [91m        ~~~~~~[0m

[96msrc/lib/research/services/AnonymizationPipelineService.ts[0m:[93m524[0m:[93m9[0m - [91merror[0m[90m TS2322: [0mType 'string | undefined' is not assignable to type 'string'.
  Type 'undefined' is not assignable to type 'string'.

[7m524[0m         return weekStart.toISOString().split('T')[0]
[7m   [0m [91m        ~~~~~~[0m

[96msrc/lib/research/services/AnonymizationService.ts[0m:[93m459[0m:[93m19[0m - [91merror[0m[90m TS4111: [0mProperty 'RESEARCH_ENCRYPTION_KEY' comes from an index signature, so it must be accessed with ['RESEARCH_ENCRYPTION_KEY'].

[7m459[0m       process.env.RESEARCH_ENCRYPTION_KEY ?? 'default-key',
[7m   [0m [91m                  ~~~~~~~~~~~~~~~~~~~~~~~[0m

[96msrc/lib/research/services/EvidenceGenerationService.ts[0m:[93m40[0m:[93m20[0m - [91merror[0m[90m TS6133: [0m'patternService' is declared but its value is never read.

[7m40[0m   private readonly patternService: PatternDiscoveryService
[7m  [0m [91m                   ~~~~~~~~~~~~~~[0m

[96msrc/lib/research/services/EvidenceGenerationService.ts[0m:[93m41[0m:[93m20[0m - [91merror[0m[90m TS6133: [0m'queryEngine' is declared but its value is never read.

[7m41[0m   private readonly queryEngine: ResearchQueryEngine
[7m  [0m [91m                   ~~~~~~~~~~~[0m

[96msrc/lib/research/services/HIPAADataService.ts[0m:[93m132[0m:[93m35[0m - [91merror[0m[90m TS4111: [0mProperty 'HIPAA_MASTER_KEY' comes from an index signature, so it must be accessed with ['HIPAA_MASTER_KEY'].

[7m132[0m     const masterKey = process.env.HIPAA_MASTER_KEY ?? this.generateMasterKey()
[7m   [0m [91m                                  ~~~~~~~~~~~~~~~~[0m

[96msrc/lib/research/services/HIPAADataService.ts[0m:[93m360[0m:[93m28[0m - [91merror[0m[90m TS4111: [0mProperty 'keyId' comes from an index signature, so it must be accessed with ['keyId'].

[7m360[0m     const keyId = metadata.keyId
[7m   [0m [91m                           ~~~~~[0m

[96msrc/lib/research/services/HIPAADataService.ts[0m:[93m361[0m:[93m25[0m - [91merror[0m[90m TS4111: [0mProperty 'iv' comes from an index signature, so it must be accessed with ['iv'].

[7m361[0m     const iv = metadata.iv
[7m   [0m [91m                        ~~[0m

[96msrc/lib/research/services/HIPAADataService.ts[0m:[93m362[0m:[93m32[0m - [91merror[0m[90m TS4111: [0mProperty 'algorithm' comes from an index signature, so it must be accessed with ['algorithm'].

[7m362[0m     const algorithm = metadata.algorithm
[7m   [0m [91m                               ~~~~~~~~~[0m

[96msrc/lib/research/services/HIPAADataService.ts[0m:[93m363[0m:[93m26[0m - [91merror[0m[90m TS4111: [0mProperty 'tag' comes from an index signature, so it must be accessed with ['tag'].

[7m363[0m     const tag = metadata.tag
[7m   [0m [91m                         ~~~[0m

[96msrc/lib/research/services/HIPAADataService.ts[0m:[93m387[0m:[93m22[0m - [91merror[0m[90m TS18048: [0m'rolePermissions' is possibly 'undefined'.

[7m387[0m       !Array.isArray(rolePermissions.permissions) ||
[7m   [0m [91m                     ~~~~~~~~~~~~~~~[0m

[96msrc/lib/research/services/HIPAADataService.ts[0m:[93m388[0m:[93m22[0m - [91merror[0m[90m TS18048: [0m'rolePermissions' is possibly 'undefined'.

[7m388[0m       !Array.isArray(rolePermissions.restrictions)
[7m   [0m [91m                     ~~~~~~~~~~~~~~~[0m

[96msrc/lib/research/services/HIPAADataService.ts[0m:[93m672[0m:[93m11[0m - [91merror[0m[90m TS6133: [0m'roles' is declared but its value is never read.

[7m672[0m     const roles = this.config.accessControlMatrix.roles
[7m   [0m [91m          ~~~~~[0m

[96msrc/lib/research/services/PatternDiscoveryService.ts[0m:[93m94[0m:[93m9[0m - [91merror[0m[90m TS2322: [0mType '{ id: string; description: string; confidence: number; statisticalSignificance: number; supportingData: CorrelationPattern | TrendPattern | AnomalyPattern | ClusterPattern; }[]' is not assignable to type '{ id: string; description: string; confidence: number; statisticalSignificance: number; supportingData: Record<string, unknown>; visualization?: { type: "line" | "bar" | "scatter" | "heatmap" | "boxplot"; data: Record<...>[]; config: Record<...>; } | undefined; }[]'.
  Type '{ id: string; description: string; confidence: number; statisticalSignificance: number; supportingData: CorrelationPattern | TrendPattern | AnomalyPattern | ClusterPattern; }' is not assignable to type '{ id: string; description: string; confidence: number; statisticalSignificance: number; supportingData: Record<string, unknown>; visualization?: { type: "line" | "bar" | "scatter" | "heatmap" | "boxplot"; data: Record<...>[]; config: Record<...>; } | undefined; }'.
    Types of property 'supportingData' are incompatible.
      Type 'CorrelationPattern | TrendPattern | AnomalyPattern | ClusterPattern' is not assignable to type 'Record<string, unknown>'.
        Type 'CorrelationPattern' is not assignable to type 'Record<string, unknown>'.
          Index signature for type 'string' is missing in type 'CorrelationPattern'.

[7m94[0m         patterns: sortedPatterns.map((p, index) => ({
[7m  [0m [91m        ~~~~~~~~[0m

  [96msrc/lib/research/types/research-types.ts[0m:[93m206[0m:[93m3[0m
    [7m206[0m   patterns: Array<{
    [7m   [0m [96m  ~~~~~~~~[0m
    The expected type comes from property 'patterns' which is declared here on type 'PatternDiscoveryResult'

[96msrc/lib/research/services/PatternDiscoveryService.ts[0m:[93m152[0m:[93m24[0m - [91merror[0m[90m TS2339: [0mProperty 'map' does not exist on type '{}'.

[7m152[0m     return result.data.map((row: Record<string, unknown>) => ({
[7m   [0m [91m                       ~~~[0m

[96msrc/lib/research/services/PatternDiscoveryService.ts[0m:[93m153[0m:[93m23[0m - [91merror[0m[90m TS4111: [0mProperty 'variable1' comes from an index signature, so it must be accessed with ['variable1'].

[7m153[0m       variables: [row.variable1, row.variable2],
[7m   [0m [91m                      ~~~~~~~~~[0m

[96msrc/lib/research/services/PatternDiscoveryService.ts[0m:[93m153[0m:[93m38[0m - [91merror[0m[90m TS4111: [0mProperty 'variable2' comes from an index signature, so it must be accessed with ['variable2'].

[7m153[0m       variables: [row.variable1, row.variable2],
[7m   [0m [91m                                     ~~~~~~~~~[0m

[96msrc/lib/research/services/PatternDiscoveryService.ts[0m:[93m154[0m:[93m24[0m - [91merror[0m[90m TS4111: [0mProperty 'correlation' comes from an index signature, so it must be accessed with ['correlation'].

[7m154[0m       correlation: row.correlation,
[7m   [0m [91m                       ~~~~~~~~~~~[0m

[96msrc/lib/research/services/PatternDiscoveryService.ts[0m:[93m155[0m:[93m19[0m - [91merror[0m[90m TS4111: [0mProperty 'p_value' comes from an index signature, so it must be accessed with ['p_value'].

[7m155[0m       pValue: row.p_value,
[7m   [0m [91m                  ~~~~~~~[0m

[96msrc/lib/research/services/PatternDiscoveryService.ts[0m:[93m156[0m:[93m23[0m - [91merror[0m[90m TS4111: [0mProperty 'sample_size' comes from an index signature, so it must be accessed with ['sample_size'].

[7m156[0m       sampleSize: row.sample_size,
[7m   [0m [91m                      ~~~~~~~~~~~[0m

[96msrc/lib/research/services/PatternDiscoveryService.ts[0m:[93m157[0m:[93m32[0m - [91merror[0m[90m TS4111: [0mProperty 'ci_lower' comes from an index signature, so it must be accessed with ['ci_lower'].

[7m157[0m       confidenceInterval: [row.ci_lower, row.ci_upper],
[7m   [0m [91m                               ~~~~~~~~[0m

[96msrc/lib/research/services/PatternDiscoveryService.ts[0m:[93m157[0m:[93m46[0m - [91merror[0m[90m TS4111: [0mProperty 'ci_upper' comes from an index signature, so it must be accessed with ['ci_upper'].

[7m157[0m       confidenceInterval: [row.ci_lower, row.ci_upper],
[7m   [0m [91m                                             ~~~~~~~~[0m

[96msrc/lib/research/services/PatternDiscoveryService.ts[0m:[93m184[0m:[93m38[0m - [91merror[0m[90m TS2339: [0mProperty 'length' does not exist on type '{}'.

[7m184[0m       if (result.data && result.data.length > 0) {
[7m   [0m [91m                                     ~~~~~~[0m

[96msrc/lib/research/services/PatternDiscoveryService.ts[0m:[93m185[0m:[93m43[0m - [91merror[0m[90m TS2345: [0mArgument of type '{}' is not assignable to parameter of type 'Record<string, unknown>[]'.
  Type '{}' is missing the following properties from type 'Record<string, unknown>[]': length, pop, push, concat, and 35 more.

[7m185[0m         const trend = this.calculateTrend(result.data, metric)
[7m   [0m [91m                                          ~~~~~~~~~~~[0m

[96msrc/lib/research/services/PatternDiscoveryService.ts[0m:[93m219[0m:[93m54[0m - [91merror[0m[90m TS2345: [0mArgument of type '{}' is not assignable to parameter of type 'Record<string, unknown>[]'.
  Type '{}' is missing the following properties from type 'Record<string, unknown>[]': length, pop, push, concat, and 35 more.

[7m219[0m         const metricAnomalies = this.detectAnomalies(result.data, metric)
[7m   [0m [91m                                                     ~~~~~~~~~~~[0m

[96msrc/lib/research/services/PatternDiscoveryService.ts[0m:[93m251[0m:[93m35[0m - [91merror[0m[90m TS2345: [0mArgument of type '{}' is not assignable to parameter of type 'Record<string, unknown>[]'.
  Type '{}' is missing the following properties from type 'Record<string, unknown>[]': length, pop, push, concat, and 35 more.

[7m251[0m     return this.performClustering(result.data, features)
[7m   [0m [91m                                  ~~~~~~~~~~~[0m

[96msrc/lib/research/services/PatternDiscoveryService.ts[0m:[93m444[0m:[93m55[0m - [91merror[0m[90m TS2532: [0mObject is possibly 'undefined'.

[7m444[0m     const sumXY = x.reduce((sum, xi, i) => sum + xi * y[i], 0)
[7m   [0m [91m                                                      ~~~~[0m

[96msrc/lib/research/services/PatternDiscoveryService.ts[0m:[93m453[0m:[93m52[0m - [91merror[0m[90m TS2532: [0mObject is possibly 'undefined'.

[7m453[0m       (sum, yi, i) => sum + Math.pow(yi - (slope * x[i] + intercept), 2),
[7m   [0m [91m                                                   ~~~~[0m

[96msrc/lib/research/services/PatternDiscoveryService.ts[0m:[93m467[0m:[93m28[0m - [91merror[0m[90m TS2532: [0mObject is possibly 'undefined'.

[7m467[0m     const firstTimestamp = data[0].timestamp
[7m   [0m [91m                           ~~~~~~~[0m

[96msrc/lib/research/services/PatternDiscoveryService.ts[0m:[93m467[0m:[93m36[0m - [91merror[0m[90m TS4111: [0mProperty 'timestamp' comes from an index signature, so it must be accessed with ['timestamp'].

[7m467[0m     const firstTimestamp = data[0].timestamp
[7m   [0m [91m                                   ~~~~~~~~~[0m

[96msrc/lib/research/services/PatternDiscoveryService.ts[0m:[93m468[0m:[93m27[0m - [91merror[0m[90m TS2532: [0mObject is possibly 'undefined'.

[7m468[0m     const lastTimestamp = data[data.length - 1].timestamp
[7m   [0m [91m                          ~~~~~~~~~~~~~~~~~~~~~[0m

[96msrc/lib/research/services/PatternDiscoveryService.ts[0m:[93m468[0m:[93m49[0m - [91merror[0m[90m TS4111: [0mProperty 'timestamp' comes from an index signature, so it must be accessed with ['timestamp'].

[7m468[0m     const lastTimestamp = data[data.length - 1].timestamp
[7m   [0m [91m                                                ~~~~~~~~~[0m

[96msrc/lib/research/services/PatternDiscoveryService.ts[0m:[93m563[0m:[93m9[0m - [91merror[0m[90m TS2532: [0mObject is possibly 'undefined'.

[7m563[0m         clusters[nearest].push(index)
[7m   [0m [91m        ~~~~~~~~~~~~~~~~~[0m

[96msrc/lib/research/services/PatternDiscoveryService.ts[0m:[93m572[0m:[93m11[0m - [91merror[0m[90m TS2532: [0mObject is possibly 'undefined'.

[7m572[0m           vectors[index].forEach((val, i) => (sum[i] += val))
[7m   [0m [91m          ~~~~~~~~~~~~~~[0m

[96msrc/lib/research/services/PatternDiscoveryService.ts[0m:[93m578[0m:[93m40[0m - [91merror[0m[90m TS2345: [0mArgument of type '(number[] | undefined)[]' is not assignable to parameter of type 'number[][]'.
  Type 'number[] | undefined' is not assignable to type 'number[]'.
    Type 'undefined' is not assignable to type 'number[]'.

[7m578[0m       if (this.hasConverged(centroids, newCentroids)) {
[7m   [0m [91m                                       ~~~~~~~~~~~~[0m

[96msrc/lib/research/services/PatternDiscoveryService.ts[0m:[93m582[0m:[93m45[0m - [91merror[0m[90m TS2345: [0mArgument of type 'number[] | undefined' is not assignable to parameter of type 'number[]'.
  Type 'undefined' is not assignable to type 'number[]'.

[7m582[0m       centroids.splice(0, centroids.length, ...newCentroids)
[7m   [0m [91m                                            ~~~~~~~~~~~~~~~[0m

[96msrc/lib/research/services/PatternDiscoveryService.ts[0m:[93m586[0m:[93m5[0m - [91merror[0m[90m TS2322: [0mType '{ clusterId: string; centroid: { [k: string]: number | undefined; }; members: string[]; size: number; characteristics: Record<string, { mean: number; stdDev: number; min: number; max: number; }>; }[]' is not assignable to type 'ClusterPattern[]'.
  Type '{ clusterId: string; centroid: { [k: string]: number | undefined; }; members: string[]; size: number; characteristics: Record<string, { mean: number; stdDev: number; min: number; max: number; }>; }' is not assignable to type 'ClusterPattern'.
    Types of property 'centroid' are incompatible.
      Type '{ [k: string]: number | undefined; }' is not assignable to type 'Record<string, number>'.
        'string' index signatures are incompatible.
          Type 'number | undefined' is not assignable to type 'number'.
            Type 'undefined' is not assignable to type 'number'.

[7m586[0m     return clusters.map((cluster, index) => ({
[7m   [0m [91m    ~~~~~~[0m

[96msrc/lib/research/services/PatternDiscoveryService.ts[0m:[93m589[0m:[93m48[0m - [91merror[0m[90m TS2532: [0mObject is possibly 'undefined'.

[7m589[0m         features.map((feature, i) => [feature, centroids[index][i]]),
[7m   [0m [91m                                               ~~~~~~~~~~~~~~~~[0m

[96msrc/lib/research/services/PatternDiscoveryService.ts[0m:[93m592[0m:[93m26[0m - [91merror[0m[90m TS2532: [0mObject is possibly 'undefined'.

[7m592[0m         const clientId = data[i].client_id
[7m   [0m [91m                         ~~~~~~~[0m

[96msrc/lib/research/services/PatternDiscoveryService.ts[0m:[93m592[0m:[93m34[0m - [91merror[0m[90m TS4111: [0mProperty 'client_id' comes from an index signature, so it must be accessed with ['client_id'].

[7m592[0m         const clientId = data[i].client_id
[7m   [0m [91m                                 ~~~~~~~~~[0m

[96msrc/lib/research/services/PatternDiscoveryService.ts[0m:[93m597[0m:[93m9[0m - [91merror[0m[90m TS2345: [0mArgument of type '(Record<string, unknown> | undefined)[]' is not assignable to parameter of type 'Record<string, unknown>[]'.
  Type 'Record<string, unknown> | undefined' is not assignable to type 'Record<string, unknown>'.
    Type 'undefined' is not assignable to type 'Record<string, unknown>'.

[7m597[0m         cluster.map((i) => data[i]),
[7m   [0m [91m        ~~~~~~~~~~~~~~~~~~~~~~~~~~~[0m

[96msrc/lib/research/services/PatternDiscoveryService.ts[0m:[93m614[0m:[93m26[0m - [91merror[0m[90m TS2488: [0mType 'number[] | undefined' must have a '[Symbol.iterator]()' method that returns an iterator.

[7m614[0m       centroids.push([...vectors[index]])
[7m   [0m [91m                         ~~~~~~~~~~~~~~[0m

[96msrc/lib/research/services/PatternDiscoveryService.ts[0m:[93m626[0m:[93m61[0m - [91merror[0m[90m TS2532: [0mObject is possibly 'undefined'.

[7m626[0m         vector.reduce((sum, val, i) => sum + Math.pow(val - centroid[i], 2), 0),
[7m   [0m [91m                                                            ~~~~~~~~~~~[0m

[96msrc/lib/research/services/PatternDiscoveryService.ts[0m:[93m646[0m:[93m51[0m - [91merror[0m[90m TS2532: [0mObject is possibly 'undefined'.

[7m646[0m             (sum, val, j) => sum + Math.pow(val - newCentroids[i][j], 2),
[7m   [0m [91m                                                  ~~~~~~~~~~~~~~~[0m

[96msrc/lib/research/services/PatternDiscoveryService.ts[0m:[93m646[0m:[93m51[0m - [91merror[0m[90m TS2532: [0mObject is possibly 'undefined'.

[7m646[0m             (sum, val, j) => sum + Math.pow(val - newCentroids[i][j], 2),
[7m   [0m [91m                                                  ~~~~~~~~~~~~~~~~~~[0m

[96msrc/lib/research/services/PatternDiscoveryService.ts[0m:[93m732[0m:[93m23[0m - [91merror[0m[90m TS4111: [0mProperty 'sampleSize' comes from an index signature, so it must be accessed with ['sampleSize'].

[7m732[0m       supportingData?.sampleSize &&
[7m   [0m [91m                      ~~~~~~~~~~[0m

[96msrc/lib/research/services/PatternDiscoveryService.ts[0m:[93m733[0m:[93m29[0m - [91merror[0m[90m TS4111: [0mProperty 'sampleSize' comes from an index signature, so it must be accessed with ['sampleSize'].

[7m733[0m       typeof supportingData.sampleSize === 'number' &&
[7m   [0m [91m                            ~~~~~~~~~~[0m

[96msrc/lib/research/services/PatternDiscoveryService.ts[0m:[93m734[0m:[93m22[0m - [91merror[0m[90m TS4111: [0mProperty 'sampleSize' comes from an index signature, so it must be accessed with ['sampleSize'].

[7m734[0m       supportingData.sampleSize < this.config.minSampleSize
[7m   [0m [91m                     ~~~~~~~~~~[0m

[96msrc/lib/research/services/PatternDiscoveryService.ts[0m:[93m737[0m:[93m39[0m - [91merror[0m[90m TS4111: [0mProperty 'sampleSize' comes from an index signature, so it must be accessed with ['sampleSize'].

[7m737[0m         `Sample size ${supportingData.sampleSize} below minimum ${this.config.minSampleSize}`,
[7m   [0m [91m                                      ~~~~~~~~~~[0m

[96msrc/lib/research/services/PatternDiscoveryService.ts[0m:[93m759[0m:[93m33[0m - [91merror[0m[90m TS2769: [0mNo overload matches this call.
  Overload 1 of 2, '(o: {}): string[]', gave the following error.
    Argument of type '{ id: string; description: string; confidence: number; statisticalSignificance: number; supportingData: Record<string, unknown>; visualization?: { type: "line" | "bar" | "scatter" | "heatmap" | "boxplot"; data: Record<...>[]; config: Record<...>; } | undefined; } | undefined' is not assignable to parameter of type '{}'.
      Type 'undefined' is not assignable to type '{}'.
  Overload 2 of 2, '(o: object): string[]', gave the following error.
    Argument of type '{ id: string; description: string; confidence: number; statisticalSignificance: number; supportingData: Record<string, unknown>; visualization?: { type: "line" | "bar" | "scatter" | "heatmap" | "boxplot"; data: Record<...>[]; config: Record<...>; } | undefined; } | undefined' is not assignable to parameter of type 'object'.
      Type 'undefined' is not assignable to type 'object'.

[7m759[0m     const headers = Object.keys(patterns[0]).join(',')
[7m   [0m [91m                                ~~~~~~~~~~~[0m


[96msrc/lib/research/services/ResearchQueryEngine.ts[0m:[93m41[0m:[93m20[0m - [91merror[0m[90m TS6133: [0m'hipaaService' is declared but its value is never read.

[7m41[0m   private readonly hipaaService: HIPAADataService
[7m  [0m [91m                   ~~~~~~~~~~~~[0m

[96msrc/lib/research/services/ResearchQueryEngine.ts[0m:[93m134[0m:[93m44[0m - [91merror[0m[90m TS2339: [0mProperty 'length' does not exist on type '{}'.

[7m134[0m         resultSize: anonymizedResult.data?.length ?? 0,
[7m   [0m [91m                                           ~~~~~~[0m

[96msrc/lib/research/services/ResearchQueryEngine.ts[0m:[93m512[0m:[93m29[0m - [91merror[0m[90m TS7053: [0mElement implicitly has an 'any' type because expression of type 'string' can't be used to index type '{ researcher: string[]; 'data-scientist': string[]; therapist: string[]; admin: string[]; }'.
  No index signature with a parameter of type 'string' was found on type '{ researcher: string[]; 'data-scientist': string[]; therapist: string[]; admin: string[]; }'.

[7m512[0m     const userPermissions = permissions[userRole] ?? []
[7m   [0m [91m                            ~~~~~~~~~~~~~~~~~~~~~[0m

[96msrc/lib/research/services/ResearchQueryEngine.ts[0m:[93m540[0m:[93m16[0m - [91merror[0m[90m TS4111: [0mProperty 'topic' comes from an index signature, so it must be accessed with ['topic'].

[7m540[0m       entities.topic = 'emotion-analysis'
[7m   [0m [91m               ~~~~~[0m

[96msrc/lib/research/services/ResearchQueryEngine.ts[0m:[93m544[0m:[93m16[0m - [91merror[0m[90m TS4111: [0mProperty 'topic' comes from an index signature, so it must be accessed with ['topic'].

[7m544[0m       entities.topic = 'technique-effectiveness'
[7m   [0m [91m               ~~~~~[0m

[96msrc/lib/research/services/ResearchQueryEngine.ts[0m:[93m612[0m:[93m12[0m - [91merror[0m[90m TS7053: [0mElement implicitly has an 'any' type because expression of type 'string' can't be used to index type '{ correlation: string; trend: string; anomaly: string; cluster: string; }'.
  No index signature with a parameter of type 'string' was found on type '{ correlation: string; trend: string; anomaly: string; cluster: string; }'.

[7m612[0m     return queries[patternType] ?? queries['correlation']
[7m   [0m [91m           ~~~~~~~~~~~~~~~~~~~~[0m

[96msrc/lib/research/services/ResearchQueryEngine.ts[0m:[93m681[0m:[93m9[0m - [91merror[0m[90m TS2345: [0mArgument of type '{}' is not assignable to parameter of type 'ResearchDataPoint[]'.
  Type '{}' is missing the following properties from type 'ResearchDataPoint[]': length, pop, push, concat, and 35 more.

[7m681[0m         result.data,
[7m   [0m [91m        ~~~~~~~~~~~[0m

[96msrc/lib/research/services/ResearchQueryEngine.ts[0m:[93m691[0m:[93m9[0m - [91merror[0m[90m TS2739: [0mType 'AnonymizationAuditLog[]' is missing the following properties from type '{ kAnonymity: number; differentialPrivacyEpsilon: number; noiseLevel: number; suppressionRate: number; }': kAnonymity, differentialPrivacyEpsilon, noiseLevel, suppressionRate

[7m691[0m         anonymizationAudit: anonymizedData.auditLog,
[7m   [0m [91m        ~~~~~~~~~~~~~~~~~~[0m

[96msrc/lib/research/services/ResearchQueryEngineService.ts[0m:[93m15[0m:[93m10[0m - [91merror[0m[90m TS2724: [0m'"./ConsentManagementService"' has no exported member named 'consentManagementService'. Did you mean 'ConsentManagementService'?

[7m15[0m import { consentManagementService } from './ConsentManagementService'
[7m  [0m [91m         ~~~~~~~~~~~~~~~~~~~~~~~~[0m

  [96msrc/lib/research/services/ConsentManagementService.ts[0m:[93m35[0m:[93m14[0m
    [7m35[0m export class ConsentManagementService {
    [7m  [0m [96m             ~~~~~~~~~~~~~~~~~~~~~~~~[0m
    'ConsentManagementService' is declared here.

[96msrc/lib/research/services/ResearchQueryEngineService.ts[0m:[93m167[0m:[93m45[0m - [91merror[0m[90m TS2339: [0mProperty 'message' does not exist on type '{}'.

[7m167[0m         `Query translation failed: ${error?.message ?? 'Unknown error'}`,
[7m   [0m [91m                                            ~~~~~~~[0m

[96msrc/lib/research/services/ResearchQueryEngineService.ts[0m:[93m561[0m:[93m59[0m - [91merror[0m[90m TS2339: [0mProperty 'anonymizeSessionData' does not exist on type 'AnonymizationPipelineService'.

[7m561[0m         const result = await anonymizationPipelineService.anonymizeSessionData(
[7m   [0m [91m                                                          ~~~~~~~~~~~~~~~~~~~~[0m

[96msrc/lib/security.ts[0m:[93m222[0m:[93m23[0m - [91merror[0m[90m TS2769: [0mNo overload matches this call.
  Overload 1 of 4, '(arrayBuffer: WithImplicitCoercion<ArrayBufferLike>, byteOffset?: number | undefined, length?: number | undefined): Buffer<ArrayBufferLike>', gave the following error.
    Argument of type 'string | undefined' is not assignable to parameter of type 'WithImplicitCoercion<ArrayBufferLike>'.
      Type 'undefined' is not assignable to type 'WithImplicitCoercion<ArrayBufferLike>'.
  Overload 2 of 4, '(string: WithImplicitCoercion<string>, encoding?: BufferEncoding | undefined): Buffer<ArrayBuffer>', gave the following error.
    Argument of type 'string | undefined' is not assignable to parameter of type 'WithImplicitCoercion<string>'.
      Type 'undefined' is not assignable to type 'WithImplicitCoercion<string>'.

[7m222[0m         ? Buffer.from(encodedData, 'base64').toString('utf8')
[7m   [0m [91m                      ~~~~~~~~~~~[0m


[96msrc/lib/security.ts[0m:[93m223[0m:[93m16[0m - [91merror[0m[90m TS2769: [0mNo overload matches this call.
  Overload 1 of 3, '(data: string): string', gave the following error.
    Argument of type 'string | undefined' is not assignable to parameter of type 'string'.
      Type 'undefined' is not assignable to type 'string'.
  Overload 2 of 3, '(data: string): string', gave the following error.
    Argument of type 'string | undefined' is not assignable to parameter of type 'string'.
      Type 'undefined' is not assignable to type 'string'.
  Overload 3 of 3, '(data: string): string', gave the following error.
    Argument of type 'string | undefined' is not assignable to parameter of type 'string'.
      Type 'undefined' is not assignable to type 'string'.

[7m223[0m         : atob(encodedData)
[7m   [0m [91m               ~~~~~~~~~~~[0m


[96msrc/lib/security/__tests__/audit.logging.test.ts[0m:[93m62[0m:[93m28[0m - [91merror[0m[90m TS4111: [0mProperty 'details' comes from an index signature, so it must be accessed with ['details'].

[7m62[0m         typeof parsedEntry.details !== 'object' ||
[7m  [0m [91m                           ~~~~~~~[0m

[96msrc/lib/security/__tests__/audit.logging.test.ts[0m:[93m63[0m:[93m21[0m - [91merror[0m[90m TS4111: [0mProperty 'details' comes from an index signature, so it must be accessed with ['details'].

[7m63[0m         parsedEntry.details === null
[7m  [0m [91m                    ~~~~~~~[0m

[96msrc/lib/security/__tests__/audit.logging.test.ts[0m:[93m106[0m:[93m28[0m - [91merror[0m[90m TS4111: [0mProperty 'metadata' comes from an index signature, so it must be accessed with ['metadata'].

[7m106[0m         typeof parsedEntry.metadata !== 'object' ||
[7m   [0m [91m                           ~~~~~~~~[0m

[96msrc/lib/security/__tests__/audit.logging.test.ts[0m:[93m107[0m:[93m21[0m - [91merror[0m[90m TS4111: [0mProperty 'metadata' comes from an index signature, so it must be accessed with ['metadata'].

[7m107[0m         parsedEntry.metadata === null
[7m   [0m [91m                    ~~~~~~~~[0m

[96msrc/lib/security/__tests__/audit.logging.test.ts[0m:[93m116[0m:[93m36[0m - [91merror[0m[90m TS4111: [0mProperty 'sessionId' comes from an index signature, so it must be accessed with ['sessionId'].

[7m116[0m       expect(loggedEntry.metadata?.sessionId).not.toBe(
[7m   [0m [91m                                   ~~~~~~~~~[0m

[96msrc/lib/security/__tests__/breach-notification.integration.test.ts[0m:[93m90[0m:[93m5[0m - [91merror[0m[90m TS2532: [0mObject is possibly 'undefined'.

[7m90[0m     vi.mocked(redis.set).mockResolvedValue('OK')
[7m  [0m [91m    ~~~~~~~~~~~~~~~~~~~~[0m

[96msrc/lib/security/__tests__/breach-notification.integration.test.ts[0m:[93m90[0m:[93m21[0m - [91merror[0m[90m TS4111: [0mProperty 'set' comes from an index signature, so it must be accessed with ['set'].

[7m90[0m     vi.mocked(redis.set).mockResolvedValue('OK')
[7m  [0m [91m                    ~~~[0m

[96msrc/lib/security/__tests__/breach-notification.integration.test.ts[0m:[93m91[0m:[93m5[0m - [91merror[0m[90m TS2532: [0mObject is possibly 'undefined'.

[7m91[0m     vi.mocked(redis.get).mockResolvedValue(
[7m  [0m [91m    ~~~~~~~~~~~~~~~~~~~~[0m

[96msrc/lib/security/__tests__/breach-notification.integration.test.ts[0m:[93m91[0m:[93m21[0m - [91merror[0m[90m TS4111: [0mProperty 'get' comes from an index signature, so it must be accessed with ['get'].

[7m91[0m     vi.mocked(redis.get).mockResolvedValue(
[7m  [0m [91m                    ~~~[0m

[96msrc/lib/security/__tests__/breach-notification.integration.test.ts[0m:[93m99[0m:[93m5[0m - [91merror[0m[90m TS2532: [0mObject is possibly 'undefined'.

[7m99[0m     vi.mocked(redis.keys).mockResolvedValue(['breach:test_breach_id'])
[7m  [0m [91m    ~~~~~~~~~~~~~~~~~~~~~[0m

[96msrc/lib/security/__tests__/breach-notification.integration.test.ts[0m:[93m99[0m:[93m21[0m - [91merror[0m[90m TS4111: [0mProperty 'keys' comes from an index signature, so it must be accessed with ['keys'].

[7m99[0m     vi.mocked(redis.keys).mockResolvedValue(['breach:test_breach_id'])
[7m  [0m [91m                    ~~~~[0m

[96msrc/lib/security/__tests__/breach-notification.integration.test.ts[0m:[93m100[0m:[93m5[0m - [91merror[0m[90m TS2532: [0mObject is possibly 'undefined'.

[7m100[0m     vi.mocked(redis.hset).mockResolvedValue(1)
[7m   [0m [91m    ~~~~~~~~~~~~~~~~~~~~~[0m

[96msrc/lib/security/__tests__/breach-notification.integration.test.ts[0m:[93m100[0m:[93m21[0m - [91merror[0m[90m TS4111: [0mProperty 'hset' comes from an index signature, so it must be accessed with ['hset'].

[7m100[0m     vi.mocked(redis.hset).mockResolvedValue(1)
[7m   [0m [91m                    ~~~~[0m

[96msrc/lib/security/__tests__/breach-notification.integration.test.ts[0m:[93m101[0m:[93m5[0m - [91merror[0m[90m TS2532: [0mObject is possibly 'undefined'.

[7m101[0m     vi.mocked(redis.expire).mockResolvedValue(1)
[7m   [0m [91m    ~~~~~~~~~~~~~~~~~~~~~~~[0m

[96msrc/lib/security/__tests__/breach-notification.integration.test.ts[0m:[93m101[0m:[93m21[0m - [91merror[0m[90m TS4111: [0mProperty 'expire' comes from an index signature, so it must be accessed with ['expire'].

[7m101[0m     vi.mocked(redis.expire).mockResolvedValue(1)
[7m   [0m [91m                    ~~~~~~[0m

[96msrc/lib/security/__tests__/breach-notification.integration.test.ts[0m:[93m102[0m:[93m5[0m - [91merror[0m[90m TS2532: [0mObject is possibly 'undefined'.

[7m102[0m     vi.mocked(redis.hset).mockResolvedValue(1)
[7m   [0m [91m    ~~~~~~~~~~~~~~~~~~~~~[0m

[96msrc/lib/security/__tests__/breach-notification.integration.test.ts[0m:[93m102[0m:[93m21[0m - [91merror[0m[90m TS4111: [0mProperty 'hset' comes from an index signature, so it must be accessed with ['hset'].

[7m102[0m     vi.mocked(redis.hset).mockResolvedValue(1)
[7m   [0m [91m                    ~~~~[0m

[96msrc/lib/security/__tests__/breach-notification.integration.test.ts[0m:[93m103[0m:[93m5[0m - [91merror[0m[90m TS2532: [0mObject is possibly 'undefined'.

[7m103[0m     vi.mocked(redis.expire).mockResolvedValue(1)
[7m   [0m [91m    ~~~~~~~~~~~~~~~~~~~~~~~[0m

[96msrc/lib/security/__tests__/breach-notification.integration.test.ts[0m:[93m103[0m:[93m21[0m - [91merror[0m[90m TS4111: [0mProperty 'expire' comes from an index signature, so it must be accessed with ['expire'].

[7m103[0m     vi.mocked(redis.expire).mockResolvedValue(1)
[7m   [0m [91m                    ~~~~~~[0m

[96msrc/lib/security/__tests__/breach-notification.integration.test.ts[0m:[93m109[0m:[93m53[0m - [91merror[0m[90m TS2345: [0mArgument of type 'string' is not assignable to parameter of type 'EncryptedData<unknown>'.

[7m109[0m     vi.mocked(fheService.encrypt).mockResolvedValue('encrypted_data') // Corrected to use fheService
[7m   [0m [91m                                                    ~~~~~~~~~~~~~~~~[0m

[96msrc/lib/security/__tests__/breach-notification.integration.test.ts[0m:[93m124[0m:[93m20[0m - [91merror[0m[90m TS4111: [0mProperty 'set' comes from an index signature, so it must be accessed with ['set'].

[7m124[0m       expect(redis.set).toHaveBeenCalled()
[7m   [0m [91m                   ~~~[0m

[96msrc/lib/security/__tests__/breach-notification.integration.test.ts[0m:[93m232[0m:[93m20[0m - [91merror[0m[90m TS4111: [0mProperty 'set' comes from an index signature, so it must be accessed with ['set'].

[7m232[0m       expect(redis.set).toHaveBeenCalledWith(
[7m   [0m [91m                   ~~~[0m

[96msrc/lib/security/__tests__/breach-notification.integration.test.ts[0m:[93m267[0m:[93m20[0m - [91merror[0m[90m TS4111: [0mProperty 'hset' comes from an index signature, so it must be accessed with ['hset'].

[7m267[0m       expect(redis.hset).toHaveBeenCalled()
[7m   [0m [91m                   ~~~~[0m

[96msrc/lib/security/__tests__/breach-notification.integration.test.ts[0m:[93m268[0m:[93m20[0m - [91merror[0m[90m TS4111: [0mProperty 'expire' comes from an index signature, so it must be accessed with ['expire'].

[7m268[0m       expect(redis.expire).toHaveBeenCalled()
[7m   [0m [91m                   ~~~~~~[0m

[96msrc/lib/security/__tests__/breach-notification.integration.test.ts[0m:[93m274[0m:[93m7[0m - [91merror[0m[90m TS2532: [0mObject is possibly 'undefined'.

[7m274[0m       vi.mocked(redis.set).mockRejectedValue(new Error('Redis error'))
[7m   [0m [91m      ~~~~~~~~~~~~~~~~~~~~[0m

[96msrc/lib/security/__tests__/breach-notification.integration.test.ts[0m:[93m274[0m:[93m23[0m - [91merror[0m[90m TS4111: [0mProperty 'set' comes from an index signature, so it must be accessed with ['set'].

[7m274[0m       vi.mocked(redis.set).mockRejectedValue(new Error('Redis error'))
[7m   [0m [91m                      ~~~[0m

[96msrc/lib/security/__tests__/breach-notification.test.ts[0m:[93m68[0m:[93m6[0m - [91merror[0m[90m TS2571: [0mObject is of type 'unknown'.

[7m68[0m     ;(redis['set'] as unknown).mockResolvedValue('OK')
[7m  [0m [91m     ~~~~~~~~~~~~~~~~~~~~~~~~~[0m

[96msrc/lib/security/__tests__/breach-notification.test.ts[0m:[93m69[0m:[93m6[0m - [91merror[0m[90m TS2571: [0mObject is of type 'unknown'.

[7m69[0m     ;(redis['get'] as unknown).mockResolvedValue(null)
[7m  [0m [91m     ~~~~~~~~~~~~~~~~~~~~~~~~~[0m

[96msrc/lib/security/__tests__/breach-notification.test.ts[0m:[93m70[0m:[93m6[0m - [91merror[0m[90m TS2571: [0mObject is of type 'unknown'.

[7m70[0m     ;(redis['keys'] as unknown).mockResolvedValue([])
[7m  [0m [91m     ~~~~~~~~~~~~~~~~~~~~~~~~~~[0m

[96msrc/lib/security/__tests__/breach-notification.test.ts[0m:[93m71[0m:[93m6[0m - [91merror[0m[90m TS2571: [0mObject is of type 'unknown'.

[7m71[0m     ;(auth['getUserById'] as unknown).mockResolvedValue(mockUser)
[7m  [0m [91m     ~~~~~~~~~~~~~~~~~~~~~~~~~~~~~~~~[0m

[96msrc/lib/security/__tests__/breach-notification.test.ts[0m:[93m72[0m:[93m6[0m - [91merror[0m[90m TS2571: [0mObject is of type 'unknown'.

[7m72[0m     ;(fheService['encrypt'] as unknown).mockResolvedValue('encrypted_data')
[7m  [0m [91m     ~~~~~~~~~~~~~~~~~~~~~~~~~~~~~~~~~~[0m

[96msrc/lib/security/__tests__/breach-notification.test.ts[0m:[93m73[0m:[93m6[0m - [91merror[0m[90m TS2571: [0mObject is of type 'unknown'.

[7m73[0m     ;(sendEmail as unknown).mockResolvedValue(undefined)
[7m  [0m [91m     ~~~~~~~~~~~~~~~~~~~~~~[0m

[96msrc/lib/security/__tests__/breach-notification.test.ts[0m:[93m76[0m:[93m17[0m - [91merror[0m[90m TS4111: [0mProperty 'ORGANIZATION_NAME' comes from an index signature, so it must be accessed with ['ORGANIZATION_NAME'].

[7m76[0m     process.env.ORGANIZATION_NAME = 'Test Org'
[7m  [0m [91m                ~~~~~~~~~~~~~~~~~[0m

[96msrc/lib/security/__tests__/breach-notification.test.ts[0m:[93m77[0m:[93m17[0m - [91merror[0m[90m TS4111: [0mProperty 'SECURITY_CONTACT' comes from an index signature, so it must be accessed with ['SECURITY_CONTACT'].

[7m77[0m     process.env.SECURITY_CONTACT = 'security@test.org'
[7m  [0m [91m                ~~~~~~~~~~~~~~~~[0m

[96msrc/lib/security/__tests__/breach-notification.test.ts[0m:[93m78[0m:[93m17[0m - [91merror[0m[90m TS4111: [0mProperty 'ORGANIZATION_ADDRESS' comes from an index signature, so it must be accessed with ['ORGANIZATION_ADDRESS'].

[7m78[0m     process.env.ORGANIZATION_ADDRESS = '123 Test St'
[7m  [0m [91m                ~~~~~~~~~~~~~~~~~~~~[0m

[96msrc/lib/security/__tests__/breach-notification.test.ts[0m:[93m79[0m:[93m17[0m - [91merror[0m[90m TS4111: [0mProperty 'HHS_NOTIFICATION_EMAIL' comes from an index signature, so it must be accessed with ['HHS_NOTIFICATION_EMAIL'].

[7m79[0m     process.env.HHS_NOTIFICATION_EMAIL = 'hhs@example.com'
[7m  [0m [91m                ~~~~~~~~~~~~~~~~~~~~~~[0m

[96msrc/lib/security/__tests__/breach-notification.test.ts[0m:[93m80[0m:[93m17[0m - [91merror[0m[90m TS4111: [0mProperty 'SECURITY_STAKEHOLDERS' comes from an index signature, so it must be accessed with ['SECURITY_STAKEHOLDERS'].

[7m80[0m     process.env.SECURITY_STAKEHOLDERS =
[7m  [0m [91m                ~~~~~~~~~~~~~~~~~~~~~[0m

[96msrc/lib/security/__tests__/breach-notification.test.ts[0m:[93m103[0m:[93m8[0m - [91merror[0m[90m TS2571: [0mObject is of type 'unknown'.

[7m103[0m       ;(redis['set'] as unknown).mockRejectedValue(new Error('Redis error'))
[7m   [0m [91m       ~~~~~~~~~~~~~~~~~~~~~~~~~[0m

[96msrc/lib/security/__tests__/breach-notification.test.ts[0m:[93m133[0m:[93m8[0m - [91merror[0m[90m TS2571: [0mObject is of type 'unknown'.

[7m133[0m       ;(auth['getUserById'] as unknown).mockResolvedValue({ id: 'user1' }) // User without email
[7m   [0m [91m       ~~~~~~~~~~~~~~~~~~~~~~~~~~~~~~~~[0m

[96msrc/lib/security/__tests__/breach-notification.test.ts[0m:[93m142[0m:[93m8[0m - [91merror[0m[90m TS2571: [0mObject is of type 'unknown'.

[7m142[0m       ;(sendEmail as unknown).mockRejectedValue(new Error('Email error'))
[7m   [0m [91m       ~~~~~~~~~~~~~~~~~~~~~~[0m

[96msrc/lib/security/__tests__/breach-notification.test.ts[0m:[93m161[0m:[93m51[0m - [91merror[0m[90m TS2345: [0mArgument of type '{ affectedUsers: unknown[]; type: "unauthorized_access"; severity: "high"; description: string; affectedData: string[]; detectionMethod: string; remediation: string; }' is not assignable to parameter of type 'Omit<BreachDetails, "id" | "timestamp" | "notificationStatus">'.
  Types of property 'affectedUsers' are incompatible.
    Type 'unknown[]' is not assignable to type 'string[]'.
      Type 'unknown' is not assignable to type 'string'.

[7m161[0m       await BreachNotificationSystem.reportBreach(largeBreachDetails)
[7m   [0m [91m                                                  ~~~~~~~~~~~~~~~~~~[0m

[96msrc/lib/security/__tests__/breach-notification.test.ts[0m:[93m165[0m:[93m27[0m - [91merror[0m[90m TS4111: [0mProperty 'HHS_NOTIFICATION_EMAIL' comes from an index signature, so it must be accessed with ['HHS_NOTIFICATION_EMAIL'].

[7m165[0m           to: process.env.HHS_NOTIFICATION_EMAIL,
[7m   [0m [91m                          ~~~~~~~~~~~~~~~~~~~~~~[0m

[96msrc/lib/security/__tests__/breach-notification.test.ts[0m:[93m181[0m:[93m27[0m - [91merror[0m[90m TS4111: [0mProperty 'HHS_NOTIFICATION_EMAIL' comes from an index signature, so it must be accessed with ['HHS_NOTIFICATION_EMAIL'].

[7m181[0m           to: process.env.HHS_NOTIFICATION_EMAIL,
[7m   [0m [91m                          ~~~~~~~~~~~~~~~~~~~~~~[0m

[96msrc/lib/security/__tests__/breach-notification.test.ts[0m:[93m191[0m:[93m40[0m - [91merror[0m[90m TS4111: [0mProperty 'SECURITY_STAKEHOLDERS' comes from an index signature, so it must be accessed with ['SECURITY_STAKEHOLDERS'].

[7m191[0m       const stakeholders = process.env.SECURITY_STAKEHOLDERS!.split(',')
[7m   [0m [91m                                       ~~~~~~~~~~~~~~~~~~~~~[0m

[96msrc/lib/security/__tests__/breach-notification.test.ts[0m:[93m206[0m:[93m19[0m - [91merror[0m[90m TS4111: [0mProperty 'SECURITY_STAKEHOLDERS' comes from an index signature, so it must be accessed with ['SECURITY_STAKEHOLDERS'].

[7m206[0m       process.env.SECURITY_STAKEHOLDERS = ''
[7m   [0m [91m                  ~~~~~~~~~~~~~~~~~~~~~[0m

[96msrc/lib/security/__tests__/breach-notification.test.ts[0m:[93m226[0m:[93m8[0m - [91merror[0m[90m TS2571: [0mObject is of type 'unknown'.

[7m226[0m       ;(redis.get as unknown).mockResolvedValue(
[7m   [0m [91m       ~~~~~~~~~~~~~~~~~~~~~~[0m

[96msrc/lib/security/__tests__/breach-notification.test.ts[0m:[93m226[0m:[93m15[0m - [91merror[0m[90m TS4111: [0mProperty 'get' comes from an index signature, so it must be accessed with ['get'].

[7m226[0m       ;(redis.get as unknown).mockResolvedValue(
[7m   [0m [91m              ~~~[0m

[96msrc/lib/security/__tests__/breach-notification.test.ts[0m:[93m234[0m:[93m20[0m - [91merror[0m[90m TS4111: [0mProperty 'get' comes from an index signature, so it must be accessed with ['get'].

[7m234[0m       expect(redis.get).toHaveBeenCalledWith('breach:test_breach')
[7m   [0m [91m                   ~~~[0m

[96msrc/lib/security/__tests__/breach-notification.test.ts[0m:[93m238[0m:[93m8[0m - [91merror[0m[90m TS2571: [0mObject is of type 'unknown'.

[7m238[0m       ;(redis.get as unknown).mockResolvedValue(null)
[7m   [0m [91m       ~~~~~~~~~~~~~~~~~~~~~~[0m

[96msrc/lib/security/__tests__/breach-notification.test.ts[0m:[93m238[0m:[93m15[0m - [91merror[0m[90m TS4111: [0mProperty 'get' comes from an index signature, so it must be accessed with ['get'].

[7m238[0m       ;(redis.get as unknown).mockResolvedValue(null)
[7m   [0m [91m              ~~~[0m

[96msrc/lib/security/__tests__/breach-notification.test.ts[0m:[93m247[0m:[93m8[0m - [91merror[0m[90m TS2571: [0mObject is of type 'unknown'.

[7m247[0m       ;(redis.get as unknown).mockRejectedValue(new Error('Redis error'))
[7m   [0m [91m       ~~~~~~~~~~~~~~~~~~~~~~[0m

[96msrc/lib/security/__tests__/breach-notification.test.ts[0m:[93m247[0m:[93m15[0m - [91merror[0m[90m TS4111: [0mProperty 'get' comes from an index signature, so it must be accessed with ['get'].

[7m247[0m       ;(redis.get as unknown).mockRejectedValue(new Error('Redis error'))
[7m   [0m [91m              ~~~[0m

[96msrc/lib/security/__tests__/breach-notification.test.ts[0m:[93m277[0m:[93m8[0m - [91merror[0m[90m TS2571: [0mObject is of type 'unknown'.

[7m277[0m       ;(redis.keys as unknown).mockResolvedValue([
[7m   [0m [91m       ~~~~~~~~~~~~~~~~~~~~~~~[0m

[96msrc/lib/security/__tests__/breach-notification.test.ts[0m:[93m277[0m:[93m15[0m - [91merror[0m[90m TS4111: [0mProperty 'keys' comes from an index signature, so it must be accessed with ['keys'].

[7m277[0m       ;(redis.keys as unknown).mockResolvedValue([
[7m   [0m [91m              ~~~~[0m

[96msrc/lib/security/__tests__/breach-notification.test.ts[0m:[93m281[0m:[93m8[0m - [91merror[0m[90m TS2571: [0mObject is of type 'unknown'.

[7m281[0m       ;(redis.get as unknown)
[7m   [0m [91m       ~~~~~~~~~~~~~~~~~~~~~~[0m

[96msrc/lib/security/__tests__/breach-notification.test.ts[0m:[93m281[0m:[93m15[0m - [91merror[0m[90m TS4111: [0mProperty 'get' comes from an index signature, so it must be accessed with ['get'].

[7m281[0m       ;(redis.get as unknown)
[7m   [0m [91m              ~~~[0m

[96msrc/lib/security/__tests__/breach-notification.test.ts[0m:[93m288[0m:[93m14[0m - [91merror[0m[90m TS2532: [0mObject is possibly 'undefined'.

[7m288[0m       expect(breaches[0].id).toBe('breach2') // Most recent first
[7m   [0m [91m             ~~~~~~~~~~~[0m

[96msrc/lib/security/__tests__/breach-notification.test.ts[0m:[93m289[0m:[93m14[0m - [91merror[0m[90m TS2532: [0mObject is possibly 'undefined'.

[7m289[0m       expect(breaches[1].id).toBe('breach1')
[7m   [0m [91m             ~~~~~~~~~~~[0m

[96msrc/lib/security/__tests__/breach-notification.test.ts[0m:[93m293[0m:[93m8[0m - [91merror[0m[90m TS2571: [0mObject is of type 'unknown'.

[7m293[0m       ;(redis.keys as unknown).mockRejectedValue(new Error('Redis error'))
[7m   [0m [91m       ~~~~~~~~~~~~~~~~~~~~~~~[0m

[96msrc/lib/security/__tests__/breach-notification.test.ts[0m:[93m293[0m:[93m15[0m - [91merror[0m[90m TS4111: [0mProperty 'keys' comes from an index signature, so it must be accessed with ['keys'].

[7m293[0m       ;(redis.keys as unknown).mockRejectedValue(new Error('Redis error'))
[7m   [0m [91m              ~~~~[0m

[96msrc/lib/security/__tests__/breach-notification.test.ts[0m:[93m306[0m:[93m8[0m - [91merror[0m[90m TS2571: [0mObject is of type 'unknown'.

[7m306[0m       ;(redis.keys as unknown).mockResolvedValue([
[7m   [0m [91m       ~~~~~~~~~~~~~~~~~~~~~~~[0m

[96msrc/lib/security/__tests__/breach-notification.test.ts[0m:[93m306[0m:[93m15[0m - [91merror[0m[90m TS4111: [0mProperty 'keys' comes from an index signature, so it must be accessed with ['keys'].

[7m306[0m       ;(redis.keys as unknown).mockResolvedValue([
[7m   [0m [91m              ~~~~[0m

[96msrc/lib/security/__tests__/breach-notification.test.ts[0m:[93m310[0m:[93m8[0m - [91merror[0m[90m TS2571: [0mObject is of type 'unknown'.

[7m310[0m       ;(redis.get as unknown)
[7m   [0m [91m       ~~~~~~~~~~~~~~~~~~~~~~[0m

[96msrc/lib/security/__tests__/breach-notification.test.ts[0m:[93m310[0m:[93m15[0m - [91merror[0m[90m TS4111: [0mProperty 'get' comes from an index signature, so it must be accessed with ['get'].

[7m310[0m       ;(redis.get as unknown)
[7m   [0m [91m              ~~~[0m

[96msrc/lib/security/__tests__/breach-notification.test.ts[0m:[93m324[0m:[93m14[0m - [91merror[0m[90m TS2532: [0mObject is possibly 'undefined'.

[7m324[0m       expect(breaches[0].id).toBe('valid')
[7m   [0m [91m             ~~~~~~~~~~~[0m

[96msrc/lib/security/__tests__/dlp.test.ts[0m:[93m120[0m:[93m14[0m - [91merror[0m[90m TS2532: [0mObject is possibly 'undefined'.

[7m120[0m       expect(dlpService['rules'][0].name).toBe('Updated Test Rule')
[7m   [0m [91m             ~~~~~~~~~~~~~~~~~~~~~~[0m

[96msrc/lib/security/__tests__/dlp.test.ts[0m:[93m121[0m:[93m14[0m - [91merror[0m[90m TS2532: [0mObject is possibly 'undefined'.

[7m121[0m       expect(dlpService['rules'][0].action).toBe(DLPAction.BLOCK)
[7m   [0m [91m             ~~~~~~~~~~~~~~~~~~~~~~[0m

[96msrc/lib/security/baa/BaaDocumentGenerator.ts[0m:[93m30[0m:[93m15[0m - [91merror[0m[90m TS2304: [0mCannot find name 'BaaStatus'.

[7m30[0m       status: BaaStatus.DRAFT,
[7m  [0m [91m              ~~~~~~~~~[0m

[96msrc/lib/security/baa/BaaDocumentGenerator.ts[0m:[93m52[0m:[93m5[0m - [91merror[0m[90m TS2532: [0mObject is possibly 'undefined'.

[7m52[0m     document.auditTrail[0].documentId = document.id
[7m  [0m [91m    ~~~~~~~~~~~~~~~~~~~~~~[0m

[96msrc/lib/security/baa/BaaTemplateService.ts[0m:[93m219[0m:[93m5[0m - [91merror[0m[90m TS2322: [0mType '{ id?: string | undefined; title?: string | undefined; description?: string; content?: string | undefined; required?: boolean | undefined; order?: number | undefined; }' is not assignable to type 'BaaTemplateSection'.
  Types of property 'id' are incompatible.
    Type 'string | undefined' is not assignable to type 'string'.
      Type 'undefined' is not assignable to type 'string'.

[7m219[0m     updatedSections[sectionIndex] = {
[7m   [0m [91m    ~~~~~~~~~~~~~~~~~~~~~~~~~~~~~[0m

[96msrc/lib/security/baa/BaaTemplateService.ts[0m:[93m382[0m:[93m5[0m - [91merror[0m[90m TS2322: [0mType '{ key?: string | undefined; label?: string | undefined; description?: string | undefined; required?: boolean | undefined; defaultValue?: string; }' is not assignable to type 'BaaPlaceholder'.
  Types of property 'key' are incompatible.
    Type 'string | undefined' is not assignable to type 'string'.
      Type 'undefined' is not assignable to type 'string'.

[7m382[0m     updatedPlaceholders[placeholderIndex] = {
[7m   [0m [91m    ~~~~~~~~~~~~~~~~~~~~~~~~~~~~~~~~~~~~~[0m

[96msrc/lib/security/baa/BaaTemplateService.ts[0m:[93m503[0m:[93m28[0m - [91merror[0m[90m TS18048: [0m'template.tags' is possibly 'undefined'.

[7m503[0m       if (criteria.tag && !template.tags.includes(criteria.tag)) {
[7m   [0m [91m                           ~~~~~~~~~~~~~[0m

[96msrc/lib/security/baa/BaaTemplateService.ts[0m:[93m529[0m:[93m8[0m - [91merror[0m[90m TS2322: [0mType '"EHR_VENDOR"' is not assignable to type 'BusinessAssociateType'.

[7m529[0m       ['EHR_VENDOR', 'CLOUD_SERVICE', 'DATA_ANALYTICS', 'TELEMEDICINE'],
[7m   [0m [91m       ~~~~~~~~~~~~[0m

[96msrc/lib/security/baa/BaaTemplateService.ts[0m:[93m529[0m:[93m22[0m - [91merror[0m[90m TS2322: [0mType '"CLOUD_SERVICE"' is not assignable to type 'BusinessAssociateType'.

[7m529[0m       ['EHR_VENDOR', 'CLOUD_SERVICE', 'DATA_ANALYTICS', 'TELEMEDICINE'],
[7m   [0m [91m                     ~~~~~~~~~~~~~~~[0m

[96msrc/lib/security/baa/BaaTemplateService.ts[0m:[93m529[0m:[93m39[0m - [91merror[0m[90m TS2322: [0mType '"DATA_ANALYTICS"' is not assignable to type 'BusinessAssociateType'.

[7m529[0m       ['EHR_VENDOR', 'CLOUD_SERVICE', 'DATA_ANALYTICS', 'TELEMEDICINE'],
[7m   [0m [91m                                      ~~~~~~~~~~~~~~~~[0m

[96msrc/lib/security/baa/BaaTemplateService.ts[0m:[93m529[0m:[93m57[0m - [91merror[0m[90m TS2322: [0mType '"TELEMEDICINE"' is not assignable to type 'BusinessAssociateType'.

[7m529[0m       ['EHR_VENDOR', 'CLOUD_SERVICE', 'DATA_ANALYTICS', 'TELEMEDICINE'],
[7m   [0m [91m                                                        ~~~~~~~~~~~~~~[0m

[96msrc/lib/security/baa/ComplianceVerificationService.ts[0m:[93m530[0m:[93m7[0m - [91merror[0m[90m TS2345: [0mArgument of type '"annual"' is not assignable to parameter of type '"once" | "quarterly" | "monthly" | "annually" | "semi_annually" | "biannually"'.

[7m530[0m       'annual',
[7m   [0m [91m      ~~~~~~~~[0m

[96msrc/lib/security/baa/ComplianceVerificationService.ts[0m:[93m551[0m:[93m7[0m - [91merror[0m[90m TS2345: [0mArgument of type '"annual"' is not assignable to parameter of type '"once" | "quarterly" | "monthly" | "annually" | "semi_annually" | "biannually"'.

[7m551[0m       'annual',
[7m   [0m [91m      ~~~~~~~~[0m

[96msrc/lib/security/backup/index.ts[0m:[93m60[0m:[93m11[0m - [91merror[0m[90m TS2769: [0mNo overload matches this call.
  The last overload gave the following error.
    Argument of type 'Uint8Array<ArrayBufferLike>' is not assignable to parameter of type 'BufferSource'.
      Type 'Uint8Array<ArrayBufferLike>' is not assignable to type 'ArrayBufferView<ArrayBuffer>'.
        Types of property 'buffer' are incompatible.
          Type 'ArrayBufferLike' is not assignable to type 'ArrayBuffer'.
            Type 'SharedArrayBuffer' is missing the following properties from type 'ArrayBuffer': resizable, resize, detached, transfer, transferToFixedLength

[7m60[0m           key,
[7m  [0m [91m          ~~~[0m

  [96mnode_modules/.pnpm/typescript@5.9.3/node_modules/typescript/lib/lib.dom.d.ts[0m:[93m31701[0m:[93m5[0m
    [7m31701[0m     importKey(format: Exclude<KeyFormat, "jwk">, keyData: BufferSource, algorithm: AlgorithmIdentifier | RsaHashedImportParams | EcKeyImportParams | HmacImportParams | AesKeyAlgorithm, extractable: boolean, keyUsages: KeyUsage[]): Promise<CryptoKey>;
    [7m     [0m [96m    ~~~~~~~~~~~~~~~~~~~~~~~~~~~~~~~~~~~~~~~~~~~~~~~~~~~~~~~~~~~~~~~~~~~~~~~~~~~~~~~~~~~~~~~~~~~~~~~~~~~~~~~~~~~~~~~~~~~~~~~~~~~~~~~~~~~~~~~~~~~~~~~~~~~~~~~~~~~~~~~~~~~~~~~~~~~~~~~~~~~~~~~~~~~~~~~~~~~~~~~~~~~~~~~~~~~~~~~~~~~~~~~~~~~~~~~~~~~~~~~~~~~~~~[0m
    The last overload is declared here.

[96msrc/lib/security/backup/index.ts[0m:[93m66[0m:[93m30[0m - [91merror[0m[90m TS2769: [0mNo overload matches this call.
  Overload 1 of 2, '(algorithm: AlgorithmIdentifier | RsaOaepParams | AesCtrParams | AesCbcParams | AesGcmParams, key: CryptoKey, data: BufferSource): Promise<...>', gave the following error.
    Type 'Uint8Array<ArrayBufferLike>' is not assignable to type 'BufferSource'.
      Type 'Uint8Array<ArrayBufferLike>' is not assignable to type 'ArrayBufferView<ArrayBuffer>'.
        Types of property 'buffer' are incompatible.
          Type 'ArrayBufferLike' is not assignable to type 'ArrayBuffer'.
            Type 'SharedArrayBuffer' is missing the following properties from type 'ArrayBuffer': resizable, resize, detached, transfer, transferToFixedLength
  Overload 2 of 2, '(algorithm: AlgorithmIdentifier | RsaOaepParams | AesCtrParams | AesCbcParams | AesGcmParams, key: CryptoKey, data: BufferSource): Promise<...>', gave the following error.
    Type 'Uint8Array<ArrayBufferLike>' is not assignable to type 'BufferSource'.
      Type 'Uint8Array<ArrayBufferLike>' is not assignable to type 'ArrayBufferView<ArrayBuffer>'.
        Types of property 'buffer' are incompatible.
          Type 'ArrayBufferLike' is not assignable to type 'ArrayBuffer'.
            Type 'SharedArrayBuffer' is missing the following properties from type 'ArrayBuffer': resizable, resize, detached, transfer, transferToFixedLength

[7m66[0m           { name: 'AES-GCM', iv },
[7m  [0m [91m                             ~~[0m


[96msrc/lib/security/backup/index.ts[0m:[93m85[0m:[93m11[0m - [91merror[0m[90m TS2769: [0mNo overload matches this call.
  The last overload gave the following error.
    Argument of type 'Uint8Array<ArrayBufferLike>' is not assignable to parameter of type 'BufferSource'.
      Type 'Uint8Array<ArrayBufferLike>' is not assignable to type 'ArrayBufferView<ArrayBuffer>'.
        Types of property 'buffer' are incompatible.
          Type 'ArrayBufferLike' is not assignable to type 'ArrayBuffer'.
            Type 'SharedArrayBuffer' is missing the following properties from type 'ArrayBuffer': resizable, resize, detached, transfer, transferToFixedLength

[7m85[0m           key,
[7m  [0m [91m          ~~~[0m

  [96mnode_modules/.pnpm/typescript@5.9.3/node_modules/typescript/lib/lib.dom.d.ts[0m:[93m31701[0m:[93m5[0m
    [7m31701[0m     importKey(format: Exclude<KeyFormat, "jwk">, keyData: BufferSource, algorithm: AlgorithmIdentifier | RsaHashedImportParams | EcKeyImportParams | HmacImportParams | AesKeyAlgorithm, extractable: boolean, keyUsages: KeyUsage[]): Promise<CryptoKey>;
    [7m     [0m [96m    ~~~~~~~~~~~~~~~~~~~~~~~~~~~~~~~~~~~~~~~~~~~~~~~~~~~~~~~~~~~~~~~~~~~~~~~~~~~~~~~~~~~~~~~~~~~~~~~~~~~~~~~~~~~~~~~~~~~~~~~~~~~~~~~~~~~~~~~~~~~~~~~~~~~~~~~~~~~~~~~~~~~~~~~~~~~~~~~~~~~~~~~~~~~~~~~~~~~~~~~~~~~~~~~~~~~~~~~~~~~~~~~~~~~~~~~~~~~~~~~~~~~~~~[0m
    The last overload is declared here.

[96msrc/lib/security/backup/index.ts[0m:[93m98[0m:[93m30[0m - [91merror[0m[90m TS2769: [0mNo overload matches this call.
  Overload 1 of 2, '(algorithm: AlgorithmIdentifier | RsaOaepParams | AesCtrParams | AesCbcParams | AesGcmParams, key: CryptoKey, data: BufferSource): Promise<...>', gave the following error.
    Type 'Uint8Array<ArrayBufferLike>' is not assignable to type 'BufferSource'.
      Type 'Uint8Array<ArrayBufferLike>' is not assignable to type 'ArrayBufferView<ArrayBuffer>'.
        Types of property 'buffer' are incompatible.
          Type 'ArrayBufferLike' is not assignable to type 'ArrayBuffer'.
            Type 'SharedArrayBuffer' is missing the following properties from type 'ArrayBuffer': resizable, resize, detached, transfer, transferToFixedLength
  Overload 2 of 2, '(algorithm: AlgorithmIdentifier | RsaOaepParams | AesCtrParams | AesCbcParams | AesGcmParams, key: CryptoKey, data: BufferSource): Promise<...>', gave the following error.
    Type 'Uint8Array<ArrayBufferLike>' is not assignable to type 'BufferSource'.
      Type 'Uint8Array<ArrayBufferLike>' is not assignable to type 'ArrayBufferView<ArrayBuffer>'.
        Types of property 'buffer' are incompatible.
          Type 'ArrayBufferLike' is not assignable to type 'ArrayBuffer'.
            Type 'SharedArrayBuffer' is missing the following properties from type 'ArrayBuffer': resizable, resize, detached, transfer, transferToFixedLength

[7m98[0m           { name: 'AES-GCM', iv },
[7m  [0m [91m                             ~~[0m


[96msrc/lib/security/backup/index.ts[0m:[93m880[0m:[93m17[0m - [91merror[0m[90m TS4111: [0mProperty 'updatedAt' comes from an index signature, so it must be accessed with ['updatedAt'].

[7m880[0m           query.updatedAt = { $gte: baselineTime }
[7m   [0m [91m                ~~~~~~~~~[0m

[96msrc/lib/security/backup/storage-providers.browser.ts[0m:[93m111[0m:[93m27[0m - [91merror[0m[90m TS4111: [0mProperty 'prefix' comes from an index signature, so it must be accessed with ['prefix'].

[7m111[0m     this.prefix = (config.prefix as string) || 'backup-'
[7m   [0m [91m                          ~~~~~~[0m

[96msrc/lib/security/backup/storage-providers.browser.ts[0m:[93m191[0m:[93m27[0m - [91merror[0m[90m TS4111: [0mProperty 'dbName' comes from an index signature, so it must be accessed with ['dbName'].

[7m191[0m     this.dbName = (config.dbName as string) || 'backupStorage'
[7m   [0m [91m                          ~~~~~~[0m

[96msrc/lib/security/backup/storage-providers.browser.ts[0m:[93m192[0m:[93m30[0m - [91merror[0m[90m TS4111: [0mProperty 'storeName' comes from an index signature, so it must be accessed with ['storeName'].

[7m192[0m     this.storeName = (config.storeName as string) || 'backups'
[7m   [0m [91m                             ~~~~~~~~~[0m

[96msrc/lib/security/backup/storage-providers/aws-s3.ts[0m:[93m74[0m:[93m31[0m - [91merror[0m[90m TS4111: [0mProperty 'bucket' comes from an index signature, so it must be accessed with ['bucket'].

[7m74[0m     this.bucketName = (config.bucket as string) || ''
[7m  [0m [91m                              ~~~~~~[0m

[96msrc/lib/security/backup/storage-providers/aws-s3.ts[0m:[93m92[0m:[93m34[0m - [91merror[0m[90m TS4111: [0mProperty 'credentials' comes from an index signature, so it must be accessed with ['credentials'].

[7m92[0m         credentials: this.config.credentials as S3Credentials,
[7m  [0m [91m                                 ~~~~~~~~~~~[0m

[96msrc/lib/security/backup/storage-providers/aws-s3.ts[0m:[93m93[0m:[93m29[0m - [91merror[0m[90m TS4111: [0mProperty 'region' comes from an index signature, so it must be accessed with ['region'].

[7m93[0m         region: this.config.region as string,
[7m  [0m [91m                            ~~~~~~[0m

[96msrc/lib/security/backup/storage-providers/aws-s3.ts[0m:[93m94[0m:[93m25[0m - [91merror[0m[90m TS4111: [0mProperty 'options' comes from an index signature, so it must be accessed with ['options'].

[7m94[0m         ...(this.config.options as Partial<S3Config>),
[7m  [0m [91m                        ~~~~~~~[0m

[96msrc/lib/security/backup/storage-providers/google-cloud.ts[0m:[93m66[0m:[93m31[0m - [91merror[0m[90m TS4111: [0mProperty 'bucket' comes from an index signature, so it must be accessed with ['bucket'].

[7m66[0m     this.bucketName = (config.bucket as string) || ''
[7m  [0m [91m                              ~~~~~~[0m

[96msrc/lib/security/backup/storage-providers/google-cloud.ts[0m:[93m81[0m:[93m34[0m - [91merror[0m[90m TS4111: [0mProperty 'credentials' comes from an index signature, so it must be accessed with ['credentials'].

[7m81[0m         credentials: this.config.credentials as GoogleCloudCredentials,
[7m  [0m [91m                                 ~~~~~~~~~~~[0m

[96msrc/lib/security/backup/storage-providers/google-cloud.ts[0m:[93m82[0m:[93m33[0m - [91merror[0m[90m TS4111: [0mProperty 'credentials' comes from an index signature, so it must be accessed with ['credentials'].

[7m82[0m         projectId: (this.config.credentials as GoogleCloudCredentials)
[7m  [0m [91m                                ~~~~~~~~~~~[0m

[96msrc/lib/security/backup/storage-providers/google-cloud.ts[0m:[93m84[0m:[93m25[0m - [91merror[0m[90m TS4111: [0mProperty 'options' comes from an index signature, so it must be accessed with ['options'].

[7m84[0m         ...(this.config.options as GoogleCloudStorageOptions),
[7m  [0m [91m                        ~~~~~~~[0m

[96msrc/lib/security/backup/storage-providers/local-fs.ts[0m:[93m42[0m:[93m29[0m - [91merror[0m[90m TS4111: [0mProperty 'path' comes from an index signature, so it must be accessed with ['path'].

[7m42[0m     this.basePath = (config.path as string) || ''
[7m  [0m [91m                            ~~~~[0m

[96msrc/lib/security/breach-notification.ts[0m:[93m92[0m:[93m11[0m - [91merror[0m[90m TS2722: [0mCannot invoke an object which is possibly 'undefined'.

[7m92[0m     await redis.set(
[7m  [0m [91m          ~~~~~~~~~[0m

[96msrc/lib/security/breach-notification.ts[0m:[93m92[0m:[93m17[0m - [91merror[0m[90m TS4111: [0mProperty 'set' comes from an index signature, so it must be accessed with ['set'].

[7m92[0m     await redis.set(
[7m  [0m [91m                ~~~[0m

[96msrc/lib/security/breach-notification.ts[0m:[93m124[0m:[93m11[0m - [91merror[0m[90m TS2722: [0mCannot invoke an object which is possibly 'undefined'.

[7m124[0m     await redis.set(getBreachKey(breach.id), JSON.stringify(updatedBreach))
[7m   [0m [91m          ~~~~~~~~~[0m

[96msrc/lib/security/breach-notification.ts[0m:[93m124[0m:[93m17[0m - [91merror[0m[90m TS4111: [0mProperty 'set' comes from an index signature, so it must be accessed with ['set'].

[7m124[0m     await redis.set(getBreachKey(breach.id), JSON.stringify(updatedBreach))
[7m   [0m [91m                ~~~[0m

[96msrc/lib/security/breach-notification.ts[0m:[93m145[0m:[93m11[0m - [91merror[0m[90m TS2722: [0mCannot invoke an object which is possibly 'undefined'.

[7m145[0m     await redis.set(getBreachKey(breach.id), JSON.stringify(completedBreach))
[7m   [0m [91m          ~~~~~~~~~[0m

[96msrc/lib/security/breach-notification.ts[0m:[93m145[0m:[93m17[0m - [91merror[0m[90m TS4111: [0mProperty 'set' comes from an index signature, so it must be accessed with ['set'].

[7m145[0m     await redis.set(getBreachKey(breach.id), JSON.stringify(completedBreach))
[7m   [0m [91m                ~~~[0m

[96msrc/lib/security/breach-notification.ts[0m:[93m310[0m:[93m26[0m - [91merror[0m[90m TS2722: [0mCannot invoke an object which is possibly 'undefined'.

[7m310[0m     const breach = await redis.get(getBreachKey(id))
[7m   [0m [91m                         ~~~~~~~~~[0m

[96msrc/lib/security/breach-notification.ts[0m:[93m310[0m:[93m26[0m - [91merror[0m[90m TS18048: [0m'redis.get' is possibly 'undefined'.

[7m310[0m     const breach = await redis.get(getBreachKey(id))
[7m   [0m [91m                         ~~~~~~~~~[0m

[96msrc/lib/security/breach-notification.ts[0m:[93m310[0m:[93m32[0m - [91merror[0m[90m TS4111: [0mProperty 'get' comes from an index signature, so it must be accessed with ['get'].

[7m310[0m     const breach = await redis.get(getBreachKey(id))
[7m   [0m [91m                               ~~~[0m

[96msrc/lib/security/breach-notification.ts[0m:[93m320[0m:[93m24[0m - [91merror[0m[90m TS2722: [0mCannot invoke an object which is possibly 'undefined'.

[7m320[0m     const keys = await redis.keys(`${BREACH_KEY_PREFIX}*`)
[7m   [0m [91m                       ~~~~~~~~~~[0m

[96msrc/lib/security/breach-notification.ts[0m:[93m320[0m:[93m24[0m - [91merror[0m[90m TS18048: [0m'redis.keys' is possibly 'undefined'.

[7m320[0m     const keys = await redis.keys(`${BREACH_KEY_PREFIX}*`)
[7m   [0m [91m                       ~~~~~~~~~~[0m

[96msrc/lib/security/breach-notification.ts[0m:[93m320[0m:[93m30[0m - [91merror[0m[90m TS4111: [0mProperty 'keys' comes from an index signature, so it must be accessed with ['keys'].

[7m320[0m     const keys = await redis.keys(`${BREACH_KEY_PREFIX}*`)
[7m   [0m [91m                             ~~~~[0m

[96msrc/lib/security/breach-notification.ts[0m:[93m323[0m:[93m30[0m - [91merror[0m[90m TS2722: [0mCannot invoke an object which is possibly 'undefined'.

[7m323[0m         const breach = await redis.get(key)
[7m   [0m [91m                             ~~~~~~~~~[0m

[96msrc/lib/security/breach-notification.ts[0m:[93m323[0m:[93m30[0m - [91merror[0m[90m TS18048: [0m'redis.get' is possibly 'undefined'.

[7m323[0m         const breach = await redis.get(key)
[7m   [0m [91m                             ~~~~~~~~~[0m

[96msrc/lib/security/breach-notification.ts[0m:[93m323[0m:[93m36[0m - [91merror[0m[90m TS4111: [0mProperty 'get' comes from an index signature, so it must be accessed with ['get'].

[7m323[0m         const breach = await redis.get(key)
[7m   [0m [91m                                   ~~~[0m

[96msrc/lib/security/breach-notification.ts[0m:[93m397[0m:[93m9[0m - [91merror[0m[90m TS2722: [0mCannot invoke an object which is possibly 'undefined'.

[7m397[0m   await redis.set(
[7m   [0m [91m        ~~~~~~~~~[0m

[96msrc/lib/security/breach-notification.ts[0m:[93m397[0m:[93m15[0m - [91merror[0m[90m TS4111: [0mProperty 'set' comes from an index signature, so it must be accessed with ['set'].

[7m397[0m   await redis.set(
[7m   [0m [91m              ~~~[0m

[96msrc/lib/security/breach-notification.ts[0m:[93m431[0m:[93m11[0m - [91merror[0m[90m TS2722: [0mCannot invoke an object which is possibly 'undefined'.

[7m431[0m     await redis.hset(monthKey, ...metricEntries)
[7m   [0m [91m          ~~~~~~~~~~[0m

[96msrc/lib/security/breach-notification.ts[0m:[93m431[0m:[93m17[0m - [91merror[0m[90m TS4111: [0mProperty 'hset' comes from an index signature, so it must be accessed with ['hset'].

[7m431[0m     await redis.hset(monthKey, ...metricEntries)
[7m   [0m [91m                ~~~~[0m

[96msrc/lib/security/breach-notification.ts[0m:[93m434[0m:[93m11[0m - [91merror[0m[90m TS2722: [0mCannot invoke an object which is possibly 'undefined'.

[7m434[0m     await redis.expire(monthKey, DOCUMENTATION_RETENTION)
[7m   [0m [91m          ~~~~~~~~~~~~[0m

[96msrc/lib/security/breach-notification.ts[0m:[93m434[0m:[93m17[0m - [91merror[0m[90m TS4111: [0mProperty 'expire' comes from an index signature, so it must be accessed with ['expire'].

[7m434[0m     await redis.expire(monthKey, DOCUMENTATION_RETENTION)
[7m   [0m [91m                ~~~~~~[0m

[96msrc/lib/security/breach-notification.ts[0m:[93m489[0m:[93m11[0m - [91merror[0m[90m TS2722: [0mCannot invoke an object which is possibly 'undefined'.

[7m489[0m     await redis.set(
[7m   [0m [91m          ~~~~~~~~~[0m

[96msrc/lib/security/breach-notification.ts[0m:[93m489[0m:[93m17[0m - [91merror[0m[90m TS4111: [0mProperty 'set' comes from an index signature, so it must be accessed with ['set'].

[7m489[0m     await redis.set(
[7m   [0m [91m                ~~~[0m

[96msrc/lib/security/dlp-integration.ts[0m:[93m73[0m:[93m30[0m - [91merror[0m[90m TS4111: [0mProperty 'user' comes from an index signature, so it must be accessed with ['user'].

[7m73[0m       const userId = context.user?.id ?? 'unknown'
[7m  [0m [91m                             ~~~~[0m

[96msrc/lib/security/phiDetection.ts[0m:[93m391[0m:[93m11[0m - [91merror[0m[90m TS2740: [0mType '{ EMAIL_ADDRESS: RegExp; PHONE_NUMBER: RegExp; US_SSN: RegExp; PERSON: RegExp; }' is missing the following properties from type 'Record<PHIEntityType, RegExp>': ADDRESS, LOCATION, MEDICAL_RECORD_NUMBER, DATE_TIME, and 11 more.

[7m391[0m     const patterns: Record<PHIEntityType, RegExp> = {
[7m   [0m [91m          ~~~~~~~~[0m

[96msrc/lib/security/pii/index.ts[0m:[93m12[0m:[93m36[0m - [91merror[0m[90m TS6133: [0m'RealFHEService' is declared but its value is never read.

[7m12[0m import { fheService, FHEOperation, RealFHEService } from '../../fhe'
[7m  [0m [91m                                   ~~~~~~~~~~~~~~[0m

[96msrc/lib/security/pii/index.ts[0m:[93m584[0m:[93m41[0m - [91merror[0m[90m TS4111: [0mProperty 'operation' comes from an index signature, so it must be accessed with ['operation'].

[7m584[0m           operationId: result.metadata?.operation?.toString() ?? 'unknown',
[7m   [0m [91m                                        ~~~~~~~~~[0m

[96msrc/lib/security/pii/index.ts[0m:[93m586[0m:[93m30[0m - [91merror[0m[90m TS4111: [0mProperty 'timestamp' comes from an index signature, so it must be accessed with ['timestamp'].

[7m586[0m             result.metadata?.timestamp &&
[7m   [0m [91m                             ~~~~~~~~~[0m

[96msrc/lib/security/pii/index.ts[0m:[93m587[0m:[93m36[0m - [91merror[0m[90m TS4111: [0mProperty 'timestamp' comes from an index signature, so it must be accessed with ['timestamp'].

[7m587[0m             typeof result.metadata.timestamp === 'number'
[7m   [0m [91m                                   ~~~~~~~~~[0m

[96msrc/lib/security/pii/index.ts[0m:[93m588[0m:[93m47[0m - [91merror[0m[90m TS4111: [0mProperty 'timestamp' comes from an index signature, so it must be accessed with ['timestamp'].

[7m588[0m               ? (Date.now() - result.metadata.timestamp).toString()
[7m   [0m [91m                                              ~~~~~~~~~[0m

[96msrc/lib/security/random.ts[0m:[93m55[0m:[93m15[0m - [91merror[0m[90m TS2532: [0mObject is possibly 'undefined'.

[7m55[0m   bytes[6] = (bytes[6] & 0x0f) | 0x40 // Version 4
[7m  [0m [91m              ~~~~~~~~[0m

[96msrc/lib/security/random.ts[0m:[93m56[0m:[93m15[0m - [91merror[0m[90m TS2532: [0mObject is possibly 'undefined'.

[7m56[0m   bytes[8] = (bytes[8] & 0x3f) | 0x80 // Variant 10
[7m  [0m [91m              ~~~~~~~~[0m

[96msrc/lib/security/random.ts[0m:[93m103[0m:[93m7[0m - [91merror[0m[90m TS2322: [0mType 'T | undefined' is not assignable to type 'T'.
  'T' could be instantiated with an arbitrary type which could be unrelated to 'T | undefined'.

[7m103[0m     ;[shuffled[i], shuffled[j]] = [shuffled[j], shuffled[i]]
[7m   [0m [91m      ~~~~~~~~~~~[0m

[96msrc/lib/security/random.ts[0m:[93m103[0m:[93m20[0m - [91merror[0m[90m TS2322: [0mType 'T | undefined' is not assignable to type 'T'.
  'T' could be instantiated with an arbitrary type which could be unrelated to 'T | undefined'.

[7m103[0m     ;[shuffled[i], shuffled[j]] = [shuffled[j], shuffled[i]]
[7m   [0m [91m                   ~~~~~~~~~~~[0m

[96msrc/lib/security/secrets-manager.ts[0m:[93m15[0m:[93m26[0m - [91merror[0m[90m TS2559: [0mType '"secrets-manager"' has no properties in common with type 'LoggerOptions'.

[7m15[0m const logger = getLogger('secrets-manager')
[7m  [0m [91m                         ~~~~~~~~~~~~~~~~~[0m

[96msrc/lib/security/secrets-manager.ts[0m:[93m27[0m:[93m19[0m - [91merror[0m[90m TS4111: [0mProperty 'SECRETS_DIR' comes from an index signature, so it must be accessed with ['SECRETS_DIR'].

[7m27[0m       process.env.SECRETS_DIR ?? './config/secrets',
[7m  [0m [91m                  ~~~~~~~~~~~[0m

[96msrc/lib/security/secrets-manager.ts[0m:[93m129[0m:[93m32[0m - [91merror[0m[90m TS4111: [0mProperty 'DB_PASSWORD' comes from an index signature, so it must be accessed with ['DB_PASSWORD'].

[7m129[0m       DB_PASSWORD: process.env.DB_PASSWORD,
[7m   [0m [91m                               ~~~~~~~~~~~[0m

[96msrc/lib/security/secrets-manager.ts[0m:[93m130[0m:[93m31[0m - [91merror[0m[90m TS4111: [0mProperty 'JWT_SECRET' comes from an index signature, so it must be accessed with ['JWT_SECRET'].

[7m130[0m       JWT_SECRET: process.env.JWT_SECRET,
[7m   [0m [91m                              ~~~~~~~~~~[0m

[96msrc/lib/security/secrets-manager.ts[0m:[93m131[0m:[93m35[0m - [91merror[0m[90m TS4111: [0mProperty 'REDIS_PASSWORD' comes from an index signature, so it must be accessed with ['REDIS_PASSWORD'].

[7m131[0m       REDIS_PASSWORD: process.env.REDIS_PASSWORD,
[7m   [0m [91m                                  ~~~~~~~~~~~~~~[0m

[96msrc/lib/security/secrets-manager.ts[0m:[93m132[0m:[93m35[0m - [91merror[0m[90m TS4111: [0mProperty 'ENCRYPTION_KEY' comes from an index signature, so it must be accessed with ['ENCRYPTION_KEY'].

[7m132[0m       ENCRYPTION_KEY: process.env.ENCRYPTION_KEY,
[7m   [0m [91m                                  ~~~~~~~~~~~~~~[0m

[96msrc/lib/security/secrets-manager.ts[0m:[93m133[0m:[93m35[0m - [91merror[0m[90m TS4111: [0mProperty 'RESEND_API_KEY' comes from an index signature, so it must be accessed with ['RESEND_API_KEY'].

[7m133[0m       RESEND_API_KEY: process.env.RESEND_API_KEY,
[7m   [0m [91m                                  ~~~~~~~~~~~~~~[0m

[96msrc/lib/security/secrets-manager.ts[0m:[93m134[0m:[93m38[0m - [91merror[0m[90m TS4111: [0mProperty 'AWS_ACCESS_KEY_ID' comes from an index signature, so it must be accessed with ['AWS_ACCESS_KEY_ID'].

[7m134[0m       AWS_ACCESS_KEY_ID: process.env.AWS_ACCESS_KEY_ID,
[7m   [0m [91m                                     ~~~~~~~~~~~~~~~~~[0m

[96msrc/lib/security/secrets-manager.ts[0m:[93m135[0m:[93m42[0m - [91merror[0m[90m TS4111: [0mProperty 'AWS_SECRET_ACCESS_KEY' comes from an index signature, so it must be accessed with ['AWS_SECRET_ACCESS_KEY'].

[7m135[0m       AWS_SECRET_ACCESS_KEY: process.env.AWS_SECRET_ACCESS_KEY,
[7m   [0m [91m                                         ~~~~~~~~~~~~~~~~~~~~~[0m

[96msrc/lib/security/secrets-manager.ts[0m:[93m136[0m:[93m35[0m - [91merror[0m[90m TS4111: [0mProperty 'OPENAI_API_KEY' comes from an index signature, so it must be accessed with ['OPENAI_API_KEY'].

[7m136[0m       OPENAI_API_KEY: process.env.OPENAI_API_KEY,
[7m   [0m [91m                                  ~~~~~~~~~~~~~~[0m

[96msrc/lib/security/secrets-manager.ts[0m:[93m137[0m:[93m38[0m - [91merror[0m[90m TS4111: [0mProperty 'SENTRY_AUTH_TOKEN' comes from an index signature, so it must be accessed with ['SENTRY_AUTH_TOKEN'].

[7m137[0m       SENTRY_AUTH_TOKEN: process.env.SENTRY_AUTH_TOKEN,
[7m   [0m [91m                                     ~~~~~~~~~~~~~~~~~[0m

[96msrc/lib/security/secrets-manager.ts[0m:[93m138[0m:[93m38[0m - [91merror[0m[90m TS4111: [0mProperty 'SLACK_WEBHOOK_URL' comes from an index signature, so it must be accessed with ['SLACK_WEBHOOK_URL'].

[7m138[0m       SLACK_WEBHOOK_URL: process.env.SLACK_WEBHOOK_URL,
[7m   [0m [91m                                     ~~~~~~~~~~~~~~~~~[0m

[96msrc/lib/security/secrets-manager.ts[0m:[93m293[0m:[93m25[0m - [91merror[0m[90m TS4111: [0mProperty 'DB_HOST' comes from an index signature, so it must be accessed with ['DB_HOST'].

[7m293[0m       host: process.env.DB_HOST ?? 'localhost',
[7m   [0m [91m                        ~~~~~~~[0m

[96msrc/lib/security/secrets-manager.ts[0m:[93m294[0m:[93m34[0m - [91merror[0m[90m TS4111: [0mProperty 'DB_PORT' comes from an index signature, so it must be accessed with ['DB_PORT'].

[7m294[0m       port: parseInt(process.env.DB_PORT ?? '5432'),
[7m   [0m [91m                                 ~~~~~~~[0m

[96msrc/lib/security/secrets-manager.ts[0m:[93m295[0m:[93m29[0m - [91merror[0m[90m TS4111: [0mProperty 'DB_NAME' comes from an index signature, so it must be accessed with ['DB_NAME'].

[7m295[0m       database: process.env.DB_NAME ?? 'pixelated',
[7m   [0m [91m                            ~~~~~~~[0m

[96msrc/lib/security/secrets-manager.ts[0m:[93m296[0m:[93m25[0m - [91merror[0m[90m TS4111: [0mProperty 'DB_USER' comes from an index signature, so it must be accessed with ['DB_USER'].

[7m296[0m       user: process.env.DB_USER ?? 'postgres',
[7m   [0m [91m                        ~~~~~~~[0m

[96msrc/lib/security/secrets-manager.ts[0m:[93m299[0m:[93m21[0m - [91merror[0m[90m TS4111: [0mProperty 'NODE_ENV' comes from an index signature, so it must be accessed with ['NODE_ENV'].

[7m299[0m         process.env.NODE_ENV === 'production'
[7m   [0m [91m                    ~~~~~~~~[0m

[96msrc/lib/security/secrets-manager.ts[0m:[93m302[0m:[93m31[0m - [91merror[0m[90m TS4111: [0mProperty 'DB_SSL_CA' comes from an index signature, so it must be accessed with ['DB_SSL_CA'].

[7m302[0m               ca: process.env.DB_SSL_CA,
[7m   [0m [91m                              ~~~~~~~~~[0m

[96msrc/lib/security/secrets-manager.ts[0m:[93m303[0m:[93m33[0m - [91merror[0m[90m TS4111: [0mProperty 'DB_SSL_CERT' comes from an index signature, so it must be accessed with ['DB_SSL_CERT'].

[7m303[0m               cert: process.env.DB_SSL_CERT,
[7m   [0m [91m                                ~~~~~~~~~~~[0m

[96msrc/lib/security/secrets-manager.ts[0m:[93m304[0m:[93m32[0m - [91merror[0m[90m TS4111: [0mProperty 'DB_SSL_KEY' comes from an index signature, so it must be accessed with ['DB_SSL_KEY'].

[7m304[0m               key: process.env.DB_SSL_KEY,
[7m   [0m [91m                               ~~~~~~~~~~[0m

[96msrc/lib/security/secrets-manager.ts[0m:[93m316[0m:[93m30[0m - [91merror[0m[90m TS4111: [0mProperty 'JWT_EXPIRES_IN' comes from an index signature, so it must be accessed with ['JWT_EXPIRES_IN'].

[7m316[0m       expiresIn: process.env.JWT_EXPIRES_IN ?? '7d',
[7m   [0m [91m                             ~~~~~~~~~~~~~~[0m

[96msrc/lib/security/secrets-manager.ts[0m:[93m317[0m:[93m27[0m - [91merror[0m[90m TS4111: [0mProperty 'JWT_ISSUER' comes from an index signature, so it must be accessed with ['JWT_ISSUER'].

[7m317[0m       issuer: process.env.JWT_ISSUER ?? 'pixelated-empathy',
[7m   [0m [91m                          ~~~~~~~~~~[0m

[96msrc/lib/security/secrets-manager.ts[0m:[93m318[0m:[93m29[0m - [91merror[0m[90m TS4111: [0mProperty 'JWT_AUDIENCE' comes from an index signature, so it must be accessed with ['JWT_AUDIENCE'].

[7m318[0m       audience: process.env.JWT_AUDIENCE ?? 'pixelated-users',
[7m   [0m [91m                            ~~~~~~~~~~~~[0m

[96msrc/lib/security/secrets-manager.ts[0m:[93m327[0m:[93m24[0m - [91merror[0m[90m TS4111: [0mProperty 'REDIS_URL' comes from an index signature, so it must be accessed with ['REDIS_URL'].

[7m327[0m       url: process.env.REDIS_URL,
[7m   [0m [91m                       ~~~~~~~~~[0m

[96msrc/lib/security/secrets-manager.ts[0m:[93m329[0m:[93m25[0m - [91merror[0m[90m TS4111: [0mProperty 'REDIS_HOST' comes from an index signature, so it must be accessed with ['REDIS_HOST'].

[7m329[0m       host: process.env.REDIS_HOST ?? 'localhost',
[7m   [0m [91m                        ~~~~~~~~~~[0m

[96msrc/lib/security/secrets-manager.ts[0m:[93m330[0m:[93m34[0m - [91merror[0m[90m TS4111: [0mProperty 'REDIS_PORT' comes from an index signature, so it must be accessed with ['REDIS_PORT'].

[7m330[0m       port: parseInt(process.env.REDIS_PORT ?? '6379'),
[7m   [0m [91m                                 ~~~~~~~~~~[0m

[96msrc/lib/security/secrets-manager.ts[0m:[93m331[0m:[93m32[0m - [91merror[0m[90m TS4111: [0mProperty 'REDIS_DB' comes from an index signature, so it must be accessed with ['REDIS_DB'].

[7m331[0m       db: parseInt(process.env.REDIS_DB ?? '0'),
[7m   [0m [91m                               ~~~~~~~~[0m

[96msrc/lib/security/secrets.ts[0m:[93m37[0m:[93m38[0m - [91merror[0m[90m TS4111: [0mProperty 'NODE_ENV' comes from an index signature, so it must be accessed with ['NODE_ENV'].

[7m37[0m     const isProduction = process.env.NODE_ENV === 'production'
[7m  [0m [91m                                     ~~~~~~~~[0m

[96msrc/lib/security/secrets.ts[0m:[93m49[0m:[93m72[0m - [91merror[0m[90m TS4111: [0mProperty 'NODE_ENV' comes from an index signature, so it must be accessed with ['NODE_ENV'].

[7m49[0m         `Warning: Mandatory secret ${name} is missing in ${process.env.NODE_ENV} environment.`,
[7m  [0m [91m                                                                       ~~~~~~~~[0m

[96msrc/lib/security/secrets.ts[0m:[93m67[0m:[93m38[0m - [91merror[0m[90m TS4111: [0mProperty 'NODE_ENV' comes from an index signature, so it must be accessed with ['NODE_ENV'].

[7m67[0m     const isProduction = process.env.NODE_ENV === 'production'
[7m  [0m [91m                                     ~~~~~~~~[0m

[96msrc/lib/security/threat-intelligence/AutomatedThreatResponseOrchestrator.ts[0m:[93m9[0m:[93m10[0m - [91merror[0m[90m TS2614: [0mModule '"ioredis"' has no exported member 'Redis'. Did you mean to use 'import Redis from "ioredis"' instead?

[7m9[0m import { Redis } from 'ioredis'
[7m [0m [91m         ~~~~~[0m

[96msrc/lib/security/threat-intelligence/AutomatedThreatResponseOrchestrator.ts[0m:[93m14[0m:[93m26[0m - [91merror[0m[90m TS2307: [0mCannot find module '../audit-logging' or its corresponding type declarations.

[7m14[0m import { auditLog } from '../audit-logging'
[7m  [0m [91m                         ~~~~~~~~~~~~~~~~~~[0m

[96msrc/lib/security/threat-intelligence/AutomatedThreatResponseOrchestrator.ts[0m:[93m148[0m:[93m32[0m - [91merror[0m[90m TS2300: [0mDuplicate identifier 'config'.

[7m148[0m   constructor(private readonly config: ResponseOrchestratorConfig) {
[7m   [0m [91m                               ~~~~~~[0m

[96msrc/lib/security/threat-intelligence/AutomatedThreatResponseOrchestrator.ts[0m:[93m237[0m:[93m60[0m - [91merror[0m[90m TS7006: [0mParameter 'message' implicitly has an 'any' type.

[7m237[0m       await subscriber.subscribe('threat:detected', async (message) => {
[7m   [0m [91m                                                           ~~~~~~~[0m

[96msrc/lib/security/threat-intelligence/AutomatedThreatResponseOrchestrator.ts[0m:[93m249[0m:[93m61[0m - [91merror[0m[90m TS7006: [0mParameter 'message' implicitly has an 'any' type.

[7m249[0m       await subscriber.subscribe('response:execute', async (message) => {
[7m   [0m [91m                                                            ~~~~~~~[0m

[96msrc/lib/security/threat-intelligence/AutomatedThreatResponseOrchestrator.ts[0m:[93m660[0m:[93m39[0m - [91merror[0m[90m TS4111: [0mProperty 'indicator' comes from an index signature, so it must be accessed with ['indicator'].

[7m660[0m             target: action.parameters.indicator ?? 'unknown',
[7m   [0m [91m                                      ~~~~~~~~~[0m

[96msrc/lib/security/threat-intelligence/AutomatedThreatResponseOrchestrator.ts[0m:[93m662[0m:[93m63[0m - [91merror[0m[90m TS4111: [0mProperty 'indicator' comes from an index signature, so it must be accessed with ['indicator'].

[7m662[0m             message: `Blocking indicator: ${action.parameters.indicator}`,
[7m   [0m [91m                                                              ~~~~~~~~~[0m

[96msrc/lib/security/threat-intelligence/AutomatedThreatResponseOrchestrator.ts[0m:[93m669[0m:[93m83[0m - [91merror[0m[90m TS4111: [0mProperty 'indicator' comes from an index signature, so it must be accessed with ['indicator'].

[7m669[0m           logEntry.message = `Successfully blocked indicator: ${action.parameters.indicator}`
[7m   [0m [91m                                                                                  ~~~~~~~~~[0m

[96msrc/lib/security/threat-intelligence/AutomatedThreatResponseOrchestrator.ts[0m:[93m672[0m:[93m60[0m - [91merror[0m[90m TS4111: [0mProperty 'indicator' comes from an index signature, so it must be accessed with ['indicator'].

[7m672[0m           result.blocked_indicators.push(action.parameters.indicator)
[7m   [0m [91m                                                           ~~~~~~~~~[0m

[96msrc/lib/security/threat-intelligence/AutomatedThreatResponseOrchestrator.ts[0m:[93m674[0m:[93m43[0m - [91merror[0m[90m TS4111: [0mProperty 'system_id' comes from an index signature, so it must be accessed with ['system_id'].

[7m674[0m             `firewall:${action.parameters.system_id}`,
[7m   [0m [91m                                          ~~~~~~~~~[0m

[96msrc/lib/security/threat-intelligence/AutomatedThreatResponseOrchestrator.ts[0m:[93m680[0m:[93m39[0m - [91merror[0m[90m TS4111: [0mProperty 'indicator' comes from an index signature, so it must be accessed with ['indicator'].

[7m680[0m             target: action.parameters.indicator ?? 'unknown',
[7m   [0m [91m                                      ~~~~~~~~~[0m

[96msrc/lib/security/threat-intelligence/AutomatedThreatResponseOrchestrator.ts[0m:[93m733[0m:[93m39[0m - [91merror[0m[90m TS4111: [0mProperty 'system_id' comes from an index signature, so it must be accessed with ['system_id'].

[7m733[0m             target: action.parameters.system_id ?? 'unknown',
[7m   [0m [91m                                      ~~~~~~~~~[0m

[96msrc/lib/security/threat-intelligence/AutomatedThreatResponseOrchestrator.ts[0m:[93m735[0m:[93m61[0m - [91merror[0m[90m TS4111: [0mProperty 'system_id' comes from an index signature, so it must be accessed with ['system_id'].

[7m735[0m             message: `Isolating system: ${action.parameters.system_id}`,
[7m   [0m [91m                                                            ~~~~~~~~~[0m

[96msrc/lib/security/threat-intelligence/AutomatedThreatResponseOrchestrator.ts[0m:[93m742[0m:[93m81[0m - [91merror[0m[90m TS4111: [0mProperty 'system_id' comes from an index signature, so it must be accessed with ['system_id'].

[7m742[0m           logEntry.message = `Successfully isolated system: ${action.parameters.system_id}`
[7m   [0m [91m                                                                                ~~~~~~~~~[0m

[96msrc/lib/security/threat-intelligence/AutomatedThreatResponseOrchestrator.ts[0m:[93m746[0m:[93m43[0m - [91merror[0m[90m TS4111: [0mProperty 'system_id' comes from an index signature, so it must be accessed with ['system_id'].

[7m746[0m             `endpoint:${action.parameters.system_id}`,
[7m   [0m [91m                                          ~~~~~~~~~[0m

[96msrc/lib/security/threat-intelligence/AutomatedThreatResponseOrchestrator.ts[0m:[93m752[0m:[93m39[0m - [91merror[0m[90m TS4111: [0mProperty 'system_id' comes from an index signature, so it must be accessed with ['system_id'].

[7m752[0m             target: action.parameters.system_id ?? 'unknown',
[7m   [0m [91m                                      ~~~~~~~~~[0m

[96msrc/lib/security/threat-intelligence/AutomatedThreatResponseOrchestrator.ts[0m:[93m805[0m:[93m39[0m - [91merror[0m[90m TS4111: [0mProperty 'recipient' comes from an index signature, so it must be accessed with ['recipient'].

[7m805[0m             target: action.parameters.recipient ?? 'unknown',
[7m   [0m [91m                                      ~~~~~~~~~[0m

[96msrc/lib/security/threat-intelligence/AutomatedThreatResponseOrchestrator.ts[0m:[93m807[0m:[93m68[0m - [91merror[0m[90m TS4111: [0mProperty 'recipient' comes from an index signature, so it must be accessed with ['recipient'].

[7m807[0m             message: `Sending notification to: ${action.parameters.recipient}`,
[7m   [0m [91m                                                                   ~~~~~~~~~[0m

[96msrc/lib/security/threat-intelligence/AutomatedThreatResponseOrchestrator.ts[0m:[93m814[0m:[93m86[0m - [91merror[0m[90m TS4111: [0mProperty 'recipient' comes from an index signature, so it must be accessed with ['recipient'].

[7m814[0m           logEntry.message = `Successfully sent notification to: ${action.parameters.recipient}`
[7m   [0m [91m                                                                                     ~~~~~~~~~[0m

[96msrc/lib/security/threat-intelligence/AutomatedThreatResponseOrchestrator.ts[0m:[93m817[0m:[93m60[0m - [91merror[0m[90m TS4111: [0mProperty 'recipient' comes from an index signature, so it must be accessed with ['recipient'].

[7m817[0m           result.notifications_sent.push(action.parameters.recipient)
[7m   [0m [91m                                                           ~~~~~~~~~[0m

[96msrc/lib/security/threat-intelligence/AutomatedThreatResponseOrchestrator.ts[0m:[93m822[0m:[93m39[0m - [91merror[0m[90m TS4111: [0mProperty 'recipient' comes from an index signature, so it must be accessed with ['recipient'].

[7m822[0m             target: action.parameters.recipient ?? 'unknown',
[7m   [0m [91m                                      ~~~~~~~~~[0m

[96msrc/lib/security/threat-intelligence/AutomatedThreatResponseOrchestrator.ts[0m:[93m892[0m:[93m39[0m - [91merror[0m[90m TS4111: [0mProperty 'escalation_target' comes from an index signature, so it must be accessed with ['escalation_target'].

[7m892[0m             target: action.parameters.escalation_target ?? 'unknown',
[7m   [0m [91m                                      ~~~~~~~~~~~~~~~~~[0m

[96msrc/lib/security/threat-intelligence/AutomatedThreatResponseOrchestrator.ts[0m:[93m894[0m:[93m58[0m - [91merror[0m[90m TS4111: [0mProperty 'escalation_target' comes from an index signature, so it must be accessed with ['escalation_target'].

[7m894[0m             message: `Escalating to: ${action.parameters.escalation_target}`,
[7m   [0m [91m                                                         ~~~~~~~~~~~~~~~~~[0m

[96msrc/lib/security/threat-intelligence/AutomatedThreatResponseOrchestrator.ts[0m:[93m901[0m:[93m78[0m - [91merror[0m[90m TS4111: [0mProperty 'escalation_target' comes from an index signature, so it must be accessed with ['escalation_target'].

[7m901[0m           logEntry.message = `Successfully escalated to: ${action.parameters.escalation_target}`
[7m   [0m [91m                                                                             ~~~~~~~~~~~~~~~~~[0m

[96msrc/lib/security/threat-intelligence/AutomatedThreatResponseOrchestrator.ts[0m:[93m904[0m:[93m63[0m - [91merror[0m[90m TS4111: [0mProperty 'escalation_target' comes from an index signature, so it must be accessed with ['escalation_target'].

[7m904[0m           result.escalations_triggered.push(action.parameters.escalation_target)
[7m   [0m [91m                                                              ~~~~~~~~~~~~~~~~~[0m

[96msrc/lib/security/threat-intelligence/AutomatedThreatResponseOrchestrator.ts[0m:[93m909[0m:[93m39[0m - [91merror[0m[90m TS4111: [0mProperty 'escalation_target' comes from an index signature, so it must be accessed with ['escalation_target'].

[7m909[0m             target: action.parameters.escalation_target ?? 'unknown',
[7m   [0m [91m                                      ~~~~~~~~~~~~~~~~~[0m

[96msrc/lib/security/threat-intelligence/AutomatedThreatResponseOrchestrator.ts[0m:[93m962[0m:[93m39[0m - [91merror[0m[90m TS4111: [0mProperty 'vulnerability' comes from an index signature, so it must be accessed with ['vulnerability'].

[7m962[0m             target: action.parameters.vulnerability ?? 'unknown',
[7m   [0m [91m                                      ~~~~~~~~~~~~~[0m

[96msrc/lib/security/threat-intelligence/AutomatedThreatResponseOrchestrator.ts[0m:[93m964[0m:[93m70[0m - [91merror[0m[90m TS4111: [0mProperty 'vulnerability' comes from an index signature, so it must be accessed with ['vulnerability'].

[7m964[0m             message: `Remediating vulnerability: ${action.parameters.vulnerability}`,
[7m   [0m [91m                                                                     ~~~~~~~~~~~~~[0m

[96msrc/lib/security/threat-intelligence/AutomatedThreatResponseOrchestrator.ts[0m:[93m971[0m:[93m90[0m - [91merror[0m[90m TS4111: [0mProperty 'vulnerability' comes from an index signature, so it must be accessed with ['vulnerability'].

[7m971[0m           logEntry.message = `Successfully remediated vulnerability: ${action.parameters.vulnerability}`
[7m   [0m [91m                                                                                         ~~~~~~~~~~~~~[0m

[96msrc/lib/security/threat-intelligence/AutomatedThreatResponseOrchestrator.ts[0m:[93m975[0m:[93m48[0m - [91merror[0m[90m TS4111: [0mProperty 'vulnerability' comes from an index signature, so it must be accessed with ['vulnerability'].

[7m975[0m             `vulnerability:${action.parameters.vulnerability}`,
[7m   [0m [91m                                               ~~~~~~~~~~~~~[0m

[96msrc/lib/security/threat-intelligence/AutomatedThreatResponseOrchestrator.ts[0m:[93m981[0m:[93m39[0m - [91merror[0m[90m TS4111: [0mProperty 'vulnerability' comes from an index signature, so it must be accessed with ['vulnerability'].

[7m981[0m             target: action.parameters.vulnerability ?? 'unknown',
[7m   [0m [91m                                      ~~~~~~~~~~~~~[0m

[96msrc/lib/security/threat-intelligence/AutomatedThreatResponseOrchestrator.ts[0m:[93m1034[0m:[93m39[0m - [91merror[0m[90m TS4111: [0mProperty 'data_source' comes from an index signature, so it must be accessed with ['data_source'].

[7m1034[0m             target: action.parameters.data_source ?? 'unknown',
[7m    [0m [91m                                      ~~~~~~~~~~~[0m

[96msrc/lib/security/threat-intelligence/AutomatedThreatResponseOrchestrator.ts[0m:[93m1036[0m:[93m65[0m - [91merror[0m[90m TS4111: [0mProperty 'data_source' comes from an index signature, so it must be accessed with ['data_source'].

[7m1036[0m             message: `Collecting data from: ${action.parameters.data_source}`,
[7m    [0m [91m                                                                ~~~~~~~~~~~[0m

[96msrc/lib/security/threat-intelligence/AutomatedThreatResponseOrchestrator.ts[0m:[93m1043[0m:[93m85[0m - [91merror[0m[90m TS4111: [0mProperty 'data_source' comes from an index signature, so it must be accessed with ['data_source'].

[7m1043[0m           logEntry.message = `Successfully collected data from: ${action.parameters.data_source}`
[7m    [0m [91m                                                                                    ~~~~~~~~~~~[0m

[96msrc/lib/security/threat-intelligence/AutomatedThreatResponseOrchestrator.ts[0m:[93m1047[0m:[93m46[0m - [91merror[0m[90m TS4111: [0mProperty 'data_source' comes from an index signature, so it must be accessed with ['data_source'].

[7m1047[0m             `data_source:${action.parameters.data_source}`,
[7m    [0m [91m                                             ~~~~~~~~~~~[0m

[96msrc/lib/security/threat-intelligence/AutomatedThreatResponseOrchestrator.ts[0m:[93m1053[0m:[93m39[0m - [91merror[0m[90m TS4111: [0mProperty 'data_source' comes from an index signature, so it must be accessed with ['data_source'].

[7m1053[0m             target: action.parameters.data_source ?? 'unknown',
[7m    [0m [91m                                      ~~~~~~~~~~~[0m

[96msrc/lib/security/threat-intelligence/AutomatedThreatResponseOrchestrator.ts[0m:[93m1273[0m:[93m41[0m - [91merror[0m[90m TS4111: [0mProperty 'indicator' comes from an index signature, so it must be accessed with ['indicator'].

[7m1273[0m               target: action.parameters.indicator ?? 'unknown',
[7m    [0m [91m                                        ~~~~~~~~~[0m

[96msrc/lib/security/threat-intelligence/AutomatedThreatResponseOrchestrator.ts[0m:[93m1288[0m:[93m41[0m - [91merror[0m[90m TS4111: [0mProperty 'indicator' comes from an index signature, so it must be accessed with ['indicator'].

[7m1288[0m               target: action.parameters.indicator ?? 'unknown',
[7m    [0m [91m                                        ~~~~~~~~~[0m

[96msrc/lib/security/threat-intelligence/AutomatedThreatResponseOrchestrator.ts[0m:[93m1439[0m:[93m35[0m - [91merror[0m[90m TS4111: [0mProperty 'count' comes from an index signature, so it must be accessed with ['count'].

[7m1439[0m           acc[item['_id']] = item.count
[7m    [0m [91m                                  ~~~~~[0m

[96msrc/lib/security/threat-intelligence/AutomatedThreatResponseOrchestrator.ts[0m:[93m1446[0m:[93m33[0m - [91merror[0m[90m TS4111: [0mProperty 'count' comes from an index signature, so it must be accessed with ['count'].

[7m1446[0m         acc[item['_id']] = item.count
[7m    [0m [91m                                ~~~~~[0m

[96msrc/lib/security/threat-intelligence/AutomatedThreatResponseOrchestrator.ts[0m:[93m1520[0m:[93m7[0m - [91merror[0m[90m TS2300: [0mDuplicate identifier 'config'.

[7m1520[0m   get config(): ResponseOrchestratorConfig {
[7m    [0m [91m      ~~~~~~[0m

[96msrc/lib/security/threat-intelligence/EdgeThreatDetectionSystem.ts[0m:[93m10[0m:[93m10[0m - [91merror[0m[90m TS2614: [0mModule '"ioredis"' has no exported member 'Redis'. Did you mean to use 'import Redis from "ioredis"' instead?

[7m10[0m import { Redis } from 'ioredis'
[7m  [0m [91m         ~~~~~[0m

[96msrc/lib/security/threat-intelligence/EdgeThreatDetectionSystem.ts[0m:[93m15[0m:[93m26[0m - [91merror[0m[90m TS2307: [0mCannot find module '../audit-logging' or its corresponding type declarations.

[7m15[0m import { auditLog } from '../audit-logging'
[7m  [0m [91m                         ~~~~~~~~~~~~~~~~~~[0m

[96msrc/lib/security/threat-intelligence/EdgeThreatDetectionSystem.ts[0m:[93m125[0m:[93m22[0m - [91merror[0m[90m TS2300: [0mDuplicate identifier 'config'.

[7m125[0m     private readonly config: EdgeDetectionConfig,
[7m   [0m [91m                     ~~~~~~[0m

[96msrc/lib/security/threat-intelligence/EdgeThreatDetectionSystem.ts[0m:[93m247[0m:[93m13[0m - [91merror[0m[90m TS2322: [0mType 'number | undefined' is not assignable to type 'number'.
  Type 'undefined' is not assignable to type 'number'.

[7m247[0m             units: config.output_shape[0],
[7m   [0m [91m            ~~~~~[0m

  [96mnode_modules/.pnpm/@tensorflow+tfjs-layers@4.22.0_@tensorflow+tfjs-core@4.22.0/node_modules/@tensorflow/tfjs-layers/dist/layers/core.d.ts[0m:[93m53[0m:[93m5[0m
    [7m53[0m     units: number;
    [7m  [0m [96m    ~~~~~[0m
    The expected type comes from property 'units' which is declared here on type 'DenseLayerArgs'

[96msrc/lib/security/threat-intelligence/EdgeThreatDetectionSystem.ts[0m:[93m282[0m:[93m16[0m - [91merror[0m[90m TS7006: [0mParameter 'message' implicitly has an 'any' type.

[7m282[0m         async (message) => {
[7m   [0m [91m               ~~~~~~~[0m

[96msrc/lib/security/threat-intelligence/EdgeThreatDetectionSystem.ts[0m:[93m296[0m:[93m58[0m - [91merror[0m[90m TS7006: [0mParameter 'message' implicitly has an 'any' type.

[7m296[0m       await subscriber.subscribe('model-updates', async (message) => {
[7m   [0m [91m                                                         ~~~~~~~[0m

[96msrc/lib/security/threat-intelligence/EdgeThreatDetectionSystem.ts[0m:[93m471[0m:[93m12[0m - [91merror[0m[90m TS4111: [0mProperty 'packet_count' comes from an index signature, so it must be accessed with ['packet_count'].

[7m471[0m       data.packet_count ?? 0,
[7m   [0m [91m           ~~~~~~~~~~~~[0m

[96msrc/lib/security/threat-intelligence/EdgeThreatDetectionSystem.ts[0m:[93m472[0m:[93m12[0m - [91merror[0m[90m TS4111: [0mProperty 'bytes_transferred' comes from an index signature, so it must be accessed with ['bytes_transferred'].

[7m472[0m       data.bytes_transferred ?? 0,
[7m   [0m [91m           ~~~~~~~~~~~~~~~~~[0m

[96msrc/lib/security/threat-intelligence/EdgeThreatDetectionSystem.ts[0m:[93m473[0m:[93m12[0m - [91merror[0m[90m TS4111: [0mProperty 'unique_destinations' comes from an index signature, so it must be accessed with ['unique_destinations'].

[7m473[0m       data.unique_destinations ?? 0,
[7m   [0m [91m           ~~~~~~~~~~~~~~~~~~~[0m

[96msrc/lib/security/threat-intelligence/EdgeThreatDetectionSystem.ts[0m:[93m474[0m:[93m12[0m - [91merror[0m[90m TS4111: [0mProperty 'connection_duration' comes from an index signature, so it must be accessed with ['connection_duration'].

[7m474[0m       data.connection_duration ?? 0,
[7m   [0m [91m           ~~~~~~~~~~~~~~~~~~~[0m

[96msrc/lib/security/threat-intelligence/EdgeThreatDetectionSystem.ts[0m:[93m475[0m:[93m12[0m - [91merror[0m[90m TS4111: [0mProperty 'protocol_type' comes from an index signature, so it must be accessed with ['protocol_type'].

[7m475[0m       data.protocol_type ?? 0,
[7m   [0m [91m           ~~~~~~~~~~~~~[0m

[96msrc/lib/security/threat-intelligence/EdgeThreatDetectionSystem.ts[0m:[93m476[0m:[93m12[0m - [91merror[0m[90m TS4111: [0mProperty 'port_number' comes from an index signature, so it must be accessed with ['port_number'].

[7m476[0m       data.port_number ?? 0,
[7m   [0m [91m           ~~~~~~~~~~~[0m

[96msrc/lib/security/threat-intelligence/EdgeThreatDetectionSystem.ts[0m:[93m477[0m:[93m12[0m - [91merror[0m[90m TS4111: [0mProperty 'flag_count' comes from an index signature, so it must be accessed with ['flag_count'].

[7m477[0m       data.flag_count ?? 0,
[7m   [0m [91m           ~~~~~~~~~~[0m

[96msrc/lib/security/threat-intelligence/EdgeThreatDetectionSystem.ts[0m:[93m478[0m:[93m12[0m - [91merror[0m[90m TS4111: [0mProperty 'error_rate' comes from an index signature, so it must be accessed with ['error_rate'].

[7m478[0m       data.error_rate ?? 0,
[7m   [0m [91m           ~~~~~~~~~~[0m

[96msrc/lib/security/threat-intelligence/EdgeThreatDetectionSystem.ts[0m:[93m481[0m:[93m5[0m - [91merror[0m[90m TS2322: [0mType '{}[]' is not assignable to type 'number[]'.
  Type '{}' is not assignable to type 'number'.

[7m481[0m     return features.slice(0, 10) // Ensure consistent length
[7m   [0m [91m    ~~~~~~[0m

[96msrc/lib/security/threat-intelligence/EdgeThreatDetectionSystem.ts[0m:[93m489[0m:[93m12[0m - [91merror[0m[90m TS4111: [0mProperty 'login_attempts' comes from an index signature, so it must be accessed with ['login_attempts'].

[7m489[0m       data.login_attempts ?? 0,
[7m   [0m [91m           ~~~~~~~~~~~~~~[0m

[96msrc/lib/security/threat-intelligence/EdgeThreatDetectionSystem.ts[0m:[93m490[0m:[93m12[0m - [91merror[0m[90m TS4111: [0mProperty 'failed_logins' comes from an index signature, so it must be accessed with ['failed_logins'].

[7m490[0m       data.failed_logins ?? 0,
[7m   [0m [91m           ~~~~~~~~~~~~~[0m

[96msrc/lib/security/threat-intelligence/EdgeThreatDetectionSystem.ts[0m:[93m491[0m:[93m12[0m - [91merror[0m[90m TS4111: [0mProperty 'access_frequency' comes from an index signature, so it must be accessed with ['access_frequency'].

[7m491[0m       data.access_frequency ?? 0,
[7m   [0m [91m           ~~~~~~~~~~~~~~~~[0m

[96msrc/lib/security/threat-intelligence/EdgeThreatDetectionSystem.ts[0m:[93m492[0m:[93m12[0m - [91merror[0m[90m TS4111: [0mProperty 'time_of_access' comes from an index signature, so it must be accessed with ['time_of_access'].

[7m492[0m       data.time_of_access ?? 0,
[7m   [0m [91m           ~~~~~~~~~~~~~~[0m

[96msrc/lib/security/threat-intelligence/EdgeThreatDetectionSystem.ts[0m:[93m493[0m:[93m12[0m - [91merror[0m[90m TS4111: [0mProperty 'resource_access_count' comes from an index signature, so it must be accessed with ['resource_access_count'].

[7m493[0m       data.resource_access_count ?? 0,
[7m   [0m [91m           ~~~~~~~~~~~~~~~~~~~~~[0m

[96msrc/lib/security/threat-intelligence/EdgeThreatDetectionSystem.ts[0m:[93m494[0m:[93m12[0m - [91merror[0m[90m TS4111: [0mProperty 'privilege_escalation_attempts' comes from an index signature, so it must be accessed with ['privilege_escalation_attempts'].

[7m494[0m       data.privilege_escalation_attempts ?? 0,
[7m   [0m [91m           ~~~~~~~~~~~~~~~~~~~~~~~~~~~~~[0m

[96msrc/lib/security/threat-intelligence/EdgeThreatDetectionSystem.ts[0m:[93m495[0m:[93m12[0m - [91merror[0m[90m TS4111: [0mProperty 'anomalous_actions' comes from an index signature, so it must be accessed with ['anomalous_actions'].

[7m495[0m       data.anomalous_actions ?? 0,
[7m   [0m [91m           ~~~~~~~~~~~~~~~~~[0m

[96msrc/lib/security/threat-intelligence/EdgeThreatDetectionSystem.ts[0m:[93m496[0m:[93m12[0m - [91merror[0m[90m TS4111: [0mProperty 'session_duration' comes from an index signature, so it must be accessed with ['session_duration'].

[7m496[0m       data.session_duration ?? 0,
[7m   [0m [91m           ~~~~~~~~~~~~~~~~[0m

[96msrc/lib/security/threat-intelligence/EdgeThreatDetectionSystem.ts[0m:[93m499[0m:[93m5[0m - [91merror[0m[90m TS2322: [0mType '{}[]' is not assignable to type 'number[]'.
  Type '{}' is not assignable to type 'number'.

[7m499[0m     return features.slice(0, 10)
[7m   [0m [91m    ~~~~~~[0m

[96msrc/lib/security/threat-intelligence/EdgeThreatDetectionSystem.ts[0m:[93m507[0m:[93m12[0m - [91merror[0m[90m TS4111: [0mProperty 'content_length' comes from an index signature, so it must be accessed with ['content_length'].

[7m507[0m       data.content_length ?? 0,
[7m   [0m [91m           ~~~~~~~~~~~~~~[0m

[96msrc/lib/security/threat-intelligence/EdgeThreatDetectionSystem.ts[0m:[93m508[0m:[93m12[0m - [91merror[0m[90m TS4111: [0mProperty 'keyword_density' comes from an index signature, so it must be accessed with ['keyword_density'].

[7m508[0m       data.keyword_density ?? 0,
[7m   [0m [91m           ~~~~~~~~~~~~~~~[0m

[96msrc/lib/security/threat-intelligence/EdgeThreatDetectionSystem.ts[0m:[93m509[0m:[93m12[0m - [91merror[0m[90m TS4111: [0mProperty 'suspicious_keywords' comes from an index signature, so it must be accessed with ['suspicious_keywords'].

[7m509[0m       data.suspicious_keywords ?? 0,
[7m   [0m [91m           ~~~~~~~~~~~~~~~~~~~[0m

[96msrc/lib/security/threat-intelligence/EdgeThreatDetectionSystem.ts[0m:[93m510[0m:[93m12[0m - [91merror[0m[90m TS4111: [0mProperty 'encoding_type' comes from an index signature, so it must be accessed with ['encoding_type'].

[7m510[0m       data.encoding_type ?? 0,
[7m   [0m [91m           ~~~~~~~~~~~~~[0m

[96msrc/lib/security/threat-intelligence/EdgeThreatDetectionSystem.ts[0m:[93m511[0m:[93m12[0m - [91merror[0m[90m TS4111: [0mProperty 'attachment_count' comes from an index signature, so it must be accessed with ['attachment_count'].

[7m511[0m       data.attachment_count ?? 0,
[7m   [0m [91m           ~~~~~~~~~~~~~~~~[0m

[96msrc/lib/security/threat-intelligence/EdgeThreatDetectionSystem.ts[0m:[93m512[0m:[93m12[0m - [91merror[0m[90m TS4111: [0mProperty 'link_count' comes from an index signature, so it must be accessed with ['link_count'].

[7m512[0m       data.link_count ?? 0,
[7m   [0m [91m           ~~~~~~~~~~[0m

[96msrc/lib/security/threat-intelligence/EdgeThreatDetectionSystem.ts[0m:[93m513[0m:[93m12[0m - [91merror[0m[90m TS4111: [0mProperty 'script_count' comes from an index signature, so it must be accessed with ['script_count'].

[7m513[0m       data.script_count ?? 0,
[7m   [0m [91m           ~~~~~~~~~~~~[0m

[96msrc/lib/security/threat-intelligence/EdgeThreatDetectionSystem.ts[0m:[93m514[0m:[93m12[0m - [91merror[0m[90m TS4111: [0mProperty 'obfuscation_level' comes from an index signature, so it must be accessed with ['obfuscation_level'].

[7m514[0m       data.obfuscation_level ?? 0,
[7m   [0m [91m           ~~~~~~~~~~~~~~~~~[0m

[96msrc/lib/security/threat-intelligence/EdgeThreatDetectionSystem.ts[0m:[93m517[0m:[93m5[0m - [91merror[0m[90m TS2322: [0mType '{}[]' is not assignable to type 'number[]'.
  Type '{}' is not assignable to type 'number'.

[7m517[0m     return features.slice(0, 10)
[7m   [0m [91m    ~~~~~~[0m

[96msrc/lib/security/threat-intelligence/EdgeThreatDetectionSystem.ts[0m:[93m525[0m:[93m12[0m - [91merror[0m[90m TS4111: [0mProperty 'cpu_usage' comes from an index signature, so it must be accessed with ['cpu_usage'].

[7m525[0m       data.cpu_usage ?? 0,
[7m   [0m [91m           ~~~~~~~~~[0m

[96msrc/lib/security/threat-intelligence/EdgeThreatDetectionSystem.ts[0m:[93m526[0m:[93m12[0m - [91merror[0m[90m TS4111: [0mProperty 'memory_usage' comes from an index signature, so it must be accessed with ['memory_usage'].

[7m526[0m       data.memory_usage ?? 0,
[7m   [0m [91m           ~~~~~~~~~~~~[0m

[96msrc/lib/security/threat-intelligence/EdgeThreatDetectionSystem.ts[0m:[93m527[0m:[93m12[0m - [91merror[0m[90m TS4111: [0mProperty 'disk_io' comes from an index signature, so it must be accessed with ['disk_io'].

[7m527[0m       data.disk_io ?? 0,
[7m   [0m [91m           ~~~~~~~[0m

[96msrc/lib/security/threat-intelligence/EdgeThreatDetectionSystem.ts[0m:[93m528[0m:[93m12[0m - [91merror[0m[90m TS4111: [0mProperty 'network_io' comes from an index signature, so it must be accessed with ['network_io'].

[7m528[0m       data.network_io ?? 0,
[7m   [0m [91m           ~~~~~~~~~~[0m

[96msrc/lib/security/threat-intelligence/EdgeThreatDetectionSystem.ts[0m:[93m529[0m:[93m12[0m - [91merror[0m[90m TS4111: [0mProperty 'process_count' comes from an index signature, so it must be accessed with ['process_count'].

[7m529[0m       data.process_count ?? 0,
[7m   [0m [91m           ~~~~~~~~~~~~~[0m

[96msrc/lib/security/threat-intelligence/EdgeThreatDetectionSystem.ts[0m:[93m530[0m:[93m12[0m - [91merror[0m[90m TS4111: [0mProperty 'thread_count' comes from an index signature, so it must be accessed with ['thread_count'].

[7m530[0m       data.thread_count ?? 0,
[7m   [0m [91m           ~~~~~~~~~~~~[0m

[96msrc/lib/security/threat-intelligence/EdgeThreatDetectionSystem.ts[0m:[93m531[0m:[93m12[0m - [91merror[0m[90m TS4111: [0mProperty 'handle_count' comes from an index signature, so it must be accessed with ['handle_count'].

[7m531[0m       data.handle_count ?? 0,
[7m   [0m [91m           ~~~~~~~~~~~~[0m

[96msrc/lib/security/threat-intelligence/EdgeThreatDetectionSystem.ts[0m:[93m532[0m:[93m12[0m - [91merror[0m[90m TS4111: [0mProperty 'error_count' comes from an index signature, so it must be accessed with ['error_count'].

[7m532[0m       data.error_count ?? 0,
[7m   [0m [91m           ~~~~~~~~~~~[0m

[96msrc/lib/security/threat-intelligence/EdgeThreatDetectionSystem.ts[0m:[93m535[0m:[93m5[0m - [91merror[0m[90m TS2322: [0mType '{}[]' is not assignable to type 'number[]'.
  Type '{}' is not assignable to type 'number'.

[7m535[0m     return features.slice(0, 10)
[7m   [0m [91m    ~~~~~~[0m

[96msrc/lib/security/threat-intelligence/EdgeThreatDetectionSystem.ts[0m:[93m609[0m:[93m41[0m - [91merror[0m[90m TS2304: [0mCannot find name 'startTime'.

[7m609[0m           processing_time: Date.now() - startTime,
[7m   [0m [91m                                        ~~~~~~~~~[0m

[96msrc/lib/security/threat-intelligence/EdgeThreatDetectionSystem.ts[0m:[93m615[0m:[93m5[0m - [91merror[0m[90m TS2739: [0mType 'Record<string, ModelResult>' is missing the following properties from type '{ anomaly: ModelResult; classification: ModelResult; clustering: ModelResult; prediction: ModelResult; }': anomaly, classification, clustering, prediction

[7m615[0m     return results
[7m   [0m [91m    ~~~~~~[0m

[96msrc/lib/security/threat-intelligence/EdgeThreatDetectionSystem.ts[0m:[93m689[0m:[93m50[0m - [91merror[0m[90m TS2339: [0mProperty 'analyze' does not exist on type 'BiasDetectionEngine'.

[7m689[0m       const biasResult = await this.biasDetector.analyze({
[7m   [0m [91m                                                 ~~~~~~~[0m

[96msrc/lib/security/threat-intelligence/EdgeThreatDetectionSystem.ts[0m:[93m835[0m:[93m47[0m - [91merror[0m[90m TS4111: [0mProperty 'classification' comes from an index signature, so it must be accessed with ['classification'].

[7m835[0m     const classificationResult = modelResults.classification
[7m   [0m [91m                                              ~~~~~~~~~~~~~~[0m

[96msrc/lib/security/threat-intelligence/EdgeThreatDetectionSystem.ts[0m:[93m892[0m:[93m26[0m - [91merror[0m[90m TS4111: [0mProperty 'ip_address' comes from an index signature, so it must be accessed with ['ip_address'].

[7m892[0m           if (input.data.ip_address) {
[7m   [0m [91m                         ~~~~~~~~~~[0m

[96msrc/lib/security/threat-intelligence/EdgeThreatDetectionSystem.ts[0m:[93m895[0m:[93m15[0m - [91merror[0m[90m TS2322: [0mType '{}' is not assignable to type 'string'.

[7m895[0m               value: input.data.ip_address,
[7m   [0m [91m              ~~~~~[0m

  [96msrc/lib/security/threat-intelligence/EdgeThreatDetectionSystem.ts[0m:[93m109[0m:[93m3[0m
    [7m109[0m   value: string
    [7m   [0m [96m  ~~~~~[0m
    The expected type comes from property 'value' which is declared here on type 'ThreatIndicator'

[96msrc/lib/security/threat-intelligence/EdgeThreatDetectionSystem.ts[0m:[93m895[0m:[93m33[0m - [91merror[0m[90m TS4111: [0mProperty 'ip_address' comes from an index signature, so it must be accessed with ['ip_address'].

[7m895[0m               value: input.data.ip_address,
[7m   [0m [91m                                ~~~~~~~~~~[0m

[96msrc/lib/security/threat-intelligence/EdgeThreatDetectionSystem.ts[0m:[93m896[0m:[93m27[0m - [91merror[0m[90m TS18048: [0m'modelResults.anomaly' is possibly 'undefined'.

[7m896[0m               confidence: modelResults.anomaly.confidence,
[7m   [0m [91m                          ~~~~~~~~~~~~~~~~~~~~[0m

[96msrc/lib/security/threat-intelligence/EdgeThreatDetectionSystem.ts[0m:[93m896[0m:[93m40[0m - [91merror[0m[90m TS4111: [0mProperty 'anomaly' comes from an index signature, so it must be accessed with ['anomaly'].

[7m896[0m               confidence: modelResults.anomaly.confidence,
[7m   [0m [91m                                       ~~~~~~~[0m

[96msrc/lib/security/threat-intelligence/EdgeThreatDetectionSystem.ts[0m:[93m902[0m:[93m26[0m - [91merror[0m[90m TS4111: [0mProperty 'user_id' comes from an index signature, so it must be accessed with ['user_id'].

[7m902[0m           if (input.data.user_id) {
[7m   [0m [91m                         ~~~~~~~[0m

[96msrc/lib/security/threat-intelligence/EdgeThreatDetectionSystem.ts[0m:[93m905[0m:[93m15[0m - [91merror[0m[90m TS2322: [0mType '{}' is not assignable to type 'string'.

[7m905[0m               value: input.data.user_id,
[7m   [0m [91m              ~~~~~[0m

  [96msrc/lib/security/threat-intelligence/EdgeThreatDetectionSystem.ts[0m:[93m109[0m:[93m3[0m
    [7m109[0m   value: string
    [7m   [0m [96m  ~~~~~[0m
    The expected type comes from property 'value' which is declared here on type 'ThreatIndicator'

[96msrc/lib/security/threat-intelligence/EdgeThreatDetectionSystem.ts[0m:[93m905[0m:[93m33[0m - [91merror[0m[90m TS4111: [0mProperty 'user_id' comes from an index signature, so it must be accessed with ['user_id'].

[7m905[0m               value: input.data.user_id,
[7m   [0m [91m                                ~~~~~~~[0m

[96msrc/lib/security/threat-intelligence/EdgeThreatDetectionSystem.ts[0m:[93m906[0m:[93m27[0m - [91merror[0m[90m TS18048: [0m'modelResults.classification' is possibly 'undefined'.

[7m906[0m               confidence: modelResults.classification.confidence,
[7m   [0m [91m                          ~~~~~~~~~~~~~~~~~~~~~~~~~~~[0m

[96msrc/lib/security/threat-intelligence/EdgeThreatDetectionSystem.ts[0m:[93m906[0m:[93m40[0m - [91merror[0m[90m TS4111: [0mProperty 'classification' comes from an index signature, so it must be accessed with ['classification'].

[7m906[0m               confidence: modelResults.classification.confidence,
[7m   [0m [91m                                       ~~~~~~~~~~~~~~[0m

[96msrc/lib/security/threat-intelligence/EdgeThreatDetectionSystem.ts[0m:[93m912[0m:[93m26[0m - [91merror[0m[90m TS4111: [0mProperty 'hash' comes from an index signature, so it must be accessed with ['hash'].

[7m912[0m           if (input.data.hash) {
[7m   [0m [91m                         ~~~~[0m

[96msrc/lib/security/threat-intelligence/EdgeThreatDetectionSystem.ts[0m:[93m915[0m:[93m15[0m - [91merror[0m[90m TS2322: [0mType '{}' is not assignable to type 'string'.

[7m915[0m               value: input.data.hash,
[7m   [0m [91m              ~~~~~[0m

  [96msrc/lib/security/threat-intelligence/EdgeThreatDetectionSystem.ts[0m:[93m109[0m:[93m3[0m
    [7m109[0m   value: string
    [7m   [0m [96m  ~~~~~[0m
    The expected type comes from property 'value' which is declared here on type 'ThreatIndicator'

[96msrc/lib/security/threat-intelligence/EdgeThreatDetectionSystem.ts[0m:[93m915[0m:[93m33[0m - [91merror[0m[90m TS4111: [0mProperty 'hash' comes from an index signature, so it must be accessed with ['hash'].

[7m915[0m               value: input.data.hash,
[7m   [0m [91m                                ~~~~[0m

[96msrc/lib/security/threat-intelligence/EdgeThreatDetectionSystem.ts[0m:[93m916[0m:[93m27[0m - [91merror[0m[90m TS18048: [0m'modelResults.clustering' is possibly 'undefined'.

[7m916[0m               confidence: modelResults.clustering.confidence,
[7m   [0m [91m                          ~~~~~~~~~~~~~~~~~~~~~~~[0m

[96msrc/lib/security/threat-intelligence/EdgeThreatDetectionSystem.ts[0m:[93m916[0m:[93m40[0m - [91merror[0m[90m TS4111: [0mProperty 'clustering' comes from an index signature, so it must be accessed with ['clustering'].

[7m916[0m               confidence: modelResults.clustering.confidence,
[7m   [0m [91m                                       ~~~~~~~~~~[0m

[96msrc/lib/security/threat-intelligence/EdgeThreatDetectionSystem.ts[0m:[93m922[0m:[93m26[0m - [91merror[0m[90m TS4111: [0mProperty 'process_id' comes from an index signature, so it must be accessed with ['process_id'].

[7m922[0m           if (input.data.process_id) {
[7m   [0m [91m                         ~~~~~~~~~~[0m

[96msrc/lib/security/threat-intelligence/EdgeThreatDetectionSystem.ts[0m:[93m925[0m:[93m15[0m - [91merror[0m[90m TS2322: [0mType '{}' is not assignable to type 'string'.

[7m925[0m               value: input.data.process_id,
[7m   [0m [91m              ~~~~~[0m

  [96msrc/lib/security/threat-intelligence/EdgeThreatDetectionSystem.ts[0m:[93m109[0m:[93m3[0m
    [7m109[0m   value: string
    [7m   [0m [96m  ~~~~~[0m
    The expected type comes from property 'value' which is declared here on type 'ThreatIndicator'

[96msrc/lib/security/threat-intelligence/EdgeThreatDetectionSystem.ts[0m:[93m925[0m:[93m33[0m - [91merror[0m[90m TS4111: [0mProperty 'process_id' comes from an index signature, so it must be accessed with ['process_id'].

[7m925[0m               value: input.data.process_id,
[7m   [0m [91m                                ~~~~~~~~~~[0m

[96msrc/lib/security/threat-intelligence/EdgeThreatDetectionSystem.ts[0m:[93m926[0m:[93m27[0m - [91merror[0m[90m TS18048: [0m'modelResults.prediction' is possibly 'undefined'.

[7m926[0m               confidence: modelResults.prediction.confidence,
[7m   [0m [91m                          ~~~~~~~~~~~~~~~~~~~~~~~[0m

[96msrc/lib/security/threat-intelligence/EdgeThreatDetectionSystem.ts[0m:[93m926[0m:[93m40[0m - [91merror[0m[90m TS4111: [0mProperty 'prediction' comes from an index signature, so it must be accessed with ['prediction'].

[7m926[0m               confidence: modelResults.prediction.confidence,
[7m   [0m [91m                                       ~~~~~~~~~~[0m

[96msrc/lib/security/threat-intelligence/EdgeThreatDetectionSystem.ts[0m:[93m952[0m:[93m11[0m - [91merror[0m[90m TS18048: [0m'modelResults.anomaly' is possibly 'undefined'.

[7m952[0m       if (modelResults.anomaly.confidence > 0.7) {
[7m   [0m [91m          ~~~~~~~~~~~~~~~~~~~~[0m

[96msrc/lib/security/threat-intelligence/EdgeThreatDetectionSystem.ts[0m:[93m952[0m:[93m24[0m - [91merror[0m[90m TS4111: [0mProperty 'anomaly' comes from an index signature, so it must be accessed with ['anomaly'].

[7m952[0m       if (modelResults.anomaly.confidence > 0.7) {
[7m   [0m [91m                       ~~~~~~~[0m

[96msrc/lib/security/threat-intelligence/EdgeThreatDetectionSystem.ts[0m:[93m955[0m:[93m11[0m - [91merror[0m[90m TS18048: [0m'modelResults.classification' is possibly 'undefined'.

[7m955[0m       if (modelResults.classification.confidence > 0.7) {
[7m   [0m [91m          ~~~~~~~~~~~~~~~~~~~~~~~~~~~[0m

[96msrc/lib/security/threat-intelligence/EdgeThreatDetectionSystem.ts[0m:[93m955[0m:[93m24[0m - [91merror[0m[90m TS4111: [0mProperty 'classification' comes from an index signature, so it must be accessed with ['classification'].

[7m955[0m       if (modelResults.classification.confidence > 0.7) {
[7m   [0m [91m                       ~~~~~~~~~~~~~~[0m

[96msrc/lib/security/threat-intelligence/EdgeThreatDetectionSystem.ts[0m:[93m1056[0m:[93m25[0m - [91merror[0m[90m TS2345: [0mArgument of type 'string | undefined' is not assignable to parameter of type 'string'.
  Type 'undefined' is not assignable to type 'string'.

[7m1056[0m       this.cache.delete(firstKey)
[7m    [0m [91m                        ~~~~~~~~[0m

[96msrc/lib/security/threat-intelligence/EdgeThreatDetectionSystem.ts[0m:[93m1102[0m:[93m53[0m - [91merror[0m[90m TS2345: [0mArgument of type '{ input: DetectionInput; }' is not assignable to parameter of type '{ id: string; input: DetectionInput; priority?: "low" | "medium" | "high" | undefined; }'.
  Property 'id' is missing in type '{ input: DetectionInput; }' but required in type '{ id: string; input: DetectionInput; priority?: "low" | "medium" | "high" | undefined; }'.

[7m1102[0m           return await this.processDetectionRequest({ input })
[7m    [0m [91m                                                    ~~~~~~~~~[0m

  [96msrc/lib/security/threat-intelligence/EdgeThreatDetectionSystem.ts[0m:[93m324[0m:[93m5[0m
    [7m324[0m     id: string
    [7m   [0m [96m    ~~[0m
    'id' is declared here.

[96msrc/lib/security/threat-intelligence/EdgeThreatDetectionSystem.ts[0m:[93m1221[0m:[93m7[0m - [91merror[0m[90m TS2353: [0mObject literal may only specify known properties, and 'metadata' does not exist in type 'DetectionInput'.

[7m1221[0m       metadata: { ...input.context, priority, requestId },
[7m    [0m [91m      ~~~~~~~~[0m

[96msrc/lib/security/threat-intelligence/EdgeThreatDetectionSystem.ts[0m:[93m1227[0m:[93m25[0m - [91merror[0m[90m TS7053: [0mElement implicitly has an 'any' type because expression of type 'any' can't be used to index type '{ high: number; medium: number; low: number; }'.

[7m1227[0m       const aPriority = priorityOrder[a.metadata?.priority ?? 'medium']
[7m    [0m [91m                        ~~~~~~~~~~~~~~~~~~~~~~~~~~~~~~~~~~~~~~~~~~~~~~~[0m

[96msrc/lib/security/threat-intelligence/EdgeThreatDetectionSystem.ts[0m:[93m1227[0m:[93m41[0m - [91merror[0m[90m TS2339: [0mProperty 'metadata' does not exist on type 'DetectionInput'.

[7m1227[0m       const aPriority = priorityOrder[a.metadata?.priority ?? 'medium']
[7m    [0m [91m                                        ~~~~~~~~[0m

[96msrc/lib/security/threat-intelligence/EdgeThreatDetectionSystem.ts[0m:[93m1228[0m:[93m25[0m - [91merror[0m[90m TS7053: [0mElement implicitly has an 'any' type because expression of type 'any' can't be used to index type '{ high: number; medium: number; low: number; }'.

[7m1228[0m       const bPriority = priorityOrder[b.metadata?.priority ?? 'medium']
[7m    [0m [91m                        ~~~~~~~~~~~~~~~~~~~~~~~~~~~~~~~~~~~~~~~~~~~~~~~[0m

[96msrc/lib/security/threat-intelligence/EdgeThreatDetectionSystem.ts[0m:[93m1228[0m:[93m41[0m - [91merror[0m[90m TS2339: [0mProperty 'metadata' does not exist on type 'DetectionInput'.

[7m1228[0m       const bPriority = priorityOrder[b.metadata?.priority ?? 'medium']
[7m    [0m [91m                                        ~~~~~~~~[0m

[96msrc/lib/security/threat-intelligence/EdgeThreatDetectionSystem.ts[0m:[93m1260[0m:[93m31[0m - [91merror[0m[90m TS2339: [0mProperty 'shutdown' does not exist on type 'BiasDetectionEngine'.

[7m1260[0m       await this.biasDetector.shutdown()
[7m    [0m [91m                              ~~~~~~~~[0m

[96msrc/lib/security/threat-intelligence/EdgeThreatDetectionSystem.ts[0m:[93m1290[0m:[93m7[0m - [91merror[0m[90m TS2300: [0mDuplicate identifier 'config'.

[7m1290[0m   get config(): EdgeDetectionConfig {
[7m    [0m [91m      ~~~~~~[0m

[96msrc/lib/security/threat-intelligence/ExternalThreatFeedIntegration.ts[0m:[93m16[0m:[93m10[0m - [91merror[0m[90m TS2614: [0mModule '"ioredis"' has no exported member 'Redis'. Did you mean to use 'import Redis from "ioredis"' instead?

[7m16[0m import { Redis } from 'ioredis'
[7m  [0m [91m         ~~~~~[0m

[96msrc/lib/security/threat-intelligence/ExternalThreatFeedIntegration.ts[0m:[93m417[0m:[93m54[0m - [91merror[0m[90m TS7006: [0mParameter 'message' implicitly has an 'any' type.

[7m417[0m       await subscriber.subscribe('feed:sync', async (message) => {
[7m   [0m [91m                                                     ~~~~~~~[0m

[96msrc/lib/security/threat-intelligence/ExternalThreatFeedIntegration.ts[0m:[93m422[0m:[93m48[0m - [91merror[0m[90m TS4111: [0mProperty 'feed_id' comes from an index signature, so it must be accessed with ['feed_id'].

[7m422[0m           const feedId = getString(rawSyncData.feed_id)
[7m   [0m [91m                                               ~~~~~~~[0m

[96msrc/lib/security/threat-intelligence/ExternalThreatFeedIntegration.ts[0m:[93m437[0m:[93m56[0m - [91merror[0m[90m TS7006: [0mParameter 'message' implicitly has an 'any' type.

[7m437[0m       await subscriber.subscribe('feed:status', async (message) => {
[7m   [0m [91m                                                       ~~~~~~~[0m

[96msrc/lib/security/threat-intelligence/ExternalThreatFeedIntegration.ts[0m:[93m442[0m:[93m50[0m - [91merror[0m[90m TS4111: [0mProperty 'feed_id' comes from an index signature, so it must be accessed with ['feed_id'].

[7m442[0m           const feedId = getString(rawStatusData.feed_id)
[7m   [0m [91m                                                 ~~~~~~~[0m

[96msrc/lib/security/threat-intelligence/ExternalThreatFeedIntegration.ts[0m:[93m443[0m:[93m50[0m - [91merror[0m[90m TS4111: [0mProperty 'status' comes from an index signature, so it must be accessed with ['status'].

[7m443[0m           const status = getString(rawStatusData.status)
[7m   [0m [91m                                                 ~~~~~~[0m

[96msrc/lib/security/threat-intelligence/ExternalThreatFeedIntegration.ts[0m:[93m532[0m:[93m28[0m - [91merror[0m[90m TS4111: [0mProperty 'api_key' comes from an index signature, so it must be accessed with ['api_key'].

[7m532[0m           auth.credentials.api_key,
[7m   [0m [91m                           ~~~~~~~[0m

[96msrc/lib/security/threat-intelligence/ExternalThreatFeedIntegration.ts[0m:[93m540[0m:[93m53[0m - [91merror[0m[90m TS4111: [0mProperty 'username' comes from an index signature, so it must be accessed with ['username'].

[7m540[0m         const username = getString(auth.credentials.username)
[7m   [0m [91m                                                    ~~~~~~~~[0m

[96msrc/lib/security/threat-intelligence/ExternalThreatFeedIntegration.ts[0m:[93m541[0m:[93m53[0m - [91merror[0m[90m TS4111: [0mProperty 'password' comes from an index signature, so it must be accessed with ['password'].

[7m541[0m         const password = getString(auth.credentials.password)
[7m   [0m [91m                                                    ~~~~~~~~[0m

[96msrc/lib/security/threat-intelligence/ExternalThreatFeedIntegration.ts[0m:[93m607[0m:[93m38[0m - [91merror[0m[90m TS4111: [0mProperty 'access_token' comes from an index signature, so it must be accessed with ['access_token'].

[7m607[0m       token = getString(responseData.access_token)
[7m   [0m [91m                                     ~~~~~~~~~~~~[0m

[96msrc/lib/security/threat-intelligence/ExternalThreatFeedIntegration.ts[0m:[93m608[0m:[93m48[0m - [91merror[0m[90m TS4111: [0mProperty 'expires_in' comes from an index signature, so it must be accessed with ['expires_in'].

[7m608[0m       const expiresIn = getNumber(responseData.expires_in, 3600)
[7m   [0m [91m                                               ~~~~~~~~~~[0m

[96msrc/lib/security/threat-intelligence/ExternalThreatFeedIntegration.ts[0m:[93m634[0m:[93m42[0m - [91merror[0m[90m TS4111: [0mProperty 'certificate' comes from an index signature, so it must be accessed with ['certificate'].

[7m634[0m       const cert = getString(credentials.certificate)
[7m   [0m [91m                                         ~~~~~~~~~~~[0m

[96msrc/lib/security/threat-intelligence/ExternalThreatFeedIntegration.ts[0m:[93m635[0m:[93m41[0m - [91merror[0m[90m TS4111: [0mProperty 'private_key' comes from an index signature, so it must be accessed with ['private_key'].

[7m635[0m       const key = getString(credentials.private_key)
[7m   [0m [91m                                        ~~~~~~~~~~~[0m

[96msrc/lib/security/threat-intelligence/ExternalThreatFeedIntegration.ts[0m:[93m636[0m:[93m40[0m - [91merror[0m[90m TS4111: [0mProperty 'ca_certificate' comes from an index signature, so it must be accessed with ['ca_certificate'].

[7m636[0m       const ca = getString(credentials.ca_certificate)
[7m   [0m [91m                                       ~~~~~~~~~~~~~~[0m

[96msrc/lib/security/threat-intelligence/ExternalThreatFeedIntegration.ts[0m:[93m657[0m:[93m9[0m - [91merror[0m[90m TS6133: [0m'_requestsThisMinute' is declared but its value is never read.

[7m657[0m     let _requestsThisMinute = 0
[7m   [0m [91m        ~~~~~~~~~~~~~~~~~~~[0m

[96msrc/lib/security/threat-intelligence/ExternalThreatFeedIntegration.ts[0m:[93m658[0m:[93m9[0m - [91merror[0m[90m TS6133: [0m'_requestsThisHour' is declared but its value is never read.

[7m658[0m     let _requestsThisHour = 0
[7m   [0m [91m        ~~~~~~~~~~~~~~~~~[0m

[96msrc/lib/security/threat-intelligence/ExternalThreatFeedIntegration.ts[0m:[93m659[0m:[93m9[0m - [91merror[0m[90m TS6133: [0m'_requestsThisDay' is declared but its value is never read.

[7m659[0m     let _requestsThisDay = 0
[7m   [0m [91m        ~~~~~~~~~~~~~~~~[0m

[96msrc/lib/security/threat-intelligence/ExternalThreatFeedIntegration.ts[0m:[93m1797[0m:[93m21[0m - [91merror[0m[90m TS2532: [0mObject is possibly 'undefined'.

[7m1797[0m     const headers = lines[0].split(',').map((h) => h.trim())
[7m    [0m [91m                    ~~~~~~~~[0m

[96msrc/lib/security/threat-intelligence/ExternalThreatFeedIntegration.ts[0m:[93m1800[0m:[93m22[0m - [91merror[0m[90m TS2532: [0mObject is possibly 'undefined'.

[7m1800[0m       const values = lines[i].split(',').map((v) => v.trim())
[7m    [0m [91m                     ~~~~~~~~[0m

[96msrc/lib/security/threat-intelligence/ExternalThreatFeedIntegration.ts[0m:[93m2002[0m:[93m35[0m - [91merror[0m[90m TS4111: [0mProperty 'add_geolocation' comes from an index signature, so it must be accessed with ['add_geolocation'].

[7m2002[0m         transformation.parameters.add_geolocation &&
[7m    [0m [91m                                  ~~~~~~~~~~~~~~~[0m

[96msrc/lib/security/threat-intelligence/ExternalThreatFeedIntegration.ts[0m:[93m2005[0m:[93m30[0m - [91merror[0m[90m TS4111: [0mProperty 'geolocation' comes from an index signature, so it must be accessed with ['geolocation'].

[7m2005[0m         indicator.attributes.geolocation = await this.getIPGeolocation(
[7m    [0m [91m                             ~~~~~~~~~~~[0m

[96msrc/lib/security/threat-intelligence/ExternalThreatFeedIntegration.ts[0m:[93m2109[0m:[93m45[0m - [91merror[0m[90m TS4111: [0mProperty 'multiplier' comes from an index signature, so it must be accessed with ['multiplier'].

[7m2109[0m     const multiplier = getNumber(parameters.multiplier, 1)
[7m    [0m [91m                                            ~~~~~~~~~~[0m

[96msrc/lib/security/threat-intelligence/ExternalThreatFeedIntegration.ts[0m:[93m2110[0m:[93m41[0m - [91merror[0m[90m TS4111: [0mProperty 'offset' comes from an index signature, so it must be accessed with ['offset'].

[7m2110[0m     const offset = getNumber(parameters.offset, 0)
[7m    [0m [91m                                        ~~~~~~[0m

[96msrc/lib/security/threat-intelligence/ExternalThreatFeedIntegration.ts[0m:[93m2170[0m:[93m43[0m - [91merror[0m[90m TS4111: [0mProperty 'operator' comes from an index signature, so it must be accessed with ['operator'].

[7m2170[0m     const operator = getString(parameters.operator, 'eq')
[7m    [0m [91m                                          ~~~~~~~~[0m

[96msrc/lib/security/threat-intelligence/GlobalThreatIntelligenceNetwork.ts[0m:[93m9[0m:[93m10[0m - [91merror[0m[90m TS2614: [0mModule '"ioredis"' has no exported member 'Redis'. Did you mean to use 'import Redis from "ioredis"' instead?

[7m9[0m import { Redis } from 'ioredis'
[7m [0m [91m         ~~~~~[0m

[96msrc/lib/security/threat-intelligence/GlobalThreatIntelligenceNetwork.ts[0m:[93m13[0m:[93m26[0m - [91merror[0m[90m TS2307: [0mCannot find module '../audit-logging' or its corresponding type declarations.

[7m13[0m import { auditLog } from '../audit-logging'
[7m  [0m [91m                         ~~~~~~~~~~~~~~~~~~[0m

[96msrc/lib/security/threat-intelligence/GlobalThreatIntelligenceNetwork.ts[0m:[93m14[0m:[93m34[0m - [91merror[0m[90m TS2307: [0mCannot find module '../encryption' or its corresponding type declarations.

[7m14[0m import { encrypt, decrypt } from '../encryption'
[7m  [0m [91m                                 ~~~~~~~~~~~~~~~[0m

[96msrc/lib/security/threat-intelligence/GlobalThreatIntelligenceNetwork.ts[0m:[93m218[0m:[93m65[0m - [91merror[0m[90m TS7006: [0mParameter 'message' implicitly has an 'any' type.

[7m218[0m       await subscriber.subscribe('threat-intelligence-global', (message) => {
[7m   [0m [91m                                                                ~~~~~~~[0m

[96msrc/lib/security/threat-intelligence/GlobalThreatIntelligenceNetwork.ts[0m:[93m226[0m:[93m12[0m - [91merror[0m[90m TS7006: [0mParameter 'message' implicitly has an 'any' type.

[7m226[0m           (message) => {
[7m   [0m [91m           ~~~~~~~[0m

[96msrc/lib/security/threat-intelligence/GlobalThreatIntelligenceNetwork.ts[0m:[93m407[0m:[93m11[0m - [91merror[0m[90m TS2353: [0mObject literal may only specify known properties, and 'created_at' does not exist in type 'OptionalId<ThreatIntelligence>'.

[7m407[0m           created_at: new Date(),
[7m   [0m [91m          ~~~~~~~~~~[0m

[96msrc/lib/security/threat-intelligence/GlobalThreatIntelligenceNetwork.ts[0m:[93m521[0m:[93m16[0m - [91merror[0m[90m TS7053: [0mElement implicitly has an 'any' type because expression of type 'string' can't be used to index type '{ 'us-east-1': string[]; 'eu-west-1': string[]; 'ap-southeast-1': string[]; }'.
  No index signature with a parameter of type 'string' was found on type '{ 'us-east-1': string[]; 'eu-west-1': string[]; 'ap-southeast-1': string[]; }'.

[7m521[0m         return regionalGroups[this.region] ?? [this.region]
[7m   [0m [91m               ~~~~~~~~~~~~~~~~~~~~~~~~~~~[0m

[96msrc/lib/security/threat-intelligence/GlobalThreatIntelligenceNetwork.ts[0m:[93m564[0m:[93m24[0m - [91merror[0m[90m TS4111: [0mProperty 'encrypted' comes from an index signature, so it must be accessed with ['encrypted'].

[7m564[0m       if (threat.data?.encrypted) {
[7m   [0m [91m                       ~~~~~~~~~[0m

[96msrc/lib/security/threat-intelligence/GlobalThreatIntelligenceNetwork.ts[0m:[93m566[0m:[93m23[0m - [91merror[0m[90m TS4111: [0mProperty 'encrypted' comes from an index signature, so it must be accessed with ['encrypted'].

[7m566[0m           threat.data.encrypted,
[7m   [0m [91m                      ~~~~~~~~~[0m

[96msrc/lib/security/threat-intelligence/GlobalThreatIntelligenceNetwork.ts[0m:[93m684[0m:[93m27[0m - [91merror[0m[90m TS4111: [0mProperty 'ok' comes from an index signature, so it must be accessed with ['ok'].

[7m684[0m         database: dbStats.ok === 1,
[7m   [0m [91m                          ~~[0m

[96msrc/lib/security/threat-intelligence/ThreatCorrelationEngine.ts[0m:[93m9[0m:[93m10[0m - [91merror[0m[90m TS2614: [0mModule '"ioredis"' has no exported member 'Redis'. Did you mean to use 'import Redis from "ioredis"' instead?

[7m9[0m import { Redis } from 'ioredis'
[7m [0m [91m         ~~~~~[0m

[96msrc/lib/security/threat-intelligence/ThreatCorrelationEngine.ts[0m:[93m14[0m:[93m26[0m - [91merror[0m[90m TS2307: [0mCannot find module '../audit-logging' or its corresponding type declarations.

[7m14[0m import { auditLog } from '../audit-logging'
[7m  [0m [91m                         ~~~~~~~~~~~~~~~~~~[0m

[96msrc/lib/security/threat-intelligence/ThreatCorrelationEngine.ts[0m:[93m323[0m:[93m55[0m - [91merror[0m[90m TS7006: [0mParameter 'message' implicitly has an 'any' type.

[7m323[0m       await subscriber.subscribe('new-threat', async (message) => {
[7m   [0m [91m                                                      ~~~~~~~[0m

[96msrc/lib/security/threat-intelligence/ThreatCorrelationEngine.ts[0m:[93m658[0m:[93m23[0m - [91merror[0m[90m TS2532: [0mObject is possibly 'undefined'.

[7m658[0m             (type) => typeGroups[type].length > 1,
[7m   [0m [91m                      ~~~~~~~~~~~~~~~~[0m

[96msrc/lib/security/threat-intelligence/ThreatCorrelationEngine.ts[0m:[93m667[0m:[93m9[0m - [91merror[0m[90m TS18004: [0mNo value exists in scope for the shorthand property 'time_span'. Either declare one or provide an initializer.

[7m667[0m         time_span,
[7m   [0m [91m        ~~~~~~~~~[0m

[96msrc/lib/security/threat-intelligence/ThreatCorrelationEngine.ts[0m:[93m750[0m:[93m11[0m - [91merror[0m[90m TS2345: [0mArgument of type '{ latitude: number; longitude: number; } | undefined' is not assignable to parameter of type 'DistanceCoordinates'.
  Type 'undefined' is not assignable to type 'DistanceCoordinates'.

[7m750[0m           threat.location?.coordinates,
[7m   [0m [91m          ~~~~~~~~~~~~~~~~~~~~~~~~~~~~[0m

[96msrc/lib/security/threat-intelligence/ThreatCorrelationEngine.ts[0m:[93m857[0m:[93m49[0m - [91merror[0m[90m TS2345: [0mArgument of type '{ latitude: number; longitude: number; } | undefined' is not assignable to parameter of type 'DistanceCoordinates'.
  Type 'undefined' is not assignable to type 'DistanceCoordinates'.

[7m857[0m         const distance = this.calculateDistance(coordinates[i], coordinates[j])
[7m   [0m [91m                                                ~~~~~~~~~~~~~~[0m

[96msrc/lib/security/threat-intelligence/ThreatCorrelationEngine.ts[0m:[93m954[0m:[93m19[0m - [91merror[0m[90m TS2532: [0mObject is possibly 'undefined'.

[7m954[0m         (type) => typeGroups[type].length > 1,
[7m   [0m [91m                  ~~~~~~~~~~~~~~~~[0m

[96msrc/lib/security/threat-intelligence/ThreatCorrelationEngine.ts[0m:[93m1104[0m:[93m43[0m - [91merror[0m[90m TS2532: [0mObject is possibly 'undefined'.

[7m1104[0m       let currentSeverity = severityOrder[sortedThreats[i].severity] || 0
[7m    [0m [91m                                          ~~~~~~~~~~~~~~~~[0m

[96msrc/lib/security/threat-intelligence/ThreatCorrelationEngine.ts[0m:[93m1107[0m:[93m44[0m - [91merror[0m[90m TS2532: [0mObject is possibly 'undefined'.

[7m1107[0m         const nextSeverity = severityOrder[sortedThreats[j].severity] || 0
[7m    [0m [91m                                           ~~~~~~~~~~~~~~~~[0m

[96msrc/lib/security/threat-intelligence/ThreatCorrelationEngine.ts[0m:[93m1119[0m:[93m11[0m - [91merror[0m[90m TS2322: [0mType '(ThreatData | undefined)[]' is not assignable to type 'ThreatData[]'.
  Type 'ThreatData | undefined' is not assignable to type 'ThreatData'.
    Type 'undefined' is not assignable to type 'ThreatData'.

[7m1119[0m           threats: sequence,
[7m    [0m [91m          ~~~~~~~[0m

  [96msrc/lib/security/threat-intelligence/ThreatCorrelationEngine.ts[0m:[93m151[0m:[93m3[0m
    [7m151[0m   threats: ThreatData[]
    [7m   [0m [96m  ~~~~~~~[0m
    The expected type comes from property 'threats' which is declared here on type 'BehavioralGroup'

[96msrc/lib/security/threat-intelligence/ThreatCorrelationEngine.ts[0m:[93m1235[0m:[93m55[0m - [91merror[0m[90m TS2345: [0mArgument of type 'CorrelationResult' is not assignable to parameter of type 'AttributionCorrelationResult'.
  Types of property 'confidence_factors' are incompatible.
    Type 'Record<string, number> | undefined' is not assignable to type 'Record<string, number>'.
      Type 'undefined' is not assignable to type 'Record<string, number>'.

[7m1235[0m               this.generateAttributionRecommendations(correlation),
[7m    [0m [91m                                                      ~~~~~~~~~~~[0m

[96msrc/lib/security/threat-intelligence/ThreatCorrelationEngine.ts[0m:[93m1348[0m:[93m14[0m - [91merror[0m[90m TS2538: [0mType '{}' cannot be used as an index type.

[7m1348[0m       groups[value] = groups[value] ?? []
[7m    [0m [91m             ~~~~~[0m

[96msrc/lib/security/threat-intelligence/ThreatCorrelationEngine.ts[0m:[93m1348[0m:[93m30[0m - [91merror[0m[90m TS2538: [0mType '{}' cannot be used as an index type.

[7m1348[0m       groups[value] = groups[value] ?? []
[7m    [0m [91m                             ~~~~~[0m

[96msrc/lib/security/threat-intelligence/ThreatCorrelationEngine.ts[0m:[93m1349[0m:[93m14[0m - [91merror[0m[90m TS2538: [0mType '{}' cannot be used as an index type.

[7m1349[0m       groups[value].push(item)
[7m    [0m [91m             ~~~~~[0m

[96msrc/lib/security/threat-intelligence/ThreatCorrelationEngine.ts[0m:[93m1355[0m:[93m53[0m - [91merror[0m[90m TS7053: [0mElement implicitly has an 'any' type because expression of type 'string' can't be used to index type '{}'.
  No index signature with a parameter of type 'string' was found on type '{}'.

[7m1355[0m     return path.split('.').reduce((current, key) => current?.[key], obj)
[7m    [0m [91m                                                    ~~~~~~~~~~~~~~[0m

[96msrc/lib/security/threat-intelligence/ThreatCorrelationEngine.ts[0m:[93m1382[0m:[93m49[0m - [91merror[0m[90m TS2345: [0mArgument of type '{ latitude: number; longitude: number; } | undefined' is not assignable to parameter of type 'DistanceCoordinates'.
  Type 'undefined' is not assignable to type 'DistanceCoordinates'.

[7m1382[0m         const distance = this.calculateDistance(coordinates[i], coordinates[j])
[7m    [0m [91m                                                ~~~~~~~~~~~~~~[0m

[96msrc/lib/security/threat-intelligence/ThreatCorrelationEngine.ts[0m:[93m1406[0m:[93m42[0m - [91merror[0m[90m TS2532: [0mObject is possibly 'undefined'.

[7m1406[0m       const prevSeverity = severityOrder[threats[i - 1].severity] || 0
[7m    [0m [91m                                         ~~~~~~~~~~~~~~[0m

[96msrc/lib/security/threat-intelligence/ThreatCorrelationEngine.ts[0m:[93m1407[0m:[93m42[0m - [91merror[0m[90m TS2532: [0mObject is possibly 'undefined'.

[7m1407[0m       const currSeverity = severityOrder[threats[i].severity] || 0
[7m    [0m [91m                                         ~~~~~~~~~~[0m

[96msrc/lib/security/threat-intelligence/ThreatCorrelationEngine.ts[0m:[93m1423[0m:[93m20[0m - [91merror[0m[90m TS2532: [0mObject is possibly 'undefined'.

[7m1423[0m       totalTime += timestamps[i] - timestamps[i - 1]
[7m    [0m [91m                   ~~~~~~~~~~~~~[0m

[96msrc/lib/security/threat-intelligence/ThreatCorrelationEngine.ts[0m:[93m1423[0m:[93m36[0m - [91merror[0m[90m TS2532: [0mObject is possibly 'undefined'.

[7m1423[0m       totalTime += timestamps[i] - timestamps[i - 1]
[7m    [0m [91m                                   ~~~~~~~~~~~~~~~~~[0m

[96msrc/lib/security/threat-intelligence/ThreatCorrelationEngine.ts[0m:[93m1433[0m:[93m7[0m - [91merror[0m[90m TS2322: [0mType 'string | { name?: string | undefined; coordinates?: { latitude: number; longitude: number; } | undefined; } | undefined' is not assignable to type 'string'.
  Type 'undefined' is not assignable to type 'string'.

[7m1433[0m       location: threat.location?.name ?? threat.location,
[7m    [0m [91m      ~~~~~~~~[0m

  [96msrc/lib/security/threat-intelligence/ThreatCorrelationEngine.ts[0m:[93m32[0m:[93m3[0m
    [7m32[0m   location: string
    [7m  [0m [96m  ~~~~~~~~[0m
    The expected type comes from property 'location' which is declared here on type 'CorrelatedThreat'

[96msrc/lib/security/threat-intelligence/ThreatCorrelationEngine.ts[0m:[93m1545[0m:[93m41[0m - [91merror[0m[90m TS4111: [0mProperty 'severity_increase_rate' comes from an index signature, so it must be accessed with ['severity_increase_rate'].

[7m1545[0m     if (correlation.similarity_metrics?.severity_increase_rate) {
[7m    [0m [91m                                        ~~~~~~~~~~~~~~~~~~~~~~[0m

[96msrc/lib/security/threat-intelligence/ThreatCorrelationEngine.ts[0m:[93m1547[0m:[93m82[0m - [91merror[0m[90m TS4111: [0mProperty 'severity_increase_rate' comes from an index signature, so it must be accessed with ['severity_increase_rate'].

[7m1547[0m         `Monitor for escalation patterns (rate: ${correlation.similarity_metrics.severity_increase_rate.toFixed(2)})`,
[7m    [0m [91m                                                                                 ~~~~~~~~~~~~~~~~~~~~~~[0m

[96msrc/lib/security/threat-intelligence/ThreatCorrelationEngine.ts[0m:[93m1609[0m:[93m9[0m - [91merror[0m[90m TS2353: [0mObject literal may only specify known properties, and 'created_at' does not exist in type 'OptionalId<ThreatCorrelation>'.

[7m1609[0m         created_at: new Date(),
[7m    [0m [91m        ~~~~~~~~~~[0m

[96msrc/lib/security/threat-intelligence/ThreatCorrelationEngine.ts[0m:[93m1651[0m:[93m17[0m - [91merror[0m[90m TS2769: [0mNo overload matches this call.
  Overload 1 of 3, '(filter: Filter<ThreatCorrelation>, options?: (FindOptions & Abortable) | undefined): FindCursor<WithId<ThreatCorrelation>>', gave the following error.
    Type 'string' is not assignable to type 'Condition<"behavioral" | "temporal" | "attribution" | "spatial"> | undefined'.
  Overload 2 of 3, '(filter: Filter<ThreatCorrelation>, options?: (FindOptions & Abortable) | undefined): FindCursor<Document>', gave the following error.
    Type 'string' is not assignable to type 'Condition<"behavioral" | "temporal" | "attribution" | "spatial"> | undefined'.

[7m1651[0m         .find({ correlation_type: type })
[7m    [0m [91m                ~~~~~~~~~~~~~~~~[0m

  [96msrc/lib/security/threat-intelligence/ThreatCorrelationEngine.ts[0m:[93m20[0m:[93m3[0m
    [7m20[0m   correlation_type: 'temporal' | 'spatial' | 'behavioral' | 'attribution'
    [7m  [0m [96m  ~~~~~~~~~~~~~~~~[0m
    The expected type comes from property 'correlation_type' which is declared here on type 'Filter<ThreatCorrelation>'
  [96msrc/lib/security/threat-intelligence/ThreatCorrelationEngine.ts[0m:[93m20[0m:[93m3[0m
    [7m20[0m   correlation_type: 'temporal' | 'spatial' | 'behavioral' | 'attribution'
    [7m  [0m [96m  ~~~~~~~~~~~~~~~~[0m
    The expected type comes from property 'correlation_type' which is declared here on type 'Filter<ThreatCorrelation>'

[96msrc/lib/security/threat-intelligence/ThreatCorrelationEngine.ts[0m:[93m1699[0m:[93m16[0m - [91merror[0m[90m TS4111: [0mProperty 'correlation_type' comes from an index signature, so it must be accessed with ['correlation_type'].

[7m1699[0m         filter.correlation_type = { $in: query.types }
[7m    [0m [91m               ~~~~~~~~~~~~~~~~[0m

[96msrc/lib/security/threat-intelligence/ThreatCorrelationEngine.ts[0m:[93m1703[0m:[93m16[0m - [91merror[0m[90m TS4111: [0mProperty 'confidence' comes from an index signature, so it must be accessed with ['confidence'].

[7m1703[0m         filter.confidence = { $gte: query.minConfidence }
[7m    [0m [91m               ~~~~~~~~~~[0m

[96msrc/lib/security/threat-intelligence/ThreatCorrelationEngine.ts[0m:[93m1707[0m:[93m16[0m - [91merror[0m[90m TS4111: [0mProperty 'timestamp' comes from an index signature, so it must be accessed with ['timestamp'].

[7m1707[0m         filter.timestamp = {}
[7m    [0m [91m               ~~~~~~~~~[0m

[96msrc/lib/security/threat-intelligence/ThreatCorrelationEngine.ts[0m:[93m1709[0m:[93m19[0m - [91merror[0m[90m TS4111: [0mProperty 'timestamp' comes from an index signature, so it must be accessed with ['timestamp'].

[7m1709[0m           (filter.timestamp as Record<string, Date>).$gte = query.startDate
[7m    [0m [91m                  ~~~~~~~~~[0m

[96msrc/lib/security/threat-intelligence/ThreatCorrelationEngine.ts[0m:[93m1709[0m:[93m54[0m - [91merror[0m[90m TS4111: [0mProperty '$gte' comes from an index signature, so it must be accessed with ['$gte'].

[7m1709[0m           (filter.timestamp as Record<string, Date>).$gte = query.startDate
[7m    [0m [91m                                                     ~~~~[0m

[96msrc/lib/security/threat-intelligence/ThreatCorrelationEngine.ts[0m:[93m1711[0m:[93m19[0m - [91merror[0m[90m TS4111: [0mProperty 'timestamp' comes from an index signature, so it must be accessed with ['timestamp'].

[7m1711[0m           (filter.timestamp as Record<string, Date>).$lte = query.endDate
[7m    [0m [91m                  ~~~~~~~~~[0m

[96msrc/lib/security/threat-intelligence/ThreatCorrelationEngine.ts[0m:[93m1711[0m:[93m54[0m - [91merror[0m[90m TS4111: [0mProperty '$lte' comes from an index signature, so it must be accessed with ['$lte'].

[7m1711[0m           (filter.timestamp as Record<string, Date>).$lte = query.endDate
[7m    [0m [91m                                                     ~~~~[0m

[96msrc/lib/security/threat-intelligence/ThreatCorrelationEngine.ts[0m:[93m1772[0m:[93m22[0m - [91merror[0m[90m TS4111: [0mProperty '_id' comes from an index signature, so it must be accessed with ['_id'].

[7m1772[0m             acc[item._id] = item.count
[7m    [0m [91m                     ~~~[0m

[96msrc/lib/security/threat-intelligence/ThreatCorrelationEngine.ts[0m:[93m1772[0m:[93m34[0m - [91merror[0m[90m TS4111: [0mProperty 'count' comes from an index signature, so it must be accessed with ['count'].

[7m1772[0m             acc[item._id] = item.count
[7m    [0m [91m                                 ~~~~~[0m

[96msrc/lib/security/threat-intelligence/ThreatCorrelationEngine.ts[0m:[93m1777[0m:[93m9[0m - [91merror[0m[90m TS2322: [0mType 'Document[]' is not assignable to type '{ _id: string; count: number; }[]'.
  Type 'Document' is missing the following properties from type '{ _id: string; count: number; }': _id, count

[7m1777[0m         confidence_distribution: confidenceDistribution,
[7m    [0m [91m        ~~~~~~~~~~~~~~~~~~~~~~~[0m

  [96msrc/lib/security/threat-intelligence/ThreatCorrelationEngine.ts[0m:[93m207[0m:[93m3[0m
    [7m207[0m   confidence_distribution: Array<{
    [7m   [0m [96m  ~~~~~~~~~~~~~~~~~~~~~~~[0m
    The expected type comes from property 'confidence_distribution' which is declared here on type 'CorrelationStats'

[96msrc/lib/security/threat-intelligence/ThreatHuntingSystem.ts[0m:[93m9[0m:[93m10[0m - [91merror[0m[90m TS2614: [0mModule '"ioredis"' has no exported member 'Redis'. Did you mean to use 'import Redis from "ioredis"' instead?

[7m9[0m import { Redis } from 'ioredis'
[7m [0m [91m         ~~~~~[0m

[96msrc/lib/security/threat-intelligence/ThreatHuntingSystem.ts[0m:[93m186[0m:[93m32[0m - [91merror[0m[90m TS2300: [0mDuplicate identifier 'config'.

[7m186[0m   constructor(private readonly config: ThreatHuntingSystemConfig) {
[7m   [0m [91m                               ~~~~~~[0m

[96msrc/lib/security/threat-intelligence/ThreatHuntingSystem.ts[0m:[93m287[0m:[93m57[0m - [91merror[0m[90m TS7006: [0mParameter 'message' implicitly has an 'any' type.

[7m287[0m       await subscriber.subscribe('hunt:execute', async (message) => {
[7m   [0m [91m                                                        ~~~~~~~[0m

[96msrc/lib/security/threat-intelligence/ThreatHuntingSystem.ts[0m:[93m299[0m:[93m59[0m - [91merror[0m[90m TS7006: [0mParameter 'message' implicitly has an 'any' type.

[7m299[0m       await subscriber.subscribe('data:available', async (message) => {
[7m   [0m [91m                                                          ~~~~~~~[0m

[96msrc/lib/security/threat-intelligence/ThreatHuntingSystem.ts[0m:[93m833[0m:[93m15[0m - [91merror[0m[90m TS2322: [0mType '"file"' is not assignable to type '"process" | "file_hash" | "log_entry" | "network_connection" | "registry_key" | "user_activity"'.

[7m833[0m               type: 'file',
[7m   [0m [91m              ~~~~[0m

  [96msrc/lib/security/threat-intelligence/ThreatHuntingSystem.ts[0m:[93m90[0m:[93m3[0m
    [7m90[0m   type:
    [7m  [0m [96m  ~~~~[0m
    The expected type comes from property 'type' which is declared here on type 'Evidence'

[96msrc/lib/security/threat-intelligence/ThreatHuntingSystem.ts[0m:[93m1186[0m:[93m7[0m - [91merror[0m[90m TS2532: [0mObject is possibly 'undefined'.

[7m1186[0m       bySeverity[finding.severity]++
[7m    [0m [91m      ~~~~~~~~~~~~~~~~~~~~~~~~~~~~[0m

[96msrc/lib/security/threat-intelligence/ThreatHuntingSystem.ts[0m:[93m1565[0m:[93m7[0m - [91merror[0m[90m TS2300: [0mDuplicate identifier 'config'.

[7m1565[0m   get config(): ThreatHuntingSystemConfig {
[7m    [0m [91m      ~~~~~~[0m

[96msrc/lib/security/threat-intelligence/ThreatIntelligenceDatabase.ts[0m:[93m9[0m:[93m10[0m - [91merror[0m[90m TS2614: [0mModule '"ioredis"' has no exported member 'Redis'. Did you mean to use 'import Redis from "ioredis"' instead?

[7m9[0m import { Redis } from 'ioredis'
[7m [0m [91m         ~~~~~[0m

[96msrc/lib/security/threat-intelligence/ThreatIntelligenceDatabase.ts[0m:[93m14[0m:[93m26[0m - [91merror[0m[90m TS2307: [0mCannot find module '../audit-logging' or its corresponding type declarations.

[7m14[0m import { auditLog } from '../audit-logging'
[7m  [0m [91m                         ~~~~~~~~~~~~~~~~~~[0m

[96msrc/lib/security/threat-intelligence/ThreatIntelligenceDatabase.ts[0m:[93m15[0m:[93m34[0m - [91merror[0m[90m TS2307: [0mCannot find module '../encryption' or its corresponding type declarations.

[7m15[0m import { encrypt, decrypt } from '../encryption'
[7m  [0m [91m                                 ~~~~~~~~~~~~~~~[0m

[96msrc/lib/security/threat-intelligence/ThreatIntelligenceDatabase.ts[0m:[93m168[0m:[93m11[0m - [91merror[0m[90m TS2564: [0mProperty 'manifestCollection' has no initializer and is not definitely assigned in the constructor.

[7m168[0m   private manifestCollection: Collection<TAXIIManifestEntry>
[7m   [0m [91m          ~~~~~~~~~~~~~~~~~~[0m

[96msrc/lib/security/threat-intelligence/ThreatIntelligenceDatabase.ts[0m:[93m173[0m:[93m32[0m - [91merror[0m[90m TS2300: [0mDuplicate identifier 'config'.

[7m173[0m   constructor(private readonly config: ThreatIntelligenceDatabaseConfig) {
[7m   [0m [91m                               ~~~~~~[0m

[96msrc/lib/security/threat-intelligence/ThreatIntelligenceDatabase.ts[0m:[93m805[0m:[93m11[0m - [91merror[0m[90m TS2353: [0mObject literal may only specify known properties, and 'collection_id' does not exist in type 'WithoutId<TAXIIManifestEntry>'.

[7m805[0m           collection_id: collectionId,
[7m   [0m [91m          ~~~~~~~~~~~~~[0m

[96msrc/lib/security/threat-intelligence/ThreatIntelligenceDatabase.ts[0m:[93m1184[0m:[93m18[0m - [91merror[0m[90m TS4111: [0mProperty '_id' comes from an index signature, so it must be accessed with ['_id'].

[7m1184[0m         acc[item._id] = item.count
[7m    [0m [91m                 ~~~[0m

[96msrc/lib/security/threat-intelligence/ThreatIntelligenceDatabase.ts[0m:[93m1184[0m:[93m30[0m - [91merror[0m[90m TS4111: [0mProperty 'count' comes from an index signature, so it must be accessed with ['count'].

[7m1184[0m         acc[item._id] = item.count
[7m    [0m [91m                             ~~~~~[0m

[96msrc/lib/security/threat-intelligence/ThreatIntelligenceDatabase.ts[0m:[93m1344[0m:[93m7[0m - [91merror[0m[90m TS2300: [0mDuplicate identifier 'config'.

[7m1344[0m   get config(): ThreatIntelligenceDatabaseConfig {
[7m    [0m [91m      ~~~~~~[0m

[96msrc/lib/security/threat-intelligence/ThreatValidationSystem.ts[0m:[93m9[0m:[93m10[0m - [91merror[0m[90m TS2614: [0mModule '"ioredis"' has no exported member 'Redis'. Did you mean to use 'import Redis from "ioredis"' instead?

[7m9[0m import { Redis } from 'ioredis'
[7m [0m [91m         ~~~~~[0m

[96msrc/lib/security/threat-intelligence/ThreatValidationSystem.ts[0m:[93m174[0m:[93m11[0m - [91merror[0m[90m TS2564: [0mProperty 'mongoClient' has no initializer and is not definitely assigned in the constructor.

[7m174[0m   private mongoClient: MongoClient
[7m   [0m [91m          ~~~~~~~~~~~[0m

[96msrc/lib/security/threat-intelligence/ThreatValidationSystem.ts[0m:[93m175[0m:[93m11[0m - [91merror[0m[90m TS2564: [0mProperty 'db' has no initializer and is not definitely assigned in the constructor.

[7m175[0m   private db: Db
[7m   [0m [91m          ~~[0m

[96msrc/lib/security/threat-intelligence/ThreatValidationSystem.ts[0m:[93m176[0m:[93m11[0m - [91merror[0m[90m TS2564: [0mProperty 'validationsCollection' has no initializer and is not definitely assigned in the constructor.

[7m176[0m   private validationsCollection: Collection<ThreatValidation>
[7m   [0m [91m          ~~~~~~~~~~~~~~~~~~~~~[0m

[96msrc/lib/security/threat-intelligence/ThreatValidationSystem.ts[0m:[93m177[0m:[93m11[0m - [91merror[0m[90m TS2564: [0mProperty 'queueCollection' has no initializer and is not definitely assigned in the constructor.

[7m177[0m   private queueCollection: Collection<ValidationQueueItem>
[7m   [0m [91m          ~~~~~~~~~~~~~~~[0m

[96msrc/lib/security/threat-intelligence/ThreatValidationSystem.ts[0m:[93m178[0m:[93m11[0m - [91merror[0m[90m TS2564: [0mProperty 'threatDataCollection' has no initializer and is not definitely assigned in the constructor.

[7m178[0m   private threatDataCollection: Collection<ThreatData>
[7m   [0m [91m          ~~~~~~~~~~~~~~~~~~~~[0m

[96msrc/lib/security/threat-intelligence/ThreatValidationSystem.ts[0m:[93m179[0m:[93m11[0m - [91merror[0m[90m TS2564: [0mProperty 'validationHistoryCollection' has no initializer and is not definitely assigned in the constructor.

[7m179[0m   private validationHistoryCollection: Collection<ValidationHistoryEntry>
[7m   [0m [91m          ~~~~~~~~~~~~~~~~~~~~~~~~~~~[0m

[96msrc/lib/security/threat-intelligence/ThreatValidationSystem.ts[0m:[93m186[0m:[93m32[0m - [91merror[0m[90m TS2300: [0mDuplicate identifier 'config'.

[7m186[0m   constructor(private readonly config: ThreatValidationSystemConfig) {
[7m   [0m [91m                               ~~~~~~[0m

[96msrc/lib/security/threat-intelligence/ThreatValidationSystem.ts[0m:[93m293[0m:[93m63[0m - [91merror[0m[90m TS7006: [0mParameter 'message' implicitly has an 'any' type.

[7m293[0m       await subscriber.subscribe('validation:request', async (message) => {
[7m   [0m [91m                                                              ~~~~~~~[0m

[96msrc/lib/security/threat-intelligence/ThreatValidationSystem.ts[0m:[93m308[0m:[93m65[0m - [91merror[0m[90m TS7006: [0mParameter 'message' implicitly has an 'any' type.

[7m308[0m       await subscriber.subscribe('validation:completed', async (message) => {
[7m   [0m [91m                                                                ~~~~~~~[0m

[96msrc/lib/security/threat-intelligence/ThreatValidationSystem.ts[0m:[93m502[0m:[93m9[0m - [91merror[0m[90m TS2322: [0mType 'string' is not assignable to type '"completeness" | "accuracy" | "timeliness" | "reliability" | "compliance"'.

[7m502[0m         validation_type: queueItem.validation_types[0] ?? 'accuracy',
[7m   [0m [91m        ~~~~~~~~~~~~~~~[0m

  [96msrc/lib/security/threat-intelligence/ThreatValidationSystem.ts[0m:[93m19[0m:[93m3[0m
    [7m19[0m   validation_type:
    [7m  [0m [96m  ~~~~~~~~~~~~~~~[0m
    The expected type comes from property 'validation_type' which is declared here on type 'ThreatValidation'

[96msrc/lib/security/threat-intelligence/ThreatValidationSystem.ts[0m:[93m671[0m:[93m20[0m - [91merror[0m[90m TS2551: [0mProperty 'validation_types' does not exist on type 'ThreatValidation'. Did you mean 'validation_type'?

[7m671[0m     if (validation.validation_types.includes('accuracy')) {
[7m   [0m [91m                   ~~~~~~~~~~~~~~~~[0m

  [96msrc/lib/security/threat-intelligence/ThreatValidationSystem.ts[0m:[93m19[0m:[93m3[0m
    [7m19[0m   validation_type:
    [7m  [0m [96m  ~~~~~~~~~~~~~~~[0m
    'validation_type' is declared here.

[96msrc/lib/security/threat-intelligence/ThreatValidationSystem.ts[0m:[93m683[0m:[93m20[0m - [91merror[0m[90m TS2551: [0mProperty 'validation_types' does not exist on type 'ThreatValidation'. Did you mean 'validation_type'?

[7m683[0m     if (validation.validation_types.includes('completeness')) {
[7m   [0m [91m                   ~~~~~~~~~~~~~~~~[0m

  [96msrc/lib/security/threat-intelligence/ThreatValidationSystem.ts[0m:[93m19[0m:[93m3[0m
    [7m19[0m   validation_type:
    [7m  [0m [96m  ~~~~~~~~~~~~~~~[0m
    'validation_type' is declared here.

[96msrc/lib/security/threat-intelligence/ThreatValidationSystem.ts[0m:[93m695[0m:[93m20[0m - [91merror[0m[90m TS2551: [0mProperty 'validation_types' does not exist on type 'ThreatValidation'. Did you mean 'validation_type'?

[7m695[0m     if (validation.validation_types.includes('timeliness')) {
[7m   [0m [91m                   ~~~~~~~~~~~~~~~~[0m

  [96msrc/lib/security/threat-intelligence/ThreatValidationSystem.ts[0m:[93m19[0m:[93m3[0m
    [7m19[0m   validation_type:
    [7m  [0m [96m  ~~~~~~~~~~~~~~~[0m
    'validation_type' is declared here.

[96msrc/lib/security/threat-intelligence/ThreatValidationSystem.ts[0m:[93m707[0m:[93m20[0m - [91merror[0m[90m TS2551: [0mProperty 'validation_types' does not exist on type 'ThreatValidation'. Did you mean 'validation_type'?

[7m707[0m     if (validation.validation_types.includes('reliability')) {
[7m   [0m [91m                   ~~~~~~~~~~~~~~~~[0m

  [96msrc/lib/security/threat-intelligence/ThreatValidationSystem.ts[0m:[93m19[0m:[93m3[0m
    [7m19[0m   validation_type:
    [7m  [0m [96m  ~~~~~~~~~~~~~~~[0m
    'validation_type' is declared here.

[96msrc/lib/security/threat-intelligence/ThreatValidationSystem.ts[0m:[93m719[0m:[93m20[0m - [91merror[0m[90m TS2551: [0mProperty 'validation_types' does not exist on type 'ThreatValidation'. Did you mean 'validation_type'?

[7m719[0m     if (validation.validation_types.includes('compliance')) {
[7m   [0m [91m                   ~~~~~~~~~~~~~~~~[0m

  [96msrc/lib/security/threat-intelligence/ThreatValidationSystem.ts[0m:[93m19[0m:[93m3[0m
    [7m19[0m   validation_type:
    [7m  [0m [96m  ~~~~~~~~~~~~~~~[0m
    'validation_type' is declared here.

[96msrc/lib/security/threat-intelligence/ThreatValidationSystem.ts[0m:[93m772[0m:[93m64[0m - [91merror[0m[90m TS2304: [0mCannot find name 'threatData'.

[7m772[0m       const consistencyCheck = await this.checkDataConsistency(threatData)
[7m   [0m [91m                                                               ~~~~~~~~~~[0m

[96msrc/lib/security/threat-intelligence/ThreatValidationSystem.ts[0m:[93m790[0m:[93m70[0m - [91merror[0m[90m TS2304: [0mCannot find name 'threatData'.

[7m790[0m       const crossRefCheck = await this.crossReferenceExternalSources(threatData)
[7m   [0m [91m                                                                     ~~~~~~~~~~[0m

[96msrc/lib/security/threat-intelligence/ThreatValidationSystem.ts[0m:[93m809[0m:[93m63[0m - [91merror[0m[90m TS2304: [0mCannot find name 'threatData'.

[7m809[0m       const patternCheck = await this.validateAgainstPatterns(threatData)
[7m   [0m [91m                                                              ~~~~~~~~~~[0m

[96msrc/lib/security/threat-intelligence/ThreatValidationSystem.ts[0m:[93m1924[0m:[93m7[0m - [91merror[0m[90m TS2300: [0mDuplicate identifier 'config'.

[7m1924[0m   get config(): ThreatValidationSystemConfig {
[7m    [0m [91m      ~~~~~~[0m

[96msrc/lib/security/threat-intelligence/config.ts[0m:[93m8[0m:[93m10[0m - [91merror[0m[90m TS2724: [0m'"./AutomatedThreatResponseOrchestrator"' has no exported member named 'AutomatedThreatResponseOrchestratorConfig'. Did you mean 'AutomatedThreatResponseOrchestrator'?

[7m8[0m import { AutomatedThreatResponseOrchestratorConfig } from './AutomatedThreatResponseOrchestrator'
[7m [0m [91m         ~~~~~~~~~~~~~~~~~~~~~~~~~~~~~~~~~~~~~~~~~[0m

  [96msrc/lib/security/threat-intelligence/AutomatedThreatResponseOrchestrator.ts[0m:[93m138[0m:[93m14[0m
    [7m138[0m export class AutomatedThreatResponseOrchestrator extends EventEmitter {
    [7m   [0m [96m             ~~~~~~~~~~~~~~~~~~~~~~~~~~~~~~~~~~~[0m
    'AutomatedThreatResponseOrchestrator' is declared here.

[96msrc/lib/security/threat-intelligence/config.ts[0m:[93m9[0m:[93m10[0m - [91merror[0m[90m TS2724: [0m'"./EdgeThreatDetectionSystem"' has no exported member named 'EdgeThreatDetectionSystemConfig'. Did you mean 'EdgeThreatDetectionSystem'?

[7m9[0m import { EdgeThreatDetectionSystemConfig } from './EdgeThreatDetectionSystem'
[7m [0m [91m         ~~~~~~~~~~~~~~~~~~~~~~~~~~~~~~~[0m

  [96msrc/lib/security/threat-intelligence/EdgeThreatDetectionSystem.ts[0m:[93m114[0m:[93m14[0m
    [7m114[0m export class EdgeThreatDetectionSystem extends EventEmitter {
    [7m   [0m [96m             ~~~~~~~~~~~~~~~~~~~~~~~~~[0m
    'EdgeThreatDetectionSystem' is declared here.

[96msrc/lib/security/threat-intelligence/config.ts[0m:[93m11[0m:[93m10[0m - [91merror[0m[90m TS2724: [0m'"./GlobalThreatIntelligenceNetwork"' has no exported member named 'GlobalThreatIntelligenceNetworkConfig'. Did you mean 'GlobalThreatIntelligenceNetwork'?

[7m11[0m import { GlobalThreatIntelligenceNetworkConfig } from './GlobalThreatIntelligenceNetwork'
[7m  [0m [91m         ~~~~~~~~~~~~~~~~~~~~~~~~~~~~~~~~~~~~~[0m

  [96msrc/lib/security/threat-intelligence/GlobalThreatIntelligenceNetwork.ts[0m:[93m93[0m:[93m14[0m
    [7m93[0m export class GlobalThreatIntelligenceNetwork extends EventEmitter {
    [7m  [0m [96m             ~~~~~~~~~~~~~~~~~~~~~~~~~~~~~~~[0m
    'GlobalThreatIntelligenceNetwork' is declared here.

[96msrc/lib/security/threat-intelligence/config.ts[0m:[93m12[0m:[93m10[0m - [91merror[0m[90m TS2724: [0m'"./ThreatCorrelationEngine"' has no exported member named 'ThreatCorrelationEngineConfig'. Did you mean 'CorrelationEngineConfig'?

[7m12[0m import { ThreatCorrelationEngineConfig } from './ThreatCorrelationEngine'
[7m  [0m [91m         ~~~~~~~~~~~~~~~~~~~~~~~~~~~~~[0m

[96msrc/lib/security/threat-intelligence/config.ts[0m:[93m29[0m:[93m27[0m - [91merror[0m[90m TS4111: [0mProperty 'NODE_ENV' comes from an index signature, so it must be accessed with ['NODE_ENV'].

[7m29[0m   const env = process.env.NODE_ENV ?? 'development'
[7m  [0m [91m                          ~~~~~~~~[0m

[96msrc/lib/security/threat-intelligence/config.ts[0m:[93m48[0m:[93m22[0m - [91merror[0m[90m TS4111: [0mProperty 'MONGODB_URI' comes from an index signature, so it must be accessed with ['MONGODB_URI'].

[7m48[0m     url: process.env.MONGODB_URI ?? 'mongodb://localhost:27017/pixelated',
[7m  [0m [91m                     ~~~~~~~~~~~[0m

[96msrc/lib/security/threat-intelligence/config.ts[0m:[93m49[0m:[93m27[0m - [91merror[0m[90m TS4111: [0mProperty 'MONGODB_DATABASE' comes from an index signature, so it must be accessed with ['MONGODB_DATABASE'].

[7m49[0m     database: process.env.MONGODB_DATABASE ?? 'pixelated_threat_intel',
[7m  [0m [91m                          ~~~~~~~~~~~~~~~~[0m

[96msrc/lib/security/threat-intelligence/config.ts[0m:[93m52[0m:[93m22[0m - [91merror[0m[90m TS4111: [0mProperty 'REDIS_URL' comes from an index signature, so it must be accessed with ['REDIS_URL'].

[7m52[0m     url: process.env.REDIS_URL ?? 'redis://localhost:6379',
[7m  [0m [91m                     ~~~~~~~~~[0m

[96msrc/lib/security/threat-intelligence/config.ts[0m:[93m53[0m:[93m27[0m - [91merror[0m[90m TS4111: [0mProperty 'REDIS_PASSWORD' comes from an index signature, so it must be accessed with ['REDIS_PASSWORD'].

[7m53[0m     password: process.env.REDIS_PASSWORD,
[7m  [0m [91m                          ~~~~~~~~~~~~~~[0m

[96msrc/lib/security/threat-intelligence/config.ts[0m:[93m56[0m:[93m26[0m - [91merror[0m[90m TS4111: [0mProperty 'PRIMARY_REGION' comes from an index signature, so it must be accessed with ['PRIMARY_REGION'].

[7m56[0m     primary: process.env.PRIMARY_REGION ?? 'us-east-1',
[7m  [0m [91m                         ~~~~~~~~~~~~~~[0m

[96msrc/lib/security/threat-intelligence/config.ts[0m:[93m58[0m:[93m19[0m - [91merror[0m[90m TS4111: [0mProperty 'SECONDARY_REGIONS' comes from an index signature, so it must be accessed with ['SECONDARY_REGIONS'].

[7m58[0m       process.env.SECONDARY_REGIONS ?? 'eu-west-1,ap-southeast-1'
[7m  [0m [91m                  ~~~~~~~~~~~~~~~~~[0m

[96msrc/lib/security/threat-intelligence/config.ts[0m:[93m60[0m:[93m34[0m - [91merror[0m[90m TS4111: [0mProperty 'EDGE_LOCATIONS' comes from an index signature, so it must be accessed with ['EDGE_LOCATIONS'].

[7m60[0m     edge_locations: (process.env.EDGE_LOCATIONS ?? '50').split(',').map(Number),
[7m  [0m [91m                                 ~~~~~~~~~~~~~~[0m

[96msrc/lib/security/threat-intelligence/config.ts[0m:[93m63[0m:[93m29[0m - [91merror[0m[90m TS4111: [0mProperty 'JWT_SECRET' comes from an index signature, so it must be accessed with ['JWT_SECRET'].

[7m63[0m     jwt_secret: process.env.JWT_SECRET ?? generateFallbackSecret('JWT_SECRET'),
[7m  [0m [91m                            ~~~~~~~~~~[0m

[96msrc/lib/security/threat-intelligence/config.ts[0m:[93m65[0m:[93m19[0m - [91merror[0m[90m TS4111: [0mProperty 'ENCRYPTION_KEY' comes from an index signature, so it must be accessed with ['ENCRYPTION_KEY'].

[7m65[0m       process.env.ENCRYPTION_KEY ?? generateFallbackSecret('ENCRYPTION_KEY'),
[7m  [0m [91m                  ~~~~~~~~~~~~~~[0m

[96msrc/lib/security/threat-intelligence/config.ts[0m:[93m67[0m:[93m39[0m - [91merror[0m[90m TS4111: [0mProperty 'RATE_LIMIT_WINDOW' comes from an index signature, so it must be accessed with ['RATE_LIMIT_WINDOW'].

[7m67[0m       window_ms: parseInt(process.env.RATE_LIMIT_WINDOW ?? '900000'), // 15 minutes
[7m  [0m [91m                                      ~~~~~~~~~~~~~~~~~[0m

[96msrc/lib/security/threat-intelligence/config.ts[0m:[93m68[0m:[93m42[0m - [91merror[0m[90m TS4111: [0mProperty 'RATE_LIMIT_MAX' comes from an index signature, so it must be accessed with ['RATE_LIMIT_MAX'].

[7m68[0m       max_requests: parseInt(process.env.RATE_LIMIT_MAX ?? '100'),
[7m  [0m [91m                                         ~~~~~~~~~~~~~~[0m

[96msrc/lib/security/threat-intelligence/config.ts[0m:[93m72[0m:[93m29[0m - [91merror[0m[90m TS4111: [0mProperty 'SENTRY_DSN' comes from an index signature, so it must be accessed with ['SENTRY_DSN'].

[7m72[0m     sentry_dsn: process.env.SENTRY_DSN,
[7m  [0m [91m                            ~~~~~~~~~~[0m

[96msrc/lib/security/threat-intelligence/config.ts[0m:[93m73[0m:[93m43[0m - [91merror[0m[90m TS4111: [0mProperty 'PROMETHEUS_PORT' comes from an index signature, so it must be accessed with ['PROMETHEUS_PORT'].

[7m73[0m     prometheus_port: parseInt(process.env.PROMETHEUS_PORT ?? '9090'),
[7m  [0m [91m                                          ~~~~~~~~~~~~~~~[0m

[96msrc/lib/security/threat-intelligence/config.ts[0m:[93m74[0m:[93m40[0m - [91merror[0m[90m TS4111: [0mProperty 'GRAFANA_PORT' comes from an index signature, so it must be accessed with ['GRAFANA_PORT'].

[7m74[0m     grafana_port: parseInt(process.env.GRAFANA_PORT ?? '3000'),
[7m  [0m [91m                                       ~~~~~~~~~~~~[0m

[96msrc/lib/security/threat-intelligence/config.ts[0m:[93m81[0m:[93m26[0m - [91merror[0m[90m TS4111: [0mProperty 'STIX_TAXII_ENABLED' comes from an index signature, so it must be accessed with ['STIX_TAXII_ENABLED'].

[7m81[0m     enabled: process.env.STIX_TAXII_ENABLED === 'true',
[7m  [0m [91m                         ~~~~~~~~~~~~~~~~~~[0m

[96msrc/lib/security/threat-intelligence/config.ts[0m:[93m82[0m:[93m26[0m - [91merror[0m[90m TS4111: [0mProperty 'STIX_VERSION' comes from an index signature, so it must be accessed with ['STIX_VERSION'].

[7m82[0m     version: process.env.STIX_VERSION ?? '2.1',
[7m  [0m [91m                         ~~~~~~~~~~~~[0m

[96msrc/lib/security/threat-intelligence/config.ts[0m:[93m83[0m:[93m34[0m - [91merror[0m[90m TS4111: [0mProperty 'STIX_COLLECTION' comes from an index signature, so it must be accessed with ['STIX_COLLECTION'].

[7m83[0m     collection_name: process.env.STIX_COLLECTION ?? 'threat-intel',
[7m  [0m [91m                                 ~~~~~~~~~~~~~~~[0m

[96msrc/lib/security/threat-intelligence/config.ts[0m:[93m84[0m:[93m31[0m - [91merror[0m[90m TS4111: [0mProperty 'TAXII_SERVER' comes from an index signature, so it must be accessed with ['TAXII_SERVER'].

[7m84[0m     taxii_server: process.env.TAXII_SERVER ?? 'https://taxii.example.com',
[7m  [0m [91m                              ~~~~~~~~~~~~[0m

[96msrc/lib/security/threat-intelligence/config.ts[0m:[93m85[0m:[93m33[0m - [91merror[0m[90m TS4111: [0mProperty 'TAXII_USERNAME' comes from an index signature, so it must be accessed with ['TAXII_USERNAME'].

[7m85[0m     taxii_username: process.env.TAXII_USERNAME,
[7m  [0m [91m                                ~~~~~~~~~~~~~~[0m

[96msrc/lib/security/threat-intelligence/config.ts[0m:[93m86[0m:[93m33[0m - [91merror[0m[90m TS4111: [0mProperty 'TAXII_PASSWORD' comes from an index signature, so it must be accessed with ['TAXII_PASSWORD'].

[7m86[0m     taxii_password: process.env.TAXII_PASSWORD,
[7m  [0m [91m                                ~~~~~~~~~~~~~~[0m

[96msrc/lib/security/threat-intelligence/config.ts[0m:[93m89[0m:[93m43[0m - [91merror[0m[90m TS4111: [0mProperty 'INDICATOR_RETENTION_DAYS' comes from an index signature, so it must be accessed with ['INDICATOR_RETENTION_DAYS'].

[7m89[0m     indicators_days: parseInt(process.env.INDICATOR_RETENTION_DAYS ?? '365'),
[7m  [0m [91m                                          ~~~~~~~~~~~~~~~~~~~~~~~~[0m

[96msrc/lib/security/threat-intelligence/config.ts[0m:[93m90[0m:[93m39[0m - [91merror[0m[90m TS4111: [0mProperty 'EVENT_RETENTION_DAYS' comes from an index signature, so it must be accessed with ['EVENT_RETENTION_DAYS'].

[7m90[0m     events_days: parseInt(process.env.EVENT_RETENTION_DAYS ?? '730'),
[7m  [0m [91m                                      ~~~~~~~~~~~~~~~~~~~~[0m

[96msrc/lib/security/threat-intelligence/config.ts[0m:[93m91[0m:[93m43[0m - [91merror[0m[90m TS4111: [0mProperty 'AUDIT_LOG_RETENTION_DAYS' comes from an index signature, so it must be accessed with ['AUDIT_LOG_RETENTION_DAYS'].

[7m91[0m     audit_logs_days: parseInt(process.env.AUDIT_LOG_RETENTION_DAYS ?? '2555'), // 7 years
[7m  [0m [91m                                          ~~~~~~~~~~~~~~~~~~~~~~~~[0m

[96msrc/lib/security/threat-intelligence/config.ts[0m:[93m94[0m:[93m26[0m - [91merror[0m[90m TS4111: [0mProperty 'ENCRYPTION_ENABLED' comes from an index signature, so it must be accessed with ['ENCRYPTION_ENABLED'].

[7m94[0m     enabled: process.env.ENCRYPTION_ENABLED !== 'false',
[7m  [0m [91m                         ~~~~~~~~~~~~~~~~~~[0m

[96msrc/lib/security/threat-intelligence/config.ts[0m:[93m95[0m:[93m5[0m - [91merror[0m[90m TS2353: [0mObject literal may only specify known properties, and 'algorithm' does not exist in type '{ enabled: boolean; key: string; }'.

[7m95[0m     algorithm: 'aes-256-gcm',
[7m  [0m [91m    ~~~~~~~~~[0m

  [96msrc/lib/security/threat-intelligence/ThreatIntelligenceDatabase.ts[0m:[93m114[0m:[93m3[0m
    [7m114[0m   encryption: {
    [7m   [0m [96m  ~~~~~~~~~~[0m
    The expected type comes from property 'encryption' which is declared here on type 'ThreatIntelligenceDatabaseConfig'

[96msrc/lib/security/threat-intelligence/config.ts[0m:[93m96[0m:[93m45[0m - [91merror[0m[90m TS4111: [0mProperty 'KEY_ROTATION_DAYS' comes from an index signature, so it must be accessed with ['KEY_ROTATION_DAYS'].

[7m96[0m     key_rotation_days: parseInt(process.env.KEY_ROTATION_DAYS ?? '90'),
[7m  [0m [91m                                            ~~~~~~~~~~~~~~~~~[0m

[96msrc/lib/security/threat-intelligence/config.ts[0m:[93m99[0m:[93m26[0m - [91merror[0m[90m TS4111: [0mProperty 'BACKUP_ENABLED' comes from an index signature, so it must be accessed with ['BACKUP_ENABLED'].

[7m99[0m     enabled: process.env.BACKUP_ENABLED !== 'false',
[7m  [0m [91m                         ~~~~~~~~~~~~~~[0m

[96msrc/lib/security/threat-intelligence/config.ts[0m:[93m100[0m:[93m27[0m - [91merror[0m[90m TS4111: [0mProperty 'BACKUP_SCHEDULE' comes from an index signature, so it must be accessed with ['BACKUP_SCHEDULE'].

[7m100[0m     schedule: process.env.BACKUP_SCHEDULE ?? '0 2 * * *', // Daily at 2 AM
[7m   [0m [91m                          ~~~~~~~~~~~~~~~[0m

[96msrc/lib/security/threat-intelligence/config.ts[0m:[93m101[0m:[93m42[0m - [91merror[0m[90m TS4111: [0mProperty 'BACKUP_RETENTION_DAYS' comes from an index signature, so it must be accessed with ['BACKUP_RETENTION_DAYS'].

[7m101[0m     retention_days: parseInt(process.env.BACKUP_RETENTION_DAYS ?? '30'),
[7m   [0m [91m                                         ~~~~~~~~~~~~~~~~~~~~~[0m

[96msrc/lib/security/threat-intelligence/config.ts[0m:[93m102[0m:[93m35[0m - [91merror[0m[90m TS4111: [0mProperty 'BACKUP_STORAGE' comes from an index signature, so it must be accessed with ['BACKUP_STORAGE'].

[7m102[0m     storage_provider: process.env.BACKUP_STORAGE ?? 's3',
[7m   [0m [91m                                  ~~~~~~~~~~~~~~[0m

[96msrc/lib/security/threat-intelligence/config.ts[0m:[93m112[0m:[93m21[0m - [91merror[0m[90m TS4111: [0mProperty 'US_EAST_ENDPOINT' comes from an index signature, so it must be accessed with ['US_EAST_ENDPOINT'].

[7m112[0m         process.env.US_EAST_ENDPOINT ?? 'https://api-us-east.pixelated.com',
[7m   [0m [91m                    ~~~~~~~~~~~~~~~~[0m

[96msrc/lib/security/threat-intelligence/config.ts[0m:[93m115[0m:[93m42[0m - [91merror[0m[90m TS4111: [0mProperty 'US_EAST_CAPACITY' comes from an index signature, so it must be accessed with ['US_EAST_CAPACITY'].

[7m115[0m       max_capacity: parseInt(process.env.US_EAST_CAPACITY ?? '10000'),
[7m   [0m [91m                                         ~~~~~~~~~~~~~~~~[0m

[96msrc/lib/security/threat-intelligence/config.ts[0m:[93m120[0m:[93m21[0m - [91merror[0m[90m TS4111: [0mProperty 'EU_WEST_ENDPOINT' comes from an index signature, so it must be accessed with ['EU_WEST_ENDPOINT'].

[7m120[0m         process.env.EU_WEST_ENDPOINT ?? 'https://api-eu-west.pixelated.com',
[7m   [0m [91m                    ~~~~~~~~~~~~~~~~[0m

[96msrc/lib/security/threat-intelligence/config.ts[0m:[93m123[0m:[93m42[0m - [91merror[0m[90m TS4111: [0mProperty 'EU_WEST_CAPACITY' comes from an index signature, so it must be accessed with ['EU_WEST_CAPACITY'].

[7m123[0m       max_capacity: parseInt(process.env.EU_WEST_CAPACITY ?? '8000'),
[7m   [0m [91m                                         ~~~~~~~~~~~~~~~~[0m

[96msrc/lib/security/threat-intelligence/config.ts[0m:[93m128[0m:[93m21[0m - [91merror[0m[90m TS4111: [0mProperty 'AP_SOUTHEAST_ENDPOINT' comes from an index signature, so it must be accessed with ['AP_SOUTHEAST_ENDPOINT'].

[7m128[0m         process.env.AP_SOUTHEAST_ENDPOINT ??
[7m   [0m [91m                    ~~~~~~~~~~~~~~~~~~~~~[0m

[96msrc/lib/security/threat-intelligence/config.ts[0m:[93m132[0m:[93m42[0m - [91merror[0m[90m TS4111: [0mProperty 'AP_SOUTHEAST_CAPACITY' comes from an index signature, so it must be accessed with ['AP_SOUTHEAST_CAPACITY'].

[7m132[0m       max_capacity: parseInt(process.env.AP_SOUTHEAST_CAPACITY ?? '6000'),
[7m   [0m [91m                                         ~~~~~~~~~~~~~~~~~~~~~[0m

[96msrc/lib/security/threat-intelligence/config.ts[0m:[93m136[0m:[93m39[0m - [91merror[0m[90m TS4111: [0mProperty 'SYNC_INTERVAL_MS' comes from an index signature, so it must be accessed with ['SYNC_INTERVAL_MS'].

[7m136[0m     interval_ms: parseInt(process.env.SYNC_INTERVAL_MS ?? '30000'), // 30 seconds
[7m   [0m [91m                                      ~~~~~~~~~~~~~~~~[0m

[96msrc/lib/security/threat-intelligence/config.ts[0m:[93m137[0m:[93m38[0m - [91merror[0m[90m TS4111: [0mProperty 'SYNC_BATCH_SIZE' comes from an index signature, so it must be accessed with ['SYNC_BATCH_SIZE'].

[7m137[0m     batch_size: parseInt(process.env.SYNC_BATCH_SIZE ?? '1000'),
[7m   [0m [91m                                     ~~~~~~~~~~~~~~~[0m

[96msrc/lib/security/threat-intelligence/config.ts[0m:[93m138[0m:[93m39[0m - [91merror[0m[90m TS4111: [0mProperty 'SYNC_MAX_RETRIES' comes from an index signature, so it must be accessed with ['SYNC_MAX_RETRIES'].

[7m138[0m     max_retries: parseInt(process.env.SYNC_MAX_RETRIES ?? '3'),
[7m   [0m [91m                                      ~~~~~~~~~~~~~~~~[0m

[96msrc/lib/security/threat-intelligence/config.ts[0m:[93m139[0m:[93m38[0m - [91merror[0m[90m TS4111: [0mProperty 'SYNC_TIMEOUT_MS' comes from an index signature, so it must be accessed with ['SYNC_TIMEOUT_MS'].

[7m139[0m     timeout_ms: parseInt(process.env.SYNC_TIMEOUT_MS ?? '10000'),
[7m   [0m [91m                                     ~~~~~~~~~~~~~~~[0m

[96msrc/lib/security/threat-intelligence/config.ts[0m:[93m142[0m:[93m26[0m - [91merror[0m[90m TS4111: [0mProperty 'PROPAGATION_ENABLED' comes from an index signature, so it must be accessed with ['PROPAGATION_ENABLED'].

[7m142[0m     enabled: process.env.PROPAGATION_ENABLED !== 'false',
[7m   [0m [91m                         ~~~~~~~~~~~~~~~~~~~[0m

[96msrc/lib/security/threat-intelligence/config.ts[0m:[93m143[0m:[93m25[0m - [91merror[0m[90m TS4111: [0mProperty 'PROPAGATION_METHOD' comes from an index signature, so it must be accessed with ['PROPAGATION_METHOD'].

[7m143[0m     method: process.env.PROPAGATION_METHOD ?? 'push_pull',
[7m   [0m [91m                        ~~~~~~~~~~~~~~~~~~[0m

[96msrc/lib/security/threat-intelligence/config.ts[0m:[93m145[0m:[93m19[0m - [91merror[0m[90m TS4111: [0mProperty 'PROPAGATION_PRIORITIES' comes from an index signature, so it must be accessed with ['PROPAGATION_PRIORITIES'].

[7m145[0m       process.env.PROPAGATION_PRIORITIES ?? 'critical,high,medium,low'
[7m   [0m [91m                  ~~~~~~~~~~~~~~~~~~~~~~[0m

[96msrc/lib/security/threat-intelligence/config.ts[0m:[93m149[0m:[93m26[0m - [91merror[0m[90m TS4111: [0mProperty 'HEALTH_CHECK_ENABLED' comes from an index signature, so it must be accessed with ['HEALTH_CHECK_ENABLED'].

[7m149[0m     enabled: process.env.HEALTH_CHECK_ENABLED !== 'false',
[7m   [0m [91m                         ~~~~~~~~~~~~~~~~~~~~[0m

[96msrc/lib/security/threat-intelligence/config.ts[0m:[93m150[0m:[93m39[0m - [91merror[0m[90m TS4111: [0mProperty 'HEALTH_CHECK_INTERVAL' comes from an index signature, so it must be accessed with ['HEALTH_CHECK_INTERVAL'].

[7m150[0m     interval_ms: parseInt(process.env.HEALTH_CHECK_INTERVAL ?? '60000'), // 1 minute
[7m   [0m [91m                                      ~~~~~~~~~~~~~~~~~~~~~[0m

[96msrc/lib/security/threat-intelligence/config.ts[0m:[93m151[0m:[93m38[0m - [91merror[0m[90m TS4111: [0mProperty 'HEALTH_CHECK_TIMEOUT' comes from an index signature, so it must be accessed with ['HEALTH_CHECK_TIMEOUT'].

[7m151[0m     timeout_ms: parseInt(process.env.HEALTH_CHECK_TIMEOUT ?? '5000'),
[7m   [0m [91m                                     ~~~~~~~~~~~~~~~~~~~~[0m

[96msrc/lib/security/threat-intelligence/config.ts[0m:[93m169[0m:[93m28[0m - [91merror[0m[90m TS4111: [0mProperty 'ANOMALY_DETECTION_ENABLED' comes from an index signature, so it must be accessed with ['ANOMALY_DETECTION_ENABLED'].

[7m169[0m       enabled: process.env.ANOMALY_DETECTION_ENABLED !== 'false',
[7m   [0m [91m                           ~~~~~~~~~~~~~~~~~~~~~~~~~[0m

[96msrc/lib/security/threat-intelligence/config.ts[0m:[93m171[0m:[93m21[0m - [91merror[0m[90m TS4111: [0mProperty 'ANOMALY_MODEL_PATH' comes from an index signature, so it must be accessed with ['ANOMALY_MODEL_PATH'].

[7m171[0m         process.env.ANOMALY_MODEL_PATH ?? '/models/anomaly_detection.tf',
[7m   [0m [91m                    ~~~~~~~~~~~~~~~~~~[0m

[96msrc/lib/security/threat-intelligence/config.ts[0m:[93m172[0m:[93m41[0m - [91merror[0m[90m TS4111: [0mProperty 'ANOMALY_THRESHOLD' comes from an index signature, so it must be accessed with ['ANOMALY_THRESHOLD'].

[7m172[0m       threshold: parseFloat(process.env.ANOMALY_THRESHOLD ?? '0.7'),
[7m   [0m [91m                                        ~~~~~~~~~~~~~~~~~[0m

[96msrc/lib/security/threat-intelligence/config.ts[0m:[93m173[0m:[93m46[0m - [91merror[0m[90m TS4111: [0mProperty 'ANOMALY_UPDATE_FREQ' comes from an index signature, so it must be accessed with ['ANOMALY_UPDATE_FREQ'].

[7m173[0m       update_frequency: parseInt(process.env.ANOMALY_UPDATE_FREQ ?? '86400000'), // 24 hours
[7m   [0m [91m                                             ~~~~~~~~~~~~~~~~~~~[0m

[96msrc/lib/security/threat-intelligence/config.ts[0m:[93m176[0m:[93m28[0m - [91merror[0m[90m TS4111: [0mProperty 'THREAT_CLASSIFICATION_ENABLED' comes from an index signature, so it must be accessed with ['THREAT_CLASSIFICATION_ENABLED'].

[7m176[0m       enabled: process.env.THREAT_CLASSIFICATION_ENABLED !== 'false',
[7m   [0m [91m                           ~~~~~~~~~~~~~~~~~~~~~~~~~~~~~[0m

[96msrc/lib/security/threat-intelligence/config.ts[0m:[93m178[0m:[93m21[0m - [91merror[0m[90m TS4111: [0mProperty 'CLASSIFICATION_MODEL_PATH' comes from an index signature, so it must be accessed with ['CLASSIFICATION_MODEL_PATH'].

[7m178[0m         process.env.CLASSIFICATION_MODEL_PATH ?? '/models/threat_classifier.tf',
[7m   [0m [91m                    ~~~~~~~~~~~~~~~~~~~~~~~~~[0m

[96msrc/lib/security/threat-intelligence/config.ts[0m:[93m180[0m:[93m21[0m - [91merror[0m[90m TS4111: [0mProperty 'CLASSIFICATION_THRESHOLD' comes from an index signature, so it must be accessed with ['CLASSIFICATION_THRESHOLD'].

[7m180[0m         process.env.CLASSIFICATION_THRESHOLD ?? '0.8',
[7m   [0m [91m                    ~~~~~~~~~~~~~~~~~~~~~~~~[0m

[96msrc/lib/security/threat-intelligence/config.ts[0m:[93m183[0m:[93m21[0m - [91merror[0m[90m TS4111: [0mProperty 'THREAT_CLASSES' comes from an index signature, so it must be accessed with ['THREAT_CLASSES'].

[7m183[0m         process.env.THREAT_CLASSES ?? 'malware,phishing,ddos,data_breach'
[7m   [0m [91m                    ~~~~~~~~~~~~~~[0m

[96msrc/lib/security/threat-intelligence/config.ts[0m:[93m187[0m:[93m28[0m - [91merror[0m[90m TS4111: [0mProperty 'CLUSTERING_ENABLED' comes from an index signature, so it must be accessed with ['CLUSTERING_ENABLED'].

[7m187[0m       enabled: process.env.CLUSTERING_ENABLED !== 'false',
[7m   [0m [91m                           ~~~~~~~~~~~~~~~~~~[0m

[96msrc/lib/security/threat-intelligence/config.ts[0m:[93m189[0m:[93m21[0m - [91merror[0m[90m TS4111: [0mProperty 'CLUSTERING_MODEL_PATH' comes from an index signature, so it must be accessed with ['CLUSTERING_MODEL_PATH'].

[7m189[0m         process.env.CLUSTERING_MODEL_PATH ?? '/models/threat_clustering.tf',
[7m   [0m [91m                    ~~~~~~~~~~~~~~~~~~~~~[0m

[96msrc/lib/security/threat-intelligence/config.ts[0m:[93m190[0m:[93m42[0m - [91merror[0m[90m TS4111: [0mProperty 'NUM_CLUSTERS' comes from an index signature, so it must be accessed with ['NUM_CLUSTERS'].

[7m190[0m       num_clusters: parseInt(process.env.NUM_CLUSTERS ?? '10'),
[7m   [0m [91m                                         ~~~~~~~~~~~~[0m

[96msrc/lib/security/threat-intelligence/config.ts[0m:[93m193[0m:[93m28[0m - [91merror[0m[90m TS4111: [0mProperty 'PREDICTION_ENABLED' comes from an index signature, so it must be accessed with ['PREDICTION_ENABLED'].

[7m193[0m       enabled: process.env.PREDICTION_ENABLED !== 'false',
[7m   [0m [91m                           ~~~~~~~~~~~~~~~~~~[0m

[96msrc/lib/security/threat-intelligence/config.ts[0m:[93m195[0m:[93m21[0m - [91merror[0m[90m TS4111: [0mProperty 'PREDICTION_MODEL_PATH' comes from an index signature, so it must be accessed with ['PREDICTION_MODEL_PATH'].

[7m195[0m         process.env.PREDICTION_MODEL_PATH ?? '/models/threat_prediction.tf',
[7m   [0m [91m                    ~~~~~~~~~~~~~~~~~~~~~[0m

[96msrc/lib/security/threat-intelligence/config.ts[0m:[93m196[0m:[93m47[0m - [91merror[0m[90m TS4111: [0mProperty 'PREDICTION_WINDOW' comes from an index signature, so it must be accessed with ['PREDICTION_WINDOW'].

[7m196[0m       prediction_window: parseInt(process.env.PREDICTION_WINDOW ?? '24'), // hours
[7m   [0m [91m                                              ~~~~~~~~~~~~~~~~~[0m

[96msrc/lib/security/threat-intelligence/config.ts[0m:[93m200[0m:[93m33[0m - [91merror[0m[90m TS4111: [0mProperty 'DETECTION_THRESHOLD_LOW' comes from an index signature, so it must be accessed with ['DETECTION_THRESHOLD_LOW'].

[7m200[0m     low: parseFloat(process.env.DETECTION_THRESHOLD_LOW ?? '0.3'),
[7m   [0m [91m                                ~~~~~~~~~~~~~~~~~~~~~~~[0m

[96msrc/lib/security/threat-intelligence/config.ts[0m:[93m201[0m:[93m36[0m - [91merror[0m[90m TS4111: [0mProperty 'DETECTION_THRESHOLD_MEDIUM' comes from an index signature, so it must be accessed with ['DETECTION_THRESHOLD_MEDIUM'].

[7m201[0m     medium: parseFloat(process.env.DETECTION_THRESHOLD_MEDIUM ?? '0.6'),
[7m   [0m [91m                                   ~~~~~~~~~~~~~~~~~~~~~~~~~~[0m

[96msrc/lib/security/threat-intelligence/config.ts[0m:[93m202[0m:[93m34[0m - [91merror[0m[90m TS4111: [0mProperty 'DETECTION_THRESHOLD_HIGH' comes from an index signature, so it must be accessed with ['DETECTION_THRESHOLD_HIGH'].

[7m202[0m     high: parseFloat(process.env.DETECTION_THRESHOLD_HIGH ?? '0.8'),
[7m   [0m [91m                                 ~~~~~~~~~~~~~~~~~~~~~~~~[0m

[96msrc/lib/security/threat-intelligence/config.ts[0m:[93m203[0m:[93m38[0m - [91merror[0m[90m TS4111: [0mProperty 'DETECTION_THRESHOLD_CRITICAL' comes from an index signature, so it must be accessed with ['DETECTION_THRESHOLD_CRITICAL'].

[7m203[0m     critical: parseFloat(process.env.DETECTION_THRESHOLD_CRITICAL ?? '0.9'),
[7m   [0m [91m                                     ~~~~~~~~~~~~~~~~~~~~~~~~~~~~[0m

[96msrc/lib/security/threat-intelligence/config.ts[0m:[93m206[0m:[93m50[0m - [91merror[0m[90m TS4111: [0mProperty 'MAX_PROCESSING_TIME' comes from an index signature, so it must be accessed with ['MAX_PROCESSING_TIME'].

[7m206[0m     max_processing_time_ms: parseInt(process.env.MAX_PROCESSING_TIME ?? '1000'),
[7m   [0m [91m                                                 ~~~~~~~~~~~~~~~~~~~[0m

[96msrc/lib/security/threat-intelligence/config.ts[0m:[93m207[0m:[93m40[0m - [91merror[0m[90m TS4111: [0mProperty 'CACHE_TTL' comes from an index signature, so it must be accessed with ['CACHE_TTL'].

[7m207[0m     cache_ttl_ms: parseInt(process.env.CACHE_TTL ?? '300000'), // 5 minutes
[7m   [0m [91m                                       ~~~~~~~~~[0m

[96msrc/lib/security/threat-intelligence/config.ts[0m:[93m208[0m:[93m38[0m - [91merror[0m[90m TS4111: [0mProperty 'EDGE_BATCH_SIZE' comes from an index signature, so it must be accessed with ['EDGE_BATCH_SIZE'].

[7m208[0m     batch_size: parseInt(process.env.EDGE_BATCH_SIZE ?? '100'),
[7m   [0m [91m                                     ~~~~~~~~~~~~~~~[0m

[96msrc/lib/security/threat-intelligence/config.ts[0m:[93m216[0m:[93m28[0m - [91merror[0m[90m TS4111: [0mProperty 'TEMPORAL_CORRELATION_ENABLED' comes from an index signature, so it must be accessed with ['TEMPORAL_CORRELATION_ENABLED'].

[7m216[0m       enabled: process.env.TEMPORAL_CORRELATION_ENABLED !== 'false',
[7m   [0m [91m                           ~~~~~~~~~~~~~~~~~~~~~~~~~~~~[0m

[96msrc/lib/security/threat-intelligence/config.ts[0m:[93m217[0m:[93m47[0m - [91merror[0m[90m TS4111: [0mProperty 'TEMPORAL_WINDOW' comes from an index signature, so it must be accessed with ['TEMPORAL_WINDOW'].

[7m217[0m       time_window_hours: parseInt(process.env.TEMPORAL_WINDOW ?? '24'),
[7m   [0m [91m                                              ~~~~~~~~~~~~~~~[0m

[96msrc/lib/security/threat-intelligence/config.ts[0m:[93m219[0m:[93m21[0m - [91merror[0m[90m TS4111: [0mProperty 'TEMPORAL_SIMILARITY' comes from an index signature, so it must be accessed with ['TEMPORAL_SIMILARITY'].

[7m219[0m         process.env.TEMPORAL_SIMILARITY ?? '0.7',
[7m   [0m [91m                    ~~~~~~~~~~~~~~~~~~~[0m

[96msrc/lib/security/threat-intelligence/config.ts[0m:[93m223[0m:[93m28[0m - [91merror[0m[90m TS4111: [0mProperty 'SPATIAL_CORRELATION_ENABLED' comes from an index signature, so it must be accessed with ['SPATIAL_CORRELATION_ENABLED'].

[7m223[0m       enabled: process.env.SPATIAL_CORRELATION_ENABLED !== 'false',
[7m   [0m [91m                           ~~~~~~~~~~~~~~~~~~~~~~~~~~~[0m

[96msrc/lib/security/threat-intelligence/config.ts[0m:[93m224[0m:[93m51[0m - [91merror[0m[90m TS4111: [0mProperty 'SPATIAL_DISTANCE' comes from an index signature, so it must be accessed with ['SPATIAL_DISTANCE'].

[7m224[0m       distance_threshold_km: parseInt(process.env.SPATIAL_DISTANCE ?? '100'),
[7m   [0m [91m                                                  ~~~~~~~~~~~~~~~~[0m

[96msrc/lib/security/threat-intelligence/config.ts[0m:[93m225[0m:[93m45[0m - [91merror[0m[90m TS4111: [0mProperty 'SPATIAL_REGION_WEIGHT' comes from an index signature, so it must be accessed with ['SPATIAL_REGION_WEIGHT'].

[7m225[0m       region_weight: parseFloat(process.env.SPATIAL_REGION_WEIGHT ?? '0.5'),
[7m   [0m [91m                                            ~~~~~~~~~~~~~~~~~~~~~[0m

[96msrc/lib/security/threat-intelligence/config.ts[0m:[93m228[0m:[93m28[0m - [91merror[0m[90m TS4111: [0mProperty 'BEHAVIORAL_CORRELATION_ENABLED' comes from an index signature, so it must be accessed with ['BEHAVIORAL_CORRELATION_ENABLED'].

[7m228[0m       enabled: process.env.BEHAVIORAL_CORRELATION_ENABLED !== 'false',
[7m   [0m [91m                           ~~~~~~~~~~~~~~~~~~~~~~~~~~~~~~[0m

[96msrc/lib/security/threat-intelligence/config.ts[0m:[93m230[0m:[93m21[0m - [91merror[0m[90m TS4111: [0mProperty 'BEHAVIORAL_SIMILARITY' comes from an index signature, so it must be accessed with ['BEHAVIORAL_SIMILARITY'].

[7m230[0m         process.env.BEHAVIORAL_SIMILARITY ?? '0.8',
[7m   [0m [91m                    ~~~~~~~~~~~~~~~~~~~~~[0m

[96msrc/lib/security/threat-intelligence/config.ts[0m:[93m232[0m:[93m45[0m - [91merror[0m[90m TS4111: [0mProperty 'BEHAVIORAL_LEARNING_RATE' comes from an index signature, so it must be accessed with ['BEHAVIORAL_LEARNING_RATE'].

[7m232[0m       learning_rate: parseFloat(process.env.BEHAVIORAL_LEARNING_RATE ?? '0.01'),
[7m   [0m [91m                                            ~~~~~~~~~~~~~~~~~~~~~~~~[0m

[96msrc/lib/security/threat-intelligence/config.ts[0m:[93m235[0m:[93m28[0m - [91merror[0m[90m TS4111: [0mProperty 'ATTRIBUTION_CORRELATION_ENABLED' comes from an index signature, so it must be accessed with ['ATTRIBUTION_CORRELATION_ENABLED'].

[7m235[0m       enabled: process.env.ATTRIBUTION_CORRELATION_ENABLED !== 'false',
[7m   [0m [91m                           ~~~~~~~~~~~~~~~~~~~~~~~~~~~~~~~[0m

[96msrc/lib/security/threat-intelligence/config.ts[0m:[93m237[0m:[93m21[0m - [91merror[0m[90m TS4111: [0mProperty 'ATTRIBUTION_CONFIDENCE' comes from an index signature, so it must be accessed with ['ATTRIBUTION_CONFIDENCE'].

[7m237[0m         process.env.ATTRIBUTION_CONFIDENCE ?? '0.6',
[7m   [0m [91m                    ~~~~~~~~~~~~~~~~~~~~~~[0m

[96msrc/lib/security/threat-intelligence/config.ts[0m:[93m240[0m:[93m21[0m - [91merror[0m[90m TS4111: [0mProperty 'MAX_ATTRIBUTION_ATTEMPTS' comes from an index signature, so it must be accessed with ['MAX_ATTRIBUTION_ATTEMPTS'].

[7m240[0m         process.env.MAX_ATTRIBUTION_ATTEMPTS ?? '5',
[7m   [0m [91m                    ~~~~~~~~~~~~~~~~~~~~~~~~[0m

[96msrc/lib/security/threat-intelligence/config.ts[0m:[93m246[0m:[93m28[0m - [91merror[0m[90m TS4111: [0mProperty 'SIMILARITY_DETECTION_ENABLED' comes from an index signature, so it must be accessed with ['SIMILARITY_DETECTION_ENABLED'].

[7m246[0m       enabled: process.env.SIMILARITY_DETECTION_ENABLED !== 'false',
[7m   [0m [91m                           ~~~~~~~~~~~~~~~~~~~~~~~~~~~~[0m

[96msrc/lib/security/threat-intelligence/config.ts[0m:[93m248[0m:[93m21[0m - [91merror[0m[90m TS4111: [0mProperty 'SIMILARITY_MODEL_PATH' comes from an index signature, so it must be accessed with ['SIMILARITY_MODEL_PATH'].

[7m248[0m         process.env.SIMILARITY_MODEL_PATH ?? '/models/similarity_detection.tf',
[7m   [0m [91m                    ~~~~~~~~~~~~~~~~~~~~~[0m

[96msrc/lib/security/threat-intelligence/config.ts[0m:[93m249[0m:[93m41[0m - [91merror[0m[90m TS4111: [0mProperty 'SIMILARITY_THRESHOLD' comes from an index signature, so it must be accessed with ['SIMILARITY_THRESHOLD'].

[7m249[0m       threshold: parseFloat(process.env.SIMILARITY_THRESHOLD ?? '0.75'),
[7m   [0m [91m                                        ~~~~~~~~~~~~~~~~~~~~[0m

[96msrc/lib/security/threat-intelligence/config.ts[0m:[93m252[0m:[93m28[0m - [91merror[0m[90m TS4111: [0mProperty 'PATTERN_RECOGNITION_ENABLED' comes from an index signature, so it must be accessed with ['PATTERN_RECOGNITION_ENABLED'].

[7m252[0m       enabled: process.env.PATTERN_RECOGNITION_ENABLED !== 'false',
[7m   [0m [91m                           ~~~~~~~~~~~~~~~~~~~~~~~~~~~[0m

[96msrc/lib/security/threat-intelligence/config.ts[0m:[93m254[0m:[93m21[0m - [91merror[0m[90m TS4111: [0mProperty 'PATTERN_MODEL_PATH' comes from an index signature, so it must be accessed with ['PATTERN_MODEL_PATH'].

[7m254[0m         process.env.PATTERN_MODEL_PATH ?? '/models/pattern_recognition.tf',
[7m   [0m [91m                    ~~~~~~~~~~~~~~~~~~[0m

[96msrc/lib/security/threat-intelligence/config.ts[0m:[93m255[0m:[93m48[0m - [91merror[0m[90m TS4111: [0mProperty 'MIN_PATTERN_LENGTH' comes from an index signature, so it must be accessed with ['MIN_PATTERN_LENGTH'].

[7m255[0m       min_pattern_length: parseInt(process.env.MIN_PATTERN_LENGTH ?? '3'),
[7m   [0m [91m                                               ~~~~~~~~~~~~~~~~~~[0m

[96msrc/lib/security/threat-intelligence/config.ts[0m:[93m258[0m:[93m28[0m - [91merror[0m[90m TS4111: [0mProperty 'STATISTICAL_ANALYSIS_ENABLED' comes from an index signature, so it must be accessed with ['STATISTICAL_ANALYSIS_ENABLED'].

[7m258[0m       enabled: process.env.STATISTICAL_ANALYSIS_ENABLED !== 'false',
[7m   [0m [91m                           ~~~~~~~~~~~~~~~~~~~~~~~~~~~~[0m

[96msrc/lib/security/threat-intelligence/config.ts[0m:[93m259[0m:[93m50[0m - [91merror[0m[90m TS4111: [0mProperty 'SIGNIFICANCE_LEVEL' comes from an index signature, so it must be accessed with ['SIGNIFICANCE_LEVEL'].

[7m259[0m       significance_level: parseFloat(process.env.SIGNIFICANCE_LEVEL ?? '0.05'),
[7m   [0m [91m                                                 ~~~~~~~~~~~~~~~~~~[0m

[96msrc/lib/security/threat-intelligence/config.ts[0m:[93m261[0m:[93m21[0m - [91merror[0m[90m TS4111: [0mProperty 'CORRELATION_METHODS' comes from an index signature, so it must be accessed with ['CORRELATION_METHODS'].

[7m261[0m         process.env.CORRELATION_METHODS ?? 'pearson,spearman,kendall'
[7m   [0m [91m                    ~~~~~~~~~~~~~~~~~~~[0m

[96msrc/lib/security/threat-intelligence/config.ts[0m:[93m266[0m:[93m34[0m - [91merror[0m[90m TS4111: [0mProperty 'CORRELATION_WEAK' comes from an index signature, so it must be accessed with ['CORRELATION_WEAK'].

[7m266[0m     weak: parseFloat(process.env.CORRELATION_WEAK ?? '0.3'),
[7m   [0m [91m                                 ~~~~~~~~~~~~~~~~[0m

[96msrc/lib/security/threat-intelligence/config.ts[0m:[93m267[0m:[93m38[0m - [91merror[0m[90m TS4111: [0mProperty 'CORRELATION_MODERATE' comes from an index signature, so it must be accessed with ['CORRELATION_MODERATE'].

[7m267[0m     moderate: parseFloat(process.env.CORRELATION_MODERATE ?? '0.6'),
[7m   [0m [91m                                     ~~~~~~~~~~~~~~~~~~~~[0m

[96msrc/lib/security/threat-intelligence/config.ts[0m:[93m268[0m:[93m36[0m - [91merror[0m[90m TS4111: [0mProperty 'CORRELATION_STRONG' comes from an index signature, so it must be accessed with ['CORRELATION_STRONG'].

[7m268[0m     strong: parseFloat(process.env.CORRELATION_STRONG ?? '0.8'),
[7m   [0m [91m                                   ~~~~~~~~~~~~~~~~~~[0m

[96msrc/lib/security/threat-intelligence/config.ts[0m:[93m271[0m:[93m44[0m - [91merror[0m[90m TS4111: [0mProperty 'MAX_CORRELATIONS' comes from an index signature, so it must be accessed with ['MAX_CORRELATIONS'].

[7m271[0m     max_correlations: parseInt(process.env.MAX_CORRELATIONS ?? '100'),
[7m   [0m [91m                                           ~~~~~~~~~~~~~~~~[0m

[96msrc/lib/security/threat-intelligence/config.ts[0m:[93m272[0m:[93m44[0m - [91merror[0m[90m TS4111: [0mProperty 'MIN_CORRELATION_CONFIDENCE' comes from an index signature, so it must be accessed with ['MIN_CORRELATION_CONFIDENCE'].

[7m272[0m     min_confidence: parseFloat(process.env.MIN_CORRELATION_CONFIDENCE ?? '0.5'),
[7m   [0m [91m                                           ~~~~~~~~~~~~~~~~~~~~~~~~~~[0m

[96msrc/lib/security/threat-intelligence/config.ts[0m:[93m273[0m:[93m25[0m - [91merror[0m[90m TS4111: [0mProperty 'CORRELATION_OUTPUT_FORMAT' comes from an index signature, so it must be accessed with ['CORRELATION_OUTPUT_FORMAT'].

[7m273[0m     format: process.env.CORRELATION_OUTPUT_FORMAT ?? 'json',
[7m   [0m [91m                        ~~~~~~~~~~~~~~~~~~~~~~~~~[0m

[96msrc/lib/security/threat-intelligence/config.ts[0m:[93m281[0m:[93m28[0m - [91merror[0m[90m TS4111: [0mProperty 'AUTOMATIC_RESPONSE_ENABLED' comes from an index signature, so it must be accessed with ['AUTOMATIC_RESPONSE_ENABLED'].

[7m281[0m       enabled: process.env.AUTOMATIC_RESPONSE_ENABLED !== 'false',
[7m   [0m [91m                           ~~~~~~~~~~~~~~~~~~~~~~~~~~[0m

[96msrc/lib/security/threat-intelligence/config.ts[0m:[93m283[0m:[93m21[0m - [91merror[0m[90m TS4111: [0mProperty 'AUTO_RESPONSE_CONFIDENCE' comes from an index signature, so it must be accessed with ['AUTO_RESPONSE_CONFIDENCE'].

[7m283[0m         process.env.AUTO_RESPONSE_CONFIDENCE ?? '0.9',
[7m   [0m [91m                    ~~~~~~~~~~~~~~~~~~~~~~~~[0m

[96msrc/lib/security/threat-intelligence/config.ts[0m:[93m286[0m:[93m21[0m - [91merror[0m[90m TS4111: [0mProperty 'AUTO_RESPONSE_SEVERITIES' comes from an index signature, so it must be accessed with ['AUTO_RESPONSE_SEVERITIES'].

[7m286[0m         process.env.AUTO_RESPONSE_SEVERITIES ?? 'critical,high'
[7m   [0m [91m                    ~~~~~~~~~~~~~~~~~~~~~~~~[0m

[96msrc/lib/security/threat-intelligence/config.ts[0m:[93m288[0m:[93m50[0m - [91merror[0m[90m TS4111: [0mProperty 'MAX_RESPONSE_TIME' comes from an index signature, so it must be accessed with ['MAX_RESPONSE_TIME'].

[7m288[0m       max_response_time_ms: parseInt(process.env.MAX_RESPONSE_TIME ?? '30000'), // 30 seconds
[7m   [0m [91m                                                 ~~~~~~~~~~~~~~~~~[0m

[96msrc/lib/security/threat-intelligence/config.ts[0m:[93m291[0m:[93m28[0m - [91merror[0m[90m TS4111: [0mProperty 'SEMI_AUTO_RESPONSE_ENABLED' comes from an index signature, so it must be accessed with ['SEMI_AUTO_RESPONSE_ENABLED'].

[7m291[0m       enabled: process.env.SEMI_AUTO_RESPONSE_ENABLED !== 'false',
[7m   [0m [91m                           ~~~~~~~~~~~~~~~~~~~~~~~~~~[0m

[96msrc/lib/security/threat-intelligence/config.ts[0m:[93m293[0m:[93m21[0m - [91merror[0m[90m TS4111: [0mProperty 'SEMI_AUTO_CONFIDENCE' comes from an index signature, so it must be accessed with ['SEMI_AUTO_CONFIDENCE'].

[7m293[0m         process.env.SEMI_AUTO_CONFIDENCE ?? '0.7',
[7m   [0m [91m                    ~~~~~~~~~~~~~~~~~~~~[0m

[96msrc/lib/security/threat-intelligence/config.ts[0m:[93m295[0m:[93m38[0m - [91merror[0m[90m TS4111: [0mProperty 'SEMI_AUTO_APPROVAL_REQUIRED' comes from an index signature, so it must be accessed with ['SEMI_AUTO_APPROVAL_REQUIRED'].

[7m295[0m       approval_required: process.env.SEMI_AUTO_APPROVAL_REQUIRED === 'true',
[7m   [0m [91m                                     ~~~~~~~~~~~~~~~~~~~~~~~~~~~[0m

[96msrc/lib/security/threat-intelligence/config.ts[0m:[93m296[0m:[93m40[0m - [91merror[0m[90m TS4111: [0mProperty 'SEMI_AUTO_TIMEOUT' comes from an index signature, so it must be accessed with ['SEMI_AUTO_TIMEOUT'].

[7m296[0m       timeout_ms: parseInt(process.env.SEMI_AUTO_TIMEOUT ?? '300000'), // 5 minutes
[7m   [0m [91m                                       ~~~~~~~~~~~~~~~~~[0m

[96msrc/lib/security/threat-intelligence/config.ts[0m:[93m299[0m:[93m28[0m - [91merror[0m[90m TS4111: [0mProperty 'MANUAL_RESPONSE_ENABLED' comes from an index signature, so it must be accessed with ['MANUAL_RESPONSE_ENABLED'].

[7m299[0m       enabled: process.env.MANUAL_RESPONSE_ENABLED !== 'false',
[7m   [0m [91m                           ~~~~~~~~~~~~~~~~~~~~~~~[0m

[96msrc/lib/security/threat-intelligence/config.ts[0m:[93m301[0m:[93m21[0m - [91merror[0m[90m TS4111: [0mProperty 'MANUAL_ESCALATION_THRESHOLD' comes from an index signature, so it must be accessed with ['MANUAL_ESCALATION_THRESHOLD'].

[7m301[0m         process.env.MANUAL_ESCALATION_THRESHOLD ?? '0.5',
[7m   [0m [91m                    ~~~~~~~~~~~~~~~~~~~~~~~~~~~[0m

[96msrc/lib/security/threat-intelligence/config.ts[0m:[93m304[0m:[93m21[0m - [91merror[0m[90m TS4111: [0mProperty 'MANUAL_NOTIFICATION_CHANNELS' comes from an index signature, so it must be accessed with ['MANUAL_NOTIFICATION_CHANNELS'].

[7m304[0m         process.env.MANUAL_NOTIFICATION_CHANNELS ?? 'email,slack'
[7m   [0m [91m                    ~~~~~~~~~~~~~~~~~~~~~~~~~~~~[0m

[96msrc/lib/security/threat-intelligence/config.ts[0m:[93m309[0m:[93m31[0m - [91merror[0m[90m TS4111: [0mProperty 'FIREWALL_API' comes from an index signature, so it must be accessed with ['FIREWALL_API'].

[7m309[0m     firewall_api: process.env.FIREWALL_API ?? 'https://firewall.internal/api',
[7m   [0m [91m                              ~~~~~~~~~~~~[0m

[96msrc/lib/security/threat-intelligence/config.ts[0m:[93m310[0m:[93m27[0m - [91merror[0m[90m TS4111: [0mProperty 'SIEM_API' comes from an index signature, so it must be accessed with ['SIEM_API'].

[7m310[0m     siem_api: process.env.SIEM_API ?? 'https://siem.internal/api',
[7m   [0m [91m                          ~~~~~~~~[0m

[96msrc/lib/security/threat-intelligence/config.ts[0m:[93m311[0m:[93m26[0m - [91merror[0m[90m TS4111: [0mProperty 'EDR_API' comes from an index signature, so it must be accessed with ['EDR_API'].

[7m311[0m     edr_api: process.env.EDR_API ?? 'https://edr.internal/api',
[7m   [0m [91m                         ~~~~~~~[0m

[96msrc/lib/security/threat-intelligence/config.ts[0m:[93m312[0m:[93m32[0m - [91merror[0m[90m TS4111: [0mProperty 'TICKETING_API' comes from an index signature, so it must be accessed with ['TICKETING_API'].

[7m312[0m     ticketing_api: process.env.TICKETING_API ?? 'https://tickets.internal/api',
[7m   [0m [91m                               ~~~~~~~~~~~~~[0m

[96msrc/lib/security/threat-intelligence/config.ts[0m:[93m314[0m:[93m19[0m - [91merror[0m[90m TS4111: [0mProperty 'NOTIFICATION_API' comes from an index signature, so it must be accessed with ['NOTIFICATION_API'].

[7m314[0m       process.env.NOTIFICATION_API ?? 'https://notify.internal/api',
[7m   [0m [91m                  ~~~~~~~~~~~~~~~~[0m

[96msrc/lib/security/threat-intelligence/config.ts[0m:[93m318[0m:[93m28[0m - [91merror[0m[90m TS4111: [0mProperty 'BLOCK_IP_ENABLED' comes from an index signature, so it must be accessed with ['BLOCK_IP_ENABLED'].

[7m318[0m       enabled: process.env.BLOCK_IP_ENABLED !== 'false',
[7m   [0m [91m                           ~~~~~~~~~~~~~~~~[0m

[96msrc/lib/security/threat-intelligence/config.ts[0m:[93m319[0m:[93m45[0m - [91merror[0m[90m TS4111: [0mProperty 'BLOCK_IP_TIMEOUT' comes from an index signature, so it must be accessed with ['BLOCK_IP_TIMEOUT'].

[7m319[0m       timeout_minutes: parseInt(process.env.BLOCK_IP_TIMEOUT ?? '60'),
[7m   [0m [91m                                            ~~~~~~~~~~~~~~~~[0m

[96msrc/lib/security/threat-intelligence/config.ts[0m:[93m322[0m:[93m28[0m - [91merror[0m[90m TS4111: [0mProperty 'QUARANTINE_FILE_ENABLED' comes from an index signature, so it must be accessed with ['QUARANTINE_FILE_ENABLED'].

[7m322[0m       enabled: process.env.QUARANTINE_FILE_ENABLED !== 'false',
[7m   [0m [91m                           ~~~~~~~~~~~~~~~~~~~~~~~[0m

[96msrc/lib/security/threat-intelligence/config.ts[0m:[93m323[0m:[93m40[0m - [91merror[0m[90m TS4111: [0mProperty 'SCAN_BEFORE_RELEASE' comes from an index signature, so it must be accessed with ['SCAN_BEFORE_RELEASE'].

[7m323[0m       scan_before_release: process.env.SCAN_BEFORE_RELEASE === 'true',
[7m   [0m [91m                                       ~~~~~~~~~~~~~~~~~~~[0m

[96msrc/lib/security/threat-intelligence/config.ts[0m:[93m326[0m:[93m28[0m - [91merror[0m[90m TS4111: [0mProperty 'DISABLE_USER_ENABLED' comes from an index signature, so it must be accessed with ['DISABLE_USER_ENABLED'].

[7m326[0m       enabled: process.env.DISABLE_USER_ENABLED !== 'false',
[7m   [0m [91m                           ~~~~~~~~~~~~~~~~~~~~[0m

[96msrc/lib/security/threat-intelligence/config.ts[0m:[93m327[0m:[93m37[0m - [91merror[0m[90m TS4111: [0mProperty 'DISABLE_USER_APPROVAL' comes from an index signature, so it must be accessed with ['DISABLE_USER_APPROVAL'].

[7m327[0m       require_approval: process.env.DISABLE_USER_APPROVAL === 'true',
[7m   [0m [91m                                    ~~~~~~~~~~~~~~~~~~~~~[0m

[96msrc/lib/security/threat-intelligence/config.ts[0m:[93m330[0m:[93m28[0m - [91merror[0m[90m TS4111: [0mProperty 'ISOLATE_SYSTEM_ENABLED' comes from an index signature, so it must be accessed with ['ISOLATE_SYSTEM_ENABLED'].

[7m330[0m       enabled: process.env.ISOLATE_SYSTEM_ENABLED !== 'false',
[7m   [0m [91m                           ~~~~~~~~~~~~~~~~~~~~~~[0m

[96msrc/lib/security/threat-intelligence/config.ts[0m:[93m331[0m:[93m46[0m - [91merror[0m[90m TS4111: [0mProperty 'ISOLATION_DURATION' comes from an index signature, so it must be accessed with ['ISOLATION_DURATION'].

[7m331[0m       duration_minutes: parseInt(process.env.ISOLATION_DURATION ?? '120'),
[7m   [0m [91m                                             ~~~~~~~~~~~~~~~~~~[0m

[96msrc/lib/security/threat-intelligence/config.ts[0m:[93m334[0m:[93m28[0m - [91merror[0m[90m TS4111: [0mProperty 'NOTIFY_STAKEHOLDERS_ENABLED' comes from an index signature, so it must be accessed with ['NOTIFY_STAKEHOLDERS_ENABLED'].

[7m334[0m       enabled: process.env.NOTIFY_STAKEHOLDERS_ENABLED !== 'false',
[7m   [0m [91m                           ~~~~~~~~~~~~~~~~~~~~~~~~~~~[0m

[96msrc/lib/security/threat-intelligence/config.ts[0m:[93m336[0m:[93m21[0m - [91merror[0m[90m TS4111: [0mProperty 'NOTIFICATION_URGENCY' comes from an index signature, so it must be accessed with ['NOTIFICATION_URGENCY'].

[7m336[0m         process.env.NOTIFICATION_URGENCY ?? 'critical,high'
[7m   [0m [91m                    ~~~~~~~~~~~~~~~~~~~~[0m

[96msrc/lib/security/threat-intelligence/config.ts[0m:[93m341[0m:[93m26[0m - [91merror[0m[90m TS4111: [0mProperty 'ROLLBACK_ENABLED' comes from an index signature, so it must be accessed with ['ROLLBACK_ENABLED'].

[7m341[0m     enabled: process.env.ROLLBACK_ENABLED !== 'false',
[7m   [0m [91m                         ~~~~~~~~~~~~~~~~[0m

[96msrc/lib/security/threat-intelligence/config.ts[0m:[93m342[0m:[93m40[0m - [91merror[0m[90m TS4111: [0mProperty 'ROLLBACK_MAX_ATTEMPTS' comes from an index signature, so it must be accessed with ['ROLLBACK_MAX_ATTEMPTS'].

[7m342[0m     max_attempts: parseInt(process.env.ROLLBACK_MAX_ATTEMPTS ?? '3'),
[7m   [0m [91m                                       ~~~~~~~~~~~~~~~~~~~~~[0m

[96msrc/lib/security/threat-intelligence/config.ts[0m:[93m343[0m:[93m38[0m - [91merror[0m[90m TS4111: [0mProperty 'ROLLBACK_TIMEOUT' comes from an index signature, so it must be accessed with ['ROLLBACK_TIMEOUT'].

[7m343[0m     timeout_ms: parseInt(process.env.ROLLBACK_TIMEOUT ?? '60000'), // 1 minute
[7m   [0m [91m                                     ~~~~~~~~~~~~~~~~[0m

[96msrc/lib/security/threat-intelligence/config.ts[0m:[93m344[0m:[93m39[0m - [91merror[0m[90m TS4111: [0mProperty 'BACKUP_BEFORE_ACTION' comes from an index signature, so it must be accessed with ['BACKUP_BEFORE_ACTION'].

[7m344[0m     backup_before_action: process.env.BACKUP_BEFORE_ACTION === 'true',
[7m   [0m [91m                                      ~~~~~~~~~~~~~~~~~~~~[0m

[96msrc/lib/security/threat-intelligence/config.ts[0m:[93m407[0m:[93m26[0m - [91merror[0m[90m TS4111: [0mProperty 'HUNTING_AI_ENABLED' comes from an index signature, so it must be accessed with ['HUNTING_AI_ENABLED'].

[7m407[0m     enabled: process.env.HUNTING_AI_ENABLED !== 'false',
[7m   [0m [91m                         ~~~~~~~~~~~~~~~~~~[0m

[96msrc/lib/security/threat-intelligence/config.ts[0m:[93m408[0m:[93m24[0m - [91merror[0m[90m TS4111: [0mProperty 'HUNTING_AI_MODEL' comes from an index signature, so it must be accessed with ['HUNTING_AI_MODEL'].

[7m408[0m     model: process.env.HUNTING_AI_MODEL ?? 'gpt-4',
[7m   [0m [91m                       ~~~~~~~~~~~~~~~~[0m

[96msrc/lib/security/threat-intelligence/config.ts[0m:[93m410[0m:[93m19[0m - [91merror[0m[90m TS4111: [0mProperty 'HUNTING_AI_CONFIDENCE' comes from an index signature, so it must be accessed with ['HUNTING_AI_CONFIDENCE'].

[7m410[0m       process.env.HUNTING_AI_CONFIDENCE ?? '0.7',
[7m   [0m [91m                  ~~~~~~~~~~~~~~~~~~~~~[0m

[96msrc/lib/security/threat-intelligence/config.ts[0m:[93m414[0m:[93m48[0m - [91merror[0m[90m TS4111: [0mProperty 'MAX_CONCURRENT_HUNTS' comes from an index signature, so it must be accessed with ['MAX_CONCURRENT_HUNTS'].

[7m414[0m     max_concurrent_hunts: parseInt(process.env.MAX_CONCURRENT_HUNTS ?? '10'),
[7m   [0m [91m                                               ~~~~~~~~~~~~~~~~~~~~[0m

[96msrc/lib/security/threat-intelligence/config.ts[0m:[93m416[0m:[93m19[0m - [91merror[0m[90m TS4111: [0mProperty 'MAX_FINDINGS_PER_HUNT' comes from an index signature, so it must be accessed with ['MAX_FINDINGS_PER_HUNT'].

[7m416[0m       process.env.MAX_FINDINGS_PER_HUNT ?? '1000',
[7m   [0m [91m                  ~~~~~~~~~~~~~~~~~~~~~[0m

[96msrc/lib/security/threat-intelligence/config.ts[0m:[93m418[0m:[93m43[0m - [91merror[0m[90m TS4111: [0mProperty 'HUNT_DEFAULT_TIMEOUT' comes from an index signature, so it must be accessed with ['HUNT_DEFAULT_TIMEOUT'].

[7m418[0m     default_timeout: parseInt(process.env.HUNT_DEFAULT_TIMEOUT ?? '300000'), // 5 minutes
[7m   [0m [91m                                          ~~~~~~~~~~~~~~~~~~~~[0m

[96msrc/lib/security/threat-intelligence/config.ts[0m:[93m421[0m:[93m27[0m - [91merror[0m[90m TS4111: [0mProperty 'HUNTING_SIEM_API' comes from an index signature, so it must be accessed with ['HUNTING_SIEM_API'].

[7m421[0m     siem_api: process.env.HUNTING_SIEM_API ?? 'https://siem.internal/api',
[7m   [0m [91m                          ~~~~~~~~~~~~~~~~[0m

[96msrc/lib/security/threat-intelligence/config.ts[0m:[93m422[0m:[93m26[0m - [91merror[0m[90m TS4111: [0mProperty 'HUNTING_EDR_API' comes from an index signature, so it must be accessed with ['HUNTING_EDR_API'].

[7m422[0m     edr_api: process.env.HUNTING_EDR_API ?? 'https://edr.internal/api',
[7m   [0m [91m                         ~~~~~~~~~~~~~~~[0m

[96msrc/lib/security/threat-intelligence/config.ts[0m:[93m424[0m:[93m19[0m - [91merror[0m[90m TS4111: [0mProperty 'HUNTING_NETWORK_API' comes from an index signature, so it must be accessed with ['HUNTING_NETWORK_API'].

[7m424[0m       process.env.HUNTING_NETWORK_API ?? 'https://network-monitor.internal/api',
[7m   [0m [91m                  ~~~~~~~~~~~~~~~~~~~[0m

[96msrc/lib/security/threat-intelligence/config.ts[0m:[93m426[0m:[93m19[0m - [91merror[0m[90m TS4111: [0mProperty 'HUNTING_LOG_API' comes from an index signature, so it must be accessed with ['HUNTING_LOG_API'].

[7m426[0m       process.env.HUNTING_LOG_API ?? 'https://logs.internal/api',
[7m   [0m [91m                  ~~~~~~~~~~~~~~~[0m

[96msrc/lib/security/threat-intelligence/config.ts[0m:[93m440[0m:[93m21[0m - [91merror[0m[90m TS4111: [0mProperty 'MISP_ENDPOINT' comes from an index signature, so it must be accessed with ['MISP_ENDPOINT'].

[7m440[0m         process.env.MISP_ENDPOINT ?? 'https://www.circl.lu/doc/misp/feed-osint',
[7m   [0m [91m                    ~~~~~~~~~~~~~[0m

[96msrc/lib/security/threat-intelligence/config.ts[0m:[93m449[0m:[93m11[0m - [91merror[0m[90m TS2353: [0mObject literal may only specify known properties, and 'published' does not exist in type 'FeedFilters'.

[7m449[0m           published: true,
[7m   [0m [91m          ~~~~~~~~~[0m

  [96msrc/lib/security/threat-intelligence/ExternalThreatFeedIntegration.ts[0m:[93m127[0m:[93m3[0m
    [7m127[0m   filters?: FeedFilters
    [7m   [0m [96m  ~~~~~~~[0m
    The expected type comes from property 'filters' which is declared here on type 'FeedConfiguration'

[96msrc/lib/security/threat-intelligence/config.ts[0m:[93m475[0m:[93m29[0m - [91merror[0m[90m TS4111: [0mProperty 'OTX_ENDPOINT' comes from an index signature, so it must be accessed with ['OTX_ENDPOINT'].

[7m475[0m       endpoint: process.env.OTX_ENDPOINT ?? 'https://otx.alienvault.com/api/v1',
[7m   [0m [91m                            ~~~~~~~~~~~~[0m

[96msrc/lib/security/threat-intelligence/config.ts[0m:[93m479[0m:[93m32[0m - [91merror[0m[90m TS4111: [0mProperty 'OTX_API_KEY' comes from an index signature, so it must be accessed with ['OTX_API_KEY'].

[7m479[0m           api_key: process.env.OTX_API_KEY,
[7m   [0m [91m                               ~~~~~~~~~~~[0m

[96msrc/lib/security/threat-intelligence/config.ts[0m:[93m485[0m:[93m11[0m - [91merror[0m[90m TS2353: [0mObject literal may only specify known properties, and 'limit' does not exist in type 'FeedFilters'.

[7m485[0m           limit: 1000,
[7m   [0m [91m          ~~~~~[0m

  [96msrc/lib/security/threat-intelligence/ExternalThreatFeedIntegration.ts[0m:[93m127[0m:[93m3[0m
    [7m127[0m   filters?: FeedFilters
    [7m   [0m [96m  ~~~~~~~[0m
    The expected type comes from property 'filters' which is declared here on type 'FeedConfiguration'

[96msrc/lib/security/threat-intelligence/config.ts[0m:[93m507[0m:[93m48[0m - [91merror[0m[90m TS4111: [0mProperty 'MAX_CONCURRENT_SYNCS' comes from an index signature, so it must be accessed with ['MAX_CONCURRENT_SYNCS'].

[7m507[0m     max_concurrent_syncs: parseInt(process.env.MAX_CONCURRENT_SYNCS ?? '5'),
[7m   [0m [91m                                               ~~~~~~~~~~~~~~~~~~~~[0m

[96msrc/lib/security/threat-intelligence/config.ts[0m:[93m508[0m:[93m42[0m - [91merror[0m[90m TS4111: [0mProperty 'SYNC_RETRY_ATTEMPTS' comes from an index signature, so it must be accessed with ['SYNC_RETRY_ATTEMPTS'].

[7m508[0m     retry_attempts: parseInt(process.env.SYNC_RETRY_ATTEMPTS ?? '3'),
[7m   [0m [91m                                         ~~~~~~~~~~~~~~~~~~~[0m

[96msrc/lib/security/threat-intelligence/config.ts[0m:[93m509[0m:[93m39[0m - [91merror[0m[90m TS4111: [0mProperty 'SYNC_RETRY_DELAY' comes from an index signature, so it must be accessed with ['SYNC_RETRY_DELAY'].

[7m509[0m     retry_delay: parseInt(process.env.SYNC_RETRY_DELAY ?? '5000'), // 5 seconds
[7m   [0m [91m                                      ~~~~~~~~~~~~~~~~[0m

[96msrc/lib/security/threat-intelligence/config.ts[0m:[93m510[0m:[93m35[0m - [91merror[0m[90m TS4111: [0mProperty 'SYNC_TIMEOUT' comes from an index signature, so it must be accessed with ['SYNC_TIMEOUT'].

[7m510[0m     timeout: parseInt(process.env.SYNC_TIMEOUT ?? '30000'), // 30 seconds
[7m   [0m [91m                                  ~~~~~~~~~~~~[0m

[96msrc/lib/security/threat-intelligence/config.ts[0m:[93m511[0m:[93m38[0m - [91merror[0m[90m TS4111: [0mProperty 'SYNC_BATCH_SIZE' comes from an index signature, so it must be accessed with ['SYNC_BATCH_SIZE'].

[7m511[0m     batch_size: parseInt(process.env.SYNC_BATCH_SIZE ?? '1000'),
[7m   [0m [91m                                     ~~~~~~~~~~~~~~~[0m

[96msrc/lib/security/threat-intelligence/config.ts[0m:[93m514[0m:[93m46[0m - [91merror[0m[90m TS4111: [0mProperty 'MIN_COMPLETENESS' comes from an index signature, so it must be accessed with ['MIN_COMPLETENESS'].

[7m514[0m     min_completeness: parseFloat(process.env.MIN_COMPLETENESS ?? '0.6'),
[7m   [0m [91m                                             ~~~~~~~~~~~~~~~~[0m

[96msrc/lib/security/threat-intelligence/config.ts[0m:[93m515[0m:[93m42[0m - [91merror[0m[90m TS4111: [0mProperty 'MIN_ACCURACY' comes from an index signature, so it must be accessed with ['MIN_ACCURACY'].

[7m515[0m     min_accuracy: parseFloat(process.env.MIN_ACCURACY ?? '0.7'),
[7m   [0m [91m                                         ~~~~~~~~~~~~[0m

[96msrc/lib/security/threat-intelligence/config.ts[0m:[93m516[0m:[93m44[0m - [91merror[0m[90m TS4111: [0mProperty 'MIN_TIMELINESS' comes from an index signature, so it must be accessed with ['MIN_TIMELINESS'].

[7m516[0m     min_timeliness: parseFloat(process.env.MIN_TIMELINESS ?? '0.5'),
[7m   [0m [91m                                           ~~~~~~~~~~~~~~[0m

[96msrc/lib/security/threat-intelligence/config.ts[0m:[93m517[0m:[93m44[0m - [91merror[0m[90m TS4111: [0mProperty 'MIN_UNIQUENESS' comes from an index signature, so it must be accessed with ['MIN_UNIQUENESS'].

[7m517[0m     min_uniqueness: parseFloat(process.env.MIN_UNIQUENESS ?? '0.8'),
[7m   [0m [91m                                           ~~~~~~~~~~~~~~[0m

[96msrc/lib/security/threat-intelligence/config.ts[0m:[93m518[0m:[93m42[0m - [91merror[0m[90m TS4111: [0mProperty 'MIN_VALIDITY' comes from an index signature, so it must be accessed with ['MIN_VALIDITY'].

[7m518[0m     min_validity: parseFloat(process.env.MIN_VALIDITY ?? '0.8'),
[7m   [0m [91m                                         ~~~~~~~~~~~~[0m

[96msrc/lib/security/threat-intelligence/config.ts[0m:[93m522[0m:[93m19[0m - [91merror[0m[90m TS4111: [0mProperty 'STIX_TAXII_CLIENT_API' comes from an index signature, so it must be accessed with ['STIX_TAXII_CLIENT_API'].

[7m522[0m       process.env.STIX_TAXII_CLIENT_API ?? 'https://taxii.example.com/api',
[7m   [0m [91m                  ~~~~~~~~~~~~~~~~~~~~~[0m

[96msrc/lib/security/threat-intelligence/config.ts[0m:[93m523[0m:[93m30[0m - [91merror[0m[90m TS4111: [0mProperty 'MISP_CLIENT_API' comes from an index signature, so it must be accessed with ['MISP_CLIENT_API'].

[7m523[0m     misp_client: process.env.MISP_CLIENT_API ?? 'https://misp.example.com/api',
[7m   [0m [91m                             ~~~~~~~~~~~~~~~[0m

[96msrc/lib/security/threat-intelligence/config.ts[0m:[93m525[0m:[93m19[0m - [91merror[0m[90m TS4111: [0mProperty 'THREAT_INTEL_PLATFORM_API' comes from an index signature, so it must be accessed with ['THREAT_INTEL_PLATFORM_API'].

[7m525[0m       process.env.THREAT_INTEL_PLATFORM_API ??
[7m   [0m [91m                  ~~~~~~~~~~~~~~~~~~~~~~~~~[0m

[96msrc/lib/security/threat-intelligence/config.ts[0m:[93m534[0m:[93m19[0m - [91merror[0m[90m TS4111: [0mProperty 'MAX_CONCURRENT_VALIDATIONS' comes from an index signature, so it must be accessed with ['MAX_CONCURRENT_VALIDATIONS'].

[7m534[0m       process.env.MAX_CONCURRENT_VALIDATIONS ?? '10',
[7m   [0m [91m                  ~~~~~~~~~~~~~~~~~~~~~~~~~~[0m

[96msrc/lib/security/threat-intelligence/config.ts[0m:[93m536[0m:[93m46[0m - [91merror[0m[90m TS4111: [0mProperty 'VALIDATION_TIMEOUT' comes from an index signature, so it must be accessed with ['VALIDATION_TIMEOUT'].

[7m536[0m     validation_timeout: parseInt(process.env.VALIDATION_TIMEOUT ?? '300000'), // 5 minutes
[7m   [0m [91m                                             ~~~~~~~~~~~~~~~~~~[0m

[96msrc/lib/security/threat-intelligence/config.ts[0m:[93m538[0m:[93m19[0m - [91merror[0m[90m TS4111: [0mProperty 'AUTO_VALIDATION_THRESHOLD' comes from an index signature, so it must be accessed with ['AUTO_VALIDATION_THRESHOLD'].

[7m538[0m       process.env.AUTO_VALIDATION_THRESHOLD ?? '0.8',
[7m   [0m [91m                  ~~~~~~~~~~~~~~~~~~~~~~~~~[0m

[96msrc/lib/security/threat-intelligence/config.ts[0m:[93m541[0m:[93m19[0m - [91merror[0m[90m TS4111: [0mProperty 'HUMAN_REVIEW_THRESHOLD' comes from an index signature, so it must be accessed with ['HUMAN_REVIEW_THRESHOLD'].

[7m541[0m       process.env.HUMAN_REVIEW_THRESHOLD ?? '0.6',
[7m   [0m [91m                  ~~~~~~~~~~~~~~~~~~~~~~[0m

[96msrc/lib/security/threat-intelligence/config.ts[0m:[93m560[0m:[93m25[0m - [91merror[0m[90m TS4111: [0mProperty 'QUALITY_GATE_RECIPIENTS' comes from an index signature, so it must be accessed with ['QUALITY_GATE_RECIPIENTS'].

[7m560[0m             process.env.QUALITY_GATE_RECIPIENTS ?? 'security@pixelated.com'
[7m   [0m [91m                        ~~~~~~~~~~~~~~~~~~~~~~~[0m

[96msrc/lib/security/threat-intelligence/config.ts[0m:[93m584[0m:[93m25[0m - [91merror[0m[90m TS4111: [0mProperty 'LOW_CONFIDENCE_RECIPIENTS' comes from an index signature, so it must be accessed with ['LOW_CONFIDENCE_RECIPIENTS'].

[7m584[0m             process.env.LOW_CONFIDENCE_RECIPIENTS ?? 'analysts@pixelated.com'
[7m   [0m [91m                        ~~~~~~~~~~~~~~~~~~~~~~~~~[0m

[96msrc/lib/security/threat-intelligence/config.ts[0m:[93m595[0m:[93m26[0m - [91merror[0m[90m TS4111: [0mProperty 'VALIDATION_AI_ENABLED' comes from an index signature, so it must be accessed with ['VALIDATION_AI_ENABLED'].

[7m595[0m     enabled: process.env.VALIDATION_AI_ENABLED !== 'false',
[7m   [0m [91m                         ~~~~~~~~~~~~~~~~~~~~~[0m

[96msrc/lib/security/threat-intelligence/config.ts[0m:[93m596[0m:[93m24[0m - [91merror[0m[90m TS4111: [0mProperty 'VALIDATION_AI_MODEL' comes from an index signature, so it must be accessed with ['VALIDATION_AI_MODEL'].

[7m596[0m     model: process.env.VALIDATION_AI_MODEL ?? 'gpt-4',
[7m   [0m [91m                       ~~~~~~~~~~~~~~~~~~~[0m

[96msrc/lib/security/threat-intelligence/config.ts[0m:[93m598[0m:[93m19[0m - [91merror[0m[90m TS4111: [0mProperty 'VALIDATION_AI_CONFIDENCE' comes from an index signature, so it must be accessed with ['VALIDATION_AI_CONFIDENCE'].

[7m598[0m       process.env.VALIDATION_AI_CONFIDENCE ?? '0.7',
[7m   [0m [91m                  ~~~~~~~~~~~~~~~~~~~~~~~~[0m

[96msrc/lib/security/threat-intelligence/config.ts[0m:[93m603[0m:[93m19[0m - [91merror[0m[90m TS4111: [0mProperty 'ENABLED_COMPLIANCE_STANDARDS' comes from an index signature, so it must be accessed with ['ENABLED_COMPLIANCE_STANDARDS'].

[7m603[0m       process.env.ENABLED_COMPLIANCE_STANDARDS ?? 'STIX,TAXII,MISP,HIPAA'
[7m   [0m [91m                  ~~~~~~~~~~~~~~~~~~~~~~~~~~~~[0m

[96msrc/lib/security/threat-intelligence/config.ts[0m:[93m605[0m:[93m32[0m - [91merror[0m[90m TS4111: [0mProperty 'COMPLIANCE_AUDIT_LOGGING' comes from an index signature, so it must be accessed with ['COMPLIANCE_AUDIT_LOGGING'].

[7m605[0m     audit_logging: process.env.COMPLIANCE_AUDIT_LOGGING !== 'false',
[7m   [0m [91m                               ~~~~~~~~~~~~~~~~~~~~~~~~[0m

[96msrc/lib/security/threat-intelligence/config.ts[0m:[93m607[0m:[93m19[0m - [91merror[0m[90m TS4111: [0mProperty 'COMPLIANCE_RETENTION_DAYS' comes from an index signature, so it must be accessed with ['COMPLIANCE_RETENTION_DAYS'].

[7m607[0m       process.env.COMPLIANCE_RETENTION_DAYS ?? '2555',
[7m   [0m [91m                  ~~~~~~~~~~~~~~~~~~~~~~~~~[0m

[96msrc/lib/security/threat-intelligence/config.ts[0m:[93m660[0m:[93m31[0m - [91merror[0m[90m TS2339: [0mProperty 'stix_taxii' does not exist on type 'ThreatIntelligenceDatabaseConfig'.

[7m660[0m     threatIntelDatabaseConfig.stix_taxii.enabled &&
[7m   [0m [91m                              ~~~~~~~~~~[0m

[96msrc/lib/security/threat-intelligence/config.ts[0m:[93m661[0m:[93m32[0m - [91merror[0m[90m TS2339: [0mProperty 'stix_taxii' does not exist on type 'ThreatIntelligenceDatabaseConfig'.

[7m661[0m     !threatIntelDatabaseConfig.stix_taxii.taxii_username
[7m   [0m [91m                               ~~~~~~~~~~[0m

[96msrc/lib/security/threat-intelligence/config.ts[0m:[93m717[0m:[93m27[0m - [91merror[0m[90m TS4111: [0mProperty 'NODE_ENV' comes from an index signature, so it must be accessed with ['NODE_ENV'].

[7m717[0m   const env = process.env.NODE_ENV ?? 'development'
[7m   [0m [91m                          ~~~~~~~~[0m

[96msrc/lib/security/threat-intelligence/index.ts[0m:[93m10[0m:[93m3[0m - [91merror[0m[90m TS2724: [0m'"./AutomatedThreatResponseOrchestrator"' has no exported member named 'AutomatedThreatResponseOrchestratorConfig'. Did you mean 'AutomatedThreatResponseOrchestrator'?

[7m10[0m   AutomatedThreatResponseOrchestratorConfig,
[7m  [0m [91m  ~~~~~~~~~~~~~~~~~~~~~~~~~~~~~~~~~~~~~~~~~[0m

  [96msrc/lib/security/threat-intelligence/AutomatedThreatResponseOrchestrator.ts[0m:[93m138[0m:[93m14[0m
    [7m138[0m export class AutomatedThreatResponseOrchestrator extends EventEmitter {
    [7m   [0m [96m             ~~~~~~~~~~~~~~~~~~~~~~~~~~~~~~~~~~~[0m
    'AutomatedThreatResponseOrchestrator' is declared here.

[96msrc/lib/security/threat-intelligence/index.ts[0m:[93m15[0m:[93m3[0m - [91merror[0m[90m TS2724: [0m'"./EdgeThreatDetectionSystem"' has no exported member named 'EdgeThreatDetectionSystemConfig'. Did you mean 'EdgeThreatDetectionSystem'?

[7m15[0m   EdgeThreatDetectionSystemConfig,
[7m  [0m [91m  ~~~~~~~~~~~~~~~~~~~~~~~~~~~~~~~[0m

  [96msrc/lib/security/threat-intelligence/EdgeThreatDetectionSystem.ts[0m:[93m114[0m:[93m14[0m
    [7m114[0m export class EdgeThreatDetectionSystem extends EventEmitter {
    [7m   [0m [96m             ~~~~~~~~~~~~~~~~~~~~~~~~~[0m
    'EdgeThreatDetectionSystem' is declared here.

[96msrc/lib/security/threat-intelligence/index.ts[0m:[93m17[0m:[93m8[0m - [91merror[0m[90m TS2613: [0mModule '"/home/vivi/pixelated/src/lib/security/threat-intelligence/ExternalThreatFeedIntegration"' has no default export. Did you mean to use 'import { ExternalThreatFeedIntegration } from "/home/vivi/pixelated/src/lib/security/threat-intelligence/ExternalThreatFeedIntegration"' instead?

[7m17[0m import ExternalThreatFeedIntegration, {
[7m  [0m [91m       ~~~~~~~~~~~~~~~~~~~~~~~~~~~~~[0m

[96msrc/lib/security/threat-intelligence/index.ts[0m:[93m22[0m:[93m3[0m - [91merror[0m[90m TS2724: [0m'"./GlobalThreatIntelligenceNetwork"' has no exported member named 'GlobalThreatIntelligenceNetworkConfig'. Did you mean 'GlobalThreatIntelligenceNetwork'?

[7m22[0m   GlobalThreatIntelligenceNetworkConfig,
[7m  [0m [91m  ~~~~~~~~~~~~~~~~~~~~~~~~~~~~~~~~~~~~~[0m

  [96msrc/lib/security/threat-intelligence/GlobalThreatIntelligenceNetwork.ts[0m:[93m93[0m:[93m14[0m
    [7m93[0m export class GlobalThreatIntelligenceNetwork extends EventEmitter {
    [7m  [0m [96m             ~~~~~~~~~~~~~~~~~~~~~~~~~~~~~~~[0m
    'GlobalThreatIntelligenceNetwork' is declared here.

[96msrc/lib/security/threat-intelligence/index.ts[0m:[93m25[0m:[93m3[0m - [91merror[0m[90m TS2724: [0m'"./ThreatCorrelationEngine"' has no exported member named 'ThreatCorrelationEngineConfig'. Did you mean 'CorrelationEngineConfig'?

[7m25[0m   ThreatCorrelationEngineConfig,
[7m  [0m [91m  ~~~~~~~~~~~~~~~~~~~~~~~~~~~~~[0m

[96msrc/lib/security/threat-intelligence/index.ts[0m:[93m197[0m:[93m29[0m - [91merror[0m[90m TS2554: [0mExpected 2 arguments, but got 1.

[7m197[0m       const edgeDetection = new EdgeThreatDetectionSystem(
[7m   [0m [91m                            ~~~~~~~~~~~~~~~~~~~~~~~~~~~~~~[0m
[7m198[0m         this.networkConfig.edge,
[7m   [0m [91m~~~~~~~~~~~~~~~~~~~~~~~~~~~~~~~~[0m
[7m199[0m       )
[7m   [0m [91m~~~~~~~[0m

  [96msrc/lib/security/threat-intelligence/EdgeThreatDetectionSystem.ts[0m:[93m126[0m:[93m5[0m
    [7m126[0m     redis: Redis,
    [7m   [0m [96m    ~~~~~~~~~~~~[0m
    An argument for 'redis' was not provided.

[96msrc/lib/security/threat-intelligence/index.ts[0m:[93m346[0m:[93m48[0m - [91merror[0m[90m TS7006: [0mParameter 'event' implicitly has an 'any' type.

[7m346[0m     globalNetwork.on('threat:detected', async (event) => {
[7m   [0m [91m                                               ~~~~~[0m

[96msrc/lib/security/threat-intelligence/index.ts[0m:[93m350[0m:[93m50[0m - [91merror[0m[90m TS7006: [0mParameter 'event' implicitly has an 'any' type.

[7m350[0m     globalNetwork.on('threat:correlated', async (event) => {
[7m   [0m [91m                                                 ~~~~~[0m

[96msrc/lib/security/threat-intelligence/index.ts[0m:[93m355[0m:[93m48[0m - [91merror[0m[90m TS7006: [0mParameter 'event' implicitly has an 'any' type.

[7m355[0m     edgeDetection.on('threat:detected', async (event) => {
[7m   [0m [91m                                               ~~~~~[0m

[96msrc/lib/security/threat-intelligence/index.ts[0m:[93m360[0m:[93m54[0m - [91merror[0m[90m TS7006: [0mParameter 'event' implicitly has an 'any' type.

[7m360[0m     feedIntegration.on('feed:sync_completed', async (event) => {
[7m   [0m [91m                                                     ~~~~~[0m

[96msrc/lib/security/threat-intelligence/index.ts[0m:[93m365[0m:[93m56[0m - [91merror[0m[90m TS7006: [0mParameter 'event' implicitly has an 'any' type.

[7m365[0m     validationSystem.on('validation:completed', async (event) => {
[7m   [0m [91m                                                       ~~~~~[0m

[96msrc/lib/security/threat-intelligence/index.ts[0m:[93m370[0m:[93m47[0m - [91merror[0m[90m TS7006: [0mParameter 'event' implicitly has an 'any' type.

[7m370[0m     huntingSystem.on('hunt:completed', async (event) => {
[7m   [0m [91m                                              ~~~~~[0m

[96msrc/lib/security/threat-intelligence/index.ts[0m:[93m375[0m:[93m58[0m - [91merror[0m[90m TS7006: [0mParameter 'event' implicitly has an 'any' type.

[7m375[0m     responseOrchestrator.on('response:triggered', async (event) => {
[7m   [0m [91m                                                         ~~~~~[0m

[96msrc/lib/security/threat-intelligence/index.ts[0m:[93m772[0m:[93m25[0m - [91merror[0m[90m TS4111: [0mProperty 'edge' comes from an index signature, so it must be accessed with ['edge'].

[7m772[0m         pipelineResults.edge = await edgeDetection.analyzeThreat(threatData)
[7m   [0m [91m                        ~~~~[0m

[96msrc/lib/security/threat-intelligence/index.ts[0m:[93m778[0m:[93m25[0m - [91merror[0m[90m TS4111: [0mProperty 'global' comes from an index signature, so it must be accessed with ['global'].

[7m778[0m         pipelineResults.global = await globalNetwork.processThreat(threatData)
[7m   [0m [91m                        ~~~~~~[0m

[96msrc/lib/security/threat-intelligence/index.ts[0m:[93m784[0m:[93m25[0m - [91merror[0m[90m TS4111: [0mProperty 'correlation' comes from an index signature, so it must be accessed with ['correlation'].

[7m784[0m         pipelineResults.correlation =
[7m   [0m [91m                        ~~~~~~~~~~~[0m

[96msrc/lib/security/threat-intelligence/index.ts[0m:[93m803[0m:[93m25[0m - [91merror[0m[90m TS4111: [0mProperty 'validation' comes from an index signature, so it must be accessed with ['validation'].

[7m803[0m         pipelineResults.validation = {
[7m   [0m [91m                        ~~~~~~~~~~[0m

[96msrc/lib/security/threat-intelligence/index.ts[0m:[93m812[0m:[93m25[0m - [91merror[0m[90m TS4111: [0mProperty 'correlation' comes from an index signature, so it must be accessed with ['correlation'].

[7m812[0m         pipelineResults.correlation?.confidence > 0.8
[7m   [0m [91m                        ~~~~~~~~~~~[0m

[96msrc/lib/security/threat-intelligence/index.ts[0m:[93m816[0m:[93m27[0m - [91merror[0m[90m TS4111: [0mProperty 'response' comes from an index signature, so it must be accessed with ['response'].

[7m816[0m           pipelineResults.response =
[7m   [0m [91m                          ~~~~~~~~[0m

[96msrc/lib/security/threat-intelligence/index.ts[0m:[93m822[0m:[93m49[0m - [91merror[0m[90m TS4111: [0mProperty 'correlation' comes from an index signature, so it must be accessed with ['correlation'].

[7m822[0m               correlation_data: pipelineResults.correlation,
[7m   [0m [91m                                                ~~~~~~~~~~~[0m

[96msrc/lib/security/threat-intelligence/index.ts[0m:[93m935[0m:[93m1[0m - [91merror[0m[90m TS2308: [0mModule './GlobalThreatIntelligenceNetwork' has already exported a member named 'ThreatIndicator'. Consider explicitly re-exporting to resolve the ambiguity.

[7m935[0m export * from './EdgeThreatDetectionSystem'
[7m   [0m [91m~~~~~~~~~~~~~~~~~~~~~~~~~~~~~~~~~~~~~~~~~~~[0m

[96msrc/lib/security/threat-intelligence/index.ts[0m:[93m936[0m:[93m1[0m - [91merror[0m[90m TS2308: [0mModule './GlobalThreatIntelligenceNetwork' has already exported a member named 'ThreatIndicator'. Consider explicitly re-exporting to resolve the ambiguity.

[7m936[0m export * from './ThreatCorrelationEngine'
[7m   [0m [91m~~~~~~~~~~~~~~~~~~~~~~~~~~~~~~~~~~~~~~~~~[0m

[96msrc/lib/security/threat-intelligence/index.ts[0m:[93m939[0m:[93m1[0m - [91merror[0m[90m TS2308: [0mModule './AutomatedThreatResponseOrchestrator' has already exported a member named 'ExecutionLogEntry'. Consider explicitly re-exporting to resolve the ambiguity.

[7m939[0m export * from './ThreatHuntingSystem'
[7m   [0m [91m~~~~~~~~~~~~~~~~~~~~~~~~~~~~~~~~~~~~~[0m

[96msrc/lib/security/threat-intelligence/index.ts[0m:[93m939[0m:[93m1[0m - [91merror[0m[90m TS2308: [0mModule './GlobalThreatIntelligenceNetwork' has already exported a member named 'ThreatIndicator'. Consider explicitly re-exporting to resolve the ambiguity.

[7m939[0m export * from './ThreatHuntingSystem'
[7m   [0m [91m~~~~~~~~~~~~~~~~~~~~~~~~~~~~~~~~~~~~~[0m

[96msrc/lib/security/threat-intelligence/index.ts[0m:[93m940[0m:[93m1[0m - [91merror[0m[90m TS2308: [0mModule './GlobalThreatIntelligenceNetwork' has already exported a member named 'ThreatIndicator'. Consider explicitly re-exporting to resolve the ambiguity.

[7m940[0m export * from './ExternalThreatFeedIntegration'
[7m   [0m [91m~~~~~~~~~~~~~~~~~~~~~~~~~~~~~~~~~~~~~~~~~~~~~~~[0m

[96msrc/lib/security/threat-intelligence/index.ts[0m:[93m941[0m:[93m1[0m - [91merror[0m[90m TS2308: [0mModule './ThreatCorrelationEngine' has already exported a member named 'ThreatData'. Consider explicitly re-exporting to resolve the ambiguity.

[7m941[0m export * from './ThreatValidationSystem'
[7m   [0m [91m~~~~~~~~~~~~~~~~~~~~~~~~~~~~~~~~~~~~~~~~[0m

[96msrc/lib/security/verification.ts[0m:[93m13[0m:[93m11[0m - [91merror[0m[90m TS6196: [0m'VerificationTokenPayload' is declared but never used.

[7m13[0m interface VerificationTokenPayload {
[7m  [0m [91m          ~~~~~~~~~~~~~~~~~~~~~~~~[0m

[96msrc/lib/sentry/config.ts[0m:[93m98[0m:[93m17[0m - [91merror[0m[90m TS4111: [0mProperty 'NODE_ENV' comes from an index signature, so it must be accessed with ['NODE_ENV'].

[7m98[0m     process.env.NODE_ENV !== 'production' ||
[7m  [0m [91m                ~~~~~~~~[0m

[96msrc/lib/sentry/config.ts[0m:[93m99[0m:[93m17[0m - [91merror[0m[90m TS4111: [0mProperty 'SENTRY_DEBUG' comes from an index signature, so it must be accessed with ['SENTRY_DEBUG'].

[7m99[0m     process.env.SENTRY_DEBUG
[7m  [0m [91m                ~~~~~~~~~~~~[0m

[96msrc/lib/server-only/MentalLLaMAPythonBridge.ts[0m:[93m9[0m:[93m8[0m - [91merror[0m[90m TS2307: [0mCannot find module '../types/index.ts' or its corresponding type declarations.

[7m9[0m } from '../types/index.ts'
[7m [0m [91m       ~~~~~~~~~~~~~~~~~~~[0m

[96msrc/lib/server-only/MentalLLaMAPythonBridge.ts[0m:[93m11[0m:[93m16[0m - [91merror[0m[90m TS2304: [0mCannot find name 'baseLogger'.

[7m11[0m const logger = baseLogger
[7m  [0m [91m               ~~~~~~~~~~[0m

[96msrc/lib/server/internal-memory-scope.ts[0m:[93m8[0m:[93m32[0m - [91merror[0m[90m TS4111: [0mProperty 'account_id' comes from an index signature, so it must be accessed with ['account_id'].

[7m8[0m   if (scope.accountId) payload.account_id = scope.accountId
[7m [0m [91m                               ~~~~~~~~~~[0m

[96msrc/lib/server/internal-memory-scope.ts[0m:[93m9[0m:[93m34[0m - [91merror[0m[90m TS4111: [0mProperty 'workspace_id' comes from an index signature, so it must be accessed with ['workspace_id'].

[7m9[0m   if (scope.workspaceId) payload.workspace_id = scope.workspaceId
[7m [0m [91m                                 ~~~~~~~~~~~~[0m

[96msrc/lib/server/internal-memory-scope.ts[0m:[93m10[0m:[93m28[0m - [91merror[0m[90m TS4111: [0mProperty 'org_id' comes from an index signature, so it must be accessed with ['org_id'].

[7m10[0m   if (scope.orgId) payload.org_id = scope.orgId
[7m  [0m [91m                           ~~~~~~[0m

[96msrc/lib/server/internal-memory-scope.ts[0m:[93m11[0m:[93m32[0m - [91merror[0m[90m TS4111: [0mProperty 'project_id' comes from an index signature, so it must be accessed with ['project_id'].

[7m11[0m   if (scope.projectId) payload.project_id = scope.projectId
[7m  [0m [91m                               ~~~~~~~~~~[0m

[96msrc/lib/server/internal-memory-scope.ts[0m:[93m12[0m:[93m32[0m - [91merror[0m[90m TS4111: [0mProperty 'session_id' comes from an index signature, so it must be accessed with ['session_id'].

[7m12[0m   if (scope.sessionId) payload.session_id = scope.sessionId
[7m  [0m [91m                               ~~~~~~~~~~[0m

[96msrc/lib/server/internal-memory-scope.ts[0m:[93m13[0m:[93m30[0m - [91merror[0m[90m TS4111: [0mProperty 'agent_id' comes from an index signature, so it must be accessed with ['agent_id'].

[7m13[0m   if (scope.agentId) payload.agent_id = scope.agentId
[7m  [0m [91m                             ~~~~~~~~[0m

[96msrc/lib/server/internal-memory-scope.ts[0m:[93m14[0m:[93m28[0m - [91merror[0m[90m TS4111: [0mProperty 'run_id' comes from an index signature, so it must be accessed with ['run_id'].

[7m14[0m   if (scope.runId) payload.run_id = scope.runId
[7m  [0m [91m                           ~~~~~~[0m

[96msrc/lib/server/internal-memory-service-auth.test.ts[0m:[93m19[0m:[93m17[0m - [91merror[0m[90m TS4111: [0mProperty 'MEMORY_SERVICE_BASE_URL' comes from an index signature, so it must be accessed with ['MEMORY_SERVICE_BASE_URL'].

[7m19[0m     process.env.MEMORY_SERVICE_BASE_URL = 'http://memory.internal:54321'
[7m  [0m [91m                ~~~~~~~~~~~~~~~~~~~~~~~[0m

[96msrc/lib/server/internal-memory-service-auth.test.ts[0m:[93m20[0m:[93m17[0m - [91merror[0m[90m TS4111: [0mProperty 'MEMORY_SERVICE_ACTOR_ID' comes from an index signature, so it must be accessed with ['MEMORY_SERVICE_ACTOR_ID'].

[7m20[0m     process.env.MEMORY_SERVICE_ACTOR_ID = 'product-gateway'
[7m  [0m [91m                ~~~~~~~~~~~~~~~~~~~~~~~[0m

[96msrc/lib/server/internal-memory-service-auth.test.ts[0m:[93m21[0m:[93m17[0m - [91merror[0m[90m TS4111: [0mProperty 'MEMORY_SERVICE_ACTOR_SECRET' comes from an index signature, so it must be accessed with ['MEMORY_SERVICE_ACTOR_SECRET'].

[7m21[0m     process.env.MEMORY_SERVICE_ACTOR_SECRET = 'top-secret'
[7m  [0m [91m                ~~~~~~~~~~~~~~~~~~~~~~~~~~~[0m

[96msrc/lib/server/internal-memory-service-auth.test.ts[0m:[93m22[0m:[93m17[0m - [91merror[0m[90m TS4111: [0mProperty 'MEMORY_SERVICE_TIMEOUT_MS' comes from an index signature, so it must be accessed with ['MEMORY_SERVICE_TIMEOUT_MS'].

[7m22[0m     process.env.MEMORY_SERVICE_TIMEOUT_MS = '9000'
[7m  [0m [91m                ~~~~~~~~~~~~~~~~~~~~~~~~~[0m

[96msrc/lib/server/internal-memory-service-auth.test.ts[0m:[93m23[0m:[93m17[0m - [91merror[0m[90m TS4111: [0mProperty 'SUBCONSCIOUS_MEMORY_BASE_URL' comes from an index signature, so it must be accessed with ['SUBCONSCIOUS_MEMORY_BASE_URL'].

[7m23[0m     process.env.SUBCONSCIOUS_MEMORY_BASE_URL = 'http://ignored'
[7m  [0m [91m                ~~~~~~~~~~~~~~~~~~~~~~~~~~~~[0m

[96msrc/lib/server/internal-memory-service-auth.test.ts[0m:[93m24[0m:[93m17[0m - [91merror[0m[90m TS4111: [0mProperty 'SUBCONSCIOUS_MEMORY_ACTOR_ID' comes from an index signature, so it must be accessed with ['SUBCONSCIOUS_MEMORY_ACTOR_ID'].

[7m24[0m     process.env.SUBCONSCIOUS_MEMORY_ACTOR_ID = 'ignored-id'
[7m  [0m [91m                ~~~~~~~~~~~~~~~~~~~~~~~~~~~~[0m

[96msrc/lib/server/internal-memory-service-auth.test.ts[0m:[93m25[0m:[93m17[0m - [91merror[0m[90m TS4111: [0mProperty 'SUBCONSCIOUS_MEMORY_ACTOR_SECRET' comes from an index signature, so it must be accessed with ['SUBCONSCIOUS_MEMORY_ACTOR_SECRET'].

[7m25[0m     process.env.SUBCONSCIOUS_MEMORY_ACTOR_SECRET = 'ignored-secret'
[7m  [0m [91m                ~~~~~~~~~~~~~~~~~~~~~~~~~~~~~~~~[0m

[96msrc/lib/server/internal-memory-service-auth.test.ts[0m:[93m36[0m:[93m24[0m - [91merror[0m[90m TS4111: [0mProperty 'MEMORY_SERVICE_BASE_URL' comes from an index signature, so it must be accessed with ['MEMORY_SERVICE_BASE_URL'].

[7m36[0m     delete process.env.MEMORY_SERVICE_BASE_URL
[7m  [0m [91m                       ~~~~~~~~~~~~~~~~~~~~~~~[0m

[96msrc/lib/server/internal-memory-service-auth.test.ts[0m:[93m37[0m:[93m24[0m - [91merror[0m[90m TS4111: [0mProperty 'MEMORY_SERVICE_ACTOR_ID' comes from an index signature, so it must be accessed with ['MEMORY_SERVICE_ACTOR_ID'].

[7m37[0m     delete process.env.MEMORY_SERVICE_ACTOR_ID
[7m  [0m [91m                       ~~~~~~~~~~~~~~~~~~~~~~~[0m

[96msrc/lib/server/internal-memory-service-auth.test.ts[0m:[93m38[0m:[93m24[0m - [91merror[0m[90m TS4111: [0mProperty 'MEMORY_SERVICE_ACTOR_SECRET' comes from an index signature, so it must be accessed with ['MEMORY_SERVICE_ACTOR_SECRET'].

[7m38[0m     delete process.env.MEMORY_SERVICE_ACTOR_SECRET
[7m  [0m [91m                       ~~~~~~~~~~~~~~~~~~~~~~~~~~~[0m

[96msrc/lib/server/internal-memory-service-auth.test.ts[0m:[93m39[0m:[93m24[0m - [91merror[0m[90m TS4111: [0mProperty 'MEMORY_SERVICE_TIMEOUT_MS' comes from an index signature, so it must be accessed with ['MEMORY_SERVICE_TIMEOUT_MS'].

[7m39[0m     delete process.env.MEMORY_SERVICE_TIMEOUT_MS
[7m  [0m [91m                       ~~~~~~~~~~~~~~~~~~~~~~~~~[0m

[96msrc/lib/server/internal-memory-service-auth.test.ts[0m:[93m40[0m:[93m17[0m - [91merror[0m[90m TS4111: [0mProperty 'SUBCONSCIOUS_MEMORY_BASE_URL' comes from an index signature, so it must be accessed with ['SUBCONSCIOUS_MEMORY_BASE_URL'].

[7m40[0m     process.env.SUBCONSCIOUS_MEMORY_BASE_URL =
[7m  [0m [91m                ~~~~~~~~~~~~~~~~~~~~~~~~~~~~[0m

[96msrc/lib/server/internal-memory-service-auth.test.ts[0m:[93m42[0m:[93m17[0m - [91merror[0m[90m TS4111: [0mProperty 'SUBCONSCIOUS_MEMORY_ACTOR_ID' comes from an index signature, so it must be accessed with ['SUBCONSCIOUS_MEMORY_ACTOR_ID'].

[7m42[0m     process.env.SUBCONSCIOUS_MEMORY_ACTOR_ID = 'subconscious-gateway'
[7m  [0m [91m                ~~~~~~~~~~~~~~~~~~~~~~~~~~~~[0m

[96msrc/lib/server/internal-memory-service-auth.test.ts[0m:[93m43[0m:[93m17[0m - [91merror[0m[90m TS4111: [0mProperty 'SUBCONSCIOUS_MEMORY_ACTOR_SECRET' comes from an index signature, so it must be accessed with ['SUBCONSCIOUS_MEMORY_ACTOR_SECRET'].

[7m43[0m     process.env.SUBCONSCIOUS_MEMORY_ACTOR_SECRET = 'subconscious-secret'
[7m  [0m [91m                ~~~~~~~~~~~~~~~~~~~~~~~~~~~~~~~~[0m

[96msrc/lib/server/internal-memory-service-auth.test.ts[0m:[93m54[0m:[93m24[0m - [91merror[0m[90m TS4111: [0mProperty 'MEMORY_SERVICE_ACTOR_ID' comes from an index signature, so it must be accessed with ['MEMORY_SERVICE_ACTOR_ID'].

[7m54[0m     delete process.env.MEMORY_SERVICE_ACTOR_ID
[7m  [0m [91m                       ~~~~~~~~~~~~~~~~~~~~~~~[0m

[96msrc/lib/server/internal-memory-service-auth.test.ts[0m:[93m55[0m:[93m24[0m - [91merror[0m[90m TS4111: [0mProperty 'SUBCONSCIOUS_MEMORY_ACTOR_ID' comes from an index signature, so it must be accessed with ['SUBCONSCIOUS_MEMORY_ACTOR_ID'].

[7m55[0m     delete process.env.SUBCONSCIOUS_MEMORY_ACTOR_ID
[7m  [0m [91m                       ~~~~~~~~~~~~~~~~~~~~~~~~~~~~[0m

[96msrc/lib/server/internal-memory-service-auth.test.ts[0m:[93m56[0m:[93m17[0m - [91merror[0m[90m TS4111: [0mProperty 'MEMORY_SERVICE_ACTOR_SECRET' comes from an index signature, so it must be accessed with ['MEMORY_SERVICE_ACTOR_SECRET'].

[7m56[0m     process.env.MEMORY_SERVICE_ACTOR_SECRET = 'secret'
[7m  [0m [91m                ~~~~~~~~~~~~~~~~~~~~~~~~~~~[0m

[96msrc/lib/server/internal-memory-service-auth.test.ts[0m:[93m64[0m:[93m17[0m - [91merror[0m[90m TS4111: [0mProperty 'MEMORY_SERVICE_ACTOR_ID' comes from an index signature, so it must be accessed with ['MEMORY_SERVICE_ACTOR_ID'].

[7m64[0m     process.env.MEMORY_SERVICE_ACTOR_ID = 'product-gateway'
[7m  [0m [91m                ~~~~~~~~~~~~~~~~~~~~~~~[0m

[96msrc/lib/server/internal-memory-service-auth.test.ts[0m:[93m65[0m:[93m24[0m - [91merror[0m[90m TS4111: [0mProperty 'MEMORY_SERVICE_ACTOR_SECRET' comes from an index signature, so it must be accessed with ['MEMORY_SERVICE_ACTOR_SECRET'].

[7m65[0m     delete process.env.MEMORY_SERVICE_ACTOR_SECRET
[7m  [0m [91m                       ~~~~~~~~~~~~~~~~~~~~~~~~~~~[0m

[96msrc/lib/server/internal-memory-service-auth.test.ts[0m:[93m66[0m:[93m24[0m - [91merror[0m[90m TS4111: [0mProperty 'SUBCONSCIOUS_MEMORY_ACTOR_SECRET' comes from an index signature, so it must be accessed with ['SUBCONSCIOUS_MEMORY_ACTOR_SECRET'].

[7m66[0m     delete process.env.SUBCONSCIOUS_MEMORY_ACTOR_SECRET
[7m  [0m [91m                       ~~~~~~~~~~~~~~~~~~~~~~~~~~~~~~~~[0m

[96msrc/lib/server/internal-memory-service-auth.ts[0m:[93m12[0m:[93m17[0m - [91merror[0m[90m TS4111: [0mProperty 'MEMORY_SERVICE_BASE_URL' comes from an index signature, so it must be accessed with ['MEMORY_SERVICE_BASE_URL'].

[7m12[0m     process.env.MEMORY_SERVICE_BASE_URL ??
[7m  [0m [91m                ~~~~~~~~~~~~~~~~~~~~~~~[0m

[96msrc/lib/server/internal-memory-service-auth.ts[0m:[93m13[0m:[93m17[0m - [91merror[0m[90m TS4111: [0mProperty 'SUBCONSCIOUS_MEMORY_BASE_URL' comes from an index signature, so it must be accessed with ['SUBCONSCIOUS_MEMORY_BASE_URL'].

[7m13[0m     process.env.SUBCONSCIOUS_MEMORY_BASE_URL ??
[7m  [0m [91m                ~~~~~~~~~~~~~~~~~~~~~~~~~~~~[0m

[96msrc/lib/server/internal-memory-service-auth.ts[0m:[93m16[0m:[93m17[0m - [91merror[0m[90m TS4111: [0mProperty 'MEMORY_SERVICE_ACTOR_ID' comes from an index signature, so it must be accessed with ['MEMORY_SERVICE_ACTOR_ID'].

[7m16[0m     process.env.MEMORY_SERVICE_ACTOR_ID ??
[7m  [0m [91m                ~~~~~~~~~~~~~~~~~~~~~~~[0m

[96msrc/lib/server/internal-memory-service-auth.ts[0m:[93m17[0m:[93m17[0m - [91merror[0m[90m TS4111: [0mProperty 'SUBCONSCIOUS_MEMORY_ACTOR_ID' comes from an index signature, so it must be accessed with ['SUBCONSCIOUS_MEMORY_ACTOR_ID'].

[7m17[0m     process.env.SUBCONSCIOUS_MEMORY_ACTOR_ID
[7m  [0m [91m                ~~~~~~~~~~~~~~~~~~~~~~~~~~~~[0m

[96msrc/lib/server/internal-memory-service-auth.ts[0m:[93m19[0m:[93m17[0m - [91merror[0m[90m TS4111: [0mProperty 'MEMORY_SERVICE_ACTOR_SECRET' comes from an index signature, so it must be accessed with ['MEMORY_SERVICE_ACTOR_SECRET'].

[7m19[0m     process.env.MEMORY_SERVICE_ACTOR_SECRET ??
[7m  [0m [91m                ~~~~~~~~~~~~~~~~~~~~~~~~~~~[0m

[96msrc/lib/server/internal-memory-service-auth.ts[0m:[93m20[0m:[93m17[0m - [91merror[0m[90m TS4111: [0mProperty 'SUBCONSCIOUS_MEMORY_ACTOR_SECRET' comes from an index signature, so it must be accessed with ['SUBCONSCIOUS_MEMORY_ACTOR_SECRET'].

[7m20[0m     process.env.SUBCONSCIOUS_MEMORY_ACTOR_SECRET
[7m  [0m [91m                ~~~~~~~~~~~~~~~~~~~~~~~~~~~~~~~~[0m

[96msrc/lib/server/internal-memory-service-auth.ts[0m:[93m38[0m:[93m35[0m - [91merror[0m[90m TS4111: [0mProperty 'MEMORY_SERVICE_TIMEOUT_MS' comes from an index signature, so it must be accessed with ['MEMORY_SERVICE_TIMEOUT_MS'].

[7m38[0m     timeoutMs: Number(process.env.MEMORY_SERVICE_TIMEOUT_MS ?? 5000),
[7m  [0m [91m                                  ~~~~~~~~~~~~~~~~~~~~~~~~~[0m

[96msrc/lib/services/ComponentIntegrationService.ts[0m:[93m31[0m:[93m47[0m - [91merror[0m[90m TS2352: [0mConversion of type '{ type: "line" | "bar" | "scatter" | "pie"; category?: "progress" | "sessions" | "emotions" | "outcomes" | undefined; timeRange?: number | undefined; clientId?: string | undefined; sessionId?: string | undefined; dataPoints?: number | undefined; }' to type 'Record<string, string>' may be a mistake because neither type sufficiently overlaps with the other. If this was intentional, convert the expression to 'unknown' first.
  Property 'timeRange' is incompatible with index signature.
    Type 'number' is not comparable to type 'string'.

[7m31[0m       const queryParams = new URLSearchParams(params as Record<string, string>)
[7m  [0m [91m                                              ~~~~~~~~~~~~~~~~~~~~~~~~~~~~~~~~[0m

[96msrc/lib/services/TaskListManager.ts[0m:[93m8[0m:[93m8[0m - [91merror[0m[90m TS2307: [0mCannot find module './OllamaCheckInService' or its corresponding type declarations.

[7m8[0m } from './OllamaCheckInService'
[7m [0m [91m       ~~~~~~~~~~~~~~~~~~~~~~~~[0m

[96msrc/lib/services/TaskListManager.ts[0m:[93m387[0m:[93m43[0m - [91merror[0m[90m TS7006: [0mParameter 'reasoning' implicitly has an 'any' type.

[7m387[0m       checkInResult.reasoningLog.forEach((reasoning) => {
[7m   [0m [91m                                          ~~~~~~~~~[0m

[96msrc/lib/services/ai/GestaltClient.ts[0m:[93m44[0m:[93m35[0m - [91merror[0m[90m TS4111: [0mProperty 'PIX_API_URL' comes from an index signature, so it must be accessed with ['PIX_API_URL'].

[7m44[0m const PIXEL_API_URL = process.env.PIX_API_URL ?? 'http://localhost:8001'
[7m  [0m [91m                                  ~~~~~~~~~~~[0m

[96msrc/lib/services/analytics/AnalyticsService.mock.ts[0m:[93m13[0m:[93m20[0m - [91merror[0m[90m TS6133: [0m'options' is declared but its value is never read.

[7m13[0m   private readonly options: AnalyticsServiceOptions
[7m  [0m [91m                   ~~~~~~~[0m

[96msrc/lib/services/analytics/AnalyticsService.ts[0m:[93m243[0m:[93m44[0m - [91merror[0m[90m TS4111: [0mProperty 'ttl' comes from an index signature, so it must be accessed with ['ttl'].

[7m243[0m           const ttlValue = event.metadata?.ttl
[7m   [0m [91m                                           ~~~[0m

[96msrc/lib/services/analytics/AnalyticsService.ts[0m:[93m314[0m:[93m41[0m - [91merror[0m[90m TS4111: [0mProperty 'ttl' comes from an index signature, so it must be accessed with ['ttl'].

[7m314[0m           const ttlValue = metric.tags?.ttl
[7m   [0m [91m                                        ~~~[0m

[96msrc/lib/services/analytics/ComparativeProgressService.ts[0m:[93m124[0m:[93m9[0m - [91merror[0m[90m TS2322: [0mType 'string | undefined' is not assignable to type 'string'.
  Type 'undefined' is not assignable to type 'string'.

[7m124[0m         date: pointDate.toISOString().split('T')[0],
[7m   [0m [91m        ~~~~[0m

  [96msrc/types/analytics.ts[0m:[93m6[0m:[93m3[0m
    [7m6[0m   date: string // ISO 8601 date string (e.g., "2025-05-20")
    [7m [0m [96m  ~~~~[0m
    The expected type comes from property 'date' which is declared here on type 'ProgressSnapshot'

[96msrc/lib/services/analytics/__tests__/AnalyticsService.test.ts[0m:[93m184[0m:[93m30[0m - [91merror[0m[90m TS4111: [0mProperty 'endpoint' comes from an index signature, so it must be accessed with ['endpoint'].

[7m184[0m     expect(metrics[0]?.tags?.endpoint).toBe('/api/therapy')
[7m   [0m [91m                             ~~~~~~~~[0m

[96msrc/lib/services/analytics/__tests__/ComparativeProgressService.test.ts[0m:[93m13[0m:[93m7[0m - [91merror[0m[90m TS2415: [0mClass 'TestComparativeProgressService' incorrectly extends base class 'ComparativeProgressService'.
  Property 'fetchUserProgressData' is private in type 'ComparativeProgressService' but not in type 'TestComparativeProgressService'.

[7m13[0m class TestComparativeProgressService extends ComparativeProgressService {
[7m  [0m [91m      ~~~~~~~~~~~~~~~~~~~~~~~~~~~~~~[0m

[96msrc/lib/services/bias-audit-service.ts[0m:[93m602[0m:[93m7[0m - [91merror[0m[90m TS2532: [0mObject is possibly 'undefined'.

[7m602[0m       groups[key].push(result)
[7m   [0m [91m      ~~~~~~~~~~~[0m

[96msrc/lib/services/bias-audit-service.ts[0m:[93m623[0m:[93m7[0m - [91merror[0m[90m TS2532: [0mObject is possibly 'undefined'.

[7m623[0m       counts[bucketIndex]++
[7m   [0m [91m      ~~~~~~~~~~~~~~~~~~~[0m

[96msrc/lib/services/bias-audit-service.ts[0m:[93m631[0m:[93m9[0m - [91merror[0m[90m TS2322: [0mType 'number | undefined' is not assignable to type 'number'.
  Type 'undefined' is not assignable to type 'number'.

[7m631[0m         count: counts[i],
[7m   [0m [91m        ~~~~~[0m

  [96msrc/lib/api/journal-research/bias-audit-types.ts[0m:[93m23[0m:[93m3[0m
    [7m23[0m   count: z.number(),
    [7m  [0m [96m  ~~~~~~~~~~~~~~~~~[0m
    The expected type comes from property 'count' which is declared here on type '{ range: string; count: number; percentage: number; }'

[96msrc/lib/services/bias-audit-service.ts[0m:[93m632[0m:[93m43[0m - [91merror[0m[90m TS2532: [0mObject is possibly 'undefined'.

[7m632[0m         percentage: results.length > 0 ? (counts[i] / results.length) * 100 : 0,
[7m   [0m [91m                                          ~~~~~~~~~[0m

[96msrc/lib/services/bias-detection-optimized.ts[0m:[93m416[0m:[93m22[0m - [91merror[0m[90m TS2554: [0mExpected 0 arguments, but got 1.

[7m416[0m       client.release(timedOut)
[7m   [0m [91m                     ~~~~~~~~[0m

[96msrc/lib/services/cacheService.ts[0m:[93m108[0m:[93m11[0m - [91merror[0m[90m TS18046: [0m'key' is of type 'unknown'.

[7m108[0m           key.startsWith(memoryService.prefix)
[7m   [0m [91m          ~~~[0m

[96msrc/lib/services/cacheService.ts[0m:[93m109[0m:[93m15[0m - [91merror[0m[90m TS18046: [0m'key' is of type 'unknown'.

[7m109[0m             ? key.substring(memoryService.prefix.length)
[7m   [0m [91m              ~~~[0m

[96msrc/lib/services/cdn-optimizer.ts[0m:[93m10[0m:[93m26[0m - [91merror[0m[90m TS2559: [0mType '"cdn-optimizer"' has no properties in common with type 'LoggerOptions'.

[7m10[0m const logger = getLogger('cdn-optimizer')
[7m  [0m [91m                         ~~~~~~~~~~~~~~~[0m

[96msrc/lib/services/cdn-optimizer.ts[0m:[93m74[0m:[93m28[0m - [91merror[0m[90m TS4111: [0mProperty 'CDN_BASE_URL' comes from an index signature, so it must be accessed with ['CDN_BASE_URL'].

[7m74[0m       baseUrl: process.env.CDN_BASE_URL ?? 'https://cdn.pixelatedempathy.com',
[7m  [0m [91m                           ~~~~~~~~~~~~[0m

[96msrc/lib/services/cdn-optimizer.ts[0m:[93m304[0m:[93m40[0m - [91merror[0m[90m TS2345: [0mArgument of type '{ width?: number | undefined; height?: number | undefined; quality?: number | undefined; format?: string | undefined; } | undefined' is not assignable to parameter of type '{ width?: number | undefined; height?: number | undefined; quality?: number | undefined; format?: "webp" | "avif" | "jpeg" | "png" | undefined; } | undefined'.
  Type '{ width?: number | undefined; height?: number | undefined; quality?: number | undefined; format?: string | undefined; }' is not assignable to type '{ width?: number | undefined; height?: number | undefined; quality?: number | undefined; format?: "webp" | "avif" | "jpeg" | "png" | undefined; }'.
    Types of property 'format' are incompatible.
      Type 'string | undefined' is not assignable to type '"webp" | "avif" | "jpeg" | "png" | undefined'.
        Type 'string' is not assignable to type '"webp" | "avif" | "jpeg" | "png" | undefined'.

[7m304[0m         this.optimizeImage(asset.path, asset.options),
[7m   [0m [91m                                       ~~~~~~~~~~~~~[0m

[96msrc/lib/services/email/EmailService.ts[0m:[93m28[0m:[93m20[0m - [91merror[0m[90m TS2554: [0mExpected 2-3 arguments, but got 1.

[7m28[0m   templateModel: z.record(z.unknown()),
[7m  [0m [91m                   ~~~~~~[0m

  [96mnode_modules/.pnpm/zod@4.4.3/node_modules/zod/v4/classic/schemas.d.cts[0m:[93m534[0m:[93m107[0m
    [7m534[0m export declare function record<Key extends core.$ZodRecordKey, Value extends core.SomeType>(keyType: Key, valueType: Value, params?: string | core.$ZodRecordParams): ZodRecord<Key, Value>;
    [7m   [0m [96m                                                                                                          ~~~~~~~~~~~~~~~~[0m
    An argument for 'valueType' was not provided.

[96msrc/lib/services/email/EmailService.ts[0m:[93m38[0m:[93m15[0m - [91merror[0m[90m TS2554: [0mExpected 2-3 arguments, but got 1.

[7m38[0m   metadata: z.record(z.string()).optional(),
[7m  [0m [91m              ~~~~~~[0m

  [96mnode_modules/.pnpm/zod@4.4.3/node_modules/zod/v4/classic/schemas.d.cts[0m:[93m534[0m:[93m107[0m
    [7m534[0m export declare function record<Key extends core.$ZodRecordKey, Value extends core.SomeType>(keyType: Key, valueType: Value, params?: string | core.$ZodRecordParams): ZodRecord<Key, Value>;
    [7m   [0m [96m                                                                                                          ~~~~~~~~~~~~~~~~[0m
    An argument for 'valueType' was not provided.

[96msrc/lib/services/email/EmailService.ts[0m:[93m193[0m:[93m39[0m - [91merror[0m[90m TS2532: [0mObject is possibly 'undefined'.

[7m193[0m         const { data, error } = await this.resend.emails.send(emailOptions)
[7m   [0m [91m                                      ~~~~~~~~~~~[0m

[96msrc/lib/services/email/__tests__/EmailService.test.ts[0m:[93m107[0m:[93m9[0m - [91merror[0m[90m TS2532: [0mObject is possibly 'undefined'.

[7m107[0m         (mockRedisMethods.lpush as ReturnType<typeof vi.fn>).mock.calls[0][1],
[7m   [0m [91m        ~~~~~~~~~~~~~~~~~~~~~~~~~~~~~~~~~~~~~~~~~~~~~~~~~~~~~~~~~~~~~~~~~~[0m

[96msrc/lib/services/health-monitor.ts[0m:[93m133[0m:[93m24[0m - [91merror[0m[90m TS2532: [0mObject is possibly 'undefined'.

[7m133[0m       const highLoad = loadAvg[0] > cpuCount * 2
[7m   [0m [91m                       ~~~~~~~~~~[0m

[96msrc/lib/services/health-monitor.ts[0m:[93m154[0m:[93m11[0m - [91merror[0m[90m TS2304: [0mCannot find name '_error'.

[7m154[0m           _error instanceof Error ? _String(error) : 'System check failed',
[7m   [0m [91m          ~~~~~~[0m

[96msrc/lib/services/health-monitor.ts[0m:[93m154[0m:[93m37[0m - [91merror[0m[90m TS2304: [0mCannot find name '_String'.

[7m154[0m           _error instanceof Error ? _String(error) : 'System check failed',
[7m   [0m [91m                                    ~~~~~~~[0m

[96msrc/lib/services/health-monitor.ts[0m:[93m194[0m:[93m11[0m - [91merror[0m[90m TS2304: [0mCannot find name '_error'.

[7m194[0m           _error instanceof Error ? _String(error) : 'Memory check failed',
[7m   [0m [91m          ~~~~~~[0m

[96msrc/lib/services/health-monitor.ts[0m:[93m194[0m:[93m37[0m - [91merror[0m[90m TS2304: [0mCannot find name '_String'.

[7m194[0m           _error instanceof Error ? _String(error) : 'Memory check failed',
[7m   [0m [91m                                    ~~~~~~~[0m

[96msrc/lib/services/health-monitor.ts[0m:[93m229[0m:[93m18[0m - [91merror[0m[90m TS2304: [0mCannot find name '_error'.

[7m229[0m         message: _error instanceof Error ? _String(error) : 'Disk check failed',
[7m   [0m [91m                 ~~~~~~[0m

[96msrc/lib/services/health-monitor.ts[0m:[93m229[0m:[93m44[0m - [91merror[0m[90m TS2304: [0mCannot find name '_String'.

[7m229[0m         message: _error instanceof Error ? _String(error) : 'Disk check failed',
[7m   [0m [91m                                           ~~~~~~~[0m

[96msrc/lib/services/integration-test.ts[0m:[93m61[0m:[93m22[0m - [91merror[0m[90m TS4111: [0mProperty 'memoryService' comes from an index signature, so it must be accessed with ['memoryService'].

[7m61[0m       serviceTimings.memoryService = Date.now() - memoryStart
[7m  [0m [91m                     ~~~~~~~~~~~~~[0m

[96msrc/lib/services/integration-test.ts[0m:[93m66[0m:[93m22[0m - [91merror[0m[90m TS4111: [0mProperty 'fheService' comes from an index signature, so it must be accessed with ['fheService'].

[7m66[0m       serviceTimings.fheService = Date.now() - fheStart
[7m  [0m [91m                     ~~~~~~~~~~[0m

[96msrc/lib/services/integration-test.ts[0m:[93m71[0m:[93m22[0m - [91merror[0m[90m TS4111: [0mProperty 'biasDetection' comes from an index signature, so it must be accessed with ['biasDetection'].

[7m71[0m       serviceTimings.biasDetection = Date.now() - biasStart
[7m  [0m [91m                     ~~~~~~~~~~~~~[0m

[96msrc/lib/services/integration-test.ts[0m:[93m76[0m:[93m22[0m - [91merror[0m[90m TS4111: [0mProperty 'emotionAnalysis' comes from an index signature, so it must be accessed with ['emotionAnalysis'].

[7m76[0m       serviceTimings.emotionAnalysis = Date.now() - emotionStart
[7m  [0m [91m                     ~~~~~~~~~~~~~~~[0m

[96msrc/lib/services/integration-test.ts[0m:[93m82[0m:[93m22[0m - [91merror[0m[90m TS4111: [0mProperty 'crossServiceCommunication' comes from an index signature, so it must be accessed with ['crossServiceCommunication'].

[7m82[0m       serviceTimings.crossServiceCommunication = Date.now() - crossStart
[7m  [0m [91m                     ~~~~~~~~~~~~~~~~~~~~~~~~~[0m

[96msrc/lib/services/integration-test.ts[0m:[93m367[0m:[93m26[0m - [91merror[0m[90m TS4111: [0mProperty 'id' comes from an index signature, so it must be accessed with ['id'].

[7m367[0m     typeof encryptedData.id === 'string' &&
[7m   [0m [91m                         ~~[0m

[96msrc/lib/services/integration-test.ts[0m:[93m368[0m:[93m26[0m - [91merror[0m[90m TS4111: [0mProperty 'dataType' comes from an index signature, so it must be accessed with ['dataType'].

[7m368[0m     typeof encryptedData.dataType === 'string' &&
[7m   [0m [91m                         ~~~~~~~~[0m

[96msrc/lib/services/integration-test.ts[0m:[93m369[0m:[93m19[0m - [91merror[0m[90m TS4111: [0mProperty 'data' comes from an index signature, so it must be accessed with ['data'].

[7m369[0m     encryptedData.data !== undefined
[7m   [0m [91m                  ~~~~[0m

[96msrc/lib/services/notification/NotificationService.ts[0m:[93m5[0m:[93m15[0m - [91merror[0m[90m TS2305: [0mModule '"../../../lib/ai/mental-llama/routing/MentalHealthTaskRouter"' has no exported member 'RoutingContext'.

[7m5[0m import type { RoutingContext } from '../../../lib/ai/mental-llama/routing/MentalHealthTaskRouter'
[7m [0m [91m              ~~~~~~~~~~~~~~[0m

[96msrc/lib/services/notification/NotificationService.ts[0m:[93m486[0m:[93m11[0m - [91merror[0m[90m TS2722: [0mCannot invoke an object which is possibly 'undefined'.

[7m486[0m     await redis.hset(
[7m   [0m [91m          ~~~~~~~~~~[0m

[96msrc/lib/services/notification/NotificationService.ts[0m:[93m486[0m:[93m17[0m - [91merror[0m[90m TS4111: [0mProperty 'hset' comes from an index signature, so it must be accessed with ['hset'].

[7m486[0m     await redis.hset(
[7m   [0m [91m                ~~~~[0m

[96msrc/lib/services/notification/__tests__/NotificationService.test.ts[0m:[93m197[0m:[93m20[0m - [91merror[0m[90m TS4111: [0mProperty 'lpush' comes from an index signature, so it must be accessed with ['lpush'].

[7m197[0m       expect(redis.lpush).toHaveBeenCalledWith(
[7m   [0m [91m                   ~~~~~[0m

[96msrc/lib/services/notification/__tests__/NotificationService.test.ts[0m:[93m253[0m:[93m7[0m - [91merror[0m[90m TS2532: [0mObject is possibly 'undefined'.

[7m253[0m       vi.mocked(redis.rpoplpush)
[7m   [0m [91m      ~~~~~~~~~~~~~~~~~~~~~~~~~~[0m

[96msrc/lib/services/notification/__tests__/NotificationService.test.ts[0m:[93m253[0m:[93m23[0m - [91merror[0m[90m TS4111: [0mProperty 'rpoplpush' comes from an index signature, so it must be accessed with ['rpoplpush'].

[7m253[0m       vi.mocked(redis.rpoplpush)
[7m   [0m [91m                      ~~~~~~~~~[0m

[96msrc/lib/services/notification/__tests__/NotificationService.test.ts[0m:[93m259[0m:[93m20[0m - [91merror[0m[90m TS4111: [0mProperty 'rpoplpush' comes from an index signature, so it must be accessed with ['rpoplpush'].

[7m259[0m       expect(redis.rpoplpush).toHaveBeenCalledWith(
[7m   [0m [91m                   ~~~~~~~~~[0m

[96msrc/lib/services/notification/__tests__/NotificationService.test.ts[0m:[93m263[0m:[93m20[0m - [91merror[0m[90m TS4111: [0mProperty 'hset' comes from an index signature, so it must be accessed with ['hset'].

[7m263[0m       expect(redis.hset).toHaveBeenCalledWith(
[7m   [0m [91m                   ~~~~[0m

[96msrc/lib/services/notification/__tests__/NotificationService.test.ts[0m:[93m289[0m:[93m7[0m - [91merror[0m[90m TS2532: [0mObject is possibly 'undefined'.

[7m289[0m       vi.mocked(redis.rpoplpush).mockResolvedValueOnce(
[7m   [0m [91m      ~~~~~~~~~~~~~~~~~~~~~~~~~~[0m

[96msrc/lib/services/notification/__tests__/NotificationService.test.ts[0m:[93m289[0m:[93m23[0m - [91merror[0m[90m TS4111: [0mProperty 'rpoplpush' comes from an index signature, so it must be accessed with ['rpoplpush'].

[7m289[0m       vi.mocked(redis.rpoplpush).mockResolvedValueOnce(
[7m   [0m [91m                      ~~~~~~~~~[0m

[96msrc/lib/services/notification/__tests__/NotificationService.test.ts[0m:[93m299[0m:[93m20[0m - [91merror[0m[90m TS4111: [0mProperty 'hset' comes from an index signature, so it must be accessed with ['hset'].

[7m299[0m       expect(redis.hset).toHaveBeenCalledWith(
[7m   [0m [91m                   ~~~~[0m

[96msrc/lib/services/notification/__tests__/NotificationService.test.ts[0m:[93m325[0m:[93m7[0m - [91merror[0m[90m TS2532: [0mObject is possibly 'undefined'.

[7m325[0m       vi.mocked(redis.hget).mockResolvedValueOnce(JSON.stringify(notification))
[7m   [0m [91m      ~~~~~~~~~~~~~~~~~~~~~[0m

[96msrc/lib/services/notification/__tests__/NotificationService.test.ts[0m:[93m325[0m:[93m23[0m - [91merror[0m[90m TS4111: [0mProperty 'hget' comes from an index signature, so it must be accessed with ['hget'].

[7m325[0m       vi.mocked(redis.hget).mockResolvedValueOnce(JSON.stringify(notification))
[7m   [0m [91m                      ~~~~[0m

[96msrc/lib/services/notification/__tests__/NotificationService.test.ts[0m:[93m329[0m:[93m20[0m - [91merror[0m[90m TS4111: [0mProperty 'hset' comes from an index signature, so it must be accessed with ['hset'].

[7m329[0m       expect(redis.hset).toHaveBeenCalledWith(
[7m   [0m [91m                   ~~~~[0m

[96msrc/lib/services/notification/__tests__/NotificationService.test.ts[0m:[93m337[0m:[93m7[0m - [91merror[0m[90m TS2532: [0mObject is possibly 'undefined'.

[7m337[0m       vi.mocked(redis.hget).mockResolvedValueOnce(null)
[7m   [0m [91m      ~~~~~~~~~~~~~~~~~~~~~[0m

[96msrc/lib/services/notification/__tests__/NotificationService.test.ts[0m:[93m337[0m:[93m23[0m - [91merror[0m[90m TS4111: [0mProperty 'hget' comes from an index signature, so it must be accessed with ['hget'].

[7m337[0m       vi.mocked(redis.hget).mockResolvedValueOnce(null)
[7m   [0m [91m                      ~~~~[0m

[96msrc/lib/services/notification/__tests__/NotificationService.test.ts[0m:[93m380[0m:[93m7[0m - [91merror[0m[90m TS2532: [0mObject is possibly 'undefined'.

[7m380[0m       vi.mocked(redis.hgetall).mockResolvedValueOnce(notifications)
[7m   [0m [91m      ~~~~~~~~~~~~~~~~~~~~~~~~[0m

[96msrc/lib/services/notification/__tests__/NotificationService.test.ts[0m:[93m380[0m:[93m23[0m - [91merror[0m[90m TS4111: [0mProperty 'hgetall' comes from an index signature, so it must be accessed with ['hgetall'].

[7m380[0m       vi.mocked(redis.hgetall).mockResolvedValueOnce(notifications)
[7m   [0m [91m                      ~~~~~~~[0m

[96msrc/lib/services/notification/__tests__/NotificationService.test.ts[0m:[93m385[0m:[93m14[0m - [91merror[0m[90m TS2532: [0mObject is possibly 'undefined'.

[7m385[0m       expect(result[0].id).toBe('test-id-1') // Most recent first
[7m   [0m [91m             ~~~~~~~~~[0m

[96msrc/lib/services/notification/__tests__/NotificationService.test.ts[0m:[93m410[0m:[93m7[0m - [91merror[0m[90m TS2532: [0mObject is possibly 'undefined'.

[7m410[0m       vi.mocked(redis.hgetall).mockResolvedValueOnce(notifications)
[7m   [0m [91m      ~~~~~~~~~~~~~~~~~~~~~~~~[0m

[96msrc/lib/services/notification/__tests__/NotificationService.test.ts[0m:[93m410[0m:[93m23[0m - [91merror[0m[90m TS4111: [0mProperty 'hgetall' comes from an index signature, so it must be accessed with ['hgetall'].

[7m410[0m       vi.mocked(redis.hgetall).mockResolvedValueOnce(notifications)
[7m   [0m [91m                      ~~~~~~~[0m

[96msrc/lib/services/notification/__tests__/NotificationService.test.ts[0m:[93m419[0m:[93m14[0m - [91merror[0m[90m TS2532: [0mObject is possibly 'undefined'.

[7m419[0m       expect(result[0].id).toBe('test-id-2') // Offset by 2, limit 5
[7m   [0m [91m             ~~~~~~~~~[0m

[96msrc/lib/services/notification/__tests__/NotificationService.test.ts[0m:[93m473[0m:[93m7[0m - [91merror[0m[90m TS2532: [0mObject is possibly 'undefined'.

[7m473[0m       vi.mocked(redis.hgetall).mockResolvedValueOnce(notifications)
[7m   [0m [91m      ~~~~~~~~~~~~~~~~~~~~~~~~[0m

[96msrc/lib/services/notification/__tests__/NotificationService.test.ts[0m:[93m473[0m:[93m23[0m - [91merror[0m[90m TS4111: [0mProperty 'hgetall' comes from an index signature, so it must be accessed with ['hgetall'].

[7m473[0m       vi.mocked(redis.hgetall).mockResolvedValueOnce(notifications)
[7m   [0m [91m                      ~~~~~~~[0m

[96msrc/lib/services/notification/pushUtils.ts[0m:[93m53[0m:[93m35[0m - [91merror[0m[90m TS2769: [0mNo overload matches this call.
  Overload 1 of 2, '(format: "jwk", keyData: JsonWebKey, algorithm: AlgorithmIdentifier | RsaHashedImportParams | EcKeyImportParams | HmacImportParams | AesKeyAlgorithm | KmacImportParams, extractable: boolean, keyUsages: KeyUsage[]): Promise<...>', gave the following error.
    Argument of type '"pkcs8"' is not assignable to parameter of type '"jwk"'.
  Overload 2 of 2, '(format: "raw" | "pkcs8" | "spki" | "raw-public" | "raw-secret" | "raw-seed", keyData: BufferSource, algorithm: AlgorithmIdentifier | RsaHashedImportParams | EcKeyImportParams | HmacImportParams | AesKeyAlgorithm | KmacImportParams, extractable: boolean, keyUsages: KeyUsage[]): Promise<...>', gave the following error.
    Argument of type 'Uint8Array<ArrayBufferLike>' is not assignable to parameter of type 'BufferSource'.
      Type 'Uint8Array<ArrayBufferLike>' is not assignable to type 'Uint8Array<ArrayBuffer> | DataView<ArrayBuffer>'.
        Type 'Uint8Array<ArrayBufferLike>' is not assignable to type 'Uint8Array<ArrayBuffer>'.
          Type 'ArrayBufferLike' is not assignable to type 'ArrayBuffer'.
            Type 'SharedArrayBuffer' is missing the following properties from type 'ArrayBuffer': resizable, resize, detached, transfer, transferToFixedLength

[7m53[0m   const privateKey = await subtle.importKey(
[7m  [0m [91m                                  ~~~~~~~~~[0m


[96msrc/lib/services/notification/smsUtils.ts[0m:[93m1[0m:[93m23[0m - [91merror[0m[90m TS6133: [0m'Twilio' is declared but its value is never read.

[7m1[0m import twilio, { type Twilio } from 'twilio'
[7m [0m [91m                      ~~~~~~[0m

[96msrc/lib/services/notification/smsUtils.ts[0m:[93m34[0m:[93m36[0m - [91merror[0m[90m TS2709: [0mCannot use namespace 'Twilio' as a type.

[7m34[0m export function getTwilioClient(): Twilio | null {
[7m  [0m [91m                                   ~~~~~~[0m

[96msrc/lib/services/patient-rights/dataDeleteService.ts[0m:[93m68[0m:[93m28[0m - [91merror[0m[90m TS2339: [0mProperty 'getDb' does not exist on type 'MongoClientBridge'.

[7m68[0m     const db = mongoClient.getDb()
[7m  [0m [91m                           ~~~~~[0m

[96msrc/lib/services/patient-rights/dataDeleteService.ts[0m:[93m89[0m:[93m28[0m - [91merror[0m[90m TS2339: [0mProperty 'getDb' does not exist on type 'MongoClientBridge'.

[7m89[0m     const db = mongoClient.getDb()
[7m  [0m [91m                           ~~~~~[0m

[96msrc/lib/services/patient-rights/dataDeleteService.ts[0m:[93m127[0m:[93m28[0m - [91merror[0m[90m TS2339: [0mProperty 'getDb' does not exist on type 'MongoClientBridge'.

[7m127[0m     const db = mongoClient.getDb()
[7m   [0m [91m                           ~~~~~[0m

[96msrc/lib/services/patient-rights/dataDeleteService.ts[0m:[93m159[0m:[93m28[0m - [91merror[0m[90m TS2339: [0mProperty 'getDb' does not exist on type 'MongoClientBridge'.

[7m159[0m     const db = mongoClient.getDb()
[7m   [0m [91m                           ~~~~~[0m

[96msrc/lib/services/patient-rights/dataDeleteService.ts[0m:[93m178[0m:[93m37[0m - [91merror[0m[90m TS2322: [0mType 'string' is not assignable to type '{ id: string; name: string; description: string; level: number; }'.

[7m178[0m       { userId: params.processedBy, role: 'system' as const },
[7m   [0m [91m                                    ~~~~[0m

  [96msrc/lib/ai/bias-detection/types.ts[0m:[93m603[0m:[93m3[0m
    [7m603[0m   role: {
    [7m   [0m [96m  ~~~~[0m
    The expected type comes from property 'role' which is declared here on type 'UserContext'

[96msrc/lib/services/patient-rights/dataDeleteService.ts[0m:[93m245[0m:[93m30[0m - [91merror[0m[90m TS2322: [0mType 'string' is not assignable to type '{ id: string; name: string; description: string; level: number; }'.

[7m245[0m       { userId: processedBy, role: 'system' as const },
[7m   [0m [91m                             ~~~~[0m

  [96msrc/lib/ai/bias-detection/types.ts[0m:[93m603[0m:[93m3[0m
    [7m603[0m   role: {
    [7m   [0m [96m  ~~~~[0m
    The expected type comes from property 'role' which is declared here on type 'UserContext'

[96msrc/lib/services/patient-rights/dataDeleteService.ts[0m:[93m268[0m:[93m30[0m - [91merror[0m[90m TS2322: [0mType 'string' is not assignable to type '{ id: string; name: string; description: string; level: number; }'.

[7m268[0m       { userId: processedBy, role: 'system' as const },
[7m   [0m [91m                             ~~~~[0m

  [96msrc/lib/ai/bias-detection/types.ts[0m:[93m603[0m:[93m3[0m
    [7m603[0m   role: {
    [7m   [0m [96m  ~~~~[0m
    The expected type comes from property 'role' which is declared here on type 'UserContext'

[96msrc/lib/services/patient-rights/dataDeleteService.ts[0m:[93m301[0m:[93m26[0m - [91merror[0m[90m TS2339: [0mProperty 'getDb' does not exist on type 'MongoClientBridge'.

[7m301[0m   const db = mongoClient.getDb()
[7m   [0m [91m                         ~~~~~[0m

[96msrc/lib/services/patient-rights/dataDeleteService.ts[0m:[93m346[0m:[93m28[0m - [91merror[0m[90m TS2339: [0mProperty 'getDb' does not exist on type 'MongoClientBridge'.

[7m346[0m     const db = mongoClient.getDb()
[7m   [0m [91m                           ~~~~~[0m

[96msrc/lib/services/performance-optimizer.ts[0m:[93m390[0m:[93m42[0m - [91merror[0m[90m TS2345: [0mArgument of type '(items: T[]) => Promise<void>' is not assignable to parameter of type '(items: unknown[]) => Promise<void>'.
  Types of parameters 'items' and 'items' are incompatible.
    Type 'unknown[]' is not assignable to type 'T[]'.
      Type 'unknown' is not assignable to type 'T'.
        'T' could be instantiated with an arbitrary type which could be unrelated to 'unknown'.

[7m390[0m       await this.processBatch(batchName, processor)
[7m   [0m [91m                                         ~~~~~~~~~[0m

[96msrc/lib/services/performance-optimizer.ts[0m:[93m396[0m:[93m42[0m - [91merror[0m[90m TS2345: [0mArgument of type '(items: T[]) => Promise<void>' is not assignable to parameter of type '(items: unknown[]) => Promise<void>'.
  Types of parameters 'items' and 'items' are incompatible.
    Type 'unknown[]' is not assignable to type 'T[]'.
      Type 'unknown' is not assignable to type 'T'.
        'T' could be instantiated with an arbitrary type which could be unrelated to 'unknown'.

[7m396[0m       await this.processBatch(batchName, processor)
[7m   [0m [91m                                         ~~~~~~~~~[0m

[96msrc/lib/services/phase3-integration-test.ts[0m:[93m59[0m:[93m42[0m - [91merror[0m[90m TS2345: [0mArgument of type '{ host: string; port: number; retryAttempts: number; retryDelay: number; }' is not assignable to parameter of type 'RedisServiceConfig'.
  Property 'url' is missing in type '{ host: string; port: number; retryAttempts: number; retryDelay: number; }' but required in type 'RedisServiceConfig'.

[7m 59[0m     this.redisService = new RedisService({
[7m   [0m [91m                                         ~[0m
[7m 60[0m       host: process.env['REDIS_HOST'] ?? 'localhost',
[7m   [0m [91m~~~~~~~~~~~~~~~~~~~~~~~~~~~~~~~~~~~~~~~~~~~~~~~~~~~~~[0m
[7m...[0m 
[7m 63[0m       retryDelay: 1000,
[7m   [0m [91m~~~~~~~~~~~~~~~~~~~~~~~[0m
[7m 64[0m     })
[7m   [0m [91m~~~~~[0m

  [96msrc/lib/services/redis/types.ts[0m:[93m10[0m:[93m3[0m
    [7m10[0m   url: string
    [7m  [0m [96m  ~~~[0m
    'url' is declared here.

[96msrc/lib/services/phase3-integration-test.ts[0m:[93m94[0m:[93m22[0m - [91merror[0m[90m TS4111: [0mProperty 'serviceHealth' comes from an index signature, so it must be accessed with ['serviceHealth'].

[7m94[0m       serviceTimings.serviceHealth = Date.now() - healthStart
[7m  [0m [91m                     ~~~~~~~~~~~~~[0m

[96msrc/lib/services/phase3-integration-test.ts[0m:[93m100[0m:[93m22[0m - [91merror[0m[90m TS4111: [0mProperty 'crossServiceCommunication' comes from an index signature, so it must be accessed with ['crossServiceCommunication'].

[7m100[0m       serviceTimings.crossServiceCommunication = Date.now() - commStart
[7m   [0m [91m                     ~~~~~~~~~~~~~~~~~~~~~~~~~[0m

[96msrc/lib/services/phase3-integration-test.ts[0m:[93m106[0m:[93m25[0m - [91merror[0m[90m TS4111: [0mProperty 'apiRequests' comes from an index signature, so it must be accessed with ['apiRequests'].

[7m106[0m       throughputMetrics.apiRequests = perfResults.apiThroughput
[7m   [0m [91m                        ~~~~~~~~~~~[0m

[96msrc/lib/services/phase3-integration-test.ts[0m:[93m107[0m:[93m25[0m - [91merror[0m[90m TS4111: [0mProperty 'dataProcessing' comes from an index signature, so it must be accessed with ['dataProcessing'].

[7m107[0m       throughputMetrics.dataProcessing = perfResults.dataProcessingRate
[7m   [0m [91m                        ~~~~~~~~~~~~~~[0m

[96msrc/lib/services/phase3-integration-test.ts[0m:[93m108[0m:[93m22[0m - [91merror[0m[90m TS4111: [0mProperty 'performanceBenchmarks' comes from an index signature, so it must be accessed with ['performanceBenchmarks'].

[7m108[0m       serviceTimings.performanceBenchmarks = Date.now() - perfStart
[7m   [0m [91m                     ~~~~~~~~~~~~~~~~~~~~~[0m

[96msrc/lib/services/phase3-integration-test.ts[0m:[93m113[0m:[93m22[0m - [91merror[0m[90m TS4111: [0mProperty 'errorRecovery' comes from an index signature, so it must be accessed with ['errorRecovery'].

[7m113[0m       serviceTimings.errorRecovery = Date.now() - errorStart
[7m   [0m [91m                     ~~~~~~~~~~~~~[0m

[96msrc/lib/services/phase3-integration-test.ts[0m:[93m119[0m:[93m25[0m - [91merror[0m[90m TS4111: [0mProperty 'concurrentOperations' comes from an index signature, so it must be accessed with ['concurrentOperations'].

[7m119[0m       throughputMetrics.concurrentOperations =
[7m   [0m [91m                        ~~~~~~~~~~~~~~~~~~~~[0m

[96msrc/lib/services/phase3-integration-test.ts[0m:[93m121[0m:[93m22[0m - [91merror[0m[90m TS4111: [0mProperty 'concurrencyHandling' comes from an index signature, so it must be accessed with ['concurrencyHandling'].

[7m121[0m       serviceTimings.concurrencyHandling = Date.now() - concurrencyStart
[7m   [0m [91m                     ~~~~~~~~~~~~~~~~~~~[0m

[96msrc/lib/services/phase3-integration-test.ts[0m:[93m127[0m:[93m19[0m - [91merror[0m[90m TS4111: [0mProperty 'baseline' comes from an index signature, so it must be accessed with ['baseline'].

[7m127[0m       memoryUsage.baseline = memoryResults.baselineMemory
[7m   [0m [91m                  ~~~~~~~~[0m

[96msrc/lib/services/phase3-integration-test.ts[0m:[93m128[0m:[93m19[0m - [91merror[0m[90m TS4111: [0mProperty 'peak' comes from an index signature, so it must be accessed with ['peak'].

[7m128[0m       memoryUsage.peak = memoryResults.peakMemory
[7m   [0m [91m                  ~~~~[0m

[96msrc/lib/services/phase3-integration-test.ts[0m:[93m129[0m:[93m19[0m - [91merror[0m[90m TS4111: [0mProperty 'afterCleanup' comes from an index signature, so it must be accessed with ['afterCleanup'].

[7m129[0m       memoryUsage.afterCleanup = memoryResults.afterCleanupMemory
[7m   [0m [91m                  ~~~~~~~~~~~~[0m

[96msrc/lib/services/phase3-integration-test.ts[0m:[93m130[0m:[93m22[0m - [91merror[0m[90m TS4111: [0mProperty 'memoryManagement' comes from an index signature, so it must be accessed with ['memoryManagement'].

[7m130[0m       serviceTimings.memoryManagement = Date.now() - memoryStart
[7m   [0m [91m                     ~~~~~~~~~~~~~~~~[0m

[96msrc/lib/services/phase3-integration-test.ts[0m:[93m137[0m:[93m22[0m - [91merror[0m[90m TS4111: [0mProperty 'productionReadiness' comes from an index signature, so it must be accessed with ['productionReadiness'].

[7m137[0m       serviceTimings.productionReadiness = Date.now() - prodStart
[7m   [0m [91m                     ~~~~~~~~~~~~~~~~~~~[0m

[96msrc/lib/services/phase3-integration-test.ts[0m:[93m149[0m:[93m9[0m - [91merror[0m[90m TS18048: [0m'serviceTimings.crossServiceCommunication' is possibly 'undefined'.

[7m149[0m     if (serviceTimings.crossServiceCommunication > 5000) {
[7m   [0m [91m        ~~~~~~~~~~~~~~~~~~~~~~~~~~~~~~~~~~~~~~~~[0m

[96msrc/lib/services/phase3-integration-test.ts[0m:[93m149[0m:[93m24[0m - [91merror[0m[90m TS4111: [0mProperty 'crossServiceCommunication' comes from an index signature, so it must be accessed with ['crossServiceCommunication'].

[7m149[0m     if (serviceTimings.crossServiceCommunication > 5000) {
[7m   [0m [91m                       ~~~~~~~~~~~~~~~~~~~~~~~~~[0m

[96msrc/lib/services/phase3-integration-test.ts[0m:[93m154[0m:[93m9[0m - [91merror[0m[90m TS18048: [0m'throughputMetrics.apiRequests' is possibly 'undefined'.

[7m154[0m     if (throughputMetrics.apiRequests < 100) {
[7m   [0m [91m        ~~~~~~~~~~~~~~~~~~~~~~~~~~~~~[0m

[96msrc/lib/services/phase3-integration-test.ts[0m:[93m154[0m:[93m27[0m - [91merror[0m[90m TS4111: [0mProperty 'apiRequests' comes from an index signature, so it must be accessed with ['apiRequests'].

[7m154[0m     if (throughputMetrics.apiRequests < 100) {
[7m   [0m [91m                          ~~~~~~~~~~~[0m

[96msrc/lib/services/phase3-integration-test.ts[0m:[93m159[0m:[93m9[0m - [91merror[0m[90m TS18048: [0m'memoryUsage.peak' is possibly 'undefined'.

[7m159[0m     if (memoryUsage.peak > memoryUsage.baseline * 3) {
[7m   [0m [91m        ~~~~~~~~~~~~~~~~[0m

[96msrc/lib/services/phase3-integration-test.ts[0m:[93m159[0m:[93m21[0m - [91merror[0m[90m TS4111: [0mProperty 'peak' comes from an index signature, so it must be accessed with ['peak'].

[7m159[0m     if (memoryUsage.peak > memoryUsage.baseline * 3) {
[7m   [0m [91m                    ~~~~[0m

[96msrc/lib/services/phase3-integration-test.ts[0m:[93m159[0m:[93m28[0m - [91merror[0m[90m TS18048: [0m'memoryUsage.baseline' is possibly 'undefined'.

[7m159[0m     if (memoryUsage.peak > memoryUsage.baseline * 3) {
[7m   [0m [91m                           ~~~~~~~~~~~~~~~~~~~~[0m

[96msrc/lib/services/phase3-integration-test.ts[0m:[93m159[0m:[93m40[0m - [91merror[0m[90m TS4111: [0mProperty 'baseline' comes from an index signature, so it must be accessed with ['baseline'].

[7m159[0m     if (memoryUsage.peak > memoryUsage.baseline * 3) {
[7m   [0m [91m                                       ~~~~~~~~[0m

[96msrc/lib/services/phase3-integration-test.ts[0m:[93m194[0m:[93m28[0m - [91merror[0m[90m TS2339: [0mProperty 'healthCheck' does not exist on type 'MemoryService'.

[7m194[0m         this.memoryService.healthCheck?.() ?? Promise.resolve(true),
[7m   [0m [91m                           ~~~~~~~~~~~[0m

[96msrc/lib/services/phase3-integration-test.ts[0m:[93m196[0m:[93m31[0m - [91merror[0m[90m TS2339: [0mProperty 'healthCheck' does not exist on type 'AnalyticsService'.

[7m196[0m         this.analyticsService.healthCheck?.() ?? Promise.resolve(true),
[7m   [0m [91m                              ~~~~~~~~~~~[0m

[96msrc/lib/services/phase3-integration-test.ts[0m:[93m197[0m:[93m34[0m - [91merror[0m[90m TS2339: [0mProperty 'healthCheck' does not exist on type 'NotificationService'.

[7m197[0m         this.notificationService.healthCheck?.() ?? Promise.resolve(true),
[7m   [0m [91m                                 ~~~~~~~~~~~[0m

[96msrc/lib/services/phase3-integration-test.ts[0m:[93m198[0m:[93m29[0m - [91merror[0m[90m TS2339: [0mProperty 'healthCheck' does not exist on type 'ContactService'.

[7m198[0m         this.contactService.healthCheck?.() ?? Promise.resolve(true),
[7m   [0m [91m                            ~~~~~~~~~~~[0m

[96msrc/lib/services/phase3-integration-test.ts[0m:[93m199[0m:[93m27[0m - [91merror[0m[90m TS2339: [0mProperty 'healthCheck' does not exist on type 'EmailService'.

[7m199[0m         this.emailService.healthCheck?.() ?? Promise.resolve(true),
[7m   [0m [91m                          ~~~~~~~~~~~[0m

[96msrc/lib/services/phase3-integration-test.ts[0m:[93m260[0m:[93m9[0m - [91merror[0m[90m TS2322: [0mType 'number' is not assignable to type 'Date'.

[7m260[0m         timestamp: Date.now(),
[7m   [0m [91m        ~~~~~~~~~[0m

  [96msrc/lib/ai/bias-detection/types.ts[0m:[93m248[0m:[93m3[0m
    [7m248[0m   timestamp?: Date
    [7m   [0m [96m  ~~~~~~~~~[0m
    The expected type comes from property 'timestamp' which is declared here on type 'TherapeuticSession'

[96msrc/lib/services/phase3-integration-test.ts[0m:[93m279[0m:[93m9[0m - [91merror[0m[90m TS2353: [0mObject literal may only specify known properties, and 'event' does not exist in type '{ type: EventType; priority: EventPriority; timestamp: number; properties: Record<string, unknown>; metadata: Record<string, unknown>; userId?: string | undefined; sessionId?: string | undefined; }'.

[7m279[0m         event: 'cross_service_test',
[7m   [0m [91m        ~~~~~[0m

[96msrc/lib/services/phase3-integration-test.ts[0m:[93m285[0m:[93m22[0m - [91merror[0m[90m TS7053: [0mElement implicitly has an 'any' type because expression of type '"biasScore"' can't be used to index type 'BiasAnalysisResult'.
  Property 'biasScore' does not exist on type 'BiasAnalysisResult'.

[7m285[0m           biasScore: biasResult['biasScore'],
[7m   [0m [91m                     ~~~~~~~~~~~~~~~~~~~~~~~[0m

[96msrc/lib/services/phase3-integration-test.ts[0m:[93m290[0m:[93m11[0m - [91merror[0m[90m TS7053: [0mElement implicitly has an 'any' type because expression of type '"biasScore"' can't be used to index type 'BiasAnalysisResult'.
  Property 'biasScore' does not exist on type 'BiasAnalysisResult'.

[7m290[0m       if (biasResult['biasScore'] > 0.7) {
[7m   [0m [91m          ~~~~~~~~~~~~~~~~~~~~~~~[0m

[96msrc/lib/services/phase3-integration-test.ts[0m:[93m291[0m:[93m40[0m - [91merror[0m[90m TS2551: [0mProperty 'sendNotification' does not exist on type 'NotificationService'. Did you mean 'getNotifications'?

[7m291[0m         await this.notificationService.sendNotification({
[7m   [0m [91m                                       ~~~~~~~~~~~~~~~~[0m

  [96msrc/lib/services/notification/NotificationService.ts[0m:[93m496[0m:[93m9[0m
    [7m496[0m   async getNotifications(
    [7m   [0m [96m        ~~~~~~~~~~~~~~~~[0m
    'getNotifications' is declared here.

[96msrc/lib/services/phase3-integration-test.ts[0m:[93m295[0m:[93m35[0m - [91merror[0m[90m TS7053: [0mElement implicitly has an 'any' type because expression of type '"biasScore"' can't be used to index type 'BiasAnalysisResult'.
  Property 'biasScore' does not exist on type 'BiasAnalysisResult'.

[7m295[0m           message: `Bias score: ${biasResult['biasScore']}`,
[7m   [0m [91m                                  ~~~~~~~~~~~~~~~~~~~~~~~[0m

[96msrc/lib/services/phase3-integration-test.ts[0m:[93m317[0m:[93m9[0m - [91merror[0m[90m TS7053: [0mElement implicitly has an 'any' type because expression of type '"biasScore"' can't be used to index type 'BiasAnalysisResult'.
  Property 'biasScore' does not exist on type 'BiasAnalysisResult'.

[7m317[0m         biasResult['biasScore'] !== undefined &&
[7m   [0m [91m        ~~~~~~~~~~~~~~~~~~~~~~~[0m

[96msrc/lib/services/phase3-integration-test.ts[0m:[93m318[0m:[93m9[0m - [91merror[0m[90m TS2367: [0mThis comparison appears to be unintentional because the types 'EncryptedData<unknown>' and 'string' have no overlap.

[7m318[0m         encryptedData !== sessionText
[7m   [0m [91m        ~~~~~~~~~~~~~~~~~~~~~~~~~~~~~[0m

[96msrc/lib/services/phase3-integration-test.ts[0m:[93m338[0m:[93m13[0m - [91merror[0m[90m TS7034: [0mVariable 'apiOperations' implicitly has type 'any[]' in some locations where its type cannot be determined.

[7m338[0m       const apiOperations = []
[7m   [0m [91m            ~~~~~~~~~~~~~[0m

[96msrc/lib/services/phase3-integration-test.ts[0m:[93m341[0m:[93m11[0m - [91merror[0m[90m TS7005: [0mVariable 'apiOperations' implicitly has an 'any[]' type.

[7m341[0m         ;(apiOperations as unknown[]).push(
[7m   [0m [91m          ~~~~~~~~~~~~~[0m

[96msrc/lib/services/phase3-integration-test.ts[0m:[93m350[0m:[93m25[0m - [91merror[0m[90m TS7005: [0mVariable 'apiOperations' implicitly has an 'any[]' type.

[7m350[0m       await Promise.all(apiOperations)
[7m   [0m [91m                        ~~~~~~~~~~~~~[0m

[96msrc/lib/services/phase3-integration-test.ts[0m:[93m356[0m:[93m13[0m - [91merror[0m[90m TS7034: [0mVariable 'dataOperations' implicitly has type 'any[]' in some locations where its type cannot be determined.

[7m356[0m       const dataOperations = []
[7m   [0m [91m            ~~~~~~~~~~~~~~[0m

[96msrc/lib/services/phase3-integration-test.ts[0m:[93m359[0m:[93m11[0m - [91merror[0m[90m TS7005: [0mVariable 'dataOperations' implicitly has an 'any[]' type.

[7m359[0m         ;(dataOperations as unknown[]).push(
[7m   [0m [91m          ~~~~~~~~~~~~~~[0m

[96msrc/lib/services/phase3-integration-test.ts[0m:[93m374[0m:[93m25[0m - [91merror[0m[90m TS7005: [0mVariable 'dataOperations' implicitly has an 'any[]' type.

[7m374[0m       await Promise.all(dataOperations)
[7m   [0m [91m                        ~~~~~~~~~~~~~~[0m

[96msrc/lib/services/phase3-integration-test.ts[0m:[93m461[0m:[93m13[0m - [91merror[0m[90m TS7034: [0mVariable 'concurrentOperations' implicitly has type 'any[]' in some locations where its type cannot be determined.

[7m461[0m       const concurrentOperations = []
[7m   [0m [91m            ~~~~~~~~~~~~~~~~~~~~[0m

[96msrc/lib/services/phase3-integration-test.ts[0m:[93m465[0m:[93m11[0m - [91merror[0m[90m TS7005: [0mVariable 'concurrentOperations' implicitly has an 'any[]' type.

[7m465[0m         ;(concurrentOperations as unknown[]).push(
[7m   [0m [91m          ~~~~~~~~~~~~~~~~~~~~[0m

[96msrc/lib/services/phase3-integration-test.ts[0m:[93m473[0m:[93m15[0m - [91merror[0m[90m TS2322: [0mType 'string' is not assignable to type 'EventType'.

[7m473[0m               type: 'concurrency_test' as unknown as string,
[7m   [0m [91m              ~~~~[0m

  [96msrc/lib/services/analytics/analytics-types.ts[0m:[93m24[0m:[93m3[0m
    [7m24[0m   type: z.nativeEnum(EventType),
    [7m  [0m [96m  ~~~~~~~~~~~~~~~~~~~~~~~~~~~~~[0m
    The expected type comes from property 'type' which is declared here on type '{ type: EventType; priority: EventPriority; timestamp: number; properties: Record<string, unknown>; metadata: Record<string, unknown>; userId?: string | undefined; sessionId?: string | undefined; }'

[96msrc/lib/services/phase3-integration-test.ts[0m:[93m483[0m:[93m48[0m - [91merror[0m[90m TS7005: [0mVariable 'concurrentOperations' implicitly has an 'any[]' type.

[7m483[0m       const results = await Promise.allSettled(concurrentOperations)
[7m   [0m [91m                                               ~~~~~~~~~~~~~~~~~~~~[0m

[96msrc/lib/services/phase3-integration-test.ts[0m:[93m535[0m:[93m13[0m - [91merror[0m[90m TS7034: [0mVariable 'memoryOperations' implicitly has type 'any[]' in some locations where its type cannot be determined.

[7m535[0m       const memoryOperations = []
[7m   [0m [91m            ~~~~~~~~~~~~~~~~[0m

[96msrc/lib/services/phase3-integration-test.ts[0m:[93m537[0m:[93m11[0m - [91merror[0m[90m TS7005: [0mVariable 'memoryOperations' implicitly has an 'any[]' type.

[7m537[0m         ;(memoryOperations as unknown[]).push(
[7m   [0m [91m          ~~~~~~~~~~~~~~~~[0m

[96msrc/lib/services/phase3-integration-test.ts[0m:[93m555[0m:[93m25[0m - [91merror[0m[90m TS7005: [0mVariable 'memoryOperations' implicitly has an 'any[]' type.

[7m555[0m       await Promise.all(memoryOperations)
[7m   [0m [91m                        ~~~~~~~~~~~~~~~~[0m

[96msrc/lib/services/product-memory-gateway.ts[0m:[93m100[0m:[93m27[0m - [91merror[0m[90m TS4111: [0mProperty 'category' comes from an index signature, so it must be accessed with ['category'].

[7m100[0m           typeof metadata.category === 'string' ? metadata.category : undefined,
[7m   [0m [91m                          ~~~~~~~~[0m

[96msrc/lib/services/product-memory-gateway.ts[0m:[93m100[0m:[93m60[0m - [91merror[0m[90m TS4111: [0mProperty 'category' comes from an index signature, so it must be accessed with ['category'].

[7m100[0m           typeof metadata.category === 'string' ? metadata.category : undefined,
[7m   [0m [91m                                                           ~~~~~~~~[0m

[96msrc/lib/services/redis/RedisService.ts[0m:[93m78[0m:[93m25[0m - [91merror[0m[90m TS4111: [0mProperty 'password' comes from an index signature, so it must be accessed with ['password'].

[7m78[0m             this.config.password = password
[7m  [0m [91m                        ~~~~~~~~[0m

[96msrc/lib/services/redis/RedisService.ts[0m:[93m143[0m:[93m23[0m - [91merror[0m[90m TS4111: [0mProperty 'password' comes from an index signature, so it must be accessed with ['password'].

[7m143[0m       if (this.config.password) {
[7m   [0m [91m                      ~~~~~~~~[0m

[96msrc/lib/services/redis/RedisService.ts[0m:[93m144[0m:[93m48[0m - [91merror[0m[90m TS4111: [0mProperty 'password' comes from an index signature, so it must be accessed with ['password'].

[7m144[0m         redisOptions['password'] = this.config.password
[7m   [0m [91m                                               ~~~~~~~~[0m

[96msrc/lib/services/redis/RedisService.ts[0m:[93m1203[0m:[93m52[0m - [91merror[0m[90m TS2345: [0mArgument of type 'string | undefined' is not assignable to parameter of type 'string'.
  Type 'undefined' is not assignable to type 'string'.

[7m1203[0m           stats.totalConnections = Number.parseInt(value, 10)
[7m    [0m [91m                                                   ~~~~~[0m

[96msrc/lib/services/redis/RedisService.ts[0m:[93m1207[0m:[93m50[0m - [91merror[0m[90m TS2345: [0mArgument of type 'string | undefined' is not assignable to parameter of type 'string'.
  Type 'undefined' is not assignable to type 'string'.

[7m1207[0m           stats.waitingClients = Number.parseInt(value, 10)
[7m    [0m [91m                                                 ~~~~~[0m

[96msrc/lib/services/redis/RedisService.ts[0m:[93m1421[0m:[93m15[0m - [91merror[0m[90m TS2322: [0mType 'string | undefined' is not assignable to type 'string'.
  Type 'undefined' is not assignable to type 'string'.

[7m1421[0m               value: result[i],
[7m    [0m [91m              ~~~~~[0m

  [96msrc/lib/services/redis/redis-operation-types.ts[0m:[93m2[0m:[93m3[0m
    [7m2[0m   value: string
    [7m [0m [96m  ~~~~~[0m
    The expected type comes from property 'value' which is declared here on type 'RedisZSetMember'

[96msrc/lib/services/redis/__tests__/PatternRecognition.integration.test.ts[0m:[93m2[0m:[93m3[0m - [91merror[0m[90m TS2459: [0mModule '"../../../ai/services/pattern-recognition-types"' declares 'EmotionAnalysis' locally, but it is not exported.

[7m2[0m   EmotionAnalysis,
[7m [0m [91m  ~~~~~~~~~~~~~~~[0m

  [96msrc/lib/ai/services/pattern-recognition-types.ts[0m:[93m3[0m:[93m15[0m
    [7m3[0m import type { EmotionAnalysis } from '../emotions/types'
    [7m [0m [96m              ~~~~~~~~~~~~~~~[0m
    'EmotionAnalysis' is declared here.

[96msrc/lib/services/redis/__tests__/PatternRecognition.integration.test.ts[0m:[93m4[0m:[93m3[0m - [91merror[0m[90m TS2459: [0mModule '"../../../ai/services/pattern-recognition-types"' declares 'TherapySession' locally, but it is not exported.

[7m4[0m   TherapySession,
[7m [0m [91m  ~~~~~~~~~~~~~~[0m

  [96msrc/lib/ai/services/pattern-recognition-types.ts[0m:[93m4[0m:[93m15[0m
    [7m4[0m import type { TherapySession } from '../models/ai-types'
    [7m [0m [96m              ~~~~~~~~~~~~~~[0m
    'TherapySession' is declared here.

[96msrc/lib/services/redis/__tests__/PatternRecognition.integration.test.ts[0m:[93m10[0m:[93m23[0m - [91merror[0m[90m TS2304: [0mCannot find name 'ExtendedFHEService'.

[7m10[0m const mockFHEService: ExtendedFHEService = {
[7m  [0m [91m                      ~~~~~~~~~~~~~~~~~~[0m

[96msrc/lib/services/redis/__tests__/PatternRecognition.integration.test.ts[0m:[93m76[0m:[93m7[0m - [91merror[0m[90m TS6133: [0m'mockRedisService' is declared but its value is never read.

[7m76[0m const mockRedisService: IRedisService = {
[7m  [0m [91m      ~~~~~~~~~~~~~~~~[0m

[96msrc/lib/services/redis/__tests__/RedisService.integration.test.ts[0m:[93m187[0m:[93m52[0m - [91merror[0m[90m TS2532: [0mObject is possibly 'undefined'.

[7m187[0m           expect(parseRedisRecord(result)).toEqual(sessions[i].data)
[7m   [0m [91m                                                   ~~~~~~~~~~~[0m

[96msrc/lib/services/redis/__tests__/RedisService.integration.test.ts[0m:[93m202[0m:[93m18[0m - [91merror[0m[90m TS2538: [0mType 'undefined' cannot be used as an index type.

[7m202[0m           counts[type] = (counts[type] ?? 0) + 1
[7m   [0m [91m                 ~~~~[0m

[96msrc/lib/services/redis/__tests__/RedisService.integration.test.ts[0m:[93m202[0m:[93m34[0m - [91merror[0m[90m TS2538: [0mType 'undefined' cannot be used as an index type.

[7m202[0m           counts[type] = (counts[type] ?? 0) + 1
[7m   [0m [91m                                 ~~~~[0m

[96msrc/lib/services/redis/__tests__/RedisService.integration.test.ts[0m:[93m306[0m:[93m25[0m - [91merror[0m[90m TS4111: [0mProperty 'confidence' comes from an index signature, so it must be accessed with ['confidence'].

[7m306[0m           expect(parsed.confidence).toBeGreaterThanOrEqual(0.8)
[7m   [0m [91m                        ~~~~~~~~~~[0m

[96msrc/lib/services/redis/__tests__/RedisService.perf.test.ts[0m:[93m7[0m:[93m15[0m - [91merror[0m[90m TS4111: [0mProperty 'SKIP_REDIS_TESTS' comes from an index signature, so it must be accessed with ['SKIP_REDIS_TESTS'].

[7m7[0m   process.env.SKIP_REDIS_TESTS === 'true' || process.env.CI === 'true'
[7m [0m [91m              ~~~~~~~~~~~~~~~~[0m

[96msrc/lib/services/redis/__tests__/RedisService.perf.test.ts[0m:[93m7[0m:[93m58[0m - [91merror[0m[90m TS4111: [0mProperty 'CI' comes from an index signature, so it must be accessed with ['CI'].

[7m7[0m   process.env.SKIP_REDIS_TESTS === 'true' || process.env.CI === 'true'
[7m [0m [91m                                                         ~~[0m

[96msrc/lib/services/redis/__tests__/RedisService.perf.test.ts[0m:[93m19[0m:[93m30[0m - [91merror[0m[90m TS4111: [0mProperty 'REDIS_KEY_PREFIX' comes from an index signature, so it must be accessed with ['REDIS_KEY_PREFIX'].

[7m19[0m       keyPrefix: process.env.REDIS_KEY_PREFIX!,
[7m  [0m [91m                             ~~~~~~~~~~~~~~~~[0m

[96msrc/lib/services/redis/__tests__/RedisService.perf.test.ts[0m:[93m150[0m:[93m14[0m - [91merror[0m[90m TS2532: [0mObject is possibly 'undefined'.

[7m150[0m       expect(results[1024].write).toBeLessThan(200) // relaxed timing for write
[7m   [0m [91m             ~~~~~~~~~~~~~[0m

[96msrc/lib/services/redis/__tests__/RedisService.perf.test.ts[0m:[93m151[0m:[93m14[0m - [91merror[0m[90m TS2532: [0mObject is possibly 'undefined'.

[7m151[0m       expect(results[1024].read).toBeLessThan(200) // relaxed timing for read
[7m   [0m [91m             ~~~~~~~~~~~~~[0m

[96msrc/lib/services/redis/__tests__/RedisService.perf.test.ts[0m:[93m153[0m:[93m14[0m - [91merror[0m[90m TS2532: [0mObject is possibly 'undefined'.

[7m153[0m       expect(results[10240].write).toBeLessThan(300) // relaxed
[7m   [0m [91m             ~~~~~~~~~~~~~~[0m

[96msrc/lib/services/redis/__tests__/RedisService.perf.test.ts[0m:[93m154[0m:[93m14[0m - [91merror[0m[90m TS2532: [0mObject is possibly 'undefined'.

[7m154[0m       expect(results[10240].read).toBeLessThan(200) // relaxed
[7m   [0m [91m             ~~~~~~~~~~~~~~[0m

[96msrc/lib/services/redis/__tests__/RedisService.perf.test.ts[0m:[93m156[0m:[93m14[0m - [91merror[0m[90m TS2532: [0mObject is possibly 'undefined'.

[7m156[0m       expect(results[102400].write).toBeLessThan(500) // relaxed for environment
[7m   [0m [91m             ~~~~~~~~~~~~~~~[0m

[96msrc/lib/services/redis/__tests__/RedisService.perf.test.ts[0m:[93m157[0m:[93m14[0m - [91merror[0m[90m TS2532: [0mObject is possibly 'undefined'.

[7m157[0m       expect(results[102400].read).toBeLessThan(500) // relaxed for environment
[7m   [0m [91m             ~~~~~~~~~~~~~~~[0m

[96msrc/lib/services/redis/__tests__/RedisService.perf.test.ts[0m:[93m159[0m:[93m14[0m - [91merror[0m[90m TS2532: [0mObject is possibly 'undefined'.

[7m159[0m       expect(results[1048576].write).toBeLessThan(1000) // relaxed for environment
[7m   [0m [91m             ~~~~~~~~~~~~~~~~[0m

[96msrc/lib/services/redis/__tests__/RedisService.perf.test.ts[0m:[93m160[0m:[93m14[0m - [91merror[0m[90m TS2532: [0mObject is possibly 'undefined'.

[7m160[0m       expect(results[1048576].read).toBeLessThan(1000) // relaxed for environment
[7m   [0m [91m             ~~~~~~~~~~~~~~~~[0m

[96msrc/lib/services/redis/__tests__/RedisService.test.ts[0m:[93m80[0m:[93m32[0m - [91merror[0m[90m TS4111: [0mProperty 'REDIS_KEY_PREFIX' comes from an index signature, so it must be accessed with ['REDIS_KEY_PREFIX'].

[7m80[0m         keyPrefix: process.env.REDIS_KEY_PREFIX!,
[7m  [0m [91m                               ~~~~~~~~~~~~~~~~[0m

[96msrc/lib/services/redis/__tests__/RedisService.test.ts[0m:[93m360[0m:[93m32[0m - [91merror[0m[90m TS4111: [0mProperty 'REDIS_KEY_PREFIX' comes from an index signature, so it must be accessed with ['REDIS_KEY_PREFIX'].

[7m360[0m         keyPrefix: process.env.REDIS_KEY_PREFIX!,
[7m   [0m [91m                               ~~~~~~~~~~~~~~~~[0m

[96msrc/lib/services/redis/__tests__/run-tests.ts[0m:[93m152[0m:[93m13[0m - [91merror[0m[90m TS2339: [0mProperty 'main' does not exist on type '(specifier: string) => unknown'.

[7m152[0m if (require.main === module) {
[7m   [0m [91m            ~~~~[0m

[96msrc/lib/services/training/TrainingWebSocketServer.ts[0m:[93m245[0m:[93m39[0m - [91merror[0m[90m TS4111: [0mProperty 'NODE_ENV' comes from an index signature, so it must be accessed with ['NODE_ENV'].

[7m245[0m     const isDevelopment = process.env.NODE_ENV === 'development'
[7m   [0m [91m                                      ~~~~~~~~[0m

[96msrc/lib/services/training/TrainingWebSocketServer.ts[0m:[93m384[0m:[93m39[0m - [91merror[0m[90m TS4111: [0mProperty 'NODE_ENV' comes from an index signature, so it must be accessed with ['NODE_ENV'].

[7m384[0m     const isDevelopment = process.env.NODE_ENV === 'development'
[7m   [0m [91m                                      ~~~~~~~~[0m

[96msrc/lib/services/training/server.ts[0m:[93m3[0m:[93m26[0m - [91merror[0m[90m TS4111: [0mProperty 'TRAINING_WS_PORT' comes from an index signature, so it must be accessed with ['TRAINING_WS_PORT'].

[7m3[0m const PORT = process.env.TRAINING_WS_PORT
[7m [0m [91m                         ~~~~~~~~~~~~~~~~[0m

[96msrc/lib/services/training/server.ts[0m:[93m4[0m:[93m26[0m - [91merror[0m[90m TS4111: [0mProperty 'TRAINING_WS_PORT' comes from an index signature, so it must be accessed with ['TRAINING_WS_PORT'].

[7m4[0m   ? parseInt(process.env.TRAINING_WS_PORT)
[7m [0m [91m                         ~~~~~~~~~~~~~~~~[0m

[96msrc/lib/services/uptime-monitor.ts[0m:[93m148[0m:[93m7[0m - [91merror[0m[90m TS2322: [0mType 'UptimeRecord | undefined' is not assignable to type 'UptimeRecord'.
  Type 'undefined' is not assignable to type 'UptimeRecord'.

[7m148[0m       lastCheck: relevantRecords[relevantRecords.length - 1],
[7m   [0m [91m      ~~~~~~~~~[0m

  [96msrc/lib/services/uptime-monitor.ts[0m:[93m19[0m:[93m3[0m
    [7m19[0m   lastCheck: UptimeRecord
    [7m  [0m [96m  ~~~~~~~~~[0m
    The expected type comes from property 'lastCheck' which is declared here on type 'UptimeStats'

[96msrc/lib/services/websocket/BiasWebSocketServer.ts[0m:[93m595[0m:[93m9[0m - [91merror[0m[90m TS2322: [0mType '{ date: string; time?: string | undefined; biasScore: number; sessionCount: number; alertCount: number; demographicBreakdown?: Record<string, number> | undefined; }[]' is not assignable to type 'BiasTrendData[]'.
  Type '{ date: string; time?: string | undefined; biasScore: number; sessionCount: number; alertCount: number; demographicBreakdown?: Record<string, number> | undefined; }' is not assignable to type 'BiasTrendData'.
    Types of property 'demographicBreakdown' are incompatible.
      Type 'Record<string, number> | undefined' is not assignable to type 'Record<string, number>'.
        Type 'undefined' is not assignable to type 'Record<string, number>'.

[7m595[0m         updatedTrends: dashboardData.trends?.slice(-10) || [],
[7m   [0m [91m        ~~~~~~~~~~~~~[0m

  [96msrc/lib/ai/bias-detection/types.ts[0m:[93m792[0m:[93m5[0m
    [7m792[0m     updatedTrends: BiasTrendData[]
    [7m   [0m [96m    ~~~~~~~~~~~~~[0m
    The expected type comes from property 'updatedTrends' which is declared here on type '{ summary: BiasDashboardSummary; newAlerts: BiasAlert[]; updatedTrends: BiasTrendData[]; }'

[96msrc/lib/services/websocket/BiasWebSocketServer.ts[0m:[93m614[0m:[93m9[0m - [91merror[0m[90m TS2322: [0mType '{ status: "healthy" | "degraded" | "unhealthy"; timestamp: Date; services: { pythonService: { status: "up"; lastCheck: Date; }; database: { status: "up"; lastCheck: Date; }; cache: { ...; }; alertSystem: { ...; }; }; version: string; uptime: number; }' is not assignable to type '"error" | "authentication_failed" | "healthy" | "unhealthy" | "degraded" | "heartbeat" | "authenticated"'.

[7m614[0m         status: {
[7m   [0m [91m        ~~~~~~[0m

  [96msrc/lib/ai/bias-detection/types.ts[0m:[93m799[0m:[93m5[0m
    [7m799[0m     status: 'healthy' | 'degraded' | 'unhealthy' | 'error' | 'authenticated' | 'authentication_failed' | 'heartbeat'
    [7m   [0m [96m    ~~~~~~[0m
    The expected type comes from property 'status' which is declared here on type '{ status: "error" | "authentication_failed" | "healthy" | "unhealthy" | "degraded" | "heartbeat" | "authenticated"; timestamp: Date; services?: { pythonService: { status: "up" | "down"; lastCheck: Date; }; database: { ...; }; cache: { ...; }; alertSystem: { ...; }; } | undefined; ... 4 more ...; permissions?: string...'

[96msrc/lib/sessionStore.ts[0m:[93m12[0m:[93m52[0m - [91merror[0m[90m TS4111: [0mProperty 'id' comes from an index signature, so it must be accessed with ['id'].

[7m12[0m   if (!('id' in sessionData) || typeof sessionData.id !== 'string') {
[7m  [0m [91m                                                   ~~[0m

[96msrc/lib/sessionStore.ts[0m:[93m15[0m:[93m28[0m - [91merror[0m[90m TS4111: [0mProperty 'id' comes from an index signature, so it must be accessed with ['id'].

[7m15[0m   sessionStore[sessionData.id] = { ...sessionData }
[7m  [0m [91m                           ~~[0m

[96msrc/lib/skillCategories.ts[0m:[93m60[0m:[93m7[0m - [91merror[0m[90m TS2322: [0mType '"technical" | "therapeutic" | "interpersonal" | undefined' is not assignable to type '"technical" | "therapeutic" | "interpersonal"'.
  Type 'undefined' is not assignable to type '"technical" | "therapeutic" | "interpersonal"'.

[7m60[0m       return SKILL_NAME_MAP[key]
[7m  [0m [91m      ~~~~~~[0m

[96msrc/lib/state/jotai-persistence.ts[0m:[93m61[0m:[93m7[0m - [91merror[0m[90m TS2322: [0mType 'number | undefined' is not assignable to type 'number'.
  Type 'undefined' is not assignable to type 'number'.

[7m61[0m       ttl: options.ttl ?? undefined,
[7m  [0m [91m      ~~~[0m

  [96msrc/lib/state/jotai-persistence.ts[0m:[93m29[0m:[93m3[0m
    [7m29[0m   ttl?: number // Time to live in milliseconds
    [7m  [0m [96m  ~~~[0m
    The expected type comes from property 'ttl' which is declared here on type 'Required<Omit<PersistenceOptions, "migration">> & Pick<PersistenceOptions, "migration">'

[96msrc/lib/state/jotai-persistence.ts[0m:[93m105[0m:[93m28[0m - [91merror[0m[90m TS2554: [0mExpected 2 arguments, but got 1.

[7m105[0m         serialized = await encrypt(serialized)
[7m   [0m [91m                           ~~~~~~~[0m

  [96msrc/lib/crypto.ts[0m:[93m6[0m:[93m27[0m
    [7m6[0m   encrypt: (data: string, context: string) => Promise<string>
    [7m [0m [96m                          ~~~~~~~~~~~~~~~[0m
    An argument for 'context' was not provided.

[96msrc/lib/state/jotai-persistence.ts[0m:[93m122[0m:[93m29[0m - [91merror[0m[90m TS2554: [0mExpected 2 arguments, but got 1.

[7m122[0m           decrypted = await decrypt(serialized)
[7m   [0m [91m                            ~~~~~~~[0m

  [96msrc/lib/crypto.ts[0m:[93m7[0m:[93m36[0m
    [7m7[0m   decrypt: (encryptedData: string, context: string) => Promise<string>
    [7m [0m [96m                                   ~~~~~~~~~~~~~~~[0m
    An argument for 'context' was not provided.

[96msrc/lib/state/jotai-persistence.ts[0m:[93m132[0m:[93m13[0m - [91merror[0m[90m TS2322: [0mType 'unknown' is not assignable to type 'StoredState<Value>'.

[7m132[0m       const storedState: StoredState<Value> = JSON.parse(decrypted) as unknown
[7m   [0m [91m            ~~~~~~~~~~~[0m

[96msrc/lib/state/jotai-persistence.ts[0m:[93m242[0m:[93m36[0m - [91merror[0m[90m TS2769: [0mNo overload matches this call.
  Overload 1 of 3, '(getStringStorage: () => AsyncStringStorage, options?: JsonStorageOptions | undefined): AsyncStorage<Value>', gave the following error.
    Type 'unknown' is not assignable to type 'AsyncStringStorage'.
  Overload 2 of 3, '(getStringStorage: () => SyncStringStorage, options?: JsonStorageOptions | undefined): SyncStorage<Value>', gave the following error.
    Type 'unknown' is not assignable to type 'SyncStringStorage'.

[7m242[0m     createJSONStorage<Value>(() => storage as unknown),
[7m   [0m [91m                                   ~~~~~~~~~~~~~~~~~~[0m

  [96mnode_modules/.pnpm/jotai@2.20.0_@babel+core@7.29.0_@babel+template@7.28.6_@types+react@19.2.15_react@19.2.6/node_modules/jotai/esm/vanilla/utils/atomWithStorage.d.mts[0m:[93m40[0m:[93m68[0m
    [7m40[0m export declare function createJSONStorage<Value>(getStringStorage: () => AsyncStringStorage, options?: JsonStorageOptions): AsyncStorage<Value>;
    [7m  [0m [96m                                                                   ~~~~~~~~~~~~~~~~~~~~~~~~[0m
    The expected type comes from the return type of this signature.
  [96mnode_modules/.pnpm/jotai@2.20.0_@babel+core@7.29.0_@babel+template@7.28.6_@types+react@19.2.15_react@19.2.6/node_modules/jotai/esm/vanilla/utils/atomWithStorage.d.mts[0m:[93m41[0m:[93m68[0m
    [7m41[0m export declare function createJSONStorage<Value>(getStringStorage: () => SyncStringStorage, options?: JsonStorageOptions): SyncStorage<Value>;
    [7m  [0m [96m                                                                   ~~~~~~~~~~~~~~~~~~~~~~~[0m
    The expected type comes from the return type of this signature.

[96msrc/lib/state/jotai-persistence.ts[0m:[93m296[0m:[93m20[0m - [91merror[0m[90m TS6133: [0m'syncSubscriptions' is declared but its value is never read.

[7m296[0m   private readonly syncSubscriptions: Map<string, () => void> = new Map()
[7m   [0m [91m                   ~~~~~~~~~~~~~~~~~[0m

[96msrc/lib/state/persistence.ts[0m:[93m22[0m:[93m3[0m - [91merror[0m[90m TS2322: [0mType 'Storage | null' is not assignable to type 'Storage'.
  Type 'null' is not assignable to type 'Storage'.

[7m22[0m   storage:
[7m  [0m [91m  ~~~~~~~[0m

  [96msrc/lib/state/persistence.ts[0m:[93m5[0m:[93m3[0m
    [7m5[0m   storage?: Storage
    [7m [0m [96m  ~~~~~~~[0m
    The expected type comes from property 'storage' which is declared here on type 'Required<StorageOptions>'

[96msrc/lib/state/persistence.ts[0m:[93m24[0m:[93m24[0m - [91merror[0m[90m TS2341: [0mProperty 'getStorage' is private and only accessible within class 'StorageManager'.

[7m24[0m       ? storageManager.getStorage()
[7m  [0m [91m                       ~~~~~~~~~~[0m

[96msrc/lib/store.ts[0m:[93m265[0m:[93m17[0m - [91merror[0m[90m TS2345: [0mArgument of type 'FHEService | null' is not assignable to parameter of type 'FHEService | null | undefined'.
  Type 'import("/home/vivi/pixelated/src/lib/fhe/types").FHEService' is not assignable to type 'FHEService'.
    The types returned by 'encrypt(...)' are incompatible between these types.
      Type 'Promise<EncryptedData<unknown>>' is not assignable to type 'Promise<string>'.
        Type 'EncryptedData<unknown>' is not assignable to type 'string'.

[7m265[0m                 get().fheService,
[7m   [0m [91m                ~~~~~~~~~~~~~~~~[0m

[96msrc/lib/stores/fhe-store.ts[0m:[93m231[0m:[93m15[0m - [91merror[0m[90m TS2304: [0mCannot find name 'isEncryptedData'.

[7m231[0m             ? isEncryptedData(JSON.parse(encryptedMessage) as unknown)
[7m   [0m [91m              ~~~~~~~~~~~~~~~[0m

[96msrc/lib/stores/fhe-store.ts[0m:[93m234[0m:[93m15[0m - [91merror[0m[90m TS2304: [0mCannot find name 'isEncryptedData'.

[7m234[0m             : isEncryptedData(encryptedMessage)
[7m   [0m [91m              ~~~~~~~~~~~~~~~[0m

[96msrc/lib/stores/fhe-store.ts[0m:[93m239[0m:[93m52[0m - [91merror[0m[90m TS2345: [0mArgument of type 'unknown' is not assignable to parameter of type 'EncryptedData<unknown>'.

[7m239[0m         const decrypted = await fheService.decrypt(encryptedData)
[7m   [0m [91m                                                   ~~~~~~~~~~~~~[0m

[96msrc/lib/stores/fhe-store.ts[0m:[93m295[0m:[93m11[0m - [91merror[0m[90m TS2741: [0mProperty 'operationType' is missing in type 'FHEOperationResult<string>' but required in type 'HomomorphicOperationResult'.

[7m295[0m           result = await fheService.processEncrypted(
[7m   [0m [91m          ~~~~~~[0m

  [96msrc/lib/fhe/types.ts[0m:[93m553[0m:[93m3[0m
    [7m553[0m   operationType: string
    [7m   [0m [96m  ~~~~~~~~~~~~~[0m
    'operationType' is declared here.

[96msrc/lib/stores/fhe-store.ts[0m:[93m305[0m:[93m17[0m - [91merror[0m[90m TS2304: [0mCannot find name 'isEncryptedData'.

[7m305[0m               ? isEncryptedData(JSON.parse(encryptedMessage) as unknown)
[7m   [0m [91m                ~~~~~~~~~~~~~~~[0m

[96msrc/lib/stores/fhe-store.ts[0m:[93m308[0m:[93m17[0m - [91merror[0m[90m TS2304: [0mCannot find name 'isEncryptedData'.

[7m308[0m               : isEncryptedData(encryptedMessage)
[7m   [0m [91m                ~~~~~~~~~~~~~~~[0m

[96msrc/lib/stores/fhe-store.ts[0m:[93m317[0m:[93m19[0m - [91merror[0m[90m TS2345: [0mArgument of type 'unknown' is not assignable to parameter of type 'EncryptedData<unknown>'.

[7m317[0m                   encryptedData,
[7m   [0m [91m                  ~~~~~~~~~~~~~[0m

[96msrc/lib/stores/fhe-store.ts[0m:[93m329[0m:[93m19[0m - [91merror[0m[90m TS2345: [0mArgument of type 'unknown' is not assignable to parameter of type 'EncryptedData<unknown>'.

[7m329[0m                   encryptedData,
[7m   [0m [91m                  ~~~~~~~~~~~~~[0m

[96msrc/lib/supabase.ts[0m:[93m2[0m:[93m10[0m - [91merror[0m[90m TS2440: [0mImport declaration conflicts with local declaration of 'createSupabaseClient'.

[7m2[0m import { createClient as createSupabaseClient } from '@supabase/supabase-js'
[7m [0m [91m         ~~~~~~~~~~~~~~~~~~~~~~~~~~~~~~~~~~~~[0m

[96msrc/lib/supabase.ts[0m:[93m2[0m:[93m26[0m - [91merror[0m[90m TS2395: [0mIndividual declarations in merged declaration 'createSupabaseClient' must be all exported or all local.

[7m2[0m import { createClient as createSupabaseClient } from '@supabase/supabase-js'
[7m [0m [91m                         ~~~~~~~~~~~~~~~~~~~~[0m

[96msrc/lib/supabase.ts[0m:[93m46[0m:[93m14[0m - [91merror[0m[90m TS2395: [0mIndividual declarations in merged declaration 'createSupabaseClient' must be all exported or all local.

[7m46[0m export const createSupabaseClient = (url: string, key: string) => ({
[7m  [0m [91m             ~~~~~~~~~~~~~~~~~~~~[0m

[96msrc/lib/testing/comprehensiveTestSuite.ts[0m:[93m44[0m:[93m20[0m - [91merror[0m[90m TS6133: [0m'testResults' is declared but its value is never read.

[7m44[0m   private readonly testResults = new Map<string, TestResult>()
[7m  [0m [91m                   ~~~~~~~~~~~[0m

[96msrc/lib/testing/performance-benchmarks.ts[0m:[93m475[0m:[93m13[0m - [91merror[0m[90m TS2339: [0mProperty 'main' does not exist on type '(specifier: string) => unknown'.

[7m475[0m if (require.main === module) {
[7m   [0m [91m            ~~~~[0m

[96msrc/lib/testing/test-helpers.ts[0m:[93m126[0m:[93m9[0m - [91merror[0m[90m TS2322: [0mType 'string | undefined' is not assignable to type 'string'.
  Type 'undefined' is not assignable to type 'string'.

[7m126[0m         date: date.toISOString().split('T')[0],
[7m   [0m [91m        ~~~~[0m

  [96msrc/lib/testing/test-helpers.ts[0m:[93m112[0m:[93m7[0m
    [7m112[0m       date: string
    [7m   [0m [96m      ~~~~[0m
    The expected type comes from property 'date' which is declared here on type '{ date: string; biasScore: number; sessionCount: number; alertCount: number; minBias: number; maxBias: number; }'

[96msrc/lib/threat-detection/__tests__/phase8-integration.test.ts[0m:[93m45[0m:[93m17[0m - [91merror[0m[90m TS4111: [0mProperty 'MONGODB_URI' comes from an index signature, so it must be accessed with ['MONGODB_URI'].

[7m45[0m     process.env.MONGODB_URI = mongod.getUri()
[7m  [0m [91m                ~~~~~~~~~~~[0m

[96msrc/lib/threat-detection/__tests__/phase8-integration.test.ts[0m:[93m104[0m:[93m17[0m - [91merror[0m[90m TS4111: [0mProperty 'MONGODB_URI' comes from an index signature, so it must be accessed with ['MONGODB_URI'].

[7m104[0m     process.env.MONGODB_URI = mongod.getUri()
[7m   [0m [91m                ~~~~~~~~~~~[0m

[96msrc/lib/threat-detection/__tests__/phase8-integration.test.ts[0m:[93m183[0m:[93m21[0m - [91merror[0m[90m TS2532: [0mObject is possibly 'undefined'.

[7m183[0m       const alert = alertSpy.mock.calls[0][0]
[7m   [0m [91m                    ~~~~~~~~~~~~~~~~~~~~~~[0m

[96msrc/lib/threat-detection/__tests__/phase8-integration.test.ts[0m:[93m244[0m:[93m19[0m - [91merror[0m[90m TS4111: [0mProperty 'ALIENVAULT_API_KEY' comes from an index signature, so it must be accessed with ['ALIENVAULT_API_KEY'].

[7m244[0m       process.env.ALIENVAULT_API_KEY = 'test_valid_api_key'
[7m   [0m [91m                  ~~~~~~~~~~~~~~~~~~[0m

[96msrc/lib/threat-detection/__tests__/phase8-integration.test.ts[0m:[93m254[0m:[93m26[0m - [91merror[0m[90m TS4111: [0mProperty 'ALIENVAULT_API_KEY' comes from an index signature, so it must be accessed with ['ALIENVAULT_API_KEY'].

[7m254[0m       delete process.env.ALIENVAULT_API_KEY
[7m   [0m [91m                         ~~~~~~~~~~~~~~~~~~[0m

[96msrc/lib/threat-detection/__tests__/phase8-integration.test.ts[0m:[93m386[0m:[93m13[0m - [91merror[0m[90m TS2322: [0mType 'string | undefined' is not assignable to type 'string'.
  Type 'undefined' is not assignable to type 'string'.

[7m386[0m             type: ['login', 'api_call', 'data_access'][
[7m   [0m [91m            ~~~~[0m

[96msrc/lib/threat-detection/__tests__/phase8-integration.test.ts[0m:[93m409[0m:[93m19[0m - [91merror[0m[90m TS4111: [0mProperty 'ALIENVAULT_API_KEY' comes from an index signature, so it must be accessed with ['ALIENVAULT_API_KEY'].

[7m409[0m       process.env.ALIENVAULT_API_KEY = 'test_valid_api_key'
[7m   [0m [91m                  ~~~~~~~~~~~~~~~~~~[0m

[96msrc/lib/threat-detection/__tests__/phase8-integration.test.ts[0m:[93m421[0m:[93m26[0m - [91merror[0m[90m TS4111: [0mProperty 'ALIENVAULT_API_KEY' comes from an index signature, so it must be accessed with ['ALIENVAULT_API_KEY'].

[7m421[0m       delete process.env.ALIENVAULT_API_KEY
[7m   [0m [91m                         ~~~~~~~~~~~~~~~~~~[0m

[96msrc/lib/threat-detection/__tests__/phase8-integration.test.ts[0m:[93m449[0m:[93m19[0m - [91merror[0m[90m TS4111: [0mProperty 'ALIENVAULT_API_KEY' comes from an index signature, so it must be accessed with ['ALIENVAULT_API_KEY'].

[7m449[0m       process.env.ALIENVAULT_API_KEY = 'invalid_key'
[7m   [0m [91m                  ~~~~~~~~~~~~~~~~~~[0m

[96msrc/lib/threat-detection/__tests__/phase8-integration.test.ts[0m:[93m454[0m:[93m26[0m - [91merror[0m[90m TS4111: [0mProperty 'ALIENVAULT_API_KEY' comes from an index signature, so it must be accessed with ['ALIENVAULT_API_KEY'].

[7m454[0m       delete process.env.ALIENVAULT_API_KEY
[7m   [0m [91m                         ~~~~~~~~~~~~~~~~~~[0m

[96msrc/lib/threat-detection/behavioral/__tests__/behavioral-analysis.test.ts[0m:[93m8[0m:[93m44[0m - [91merror[0m[90m TS6133: [0m'afterEach' is declared but its value is never read.

[7m8[0m import { describe, it, expect, beforeEach, afterEach, vi } from 'vitest'
[7m [0m [91m                                           ~~~~~~~~~[0m

[96msrc/lib/threat-detection/behavioral/__tests__/behavioral-analysis.test.ts[0m:[93m100[0m:[93m7[0m - [91merror[0m[90m TS6133: [0m'mockOrchestrator' is declared but its value is never read.

[7m100[0m   let mockOrchestrator: any
[7m   [0m [91m      ~~~~~~~~~~~~~~~~[0m

[96msrc/lib/threat-detection/behavioral/__tests__/behavioral-analysis.test.ts[0m:[93m123[0m:[93m53[0m - [91merror[0m[90m TS2345: [0mArgument of type '{ redisUrl: string; mongoUrl: string; modelPath: string; privacyConfig: { epsilon: number; delta: number; sensitivity: number; mechanism: "laplace"; }; anomalyThresholds: { temporal: number; spatial: number; sequential: number; frequency: number; }; }' is not assignable to parameter of type 'BehavioralConfig'.
  Property 'mlEnabled' is missing in type '{ redisUrl: string; mongoUrl: string; modelPath: string; privacyConfig: { epsilon: number; delta: number; sensitivity: number; mechanism: "laplace"; }; anomalyThresholds: { temporal: number; spatial: number; sequential: number; frequency: number; }; }' but required in type 'BehavioralConfig'.

[7m123[0m     service = new AdvancedBehavioralAnalysisService(defaultConfig)
[7m   [0m [91m                                                    ~~~~~~~~~~~~~[0m

  [96msrc/lib/threat-detection/behavioral/types.ts[0m:[93m6[0m:[93m3[0m
    [7m6[0m   mlEnabled: boolean
    [7m [0m [96m  ~~~~~~~~~[0m
    'mlEnabled' is declared here.

[96msrc/lib/threat-detection/behavioral/analyzers/analyzer-utils.ts[0m:[93m18[0m:[93m20[0m - [91merror[0m[90m TS2532: [0mObject is possibly 'undefined'.

[7m18[0m     intervals.push(sorted[i] - sorted[i - 1])
[7m  [0m [91m                   ~~~~~~~~~[0m

[96msrc/lib/threat-detection/behavioral/analyzers/analyzer-utils.ts[0m:[93m18[0m:[93m32[0m - [91merror[0m[90m TS2532: [0mObject is possibly 'undefined'.

[7m18[0m     intervals.push(sorted[i] - sorted[i - 1])
[7m  [0m [91m                               ~~~~~~~~~~~~~[0m

[96msrc/lib/threat-detection/behavioral/analyzers/ml-anomaly-detector.ts[0m:[93m104[0m:[93m16[0m - [91merror[0m[90m TS2339: [0mProperty 'temporal' does not exist on type 'BehavioralFeatures'.

[7m104[0m       features.temporal.avgSessionDuration / 3600,
[7m   [0m [91m               ~~~~~~~~[0m

[96msrc/lib/threat-detection/behavioral/analyzers/ml-anomaly-detector.ts[0m:[93m105[0m:[93m16[0m - [91merror[0m[90m TS2339: [0mProperty 'temporal' does not exist on type 'BehavioralFeatures'.

[7m105[0m       features.temporal.timeOfDayPreference,
[7m   [0m [91m               ~~~~~~~~[0m

[96msrc/lib/threat-detection/behavioral/analyzers/ml-anomaly-detector.ts[0m:[93m106[0m:[93m16[0m - [91merror[0m[90m TS2339: [0mProperty 'temporal' does not exist on type 'BehavioralFeatures'.

[7m106[0m       features.temporal.activityFrequency,
[7m   [0m [91m               ~~~~~~~~[0m

[96msrc/lib/threat-detection/behavioral/analyzers/ml-anomaly-detector.ts[0m:[93m107[0m:[93m16[0m - [91merror[0m[90m TS2339: [0mProperty 'temporal' does not exist on type 'BehavioralFeatures'.

[7m107[0m       features.temporal.sessionRegularity,
[7m   [0m [91m               ~~~~~~~~[0m

[96msrc/lib/threat-detection/behavioral/analyzers/ml-anomaly-detector.ts[0m:[93m108[0m:[93m16[0m - [91merror[0m[90m TS2339: [0mProperty 'spatial' does not exist on type 'BehavioralFeatures'.

[7m108[0m       features.spatial.ipDiversity,
[7m   [0m [91m               ~~~~~~~[0m

[96msrc/lib/threat-detection/behavioral/analyzers/ml-anomaly-detector.ts[0m:[93m109[0m:[93m16[0m - [91merror[0m[90m TS2339: [0mProperty 'spatial' does not exist on type 'BehavioralFeatures'.

[7m109[0m       features.spatial.geographicSpread,
[7m   [0m [91m               ~~~~~~~[0m

[96msrc/lib/threat-detection/behavioral/analyzers/ml-anomaly-detector.ts[0m:[93m110[0m:[93m16[0m - [91merror[0m[90m TS2339: [0mProperty 'sequential' does not exist on type 'BehavioralFeatures'.

[7m110[0m       features.sequential.sequenceEntropy,
[7m   [0m [91m               ~~~~~~~~~~[0m

[96msrc/lib/threat-detection/behavioral/analyzers/ml-anomaly-detector.ts[0m:[93m111[0m:[93m16[0m - [91merror[0m[90m TS2339: [0mProperty 'frequency' does not exist on type 'BehavioralFeatures'.

[7m111[0m       features.frequency.eventFrequency / 100,
[7m   [0m [91m               ~~~~~~~~~[0m

[96msrc/lib/threat-detection/behavioral/analyzers/ml-anomaly-detector.ts[0m:[93m112[0m:[93m16[0m - [91merror[0m[90m TS2339: [0mProperty 'frequency' does not exist on type 'BehavioralFeatures'.

[7m112[0m       features.frequency.endpointFrequency['/api/sensitive'] ?? 0,
[7m   [0m [91m               ~~~~~~~~~[0m

[96msrc/lib/threat-detection/behavioral/analyzers/ml-anomaly-detector.ts[0m:[93m113[0m:[93m16[0m - [91merror[0m[90m TS2339: [0mProperty 'contextual' does not exist on type 'BehavioralFeatures'.

[7m113[0m       features.contextual.deviceCharacteristics.deviceType === 'mobile' ? 1 : 0,
[7m   [0m [91m               ~~~~~~~~~~[0m

[96msrc/lib/threat-detection/behavioral/analyzers/ml-anomaly-detector.ts[0m:[93m155[0m:[93m11[0m - [91merror[0m[90m TS18048: [0m'reconstructionError' is possibly 'undefined'.

[7m155[0m       if (reconstructionError > reconstructionThreshold) {
[7m   [0m [91m          ~~~~~~~~~~~~~~~~~~~[0m

[96msrc/lib/threat-detection/behavioral/analyzers/ml-anomaly-detector.ts[0m:[93m157[0m:[93m11[0m - [91merror[0m[90m TS2353: [0mObject literal may only specify known properties, and 'anomalyId' does not exist in type 'Anomaly'.

[7m157[0m           anomalyId: this.generateAnomalyId(),
[7m   [0m [91m          ~~~~~~~~~[0m

[96msrc/lib/threat-detection/behavioral/analyzers/ml-anomaly-detector.ts[0m:[93m162[0m:[93m13[0m - [91merror[0m[90m TS18048: [0m'reconstructionError' is possibly 'undefined'.

[7m162[0m             reconstructionError > reconstructionThreshold * 2
[7m   [0m [91m            ~~~~~~~~~~~~~~~~~~~[0m

[96msrc/lib/threat-detection/behavioral/analyzers/ml-anomaly-detector.ts[0m:[93m178[0m:[93m11[0m - [91merror[0m[90m TS18048: [0m'anomalyScore' is possibly 'undefined'.

[7m178[0m       if (anomalyScore > isolationThreshold) {
[7m   [0m [91m          ~~~~~~~~~~~~[0m

[96msrc/lib/threat-detection/behavioral/analyzers/ml-anomaly-detector.ts[0m:[93m180[0m:[93m11[0m - [91merror[0m[90m TS2353: [0mObject literal may only specify known properties, and 'anomalyId' does not exist in type 'Anomaly'.

[7m180[0m           anomalyId: this.generateAnomalyId(),
[7m   [0m [91m          ~~~~~~~~~[0m

[96msrc/lib/threat-detection/behavioral/analyzers/ml-anomaly-detector.ts[0m:[93m184[0m:[93m21[0m - [91merror[0m[90m TS18048: [0m'anomalyScore' is possibly 'undefined'.

[7m184[0m           severity: anomalyScore > 0.8 ? 'critical' : 'high',
[7m   [0m [91m                    ~~~~~~~~~~~~[0m

[96msrc/lib/threat-detection/behavioral/analyzers/ml-anomaly-detector.ts[0m:[93m209[0m:[93m16[0m - [91merror[0m[90m TS2339: [0mProperty 'temporal' does not exist on type 'BehavioralFeatures'.

[7m209[0m       features.temporal.activityFrequency,
[7m   [0m [91m               ~~~~~~~~[0m

[96msrc/lib/threat-detection/behavioral/analyzers/ml-anomaly-detector.ts[0m:[93m210[0m:[93m16[0m - [91merror[0m[90m TS2339: [0mProperty 'spatial' does not exist on type 'BehavioralFeatures'.

[7m210[0m       features.spatial.geographicSpread,
[7m   [0m [91m               ~~~~~~~[0m

[96msrc/lib/threat-detection/behavioral/analyzers/ml-anomaly-detector.ts[0m:[93m211[0m:[93m16[0m - [91merror[0m[90m TS2339: [0mProperty 'sequential' does not exist on type 'BehavioralFeatures'.

[7m211[0m       features.sequential.sequenceEntropy,
[7m   [0m [91m               ~~~~~~~~~~[0m

[96msrc/lib/threat-detection/behavioral/analyzers/ml-anomaly-detector.ts[0m:[93m215[0m:[93m15[0m - [91merror[0m[90m TS2339: [0mProperty 'baselineMetrics' does not exist on type 'BehaviorProfile'.

[7m215[0m       profile.baselineMetrics.frequencyThreshold,
[7m   [0m [91m              ~~~~~~~~~~~~~~~[0m

[96msrc/lib/threat-detection/behavioral/analyzers/ml-anomaly-detector.ts[0m:[93m216[0m:[93m15[0m - [91merror[0m[90m TS2339: [0mProperty 'baselineMetrics' does not exist on type 'BehaviorProfile'.

[7m216[0m       profile.baselineMetrics.geographicThreshold,
[7m   [0m [91m              ~~~~~~~~~~~~~~~[0m

[96msrc/lib/threat-detection/behavioral/analyzers/ml-anomaly-detector.ts[0m:[93m217[0m:[93m15[0m - [91merror[0m[90m TS2339: [0mProperty 'baselineMetrics' does not exist on type 'BehaviorProfile'.

[7m217[0m       profile.baselineMetrics.sequentialThreshold,
[7m   [0m [91m              ~~~~~~~~~~~~~~~[0m

[96msrc/lib/threat-detection/behavioral/analyzers/ml-anomaly-detector.ts[0m:[93m224[0m:[93m11[0m - [91merror[0m[90m TS2353: [0mObject literal may only specify known properties, and 'anomalyId' does not exist in type 'Anomaly'.

[7m224[0m           anomalyId: this.generateAnomalyId(),
[7m   [0m [91m          ~~~~~~~~~[0m

[96msrc/lib/threat-detection/behavioral/analyzers/ml-anomaly-detector.ts[0m:[93m251[0m:[93m31[0m - [91merror[0m[90m TS2339: [0mProperty 'temporal' does not exist on type 'BehavioralFeatures'.

[7m251[0m     const timePref = features.temporal.timeOfDayPreference
[7m   [0m [91m                              ~~~~~~~~[0m

[96msrc/lib/threat-detection/behavioral/analyzers/ml-anomaly-detector.ts[0m:[93m253[0m:[93m15[0m - [91merror[0m[90m TS2339: [0mProperty 'baselineMetrics' does not exist on type 'BehaviorProfile'.

[7m253[0m       profile.baselineMetrics.timeOfDayThreshold ?? 0.5
[7m   [0m [91m              ~~~~~~~~~~~~~~~[0m

[96msrc/lib/threat-detection/behavioral/analyzers/ml-anomaly-detector.ts[0m:[93m257[0m:[93m9[0m - [91merror[0m[90m TS2353: [0mObject literal may only specify known properties, and 'anomalyId' does not exist in type 'Anomaly'.

[7m257[0m         anomalyId: this.generateAnomalyId(),
[7m   [0m [91m        ~~~~~~~~~[0m

[96msrc/lib/threat-detection/behavioral/analyzers/ml-anomaly-detector.ts[0m:[93m273[0m:[93m9[0m - [91merror[0m[90m TS2353: [0mObject literal may only specify known properties, and 'anomalyId' does not exist in type 'Anomaly'.

[7m273[0m         anomalyId: this.generateAnomalyId(),
[7m   [0m [91m        ~~~~~~~~~[0m

[96msrc/lib/threat-detection/behavioral/analyzers/ml-anomaly-detector.ts[0m:[93m289[0m:[93m18[0m - [91merror[0m[90m TS2339: [0mProperty 'temporal' does not exist on type 'BehavioralFeatures'.

[7m289[0m     if (features.temporal.sessionRegularity < 0.3) {
[7m   [0m [91m                 ~~~~~~~~[0m

[96msrc/lib/threat-detection/behavioral/analyzers/ml-anomaly-detector.ts[0m:[93m291[0m:[93m9[0m - [91merror[0m[90m TS2353: [0mObject literal may only specify known properties, and 'anomalyId' does not exist in type 'Anomaly'.

[7m291[0m         anomalyId: this.generateAnomalyId(),
[7m   [0m [91m        ~~~~~~~~~[0m

[96msrc/lib/threat-detection/behavioral/analyzers/ml-anomaly-detector.ts[0m:[93m296[0m:[93m38[0m - [91merror[0m[90m TS2339: [0mProperty 'temporal' does not exist on type 'BehavioralFeatures'.

[7m296[0m         deviationScore: 1 - features.temporal.sessionRegularity,
[7m   [0m [91m                                     ~~~~~~~~[0m

[96msrc/lib/threat-detection/behavioral/analyzers/ml-anomaly-detector.ts[0m:[93m300[0m:[93m39[0m - [91merror[0m[90m TS2339: [0mProperty 'temporal' does not exist on type 'BehavioralFeatures'.

[7m300[0m           sessionRegularity: features.temporal.sessionRegularity,
[7m   [0m [91m                                      ~~~~~~~~[0m

[96msrc/lib/threat-detection/behavioral/analyzers/ml-anomaly-detector.ts[0m:[93m330[0m:[93m15[0m - [91merror[0m[90m TS2339: [0mProperty 'baselineMetrics' does not exist on type 'BehaviorProfile'.

[7m330[0m       profile.baselineMetrics.reconstructionThreshold ??
[7m   [0m [91m              ~~~~~~~~~~~~~~~[0m

[96msrc/lib/threat-detection/behavioral/analyzers/ml-anomaly-detector.ts[0m:[93m331[0m:[93m15[0m - [91merror[0m[90m TS2339: [0mProperty 'anomalyThresholds' does not exist on type 'BehaviorProfile'.

[7m331[0m       profile.anomalyThresholds.sequential ??
[7m   [0m [91m              ~~~~~~~~~~~~~~~~~[0m

[96msrc/lib/threat-detection/behavioral/analyzers/ml-anomaly-detector.ts[0m:[93m332[0m:[93m15[0m - [91merror[0m[90m TS2339: [0mProperty 'baselineMetrics' does not exist on type 'BehaviorProfile'.

[7m332[0m       profile.baselineMetrics.sequentialThreshold ??
[7m   [0m [91m              ~~~~~~~~~~~~~~~[0m

[96msrc/lib/threat-detection/behavioral/analyzers/spatial-analysis.service.ts[0m:[93m11[0m:[93m8[0m - [91merror[0m[90m TS2307: [0mCannot find module './types' or its corresponding type declarations.

[7m11[0m } from './types'
[7m  [0m [91m       ~~~~~~~~~[0m

[96msrc/lib/threat-detection/behavioral/analyzers/temporal-analysis.service.ts[0m:[93m7[0m:[93m54[0m - [91merror[0m[90m TS2307: [0mCannot find module './types' or its corresponding type declarations.

[7m7[0m import type { SecurityEvent, TemporalFeatures } from './types'
[7m [0m [91m                                                     ~~~~~~~~~[0m

[96msrc/lib/threat-detection/behavioral/behavioral-analysis-repository.ts[0m:[93m109[0m:[93m28[0m - [91merror[0m[90m TS2345: [0mArgument of type 'string | undefined' is not assignable to parameter of type 'string'.
  Type 'undefined' is not assignable to type 'string'.

[7m109[0m     const value = parseInt(match[1], 10)
[7m   [0m [91m                           ~~~~~~~~[0m

[96msrc/lib/threat-detection/behavioral/behavioral-analysis-service.ts[0m:[93m20[0m:[93m11[0m - [91merror[0m[90m TS6133: [0m'mlModelLoaded' is declared but its value is never read.

[7m20[0m   private mlModelLoaded: boolean = false
[7m  [0m [91m          ~~~~~~~~~~~~~[0m

[96msrc/lib/threat-detection/behavioral/miners/sequential-pattern-miner.ts[0m:[93m25[0m:[93m9[0m - [91merror[0m[90m TS2416: [0mProperty 'minePatterns' in type 'SequentialPatternMiner' is not assignable to the same property in base type 'PatternMiner'.
  Type '(sequences: BehavioralSequence[]) => Promise<BehavioralPattern[]>' is not assignable to type '(events: SecurityEvent[]) => Promise<BehavioralPattern[]>'.
    Types of parameters 'sequences' and 'events' are incompatible.
      Type 'SecurityEvent[]' is not assignable to type 'BehavioralSequence[]'.
        Type 'SecurityEvent' is missing the following properties from type 'BehavioralSequence': sequenceId, events, startTime, endTime

[7m25[0m   async minePatterns(
[7m  [0m [91m        ~~~~~~~~~~~~[0m

[96msrc/lib/threat-detection/behavioral/miners/sequential-pattern-miner.ts[0m:[93m49[0m:[93m28[0m - [91merror[0m[90m TS2339: [0mProperty 'actions' does not exist on type 'BehavioralSequence'.

[7m49[0m       .filter((seq) => seq.actions.length >= this.minPatternLength)
[7m  [0m [91m                           ~~~~~~~[0m

[96msrc/lib/threat-detection/behavioral/miners/sequential-pattern-miner.ts[0m:[93m51[0m:[93m13[0m - [91merror[0m[90m TS2339: [0mProperty 'actions' does not exist on type 'BehavioralSequence'.

[7m51[0m         seq.actions.filter((action) => action && action.trim().length > 0),
[7m  [0m [91m            ~~~~~~~[0m

[96msrc/lib/threat-detection/behavioral/miners/sequential-pattern-miner.ts[0m:[93m51[0m:[93m29[0m - [91merror[0m[90m TS7006: [0mParameter 'action' implicitly has an 'any' type.

[7m51[0m         seq.actions.filter((action) => action && action.trim().length > 0),
[7m  [0m [91m                            ~~~~~~[0m

[96msrc/lib/threat-detection/behavioral/miners/sequential-pattern-miner.ts[0m:[93m239[0m:[93m41[0m - [91merror[0m[90m TS2532: [0mObject is possibly 'undefined'.

[7m239[0m       const uniqueSequenceIds = new Set(idLists[item].map((entry) => entry[0]))
[7m   [0m [91m                                        ~~~~~~~~~~~~~[0m

[96msrc/lib/threat-detection/behavioral/miners/sequential-pattern-miner.ts[0m:[93m287[0m:[93m11[0m - [91merror[0m[90m TS18048: [0m'seq1' is possibly 'undefined'.

[7m287[0m           seq1.length === k - 1 &&
[7m   [0m [91m          ~~~~[0m

[96msrc/lib/threat-detection/behavioral/miners/sequential-pattern-miner.ts[0m:[93m288[0m:[93m11[0m - [91merror[0m[90m TS18048: [0m'seq2' is possibly 'undefined'.

[7m288[0m           seq2.length === k - 1 &&
[7m   [0m [91m          ~~~~[0m

[96msrc/lib/threat-detection/behavioral/miners/sequential-pattern-miner.ts[0m:[93m289[0m:[93m11[0m - [91merror[0m[90m TS18048: [0m'seq1' is possibly 'undefined'.

[7m289[0m           seq1.slice(0, -1).every((item, idx) => item === seq2[idx])
[7m   [0m [91m          ~~~~[0m

[96msrc/lib/threat-detection/behavioral/miners/sequential-pattern-miner.ts[0m:[93m289[0m:[93m59[0m - [91merror[0m[90m TS18048: [0m'seq2' is possibly 'undefined'.

[7m289[0m           seq1.slice(0, -1).every((item, idx) => item === seq2[idx])
[7m   [0m [91m                                                          ~~~~[0m

[96msrc/lib/threat-detection/behavioral/miners/sequential-pattern-miner.ts[0m:[93m291[0m:[93m33[0m - [91merror[0m[90m TS2488: [0mType 'string[] | undefined' must have a '[Symbol.iterator]()' method that returns an iterator.

[7m291[0m           const candidate = [...seq1, seq2[seq2.length - 1]]
[7m   [0m [91m                                ~~~~[0m

[96msrc/lib/threat-detection/behavioral/miners/sequential-pattern-miner.ts[0m:[93m291[0m:[93m39[0m - [91merror[0m[90m TS18048: [0m'seq2' is possibly 'undefined'.

[7m291[0m           const candidate = [...seq1, seq2[seq2.length - 1]]
[7m   [0m [91m                                      ~~~~[0m

[96msrc/lib/threat-detection/behavioral/miners/sequential-pattern-miner.ts[0m:[93m291[0m:[93m44[0m - [91merror[0m[90m TS18048: [0m'seq2' is possibly 'undefined'.

[7m291[0m           const candidate = [...seq1, seq2[seq2.length - 1]]
[7m   [0m [91m                                           ~~~~[0m

[96msrc/lib/threat-detection/behavioral/miners/sequential-pattern-miner.ts[0m:[93m346[0m:[93m33[0m - [91merror[0m[90m TS2345: [0mArgument of type 'number | undefined' is not assignable to parameter of type 'number'.
  Type 'undefined' is not assignable to type 'number'.

[7m346[0m       const positions = map.get(sequenceId)
[7m   [0m [91m                                ~~~~~~~~~~[0m

[96msrc/lib/threat-detection/behavioral/miners/sequential-pattern-miner.ts[0m:[93m348[0m:[93m24[0m - [91merror[0m[90m TS2345: [0mArgument of type 'number | undefined' is not assignable to parameter of type 'number'.
  Type 'undefined' is not assignable to type 'number'.

[7m348[0m         positions.push(itemIndex)
[7m   [0m [91m                       ~~~~~~~~~[0m

[96msrc/lib/threat-detection/behavioral/miners/sequential-pattern-miner.ts[0m:[93m350[0m:[93m17[0m - [91merror[0m[90m TS2345: [0mArgument of type 'number | undefined' is not assignable to parameter of type 'number'.
  Type 'undefined' is not assignable to type 'number'.

[7m350[0m         map.set(sequenceId, [itemIndex])
[7m   [0m [91m                ~~~~~~~~~~[0m

[96msrc/lib/threat-detection/behavioral/miners/sequential-pattern-miner.ts[0m:[93m372[0m:[93m30[0m - [91merror[0m[90m TS18048: [0m'firstMap' is possibly 'undefined'.

[7m372[0m     for (const sequenceId of firstMap.keys()) {
[7m   [0m [91m                             ~~~~~~~~[0m

[96msrc/lib/threat-detection/behavioral/miners/sequential-pattern-miner.ts[0m:[93m481[0m:[93m9[0m - [91merror[0m[90m TS2353: [0mObject literal may only specify known properties, and 'patternType' does not exist in type 'BehavioralPattern'.

[7m481[0m         patternType: 'sequential',
[7m   [0m [91m        ~~~~~~~~~~~[0m

[96msrc/lib/threat-detection/integrations/__tests__/integration.test.ts[0m:[93m140[0m:[93m31[0m - [91merror[0m[90m TS4111: [0mProperty 'reason' comes from an index signature, so it must be accessed with ['reason'].

[7m140[0m       expect(result.metadata!.reason).toBe('service_disabled_or_error')
[7m   [0m [91m                              ~~~~~~[0m

[96msrc/lib/threat-detection/integrations/__tests__/integration.test.ts[0m:[93m141[0m:[93m31[0m - [91merror[0m[90m TS4111: [0mProperty 'source' comes from an index signature, so it must be accessed with ['source'].

[7m141[0m       expect(result.metadata!.source).toBe('threat_detection_service')
[7m   [0m [91m                              ~~~~~~[0m

[96msrc/lib/threat-detection/integrations/__tests__/integration.test.ts[0m:[93m688[0m:[93m24[0m - [91merror[0m[90m TS4111: [0mProperty 'longString' comes from an index signature, so it must be accessed with ['longString'].

[7m688[0m       expect(sanitized.longString).toHaveLength(100) // Truncated
[7m   [0m [91m                       ~~~~~~~~~~[0m

[96msrc/lib/threat-detection/integrations/__tests__/integration.test.ts[0m:[93m910[0m:[93m31[0m - [91merror[0m[90m TS4111: [0mProperty 'reason' comes from an index signature, so it must be accessed with ['reason'].

[7m910[0m       expect(result.metadata!.reason).toBe('service_disabled_or_error')
[7m   [0m [91m                              ~~~~~~[0m

[96msrc/lib/threat-detection/integrations/__tests__/integration.test.ts[0m:[93m911[0m:[93m31[0m - [91merror[0m[90m TS4111: [0mProperty 'source' comes from an index signature, so it must be accessed with ['source'].

[7m911[0m       expect(result.metadata!.source).toBe('threat_detection_service')
[7m   [0m [91m                              ~~~~~~[0m

[96msrc/lib/threat-detection/integrations/external-threat-intelligence.ts[0m:[93m4[0m:[93m10[0m - [91merror[0m[90m TS2614: [0mModule '"ioredis"' has no exported member 'Redis'. Did you mean to use 'import Redis from "ioredis"' instead?

[7m4[0m import { Redis } from 'ioredis'
[7m [0m [91m         ~~~~~[0m

[96msrc/lib/threat-detection/integrations/external-threat-intelligence.ts[0m:[93m110[0m:[93m23[0m - [91merror[0m[90m TS4111: [0mProperty 'MONGODB_URI' comes from an index signature, so it must be accessed with ['MONGODB_URI'].

[7m110[0m           process.env.MONGODB_URI ??
[7m   [0m [91m                      ~~~~~~~~~~~[0m

[96msrc/lib/threat-detection/integrations/external-threat-intelligence.ts[0m:[93m117[0m:[93m23[0m - [91merror[0m[90m TS4111: [0mProperty 'REDIS_URL' comes from an index signature, so it must be accessed with ['REDIS_URL'].

[7m117[0m           process.env.REDIS_URL ??
[7m   [0m [91m                      ~~~~~~~~~[0m

[96msrc/lib/threat-detection/integrations/external-threat-intelligence.ts[0m:[93m405[0m:[93m17[0m - [91merror[0m[90m TS4111: [0mProperty 'threats' comes from an index signature, so it must be accessed with ['threats'].

[7m405[0m         if (obj.threats && Array.isArray(obj.threats)) {
[7m   [0m [91m                ~~~~~~~[0m

[96msrc/lib/threat-detection/integrations/external-threat-intelligence.ts[0m:[93m405[0m:[93m46[0m - [91merror[0m[90m TS4111: [0mProperty 'threats' comes from an index signature, so it must be accessed with ['threats'].

[7m405[0m         if (obj.threats && Array.isArray(obj.threats)) {
[7m   [0m [91m                                             ~~~~~~~[0m

[96msrc/lib/threat-detection/integrations/external-threat-intelligence.ts[0m:[93m407[0m:[93m34[0m - [91merror[0m[90m TS4111: [0mProperty 'threats' comes from an index signature, so it must be accessed with ['threats'].

[7m407[0m           for (const item of obj.threats) {
[7m   [0m [91m                                 ~~~~~~~[0m

[96msrc/lib/threat-detection/integrations/external-threat-intelligence.ts[0m:[93m413[0m:[93m24[0m - [91merror[0m[90m TS4111: [0mProperty 'data' comes from an index signature, so it must be accessed with ['data'].

[7m413[0m         } else if (obj.data && Array.isArray(obj.data)) {
[7m   [0m [91m                       ~~~~[0m

[96msrc/lib/threat-detection/integrations/external-threat-intelligence.ts[0m:[93m413[0m:[93m50[0m - [91merror[0m[90m TS4111: [0mProperty 'data' comes from an index signature, so it must be accessed with ['data'].

[7m413[0m         } else if (obj.data && Array.isArray(obj.data)) {
[7m   [0m [91m                                                 ~~~~[0m

[96msrc/lib/threat-detection/integrations/external-threat-intelligence.ts[0m:[93m415[0m:[93m34[0m - [91merror[0m[90m TS4111: [0mProperty 'data' comes from an index signature, so it must be accessed with ['data'].

[7m415[0m           for (const item of obj.data) {
[7m   [0m [91m                                 ~~~~[0m

[96msrc/lib/threat-detection/integrations/external-threat-intelligence.ts[0m:[93m421[0m:[93m24[0m - [91merror[0m[90m TS4111: [0mProperty 'objects' comes from an index signature, so it must be accessed with ['objects'].

[7m421[0m         } else if (obj.objects && Array.isArray(obj.objects)) {
[7m   [0m [91m                       ~~~~~~~[0m

[96msrc/lib/threat-detection/integrations/external-threat-intelligence.ts[0m:[93m421[0m:[93m53[0m - [91merror[0m[90m TS4111: [0mProperty 'objects' comes from an index signature, so it must be accessed with ['objects'].

[7m421[0m         } else if (obj.objects && Array.isArray(obj.objects)) {
[7m   [0m [91m                                                    ~~~~~~~[0m

[96msrc/lib/threat-detection/integrations/external-threat-intelligence.ts[0m:[93m423[0m:[93m34[0m - [91merror[0m[90m TS4111: [0mProperty 'objects' comes from an index signature, so it must be accessed with ['objects'].

[7m423[0m           for (const item of obj.objects) {
[7m   [0m [91m                                 ~~~~~~~[0m

[96msrc/lib/threat-detection/integrations/external-threat-intelligence.ts[0m:[93m456[0m:[93m36[0m - [91merror[0m[90m TS4111: [0mProperty 'value' comes from an index signature, so it must be accessed with ['value'].

[7m456[0m       const iocValue = String(data.value ?? data.ioc ?? data.indicator ?? '')
[7m   [0m [91m                                   ~~~~~[0m

[96msrc/lib/threat-detection/integrations/external-threat-intelligence.ts[0m:[93m456[0m:[93m50[0m - [91merror[0m[90m TS4111: [0mProperty 'ioc' comes from an index signature, so it must be accessed with ['ioc'].

[7m456[0m       const iocValue = String(data.value ?? data.ioc ?? data.indicator ?? '')
[7m   [0m [91m                                                 ~~~[0m

[96msrc/lib/threat-detection/integrations/external-threat-intelligence.ts[0m:[93m456[0m:[93m62[0m - [91merror[0m[90m TS4111: [0mProperty 'indicator' comes from an index signature, so it must be accessed with ['indicator'].

[7m456[0m       const iocValue = String(data.value ?? data.ioc ?? data.indicator ?? '')
[7m   [0m [91m                                                             ~~~~~~~~~[0m

[96msrc/lib/threat-detection/integrations/external-threat-intelligence.ts[0m:[93m457[0m:[93m35[0m - [91merror[0m[90m TS4111: [0mProperty 'type' comes from an index signature, so it must be accessed with ['type'].

[7m457[0m       const iocType = String(data.type ?? data.ioc_type ?? 'unknown')
[7m   [0m [91m                                  ~~~~[0m

[96msrc/lib/threat-detection/integrations/external-threat-intelligence.ts[0m:[93m457[0m:[93m48[0m - [91merror[0m[90m TS4111: [0mProperty 'ioc_type' comes from an index signature, so it must be accessed with ['ioc_type'].

[7m457[0m       const iocType = String(data.type ?? data.ioc_type ?? 'unknown')
[7m   [0m [91m                                               ~~~~~~~~[0m

[96msrc/lib/threat-detection/integrations/external-threat-intelligence.ts[0m:[93m459[0m:[93m14[0m - [91merror[0m[90m TS4111: [0mProperty 'threat_type' comes from an index signature, so it must be accessed with ['threat_type'].

[7m459[0m         data.threat_type ?? data.malware_family ?? 'unknown',
[7m   [0m [91m             ~~~~~~~~~~~[0m

[96msrc/lib/threat-detection/integrations/external-threat-intelligence.ts[0m:[93m459[0m:[93m34[0m - [91merror[0m[90m TS4111: [0mProperty 'malware_family' comes from an index signature, so it must be accessed with ['malware_family'].

[7m459[0m         data.threat_type ?? data.malware_family ?? 'unknown',
[7m   [0m [91m                                 ~~~~~~~~~~~~~~[0m

[96msrc/lib/threat-detection/integrations/external-threat-intelligence.ts[0m:[93m462[0m:[93m21[0m - [91merror[0m[90m TS4111: [0mProperty 'severity' comes from an index signature, so it must be accessed with ['severity'].

[7m462[0m         String(data.severity ?? data.confidence ?? 'medium'),
[7m   [0m [91m                    ~~~~~~~~[0m

[96msrc/lib/threat-detection/integrations/external-threat-intelligence.ts[0m:[93m462[0m:[93m38[0m - [91merror[0m[90m TS4111: [0mProperty 'confidence' comes from an index signature, so it must be accessed with ['confidence'].

[7m462[0m         String(data.severity ?? data.confidence ?? 'medium'),
[7m   [0m [91m                                     ~~~~~~~~~~[0m

[96msrc/lib/threat-detection/integrations/external-threat-intelligence.ts[0m:[93m465[0m:[93m15[0m - [91merror[0m[90m TS4111: [0mProperty 'confidence' comes from an index signature, so it must be accessed with ['confidence'].

[7m465[0m         (data.confidence ?? data.score ?? 50) as unknown,
[7m   [0m [91m              ~~~~~~~~~~[0m

[96msrc/lib/threat-detection/integrations/external-threat-intelligence.ts[0m:[93m465[0m:[93m34[0m - [91merror[0m[90m TS4111: [0mProperty 'score' comes from an index signature, so it must be accessed with ['score'].

[7m465[0m         (data.confidence ?? data.score ?? 50) as unknown,
[7m   [0m [91m                                 ~~~~~[0m

[96msrc/lib/threat-detection/integrations/external-threat-intelligence.ts[0m:[93m481[0m:[93m17[0m - [91merror[0m[90m TS4111: [0mProperty 'first_seen' comes from an index signature, so it must be accessed with ['first_seen'].

[7m481[0m           (data.first_seen ?? data.created ?? Date.now()) as any,
[7m   [0m [91m                ~~~~~~~~~~[0m

[96msrc/lib/threat-detection/integrations/external-threat-intelligence.ts[0m:[93m481[0m:[93m36[0m - [91merror[0m[90m TS4111: [0mProperty 'created' comes from an index signature, so it must be accessed with ['created'].

[7m481[0m           (data.first_seen ?? data.created ?? Date.now()) as any,
[7m   [0m [91m                                   ~~~~~~~[0m

[96msrc/lib/threat-detection/integrations/external-threat-intelligence.ts[0m:[93m484[0m:[93m17[0m - [91merror[0m[90m TS4111: [0mProperty 'last_seen' comes from an index signature, so it must be accessed with ['last_seen'].

[7m484[0m           (data.last_seen ?? data.updated ?? Date.now()) as any,
[7m   [0m [91m                ~~~~~~~~~[0m

[96msrc/lib/threat-detection/integrations/external-threat-intelligence.ts[0m:[93m484[0m:[93m35[0m - [91merror[0m[90m TS4111: [0mProperty 'updated' comes from an index signature, so it must be accessed with ['updated'].

[7m484[0m           (data.last_seen ?? data.updated ?? Date.now()) as any,
[7m   [0m [91m                                  ~~~~~~~[0m

[96msrc/lib/threat-detection/integrations/external-threat-intelligence.ts[0m:[93m486[0m:[93m30[0m - [91merror[0m[90m TS4111: [0mProperty 'expiration_date' comes from an index signature, so it must be accessed with ['expiration_date'].

[7m486[0m         expirationDate: data.expiration_date
[7m   [0m [91m                             ~~~~~~~~~~~~~~~[0m

[96msrc/lib/threat-detection/integrations/external-threat-intelligence.ts[0m:[93m487[0m:[93m27[0m - [91merror[0m[90m TS4111: [0mProperty 'expiration_date' comes from an index signature, so it must be accessed with ['expiration_date'].

[7m487[0m           ? new Date(data.expiration_date as string)
[7m   [0m [91m                          ~~~~~~~~~~~~~~~[0m

[96msrc/lib/threat-detection/integrations/external-threat-intelligence.ts[0m:[93m489[0m:[93m29[0m - [91merror[0m[90m TS4111: [0mProperty 'source' comes from an index signature, so it must be accessed with ['source'].

[7m489[0m         source: String(data.source ?? feed.name),
[7m   [0m [91m                            ~~~~~~[0m

[96msrc/lib/threat-detection/integrations/external-threat-intelligence.ts[0m:[93m490[0m:[93m34[0m - [91merror[0m[90m TS4111: [0mProperty 'tags' comes from an index signature, so it must be accessed with ['tags'].

[7m490[0m         tags: Array.isArray(data.tags) ? (data.tags as string[]) : [],
[7m   [0m [91m                                 ~~~~[0m

[96msrc/lib/threat-detection/integrations/external-threat-intelligence.ts[0m:[93m490[0m:[93m48[0m - [91merror[0m[90m TS4111: [0mProperty 'tags' comes from an index signature, so it must be accessed with ['tags'].

[7m490[0m         tags: Array.isArray(data.tags) ? (data.tags as string[]) : [],
[7m   [0m [91m                                               ~~~~[0m

[96msrc/lib/threat-detection/integrations/external-threat-intelligence.ts[0m:[93m496[0m:[93m41[0m - [91merror[0m[90m TS4111: [0mProperty 'related_iocs' comes from an index signature, so it must be accessed with ['related_iocs'].

[7m496[0m         relatedIOCs: Array.isArray(data.related_iocs)
[7m   [0m [91m                                        ~~~~~~~~~~~~[0m

[96msrc/lib/threat-detection/integrations/external-threat-intelligence.ts[0m:[93m497[0m:[93m19[0m - [91merror[0m[90m TS4111: [0mProperty 'related_iocs' comes from an index signature, so it must be accessed with ['related_iocs'].

[7m497[0m           ? (data.related_iocs as string[])
[7m   [0m [91m                  ~~~~~~~~~~~~[0m

[96msrc/lib/threat-detection/integrations/external-threat-intelligence.ts[0m:[93m499[0m:[93m27[0m - [91merror[0m[90m TS4111: [0mProperty 'attribution' comes from an index signature, so it must be accessed with ['attribution'].

[7m499[0m         attribution: data.attribution
[7m   [0m [91m                          ~~~~~~~~~~~[0m

[96msrc/lib/threat-detection/integrations/external-threat-intelligence.ts[0m:[93m502[0m:[93m24[0m - [91merror[0m[90m TS4111: [0mProperty 'attribution' comes from an index signature, so it must be accessed with ['attribution'].

[7m502[0m                 ((data.attribution as Record<string, unknown>)
[7m   [0m [91m                       ~~~~~~~~~~~[0m

[96msrc/lib/threat-detection/integrations/external-threat-intelligence.ts[0m:[93m503[0m:[93m20[0m - [91merror[0m[90m TS4111: [0mProperty 'actor' comes from an index signature, so it must be accessed with ['actor'].

[7m503[0m                   .actor as string) || 'unknown',
[7m   [0m [91m                   ~~~~~[0m

[96msrc/lib/threat-detection/integrations/external-threat-intelligence.ts[0m:[93m505[0m:[93m24[0m - [91merror[0m[90m TS4111: [0mProperty 'attribution' comes from an index signature, so it must be accessed with ['attribution'].

[7m505[0m                 ((data.attribution as Record<string, unknown>)
[7m   [0m [91m                       ~~~~~~~~~~~[0m

[96msrc/lib/threat-detection/integrations/external-threat-intelligence.ts[0m:[93m506[0m:[93m20[0m - [91merror[0m[90m TS4111: [0mProperty 'campaign' comes from an index signature, so it must be accessed with ['campaign'].

[7m506[0m                   .campaign as string) || 'unknown',
[7m   [0m [91m                   ~~~~~~~~[0m

[96msrc/lib/threat-detection/integrations/external-threat-intelligence.ts[0m:[93m508[0m:[93m24[0m - [91merror[0m[90m TS4111: [0mProperty 'attribution' comes from an index signature, so it must be accessed with ['attribution'].

[7m508[0m                 ((data.attribution as Record<string, unknown>)
[7m   [0m [91m                       ~~~~~~~~~~~[0m

[96msrc/lib/threat-detection/integrations/external-threat-intelligence.ts[0m:[93m509[0m:[93m20[0m - [91merror[0m[90m TS4111: [0mProperty 'family' comes from an index signature, so it must be accessed with ['family'].

[7m509[0m                   .family as string) || 'unknown',
[7m   [0m [91m                   ~~~~~~[0m

[96msrc/lib/threat-detection/integrations/external-threat-intelligence.ts[0m:[93m534[0m:[93m16[0m - [91merror[0m[90m TS4111: [0mProperty 'type' comes from an index signature, so it must be accessed with ['type'].

[7m534[0m       if (data.type !== 'indicator' && data.type !== 'malware') {
[7m   [0m [91m               ~~~~[0m

[96msrc/lib/threat-detection/integrations/external-threat-intelligence.ts[0m:[93m534[0m:[93m45[0m - [91merror[0m[90m TS4111: [0mProperty 'type' comes from an index signature, so it must be accessed with ['type'].

[7m534[0m       if (data.type !== 'indicator' && data.type !== 'malware') {
[7m   [0m [91m                                            ~~~~[0m

[96msrc/lib/threat-detection/integrations/external-threat-intelligence.ts[0m:[93m542[0m:[93m16[0m - [91merror[0m[90m TS4111: [0mProperty 'type' comes from an index signature, so it must be accessed with ['type'].

[7m542[0m       if (data.type === 'indicator') {
[7m   [0m [91m               ~~~~[0m

[96msrc/lib/threat-detection/integrations/external-threat-intelligence.ts[0m:[93m544[0m:[93m31[0m - [91merror[0m[90m TS4111: [0mProperty 'pattern' comes from an index signature, so it must be accessed with ['pattern'].

[7m544[0m         const pattern = (data.pattern as string) || ''
[7m   [0m [91m                              ~~~~~~~[0m

[96msrc/lib/threat-detection/integrations/external-threat-intelligence.ts[0m:[93m548[0m:[93m21[0m - [91merror[0m[90m TS2532: [0mObject is possibly 'undefined'.

[7m548[0m           iocType = patternMatch[1].toLowerCase()
[7m   [0m [91m                    ~~~~~~~~~~~~~~~[0m

[96msrc/lib/threat-detection/integrations/external-threat-intelligence.ts[0m:[93m549[0m:[93m11[0m - [91merror[0m[90m TS2322: [0mType 'string | undefined' is not assignable to type 'string'.
  Type 'undefined' is not assignable to type 'string'.

[7m549[0m           iocValue = patternMatch[2]
[7m   [0m [91m          ~~~~~~~~[0m

[96msrc/lib/threat-detection/integrations/external-threat-intelligence.ts[0m:[93m551[0m:[93m23[0m - [91merror[0m[90m TS4111: [0mProperty 'type' comes from an index signature, so it must be accessed with ['type'].

[7m551[0m       } else if (data.type === 'malware') {
[7m   [0m [91m                      ~~~~[0m

[96msrc/lib/threat-detection/integrations/external-threat-intelligence.ts[0m:[93m553[0m:[93m26[0m - [91merror[0m[90m TS4111: [0mProperty 'name' comes from an index signature, so it must be accessed with ['name'].

[7m553[0m         iocValue = (data.name as string) || 'unknown'
[7m   [0m [91m                         ~~~~[0m

[96msrc/lib/threat-detection/integrations/external-threat-intelligence.ts[0m:[93m554[0m:[93m27[0m - [91merror[0m[90m TS4111: [0mProperty 'labels' comes from an index signature, so it must be accessed with ['labels'].

[7m554[0m         threatType = data.labels
[7m   [0m [91m                          ~~~~~~[0m

[96msrc/lib/threat-detection/integrations/external-threat-intelligence.ts[0m:[93m555[0m:[93m19[0m - [91merror[0m[90m TS4111: [0mProperty 'labels' comes from an index signature, so it must be accessed with ['labels'].

[7m555[0m           ? (data.labels as string[]).join(', ')
[7m   [0m [91m                  ~~~~~~[0m

[96msrc/lib/threat-detection/integrations/external-threat-intelligence.ts[0m:[93m565[0m:[93m17[0m - [91merror[0m[90m TS4111: [0mProperty 'id' comes from an index signature, so it must be accessed with ['id'].

[7m565[0m           (data.id as string) || `intel_${feed.name}_${Date.now()}`,
[7m   [0m [91m                ~~[0m

[96msrc/lib/threat-detection/integrations/external-threat-intelligence.ts[0m:[93m570[0m:[93m48[0m - [91merror[0m[90m TS4111: [0mProperty 'confidence' comes from an index signature, so it must be accessed with ['confidence'].

[7m570[0m         severity: this.mapSeverity(String(data.confidence ?? 'medium')),
[7m   [0m [91m                                               ~~~~~~~~~~[0m

[96msrc/lib/threat-detection/integrations/external-threat-intelligence.ts[0m:[93m571[0m:[93m49[0m - [91merror[0m[90m TS4111: [0mProperty 'confidence' comes from an index signature, so it must be accessed with ['confidence'].

[7m571[0m         confidence: this.extractConfidence(data.confidence ?? 50),
[7m   [0m [91m                                                ~~~~~~~~~~[0m

[96msrc/lib/threat-detection/integrations/external-threat-intelligence.ts[0m:[93m572[0m:[93m35[0m - [91merror[0m[90m TS4111: [0mProperty 'created' comes from an index signature, so it must be accessed with ['created'].

[7m572[0m         firstSeen: new Date((data.created ?? Date.now()) as any),
[7m   [0m [91m                                  ~~~~~~~[0m

[96msrc/lib/threat-detection/integrations/external-threat-intelligence.ts[0m:[93m573[0m:[93m34[0m - [91merror[0m[90m TS4111: [0mProperty 'modified' comes from an index signature, so it must be accessed with ['modified'].

[7m573[0m         lastSeen: new Date((data.modified ?? Date.now()) as any),
[7m   [0m [91m                                 ~~~~~~~~[0m

[96msrc/lib/threat-detection/integrations/external-threat-intelligence.ts[0m:[93m574[0m:[93m23[0m - [91merror[0m[90m TS4111: [0mProperty 'created_by_ref' comes from an index signature, so it must be accessed with ['created_by_ref'].

[7m574[0m         source: (data.created_by_ref as string) || feed.name,
[7m   [0m [91m                      ~~~~~~~~~~~~~~[0m

[96msrc/lib/threat-detection/integrations/external-threat-intelligence.ts[0m:[93m575[0m:[93m34[0m - [91merror[0m[90m TS4111: [0mProperty 'labels' comes from an index signature, so it must be accessed with ['labels'].

[7m575[0m         tags: Array.isArray(data.labels) ? (data.labels as string[]) : [],
[7m   [0m [91m                                 ~~~~~~[0m

[96msrc/lib/threat-detection/integrations/external-threat-intelligence.ts[0m:[93m575[0m:[93m50[0m - [91merror[0m[90m TS4111: [0mProperty 'labels' comes from an index signature, so it must be accessed with ['labels'].

[7m575[0m         tags: Array.isArray(data.labels) ? (data.labels as string[]) : [],
[7m   [0m [91m                                                 ~~~~~~[0m

[96msrc/lib/threat-detection/integrations/external-threat-intelligence.ts[0m:[93m577[0m:[93m26[0m - [91merror[0m[90m TS4111: [0mProperty 'type' comes from an index signature, so it must be accessed with ['type'].

[7m577[0m           stixType: data.type || 'unknown',
[7m   [0m [91m                         ~~~~[0m

[96msrc/lib/threat-detection/integrations/external-threat-intelligence.ts[0m:[93m578[0m:[93m30[0m - [91merror[0m[90m TS4111: [0mProperty 'spec_version' comes from an index signature, so it must be accessed with ['spec_version'].

[7m578[0m           specVersion: (data.spec_version as string) || '2.0',
[7m   [0m [91m                             ~~~~~~~~~~~~[0m

[96msrc/lib/threat-detection/integrations/external-threat-intelligence.ts[0m:[93m830[0m:[93m16[0m - [91merror[0m[90m TS4111: [0mProperty 'iocType' comes from an index signature, so it must be accessed with ['iocType'].

[7m830[0m         filter.iocType = query.iocType
[7m   [0m [91m               ~~~~~~~[0m

[96msrc/lib/threat-detection/integrations/external-threat-intelligence.ts[0m:[93m834[0m:[93m16[0m - [91merror[0m[90m TS4111: [0mProperty 'iocValue' comes from an index signature, so it must be accessed with ['iocValue'].

[7m834[0m         filter.iocValue = query.iocValue
[7m   [0m [91m               ~~~~~~~~[0m

[96msrc/lib/threat-detection/integrations/external-threat-intelligence.ts[0m:[93m838[0m:[93m16[0m - [91merror[0m[90m TS4111: [0mProperty 'threatType' comes from an index signature, so it must be accessed with ['threatType'].

[7m838[0m         filter.threatType = query.threatType
[7m   [0m [91m               ~~~~~~~~~~[0m

[96msrc/lib/threat-detection/integrations/external-threat-intelligence.ts[0m:[93m842[0m:[93m16[0m - [91merror[0m[90m TS4111: [0mProperty 'severity' comes from an index signature, so it must be accessed with ['severity'].

[7m842[0m         filter.severity = query.severity
[7m   [0m [91m               ~~~~~~~~[0m

[96msrc/lib/threat-detection/integrations/external-threat-intelligence.ts[0m:[93m846[0m:[93m16[0m - [91merror[0m[90m TS4111: [0mProperty 'tags' comes from an index signature, so it must be accessed with ['tags'].

[7m846[0m         filter.tags = { $in: query.tags }
[7m   [0m [91m               ~~~~[0m

[96msrc/lib/threat-detection/integrations/external-threat-intelligence.ts[0m:[93m850[0m:[93m16[0m - [91merror[0m[90m TS4111: [0mProperty 'source' comes from an index signature, so it must be accessed with ['source'].

[7m850[0m         filter.source = query.source
[7m   [0m [91m               ~~~~~~[0m

[96msrc/lib/threat-detection/integrations/external-threat-intelligence.ts[0m:[93m854[0m:[93m16[0m - [91merror[0m[90m TS4111: [0mProperty 'lastSeen' comes from an index signature, so it must be accessed with ['lastSeen'].

[7m854[0m         filter.lastSeen = {
[7m   [0m [91m               ~~~~~~~~[0m

[96msrc/lib/threat-detection/integrations/external-threat-intelligence.ts[0m:[93m861[0m:[93m14[0m - [91merror[0m[90m TS4111: [0mProperty '$or' comes from an index signature, so it must be accessed with ['$or'].

[7m861[0m       filter.$or = [
[7m   [0m [91m             ~~~[0m

[96msrc/lib/threat-detection/integrations/external-threat-intelligence.ts[0m:[93m1008[0m:[93m55[0m - [91merror[0m[90m TS4111: [0mProperty 'sources' comes from an index signature, so it must be accessed with ['sources'].

[7m1008[0m                 intelligenceFindings.flatMap((f) => f.sources as string[]),
[7m    [0m [91m                                                      ~~~~~~~[0m

[96msrc/lib/threat-detection/integrations/external-threat-intelligence.ts[0m:[93m1036[0m:[93m67[0m - [91merror[0m[90m TS4111: [0mProperty 'sourceIp' comes from an index signature, so it must be accessed with ['sourceIp'].

[7m1036[0m         if (action.actionType === 'ip_block' && action.parameters.sourceIp) {
[7m    [0m [91m                                                                  ~~~~~~~~[0m

[96msrc/lib/threat-detection/integrations/external-threat-intelligence.ts[0m:[93m1037[0m:[93m60[0m - [91merror[0m[90m TS4111: [0mProperty 'sourceIp' comes from an index signature, so it must be accessed with ['sourceIp'].

[7m1037[0m           iocs.push({ type: 'ip', value: action.parameters.sourceIp as string })
[7m    [0m [91m                                                           ~~~~~~~~[0m

[96msrc/lib/threat-detection/integrations/external-threat-intelligence.ts[0m:[93m1040[0m:[93m71[0m - [91merror[0m[90m TS4111: [0mProperty 'domain' comes from an index signature, so it must be accessed with ['domain'].

[7m1040[0m         if (action.actionType === 'domain_block' && action.parameters.domain) {
[7m    [0m [91m                                                                      ~~~~~~[0m

[96msrc/lib/threat-detection/integrations/external-threat-intelligence.ts[0m:[93m1043[0m:[93m38[0m - [91merror[0m[90m TS4111: [0mProperty 'domain' comes from an index signature, so it must be accessed with ['domain'].

[7m1043[0m             value: action.parameters.domain as string,
[7m    [0m [91m                                     ~~~~~~[0m

[96msrc/lib/threat-detection/integrations/external-threat-intelligence.ts[0m:[93m1049[0m:[93m36[0m - [91merror[0m[90m TS4111: [0mProperty 'ip' comes from an index signature, so it must be accessed with ['ip'].

[7m1049[0m       if (threatResponse.metadata?.ip) {
[7m    [0m [91m                                   ~~[0m

[96msrc/lib/threat-detection/integrations/external-threat-intelligence.ts[0m:[93m1050[0m:[93m64[0m - [91merror[0m[90m TS4111: [0mProperty 'ip' comes from an index signature, so it must be accessed with ['ip'].

[7m1050[0m         iocs.push({ type: 'ip', value: threatResponse.metadata.ip as string })
[7m    [0m [91m                                                               ~~[0m

[96msrc/lib/threat-detection/integrations/external-threat-intelligence.ts[0m:[93m1053[0m:[93m36[0m - [91merror[0m[90m TS4111: [0mProperty 'userAgent' comes from an index signature, so it must be accessed with ['userAgent'].

[7m1053[0m       if (threatResponse.metadata?.userAgent) {
[7m    [0m [91m                                   ~~~~~~~~~[0m

[96msrc/lib/threat-detection/integrations/external-threat-intelligence.ts[0m:[93m1056[0m:[93m42[0m - [91merror[0m[90m TS4111: [0mProperty 'userAgent' comes from an index signature, so it must be accessed with ['userAgent'].

[7m1056[0m           value: threatResponse.metadata.userAgent as string,
[7m    [0m [91m                                         ~~~~~~~~~[0m

[96msrc/lib/threat-detection/integrations/external-threat-intelligence.ts[0m:[93m1164[0m:[93m33[0m - [91merror[0m[90m TS4111: [0mProperty 'lastSeen' comes from an index signature, so it must be accessed with ['lastSeen'].

[7m1164[0m         lastUpdate: lastUpdate?.lastSeen ?? new Date(0),
[7m    [0m [91m                                ~~~~~~~~[0m

[96msrc/lib/threat-detection/integrations/index.ts[0m:[93m114[0m:[93m1[0m - [91merror[0m[90m TS6133: [0m'redis' is declared but its value is never read.

[7m114[0m import { redis } from '../../redis'
[7m   [0m [91m~~~~~~~~~~~~~~~~~~~~~~~~~~~~~~~~~~~[0m

[96msrc/lib/threat-detection/integrations/index.ts[0m:[93m140[0m:[93m58[0m - [91merror[0m[90m TS2304: [0mCannot find name 'ThreatData'.

[7m140[0m       threatDetectionService.analyzeThreat(threatData as ThreatData),
[7m   [0m [91m                                                         ~~~~~~~~~~[0m

[96msrc/lib/threat-detection/integrations/index.ts[0m:[93m400[0m:[93m5[0m - [91merror[0m[90m TS2559: [0mType 'ThreatHuntingConfig' has no properties in common with type '{ mlInference?: ThreatMLInferenceManager | undefined; investigationManager?: ThreatInvestigationManager | undefined; reportGenerator?: ThreatReportGenerator | undefined; repository?: ThreatInvestigationRepository | undefined; queryProvider?: ThreatQueryProvider | undefined; }'.

[7m400[0m     config,
[7m   [0m [91m    ~~~~~~[0m

[96msrc/lib/threat-detection/integrations/index.ts[0m:[93m612[0m:[93m27[0m - [91merror[0m[90m TS4111: [0mProperty 'ALIENVAULT_API_KEY' comes from an index signature, so it must be accessed with ['ALIENVAULT_API_KEY'].

[7m612[0m       apiKey: process.env.ALIENVAULT_API_KEY,
[7m   [0m [91m                          ~~~~~~~~~~~~~~~~~~[0m

[96msrc/lib/threat-detection/integrations/index.ts[0m:[93m626[0m:[93m29[0m - [91merror[0m[90m TS4111: [0mProperty 'ALIENVAULT_API_KEY' comes from an index signature, so it must be accessed with ['ALIENVAULT_API_KEY'].

[7m626[0m     alienvault: process.env.ALIENVAULT_API_KEY ?? '',
[7m   [0m [91m                            ~~~~~~~~~~~~~~~~~~[0m

[96msrc/lib/threat-detection/integrations/index.ts[0m:[93m627[0m:[93m29[0m - [91merror[0m[90m TS4111: [0mProperty 'VIRUSTOTAL_API_KEY' comes from an index signature, so it must be accessed with ['VIRUSTOTAL_API_KEY'].

[7m627[0m     virustotal: process.env.VIRUSTOTAL_API_KEY ?? '',
[7m   [0m [91m                            ~~~~~~~~~~~~~~~~~~[0m

[96msrc/lib/threat-detection/integrations/index.ts[0m:[93m628[0m:[93m28[0m - [91merror[0m[90m TS4111: [0mProperty 'ABUSEIPDB_API_KEY' comes from an index signature, so it must be accessed with ['ABUSEIPDB_API_KEY'].

[7m628[0m     abuseipdb: process.env.ABUSEIPDB_API_KEY ?? '',
[7m   [0m [91m                           ~~~~~~~~~~~~~~~~~[0m

[96msrc/lib/threat-detection/integrations/production-system.ts[0m:[93m98[0m:[93m32[0m - [91merror[0m[90m TS2722: [0mCannot invoke an object which is possibly 'undefined'.

[7m98[0m       const reputation = await redis.get(`ip_reputation:${ip}`)
[7m  [0m [91m                               ~~~~~~~~~[0m

[96msrc/lib/threat-detection/integrations/production-system.ts[0m:[93m98[0m:[93m32[0m - [91merror[0m[90m TS18048: [0m'redis.get' is possibly 'undefined'.

[7m98[0m       const reputation = await redis.get(`ip_reputation:${ip}`)
[7m  [0m [91m                               ~~~~~~~~~[0m

[96msrc/lib/threat-detection/integrations/production-system.ts[0m:[93m98[0m:[93m38[0m - [91merror[0m[90m TS4111: [0mProperty 'get' comes from an index signature, so it must be accessed with ['get'].

[7m98[0m       const reputation = await redis.get(`ip_reputation:${ip}`)
[7m  [0m [91m                                     ~~~[0m

[96msrc/lib/threat-detection/integrations/production-system.ts[0m:[93m104[0m:[93m36[0m - [91merror[0m[90m TS2349: [0mThis expression is not callable.
  Type 'Db' has no call signatures.

[7m104[0m       const db = await mongoClient.db('threat_intelligence')
[7m   [0m [91m                                   ~~[0m

[96msrc/lib/threat-detection/integrations/production-system.ts[0m:[93m108[0m:[93m15[0m - [91merror[0m[90m TS2722: [0mCannot invoke an object which is possibly 'undefined'.

[7m108[0m         await redis.setex(
[7m   [0m [91m              ~~~~~~~~~~~[0m

[96msrc/lib/threat-detection/integrations/production-system.ts[0m:[93m108[0m:[93m21[0m - [91merror[0m[90m TS4111: [0mProperty 'setex' comes from an index signature, so it must be accessed with ['setex'].

[7m108[0m         await redis.setex(
[7m   [0m [91m                    ~~~~~[0m

[96msrc/lib/threat-detection/integrations/production-system.ts[0m:[93m126[0m:[93m27[0m - [91merror[0m[90m TS2722: [0mCannot invoke an object which is possibly 'undefined'.

[7m126[0m       const count = await redis.hincrby(key, 'count', 1)
[7m   [0m [91m                          ~~~~~~~~~~~~~[0m

[96msrc/lib/threat-detection/integrations/production-system.ts[0m:[93m126[0m:[93m27[0m - [91merror[0m[90m TS18048: [0m'redis.hincrby' is possibly 'undefined'.

[7m126[0m       const count = await redis.hincrby(key, 'count', 1)
[7m   [0m [91m                          ~~~~~~~~~~~~~[0m

[96msrc/lib/threat-detection/integrations/production-system.ts[0m:[93m126[0m:[93m33[0m - [91merror[0m[90m TS4111: [0mProperty 'hincrby' comes from an index signature, so it must be accessed with ['hincrby'].

[7m126[0m       const count = await redis.hincrby(key, 'count', 1)
[7m   [0m [91m                                ~~~~~~~[0m

[96msrc/lib/threat-detection/integrations/production-system.ts[0m:[93m127[0m:[93m13[0m - [91merror[0m[90m TS2722: [0mCannot invoke an object which is possibly 'undefined'.

[7m127[0m       await redis.expire(key, 60) // 1 minute window
[7m   [0m [91m            ~~~~~~~~~~~~[0m

[96msrc/lib/threat-detection/integrations/production-system.ts[0m:[93m127[0m:[93m19[0m - [91merror[0m[90m TS4111: [0mProperty 'expire' comes from an index signature, so it must be accessed with ['expire'].

[7m127[0m       await redis.expire(key, 60) // 1 minute window
[7m   [0m [91m                  ~~~~~~[0m

[96msrc/lib/threat-detection/integrations/production-system.ts[0m:[93m218[0m:[93m32[0m - [91merror[0m[90m TS2722: [0mCannot invoke an object which is possibly 'undefined'.

[7m218[0m       const reputation = await redis.get(`ip_reputation:${request.ip}`)
[7m   [0m [91m                               ~~~~~~~~~[0m

[96msrc/lib/threat-detection/integrations/production-system.ts[0m:[93m218[0m:[93m32[0m - [91merror[0m[90m TS18048: [0m'redis.get' is possibly 'undefined'.

[7m218[0m       const reputation = await redis.get(`ip_reputation:${request.ip}`)
[7m   [0m [91m                               ~~~~~~~~~[0m

[96msrc/lib/threat-detection/integrations/production-system.ts[0m:[93m218[0m:[93m38[0m - [91merror[0m[90m TS4111: [0mProperty 'get' comes from an index signature, so it must be accessed with ['get'].

[7m218[0m       const reputation = await redis.get(`ip_reputation:${request.ip}`)
[7m   [0m [91m                                     ~~~[0m

[96msrc/lib/threat-detection/integrations/production-system.ts[0m:[93m234[0m:[93m36[0m - [91merror[0m[90m TS2349: [0mThis expression is not callable.
  Type 'Db' has no call signatures.

[7m234[0m       const db = await mongoClient.db('security_logs')
[7m   [0m [91m                                   ~~[0m

[96msrc/lib/threat-detection/integrations/production-system.ts[0m:[93m265[0m:[93m36[0m - [91merror[0m[90m TS2349: [0mThis expression is not callable.
  Type 'Db' has no call signatures.

[7m265[0m       const db = await mongoClient.db('security_logs')
[7m   [0m [91m                                   ~~[0m

[96msrc/lib/threat-detection/integrations/production-system.ts[0m:[93m318[0m:[93m11[0m - [91merror[0m[90m TS6133: [0m'running' is declared but its value is never read.

[7m318[0m   private running = false
[7m   [0m [91m          ~~~~~~~[0m

[96msrc/lib/threat-detection/integrations/production-system.ts[0m:[93m400[0m:[93m11[0m - [91merror[0m[90m TS7034: [0mVariable 'alerts' implicitly has type 'any[]' in some locations where its type cannot be determined.

[7m400[0m     const alerts = []
[7m   [0m [91m          ~~~~~~[0m

[96msrc/lib/threat-detection/integrations/production-system.ts[0m:[93m429[0m:[93m18[0m - [91merror[0m[90m TS2532: [0mObject is possibly 'undefined'.

[7m429[0m           trend: values[values.length - 1] > avg ? 'increasing' : 'stable',
[7m   [0m [91m                 ~~~~~~~~~~~~~~~~~~~~~~~~~[0m

[96msrc/lib/threat-detection/integrations/production-system.ts[0m:[93m448[0m:[93m24[0m - [91merror[0m[90m TS7005: [0mVariable 'alerts' implicitly has an 'any[]' type.

[7m448[0m     return { insights, alerts, trends, predictions, recommendations }
[7m   [0m [91m                       ~~~~~~[0m

[96msrc/lib/threat-detection/integrations/production-system.ts[0m:[93m488[0m:[93m11[0m - [91merror[0m[90m TS6133: [0m'running' is declared but its value is never read.

[7m488[0m   private running = false
[7m   [0m [91m          ~~~~~~~[0m

[96msrc/lib/threat-detection/integrations/production-system.ts[0m:[93m512[0m:[93m36[0m - [91merror[0m[90m TS2349: [0mThis expression is not callable.
  Type 'Db' has no call signatures.

[7m512[0m       const db = await mongoClient.db('security_logs')
[7m   [0m [91m                                   ~~[0m

[96msrc/lib/threat-detection/integrations/production-system.ts[0m:[93m623[0m:[93m11[0m - [91merror[0m[90m TS6133: [0m'running' is declared but its value is never read.

[7m623[0m   private running = false
[7m   [0m [91m          ~~~~~~~[0m

[96msrc/lib/threat-detection/integrations/production-system.ts[0m:[93m654[0m:[93m36[0m - [91merror[0m[90m TS2349: [0mThis expression is not callable.
  Type 'Db' has no call signatures.

[7m654[0m       const db = await mongoClient.db('threat_intelligence')
[7m   [0m [91m                                   ~~[0m

[96msrc/lib/threat-detection/integrations/production-system.ts[0m:[93m670[0m:[93m32[0m - [91merror[0m[90m TS4111: [0mProperty 'ALIENVAULT_API_KEY' comes from an index signature, so it must be accessed with ['ALIENVAULT_API_KEY'].

[7m670[0m     const apiKey = process.env.ALIENVAULT_API_KEY
[7m   [0m [91m                               ~~~~~~~~~~~~~~~~~~[0m

[96msrc/lib/threat-detection/integrations/production-system.ts[0m:[93m751[0m:[93m36[0m - [91merror[0m[90m TS2349: [0mThis expression is not callable.
  Type 'Db' has no call signatures.

[7m751[0m       const db = await mongoClient.db('threat_intelligence')
[7m   [0m [91m                                   ~~[0m

[96msrc/lib/threat-detection/integrations/production-system.ts[0m:[93m874[0m:[93m67[0m - [91merror[0m[90m TS2554: [0mExpected 0 arguments, but got 1.

[7m874[0m         const insights = await monitoringService.generateInsights([
[7m   [0m [91m                                                                  ~[0m
[7m875[0m           threatResult,
[7m   [0m [91m~~~~~~~~~~~~~~~~~~~~~~~[0m
[7m876[0m         ])
[7m   [0m [91m~~~~~~~~~[0m

[96msrc/lib/threat-detection/integrations/rate-limiting-bridge.ts[0m:[93m168[0m:[93m31[0m - [91merror[0m[90m TS4111: [0mProperty 'userId' comes from an index signature, so it must be accessed with ['userId'].

[7m168[0m         if (action.parameters.userId && action.parameters.limit) {
[7m   [0m [91m                              ~~~~~~[0m

[96msrc/lib/threat-detection/integrations/rate-limiting-bridge.ts[0m:[93m168[0m:[93m59[0m - [91merror[0m[90m TS4111: [0mProperty 'limit' comes from an index signature, so it must be accessed with ['limit'].

[7m168[0m         if (action.parameters.userId && action.parameters.limit) {
[7m   [0m [91m                                                          ~~~~~[0m

[96msrc/lib/threat-detection/integrations/rate-limiting-bridge.ts[0m:[93m170[0m:[93m31[0m - [91merror[0m[90m TS4111: [0mProperty 'userId' comes from an index signature, so it must be accessed with ['userId'].

[7m170[0m             action.parameters.userId as string,
[7m   [0m [91m                              ~~~~~~[0m

[96msrc/lib/threat-detection/integrations/rate-limiting-bridge.ts[0m:[93m173[0m:[93m46[0m - [91merror[0m[90m TS4111: [0mProperty 'limit' comes from an index signature, so it must be accessed with ['limit'].

[7m173[0m               maxRequests: action.parameters.limit as number,
[7m   [0m [91m                                             ~~~~~[0m

[96msrc/lib/threat-detection/integrations/rate-limiting-bridge.ts[0m:[93m174[0m:[93m44[0m - [91merror[0m[90m TS4111: [0mProperty 'windowMs' comes from an index signature, so it must be accessed with ['windowMs'].

[7m174[0m               windowMs: (action.parameters.windowMs as number) || 60000,
[7m   [0m [91m                                           ~~~~~~~~[0m

[96msrc/lib/threat-detection/integrations/rate-limiting-bridge.ts[0m:[93m355[0m:[93m31[0m - [91merror[0m[90m TS2345: [0mArgument of type 'string | undefined' is not assignable to parameter of type 'string'.
  Type 'undefined' is not assignable to type 'string'.

[7m355[0m         const mask = parseInt(prefixLength)
[7m   [0m [91m                              ~~~~~~~~~~~~[0m

[96msrc/lib/threat-detection/integrations/rate-limiting-bridge.ts[0m:[93m357[0m:[93m41[0m - [91merror[0m[90m TS2345: [0mArgument of type 'string | undefined' is not assignable to parameter of type 'string'.
  Type 'undefined' is not assignable to type 'string'.

[7m357[0m         const networkInt = this.ipToInt(network)
[7m   [0m [91m                                        ~~~~~~~[0m

[96msrc/lib/threat-detection/integrations/threat-detection-service.ts[0m:[93m79[0m:[93m20[0m - [91merror[0m[90m TS6133: [0m'rateLimiter' is declared but its value is never read.

[7m79[0m   private readonly rateLimiter: DistributedRateLimiter
[7m  [0m [91m                   ~~~~~~~~~~~[0m

[96msrc/lib/threat-detection/integrations/threat-detection-service.ts[0m:[93m270[0m:[93m52[0m - [91merror[0m[90m TS4111: [0mProperty 'violationCount' comes from an index signature, so it must be accessed with ['violationCount'].

[7m270[0m     const violationCount = threatData.riskFactors?.violationCount ?? 0
[7m   [0m [91m                                                   ~~~~~~~~~~~~~~[0m

[96msrc/lib/threat-detection/integrations/threat-detection-service.ts[0m:[93m271[0m:[93m48[0m - [91merror[0m[90m TS4111: [0mProperty 'timeWindow' comes from an index signature, so it must be accessed with ['timeWindow'].

[7m271[0m     const timeWindow = threatData.riskFactors?.timeWindow ?? 60000
[7m   [0m [91m                                               ~~~~~~~~~~[0m

[96msrc/lib/threat-detection/integrations/threat-detection-service.ts[0m:[93m287[0m:[93m52[0m - [91merror[0m[90m TS4111: [0mProperty 'violationCount' comes from an index signature, so it must be accessed with ['violationCount'].

[7m287[0m     const violationCount = threatData.riskFactors?.violationCount ?? 0
[7m   [0m [91m                                                   ~~~~~~~~~~~~~~[0m

[96msrc/lib/threat-detection/integrations/threat-detection-service.ts[0m:[93m288[0m:[93m48[0m - [91merror[0m[90m TS4111: [0mProperty 'timeWindow' comes from an index signature, so it must be accessed with ['timeWindow'].

[7m288[0m     const timeWindow = threatData.riskFactors?.timeWindow ?? 60000
[7m   [0m [91m                                               ~~~~~~~~~~[0m

[96msrc/lib/threat-detection/integrations/threat-detection-service.ts[0m:[93m301[0m:[93m33[0m - [91merror[0m[90m TS4111: [0mProperty 'endpoint' comes from an index signature, so it must be accessed with ['endpoint'].

[7m301[0m     if (threatData.riskFactors?.endpoint) {
[7m   [0m [91m                                ~~~~~~~~[0m

[96msrc/lib/threat-detection/integrations/threat-detection-service.ts[0m:[93m381[0m:[93m33[0m - [91merror[0m[90m TS4111: [0mProperty 'ip' comes from an index signature, so it must be accessed with ['ip'].

[7m381[0m     if (threatData.riskFactors?.ip) {
[7m   [0m [91m                                ~~[0m

[96msrc/lib/threat-detection/integrations/threat-detection-service.ts[0m:[93m385[0m:[93m33[0m - [91merror[0m[90m TS4111: [0mProperty 'userAgent' comes from an index signature, so it must be accessed with ['userAgent'].

[7m385[0m     if (threatData.riskFactors?.userAgent) {
[7m   [0m [91m                                ~~~~~~~~~[0m

[96msrc/lib/threat-detection/integrations/threat-detection-service.ts[0m:[93m389[0m:[93m33[0m - [91merror[0m[90m TS4111: [0mProperty 'endpoint' comes from an index signature, so it must be accessed with ['endpoint'].

[7m389[0m     if (threatData.riskFactors?.endpoint) {
[7m   [0m [91m                                ~~~~~~~~[0m

[96msrc/lib/threat-detection/integrations/utils.ts[0m:[93m163[0m:[93m51[0m - [91merror[0m[90m TS4111: [0mProperty 'violationCount' comes from an index signature, so it must be accessed with ['violationCount'].

[7m163[0m     const violationCount = threatData.riskFactors.violationCount ?? 0
[7m   [0m [91m                                                  ~~~~~~~~~~~~~~[0m

[96msrc/lib/threat-detection/integrations/utils.ts[0m:[93m164[0m:[93m47[0m - [91merror[0m[90m TS4111: [0mProperty 'timeWindow' comes from an index signature, so it must be accessed with ['timeWindow'].

[7m164[0m     const timeWindow = threatData.riskFactors.timeWindow ?? 60000
[7m   [0m [91m                                              ~~~~~~~~~~[0m

[96msrc/lib/threat-detection/integrations/utils.ts[0m:[93m172[0m:[93m30[0m - [91merror[0m[90m TS4111: [0mProperty 'ip' comes from an index signature, so it must be accessed with ['ip'].

[7m172[0m       threatData.riskFactors.ip &&
[7m   [0m [91m                             ~~[0m

[96msrc/lib/threat-detection/integrations/utils.ts[0m:[93m173[0m:[93m49[0m - [91merror[0m[90m TS4111: [0mProperty 'ip' comes from an index signature, so it must be accessed with ['ip'].

[7m173[0m       isSuspiciousIPSync(threatData.riskFactors.ip)
[7m   [0m [91m                                                ~~[0m

[96msrc/lib/threat-detection/integrations/utils.ts[0m:[93m179[0m:[93m30[0m - [91merror[0m[90m TS4111: [0mProperty 'userAgent' comes from an index signature, so it must be accessed with ['userAgent'].

[7m179[0m       threatData.riskFactors.userAgent &&
[7m   [0m [91m                             ~~~~~~~~~[0m

[96msrc/lib/threat-detection/integrations/utils.ts[0m:[93m180[0m:[93m52[0m - [91merror[0m[90m TS4111: [0mProperty 'userAgent' comes from an index signature, so it must be accessed with ['userAgent'].

[7m180[0m       isSuspiciousUserAgent(threatData.riskFactors.userAgent)
[7m   [0m [91m                                                   ~~~~~~~~~[0m

[96msrc/lib/threat-detection/integrations/utils.ts[0m:[93m186[0m:[93m30[0m - [91merror[0m[90m TS4111: [0mProperty 'endpoint' comes from an index signature, so it must be accessed with ['endpoint'].

[7m186[0m       threatData.riskFactors.endpoint &&
[7m   [0m [91m                             ~~~~~~~~[0m

[96msrc/lib/threat-detection/integrations/utils.ts[0m:[93m187[0m:[93m50[0m - [91merror[0m[90m TS4111: [0mProperty 'endpoint' comes from an index signature, so it must be accessed with ['endpoint'].

[7m187[0m       isSensitiveEndpoint(threatData.riskFactors.endpoint)
[7m   [0m [91m                                                 ~~~~~~~~[0m

[96msrc/lib/threat-detection/integrations/utils.ts[0m:[93m306[0m:[93m21[0m - [91merror[0m[90m TS4111: [0mProperty 'MONGODB_URL' comes from an index signature, so it must be accessed with ['MONGODB_URL'].

[7m306[0m         process.env.MONGODB_URL ??
[7m   [0m [91m                    ~~~~~~~~~~~[0m

[96msrc/lib/threat-detection/integrations/utils.ts[0m:[93m309[0m:[93m40[0m - [91merror[0m[90m TS4111: [0mProperty 'REDIS_URL' comes from an index signature, so it must be accessed with ['REDIS_URL'].

[7m309[0m         config.redisUrl ?? process.env.REDIS_URL ?? 'redis://localhost:6379',
[7m   [0m [91m                                       ~~~~~~~~~[0m

[96msrc/lib/threat-detection/integrations/utils.ts[0m:[93m389[0m:[93m35[0m - [91merror[0m[90m TS4111: [0mProperty 'timestamp' comes from an index signature, so it must be accessed with ['timestamp'].

[7m389[0m     timestamp: response.metadata?.timestamp,
[7m   [0m [91m                                  ~~~~~~~~~[0m

[96msrc/lib/threat-detection/integrations/utils.ts[0m:[93m390[0m:[93m32[0m - [91merror[0m[90m TS4111: [0mProperty 'source' comes from an index signature, so it must be accessed with ['source'].

[7m390[0m     source: response.metadata?.source,
[7m   [0m [91m                               ~~~~~~[0m

[96msrc/lib/threat-detection/integrations/utils.ts[0m:[93m434[0m:[93m45[0m - [91merror[0m[90m TS4111: [0mProperty 'maxRequests' comes from an index signature, so it must be accessed with ['maxRequests'].

[7m434[0m     maxRequests: (rateLimitAction.metadata?.maxRequests as number) || 10,
[7m   [0m [91m                                            ~~~~~~~~~~~[0m

[96msrc/lib/threat-detection/integrations/utils.ts[0m:[93m435[0m:[93m42[0m - [91merror[0m[90m TS4111: [0mProperty 'windowMs' comes from an index signature, so it must be accessed with ['windowMs'].

[7m435[0m     windowMs: (rateLimitAction.metadata?.windowMs as number) || 60000,
[7m   [0m [91m                                         ~~~~~~~~[0m

[96msrc/lib/threat-detection/integrations/utils.ts[0m:[93m436[0m:[93m41[0m - [91merror[0m[90m TS4111: [0mProperty 'message' comes from an index signature, so it must be accessed with ['message'].

[7m436[0m     message: (rateLimitAction.metadata?.message as string) || undefined,
[7m   [0m [91m                                        ~~~~~~~[0m

[96msrc/lib/threat-detection/ml-model-serving/model-server.ts[0m:[93m10[0m:[93m10[0m - [91merror[0m[90m TS2614: [0mModule '"ioredis"' has no exported member 'Redis'. Did you mean to use 'import Redis from "ioredis"' instead?

[7m10[0m import { Redis } from 'ioredis'
[7m  [0m [91m         ~~~~~[0m

[96msrc/lib/threat-detection/ml-model-serving/model-server.ts[0m:[93m126[0m:[93m11[0m - [91merror[0m[90m TS2564: [0mProperty 'mongoClient' has no initializer and is not definitely assigned in the constructor.

[7m126[0m   private mongoClient: MongoClient
[7m   [0m [91m          ~~~~~~~~~~~[0m

[96msrc/lib/threat-detection/ml-model-serving/model-server.ts[0m:[93m127[0m:[93m11[0m - [91merror[0m[90m TS2564: [0mProperty 'featureStore' has no initializer and is not definitely assigned in the constructor.

[7m127[0m   private featureStore: FeatureStore
[7m   [0m [91m          ~~~~~~~~~~~~[0m

[96msrc/lib/threat-detection/ml-model-serving/model-server.ts[0m:[93m127[0m:[93m11[0m - [91merror[0m[90m TS6133: [0m'featureStore' is declared but its value is never read.

[7m127[0m   private featureStore: FeatureStore
[7m   [0m [91m          ~~~~~~~~~~~~[0m

[96msrc/lib/threat-detection/ml-model-serving/model-server.ts[0m:[93m128[0m:[93m11[0m - [91merror[0m[90m TS2564: [0mProperty 'modelRegistry' has no initializer and is not definitely assigned in the constructor.

[7m128[0m   private modelRegistry: ModelRegistry
[7m   [0m [91m          ~~~~~~~~~~~~~[0m

[96msrc/lib/threat-detection/ml-model-serving/model-server.ts[0m:[93m129[0m:[93m11[0m - [91merror[0m[90m TS2564: [0mProperty 'monitoring' has no initializer and is not definitely assigned in the constructor.

[7m129[0m   private monitoring: ModelMonitoring
[7m   [0m [91m          ~~~~~~~~~~[0m

[96msrc/lib/threat-detection/ml-model-serving/model-server.ts[0m:[93m216[0m:[93m30[0m - [91merror[0m[90m TS2345: [0mArgument of type '() => Promise<unknown>' is not assignable to parameter of type 'string | ScopeFn<TensorContainer>'.
  Type '() => Promise<unknown>' is not assignable to type 'ScopeFn<TensorContainer>'.
    Type 'Promise<unknown>' is not assignable to type 'TensorContainer'.
      Type 'Promise<unknown>' is not assignable to type 'Tensor<Rank> | TensorContainerObject | TensorContainerArray | Float32Array<ArrayBufferLike> | Int32Array<...> | Uint8Array<...>'.
        Type 'Promise<unknown>' is not assignable to type 'TensorContainerObject'.
          Index signature for type 'string' is missing in type 'Promise<unknown>'.

[7m216[0m       const output = tf.tidy(async () => {
[7m   [0m [91m                             ~~~~~~~~~~~~~[0m

[96msrc/lib/threat-detection/ml-model-serving/model-server.ts[0m:[93m217[0m:[93m39[0m - [91merror[0m[90m TS2345: [0mArgument of type 'unknown' is not assignable to parameter of type 'TensorLike | WebGLData | WebGPUData'.

[7m217[0m         const inputTensor = tf.tensor(processedInput, [1, ...config.inputShape])
[7m   [0m [91m                                      ~~~~~~~~~~~~~~[0m

[96msrc/lib/threat-detection/ml-model-serving/model-server.ts[0m:[93m321[0m:[93m37[0m - [91merror[0m[90m TS2339: [0mProperty 'validateData' does not exist on type 'ModelServingServer'.

[7m321[0m       const validation = await this.validateData(
[7m   [0m [91m                                    ~~~~~~~~~~~~[0m

[96msrc/lib/threat-detection/ml-model-serving/model-server.ts[0m:[93m347[0m:[93m24[0m - [91merror[0m[90m TS2339: [0mProperty 'applyThresholding' does not exist on type 'ModelServingServer'.

[7m347[0m       processed = this.applyThresholding(processed, config.thresholding)
[7m   [0m [91m                       ~~~~~~~~~~~~~~~~~[0m

[96msrc/lib/threat-detection/ml-model-serving/model-server.ts[0m:[93m352[0m:[93m24[0m - [91merror[0m[90m TS2339: [0mProperty 'applyEnsembleAggregation' does not exist on type 'ModelServingServer'.

[7m352[0m       processed = this.applyEnsembleAggregation(
[7m   [0m [91m                       ~~~~~~~~~~~~~~~~~~~~~~~~[0m

[96msrc/lib/threat-detection/ml-model-serving/model-server.ts[0m:[93m360[0m:[93m30[0m - [91merror[0m[90m TS2339: [0mProperty 'applyConfidenceCalibration' does not exist on type 'ModelServingServer'.

[7m360[0m       processed = await this.applyConfidenceCalibration(
[7m   [0m [91m                             ~~~~~~~~~~~~~~~~~~~~~~~~~~[0m

[96msrc/lib/threat-detection/ml-model-serving/model-server.ts[0m:[93m375[0m:[93m21[0m - [91merror[0m[90m TS2339: [0mProperty 'minMaxNormalize' does not exist on type 'ModelServingServer'.

[7m375[0m         return this.minMaxNormalize(data, config?.parameters)
[7m   [0m [91m                    ~~~~~~~~~~~~~~~[0m

[96msrc/lib/threat-detection/ml-model-serving/model-server.ts[0m:[93m377[0m:[93m21[0m - [91merror[0m[90m TS2339: [0mProperty 'zScoreNormalize' does not exist on type 'ModelServingServer'.

[7m377[0m         return this.zScoreNormalize(data, config?.parameters)
[7m   [0m [91m                    ~~~~~~~~~~~~~~~[0m

[96msrc/lib/threat-detection/ml-model-serving/model-server.ts[0m:[93m379[0m:[93m21[0m - [91merror[0m[90m TS2339: [0mProperty 'robustNormalize' does not exist on type 'ModelServingServer'.

[7m379[0m         return this.robustNormalize(data, config?.parameters)
[7m   [0m [91m                    ~~~~~~~~~~~~~~~[0m

[96msrc/lib/threat-detection/ml-model-serving/model-server.ts[0m:[93m395[0m:[93m29[0m - [91merror[0m[90m TS18048: [0m'config' is possibly 'undefined'.

[7m395[0m     for (const technique of config.techniques) {
[7m   [0m [91m                            ~~~~~~[0m

[96msrc/lib/threat-detection/ml-model-serving/model-server.ts[0m:[93m398[0m:[93m29[0m - [91merror[0m[90m TS2339: [0mProperty 'createPolynomialFeatures' does not exist on type 'ModelServingServer'.

[7m398[0m           engineered = this.createPolynomialFeatures(
[7m   [0m [91m                            ~~~~~~~~~~~~~~~~~~~~~~~~[0m

[96msrc/lib/threat-detection/ml-model-serving/model-server.ts[0m:[93m400[0m:[93m32[0m - [91merror[0m[90m TS4111: [0mProperty 'degree' comes from an index signature, so it must be accessed with ['degree'].

[7m400[0m             config?.parameters.degree,
[7m   [0m [91m                               ~~~~~~[0m

[96msrc/lib/threat-detection/ml-model-serving/model-server.ts[0m:[93m404[0m:[93m29[0m - [91merror[0m[90m TS2339: [0mProperty 'createInteractionFeatures' does not exist on type 'ModelServingServer'.

[7m404[0m           engineered = this.createInteractionFeatures(engineered)
[7m   [0m [91m                            ~~~~~~~~~~~~~~~~~~~~~~~~~[0m

[96msrc/lib/threat-detection/ml-model-serving/model-server.ts[0m:[93m407[0m:[93m29[0m - [91merror[0m[90m TS2339: [0mProperty 'createBinnedFeatures' does not exist on type 'ModelServingServer'.

[7m407[0m           engineered = this.createBinnedFeatures(
[7m   [0m [91m                            ~~~~~~~~~~~~~~~~~~~~[0m

[96msrc/lib/threat-detection/ml-model-serving/model-server.ts[0m:[93m409[0m:[93m32[0m - [91merror[0m[90m TS4111: [0mProperty 'bins' comes from an index signature, so it must be accessed with ['bins'].

[7m409[0m             config?.parameters.bins,
[7m   [0m [91m                               ~~~~[0m

[96msrc/lib/threat-detection/ml-model-serving/model-server.ts[0m:[93m443[0m:[93m13[0m - [91merror[0m[90m TS2532: [0mObject is possibly 'undefined'.

[7m443[0m             sumVec[i] += v
[7m   [0m [91m            ~~~~~~~~~[0m

[96msrc/lib/threat-detection/ml-model-serving/model-server.ts[0m:[93m450[0m:[93m14[0m - [91merror[0m[90m TS2571: [0mObject is of type 'unknown'.

[7m450[0m       return outputs.reduce((a: number, b: number) => a + b, 0) / outputs.length
[7m   [0m [91m             ~~~~~~~~~~~~~~~~~~~~~~~~~~~~~~~~~~~~~~~~~~~~~~~~~~[0m

[96msrc/lib/threat-detection/ml-model-serving/model-server.ts[0m:[93m450[0m:[93m29[0m - [91merror[0m[90m TS2769: [0mNo overload matches this call.
  Overload 1 of 3, '(callbackfn: (previousValue: unknown, currentValue: unknown, currentIndex: number, array: unknown[]) => unknown, initialValue: unknown): unknown', gave the following error.
    Argument of type '(a: number, b: number) => number' is not assignable to parameter of type '(previousValue: unknown, currentValue: unknown, currentIndex: number, array: unknown[]) => unknown'.
      Types of parameters 'a' and 'previousValue' are incompatible.
        Type 'unknown' is not assignable to type 'number'.
  Overload 2 of 3, '(callbackfn: (previousValue: number, currentValue: unknown, currentIndex: number, array: unknown[]) => number, initialValue: number): number', gave the following error.
    Argument of type '(a: number, b: number) => number' is not assignable to parameter of type '(previousValue: number, currentValue: unknown, currentIndex: number, array: unknown[]) => number'.
      Types of parameters 'b' and 'currentValue' are incompatible.
        Type 'unknown' is not assignable to type 'number'.

[7m450[0m       return outputs.reduce((a: number, b: number) => a + b, 0) / outputs.length
[7m   [0m [91m                            ~~~~~~~~~~~~~~~~~~~~~~~~~~~~~~~[0m


[96msrc/lib/threat-detection/ml-model-serving/model-server.ts[0m:[93m453[0m:[93m25[0m - [91merror[0m[90m TS2532: [0mObject is possibly 'undefined'.

[7m453[0m     const firstOutput = predictions[0].output
[7m   [0m [91m                        ~~~~~~~~~~~~~~[0m

[96msrc/lib/threat-detection/ml-model-serving/model-server.ts[0m:[93m461[0m:[93m44[0m - [91merror[0m[90m TS18048: [0m'w' is possibly 'undefined'.

[7m461[0m             sum[i] = (sum[i] ?? 0) + val * w
[7m   [0m [91m                                           ~[0m

[96msrc/lib/threat-detection/ml-model-serving/model-server.ts[0m:[93m473[0m:[93m50[0m - [91merror[0m[90m TS2532: [0mObject is possibly 'undefined'.

[7m473[0m           return sum + (pred.output as number) * weights[index]
[7m   [0m [91m                                                 ~~~~~~~~~~~~~~[0m

[96msrc/lib/threat-detection/ml-model-serving/model-server.ts[0m:[93m485[0m:[93m7[0m - [91merror[0m[90m TS2571: [0mObject is of type 'unknown'.

[7m485[0m       outputs
[7m   [0m [91m      ~~~~~~~[0m
[7m486[0m         .reduce((sum: number, val: number) => sum + val, 0)
[7m   [0m [91m~~~~~~~~~~~~~~~~~~~~~~~~~~~~~~~~~~~~~~~~~~~~~~~~~~~~~~~~~~~[0m

[96msrc/lib/threat-detection/ml-model-serving/model-server.ts[0m:[93m486[0m:[93m17[0m - [91merror[0m[90m TS2769: [0mNo overload matches this call.
  Overload 1 of 3, '(callbackfn: (previousValue: unknown, currentValue: unknown, currentIndex: number, array: unknown[]) => unknown, initialValue: unknown): unknown', gave the following error.
    Argument of type '(sum: number, val: number) => number' is not assignable to parameter of type '(previousValue: unknown, currentValue: unknown, currentIndex: number, array: unknown[]) => unknown'.
      Types of parameters 'sum' and 'previousValue' are incompatible.
        Type 'unknown' is not assignable to type 'number'.
  Overload 2 of 3, '(callbackfn: (previousValue: number, currentValue: unknown, currentIndex: number, array: unknown[]) => number, initialValue: number): number', gave the following error.
    Argument of type '(sum: number, val: number) => number' is not assignable to parameter of type '(previousValue: number, currentValue: unknown, currentIndex: number, array: unknown[]) => number'.
      Types of parameters 'val' and 'currentValue' are incompatible.
        Type 'unknown' is not assignable to type 'number'.

[7m486[0m         .reduce((sum: number, val: number) => sum + val, 0)
[7m   [0m [91m                ~~~~~~~~~~~~~~~~~~~~~~~~~~~~~~~~~~~~~~~[0m


[96msrc/lib/threat-detection/ml-model-serving/model-server.ts[0m:[93m487[0m:[93m16[0m - [91merror[0m[90m TS2304: [0mCannot find name '________'.

[7m487[0m         .slice(________) / outputs.length
[7m   [0m [91m               ~~~~~~~~[0m

[96msrc/lib/threat-detection/ml-model-serving/model-server.ts[0m:[93m489[0m:[93m7[0m - [91merror[0m[90m TS2571: [0mObject is of type 'unknown'.

[7m489[0m       outputs.reduce(
[7m   [0m [91m      ~~~~~~~~~~~~~~~[0m
[7m490[0m         (sum: number, val: number) => sum + Math.pow(val - mean, 2),
[7m   [0m [91m~~~~~~~~~~~~~~~~~~~~~~~~~~~~~~~~~~~~~~~~~~~~~~~~~~~~~~~~~~~~~~~~~~~~[0m
[7m491[0m         0,
[7m   [0m [91m~~~~~~~~~~[0m
[7m492[0m       ) / outputs.length
[7m   [0m [91m~~~~~~~[0m

[96msrc/lib/threat-detection/ml-model-serving/model-server.ts[0m:[93m490[0m:[93m9[0m - [91merror[0m[90m TS2769: [0mNo overload matches this call.
  Overload 1 of 3, '(callbackfn: (previousValue: unknown, currentValue: unknown, currentIndex: number, array: unknown[]) => unknown, initialValue: unknown): unknown', gave the following error.
    Argument of type '(sum: number, val: number) => number' is not assignable to parameter of type '(previousValue: unknown, currentValue: unknown, currentIndex: number, array: unknown[]) => unknown'.
      Types of parameters 'sum' and 'previousValue' are incompatible.
        Type 'unknown' is not assignable to type 'number'.
  Overload 2 of 3, '(callbackfn: (previousValue: number, currentValue: unknown, currentIndex: number, array: unknown[]) => number, initialValue: number): number', gave the following error.
    Argument of type '(sum: number, val: number) => number' is not assignable to parameter of type '(previousValue: number, currentValue: unknown, currentIndex: number, array: unknown[]) => number'.
      Types of parameters 'val' and 'currentValue' are incompatible.
        Type 'unknown' is not assignable to type 'number'.

[7m490[0m         (sum: number, val: number) => sum + Math.pow(val - mean, 2),
[7m   [0m [91m        ~~~~~~~~~~~~~~~~~~~~~~~~~~~~~~~~~~~~~~~~~~~~~~~~~~~~~~~~~~~[0m


[96msrc/lib/threat-detection/ml-model-serving/model-server.ts[0m:[93m566[0m:[93m7[0m - [91merror[0m[90m TS2353: [0mObject literal may only specify known properties, and 'serverStatus' does not exist in type 'ModelHealthReport'.

[7m566[0m       serverStatus: 'healthy',
[7m   [0m [91m      ~~~~~~~~~~~~[0m

[96msrc/lib/threat-detection/ml-model-serving/model-server.ts[0m:[93m594[0m:[93m38[0m - [91merror[0m[90m TS2322: [0mType 'null' is not assignable to type 'FeatureSet'.

[7m594[0m     return data ? JSON.parse(data) : null
[7m   [0m [91m                                     ~~~~[0m

[96msrc/lib/threat-detection/ml-model-serving/model-server.ts[0m:[93m651[0m:[93m12[0m - [91merror[0m[90m TS2352: [0mConversion of type 'WithId<Document>[]' to type 'ModelConfig[]' may be a mistake because neither type sufficiently overlaps with the other. If this was intentional, convert the expression to 'unknown' first.
  Type 'WithId<Document>' is missing the following properties from type 'ModelConfig': modelId, modelPath, modelType, inputShape, outputShape

[7m651[0m     return (await collection.find().toArray()) as ModelConfig[]
[7m   [0m [91m           ~~~~~~~~~~~~~~~~~~~~~~~~~~~~~~~~~~~~~~~~~~~~~~~~~~~~[0m

[96msrc/lib/threat-detection/ml-model-serving/model-server.ts[0m:[93m679[0m:[93m22[0m - [91merror[0m[90m TS6138: [0mProperty 'redis' is declared but its value is never read.

[7m679[0m     private readonly redis: Redis,
[7m   [0m [91m                     ~~~~~[0m

[96msrc/lib/threat-detection/monitoring/__tests__/monitoring.test.ts[0m:[93m120[0m:[93m22[0m - [91merror[0m[90m TS2341: [0mProperty 'config' is private and only accessible within class 'AIEnhancedMonitoringService'.

[7m120[0m       expect(service.config).toBeDefined()
[7m   [0m [91m                     ~~~~~~[0m

[96msrc/lib/threat-detection/monitoring/__tests__/monitoring.test.ts[0m:[93m121[0m:[93m22[0m - [91merror[0m[90m TS2341: [0mProperty 'redis' is private and only accessible within class 'AIEnhancedMonitoringService'.

[7m121[0m       expect(service.redis).toBe(mockRedis)
[7m   [0m [91m                     ~~~~~[0m

[96msrc/lib/threat-detection/monitoring/__tests__/monitoring.test.ts[0m:[93m150[0m:[93m29[0m - [91merror[0m[90m TS2341: [0mProperty 'config' is private and only accessible within class 'AIEnhancedMonitoringService'.

[7m150[0m       expect(defaultService.config).toEqual(
[7m   [0m [91m                            ~~~~~~[0m

[96msrc/lib/threat-detection/monitoring/__tests__/monitoring.test.ts[0m:[93m199[0m:[93m28[0m - [91merror[0m[90m TS2341: [0mProperty 'config' is private and only accessible within class 'AIEnhancedMonitoringService'.

[7m199[0m       expect(customService.config).toEqual(
[7m   [0m [91m                           ~~~~~~[0m

[96msrc/lib/threat-detection/monitoring/__tests__/monitoring.test.ts[0m:[93m223[0m:[93m47[0m - [91merror[0m[90m TS2345: [0mArgument of type '{ title: string; description: string; severity: string; source: string; metadata: { userId: string; anomalyType: string; confidence: number; }; }' is not assignable to parameter of type 'Partial<Alert>'.
  Types of property 'severity' are incompatible.
    Type 'string' is not assignable to type '"low" | "medium" | "high" | "critical" | undefined'.

[7m223[0m       const alert = await service.createAlert(alertData)
[7m   [0m [91m                                              ~~~~~~~~~[0m

[96msrc/lib/threat-detection/monitoring/__tests__/monitoring.test.ts[0m:[93m257[0m:[93m63[0m - [91merror[0m[90m TS2345: [0mArgument of type '{ status: string; notes: string; }' is not assignable to parameter of type 'Partial<Alert>'.
  Types of property 'status' are incompatible.
    Type 'string' is not assignable to type '"active" | "escalated" | "resolved" | "investigating" | undefined'.

[7m257[0m       const updatedAlert = await service.updateAlert(alertId, updateData)
[7m   [0m [91m                                                              ~~~~~~~~~~[0m

[96msrc/lib/threat-detection/monitoring/__tests__/monitoring.test.ts[0m:[93m306[0m:[93m65[0m - [91merror[0m[90m TS2345: [0mArgument of type '{ resolvedBy: string; resolutionNotes: string; resolvedAt: string; }' is not assignable to parameter of type 'Partial<Alert>'.
  Types of property 'resolvedAt' are incompatible.
    Type 'string' is not assignable to type 'Date'.

[7m306[0m       const resolvedAlert = await service.resolveAlert(alertId, resolutionData)
[7m   [0m [91m                                                                ~~~~~~~~~~~~~~[0m

[96msrc/lib/threat-detection/monitoring/__tests__/monitoring.test.ts[0m:[93m411[0m:[93m50[0m - [91merror[0m[90m TS2345: [0mArgument of type '{ severity: string; status: string; createdAt: string; escalationCount: number; }' is not assignable to parameter of type 'Alert'.
  Type '{ severity: string; status: string; createdAt: string; escalationCount: number; }' is missing the following properties from type 'Alert': id, title, description, source

[7m411[0m       const shouldEscalate = shouldEscalateAlert(alert)
[7m   [0m [91m                                                 ~~~~~[0m

[96msrc/lib/threat-detection/monitoring/__tests__/monitoring.test.ts[0m:[93m425[0m:[93m50[0m - [91merror[0m[90m TS2345: [0mArgument of type '{ severity: string; status: string; createdAt: string; escalationCount: number; lastEscalatedAt: string; }' is not assignable to parameter of type 'Alert'.
  Type '{ severity: string; status: string; createdAt: string; escalationCount: number; lastEscalatedAt: string; }' is missing the following properties from type 'Alert': id, title, description, source

[7m425[0m       const shouldEscalate = shouldEscalateAlert(alert)
[7m   [0m [91m                                                 ~~~~~[0m

[96msrc/lib/threat-detection/monitoring/__tests__/monitoring.test.ts[0m:[93m490[0m:[93m48[0m - [91merror[0m[90m TS2345: [0mArgument of type '{ id: string; title: string; severity: string; status: string; createdAt: string; }[]' is not assignable to parameter of type 'Alert[]'.
  Type '{ id: string; title: string; severity: string; status: string; createdAt: string; }' is missing the following properties from type 'Alert': escalationCount, description, source

[7m490[0m       const report = await generateAlertReport(alerts, {
[7m   [0m [91m                                               ~~~~~~[0m

[96msrc/lib/threat-detection/monitoring/__tests__/monitoring.test.ts[0m:[93m605[0m:[93m14[0m - [91merror[0m[90m TS2532: [0mObject is possibly 'undefined'.

[7m605[0m       expect(anomalies[0].value).toBe(500)
[7m   [0m [91m             ~~~~~~~~~~~~[0m

[96msrc/lib/threat-detection/monitoring/__tests__/monitoring.test.ts[0m:[93m606[0m:[93m14[0m - [91merror[0m[90m TS2532: [0mObject is possibly 'undefined'.

[7m606[0m       expect(anomalies[0].isAnomaly).toBe(true)
[7m   [0m [91m             ~~~~~~~~~~~~[0m

[96msrc/lib/threat-detection/monitoring/__tests__/monitoring.test.ts[0m:[93m630[0m:[93m28[0m - [91merror[0m[90m TS2345: [0mArgument of type '{ connections: number; queryTime: number; cacheHitRate: number; responseTime: number; throughput: number; errorRate: number; cpu: number; memory: number; disk: number; }' is not assignable to parameter of type 'Record<string, string>'.
  Property 'connections' is incompatible with index signature.
    Type 'number' is not assignable to type 'string'.

[7m630[0m         .mockResolvedValue({
[7m   [0m [91m                           ~[0m
[7m631[0m           ...performanceMetrics.system,
[7m   [0m [91m~~~~~~~~~~~~~~~~~~~~~~~~~~~~~~~~~~~~~~~[0m
[7m...[0m 
[7m633[0m           ...performanceMetrics.database,
[7m   [0m [91m~~~~~~~~~~~~~~~~~~~~~~~~~~~~~~~~~~~~~~~~~[0m
[7m634[0m         })
[7m   [0m [91m~~~~~~~~~[0m

[96msrc/lib/threat-detection/monitoring/__tests__/monitoring.test.ts[0m:[93m807[0m:[93m21[0m - [91merror[0m[90m TS4111: [0mProperty 'healthStatus' comes from an index signature, so it must be accessed with ['healthStatus'].

[7m807[0m       expect(result.healthStatus).toBeDefined()
[7m   [0m [91m                    ~~~~~~~~~~~~[0m

[96msrc/lib/threat-detection/monitoring/__tests__/monitoring.test.ts[0m:[93m808[0m:[93m21[0m - [91merror[0m[90m TS4111: [0mProperty 'alerts' comes from an index signature, so it must be accessed with ['alerts'].

[7m808[0m       expect(result.alerts).toBeDefined()
[7m   [0m [91m                    ~~~~~~[0m

[96msrc/lib/threat-detection/monitoring/__tests__/monitoring.test.ts[0m:[93m809[0m:[93m21[0m - [91merror[0m[90m TS4111: [0mProperty 'insights' comes from an index signature, so it must be accessed with ['insights'].

[7m809[0m       expect(result.insights).toBeDefined()
[7m   [0m [91m                    ~~~~~~~~[0m

[96msrc/lib/threat-detection/monitoring/__tests__/monitoring.test.ts[0m:[93m810[0m:[93m21[0m - [91merror[0m[90m TS4111: [0mProperty 'actions' comes from an index signature, so it must be accessed with ['actions'].

[7m810[0m       expect(result.actions).toBeDefined()
[7m   [0m [91m                    ~~~~~~~[0m

[96msrc/lib/threat-detection/monitoring/__tests__/monitoring.test.ts[0m:[93m843[0m:[93m21[0m - [91merror[0m[90m TS4111: [0mProperty 'healthStatus' comes from an index signature, so it must be accessed with ['healthStatus'].

[7m843[0m       expect(result.healthStatus).toBe('unknown')
[7m   [0m [91m                    ~~~~~~~~~~~~[0m

[96msrc/lib/threat-detection/monitoring/__tests__/monitoring.test.ts[0m:[93m844[0m:[93m21[0m - [91merror[0m[90m TS4111: [0mProperty 'insights' comes from an index signature, so it must be accessed with ['insights'].

[7m844[0m       expect(result.insights).toHaveLength(0)
[7m   [0m [91m                    ~~~~~~~~[0m

[96msrc/lib/threat-detection/monitoring/__tests__/monitoring.test.ts[0m:[93m845[0m:[93m21[0m - [91merror[0m[90m TS4111: [0mProperty 'errors' comes from an index signature, so it must be accessed with ['errors'].

[7m845[0m       expect(result.errors).toContain('AI analysis timeout')
[7m   [0m [91m                    ~~~~~~[0m

[96msrc/lib/threat-detection/monitoring/__tests__/monitoring.test.ts[0m:[93m860[0m:[93m47[0m - [91merror[0m[90m TS2345: [0mArgument of type '{ title: string; description: string; severity: string; source: string; }' is not assignable to parameter of type 'Partial<Alert>'.
  Types of property 'severity' are incompatible.
    Type 'string' is not assignable to type '"low" | "medium" | "high" | "critical" | undefined'.

[7m860[0m       const alert = await service.createAlert(alertData)
[7m   [0m [91m                                              ~~~~~~~~~[0m

[96msrc/lib/threat-detection/monitoring/__tests__/monitoring.test.ts[0m:[93m911[0m:[93m29[0m - [91merror[0m[90m TS2345: [0mArgument of type '{ title: string; description: string; severity: string; source: string; }' is not assignable to parameter of type 'Partial<Alert>'.
  Types of property 'severity' are incompatible.
    Type 'string' is not assignable to type '"low" | "medium" | "high" | "critical" | undefined'.

[7m911[0m         service.createAlert({ ...alertData, title: `Alert ${i}` }),
[7m   [0m [91m                            ~~~~~~~~~~~~~~~~~~~~~~~~~~~~~~~~~~~~~[0m

[96msrc/lib/threat-detection/monitoring/__tests__/monitoring.test.ts[0m:[93m952[0m:[93m56[0m - [91merror[0m[90m TS2345: [0mArgument of type '{ id: string; title: string; severity: string; status: string; createdAt: string; }[]' is not assignable to parameter of type 'Alert[]'.
  Type '{ id: string; title: string; severity: string; status: string; createdAt: string; }' is missing the following properties from type 'Alert': type, description, source, metrics, and 3 more.

[7m952[0m       const report = await service.generateAlertReport(alerts)
[7m   [0m [91m                                                       ~~~~~~[0m

[96msrc/lib/threat-detection/monitoring/__tests__/monitoring.test.ts[0m:[93m956[0m:[93m21[0m - [91merror[0m[90m TS4111: [0mProperty 'alerts' comes from an index signature, so it must be accessed with ['alerts'].

[7m956[0m       expect(report.alerts).toHaveLength(100)
[7m   [0m [91m                    ~~~~~~[0m

[96msrc/lib/threat-detection/monitoring/__tests__/monitoring.test.ts[0m:[93m1009[0m:[93m14[0m - [91merror[0m[90m TS2571: [0mObject is of type 'unknown'.

[7m1009[0m       expect(insights.patterns[0].type).toBe('coordinated')
[7m    [0m [91m             ~~~~~~~~~~~~~~~~~~~~[0m

[96msrc/lib/threat-detection/monitoring/__tests__/monitoring.test.ts[0m:[93m1010[0m:[93m14[0m - [91merror[0m[90m TS2571: [0mObject is of type 'unknown'.

[7m1010[0m       expect(insights.patterns[0].confidence).toBe(0.9)
[7m    [0m [91m             ~~~~~~~~~~~~~~~~~~~~[0m

[96msrc/lib/threat-detection/monitoring/__tests__/monitoring.test.ts[0m:[93m1045[0m:[93m22[0m - [91merror[0m[90m TS2532: [0mObject is possibly 'undefined'.

[7m1045[0m         description: insights.insights[0].description,
[7m    [0m [91m                     ~~~~~~~~~~~~~~~~~~~~[0m

[96msrc/lib/threat-detection/monitoring/__tests__/monitoring.test.ts[0m:[93m1049[0m:[93m24[0m - [91merror[0m[90m TS2532: [0mObject is possibly 'undefined'.

[7m1049[0m           insightType: insights.insights[0].type,
[7m    [0m [91m                       ~~~~~~~~~~~~~~~~~~~~[0m

[96msrc/lib/threat-detection/monitoring/__tests__/monitoring.test.ts[0m:[93m1054[0m:[93m47[0m - [91merror[0m[90m TS2345: [0mArgument of type '{ title: string; description: string; severity: string; source: string; metadata: { insightType: "recommendation" | "trend" | "prediction" | "anomaly"; recommendation: string | undefined; }; }' is not assignable to parameter of type 'Partial<Alert>'.
  Types of property 'severity' are incompatible.
    Type 'string' is not assignable to type '"low" | "medium" | "high" | "critical" | undefined'.

[7m1054[0m       const alert = await service.createAlert(alertData)
[7m    [0m [91m                                              ~~~~~~~~~[0m

[96msrc/lib/threat-detection/monitoring/__tests__/monitoring.test.ts[0m:[93m1058[0m:[93m14[0m - [91merror[0m[90m TS18048: [0m'alert.metadata' is possibly 'undefined'.

[7m1058[0m       expect(alert.metadata.insightType).toBe('threshold')
[7m    [0m [91m             ~~~~~~~~~~~~~~[0m

[96msrc/lib/threat-detection/monitoring/__tests__/monitoring.test.ts[0m:[93m1058[0m:[93m29[0m - [91merror[0m[90m TS4111: [0mProperty 'insightType' comes from an index signature, so it must be accessed with ['insightType'].

[7m1058[0m       expect(alert.metadata.insightType).toBe('threshold')
[7m    [0m [91m                            ~~~~~~~~~~~[0m

[96msrc/lib/threat-detection/monitoring/ai-enhanced-monitoring.ts[0m:[93m9[0m:[93m10[0m - [91merror[0m[90m TS2614: [0mModule '"ioredis"' has no exported member 'Redis'. Did you mean to use 'import Redis from "ioredis"' instead?

[7m9[0m import { Redis } from 'ioredis'
[7m [0m [91m         ~~~~~[0m

[96msrc/lib/threat-detection/monitoring/ai-enhanced-monitoring.ts[0m:[93m175[0m:[93m42[0m - [91merror[0m[90m TS4111: [0mProperty 'REDIS_URL' comes from an index signature, so it must be accessed with ['REDIS_URL'].

[7m175[0m       this.redis = new Redis(process.env.REDIS_URL ?? 'redis://localhost:6379')
[7m   [0m [91m                                         ~~~~~~~~~[0m

[96msrc/lib/threat-detection/monitoring/ai-enhanced-monitoring.ts[0m:[93m177[0m:[93m21[0m - [91merror[0m[90m TS4111: [0mProperty 'MONGODB_URI' comes from an index signature, so it must be accessed with ['MONGODB_URI'].

[7m177[0m         process.env.MONGODB_URI ?? 'mongodb://localhost:27017/threat_detection',
[7m   [0m [91m                    ~~~~~~~~~~~[0m

[96msrc/lib/threat-detection/monitoring/ai-enhanced-monitoring.ts[0m:[93m340[0m:[93m13[0m - [91merror[0m[90m TS6133: [0m'_memory' is declared but its value is never read.

[7m340[0m       const _memory = await this.redis.memory('usage', '*')
[7m   [0m [91m            ~~~~~~~[0m

[96msrc/lib/threat-detection/monitoring/ai-enhanced-monitoring.ts[0m:[93m389[0m:[93m62[0m - [91merror[0m[90m TS4111: [0mProperty 'dataSize' comes from an index signature, so it must be accessed with ['dataSize'].

[7m389[0m         databaseSize: await db.stats().then((stats) => stats.dataSize),
[7m   [0m [91m                                                             ~~~~~~~~[0m

[96msrc/lib/threat-detection/monitoring/ai-enhanced-monitoring.ts[0m:[93m449[0m:[93m45[0m - [91merror[0m[90m TS4111: [0mProperty '_id' comes from an index signature, so it must be accessed with ['_id'].

[7m449[0m         topThreats: topThreats.map((t) => t._id),
[7m   [0m [91m                                            ~~~[0m

[96msrc/lib/threat-detection/monitoring/ai-enhanced-monitoring.ts[0m:[93m451[0m:[93m37[0m - [91merror[0m[90m TS4111: [0mProperty 'count' comes from an index signature, so it must be accessed with ['count'].

[7m451[0m           (sum, item) => sum + item.count,
[7m   [0m [91m                                    ~~~~~[0m

[96msrc/lib/threat-detection/monitoring/ai-enhanced-monitoring.ts[0m:[93m465[0m:[93m34[0m - [91merror[0m[90m TS4111: [0mProperty 'threats' comes from an index signature, so it must be accessed with ['threats'].

[7m465[0m       const threats = rawMetrics.threats as Record<string, unknown>
[7m   [0m [91m                                 ~~~~~~~[0m

[96msrc/lib/threat-detection/monitoring/ai-enhanced-monitoring.ts[0m:[93m466[0m:[93m33[0m - [91merror[0m[90m TS4111: [0mProperty 'system' comes from an index signature, so it must be accessed with ['system'].

[7m466[0m       const system = rawMetrics.system as Record<string, unknown>
[7m   [0m [91m                                ~~~~~~[0m

[96msrc/lib/threat-detection/monitoring/ai-enhanced-monitoring.ts[0m:[93m467[0m:[93m32[0m - [91merror[0m[90m TS4111: [0mProperty 'redis' comes from an index signature, so it must be accessed with ['redis'].

[7m467[0m       const redis = rawMetrics.redis as Record<string, unknown>
[7m   [0m [91m                               ~~~~~[0m

[96msrc/lib/threat-detection/monitoring/ai-enhanced-monitoring.ts[0m:[93m480[0m:[93m31[0m - [91merror[0m[90m TS4111: [0mProperty 'totalThreats' comes from an index signature, so it must be accessed with ['totalThreats'].

[7m480[0m         threatCount: (threats.totalThreats as number) || 0,
[7m   [0m [91m                              ~~~~~~~~~~~~[0m

[96msrc/lib/threat-detection/monitoring/ai-enhanced-monitoring.ts[0m:[93m481[0m:[93m35[0m - [91merror[0m[90m TS4111: [0mProperty 'blockedRequests' comes from an index signature, so it must be accessed with ['blockedRequests'].

[7m481[0m         blockedRequests: (threats.blockedRequests as number) || 0,
[7m   [0m [91m                                  ~~~~~~~~~~~~~~~[0m

[96msrc/lib/threat-detection/monitoring/ai-enhanced-monitoring.ts[0m:[93m484[0m:[93m30[0m - [91merror[0m[90m TS4111: [0mProperty 'topThreats' comes from an index signature, so it must be accessed with ['topThreats'].

[7m484[0m         topThreats: (threats.topThreats as string[]) || [],
[7m   [0m [91m                             ~~~~~~~~~~[0m

[96msrc/lib/threat-detection/monitoring/ai-enhanced-monitoring.ts[0m:[93m486[0m:[93m24[0m - [91merror[0m[90m TS4111: [0mProperty 'cpu' comes from an index signature, so it must be accessed with ['cpu'].

[7m486[0m           cpu: (system.cpu as number) || 0,
[7m   [0m [91m                       ~~~[0m

[96msrc/lib/threat-detection/monitoring/ai-enhanced-monitoring.ts[0m:[93m487[0m:[93m27[0m - [91merror[0m[90m TS4111: [0mProperty 'memory' comes from an index signature, so it must be accessed with ['memory'].

[7m487[0m           memory: (system.memory as number) || 0,
[7m   [0m [91m                          ~~~~~~[0m

[96msrc/lib/threat-detection/monitoring/ai-enhanced-monitoring.ts[0m:[93m488[0m:[93m32[0m - [91merror[0m[90m TS4111: [0mProperty 'commandsProcessed' comes from an index signature, so it must be accessed with ['commandsProcessed'].

[7m488[0m           responseTime: (redis.commandsProcessed as number) || 0,
[7m   [0m [91m                               ~~~~~~~~~~~~~~~~~[0m

[96msrc/lib/threat-detection/monitoring/ai-enhanced-monitoring.ts[0m:[93m516[0m:[93m9[0m - [91merror[0m[90m TS2322: [0mType 'number | undefined' is not assignable to type 'number'.
  Type 'undefined' is not assignable to type 'number'.

[7m516[0m         return score[0]
[7m   [0m [91m        ~~~~~~[0m

[96msrc/lib/threat-detection/monitoring/ai-enhanced-monitoring.ts[0m:[93m527[0m:[93m29[0m - [91merror[0m[90m TS4111: [0mProperty 'threats' comes from an index signature, so it must be accessed with ['threats'].

[7m527[0m     const threats = metrics.threats as Record<string, unknown>
[7m   [0m [91m                            ~~~~~~~[0m

[96msrc/lib/threat-detection/monitoring/ai-enhanced-monitoring.ts[0m:[93m528[0m:[93m28[0m - [91merror[0m[90m TS4111: [0mProperty 'system' comes from an index signature, so it must be accessed with ['system'].

[7m528[0m     const system = metrics.system as Record<string, unknown>
[7m   [0m [91m                           ~~~~~~[0m

[96msrc/lib/threat-detection/monitoring/ai-enhanced-monitoring.ts[0m:[93m529[0m:[93m27[0m - [91merror[0m[90m TS4111: [0mProperty 'redis' comes from an index signature, so it must be accessed with ['redis'].

[7m529[0m     const redis = metrics.redis as Record<string, unknown>
[7m   [0m [91m                          ~~~~~[0m

[96msrc/lib/threat-detection/monitoring/ai-enhanced-monitoring.ts[0m:[93m532[0m:[93m16[0m - [91merror[0m[90m TS4111: [0mProperty 'totalThreats' comes from an index signature, so it must be accessed with ['totalThreats'].

[7m532[0m       (threats.totalThreats as number) || 0,
[7m   [0m [91m               ~~~~~~~~~~~~[0m

[96msrc/lib/threat-detection/monitoring/ai-enhanced-monitoring.ts[0m:[93m533[0m:[93m16[0m - [91merror[0m[90m TS4111: [0mProperty 'blockedRequests' comes from an index signature, so it must be accessed with ['blockedRequests'].

[7m533[0m       (threats.blockedRequests as number) || 0,
[7m   [0m [91m               ~~~~~~~~~~~~~~~[0m

[96msrc/lib/threat-detection/monitoring/ai-enhanced-monitoring.ts[0m:[93m534[0m:[93m15[0m - [91merror[0m[90m TS4111: [0mProperty 'cpu' comes from an index signature, so it must be accessed with ['cpu'].

[7m534[0m       (system.cpu as number) || 0,
[7m   [0m [91m              ~~~[0m

[96msrc/lib/threat-detection/monitoring/ai-enhanced-monitoring.ts[0m:[93m535[0m:[93m15[0m - [91merror[0m[90m TS4111: [0mProperty 'memory' comes from an index signature, so it must be accessed with ['memory'].

[7m535[0m       (system.memory as number) || 0,
[7m   [0m [91m              ~~~~~~[0m

[96msrc/lib/threat-detection/monitoring/ai-enhanced-monitoring.ts[0m:[93m536[0m:[93m14[0m - [91merror[0m[90m TS4111: [0mProperty 'connectedClients' comes from an index signature, so it must be accessed with ['connectedClients'].

[7m536[0m       (redis.connectedClients as number) || 0,
[7m   [0m [91m             ~~~~~~~~~~~~~~~~[0m

[96msrc/lib/threat-detection/monitoring/ai-enhanced-monitoring.ts[0m:[93m537[0m:[93m14[0m - [91merror[0m[90m TS4111: [0mProperty 'usedMemory' comes from an index signature, so it must be accessed with ['usedMemory'].

[7m537[0m       (redis.usedMemory as number) || 0,
[7m   [0m [91m             ~~~~~~~~~~[0m

[96msrc/lib/threat-detection/monitoring/ai-enhanced-monitoring.ts[0m:[93m538[0m:[93m14[0m - [91merror[0m[90m TS4111: [0mProperty 'keyspaceHits' comes from an index signature, so it must be accessed with ['keyspaceHits'].

[7m538[0m       (redis.keyspaceHits as number) || 0,
[7m   [0m [91m             ~~~~~~~~~~~~[0m

[96msrc/lib/threat-detection/monitoring/ai-enhanced-monitoring.ts[0m:[93m539[0m:[93m14[0m - [91merror[0m[90m TS4111: [0mProperty 'keyspaceMisses' comes from an index signature, so it must be accessed with ['keyspaceMisses'].

[7m539[0m       (redis.keyspaceMisses as number) || 0,
[7m   [0m [91m             ~~~~~~~~~~~~~~[0m

[96msrc/lib/threat-detection/monitoring/ai-enhanced-monitoring.ts[0m:[93m540[0m:[93m14[0m - [91merror[0m[90m TS4111: [0mProperty 'commandsProcessed' comes from an index signature, so it must be accessed with ['commandsProcessed'].

[7m540[0m       (redis.commandsProcessed as number) || 0,
[7m   [0m [91m             ~~~~~~~~~~~~~~~~~[0m

[96msrc/lib/threat-detection/monitoring/ai-enhanced-monitoring.ts[0m:[93m549[0m:[93m34[0m - [91merror[0m[90m TS4111: [0mProperty 'totalThreats' comes from an index signature, so it must be accessed with ['totalThreats'].

[7m549[0m     const threatCount = (threats.totalThreats as number) || 0
[7m   [0m [91m                                 ~~~~~~~~~~~~[0m

[96msrc/lib/threat-detection/monitoring/ai-enhanced-monitoring.ts[0m:[93m550[0m:[93m38[0m - [91merror[0m[90m TS4111: [0mProperty 'blockedRequests' comes from an index signature, so it must be accessed with ['blockedRequests'].

[7m550[0m     const blockedRequests = (threats.blockedRequests as number) || 0
[7m   [0m [91m                                     ~~~~~~~~~~~~~~~[0m

[96msrc/lib/threat-detection/monitoring/ai-enhanced-monitoring.ts[0m:[93m565[0m:[93m35[0m - [91merror[0m[90m TS4111: [0mProperty 'totalThreats' comes from an index signature, so it must be accessed with ['totalThreats'].

[7m565[0m     const totalThreats = (threats.totalThreats as number) || 0
[7m   [0m [91m                                  ~~~~~~~~~~~~[0m

[96msrc/lib/threat-detection/monitoring/ai-enhanced-monitoring.ts[0m:[93m566[0m:[93m38[0m - [91merror[0m[90m TS4111: [0mProperty 'blockedRequests' comes from an index signature, so it must be accessed with ['blockedRequests'].

[7m566[0m     const blockedRequests = (threats.blockedRequests as number) || 0
[7m   [0m [91m                                     ~~~~~~~~~~~~~~~[0m

[96msrc/lib/threat-detection/monitoring/ai-enhanced-monitoring.ts[0m:[93m1040[0m:[93m14[0m - [91merror[0m[90m TS2352: [0mConversion of type 'WithId<Document>[]' to type 'Alert[]' may be a mistake because neither type sufficiently overlaps with the other. If this was intentional, convert the expression to 'unknown' first.
  Type 'WithId<Document>' is missing the following properties from type 'Alert': id, type, severity, title, and 7 more.

[7m1040[0m       return alerts as Alert[]
[7m    [0m [91m             ~~~~~~~~~~~~~~~~~[0m

[96msrc/lib/threat-detection/monitoring/ai-enhanced-monitoring.ts[0m:[93m1060[0m:[93m14[0m - [91merror[0m[90m TS2352: [0mConversion of type 'WithId<Document>[]' to type 'AIInsight[]' may be a mistake because neither type sufficiently overlaps with the other. If this was intentional, convert the expression to 'unknown' first.
  Type 'WithId<Document>' is missing the following properties from type 'AIInsight': insightId, type, severity, title, and 5 more.

[7m1060[0m       return insights as AIInsight[]
[7m    [0m [91m             ~~~~~~~~~~~~~~~~~~~~~~~[0m

[96msrc/lib/threat-detection/monitoring/ai-enhanced-monitoring.ts[0m:[93m1121[0m:[93m43[0m - [91merror[0m[90m TS4111: [0mProperty 'timestamp' comes from an index signature, so it must be accessed with ['timestamp'].

[7m1121[0m         lastMetricsTimestamp: lastMetric?.timestamp,
[7m    [0m [91m                                          ~~~~~~~~~[0m

[96msrc/lib/threat-detection/monitoring/ai-enhanced-monitoring.ts[0m:[93m1248[0m:[93m14[0m - [91merror[0m[90m TS2352: [0mConversion of type 'WithId<Document>[]' to type 'SecurityMetrics[]' may be a mistake because neither type sufficiently overlaps with the other. If this was intentional, convert the expression to 'unknown' first.
  Type 'WithId<Document>' is missing the following properties from type 'SecurityMetrics': timestamp, threatCount, blockedRequests, anomalyScore, and 3 more.

[7m1248[0m       return metrics as SecurityMetrics[]
[7m    [0m [91m             ~~~~~~~~~~~~~~~~~~~~~~~~~~~~[0m

[96msrc/lib/threat-detection/monitoring/ai-enhanced-monitoring.ts[0m:[93m1351[0m:[93m9[0m - [91merror[0m[90m TS2345: [0mArgument of type 'string | undefined' is not assignable to parameter of type 'string'.
  Type 'undefined' is not assignable to type 'string'.

[7m1351[0m         alertData.title,
[7m    [0m [91m        ~~~~~~~~~~~~~~~[0m

[96msrc/lib/threat-detection/monitoring/ai-enhanced-monitoring.ts[0m:[93m1473[0m:[93m61[0m - [91merror[0m[90m TS7006: [0mParameter 's' implicitly has an 'any' type.

[7m1473[0m         if (cached && cached.length > 0) return cached.map((s) => JSON.parse(s))
[7m    [0m [91m                                                            ~[0m

[96msrc/lib/threat-detection/monitoring/ai-enhanced-monitoring.ts[0m:[93m1489[0m:[93m61[0m - [91merror[0m[90m TS7006: [0mParameter 's' implicitly has an 'any' type.

[7m1489[0m         if (cached && cached.length > 0) return cached.map((s) => JSON.parse(s))
[7m    [0m [91m                                                            ~[0m

[96msrc/lib/threat-detection/monitoring/ai-enhanced-monitoring.ts[0m:[93m1492[0m:[93m58[0m - [91merror[0m[90m TS2769: [0mNo overload matches this call.
  Overload 1 of 3, '(filter: Filter<Alert>, options?: (FindOptions & Abortable) | undefined): FindCursor<WithId<Alert>>', gave the following error.
    Type 'string' is not assignable to type 'Condition<"low" | "medium" | "high" | "critical"> | undefined'.
  Overload 2 of 3, '(filter: Filter<Alert>, options?: (FindOptions & Abortable) | undefined): FindCursor<Document>', gave the following error.
    Type 'string' is not assignable to type 'Condition<"low" | "medium" | "high" | "critical"> | undefined'.

[7m1492[0m       return await db.collection<Alert>('alerts').find({ severity }).toArray()
[7m    [0m [91m                                                         ~~~~~~~~[0m

  [96msrc/lib/threat-detection/monitoring/ai-enhanced-monitoring.ts[0m:[93m82[0m:[93m3[0m
    [7m82[0m   severity: 'low' | 'medium' | 'high' | 'critical'
    [7m  [0m [96m  ~~~~~~~~[0m
    The expected type comes from property 'severity' which is declared here on type 'Filter<Alert>'
  [96msrc/lib/threat-detection/monitoring/ai-enhanced-monitoring.ts[0m:[93m82[0m:[93m3[0m
    [7m82[0m   severity: 'low' | 'medium' | 'high' | 'critical'
    [7m  [0m [96m  ~~~~~~~~[0m
    The expected type comes from property 'severity' which is declared here on type 'Filter<Alert>'

[96msrc/lib/threat-detection/monitoring/ai-enhanced-monitoring.ts[0m:[93m1529[0m:[93m40[0m - [91merror[0m[90m TS7006: [0mParameter 's' implicitly has an 'any' type.

[7m1529[0m         if (cached) return cached.map((s) => JSON.parse(s))
[7m    [0m [91m                                       ~[0m

[96msrc/lib/threat-detection/monitoring/ai-enhanced-monitoring.ts[0m:[93m1541[0m:[93m7[0m - [91merror[0m[90m TS2741: [0mProperty 'recommendations' is missing in type '{ insights: AIInsight[]; }' but required in type '{ insights: AIInsight[]; recommendations: string[]; }'.

[7m1541[0m       return this.aiService.generateInsights(metrics)
[7m    [0m [91m      ~~~~~~[0m

  [96msrc/lib/threat-detection/monitoring/ai-enhanced-monitoring.ts[0m:[93m1539[0m:[93m39[0m
    [7m1539[0m   ): Promise<{ insights: AIInsight[]; recommendations: string[] }> {
    [7m    [0m [96m                                      ~~~~~~~~~~~~~~~[0m
    'recommendations' is declared here.

[96msrc/lib/threat-detection/monitoring/ai-enhanced-monitoring.ts[0m:[93m1546[0m:[93m9[0m - [91merror[0m[90m TS2739: [0mType '{ type: "anomaly"; description: string; severity: "high"; confidence: number; }' is missing the following properties from type 'AIInsight': insightId, title, dataPoints, recommendedActions, timestamp

[7m1546[0m         {
[7m    [0m [91m        ~[0m
[7m1547[0m           type: 'anomaly',
[7m    [0m [91m~~~~~~~~~~~~~~~~~~~~~~~~~~[0m
[7m ...[0m 
[7m1550[0m           confidence: 0.85,
[7m    [0m [91m~~~~~~~~~~~~~~~~~~~~~~~~~~~[0m
[7m1551[0m         },
[7m    [0m [91m~~~~~~~~~[0m

[96msrc/lib/threat-detection/monitoring/ai-enhanced-monitoring.ts[0m:[93m1600[0m:[93m18[0m - [91merror[0m[90m TS4111: [0mProperty 'insights' comes from an index signature, so it must be accessed with ['insights'].

[7m1600[0m           result.insights = aiResult.insights || []
[7m    [0m [91m                 ~~~~~~~~[0m

[96msrc/lib/threat-detection/monitoring/ai-enhanced-monitoring.ts[0m:[93m1604[0m:[93m16[0m - [91merror[0m[90m TS4111: [0mProperty 'errors' comes from an index signature, so it must be accessed with ['errors'].

[7m1604[0m         result.errors = [(error as Error).message]
[7m    [0m [91m               ~~~~~~[0m

[96msrc/lib/threat-detection/monitoring/ai-enhanced-monitoring.ts[0m:[93m1605[0m:[93m16[0m - [91merror[0m[90m TS4111: [0mProperty 'healthStatus' comes from an index signature, so it must be accessed with ['healthStatus'].

[7m1605[0m         result.healthStatus = 'degraded' // or unknown
[7m    [0m [91m               ~~~~~~~~~~~~[0m

[96msrc/lib/threat-detection/monitoring/ai-enhanced-monitoring.ts[0m:[93m1610[0m:[93m18[0m - [91merror[0m[90m TS4111: [0mProperty 'healthStatus' comes from an index signature, so it must be accessed with ['healthStatus'].

[7m1610[0m           result.healthStatus = 'unknown' // Match test expectation if any
[7m    [0m [91m                 ~~~~~~~~~~~~[0m

[96msrc/lib/threat-detection/monitoring/ai-enhanced-monitoring.ts[0m:[93m1662[0m:[93m15[0m - [91merror[0m[90m TS2484: [0mExport declaration conflicts with exported declaration of 'MonitoringConfig'.

[7m1662[0m export type { MonitoringConfig, SecurityMetrics, AIInsight, Alert }
[7m    [0m [91m              ~~~~~~~~~~~~~~~~[0m

[96msrc/lib/threat-detection/monitoring/ai-enhanced-monitoring.ts[0m:[93m1662[0m:[93m33[0m - [91merror[0m[90m TS2484: [0mExport declaration conflicts with exported declaration of 'SecurityMetrics'.

[7m1662[0m export type { MonitoringConfig, SecurityMetrics, AIInsight, Alert }
[7m    [0m [91m                                ~~~~~~~~~~~~~~~[0m

[96msrc/lib/threat-detection/monitoring/ai-enhanced-monitoring.ts[0m:[93m1662[0m:[93m50[0m - [91merror[0m[90m TS2484: [0mExport declaration conflicts with exported declaration of 'AIInsight'.

[7m1662[0m export type { MonitoringConfig, SecurityMetrics, AIInsight, Alert }
[7m    [0m [91m                                                 ~~~~~~~~~[0m

[96msrc/lib/threat-detection/monitoring/ai-enhanced-monitoring.ts[0m:[93m1662[0m:[93m61[0m - [91merror[0m[90m TS2484: [0mExport declaration conflicts with exported declaration of 'Alert'.

[7m1662[0m export type { MonitoringConfig, SecurityMetrics, AIInsight, Alert }
[7m    [0m [91m                                                            ~~~~~[0m

[96msrc/lib/threat-detection/monitoring/alert-utils.ts[0m:[93m165[0m:[93m29[0m - [91merror[0m[90m TS4111: [0mProperty 'total' comes from an index signature, so it must be accessed with ['total'].

[7m165[0m       total: parseInt(stats.total ?? '0', 10),
[7m   [0m [91m                            ~~~~~[0m

[96msrc/lib/threat-detection/monitoring/alert-utils.ts[0m:[93m166[0m:[93m30[0m - [91merror[0m[90m TS4111: [0mProperty 'active' comes from an index signature, so it must be accessed with ['active'].

[7m166[0m       active: parseInt(stats.active ?? '0', 10),
[7m   [0m [91m                             ~~~~~~[0m

[96msrc/lib/threat-detection/monitoring/alert-utils.ts[0m:[93m167[0m:[93m32[0m - [91merror[0m[90m TS4111: [0mProperty 'resolved' comes from an index signature, so it must be accessed with ['resolved'].

[7m167[0m       resolved: parseInt(stats.resolved ?? '0', 10),
[7m   [0m [91m                               ~~~~~~~~[0m

[96msrc/lib/threat-detection/monitoring/alert-utils.ts[0m:[93m169[0m:[93m34[0m - [91merror[0m[90m TS4111: [0mProperty 'critical' comes from an index signature, so it must be accessed with ['critical'].

[7m169[0m         critical: parseInt(stats.critical ?? '0', 10),
[7m   [0m [91m                                 ~~~~~~~~[0m

[96msrc/lib/threat-detection/monitoring/alert-utils.ts[0m:[93m170[0m:[93m30[0m - [91merror[0m[90m TS4111: [0mProperty 'high' comes from an index signature, so it must be accessed with ['high'].

[7m170[0m         high: parseInt(stats.high ?? '0', 10),
[7m   [0m [91m                             ~~~~[0m

[96msrc/lib/threat-detection/monitoring/alert-utils.ts[0m:[93m171[0m:[93m32[0m - [91merror[0m[90m TS4111: [0mProperty 'medium' comes from an index signature, so it must be accessed with ['medium'].

[7m171[0m         medium: parseInt(stats.medium ?? '0', 10),
[7m   [0m [91m                               ~~~~~~[0m

[96msrc/lib/threat-detection/monitoring/alert-utils.ts[0m:[93m172[0m:[93m29[0m - [91merror[0m[90m TS4111: [0mProperty 'low' comes from an index signature, so it must be accessed with ['low'].

[7m172[0m         low: parseInt(stats.low ?? '0', 10),
[7m   [0m [91m                            ~~~[0m

[96msrc/lib/threat-detection/monitoring/alert-utils.ts[0m:[93m175[0m:[93m39[0m - [91merror[0m[90m TS4111: [0mProperty 'rate_limiting' comes from an index signature, so it must be accessed with ['rate_limiting'].

[7m175[0m         rate_limiting: parseInt(stats.rate_limiting ?? '0', 10),
[7m   [0m [91m                                      ~~~~~~~~~~~~~[0m

[96msrc/lib/threat-detection/monitoring/alert-utils.ts[0m:[93m176[0m:[93m45[0m - [91merror[0m[90m TS4111: [0mProperty 'behavioral_analysis' comes from an index signature, so it must be accessed with ['behavioral_analysis'].

[7m176[0m         behavioral_analysis: parseInt(stats.behavioral_analysis ?? '0', 10),
[7m   [0m [91m                                            ~~~~~~~~~~~~~~~~~~~[0m

[96msrc/lib/threat-detection/monitoring/alert-utils.ts[0m:[93m177[0m:[93m45[0m - [91merror[0m[90m TS4111: [0mProperty 'threat_intelligence' comes from an index signature, so it must be accessed with ['threat_intelligence'].

[7m177[0m         threat_intelligence: parseInt(stats.threat_intelligence ?? '0', 10),
[7m   [0m [91m                                            ~~~~~~~~~~~~~~~~~~~[0m

[96msrc/lib/threat-detection/monitoring/alert-utils.ts[0m:[93m178[0m:[93m43[0m - [91merror[0m[90m TS4111: [0mProperty 'system_monitoring' comes from an index signature, so it must be accessed with ['system_monitoring'].

[7m178[0m         system_monitoring: parseInt(stats.system_monitoring ?? '0', 10),
[7m   [0m [91m                                          ~~~~~~~~~~~~~~~~~[0m

[96msrc/lib/threat-detection/monitoring/alert-utils.ts[0m:[93m180[0m:[93m41[0m - [91merror[0m[90m TS4111: [0mProperty 'avgResolutionTime' comes from an index signature, so it must be accessed with ['avgResolutionTime'].

[7m180[0m       avgResolutionTime: parseInt(stats.avgResolutionTime ?? '0', 10),
[7m   [0m [91m                                        ~~~~~~~~~~~~~~~~~[0m

[96msrc/lib/threat-detection/monitoring/alert-utils.ts[0m:[93m290[0m:[93m7[0m - [91merror[0m[90m TS18048: [0m'metrics.bySource.rate_limiting' is possibly 'undefined'.

[7m290[0m   if (metrics.bySource.rate_limiting > 10) {
[7m   [0m [91m      ~~~~~~~~~~~~~~~~~~~~~~~~~~~~~~[0m

[96msrc/lib/threat-detection/monitoring/alert-utils.ts[0m:[93m290[0m:[93m24[0m - [91merror[0m[90m TS4111: [0mProperty 'rate_limiting' comes from an index signature, so it must be accessed with ['rate_limiting'].

[7m290[0m   if (metrics.bySource.rate_limiting > 10) {
[7m   [0m [91m                       ~~~~~~~~~~~~~[0m

[96msrc/lib/threat-detection/monitoring/alert-utils.ts[0m:[93m296[0m:[93m7[0m - [91merror[0m[90m TS18048: [0m'metrics.bySource.behavioral_analysis' is possibly 'undefined'.

[7m296[0m   if (metrics.bySource.behavioral_analysis > 5) {
[7m   [0m [91m      ~~~~~~~~~~~~~~~~~~~~~~~~~~~~~~~~~~~~[0m

[96msrc/lib/threat-detection/monitoring/alert-utils.ts[0m:[93m296[0m:[93m24[0m - [91merror[0m[90m TS4111: [0mProperty 'behavioral_analysis' comes from an index signature, so it must be accessed with ['behavioral_analysis'].

[7m296[0m   if (metrics.bySource.behavioral_analysis > 5) {
[7m   [0m [91m                       ~~~~~~~~~~~~~~~~~~~[0m

[96msrc/lib/threat-detection/monitoring/metrics-utils.ts[0m:[93m92[0m:[93m5[0m - [91merror[0m[90m TS2322: [0mType 'number | undefined' is not assignable to type 'number'.
  Type 'undefined' is not assignable to type 'number'.

[7m92[0m     min,
[7m  [0m [91m    ~~~[0m

  [96msrc/lib/threat-detection/monitoring/metrics-utils.ts[0m:[93m19[0m:[93m3[0m
    [7m19[0m   min: number
    [7m  [0m [96m  ~~~[0m
    The expected type comes from property 'min' which is declared here on type 'MetricsSummary'

[96msrc/lib/threat-detection/monitoring/metrics-utils.ts[0m:[93m93[0m:[93m5[0m - [91merror[0m[90m TS2322: [0mType 'number | undefined' is not assignable to type 'number'.
  Type 'undefined' is not assignable to type 'number'.

[7m93[0m     max,
[7m  [0m [91m    ~~~[0m

  [96msrc/lib/threat-detection/monitoring/metrics-utils.ts[0m:[93m20[0m:[93m3[0m
    [7m20[0m   max: number
    [7m  [0m [96m  ~~~[0m
    The expected type comes from property 'max' which is declared here on type 'MetricsSummary'

[96msrc/lib/threat-detection/monitoring/metrics-utils.ts[0m:[93m110[0m:[93m3[0m - [91merror[0m[90m TS2322: [0mType 'number | undefined' is not assignable to type 'number'.
  Type 'undefined' is not assignable to type 'number'.

[7m110[0m   return sortedValues[Math.max(0, index)]
[7m   [0m [91m  ~~~~~~[0m

[96msrc/lib/threat-detection/monitoring/metrics-utils.ts[0m:[93m149[0m:[93m20[0m - [91merror[0m[90m TS2532: [0mObject is possibly 'undefined'.

[7m149[0m         isAnomaly: anomalyResults[index].isAnomaly,
[7m   [0m [91m                   ~~~~~~~~~~~~~~~~~~~~~[0m

[96msrc/lib/threat-detection/monitoring/metrics-utils.ts[0m:[93m150[0m:[93m21[0m - [91merror[0m[90m TS2532: [0mObject is possibly 'undefined'.

[7m150[0m         confidence: anomalyResults[index].confidence,
[7m   [0m [91m                    ~~~~~~~~~~~~~~~~~~~~~[0m

[96msrc/lib/threat-detection/monitoring/metrics-utils.ts[0m:[93m151[0m:[93m19[0m - [91merror[0m[90m TS2532: [0mObject is possibly 'undefined'.

[7m151[0m         severity: anomalyResults[index].severity as 'low' | 'medium' | 'high',
[7m   [0m [91m                  ~~~~~~~~~~~~~~~~~~~~~[0m

[96msrc/lib/threat-detection/monitoring/metrics-utils.ts[0m:[93m152[0m:[93m17[0m - [91merror[0m[90m TS2532: [0mObject is possibly 'undefined'.

[7m152[0m         reason: anomalyResults[index].isAnomaly
[7m   [0m [91m                ~~~~~~~~~~~~~~~~~~~~~[0m

[96msrc/lib/threat-detection/monitoring/metrics-utils.ts[0m:[93m203[0m:[93m37[0m - [91merror[0m[90m TS4111: [0mProperty 'cpu' comes from an index signature, so it must be accessed with ['cpu'].

[7m203[0m         cpu: parseFloat(metricsData.cpu ?? '0'),
[7m   [0m [91m                                    ~~~[0m

[96msrc/lib/threat-detection/monitoring/metrics-utils.ts[0m:[93m204[0m:[93m40[0m - [91merror[0m[90m TS4111: [0mProperty 'memory' comes from an index signature, so it must be accessed with ['memory'].

[7m204[0m         memory: parseFloat(metricsData.memory ?? '0'),
[7m   [0m [91m                                       ~~~~~~[0m

[96msrc/lib/threat-detection/monitoring/metrics-utils.ts[0m:[93m205[0m:[93m38[0m - [91merror[0m[90m TS4111: [0mProperty 'disk' comes from an index signature, so it must be accessed with ['disk'].

[7m205[0m         disk: parseFloat(metricsData.disk ?? '0'),
[7m   [0m [91m                                     ~~~~[0m

[96msrc/lib/threat-detection/monitoring/metrics-utils.ts[0m:[93m208[0m:[93m46[0m - [91merror[0m[90m TS4111: [0mProperty 'responseTime' comes from an index signature, so it must be accessed with ['responseTime'].

[7m208[0m         responseTime: parseFloat(metricsData.responseTime ?? '0'),
[7m   [0m [91m                                             ~~~~~~~~~~~~[0m

[96msrc/lib/threat-detection/monitoring/metrics-utils.ts[0m:[93m209[0m:[93m44[0m - [91merror[0m[90m TS4111: [0mProperty 'throughput' comes from an index signature, so it must be accessed with ['throughput'].

[7m209[0m         throughput: parseFloat(metricsData.throughput ?? '0'),
[7m   [0m [91m                                           ~~~~~~~~~~[0m

[96msrc/lib/threat-detection/monitoring/metrics-utils.ts[0m:[93m210[0m:[93m43[0m - [91merror[0m[90m TS4111: [0mProperty 'errorRate' comes from an index signature, so it must be accessed with ['errorRate'].

[7m210[0m         errorRate: parseFloat(metricsData.errorRate ?? '0'),
[7m   [0m [91m                                          ~~~~~~~~~[0m

[96msrc/lib/threat-detection/monitoring/metrics-utils.ts[0m:[93m213[0m:[93m43[0m - [91merror[0m[90m TS4111: [0mProperty 'connections' comes from an index signature, so it must be accessed with ['connections'].

[7m213[0m         connections: parseInt(metricsData.connections ?? '0', 10),
[7m   [0m [91m                                          ~~~~~~~~~~~[0m

[96msrc/lib/threat-detection/monitoring/metrics-utils.ts[0m:[93m214[0m:[93m43[0m - [91merror[0m[90m TS4111: [0mProperty 'queryTime' comes from an index signature, so it must be accessed with ['queryTime'].

[7m214[0m         queryTime: parseFloat(metricsData.queryTime ?? '0'),
[7m   [0m [91m                                          ~~~~~~~~~[0m

[96msrc/lib/threat-detection/monitoring/metrics-utils.ts[0m:[93m215[0m:[93m46[0m - [91merror[0m[90m TS4111: [0mProperty 'cacheHitRate' comes from an index signature, so it must be accessed with ['cacheHitRate'].

[7m215[0m         cacheHitRate: parseFloat(metricsData.cacheHitRate ?? '0'),
[7m   [0m [91m                                             ~~~~~~~~~~~~[0m

[96msrc/lib/threat-detection/predictive/predictive-threat-intelligence.ts[0m:[93m3[0m:[93m10[0m - [91merror[0m[90m TS6133: [0m'generateSecureId' is declared but its value is never read.

[7m3[0m function generateSecureId(prefix = ''): string {
[7m [0m [91m         ~~~~~~~~~~~~~~~~[0m

[96msrc/lib/threat-detection/predictive/predictive-threat-intelligence.ts[0m:[93m32[0m:[93m10[0m - [91merror[0m[90m TS2614: [0mModule '"ioredis"' has no exported member 'Redis'. Did you mean to use 'import Redis from "ioredis"' instead?

[7m32[0m import { Redis } from 'ioredis'
[7m  [0m [91m         ~~~~~[0m

[96msrc/lib/threat-detection/predictive/predictive-threat-intelligence.ts[0m:[93m199[0m:[93m11[0m - [91merror[0m[90m TS6133: [0m'riskAssessor' is declared but its value is never read.

[7m199[0m   private riskAssessor!: RiskAssessor
[7m   [0m [91m          ~~~~~~~~~~~~[0m

[96msrc/lib/threat-detection/predictive/predictive-threat-intelligence.ts[0m:[93m200[0m:[93m11[0m - [91merror[0m[90m TS6133: [0m'modelRegistry' is declared but its value is never read.

[7m200[0m   private modelRegistry!: ModelRegistry
[7m   [0m [91m          ~~~~~~~~~~~~~[0m

[96msrc/lib/threat-detection/predictive/predictive-threat-intelligence.ts[0m:[93m502[0m:[93m17[0m - [91merror[0m[90m TS6133: [0m'extractSeasonalPatternsFromComponents' is declared but its value is never read.

[7m502[0m   private async extractSeasonalPatternsFromComponents(
[7m   [0m [91m                ~~~~~~~~~~~~~~~~~~~~~~~~~~~~~~~~~~~~~[0m

[96msrc/lib/threat-detection/predictive/predictive-threat-intelligence.ts[0m:[93m1296[0m:[93m7[0m - [91merror[0m[90m TS2532: [0mObject is possibly 'undefined'.

[7m1296[0m       acc[threat.threatType].push(threat)
[7m    [0m [91m      ~~~~~~~~~~~~~~~~~~~~~~[0m

[96msrc/lib/threat-detection/predictive/predictive-threat-intelligence.ts[0m:[93m1437[0m:[93m32[0m - [91merror[0m[90m TS6138: [0mProperty '_mongoClient' is declared but its value is never read.

[7m1437[0m   constructor(private readonly _mongoClient: MongoClient) {}
[7m    [0m [91m                               ~~~~~~~~~~~~[0m

[96msrc/lib/threat-detection/predictive/predictive-threat-intelligence.ts[0m:[93m1757[0m:[93m32[0m - [91merror[0m[90m TS6138: [0mProperty 'config' is declared but its value is never read.

[7m1757[0m   constructor(private readonly config: NoveltyConfig) {
[7m    [0m [91m                               ~~~~~~[0m

[96msrc/lib/threat-detection/predictive/predictive-threat-intelligence.ts[0m:[93m1838[0m:[93m57[0m - [91merror[0m[90m TS4111: [0mProperty 'loss' comes from an index signature, so it must be accessed with ['loss'].

[7m1838[0m             console.log(`Epoch ${epoch}: loss = ${logs?.loss}`)
[7m    [0m [91m                                                        ~~~~[0m

[96msrc/lib/threat-detection/predictive/predictive-threat-intelligence.ts[0m:[93m1934[0m:[93m42[0m - [91merror[0m[90m TS2345: [0mArgument of type 'number | undefined' is not assignable to parameter of type 'number'.
  Type 'undefined' is not assignable to type 'number'.

[7m1934[0m           value: Math.max(0, Math.min(1, value)), // Clamp between 0 and 1
[7m    [0m [91m                                         ~~~~~[0m

[96msrc/lib/threat-detection/predictive/predictive-threat-intelligence.ts[0m:[93m1936[0m:[93m48[0m - [91merror[0m[90m TS2345: [0mArgument of type 'number | undefined' is not assignable to parameter of type 'number'.
  Type 'undefined' is not assignable to type 'number'.

[7m1936[0m           probability: Math.max(0, Math.min(1, value)),
[7m    [0m [91m                                               ~~~~~[0m

[96msrc/lib/threat-detection/predictive/predictive-threat-intelligence.ts[0m:[93m1952[0m:[93m32[0m - [91merror[0m[90m TS6138: [0mProperty 'config' is declared but its value is never read.

[7m1952[0m   constructor(private readonly config: PropagationConfig) {
[7m    [0m [91m                               ~~~~~~[0m

[96msrc/lib/threat-detection/response-orchestration.ts[0m:[93m10[0m:[93m10[0m - [91merror[0m[90m TS2614: [0mModule '"ioredis"' has no exported member 'Redis'. Did you mean to use 'import Redis from "ioredis"' instead?

[7m10[0m import { Redis } from 'ioredis'
[7m  [0m [91m         ~~~~~[0m

[96msrc/lib/threat-detection/response-orchestration.ts[0m:[93m124[0m:[93m40[0m - [91merror[0m[90m TS4111: [0mProperty 'REDIS_URL' comes from an index signature, so it must be accessed with ['REDIS_URL'].

[7m124[0m     this.redis = new Redis(process.env.REDIS_URL ?? 'redis://localhost:6379')
[7m   [0m [91m                                       ~~~~~~~~~[0m

[96msrc/lib/threat-detection/response-orchestration.ts[0m:[93m126[0m:[93m19[0m - [91merror[0m[90m TS4111: [0mProperty 'MONGODB_URI' comes from an index signature, so it must be accessed with ['MONGODB_URI'].

[7m126[0m       process.env.MONGODB_URI ?? 'mongodb://localhost:27017/threat_detection',
[7m   [0m [91m                  ~~~~~~~~~~~[0m

[96msrc/lib/threat-detection/response-orchestration.ts[0m:[93m382[0m:[93m41[0m - [91merror[0m[90m TS4111: [0mProperty 'patternMatches' comes from an index signature, so it must be accessed with ['patternMatches'].

[7m382[0m       patterns: (mlAnalysis.riskFactors.patternMatches as string[]) || [],
[7m   [0m [91m                                        ~~~~~~~~~~~~~~[0m

[96msrc/lib/threat-detection/response-orchestration.ts[0m:[93m398[0m:[93m34[0m - [91merror[0m[90m TS18048: [0m'strategies.critical' is possibly 'undefined'.

[7m398[0m       analysis.estimatedImpact > strategies.critical
[7m   [0m [91m                                 ~~~~~~~~~~~~~~~~~~~[0m

[96msrc/lib/threat-detection/response-orchestration.ts[0m:[93m398[0m:[93m45[0m - [91merror[0m[90m TS4111: [0mProperty 'critical' comes from an index signature, so it must be accessed with ['critical'].

[7m398[0m       analysis.estimatedImpact > strategies.critical
[7m   [0m [91m                                            ~~~~~~~~[0m

[96msrc/lib/threat-detection/response-orchestration.ts[0m:[93m404[0m:[93m34[0m - [91merror[0m[90m TS18048: [0m'strategies.high' is possibly 'undefined'.

[7m404[0m       analysis.estimatedImpact > strategies.high
[7m   [0m [91m                                 ~~~~~~~~~~~~~~~[0m

[96msrc/lib/threat-detection/response-orchestration.ts[0m:[93m404[0m:[93m45[0m - [91merror[0m[90m TS4111: [0mProperty 'high' comes from an index signature, so it must be accessed with ['high'].

[7m404[0m       analysis.estimatedImpact > strategies.high
[7m   [0m [91m                                            ~~~~[0m

[96msrc/lib/threat-detection/response-orchestration.ts[0m:[93m410[0m:[93m34[0m - [91merror[0m[90m TS18048: [0m'strategies.medium' is possibly 'undefined'.

[7m410[0m       analysis.estimatedImpact > strategies.medium
[7m   [0m [91m                                 ~~~~~~~~~~~~~~~~~[0m

[96msrc/lib/threat-detection/response-orchestration.ts[0m:[93m410[0m:[93m45[0m - [91merror[0m[90m TS4111: [0mProperty 'medium' comes from an index signature, so it must be accessed with ['medium'].

[7m410[0m       analysis.estimatedImpact > strategies.medium
[7m   [0m [91m                                            ~~~~~~[0m

[96msrc/lib/threat-detection/response-orchestration.ts[0m:[93m465[0m:[93m44[0m - [91merror[0m[90m TS4111: [0mProperty 'ip' comes from an index signature, so it must be accessed with ['ip'].

[7m465[0m             sourceIp: analysis.riskFactors.ip,
[7m   [0m [91m                                           ~~[0m

[96msrc/lib/threat-detection/response-orchestration.ts[0m:[93m480[0m:[93m42[0m - [91merror[0m[90m TS4111: [0mProperty 'userId' comes from an index signature, so it must be accessed with ['userId'].

[7m480[0m             userId: analysis.riskFactors.userId,
[7m   [0m [91m                                         ~~~~~~[0m

[96msrc/lib/threat-detection/response-orchestration.ts[0m:[93m552[0m:[93m40[0m - [91merror[0m[90m TS4111: [0mProperty 'userId' comes from an index signature, so it must be accessed with ['userId'].

[7m552[0m           userId: analysis.riskFactors.userId,
[7m   [0m [91m                                       ~~~~~~[0m

[96msrc/lib/threat-detection/response-orchestration.ts[0m:[93m648[0m:[93m29[0m - [91merror[0m[90m TS4111: [0mProperty 'userId' comes from an index signature, so it must be accessed with ['userId'].

[7m648[0m           action.parameters.userId as string,
[7m   [0m [91m                            ~~~~~~[0m

[96msrc/lib/threat-detection/response-orchestration.ts[0m:[93m649[0m:[93m29[0m - [91merror[0m[90m TS4111: [0mProperty 'limit' comes from an index signature, so it must be accessed with ['limit'].

[7m649[0m           action.parameters.limit as number,
[7m   [0m [91m                            ~~~~~[0m

[96msrc/lib/threat-detection/response-orchestration.ts[0m:[93m650[0m:[93m29[0m - [91merror[0m[90m TS4111: [0mProperty 'windowMs' comes from an index signature, so it must be accessed with ['windowMs'].

[7m650[0m           action.parameters.windowMs as number,
[7m   [0m [91m                            ~~~~~~~~[0m

[96msrc/lib/threat-detection/response-orchestration.ts[0m:[93m891[0m:[93m32[0m - [91merror[0m[90m TS6138: [0mProperty 'config' is declared but its value is never read.

[7m891[0m   constructor(private readonly config: OrchestrationConfig) {
[7m   [0m [91m                               ~~~~~~[0m

[96msrc/lib/threat-detection/response-orchestration.ts[0m:[93m1067[0m:[93m18[0m - [91merror[0m[90m TS2532: [0mObject is possibly 'undefined'.

[7m1067[0m       riskScore: result[0] * 0.3 + result[1] * 0.6 + result[2] * 0.9, // Weighted average
[7m    [0m [91m                 ~~~~~~~~~[0m

[96msrc/lib/threat-detection/response-orchestration.ts[0m:[93m1067[0m:[93m36[0m - [91merror[0m[90m TS2532: [0mObject is possibly 'undefined'.

[7m1067[0m       riskScore: result[0] * 0.3 + result[1] * 0.6 + result[2] * 0.9, // Weighted average
[7m    [0m [91m                                   ~~~~~~~~~[0m

[96msrc/lib/threat-detection/response-orchestration.ts[0m:[93m1067[0m:[93m54[0m - [91merror[0m[90m TS2532: [0mObject is possibly 'undefined'.

[7m1067[0m       riskScore: result[0] * 0.3 + result[1] * 0.6 + result[2] * 0.9, // Weighted average
[7m    [0m [91m                                                     ~~~~~~~~~[0m

[96msrc/lib/threat-detection/threat-hunting/__tests__/threat-hunting.test.ts[0m:[93m101[0m:[93m5[0m - [91merror[0m[90m TS2322: [0mType 'Mock<(key: string, value: string) => Promise<string>>' is not assignable to type '(key: string, value: string, mode?: string | undefined, duration?: number | undefined) => Promise<"OK" | null>'.
  Type 'Promise<string>' is not assignable to type 'Promise<"OK" | null>'.
    Type 'string' is not assignable to type '"OK"'.

[7m101[0m     set: vi.fn(async (key: string, value: string) => {
[7m   [0m [91m    ~~~[0m

  [96msrc/lib/threat-detection/threat-hunting/types.ts[0m:[93m47[0m:[93m3[0m
    [7m 47[0m   set(
    [7m   [0m [96m  ~~~~[0m
    [7m 48[0m     key: string,
    [7m   [0m [96m~~~~~~~~~~~~~~~~[0m
    [7m...[0m 
    [7m 51[0m     duration?: number,
    [7m   [0m [96m~~~~~~~~~~~~~~~~~~~~~~[0m
    [7m 52[0m   ): Promise<'OK' | null>
    [7m   [0m [96m~~~~~~~~~~~~~~~~~~~~~~~~~[0m
    The expected type comes from property 'set' which is declared here on type 'IRedisClient'

[96msrc/lib/threat-detection/threat-hunting/__tests__/threat-hunting.test.ts[0m:[93m115[0m:[93m5[0m - [91merror[0m[90m TS2322: [0mType 'Mock<() => Promise<(string | never[])[]>>' is not assignable to type '(cursor: string, ...args: any[]) => Promise<[string, string[]]>'.
  Type 'Promise<(string | never[])[]>' is not assignable to type 'Promise<[string, string[]]>'.
    Type '(string | never[])[]' is not assignable to type '[string, string[]]'.
      Target requires 2 element(s) but source may have fewer.

[7m115[0m     scan: vi.fn(async () => ['0', []]),
[7m   [0m [91m    ~~~~[0m

  [96msrc/lib/threat-detection/threat-hunting/types.ts[0m:[93m56[0m:[93m3[0m
    [7m56[0m   scan(cursor: string, ...args: any[]): Promise<[string, string[]]>
    [7m  [0m [96m  ~~~~~~~~~~~~~~~~~~~~~~~~~~~~~~~~~~~~~~~~~~~~~~~~~~~~~~~~~~~~~~~~~[0m
    The expected type comes from property 'scan' which is declared here on type 'IRedisClient'

[96msrc/lib/threat-detection/threat-hunting/__tests__/threat-hunting.test.ts[0m:[93m131[0m:[93m5[0m - [91merror[0m[90m TS2322: [0mType 'Mock<() => Promise<string>>' is not assignable to type '() => Promise<"OK">'.
  Type 'Promise<string>' is not assignable to type 'Promise<"OK">'.
    Type 'string' is not assignable to type '"OK"'.

[7m131[0m     quit: vi.fn(async () => 'OK'),
[7m   [0m [91m    ~~~~[0m

  [96msrc/lib/threat-detection/threat-hunting/types.ts[0m:[93m60[0m:[93m3[0m
    [7m60[0m   quit(): Promise<'OK'>
    [7m  [0m [96m  ~~~~~~~~~~~~~~~~~~~~~[0m
    The expected type comes from property 'quit' which is declared here on type 'IRedisClient'

[96msrc/lib/threat-detection/threat-hunting/investigation-utils.ts[0m:[93m140[0m:[93m12[0m - [91merror[0m[90m TS4111: [0mProperty 'timeline' comes from an index signature, so it must be accessed with ['timeline'].

[7m140[0m     report.timeline = Array.isArray(tl) ? tl : []
[7m   [0m [91m           ~~~~~~~~[0m

[96msrc/lib/threat-detection/threat-hunting/investigation-utils.ts[0m:[93m144[0m:[93m12[0m - [91merror[0m[90m TS4111: [0mProperty 'evidence' comes from an index signature, so it must be accessed with ['evidence'].

[7m144[0m     report.evidence = Array.isArray(ev) ? ev : []
[7m   [0m [91m           ~~~~~~~~[0m

[96msrc/lib/threat-detection/threat-hunting/investigation-utils.ts[0m:[93m156[0m:[93m12[0m - [91merror[0m[90m TS4111: [0mProperty 'recommendations' comes from an index signature, so it must be accessed with ['recommendations'].

[7m156[0m     report.recommendations = recommendations
[7m   [0m [91m           ~~~~~~~~~~~~~~~[0m

[96msrc/lib/threat-detection/threat-hunting/threat-hunting-service.ts[0m:[93m39[0m:[93m22[0m - [91merror[0m[90m TS6138: [0mProperty 'aiService' is declared but its value is never read.

[7m39[0m     private readonly aiService: any,
[7m  [0m [91m                     ~~~~~~~~~[0m

[96msrc/lib/threat-detection/threat-hunting/threat-investigation-manager.ts[0m:[93m6[0m:[93m50[0m - [91merror[0m[90m TS6133: [0m'HuntFinding' is declared but its value is never read.

[7m6[0m import { Investigation, InvestigationStepResult, HuntFinding } from './types'
[7m [0m [91m                                                 ~~~~~~~~~~~[0m

[96msrc/lib/threat-detection/threat-hunting/threat-investigation-manager.ts[0m:[93m98[0m:[93m22[0m - [91merror[0m[90m TS4111: [0mProperty 'userId' comes from an index signature, so it must be accessed with ['userId'].

[7m98[0m               params.userId ??
[7m  [0m [91m                     ~~~~~~[0m

[96msrc/lib/threat-detection/threat-hunting/threat-investigation-manager.ts[0m:[93m99[0m:[93m22[0m - [91merror[0m[90m TS4111: [0mProperty 'user_id' comes from an index signature, so it must be accessed with ['user_id'].

[7m99[0m               params.user_id ??
[7m  [0m [91m                     ~~~~~~~[0m

[96msrc/lib/threat-detection/threat-hunting/threat-investigation-manager.ts[0m:[93m104[0m:[93m22[0m - [91merror[0m[90m TS4111: [0mProperty 'timeframe' comes from an index signature, so it must be accessed with ['timeframe'].

[7m104[0m               params.timeframe ?? this.formatTimeframe(params.timeWindow)
[7m   [0m [91m                     ~~~~~~~~~[0m

[96msrc/lib/threat-detection/threat-hunting/threat-investigation-manager.ts[0m:[93m104[0m:[93m56[0m - [91merror[0m[90m TS2345: [0mArgument of type 'unknown' is not assignable to parameter of type 'number | undefined'.

[7m104[0m               params.timeframe ?? this.formatTimeframe(params.timeWindow)
[7m   [0m [91m                                                       ~~~~~~~~~~~~~~~~~[0m

[96msrc/lib/threat-detection/threat-hunting/threat-investigation-manager.ts[0m:[93m104[0m:[93m63[0m - [91merror[0m[90m TS4111: [0mProperty 'timeWindow' comes from an index signature, so it must be accessed with ['timeWindow'].

[7m104[0m               params.timeframe ?? this.formatTimeframe(params.timeWindow)
[7m   [0m [91m                                                              ~~~~~~~~~~[0m

[96msrc/lib/threat-detection/threat-hunting/threat-investigation-manager.ts[0m:[93m114[0m:[93m70[0m - [91merror[0m[90m TS4111: [0mProperty 'indicator' comes from an index signature, so it must be accessed with ['indicator'].

[7m114[0m             const intel = await this.aiService.getThreatIntel(params.indicator)
[7m   [0m [91m                                                                     ~~~~~~~~~[0m

[96msrc/lib/threat-detection/threat-hunting/threat-ml-inference-manager.ts[0m:[93m8[0m:[93m22[0m - [91merror[0m[90m TS6138: [0mProperty 'redis' is declared but its value is never read.

[7m8[0m     private readonly redis: IRedisClient,
[7m [0m [91m                     ~~~~~[0m

[96msrc/lib/threat-detection/threat-hunting/threat-query-provider.ts[0m:[93m21[0m:[93m22[0m - [91merror[0m[90m TS6138: [0mProperty 'mongoClient' is declared but its value is never read.

[7m21[0m     private readonly mongoClient: IMongoClient,
[7m  [0m [91m                     ~~~~~~~~~~~[0m

[96msrc/lib/threat-detection/threat-hunting/threat-query-provider.ts[0m:[93m49[0m:[93m33[0m - [91merror[0m[90m TS4111: [0mProperty 'patternMatch' comes from an index signature, so it must be accessed with ['patternMatch'].

[7m49[0m       const rawPattern = (query.patternMatch as string) || 'rate_limit:*'
[7m  [0m [91m                                ~~~~~~~~~~~~[0m

[96msrc/lib/threat-detection/threat-hunting/threat-query-provider.ts[0m:[93m55[0m:[93m17[0m - [91merror[0m[90m TS4111: [0mProperty 'patternMatch' comes from an index signature, so it must be accessed with ['patternMatch'].

[7m55[0m       if (query.patternMatch || query.scanEnabled) {
[7m  [0m [91m                ~~~~~~~~~~~~[0m

[96msrc/lib/threat-detection/threat-hunting/threat-query-provider.ts[0m:[93m55[0m:[93m39[0m - [91merror[0m[90m TS4111: [0mProperty 'scanEnabled' comes from an index signature, so it must be accessed with ['scanEnabled'].

[7m55[0m       if (query.patternMatch || query.scanEnabled) {
[7m  [0m [91m                                      ~~~~~~~~~~~[0m

[96msrc/lib/threat-detection/threat-hunting/threat-query-provider.ts[0m:[93m56[0m:[93m16[0m - [91merror[0m[90m TS6133: [0m'nextCursor' is declared but its value is never read.

[7m56[0m         const [nextCursor, keys] = await this.redis.scan(
[7m  [0m [91m               ~~~~~~~~~~[0m

[96msrc/lib/threat-detection/threat-hunting/threat-query-provider.ts[0m:[93m112[0m:[93m19[0m - [91merror[0m[90m TS4111: [0mProperty 'pagination' comes from an index signature, so it must be accessed with ['pagination'].

[7m112[0m       (searchData.pagination as { page?: number; limit?: number }) || {}
[7m   [0m [91m                  ~~~~~~~~~~[0m

[96msrc/lib/threat-detection/threat-hunting/threat-query-provider.ts[0m:[93m117[0m:[93m36[0m - [91merror[0m[90m TS4111: [0mProperty 'patternMatch' comes from an index signature, so it must be accessed with ['patternMatch'].

[7m117[0m     const rawPattern = (searchData.patternMatch as string) || '*'
[7m   [0m [91m                                   ~~~~~~~~~~~~[0m

[96msrc/lib/threat-detection/threat-hunting/types.ts[0m:[93m1[0m:[93m1[0m - [91merror[0m[90m TS6133: [0m'EventEmitter' is declared but its value is never read.

[7m1[0m import { EventEmitter } from 'events'
[7m [0m [91m~~~~~~~~~~~~~~~~~~~~~~~~~~~~~~~~~~~~~[0m

[96msrc/lib/threat-detection/threat-hunting/utils/threat-data-utils.ts[0m:[93m120[0m:[93m26[0m - [91merror[0m[90m TS2532: [0mObject is possibly 'undefined'.

[7m120[0m   const first = new Date(threats[0].timestamp).getTime()
[7m   [0m [91m                         ~~~~~~~~~~[0m

[96msrc/lib/threat-detection/threat-hunting/utils/threat-data-utils.ts[0m:[93m121[0m:[93m25[0m - [91merror[0m[90m TS2532: [0mObject is possibly 'undefined'.

[7m121[0m   const last = new Date(threats[threats.length - 1].timestamp).getTime()
[7m   [0m [91m                        ~~~~~~~~~~~~~~~~~~~~~~~~~~~[0m

[96msrc/lib/threat-intelligence/config/ThreatIntelligenceConfig.ts[0m:[93m6[0m:[93m10[0m - [91merror[0m[90m TS2614: [0mModule '"ioredis"' has no exported member 'Redis'. Did you mean to use 'import Redis from "ioredis"' instead?

[7m6[0m import { Redis } from 'ioredis'
[7m [0m [91m         ~~~~~[0m

[96msrc/lib/threat-intelligence/config/ThreatIntelligenceConfig.ts[0m:[93m646[0m:[93m21[0m - [91merror[0m[90m TS4111: [0mProperty 'MONGODB_URI' comes from an index signature, so it must be accessed with ['MONGODB_URI'].

[7m646[0m         process.env.MONGODB_URI ??
[7m   [0m [91m                    ~~~~~~~~~~~[0m

[96msrc/lib/threat-intelligence/config/ThreatIntelligenceConfig.ts[0m:[93m687[0m:[93m24[0m - [91merror[0m[90m TS4111: [0mProperty 'REDIS_URL' comes from an index signature, so it must be accessed with ['REDIS_URL'].

[7m687[0m       url: process.env.REDIS_URL ?? 'redis://localhost:6379',
[7m   [0m [91m                       ~~~~~~~~~[0m

[96msrc/lib/threat-intelligence/config/ThreatIntelligenceConfig.ts[0m:[93m689[0m:[93m27[0m - [91merror[0m[90m TS4111: [0mProperty 'REDIS_URL' comes from an index signature, so it must be accessed with ['REDIS_URL'].

[7m689[0m       nodes: [process.env.REDIS_URL ?? 'redis://localhost:6379'],
[7m   [0m [91m                          ~~~~~~~~~[0m

[96msrc/lib/threat-intelligence/config/ThreatIntelligenceConfig.ts[0m:[93m754[0m:[93m44[0m - [91merror[0m[90m TS4111: [0mProperty 'FIREWALL_API_KEY' comes from an index signature, so it must be accessed with ['FIREWALL_API_KEY'].

[7m754[0m         credentials: { apiKey: process.env.FIREWALL_API_KEY ?? '' },
[7m   [0m [91m                                           ~~~~~~~~~~~~~~~~[0m

[96msrc/lib/threat-intelligence/config/ThreatIntelligenceConfig.ts[0m:[93m1116[0m:[93m16[0m - [91merror[0m[90m TS2304: [0mCannot find name 'Db'.

[7m1116[0m   private db!: Db
[7m    [0m [91m               ~~[0m

[96msrc/lib/threat-intelligence/config/ThreatIntelligenceConfig.ts[0m:[93m1151[0m:[93m42[0m - [91merror[0m[90m TS4111: [0mProperty 'REDIS_URL' comes from an index signature, so it must be accessed with ['REDIS_URL'].

[7m1151[0m       this.redis = new Redis(process.env.REDIS_URL ?? 'redis://localhost:6379')
[7m    [0m [91m                                         ~~~~~~~~~[0m

[96msrc/lib/threat-intelligence/config/ThreatIntelligenceConfig.ts[0m:[93m1163[0m:[93m21[0m - [91merror[0m[90m TS4111: [0mProperty 'MONGODB_URI' comes from an index signature, so it must be accessed with ['MONGODB_URI'].

[7m1163[0m         process.env.MONGODB_URI ??
[7m    [0m [91m                    ~~~~~~~~~~~[0m

[96msrc/lib/threat-intelligence/config/ThreatIntelligenceConfig.ts[0m:[93m1363[0m:[93m7[0m - [91merror[0m[90m TS2322: [0mType '{ regionId?: string | undefined; regionName?: string | undefined; location?: string | undefined; timezone?: string | undefined; primary?: boolean | undefined; failover?: boolean | undefined; dataCenters?: string[] | undefined; networkConfig?: NetworkConfig | undefined; compliance?: ComplianceConfig | undefined; }' is not assignable to type 'RegionConfig'.
  Types of property 'regionId' are incompatible.
    Type 'string | undefined' is not assignable to type 'string'.
      Type 'undefined' is not assignable to type 'string'.

[7m1363[0m       this.config.regions[regionIndex] = {
[7m    [0m [91m      ~~~~~~~~~~~~~~~~~~~~~~~~~~~~~~~~[0m

[96msrc/lib/threat-intelligence/config/ThreatIntelligenceConfig.ts[0m:[93m1416[0m:[93m11[0m - [91merror[0m[90m TS2532: [0mObject is possibly 'undefined'.

[7m1416[0m       if (this.config.regions[regionIndex].primary) {
[7m    [0m [91m          ~~~~~~~~~~~~~~~~~~~~~~~~~~~~~~~~[0m

[96msrc/lib/threat-intelligence/correlation/ThreatCorrelationEngine.ts[0m:[93m9[0m:[93m10[0m - [91merror[0m[90m TS2614: [0mModule '"ioredis"' has no exported member 'Redis'. Did you mean to use 'import Redis from "ioredis"' instead?

[7m9[0m import { Redis } from 'ioredis'
[7m [0m [91m         ~~~~~[0m

[96msrc/lib/threat-intelligence/correlation/ThreatCorrelationEngine.ts[0m:[93m126[0m:[93m42[0m - [91merror[0m[90m TS4111: [0mProperty 'REDIS_URL' comes from an index signature, so it must be accessed with ['REDIS_URL'].

[7m126[0m       this.redis = new Redis(process.env.REDIS_URL ?? 'redis://localhost:6379')
[7m   [0m [91m                                         ~~~~~~~~~[0m

[96msrc/lib/threat-intelligence/correlation/ThreatCorrelationEngine.ts[0m:[93m138[0m:[93m21[0m - [91merror[0m[90m TS4111: [0mProperty 'MONGODB_URI' comes from an index signature, so it must be accessed with ['MONGODB_URI'].

[7m138[0m         process.env.MONGODB_URI ??
[7m   [0m [91m                    ~~~~~~~~~~~[0m

[96msrc/lib/threat-intelligence/correlation/ThreatCorrelationEngine.ts[0m:[93m202[0m:[93m46[0m - [91merror[0m[90m TS4111: [0mProperty 'patternId' comes from an index signature, so it must be accessed with ['patternId'].

[7m202[0m         this.correlationPatterns.set(pattern.patternId, pattern)
[7m   [0m [91m                                             ~~~~~~~~~[0m

[96msrc/lib/threat-intelligence/correlation/ThreatCorrelationEngine.ts[0m:[93m202[0m:[93m57[0m - [91merror[0m[90m TS2345: [0mArgument of type 'WithId<Document>' is not assignable to parameter of type 'CorrelationPattern'.
  Type 'WithId<Document>' is missing the following properties from type 'CorrelationPattern': patternId, patternType, description, confidence, and 6 more.

[7m202[0m         this.correlationPatterns.set(pattern.patternId, pattern)
[7m   [0m [91m                                                        ~~~~~~~[0m

[96msrc/lib/threat-intelligence/correlation/ThreatCorrelationEngine.ts[0m:[93m302[0m:[93m13[0m - [91merror[0m[90m TS2345: [0mArgument of type 'GlobalThreatIntelligence | undefined' is not assignable to parameter of type 'GlobalThreatIntelligence'.
  Type 'undefined' is not assignable to type 'GlobalThreatIntelligence'.

[7m302[0m             threats[i],
[7m   [0m [91m            ~~~~~~~~~~[0m

[96msrc/lib/threat-intelligence/correlation/ThreatCorrelationEngine.ts[0m:[93m487[0m:[93m7[0m - [91merror[0m[90m TS2532: [0mObject is possibly 'undefined'.

[7m487[0m       matrix[0][j] = j
[7m   [0m [91m      ~~~~~~~~~[0m

[96msrc/lib/threat-intelligence/correlation/ThreatCorrelationEngine.ts[0m:[93m493[0m:[93m11[0m - [91merror[0m[90m TS2532: [0mObject is possibly 'undefined'.

[7m493[0m           matrix[i][j] = matrix[i - 1][j - 1]
[7m   [0m [91m          ~~~~~~~~~[0m

[96msrc/lib/threat-intelligence/correlation/ThreatCorrelationEngine.ts[0m:[93m493[0m:[93m11[0m - [91merror[0m[90m TS2322: [0mType 'number | undefined' is not assignable to type 'number'.
  Type 'undefined' is not assignable to type 'number'.

[7m493[0m           matrix[i][j] = matrix[i - 1][j - 1]
[7m   [0m [91m          ~~~~~~~~~~~~[0m

[96msrc/lib/threat-intelligence/correlation/ThreatCorrelationEngine.ts[0m:[93m493[0m:[93m26[0m - [91merror[0m[90m TS2532: [0mObject is possibly 'undefined'.

[7m493[0m           matrix[i][j] = matrix[i - 1][j - 1]
[7m   [0m [91m                         ~~~~~~~~~~~~~[0m

[96msrc/lib/threat-intelligence/correlation/ThreatCorrelationEngine.ts[0m:[93m495[0m:[93m11[0m - [91merror[0m[90m TS2532: [0mObject is possibly 'undefined'.

[7m495[0m           matrix[i][j] = Math.min(
[7m   [0m [91m          ~~~~~~~~~[0m

[96msrc/lib/threat-intelligence/correlation/ThreatCorrelationEngine.ts[0m:[93m496[0m:[93m13[0m - [91merror[0m[90m TS2532: [0mObject is possibly 'undefined'.

[7m496[0m             matrix[i - 1][j - 1] + 1,
[7m   [0m [91m            ~~~~~~~~~~~~~[0m

[96msrc/lib/threat-intelligence/correlation/ThreatCorrelationEngine.ts[0m:[93m496[0m:[93m13[0m - [91merror[0m[90m TS2532: [0mObject is possibly 'undefined'.

[7m496[0m             matrix[i - 1][j - 1] + 1,
[7m   [0m [91m            ~~~~~~~~~~~~~~~~~~~~[0m

[96msrc/lib/threat-intelligence/correlation/ThreatCorrelationEngine.ts[0m:[93m497[0m:[93m13[0m - [91merror[0m[90m TS2532: [0mObject is possibly 'undefined'.

[7m497[0m             matrix[i][j - 1] + 1,
[7m   [0m [91m            ~~~~~~~~~[0m

[96msrc/lib/threat-intelligence/correlation/ThreatCorrelationEngine.ts[0m:[93m497[0m:[93m13[0m - [91merror[0m[90m TS2532: [0mObject is possibly 'undefined'.

[7m497[0m             matrix[i][j - 1] + 1,
[7m   [0m [91m            ~~~~~~~~~~~~~~~~[0m

[96msrc/lib/threat-intelligence/correlation/ThreatCorrelationEngine.ts[0m:[93m498[0m:[93m13[0m - [91merror[0m[90m TS2532: [0mObject is possibly 'undefined'.

[7m498[0m             matrix[i - 1][j] + 1,
[7m   [0m [91m            ~~~~~~~~~~~~~[0m

[96msrc/lib/threat-intelligence/correlation/ThreatCorrelationEngine.ts[0m:[93m498[0m:[93m13[0m - [91merror[0m[90m TS2532: [0mObject is possibly 'undefined'.

[7m498[0m             matrix[i - 1][j] + 1,
[7m   [0m [91m            ~~~~~~~~~~~~~~~~[0m

[96msrc/lib/threat-intelligence/correlation/ThreatCorrelationEngine.ts[0m:[93m504[0m:[93m5[0m - [91merror[0m[90m TS2322: [0mType 'number | undefined' is not assignable to type 'number'.
  Type 'undefined' is not assignable to type 'number'.

[7m504[0m     return matrix[str2.length][str1.length]
[7m   [0m [91m    ~~~~~~[0m

[96msrc/lib/threat-intelligence/correlation/ThreatCorrelationEngine.ts[0m:[93m504[0m:[93m12[0m - [91merror[0m[90m TS2532: [0mObject is possibly 'undefined'.

[7m504[0m     return matrix[str2.length][str1.length]
[7m   [0m [91m           ~~~~~~~~~~~~~~~~~~~[0m

[96msrc/lib/threat-intelligence/correlation/ThreatCorrelationEngine.ts[0m:[93m509[0m:[93m20[0m - [91merror[0m[90m TS7053: [0mElement implicitly has an 'any' type because expression of type 'string' can't be used to index type '{ low: number; medium: number; high: number; critical: number; }'.
  No index signature with a parameter of type 'string' was found on type '{ low: number; medium: number; high: number; critical: number; }'.

[7m509[0m     const score1 = severityOrder[severity1] ?? 1
[7m   [0m [91m                   ~~~~~~~~~~~~~~~~~~~~~~~~[0m

[96msrc/lib/threat-intelligence/correlation/ThreatCorrelationEngine.ts[0m:[93m510[0m:[93m20[0m - [91merror[0m[90m TS7053: [0mElement implicitly has an 'any' type because expression of type 'string' can't be used to index type '{ low: number; medium: number; high: number; critical: number; }'.
  No index signature with a parameter of type 'string' was found on type '{ low: number; medium: number; high: number; critical: number; }'.

[7m510[0m     const score2 = severityOrder[severity2] ?? 1
[7m   [0m [91m                   ~~~~~~~~~~~~~~~~~~~~~~~~[0m

[96msrc/lib/threat-intelligence/correlation/ThreatCorrelationEngine.ts[0m:[93m682[0m:[93m5[0m - [91merror[0m[90m TS2322: [0mType 'string | boolean | undefined' is not assignable to type 'boolean'.
  Type 'undefined' is not assignable to type 'boolean'.

[7m682[0m     return (
[7m   [0m [91m    ~~~~~~[0m

[96msrc/lib/threat-intelligence/correlation/ThreatCorrelationEngine.ts[0m:[93m762[0m:[93m7[0m - [91merror[0m[90m TS2322: [0mType 'WithId<Document>[]' is not assignable to type 'GlobalThreatIntelligence[]'.
  Type 'WithId<Document>' is missing the following properties from type 'GlobalThreatIntelligence': intelligenceId, threatId, threatType, regions, and 8 more.

[7m762[0m       return similarThreats
[7m   [0m [91m      ~~~~~~[0m

[96msrc/lib/threat-intelligence/correlation/ThreatCorrelationEngine.ts[0m:[93m869[0m:[93m9[0m - [91merror[0m[90m TS2345: [0mArgument of type '{ indicatorType: string; value: string; }[]' is not assignable to parameter of type 'ThreatIndicator[]'.
  Type '{ indicatorType: string; value: string; }' is missing the following properties from type 'ThreatIndicator': confidence, firstSeen, lastSeen

[7m869[0m         dataIndicators,
[7m   [0m [91m        ~~~~~~~~~~~~~~[0m

[96msrc/lib/threat-intelligence/correlation/ThreatCorrelationEngine.ts[0m:[93m979[0m:[93m44[0m - [91merror[0m[90m TS4111: [0mProperty 'regions' comes from an index signature, so it must be accessed with ['regions'].

[7m979[0m             { regions: { $in: targetThreat.regions } },
[7m   [0m [91m                                           ~~~~~~~[0m

[96msrc/lib/threat-intelligence/correlation/ThreatCorrelationEngine.ts[0m:[93m980[0m:[93m38[0m - [91merror[0m[90m TS4111: [0mProperty 'severity' comes from an index signature, so it must be accessed with ['severity'].

[7m980[0m             { severity: targetThreat.severity },
[7m   [0m [91m                                     ~~~~~~~~[0m

[96msrc/lib/threat-intelligence/correlation/ThreatCorrelationEngine.ts[0m:[93m983[0m:[93m35[0m - [91merror[0m[90m TS4111: [0mProperty 'indicators' comes from an index signature, so it must be accessed with ['indicators'].

[7m983[0m                 $in: targetThreat.indicators.map(
[7m   [0m [91m                                  ~~~~~~~~~~[0m

[96msrc/lib/threat-intelligence/correlation/ThreatCorrelationEngine.ts[0m:[93m998[0m:[93m11[0m - [91merror[0m[90m TS2345: [0mArgument of type 'WithId<Document>' is not assignable to parameter of type 'GlobalThreatIntelligence'.
  Type 'WithId<Document>' is missing the following properties from type 'GlobalThreatIntelligence': intelligenceId, threatId, threatType, regions, and 8 more.

[7m998[0m           targetThreat,
[7m   [0m [91m          ~~~~~~~~~~~~[0m

[96msrc/lib/threat-intelligence/correlation/ThreatCorrelationEngine.ts[0m:[93m1004[0m:[93m33[0m - [91merror[0m[90m TS4111: [0mProperty 'threatId' comes from an index signature, so it must be accessed with ['threatId'].

[7m1004[0m             threatId: candidate.threatId,
[7m    [0m [91m                                ~~~~~~~~[0m

[96msrc/lib/threat-intelligence/correlation/ThreatCorrelationEngine.ts[0m:[93m1007[0m:[93m28[0m - [91merror[0m[90m TS4111: [0mProperty 'indicators' comes from an index signature, so it must be accessed with ['indicators'].

[7m1007[0m               targetThreat.indicators,
[7m    [0m [91m                           ~~~~~~~~~~[0m

[96msrc/lib/threat-intelligence/correlation/ThreatCorrelationEngine.ts[0m:[93m1008[0m:[93m25[0m - [91merror[0m[90m TS4111: [0mProperty 'indicators' comes from an index signature, so it must be accessed with ['indicators'].

[7m1008[0m               candidate.indicators,
[7m    [0m [91m                        ~~~~~~~~~~[0m

[96msrc/lib/threat-intelligence/correlation/ThreatCorrelationEngine.ts[0m:[93m1011[0m:[93m15[0m - [91merror[0m[90m TS2345: [0mArgument of type 'WithId<Document>' is not assignable to parameter of type 'GlobalThreatIntelligence'.
  Type 'WithId<Document>' is missing the following properties from type 'GlobalThreatIntelligence': intelligenceId, threatId, threatType, regions, and 8 more.

[7m1011[0m               targetThreat,
[7m    [0m [91m              ~~~~~~~~~~~~[0m

[96msrc/lib/threat-intelligence/correlation/ThreatCorrelationEngine.ts[0m:[93m1034[0m:[93m7[0m - [91merror[0m[90m TS2322: [0mType 'WithId<Document>[]' is not assignable to type 'GlobalThreatIntelligence[]'.
  Type 'WithId<Document>' is missing the following properties from type 'GlobalThreatIntelligence': intelligenceId, threatId, threatType, regions, and 8 more.

[7m1034[0m       return similarThreatData
[7m    [0m [91m      ~~~~~~[0m

[96msrc/lib/threat-intelligence/correlation/ThreatCorrelationEngine.ts[0m:[93m1309[0m:[93m11[0m - [91merror[0m[90m TS2322: [0mType 'string' is not assignable to type '"behavioral" | "temporal" | "attribution" | "spatial"'.

[7m1309[0m           patternType: patternInfo.type,
[7m    [0m [91m          ~~~~~~~~~~~[0m

[96msrc/lib/threat-intelligence/correlation/ThreatCorrelationEngine.ts[0m:[93m1327[0m:[93m36[0m - [91merror[0m[90m TS18047: [0m'pattern' is possibly 'null'.

[7m1327[0m       this.correlationPatterns.set(pattern.patternId, pattern)
[7m    [0m [91m                                   ~~~~~~~[0m

[96msrc/lib/threat-intelligence/correlation/ThreatCorrelationEngine.ts[0m:[93m1327[0m:[93m55[0m - [91merror[0m[90m TS2345: [0mArgument of type 'CorrelationPattern | null' is not assignable to parameter of type 'CorrelationPattern'.
  Type 'null' is not assignable to type 'CorrelationPattern'.

[7m1327[0m       this.correlationPatterns.set(pattern.patternId, pattern)
[7m    [0m [91m                                                      ~~~~~~~[0m

[96msrc/lib/threat-intelligence/correlation/ThreatCorrelationEngine.ts[0m:[93m1331[0m:[93m34[0m - [91merror[0m[90m TS18047: [0m'pattern' is possibly 'null'.

[7m1331[0m         .replaceOne({ patternId: pattern.patternId }, pattern, { upsert: true })
[7m    [0m [91m                                 ~~~~~~~[0m

[96msrc/lib/threat-intelligence/correlation/ThreatCorrelationEngine.ts[0m:[93m1331[0m:[93m55[0m - [91merror[0m[90m TS2345: [0mArgument of type 'CorrelationPattern | null' is not assignable to parameter of type 'WithoutId<Document>'.
  Type 'null' is not assignable to type 'WithoutId<Document>'.

[7m1331[0m         .replaceOne({ patternId: pattern.patternId }, pattern, { upsert: true })
[7m    [0m [91m                                                      ~~~~~~~[0m

[96msrc/lib/threat-intelligence/correlation/ThreatCorrelationEngine.ts[0m:[93m1456[0m:[93m35[0m - [91merror[0m[90m TS2345: [0mArgument of type 'CorrelationData | undefined' is not assignable to parameter of type 'CorrelationData'.
  Type 'undefined' is not assignable to type 'CorrelationData'.

[7m1456[0m           mergedCorrelations.push(group[0])
[7m    [0m [91m                                  ~~~~~~~~[0m

[96msrc/lib/threat-intelligence/database/ThreatIntelligenceDatabase.ts[0m:[93m8[0m:[93m10[0m - [91merror[0m[90m TS2614: [0mModule '"ioredis"' has no exported member 'Redis'. Did you mean to use 'import Redis from "ioredis"' instead?

[7m8[0m import { Redis } from 'ioredis'
[7m [0m [91m         ~~~~~[0m

[96msrc/lib/threat-intelligence/database/ThreatIntelligenceDatabase.ts[0m:[93m174[0m:[93m27[0m - [91merror[0m[90m TS4111: [0mProperty 'REDIS_HOST' comes from an index signature, so it must be accessed with ['REDIS_HOST'].

[7m174[0m         host: process.env.REDIS_HOST ?? 'localhost',
[7m   [0m [91m                          ~~~~~~~~~~[0m

[96msrc/lib/threat-intelligence/database/ThreatIntelligenceDatabase.ts[0m:[93m175[0m:[93m36[0m - [91merror[0m[90m TS4111: [0mProperty 'REDIS_PORT' comes from an index signature, so it must be accessed with ['REDIS_PORT'].

[7m175[0m         port: parseInt(process.env.REDIS_PORT ?? '6379'),
[7m   [0m [91m                                   ~~~~~~~~~~[0m

[96msrc/lib/threat-intelligence/database/ThreatIntelligenceDatabase.ts[0m:[93m176[0m:[93m31[0m - [91merror[0m[90m TS4111: [0mProperty 'REDIS_PASSWORD' comes from an index signature, so it must be accessed with ['REDIS_PASSWORD'].

[7m176[0m         password: process.env.REDIS_PASSWORD,
[7m   [0m [91m                              ~~~~~~~~~~~~~~[0m

[96msrc/lib/threat-intelligence/database/ThreatIntelligenceDatabase.ts[0m:[93m622[0m:[93m7[0m - [91merror[0m[90m TS2322: [0mType 'WithId<Document> | null' is not assignable to type 'GlobalThreatIntelligence | null'.
  Type 'WithId<Document>' is not assignable to type 'GlobalThreatIntelligence | null'.
    Type 'WithId<Document>' is missing the following properties from type 'GlobalThreatIntelligence': intelligenceId, threatId, threatType, regions, and 8 more.

[7m622[0m       return threat
[7m   [0m [91m      ~~~~~~[0m

[96msrc/lib/threat-intelligence/database/ThreatIntelligenceDatabase.ts[0m:[93m650[0m:[93m7[0m - [91merror[0m[90m TS2322: [0mType 'WithId<Document> | null' is not assignable to type 'GlobalThreatIntelligence | null'.
  Type 'WithId<Document>' is not assignable to type 'GlobalThreatIntelligence | null'.
    Type 'WithId<Document>' is missing the following properties from type 'GlobalThreatIntelligence': intelligenceId, threatId, threatType, regions, and 8 more.

[7m650[0m       return threat
[7m   [0m [91m      ~~~~~~[0m

[96msrc/lib/threat-intelligence/database/ThreatIntelligenceDatabase.ts[0m:[93m677[0m:[93m49[0m - [91merror[0m[90m TS4111: [0mProperty 'threatId' comes from an index signature, so it must be accessed with ['threatId'].

[7m677[0m       return await this.getThreatById(indicator.threatId)
[7m   [0m [91m                                                ~~~~~~~~[0m

[96msrc/lib/threat-intelligence/database/ThreatIntelligenceDatabase.ts[0m:[93m707[0m:[93m32[0m - [91merror[0m[90m TS4111: [0mProperty 'region' comes from an index signature, so it must be accessed with ['region'].

[7m707[0m         threatsByRegion[result.region] = result.count
[7m   [0m [91m                               ~~~~~~[0m

[96msrc/lib/threat-intelligence/database/ThreatIntelligenceDatabase.ts[0m:[93m707[0m:[93m49[0m - [91merror[0m[90m TS4111: [0mProperty 'count' comes from an index signature, so it must be accessed with ['count'].

[7m707[0m         threatsByRegion[result.region] = result.count
[7m   [0m [91m                                                ~~~~~[0m

[96msrc/lib/threat-intelligence/database/ThreatIntelligenceDatabase.ts[0m:[93m735[0m:[93m34[0m - [91merror[0m[90m TS4111: [0mProperty 'severity' comes from an index signature, so it must be accessed with ['severity'].

[7m735[0m         threatsBySeverity[result.severity] = result.count
[7m   [0m [91m                                 ~~~~~~~~[0m

[96msrc/lib/threat-intelligence/database/ThreatIntelligenceDatabase.ts[0m:[93m735[0m:[93m53[0m - [91merror[0m[90m TS4111: [0mProperty 'count' comes from an index signature, so it must be accessed with ['count'].

[7m735[0m         threatsBySeverity[result.severity] = result.count
[7m   [0m [91m                                                    ~~~~~[0m

[96msrc/lib/threat-intelligence/database/ThreatIntelligenceDatabase.ts[0m:[93m759[0m:[93m7[0m - [91merror[0m[90m TS2322: [0mType 'WithId<Document>[]' is not assignable to type 'GlobalThreatIntelligence[]'.
  Type 'WithId<Document>' is missing the following properties from type 'GlobalThreatIntelligence': intelligenceId, threatId, threatType, regions, and 8 more.

[7m759[0m       return threats
[7m   [0m [91m      ~~~~~~[0m

[96msrc/lib/threat-intelligence/database/ThreatIntelligenceDatabase.ts[0m:[93m812[0m:[93m56[0m - [91merror[0m[90m TS4111: [0mProperty 'threatId' comes from an index signature, so it must be accessed with ['threatId'].

[7m812[0m         const threatIds = threatsInRegion.map((t) => t.threatId)
[7m   [0m [91m                                                       ~~~~~~~~[0m

[96msrc/lib/threat-intelligence/database/ThreatIntelligenceDatabase.ts[0m:[93m916[0m:[93m13[0m - [91merror[0m[90m TS6133: [0m'totalCount' is declared but its value is never read.

[7m916[0m       const totalCount = await threatsCollection.countDocuments(searchQuery)
[7m   [0m [91m            ~~~~~~~~~~[0m

[96msrc/lib/threat-intelligence/database/ThreatIntelligenceDatabase.ts[0m:[93m931[0m:[93m9[0m - [91merror[0m[90m TS2322: [0mType 'WithId<Document>[]' is not assignable to type 'GlobalThreatIntelligence[]'.
  Type 'WithId<Document>' is missing the following properties from type 'GlobalThreatIntelligence': intelligenceId, threatId, threatType, regions, and 8 more.

[7m931[0m         data: threats,
[7m   [0m [91m        ~~~~[0m

  [96msrc/lib/threat-intelligence/global/types.ts[0m:[93m746[0m:[93m3[0m
    [7m746[0m   data?: T
    [7m   [0m [96m  ~~~~[0m
    The expected type comes from property 'data' which is declared here on type 'ApiResponse<GlobalThreatIntelligence[]>'

[96msrc/lib/threat-intelligence/edge/EdgeThreatDetectionSystem.ts[0m:[93m9[0m:[93m10[0m - [91merror[0m[90m TS2614: [0mModule '"ioredis"' has no exported member 'Redis'. Did you mean to use 'import Redis from "ioredis"' instead?

[7m9[0m import { Redis } from 'ioredis'
[7m [0m [91m         ~~~~~[0m

[96msrc/lib/threat-intelligence/edge/EdgeThreatDetectionSystem.ts[0m:[93m71[0m:[93m11[0m - [91merror[0m[90m TS6133: [0m'detectionThresholds' is declared but its value is never read.

[7m71[0m   private detectionThresholds: DetectionThresholds
[7m  [0m [91m          ~~~~~~~~~~~~~~~~~~~[0m

[96msrc/lib/threat-intelligence/edge/EdgeThreatDetectionSystem.ts[0m:[93m108[0m:[93m42[0m - [91merror[0m[90m TS4111: [0mProperty 'REDIS_URL' comes from an index signature, so it must be accessed with ['REDIS_URL'].

[7m108[0m       this.redis = new Redis(process.env.REDIS_URL ?? 'redis://localhost:6379')
[7m   [0m [91m                                         ~~~~~~~~~[0m

[96msrc/lib/threat-intelligence/edge/EdgeThreatDetectionSystem.ts[0m:[93m407[0m:[93m40[0m - [91merror[0m[90m TS2339: [0mProperty 'regions' does not exist on type 'EdgeDetectionConfig'.

[7m407[0m       for (const region of this.config.regions ?? []) {
[7m   [0m [91m                                       ~~~~~~~[0m

[96msrc/lib/threat-intelligence/edge/EdgeThreatDetectionSystem.ts[0m:[93m500[0m:[93m9[0m - [91merror[0m[90m TS2322: [0mType 'string' is not assignable to type 'number'.
  Type 'string' is not assignable to type 'number'.

[7m500[0m         severity: finalResult.severity,
[7m   [0m [91m        ~~~~~~~~[0m

  [96msrc/lib/threat-intelligence/global/types.ts[0m:[93m478[0m:[93m3[0m
    [7m478[0m   severity: number
    [7m   [0m [96m  ~~~~~~~~[0m
    The expected type comes from property 'severity' which is declared here on type 'EdgeDetectionResult'

[96msrc/lib/threat-intelligence/edge/EdgeThreatDetectionSystem.ts[0m:[93m529[0m:[93m66[0m - [91merror[0m[90m TS2551: [0mProperty 'threatData' does not exist on type 'RealTimeThreatData'. Did you mean 'threatId'?

[7m529[0m       this.emit('detection_error', { error, threatId: threatData.threatData })
[7m   [0m [91m                                                                 ~~~~~~~~~~[0m

  [96msrc/lib/threat-intelligence/global/types.ts[0m:[93m447[0m:[93m3[0m
    [7m447[0m   threatId: string
    [7m   [0m [96m  ~~~~~~~~[0m
    'threatId' is declared here.

[96msrc/lib/threat-intelligence/edge/EdgeThreatDetectionSystem.ts[0m:[93m616[0m:[93m7[0m - [91merror[0m[90m TS2322: [0mType 'number | undefined' is not assignable to type 'number'.
  Type 'undefined' is not assignable to type 'number'.

[7m616[0m       return anomalyScore[0]
[7m   [0m [91m      ~~~~~~[0m

[96msrc/lib/threat-intelligence/edge/EdgeThreatDetectionSystem.ts[0m:[93m663[0m:[93m9[0m - [91merror[0m[90m TS2322: [0mType 'string | undefined' is not assignable to type 'string'.
  Type 'undefined' is not assignable to type 'string'.

[7m663[0m         threatType: threatTypes[maxIndex],
[7m   [0m [91m        ~~~~~~~~~~[0m

  [96msrc/lib/threat-intelligence/edge/EdgeThreatDetectionSystem.ts[0m:[93m1158[0m:[93m3[0m
    [7m1158[0m   threatType: string
    [7m    [0m [96m  ~~~~~~~~~~[0m
    The expected type comes from property 'threatType' which is declared here on type 'ClassificationResult'

[96msrc/lib/threat-intelligence/edge/EdgeThreatDetectionSystem.ts[0m:[93m664[0m:[93m9[0m - [91merror[0m[90m TS2322: [0mType 'number | undefined' is not assignable to type 'number'.
  Type 'undefined' is not assignable to type 'number'.

[7m664[0m         confidence: probabilities[maxIndex],
[7m   [0m [91m        ~~~~~~~~~~[0m

  [96msrc/lib/threat-intelligence/edge/EdgeThreatDetectionSystem.ts[0m:[93m1159[0m:[93m3[0m
    [7m1159[0m   confidence: number
    [7m    [0m [96m  ~~~~~~~~~~[0m
    The expected type comes from property 'confidence' which is declared here on type 'ClassificationResult'

[96msrc/lib/threat-intelligence/edge/EdgeThreatDetectionSystem.ts[0m:[93m720[0m:[93m7[0m - [91merror[0m[90m TS2322: [0mType 'number | undefined' is not assignable to type 'number'.
  Type 'undefined' is not assignable to type 'number'.

[7m720[0m       return threatProbability[0]
[7m   [0m [91m      ~~~~~~[0m

[96msrc/lib/threat-intelligence/edge/EdgeThreatDetectionSystem.ts[0m:[93m894[0m:[93m12[0m - [91merror[0m[90m TS2532: [0mObject is possibly 'undefined'.

[7m894[0m     return nodes[0].nodeId
[7m   [0m [91m           ~~~~~~~~[0m

[96msrc/lib/threat-intelligence/edge/EdgeThreatDetectionSystem.ts[0m:[93m1152[0m:[93m12[0m - [91merror[0m[90m TS2304: [0mCannot find name 'ThreatContext'.

[7m1152[0m   context: ThreatContext
[7m    [0m [91m           ~~~~~~~~~~~~~[0m

[96msrc/lib/threat-intelligence/feeds/ExternalThreatFeedIntegration.ts[0m:[93m9[0m:[93m10[0m - [91merror[0m[90m TS2614: [0mModule '"ioredis"' has no exported member 'Redis'. Did you mean to use 'import Redis from "ioredis"' instead?

[7m9[0m import { Redis } from 'ioredis'
[7m [0m [91m         ~~~~~[0m

[96msrc/lib/threat-intelligence/feeds/ExternalThreatFeedIntegration.ts[0m:[93m85[0m:[93m32[0m - [91merror[0m[90m TS6138: [0mProperty 'config' is declared but its value is never read.

[7m85[0m   constructor(private readonly config: FeedConfig) {
[7m  [0m [91m                               ~~~~~~[0m

[96msrc/lib/threat-intelligence/feeds/ExternalThreatFeedIntegration.ts[0m:[93m182[0m:[93m42[0m - [91merror[0m[90m TS4111: [0mProperty 'REDIS_URL' comes from an index signature, so it must be accessed with ['REDIS_URL'].

[7m182[0m       this.redis = new Redis(process.env.REDIS_URL ?? 'redis://localhost:6379')
[7m   [0m [91m                                         ~~~~~~~~~[0m

[96msrc/lib/threat-intelligence/feeds/ExternalThreatFeedIntegration.ts[0m:[93m194[0m:[93m21[0m - [91merror[0m[90m TS4111: [0mProperty 'MONGODB_URI' comes from an index signature, so it must be accessed with ['MONGODB_URI'].

[7m194[0m         process.env.MONGODB_URI ?? 'mongodb://localhost:27017/threat_feeds',
[7m   [0m [91m                    ~~~~~~~~~~~[0m

[96msrc/lib/threat-intelligence/feeds/ExternalThreatFeedIntegration.ts[0m:[93m572[0m:[93m19[0m - [91merror[0m[90m TS4111: [0mProperty 'severity' comes from an index signature, so it must be accessed with ['severity'].

[7m572[0m       if (filters.severity && item.severity !== filters.severity) {
[7m   [0m [91m                  ~~~~~~~~[0m

[96msrc/lib/threat-intelligence/feeds/ExternalThreatFeedIntegration.ts[0m:[93m572[0m:[93m57[0m - [91merror[0m[90m TS4111: [0mProperty 'severity' comes from an index signature, so it must be accessed with ['severity'].

[7m572[0m       if (filters.severity && item.severity !== filters.severity) {
[7m   [0m [91m                                                        ~~~~~~~~[0m

[96msrc/lib/threat-intelligence/feeds/ExternalThreatFeedIntegration.ts[0m:[93m577[0m:[93m19[0m - [91merror[0m[90m TS4111: [0mProperty 'minConfidence' comes from an index signature, so it must be accessed with ['minConfidence'].

[7m577[0m       if (filters.minConfidence && item.confidence < filters.minConfidence) {
[7m   [0m [91m                  ~~~~~~~~~~~~~[0m

[96msrc/lib/threat-intelligence/feeds/ExternalThreatFeedIntegration.ts[0m:[93m577[0m:[93m62[0m - [91merror[0m[90m TS4111: [0mProperty 'minConfidence' comes from an index signature, so it must be accessed with ['minConfidence'].

[7m577[0m       if (filters.minConfidence && item.confidence < filters.minConfidence) {
[7m   [0m [91m                                                             ~~~~~~~~~~~~~[0m

[96msrc/lib/threat-intelligence/feeds/ExternalThreatFeedIntegration.ts[0m:[93m582[0m:[93m19[0m - [91merror[0m[90m TS4111: [0mProperty 'maxAge' comes from an index signature, so it must be accessed with ['maxAge'].

[7m582[0m       if (filters.maxAge) {
[7m   [0m [91m                  ~~~~~~[0m

[96msrc/lib/threat-intelligence/feeds/ExternalThreatFeedIntegration.ts[0m:[93m584[0m:[93m31[0m - [91merror[0m[90m TS4111: [0mProperty 'maxAge' comes from an index signature, so it must be accessed with ['maxAge'].

[7m584[0m         if (itemAge > filters.maxAge) {
[7m   [0m [91m                              ~~~~~~[0m

[96msrc/lib/threat-intelligence/feeds/ExternalThreatFeedIntegration.ts[0m:[93m590[0m:[93m19[0m - [91merror[0m[90m TS4111: [0mProperty 'customFilter' comes from an index signature, so it must be accessed with ['customFilter'].

[7m590[0m       if (filters.customFilter && typeof filters.customFilter === 'function') {
[7m   [0m [91m                  ~~~~~~~~~~~~[0m

[96msrc/lib/threat-intelligence/feeds/ExternalThreatFeedIntegration.ts[0m:[93m590[0m:[93m50[0m - [91merror[0m[90m TS4111: [0mProperty 'customFilter' comes from an index signature, so it must be accessed with ['customFilter'].

[7m590[0m       if (filters.customFilter && typeof filters.customFilter === 'function') {
[7m   [0m [91m                                                 ~~~~~~~~~~~~[0m

[96msrc/lib/threat-intelligence/feeds/ExternalThreatFeedIntegration.ts[0m:[93m591[0m:[93m24[0m - [91merror[0m[90m TS4111: [0mProperty 'customFilter' comes from an index signature, so it must be accessed with ['customFilter'].

[7m591[0m         return filters.customFilter(item)
[7m   [0m [91m                       ~~~~~~~~~~~~[0m

[96msrc/lib/threat-intelligence/feeds/ExternalThreatFeedIntegration.ts[0m:[93m609[0m:[93m30[0m - [91merror[0m[90m TS7006: [0mParameter 'id' implicitly has an 'any' type.

[7m609[0m       recentItemIds.forEach((id) => seenItems.add(id))
[7m   [0m [91m                             ~~[0m

[96msrc/lib/threat-intelligence/feeds/ExternalThreatFeedIntegration.ts[0m:[93m994[0m:[93m25[0m - [91merror[0m[90m TS4111: [0mProperty 'totalItems' comes from an index signature, so it must be accessed with ['totalItems'].

[7m994[0m       return result[0]?.totalItems ?? 0
[7m   [0m [91m                        ~~~~~~~~~~[0m

[96msrc/lib/threat-intelligence/feeds/ExternalThreatFeedIntegration.ts[0m:[93m1012[0m:[93m25[0m - [91merror[0m[90m TS4111: [0mProperty 'avgTime' comes from an index signature, so it must be accessed with ['avgTime'].

[7m1012[0m       return result[0]?.avgTime ?? 0
[7m    [0m [91m                        ~~~~~~~[0m

[96msrc/lib/threat-intelligence/feeds/ExternalThreatFeedIntegration.ts[0m:[93m1033[0m:[93m28[0m - [91merror[0m[90m TS4111: [0mProperty 'feedType' comes from an index signature, so it must be accessed with ['feedType'].

[7m1033[0m         feedsByType[result.feedType] = result.count
[7m    [0m [91m                           ~~~~~~~~[0m

[96msrc/lib/threat-intelligence/feeds/ExternalThreatFeedIntegration.ts[0m:[93m1033[0m:[93m47[0m - [91merror[0m[90m TS4111: [0mProperty 'count' comes from an index signature, so it must be accessed with ['count'].

[7m1033[0m         feedsByType[result.feedType] = result.count
[7m    [0m [91m                                              ~~~~~[0m

[96msrc/lib/threat-intelligence/feeds/ExternalThreatFeedIntegration.ts[0m:[93m1057[0m:[93m32[0m - [91merror[0m[90m TS4111: [0mProperty 'provider' comes from an index signature, so it must be accessed with ['provider'].

[7m1057[0m         feedsByProvider[result.provider] = result.count
[7m    [0m [91m                               ~~~~~~~~[0m

[96msrc/lib/threat-intelligence/feeds/ExternalThreatFeedIntegration.ts[0m:[93m1057[0m:[93m51[0m - [91merror[0m[90m TS4111: [0mProperty 'count' comes from an index signature, so it must be accessed with ['count'].

[7m1057[0m         feedsByProvider[result.provider] = result.count
[7m    [0m [91m                                                  ~~~~~[0m

[96msrc/lib/threat-intelligence/feeds/ExternalThreatFeedIntegration.ts[0m:[93m1608[0m:[93m35[0m - [91merror[0m[90m TS4111: [0mProperty 'eventId' comes from an index signature, so it must be accessed with ['eventId'].

[7m1608[0m           eventId: item.metadata?.eventId,
[7m    [0m [91m                                  ~~~~~~~[0m

[96msrc/lib/threat-intelligence/feeds/ExternalThreatFeedIntegration.ts[0m:[93m1737[0m:[93m35[0m - [91merror[0m[90m TS4111: [0mProperty 'pulseId' comes from an index signature, so it must be accessed with ['pulseId'].

[7m1737[0m           pulseId: item.metadata?.pulseId,
[7m    [0m [91m                                  ~~~~~~~[0m

[96msrc/lib/threat-intelligence/feeds/ExternalThreatFeedIntegration.ts[0m:[93m1738[0m:[93m32[0m - [91merror[0m[90m TS4111: [0mProperty 'tags' comes from an index signature, so it must be accessed with ['tags'].

[7m1738[0m           tags: item.metadata?.tags,
[7m    [0m [91m                               ~~~~[0m

[96msrc/lib/threat-intelligence/feeds/ExternalThreatFeedIntegration.ts[0m:[93m1865[0m:[93m36[0m - [91merror[0m[90m TS4111: [0mProperty 'fileName' comes from an index signature, so it must be accessed with ['fileName'].

[7m1865[0m           fileName: item.metadata?.fileName,
[7m    [0m [91m                                   ~~~~~~~~[0m

[96msrc/lib/threat-intelligence/feeds/ExternalThreatFeedIntegration.ts[0m:[93m1866[0m:[93m36[0m - [91merror[0m[90m TS4111: [0mProperty 'fileSize' comes from an index signature, so it must be accessed with ['fileSize'].

[7m1866[0m           fileSize: item.metadata?.fileSize,
[7m    [0m [91m                                   ~~~~~~~~[0m

[96msrc/lib/threat-intelligence/feeds/ExternalThreatFeedIntegration.ts[0m:[93m1867[0m:[93m36[0m - [91merror[0m[90m TS4111: [0mProperty 'fileType' comes from an index signature, so it must be accessed with ['fileType'].

[7m1867[0m           fileType: item.metadata?.fileType,
[7m    [0m [91m                                   ~~~~~~~~[0m

[96msrc/lib/threat-intelligence/feeds/ExternalThreatFeedIntegration.ts[0m:[93m1868[0m:[93m34[0m - [91merror[0m[90m TS4111: [0mProperty 'vtLink' comes from an index signature, so it must be accessed with ['vtLink'].

[7m1868[0m           vtLink: item.metadata?.vtLink,
[7m    [0m [91m                                 ~~~~~~[0m

[96msrc/lib/threat-intelligence/feeds/ExternalThreatFeedIntegration.ts[0m:[93m1970[0m:[93m35[0m - [91merror[0m[90m TS4111: [0mProperty 'rawData' comes from an index signature, so it must be accessed with ['rawData'].

[7m1970[0m           rawData: item.metadata?.rawData,
[7m    [0m [91m                                  ~~~~~~~[0m

[96msrc/lib/threat-intelligence/global/GlobalThreatIntelligenceNetwork.ts[0m:[93m92[0m:[93m11[0m - [91merror[0m[90m TS6133: [0m'db' is declared but its value is never read.

[7m92[0m   private db!: Db
[7m  [0m [91m          ~~[0m

[96msrc/lib/threat-intelligence/global/GlobalThreatIntelligenceNetwork.ts[0m:[93m103[0m:[93m20[0m - [91merror[0m[90m TS6133: [0m'existingIntelligenceService' is declared but its value is never read.

[7m103[0m   private readonly existingIntelligenceService?: ExternalThreatIntelligenceService
[7m   [0m [91m                   ~~~~~~~~~~~~~~~~~~~~~~~~~~~[0m

[96msrc/lib/threat-intelligence/global/GlobalThreatIntelligenceNetwork.ts[0m:[93m104[0m:[93m20[0m - [91merror[0m[90m TS6133: [0m'existingPredictiveService' is declared but its value is never read.

[7m104[0m   private readonly existingPredictiveService?: AdvancedPredictiveThreatIntelligence
[7m   [0m [91m                   ~~~~~~~~~~~~~~~~~~~~~~~~~[0m

[96msrc/lib/threat-intelligence/global/GlobalThreatIntelligenceNetwork.ts[0m:[93m106[0m:[93m11[0m - [91merror[0m[90m TS6133: [0m'isInitialized' is declared but its value is never read.

[7m106[0m   private isInitialized = false
[7m   [0m [91m          ~~~~~~~~~~~~~[0m

[96msrc/lib/threat-intelligence/global/GlobalThreatIntelligenceNetwork.ts[0m:[93m158[0m:[93m42[0m - [91merror[0m[90m TS4111: [0mProperty 'REDIS_URL' comes from an index signature, so it must be accessed with ['REDIS_URL'].

[7m158[0m       this.redis = new Redis(process.env.REDIS_URL ?? 'redis://localhost:6379')
[7m   [0m [91m                                         ~~~~~~~~~[0m

[96msrc/lib/threat-intelligence/global/GlobalThreatIntelligenceNetwork.ts[0m:[93m170[0m:[93m21[0m - [91merror[0m[90m TS4111: [0mProperty 'MONGODB_URI' comes from an index signature, so it must be accessed with ['MONGODB_URI'].

[7m170[0m         process.env.MONGODB_URI ??
[7m   [0m [91m                    ~~~~~~~~~~~[0m

[96msrc/lib/threat-intelligence/global/GlobalThreatIntelligenceNetwork.ts[0m:[93m835[0m:[93m18[0m - [91merror[0m[90m TS4111: [0mProperty 'edgeDetection' comes from an index signature, so it must be accessed with ['edgeDetection'].

[7m835[0m       components.edgeDetection = await this.checkEdgeDetectionHealth()
[7m   [0m [91m                 ~~~~~~~~~~~~~[0m

[96msrc/lib/threat-intelligence/global/GlobalThreatIntelligenceNetwork.ts[0m:[93m836[0m:[93m18[0m - [91merror[0m[90m TS4111: [0mProperty 'correlation' comes from an index signature, so it must be accessed with ['correlation'].

[7m836[0m       components.correlation = await this.checkCorrelationHealth()
[7m   [0m [91m                 ~~~~~~~~~~~[0m

[96msrc/lib/threat-intelligence/global/GlobalThreatIntelligenceNetwork.ts[0m:[93m837[0m:[93m18[0m - [91merror[0m[90m TS4111: [0mProperty 'database' comes from an index signature, so it must be accessed with ['database'].

[7m837[0m       components.database = await this.checkDatabaseHealth()
[7m   [0m [91m                 ~~~~~~~~[0m

[96msrc/lib/threat-intelligence/global/GlobalThreatIntelligenceNetwork.ts[0m:[93m838[0m:[93m18[0m - [91merror[0m[90m TS4111: [0mProperty 'orchestration' comes from an index signature, so it must be accessed with ['orchestration'].

[7m838[0m       components.orchestration = await this.checkOrchestrationHealth()
[7m   [0m [91m                 ~~~~~~~~~~~~~[0m

[96msrc/lib/threat-intelligence/global/GlobalThreatIntelligenceNetwork.ts[0m:[93m839[0m:[93m18[0m - [91merror[0m[90m TS4111: [0mProperty 'hunting' comes from an index signature, so it must be accessed with ['hunting'].

[7m839[0m       components.hunting = await this.checkHuntingHealth()
[7m   [0m [91m                 ~~~~~~~[0m

[96msrc/lib/threat-intelligence/global/GlobalThreatIntelligenceNetwork.ts[0m:[93m840[0m:[93m18[0m - [91merror[0m[90m TS4111: [0mProperty 'feedIntegration' comes from an index signature, so it must be accessed with ['feedIntegration'].

[7m840[0m       components.feedIntegration = await this.checkFeedIntegrationHealth()
[7m   [0m [91m                 ~~~~~~~~~~~~~~~[0m

[96msrc/lib/threat-intelligence/global/GlobalThreatIntelligenceNetwork.ts[0m:[93m841[0m:[93m18[0m - [91merror[0m[90m TS4111: [0mProperty 'validation' comes from an index signature, so it must be accessed with ['validation'].

[7m841[0m       components.validation = await this.checkValidationHealth()
[7m   [0m [91m                 ~~~~~~~~~~[0m

[96msrc/lib/threat-intelligence/hunting/ThreatHuntingSystem.ts[0m:[93m8[0m:[93m10[0m - [91merror[0m[90m TS2614: [0mModule '"ioredis"' has no exported member 'Redis'. Did you mean to use 'import Redis from "ioredis"' instead?

[7m8[0m import { Redis } from 'ioredis'
[7m [0m [91m         ~~~~~[0m

[96msrc/lib/threat-intelligence/hunting/ThreatHuntingSystem.ts[0m:[93m114[0m:[93m11[0m - [91merror[0m[90m TS6196: [0m'MalwareSignature' is declared but never used.

[7m114[0m interface MalwareSignature extends Document {
[7m   [0m [91m          ~~~~~~~~~~~~~~~~[0m

[96msrc/lib/threat-intelligence/hunting/ThreatHuntingSystem.ts[0m:[93m214[0m:[93m44[0m - [91merror[0m[90m TS4111: [0mProperty 'startTime' comes from an index signature, so it must be accessed with ['startTime'].

[7m214[0m     const startTime = this.parseDate(value.startTime)
[7m   [0m [91m                                           ~~~~~~~~~[0m

[96msrc/lib/threat-intelligence/hunting/ThreatHuntingSystem.ts[0m:[93m215[0m:[93m42[0m - [91merror[0m[90m TS4111: [0mProperty 'endTime' comes from an index signature, so it must be accessed with ['endTime'].

[7m215[0m     const endTime = this.parseDate(value.endTime)
[7m   [0m [91m                                         ~~~~~~~[0m

[96msrc/lib/threat-intelligence/hunting/ThreatHuntingSystem.ts[0m:[93m301[0m:[93m42[0m - [91merror[0m[90m TS4111: [0mProperty 'REDIS_URL' comes from an index signature, so it must be accessed with ['REDIS_URL'].

[7m301[0m       this.redis = new Redis(process.env.REDIS_URL ?? 'redis://localhost:6379')
[7m   [0m [91m                                         ~~~~~~~~~[0m

[96msrc/lib/threat-intelligence/hunting/ThreatHuntingSystem.ts[0m:[93m313[0m:[93m21[0m - [91merror[0m[90m TS4111: [0mProperty 'MONGODB_URI' comes from an index signature, so it must be accessed with ['MONGODB_URI'].

[7m313[0m         process.env.MONGODB_URI ?? 'mongodb://localhost:27017/threat_hunting',
[7m   [0m [91m                    ~~~~~~~~~~~[0m

[96msrc/lib/threat-intelligence/hunting/ThreatHuntingSystem.ts[0m:[93m918[0m:[93m37[0m - [91merror[0m[90m TS4111: [0mProperty 'timestamp' comes from an index signature, so it must be accessed with ['timestamp'].

[7m918[0m         timestamp: this.toDate(conn.timestamp),
[7m   [0m [91m                                    ~~~~~~~~~[0m

[96msrc/lib/threat-intelligence/hunting/ThreatHuntingSystem.ts[0m:[93m953[0m:[93m38[0m - [91merror[0m[90m TS4111: [0mProperty 'timestamp' comes from an index signature, so it must be accessed with ['timestamp'].

[7m953[0m         timestamp: this.toDate(query.timestamp),
[7m   [0m [91m                                     ~~~~~~~~~[0m

[96msrc/lib/threat-intelligence/hunting/ThreatHuntingSystem.ts[0m:[93m1042[0m:[93m38[0m - [91merror[0m[90m TS4111: [0mProperty 'timestamp' comes from an index signature, so it must be accessed with ['timestamp'].

[7m1042[0m         timestamp: this.toDate(exfil.timestamp),
[7m    [0m [91m                                     ~~~~~~~~~[0m

[96msrc/lib/threat-intelligence/hunting/ThreatHuntingSystem.ts[0m:[93m1080[0m:[93m37[0m - [91merror[0m[90m TS4111: [0mProperty 'timestamp' comes from an index signature, so it must be accessed with ['timestamp'].

[7m1080[0m         timestamp: this.toDate(proc.timestamp),
[7m    [0m [91m                                    ~~~~~~~~~[0m

[96msrc/lib/threat-intelligence/hunting/ThreatHuntingSystem.ts[0m:[93m1127[0m:[93m37[0m - [91merror[0m[90m TS4111: [0mProperty 'timestamp' comes from an index signature, so it must be accessed with ['timestamp'].

[7m1127[0m         timestamp: this.toDate(file.timestamp),
[7m    [0m [91m                                    ~~~~~~~~~[0m

[96msrc/lib/threat-intelligence/hunting/ThreatHuntingSystem.ts[0m:[93m1165[0m:[93m36[0m - [91merror[0m[90m TS4111: [0mProperty 'timestamp' comes from an index signature, so it must be accessed with ['timestamp'].

[7m1165[0m         timestamp: this.toDate(reg.timestamp),
[7m    [0m [91m                                   ~~~~~~~~~[0m

[96msrc/lib/threat-intelligence/hunting/ThreatHuntingSystem.ts[0m:[93m1198[0m:[93m40[0m - [91merror[0m[90m TS4111: [0mProperty 'timestamp' comes from an index signature, so it must be accessed with ['timestamp'].

[7m1198[0m         timestamp: this.toDate(persist.timestamp),
[7m    [0m [91m                                       ~~~~~~~~~[0m

[96msrc/lib/threat-intelligence/hunting/ThreatHuntingSystem.ts[0m:[93m1287[0m:[93m43[0m - [91merror[0m[90m TS4111: [0mProperty 'timestamp' comes from an index signature, so it must be accessed with ['timestamp'].

[7m1287[0m         timestamp: this.toDate(escalation.timestamp),
[7m    [0m [91m                                          ~~~~~~~~~[0m

[96msrc/lib/threat-intelligence/hunting/ThreatHuntingSystem.ts[0m:[93m1408[0m:[93m46[0m - [91merror[0m[90m TS4111: [0mProperty 'hash' comes from an index signature, so it must be accessed with ['hash'].

[7m1408[0m         .map((sig) => this.toStringValue(sig.hash))
[7m    [0m [91m                                             ~~~~[0m

[96msrc/lib/threat-intelligence/hunting/ThreatHuntingSystem.ts[0m:[93m1430[0m:[93m37[0m - [91merror[0m[90m TS4111: [0mProperty 'timestamp' comes from an index signature, so it must be accessed with ['timestamp'].

[7m1430[0m         timestamp: this.toDate(file.timestamp),
[7m    [0m [91m                                    ~~~~~~~~~[0m

[96msrc/lib/threat-intelligence/hunting/ThreatHuntingSystem.ts[0m:[93m1466[0m:[93m37[0m - [91merror[0m[90m TS4111: [0mProperty 'timestamp' comes from an index signature, so it must be accessed with ['timestamp'].

[7m1466[0m         timestamp: this.toDate(file.timestamp),
[7m    [0m [91m                                    ~~~~~~~~~[0m

[96msrc/lib/threat-intelligence/hunting/ThreatHuntingSystem.ts[0m:[93m1507[0m:[93m42[0m - [91merror[0m[90m TS4111: [0mProperty 'timestamp' comes from an index signature, so it must be accessed with ['timestamp'].

[7m1507[0m         timestamp: this.toDate(indicator.timestamp),
[7m    [0m [91m                                         ~~~~~~~~~[0m

[96msrc/lib/threat-intelligence/hunting/ThreatHuntingSystem.ts[0m:[93m1596[0m:[93m37[0m - [91merror[0m[90m TS4111: [0mProperty 'timestamp' comes from an index signature, so it must be accessed with ['timestamp'].

[7m1596[0m         timestamp: this.toDate(dump.timestamp),
[7m    [0m [91m                                    ~~~~~~~~~[0m

[96msrc/lib/threat-intelligence/hunting/ThreatHuntingSystem.ts[0m:[93m1692[0m:[93m40[0m - [91merror[0m[90m TS4111: [0mProperty 'timestamp' comes from an index signature, so it must be accessed with ['timestamp'].

[7m1692[0m         timestamp: this.toDate(exploit.timestamp),
[7m    [0m [91m                                       ~~~~~~~~~[0m

[96msrc/lib/threat-intelligence/hunting/ThreatHuntingSystem.ts[0m:[93m1733[0m:[93m37[0m - [91merror[0m[90m TS4111: [0mProperty 'timestamp' comes from an index signature, so it must be accessed with ['timestamp'].

[7m1733[0m         timestamp: this.toDate(tool.timestamp),
[7m    [0m [91m                                    ~~~~~~~~~[0m

[96msrc/lib/threat-intelligence/hunting/ThreatHuntingSystem.ts[0m:[93m1792[0m:[93m48[0m - [91merror[0m[90m TS4111: [0mProperty 'severity' comes from an index signature, so it must be accessed with ['severity'].

[7m1792[0m         severity: this.normalizeSeverity(event.severity),
[7m    [0m [91m                                               ~~~~~~~~[0m

[96msrc/lib/threat-intelligence/hunting/ThreatHuntingSystem.ts[0m:[93m1795[0m:[93m38[0m - [91merror[0m[90m TS4111: [0mProperty 'timestamp' comes from an index signature, so it must be accessed with ['timestamp'].

[7m1795[0m         timestamp: this.toDate(event.timestamp),
[7m    [0m [91m                                     ~~~~~~~~~[0m

[96msrc/lib/threat-intelligence/hunting/ThreatHuntingSystem.ts[0m:[93m1949[0m:[93m25[0m - [91merror[0m[90m TS4111: [0mProperty 'relatedFindings' comes from an index signature, so it must be accessed with ['relatedFindings'].

[7m1949[0m           processResult.relatedFindings = relatedFiles
[7m    [0m [91m                        ~~~~~~~~~~~~~~~[0m

[96msrc/lib/threat-intelligence/hunting/ThreatHuntingSystem.ts[0m:[93m1950[0m:[93m51[0m - [91merror[0m[90m TS4111: [0mProperty 'filePath' comes from an index signature, so it must be accessed with ['filePath'].

[7m1950[0m             .map((f) => this.toStringValue(f.data.filePath))
[7m    [0m [91m                                                  ~~~~~~~~[0m

[96msrc/lib/threat-intelligence/hunting/ThreatHuntingSystem.ts[0m:[93m1975[0m:[93m65[0m - [91merror[0m[90m TS4111: [0mProperty '_id' comes from an index signature, so it must be accessed with ['_id'].

[7m1975[0m         const loginDataId = this.toStringValue(loginResult.data._id)
[7m    [0m [91m                                                                ~~~[0m

[96msrc/lib/threat-intelligence/hunting/ThreatHuntingSystem.ts[0m:[93m1977[0m:[93m54[0m - [91merror[0m[90m TS4111: [0mProperty '_id' comes from an index signature, so it must be accessed with ['_id'].

[7m1977[0m           (access) => this.toStringValue(access.data._id) === loginDataId,
[7m    [0m [91m                                                     ~~~[0m

[96msrc/lib/threat-intelligence/hunting/ThreatHuntingSystem.ts[0m:[93m1982[0m:[93m23[0m - [91merror[0m[90m TS4111: [0mProperty 'relatedFindings' comes from an index signature, so it must be accessed with ['relatedFindings'].

[7m1982[0m           loginResult.relatedFindings = userAccess.map((a) => a.type)
[7m    [0m [91m                      ~~~~~~~~~~~~~~~[0m

[96msrc/lib/threat-intelligence/hunting/ThreatHuntingSystem.ts[0m:[93m2014[0m:[93m33[0m - [91merror[0m[90m TS4111: [0mProperty 'sourceIp' comes from an index signature, so it must be accessed with ['sourceIp'].

[7m2014[0m           behavioralResult.data.sourceIp,
[7m    [0m [91m                                ~~~~~~~~[0m

[96msrc/lib/threat-intelligence/hunting/ThreatHuntingSystem.ts[0m:[93m2017[0m:[93m33[0m - [91merror[0m[90m TS4111: [0mProperty 'processId' comes from an index signature, so it must be accessed with ['processId'].

[7m2017[0m           behavioralResult.data.processId,
[7m    [0m [91m                                ~~~~~~~~~[0m

[96msrc/lib/threat-intelligence/hunting/ThreatHuntingSystem.ts[0m:[93m2021[0m:[93m43[0m - [91merror[0m[90m TS4111: [0mProperty 'sourceIp' comes from an index signature, so it must be accessed with ['sourceIp'].

[7m2021[0m           if (this.toStringValue(sig.data.sourceIp) === behavioralSourceIp) {
[7m    [0m [91m                                          ~~~~~~~~[0m

[96msrc/lib/threat-intelligence/hunting/ThreatHuntingSystem.ts[0m:[93m2024[0m:[93m46[0m - [91merror[0m[90m TS4111: [0mProperty 'processId' comes from an index signature, so it must be accessed with ['processId'].

[7m2024[0m           return this.toStringValue(sig.data.processId) === behavioralProcessId
[7m    [0m [91m                                             ~~~~~~~~~[0m

[96msrc/lib/threat-intelligence/hunting/ThreatHuntingSystem.ts[0m:[93m2063[0m:[93m60[0m - [91merror[0m[90m TS4111: [0mProperty 'sourceIp' comes from an index signature, so it must be accessed with ['sourceIp'].

[7m2063[0m             ) === this.toStringValue(credentialResult.data.sourceIp),
[7m    [0m [91m                                                           ~~~~~~~~[0m

[96msrc/lib/threat-intelligence/hunting/ThreatHuntingSystem.ts[0m:[93m2068[0m:[93m50[0m - [91merror[0m[90m TS4111: [0mProperty 'sourceIp' comes from an index signature, so it must be accessed with ['sourceIp'].

[7m2068[0m             this.toStringValue(remoteResult.data.sourceIp) ===
[7m    [0m [91m                                                 ~~~~~~~~[0m

[96msrc/lib/threat-intelligence/hunting/ThreatHuntingSystem.ts[0m:[93m2069[0m:[93m54[0m - [91merror[0m[90m TS4111: [0mProperty 'sourceIp' comes from an index signature, so it must be accessed with ['sourceIp'].

[7m2069[0m             this.toStringValue(credentialResult.data.sourceIp),
[7m    [0m [91m                                                     ~~~~~~~~[0m

[96msrc/lib/threat-intelligence/hunting/ThreatHuntingSystem.ts[0m:[93m2110[0m:[93m7[0m - [91merror[0m[90m TS2322: [0mType 'string | undefined' is not assignable to type 'string'.
  Type 'undefined' is not assignable to type 'string'.

[7m2110[0m       return severityLevels[currentIndex + 1]
[7m    [0m [91m      ~~~~~~[0m

[96msrc/lib/threat-intelligence/hunting/ThreatHuntingSystem.ts[0m:[93m2236[0m:[93m55[0m - [91merror[0m[90m TS4111: [0mProperty 'sourceIp' comes from an index signature, so it must be accessed with ['sourceIp'].

[7m2236[0m       const sourceIp = this.toStringValue(result.data.sourceIp)
[7m    [0m [91m                                                      ~~~~~~~~[0m

[96msrc/lib/threat-intelligence/hunting/ThreatHuntingSystem.ts[0m:[93m2247[0m:[93m60[0m - [91merror[0m[90m TS4111: [0mProperty 'destinationIp' comes from an index signature, so it must be accessed with ['destinationIp'].

[7m2247[0m       const destinationIp = this.toStringValue(result.data.destinationIp)
[7m    [0m [91m                                                           ~~~~~~~~~~~~~[0m

[96msrc/lib/threat-intelligence/hunting/ThreatHuntingSystem.ts[0m:[93m2259[0m:[93m55[0m - [91merror[0m[90m TS4111: [0mProperty 'fileHash' comes from an index signature, so it must be accessed with ['fileHash'].

[7m2259[0m       const fileHash = this.toStringValue(result.data.fileHash)
[7m    [0m [91m                                                      ~~~~~~~~[0m

[96msrc/lib/threat-intelligence/hunting/ThreatHuntingSystem.ts[0m:[93m2271[0m:[93m57[0m - [91merror[0m[90m TS4111: [0mProperty 'domainName' comes from an index signature, so it must be accessed with ['domainName'].

[7m2271[0m       const domainName = this.toStringValue(result.data.domainName)
[7m    [0m [91m                                                        ~~~~~~~~~~[0m

[96msrc/lib/threat-intelligence/hunting/ThreatHuntingSystem.ts[0m:[93m2283[0m:[93m50[0m - [91merror[0m[90m TS4111: [0mProperty 'url' comes from an index signature, so it must be accessed with ['url'].

[7m2283[0m       const url = this.toStringValue(result.data.url)
[7m    [0m [91m                                                 ~~~[0m

[96msrc/lib/threat-intelligence/hunting/ThreatHuntingSystem.ts[0m:[93m2295[0m:[93m58[0m - [91merror[0m[90m TS4111: [0mProperty 'processName' comes from an index signature, so it must be accessed with ['processName'].

[7m2295[0m       const processName = this.toStringValue(result.data.processName)
[7m    [0m [91m                                                         ~~~~~~~~~~~[0m

[96msrc/lib/threat-intelligence/hunting/ThreatHuntingSystem.ts[0m:[93m2342[0m:[93m38[0m - [91merror[0m[90m TS4111: [0mProperty 'findingId' comes from an index signature, so it must be accessed with ['findingId'].

[7m2342[0m       this.toStringValue(result.data.findingId) ?? `finding_${Date.now()}`
[7m    [0m [91m                                     ~~~~~~~~~[0m

[96msrc/lib/threat-intelligence/hunting/ThreatHuntingSystem.ts[0m:[93m2343[0m:[93m53[0m - [91merror[0m[90m TS4111: [0mProperty 'evidence' comes from an index signature, so it must be accessed with ['evidence'].

[7m2343[0m     const evidence = this.toStringArray(result.data.evidence)
[7m    [0m [91m                                                    ~~~~~~~~[0m

[96msrc/lib/threat-intelligence/hunting/ThreatHuntingSystem.ts[0m:[93m2344[0m:[93m56[0m - [91merror[0m[90m TS4111: [0mProperty 'description' comes from an index signature, so it must be accessed with ['description'].

[7m2344[0m     const description = this.toStringValue(result.data.description)
[7m    [0m [91m                                                       ~~~~~~~~~~~[0m

[96msrc/lib/threat-intelligence/hunting/ThreatHuntingSystem.ts[0m:[93m2353[0m:[93m40[0m - [91merror[0m[90m TS4111: [0mProperty 'remediation' comes from an index signature, so it must be accessed with ['remediation'].

[7m2353[0m         this.toStringValue(result.data.remediation) ??
[7m    [0m [91m                                       ~~~~~~~~~~~[0m

[96msrc/lib/threat-intelligence/hunting/ThreatHuntingSystem.ts[0m:[93m2835[0m:[93m49[0m - [91merror[0m[90m TS4111: [0mProperty 'startTime' comes from an index signature, so it must be accessed with ['startTime'].

[7m2835[0m         const startTime = this.toDate(execution.startTime)
[7m    [0m [91m                                                ~~~~~~~~~[0m

[96msrc/lib/threat-intelligence/hunting/ThreatHuntingSystem.ts[0m:[93m2836[0m:[93m53[0m - [91merror[0m[90m TS4111: [0mProperty 'completedTime' comes from an index signature, so it must be accessed with ['completedTime'].

[7m2836[0m         const completedTime = this.toDate(execution.completedTime)
[7m    [0m [91m                                                    ~~~~~~~~~~~~~[0m

[96msrc/lib/threat-intelligence/orchestration/AutomatedThreatResponseOrchestrator.ts[0m:[93m8[0m:[93m10[0m - [91merror[0m[90m TS2614: [0mModule '"ioredis"' has no exported member 'Redis'. Did you mean to use 'import Redis from "ioredis"' instead?

[7m8[0m import { Redis } from 'ioredis'
[7m [0m [91m         ~~~~~[0m

[96msrc/lib/threat-intelligence/orchestration/AutomatedThreatResponseOrchestrator.ts[0m:[93m19[0m:[93m3[0m - [91merror[0m[90m TS2440: [0mImport declaration conflicts with local declaration of 'ThreatResponse'.

[7m19[0m   ThreatResponse,
[7m  [0m [91m  ~~~~~~~~~~~~~~[0m

[96msrc/lib/threat-intelligence/orchestration/AutomatedThreatResponseOrchestrator.ts[0m:[93m140[0m:[93m42[0m - [91merror[0m[90m TS4111: [0mProperty 'REDIS_URL' comes from an index signature, so it must be accessed with ['REDIS_URL'].

[7m140[0m       this.redis = new Redis(process.env.REDIS_URL ?? 'redis://localhost:6379')
[7m   [0m [91m                                         ~~~~~~~~~[0m

[96msrc/lib/threat-intelligence/orchestration/AutomatedThreatResponseOrchestrator.ts[0m:[93m152[0m:[93m21[0m - [91merror[0m[90m TS4111: [0mProperty 'MONGODB_URI' comes from an index signature, so it must be accessed with ['MONGODB_URI'].

[7m152[0m         process.env.MONGODB_URI ?? 'mongodb://localhost:27017/threat_response',
[7m   [0m [91m                    ~~~~~~~~~~~[0m

[96msrc/lib/threat-intelligence/orchestration/AutomatedThreatResponseOrchestrator.ts[0m:[93m169[0m:[93m46[0m - [91merror[0m[90m TS4111: [0mProperty 'strategyId' comes from an index signature, so it must be accessed with ['strategyId'].

[7m169[0m         this.responseStrategies.set(strategy.strategyId, strategy)
[7m   [0m [91m                                             ~~~~~~~~~~[0m

[96msrc/lib/threat-intelligence/orchestration/AutomatedThreatResponseOrchestrator.ts[0m:[93m169[0m:[93m58[0m - [91merror[0m[90m TS2345: [0mArgument of type 'WithId<Document>' is not assignable to parameter of type 'ResponseStrategy'.
  Type 'WithId<Document>' is missing the following properties from type 'ResponseStrategy': strategyId, threatTypes, severityLevels, responseActions, and 2 more.

[7m169[0m         this.responseStrategies.set(strategy.strategyId, strategy)
[7m   [0m [91m                                                         ~~~~~~~~[0m

[96msrc/lib/threat-intelligence/orchestration/AutomatedThreatResponseOrchestrator.ts[0m:[93m231[0m:[93m9[0m - [91merror[0m[90m TS2322: [0mType '"alert" | "rate_limit" | "block" | "isolate" | "investigate" | "mitigate"' is not assignable to type '"alert" | "block" | "isolate" | "mitigate"'.
  Type '"rate_limit"' is not assignable to type '"alert" | "block" | "isolate" | "mitigate"'.

[7m231[0m         responseType:
[7m   [0m [91m        ~~~~~~~~~~~~[0m

  [96msrc/lib/threat-intelligence/global/types.ts[0m:[93m819[0m:[93m3[0m
    [7m819[0m   responseType: 'block' | 'isolate' | 'alert' | 'mitigate'
    [7m   [0m [96m  ~~~~~~~~~~~~[0m
    The expected type comes from property 'responseType' which is declared here on type 'ThreatResponse'

[96msrc/lib/threat-intelligence/orchestration/AutomatedThreatResponseOrchestrator.ts[0m:[93m297[0m:[93m7[0m - [91merror[0m[90m TS2322: [0mType 'ResponseStrategy | undefined' is not assignable to type 'ResponseStrategy'.
  Type 'undefined' is not assignable to type 'ResponseStrategy'.

[7m297[0m       return matchingStrategies[0]
[7m   [0m [91m      ~~~~~~[0m

[96msrc/lib/threat-intelligence/orchestration/AutomatedThreatResponseOrchestrator.ts[0m:[93m592[0m:[93m5[0m - [91merror[0m[90m TS2322: [0mType 'ResponseStrategy | undefined' is not assignable to type 'ResponseStrategy'.
  Type 'undefined' is not assignable to type 'ResponseStrategy'.

[7m592[0m     return defaultStrategies[severity] ?? defaultStrategies['medium']
[7m   [0m [91m    ~~~~~~[0m

[96msrc/lib/threat-intelligence/orchestration/AutomatedThreatResponseOrchestrator.ts[0m:[93m786[0m:[93m18[0m - [91merror[0m[90m TS2339: [0mProperty 'severity' does not exist on type 'ThreatResponse'.

[7m786[0m         response.severity !== 'critical')
[7m   [0m [91m                 ~~~~~~~~[0m

[96msrc/lib/threat-intelligence/orchestration/AutomatedThreatResponseOrchestrator.ts[0m:[93m822[0m:[93m16[0m - [91merror[0m[90m TS2339: [0mProperty 'completedTime' does not exist on type 'ThreatResponse'.

[7m822[0m       response.completedTime = new Date()
[7m   [0m [91m               ~~~~~~~~~~~~~[0m

[96msrc/lib/threat-intelligence/orchestration/AutomatedThreatResponseOrchestrator.ts[0m:[93m837[0m:[93m16[0m - [91merror[0m[90m TS2339: [0mProperty 'completedTime' does not exist on type 'ThreatResponse'.

[7m837[0m       response.completedTime = new Date()
[7m   [0m [91m               ~~~~~~~~~~~~~[0m

[96msrc/lib/threat-intelligence/orchestration/AutomatedThreatResponseOrchestrator.ts[0m:[93m1043[0m:[93m28[0m - [91merror[0m[90m TS2339: [0mProperty 'severity' does not exist on type 'ThreatResponse'.

[7m1043[0m         severity: response.severity,
[7m    [0m [91m                           ~~~~~~~~[0m

[96msrc/lib/threat-intelligence/orchestration/AutomatedThreatResponseOrchestrator.ts[0m:[93m1052[0m:[93m28[0m - [91merror[0m[90m TS2339: [0mProperty 'severity' does not exist on type 'ThreatResponse'.

[7m1052[0m         severity: response.severity,
[7m    [0m [91m                           ~~~~~~~~[0m

[96msrc/lib/threat-intelligence/orchestration/AutomatedThreatResponseOrchestrator.ts[0m:[93m1062[0m:[93m68[0m - [91merror[0m[90m TS2339: [0mProperty 'severity' does not exist on type 'ThreatResponse'.

[7m1062[0m       const notificationLevel = this.getNotificationLevel(response.severity)
[7m    [0m [91m                                                                   ~~~~~~~~[0m

[96msrc/lib/threat-intelligence/orchestration/AutomatedThreatResponseOrchestrator.ts[0m:[93m1071[0m:[93m28[0m - [91merror[0m[90m TS2339: [0mProperty 'severity' does not exist on type 'ThreatResponse'.

[7m1071[0m         severity: response.severity,
[7m    [0m [91m                           ~~~~~~~~[0m

[96msrc/lib/threat-intelligence/orchestration/AutomatedThreatResponseOrchestrator.ts[0m:[93m1197[0m:[93m33[0m - [91merror[0m[90m TS2339: [0mProperty 'executionTime' does not exist on type 'ThreatResponse'.

[7m1197[0m         executionTime: response.executionTime,
[7m    [0m [91m                                ~~~~~~~~~~~~~[0m

[96msrc/lib/threat-intelligence/orchestration/AutomatedThreatResponseOrchestrator.ts[0m:[93m1198[0m:[93m34[0m - [91merror[0m[90m TS2339: [0mProperty 'completedTime' does not exist on type 'ThreatResponse'.

[7m1198[0m         completionTime: response.completedTime,
[7m    [0m [91m                                 ~~~~~~~~~~~~~[0m

[96msrc/lib/threat-intelligence/orchestration/AutomatedThreatResponseOrchestrator.ts[0m:[93m1236[0m:[93m13[0m - [91merror[0m[90m TS18048: [0m'action' is possibly 'undefined'.

[7m1236[0m         if (action.rollbackStrategy) {
[7m    [0m [91m            ~~~~~~[0m

[96msrc/lib/threat-intelligence/orchestration/AutomatedThreatResponseOrchestrator.ts[0m:[93m1237[0m:[93m59[0m - [91merror[0m[90m TS2345: [0mArgument of type 'ResponseAction | undefined' is not assignable to parameter of type 'ResponseAction'.
  Type 'undefined' is not assignable to type 'ResponseAction'.

[7m1237[0m           const result = await this.executeRollbackAction(action, response)
[7m    [0m [91m                                                          ~~~~~~[0m

[96msrc/lib/threat-intelligence/orchestration/AutomatedThreatResponseOrchestrator.ts[0m:[93m1246[0m:[93m7[0m - [91merror[0m[90m TS2322: [0mType '"rolled_back"' is not assignable to type '"pending" | "completed" | "executing" | "failed"'.

[7m1246[0m       response.status = 'rolled_back'
[7m    [0m [91m      ~~~~~~~~~~~~~~~[0m

[96msrc/lib/threat-intelligence/orchestration/AutomatedThreatResponseOrchestrator.ts[0m:[93m1359[0m:[93m46[0m - [91merror[0m[90m TS2345: [0mArgument of type 'WithId<Document>' is not assignable to parameter of type 'ThreatResponse'.
  Type 'WithId<Document>' is missing the following properties from type 'ThreatResponse': responseId, threatId, responseType, status, and 2 more.

[7m1359[0m         this.activeResponses.set(responseId, response)
[7m    [0m [91m                                             ~~~~~~~~[0m

[96msrc/lib/threat-intelligence/orchestration/AutomatedThreatResponseOrchestrator.ts[0m:[93m1362[0m:[93m7[0m - [91merror[0m[90m TS2322: [0mType 'WithId<Document> | null' is not assignable to type 'ThreatResponse | null'.
  Type 'WithId<Document>' is not assignable to type 'ThreatResponse | null'.
    Type 'WithId<Document>' is missing the following properties from type 'ThreatResponse': responseId, threatId, responseType, status, and 2 more.

[7m1362[0m       return response
[7m    [0m [91m      ~~~~~~[0m

[96msrc/lib/threat-intelligence/orchestration/AutomatedThreatResponseOrchestrator.ts[0m:[93m1425[0m:[93m7[0m - [91merror[0m[90m TS2322: [0mType 'WithId<Document>[]' is not assignable to type 'ThreatResponse[]'.
  Type 'WithId<Document>' is missing the following properties from type 'ThreatResponse': responseId, threatId, responseType, status, and 2 more.

[7m1425[0m       return responses
[7m    [0m [91m      ~~~~~~[0m

[96msrc/lib/threat-intelligence/orchestration/AutomatedThreatResponseOrchestrator.ts[0m:[93m1440[0m:[93m58[0m - [91merror[0m[90m TS2339: [0mProperty 'executionTime' does not exist on type 'ThreatResponse'.

[7m1440[0m           const executionTime = now.getTime() - response.executionTime.getTime()
[7m    [0m [91m                                                         ~~~~~~~~~~~~~[0m

[96msrc/lib/threat-intelligence/orchestration/AutomatedThreatResponseOrchestrator.ts[0m:[93m1450[0m:[93m22[0m - [91merror[0m[90m TS2339: [0mProperty 'completedTime' does not exist on type 'ThreatResponse'.

[7m1450[0m             response.completedTime = now
[7m    [0m [91m                     ~~~~~~~~~~~~~[0m

[96msrc/lib/threat-intelligence/orchestration/AutomatedThreatResponseOrchestrator.ts[0m:[93m1531[0m:[93m20[0m - [91merror[0m[90m TS4111: [0mProperty 'completedTime' comes from an index signature, so it must be accessed with ['completedTime'].

[7m1531[0m           response.completedTime.getTime() - response.executionTime.getTime()
[7m    [0m [91m                   ~~~~~~~~~~~~~[0m

[96msrc/lib/threat-intelligence/orchestration/AutomatedThreatResponseOrchestrator.ts[0m:[93m1531[0m:[93m55[0m - [91merror[0m[90m TS4111: [0mProperty 'executionTime' comes from an index signature, so it must be accessed with ['executionTime'].

[7m1531[0m           response.completedTime.getTime() - response.executionTime.getTime()
[7m    [0m [91m                                                      ~~~~~~~~~~~~~[0m

[96msrc/lib/threat-intelligence/orchestration/AutomatedThreatResponseOrchestrator.ts[0m:[93m1554[0m:[93m32[0m - [91merror[0m[90m TS4111: [0mProperty 'responseType' comes from an index signature, so it must be accessed with ['responseType'].

[7m1554[0m         responsesByType[result.responseType] = result.count
[7m    [0m [91m                               ~~~~~~~~~~~~[0m

[96msrc/lib/threat-intelligence/orchestration/AutomatedThreatResponseOrchestrator.ts[0m:[93m1554[0m:[93m55[0m - [91merror[0m[90m TS4111: [0mProperty 'count' comes from an index signature, so it must be accessed with ['count'].

[7m1554[0m         responsesByType[result.responseType] = result.count
[7m    [0m [91m                                                      ~~~~~[0m

[96msrc/lib/threat-intelligence/orchestration/AutomatedThreatResponseOrchestrator.ts[0m:[93m1576[0m:[93m36[0m - [91merror[0m[90m TS4111: [0mProperty 'severity' comes from an index signature, so it must be accessed with ['severity'].

[7m1576[0m         responsesBySeverity[result.severity] = result.count
[7m    [0m [91m                                   ~~~~~~~~[0m

[96msrc/lib/threat-intelligence/orchestration/AutomatedThreatResponseOrchestrator.ts[0m:[93m1576[0m:[93m55[0m - [91merror[0m[90m TS4111: [0mProperty 'count' comes from an index signature, so it must be accessed with ['count'].

[7m1576[0m         responsesBySeverity[result.severity] = result.count
[7m    [0m [91m                                                      ~~~~~[0m

[96msrc/lib/threat-intelligence/tests/GlobalThreatIntelligenceNetwork.test.ts[0m:[93m680[0m:[93m17[0m - [91merror[0m[90m TS4111: [0mProperty 'MONGODB_URI' comes from an index signature, so it must be accessed with ['MONGODB_URI'].

[7m680[0m     process.env.MONGODB_URI = 'mongodb://localhost:27017/test'
[7m   [0m [91m                ~~~~~~~~~~~[0m

[96msrc/lib/threat-intelligence/tests/GlobalThreatIntelligenceNetwork.test.ts[0m:[93m681[0m:[93m17[0m - [91merror[0m[90m TS4111: [0mProperty 'REDIS_URL' comes from an index signature, so it must be accessed with ['REDIS_URL'].

[7m681[0m     process.env.REDIS_URL = 'redis://localhost:6379'
[7m   [0m [91m                ~~~~~~~~~[0m

[96msrc/lib/threat-intelligence/validation/ThreatValidationSystem.ts[0m:[93m8[0m:[93m10[0m - [91merror[0m[90m TS2614: [0mModule '"ioredis"' has no exported member 'Redis'. Did you mean to use 'import Redis from "ioredis"' instead?

[7m8[0m import { Redis } from 'ioredis'
[7m [0m [91m         ~~~~~[0m

[96msrc/lib/threat-intelligence/validation/ThreatValidationSystem.ts[0m:[93m113[0m:[93m42[0m - [91merror[0m[90m TS4111: [0mProperty 'REDIS_URL' comes from an index signature, so it must be accessed with ['REDIS_URL'].

[7m113[0m       this.redis = new Redis(process.env.REDIS_URL ?? 'redis://localhost:6379')
[7m   [0m [91m                                         ~~~~~~~~~[0m

[96msrc/lib/threat-intelligence/validation/ThreatValidationSystem.ts[0m:[93m125[0m:[93m21[0m - [91merror[0m[90m TS4111: [0mProperty 'MONGODB_URI' comes from an index signature, so it must be accessed with ['MONGODB_URI'].

[7m125[0m         process.env.MONGODB_URI ??
[7m   [0m [91m                    ~~~~~~~~~~~[0m

[96msrc/lib/threat-intelligence/validation/ThreatValidationSystem.ts[0m:[93m143[0m:[93m39[0m - [91merror[0m[90m TS4111: [0mProperty 'ruleId' comes from an index signature, so it must be accessed with ['ruleId'].

[7m143[0m         this.validationRules.set(rule.ruleId, rule)
[7m   [0m [91m                                      ~~~~~~[0m

[96msrc/lib/threat-intelligence/validation/ThreatValidationSystem.ts[0m:[93m143[0m:[93m47[0m - [91merror[0m[90m TS2345: [0mArgument of type 'WithId<Document>' is not assignable to parameter of type 'ValidationRule'.
  Type 'WithId<Document>' is missing the following properties from type 'ValidationRule': ruleId, name, ruleType, conditions, and 2 more.

[7m143[0m         this.validationRules.set(rule.ruleId, rule)
[7m   [0m [91m                                              ~~~~[0m

[96msrc/lib/threat-intelligence/validation/ThreatValidationSystem.ts[0m:[93m225[0m:[93m44[0m - [91merror[0m[90m TS2532: [0mObject is possibly 'undefined'.

[7m225[0m       validation.isValid = overallScore >= this.config.validationThreshold
[7m   [0m [91m                                           ~~~~~~~~~~~~~~~~~~~~~~~~~~~~~~~[0m

[96msrc/lib/threat-intelligence/validation/ThreatValidationSystem.ts[0m:[93m267[0m:[93m5[0m - [91merror[0m[90m TS2741: [0mProperty 'isValid' is missing in type '{ validationId: string; threatId: string; threatType: string; severity: "low" | "medium" | "high" | "critical"; confidence: number; status: "pending"; overallScore: number; results: never[]; createdAt: Date; completedAt: undefined; metadata: { ...; }; }' but required in type 'ThreatValidation'.

[7m267[0m     return {
[7m   [0m [91m    ~~~~~~[0m

  [96msrc/lib/threat-intelligence/global/types.ts[0m:[93m345[0m:[93m3[0m
    [7m345[0m   isValid: boolean
    [7m   [0m [96m  ~~~~~~~[0m
    'isValid' is declared here.

[96msrc/lib/threat-intelligence/validation/ThreatValidationSystem.ts[0m:[93m377[0m:[93m14[0m - [91merror[0m[90m TS18048: [0m'indicator' is possibly 'undefined'.

[7m377[0m         if (!indicator.indicatorType) {
[7m   [0m [91m             ~~~~~~~~~[0m

[96msrc/lib/threat-intelligence/validation/ThreatValidationSystem.ts[0m:[93m381[0m:[93m14[0m - [91merror[0m[90m TS18048: [0m'indicator' is possibly 'undefined'.

[7m381[0m         if (!indicator.value) {
[7m   [0m [91m             ~~~~~~~~~[0m

[96msrc/lib/threat-intelligence/validation/ThreatValidationSystem.ts[0m:[93m386[0m:[93m11[0m - [91merror[0m[90m TS18048: [0m'indicator' is possibly 'undefined'.

[7m386[0m           indicator.confidence === undefined ||
[7m   [0m [91m          ~~~~~~~~~[0m

[96msrc/lib/threat-intelligence/validation/ThreatValidationSystem.ts[0m:[93m387[0m:[93m11[0m - [91merror[0m[90m TS18048: [0m'indicator' is possibly 'undefined'.

[7m387[0m           indicator.confidence < 0 ||
[7m   [0m [91m          ~~~~~~~~~[0m

[96msrc/lib/threat-intelligence/validation/ThreatValidationSystem.ts[0m:[93m388[0m:[93m11[0m - [91merror[0m[90m TS18048: [0m'indicator' is possibly 'undefined'.

[7m388[0m           indicator.confidence > 1
[7m   [0m [91m          ~~~~~~~~~[0m

[96msrc/lib/threat-intelligence/validation/ThreatValidationSystem.ts[0m:[93m394[0m:[93m13[0m - [91merror[0m[90m TS18048: [0m'indicator' is possibly 'undefined'.

[7m394[0m         if (indicator.indicatorType && indicator.value) {
[7m   [0m [91m            ~~~~~~~~~[0m

[96msrc/lib/threat-intelligence/validation/ThreatValidationSystem.ts[0m:[93m394[0m:[93m40[0m - [91merror[0m[90m TS18048: [0m'indicator' is possibly 'undefined'.

[7m394[0m         if (indicator.indicatorType && indicator.value) {
[7m   [0m [91m                                       ~~~~~~~~~[0m

[96msrc/lib/threat-intelligence/validation/ThreatValidationSystem.ts[0m:[93m395[0m:[93m65[0m - [91merror[0m[90m TS2345: [0mArgument of type 'ThreatIndicator | undefined' is not assignable to parameter of type 'ThreatIndicator'.
  Type 'undefined' is not assignable to type 'ThreatIndicator'.

[7m395[0m           const formatValidation = this.validateIndicatorFormat(indicator)
[7m   [0m [91m                                                                ~~~~~~~~~[0m

[96msrc/lib/threat-intelligence/validation/ThreatValidationSystem.ts[0m:[93m835[0m:[93m24[0m - [91merror[0m[90m TS2339: [0mProperty 'getNestedValue' does not exist on type 'ThreatValidationSystemCore'.

[7m835[0m     const value = this.getNestedValue(threat, condition.field)
[7m   [0m [91m                       ~~~~~~~~~~~~~~[0m

[96msrc/lib/threat-intelligence/validation/ThreatValidationSystem.ts[0m:[93m850[0m:[93m24[0m - [91merror[0m[90m TS2339: [0mProperty 'getNestedValue' does not exist on type 'ThreatValidationSystemCore'.

[7m850[0m     const value = this.getNestedValue(threat, condition.field)
[7m   [0m [91m                       ~~~~~~~~~~~~~~[0m

[96msrc/lib/threat-intelligence/validation/ThreatValidationSystem.ts[0m:[93m879[0m:[93m24[0m - [91merror[0m[90m TS2339: [0mProperty 'getNestedValue' does not exist on type 'ThreatValidationSystemCore'.

[7m879[0m     const value = this.getNestedValue(threat, condition.field)
[7m   [0m [91m                       ~~~~~~~~~~~~~~[0m

[96msrc/lib/threat-intelligence/validation/ThreatValidationSystem.ts[0m:[93m903[0m:[93m24[0m - [91merror[0m[90m TS2339: [0mProperty 'getNestedValue' does not exist on type 'ThreatValidationSystemCore'.

[7m903[0m     const value = this.getNestedValue(threat, condition.field)
[7m   [0m [91m                       ~~~~~~~~~~~~~~[0m

[96msrc/lib/threat-intelligence/validation/ThreatValidationSystem.ts[0m:[93m934[0m:[93m24[0m - [91merror[0m[90m TS2339: [0mProperty 'getNestedValue' does not exist on type 'ThreatValidationSystemCore'.

[7m934[0m     const value = this.getNestedValue(threat, condition.field)
[7m   [0m [91m                       ~~~~~~~~~~~~~~[0m

[96msrc/lib/threat-intelligence/validation/ThreatValidationSystem.ts[0m:[93m950[0m:[93m24[0m - [91merror[0m[90m TS2339: [0mProperty 'getNestedValue' does not exist on type 'ThreatValidationSystemCore'.

[7m950[0m     const value = this.getNestedValue(threat, condition.field)
[7m   [0m [91m                       ~~~~~~~~~~~~~~[0m

[96msrc/lib/threat-intelligence/validation/ThreatValidationSystem.ts[0m:[93m1113[0m:[93m48[0m - [91merror[0m[90m TS4111: [0mProperty 'indicators' comes from an index signature, so it must be accessed with ['indicators'].

[7m1113[0m         const commonIndicators = similarThreat.indicators.filter(
[7m    [0m [91m                                               ~~~~~~~~~~[0m

[96msrc/lib/threat-intelligence/validation/ThreatValidationSystem.ts[0m:[93m1120[0m:[93m34[0m - [91merror[0m[90m TS4111: [0mProperty 'indicators' comes from an index signature, so it must be accessed with ['indicators'].

[7m1120[0m           Math.max(similarThreat.indicators.length, threat.indicators.length)
[7m    [0m [91m                                 ~~~~~~~~~~[0m

[96msrc/lib/threat-intelligence/validation/ThreatValidationSystem.ts[0m:[93m1146[0m:[93m41[0m - [91merror[0m[90m TS4111: [0mProperty 'score' comes from an index signature, so it must be accessed with ['score'].

[7m1146[0m           totalReputation += reputation.score
[7m    [0m [91m                                        ~~~~~[0m

[96msrc/lib/threat-intelligence/validation/ThreatValidationSystem.ts[0m:[93m1267[0m:[93m7[0m - [91merror[0m[90m TS2322: [0mType 'WithId<Document>[]' is not assignable to type 'ThreatValidation[]'.
  Type 'WithId<Document>' is missing the following properties from type 'ThreatValidation': validationId, threatId, threatType, severity, and 6 more.

[7m1267[0m       return validations
[7m    [0m [91m      ~~~~~~[0m

[96msrc/lib/threat-intelligence/validation/ThreatValidationSystem.ts[0m:[93m1380[0m:[93m22[0m - [91merror[0m[90m TS4111: [0mProperty 'completedAt' comes from an index signature, so it must be accessed with ['completedAt'].

[7m1380[0m           validation.completedAt.getTime() - validation.createdAt.getTime()
[7m    [0m [91m                     ~~~~~~~~~~~[0m

[96msrc/lib/threat-intelligence/validation/ThreatValidationSystem.ts[0m:[93m1380[0m:[93m57[0m - [91merror[0m[90m TS4111: [0mProperty 'createdAt' comes from an index signature, so it must be accessed with ['createdAt'].

[7m1380[0m           validation.completedAt.getTime() - validation.createdAt.getTime()
[7m    [0m [91m                                                        ~~~~~~~~~[0m

[96msrc/lib/threat-intelligence/validation/ThreatValidationSystem.ts[0m:[93m1443[0m:[93m38[0m - [91merror[0m[90m TS4111: [0mProperty 'severity' comes from an index signature, so it must be accessed with ['severity'].

[7m1443[0m         validationsBySeverity[result.severity] = result.count
[7m    [0m [91m                                     ~~~~~~~~[0m

[96msrc/lib/threat-intelligence/validation/ThreatValidationSystem.ts[0m:[93m1443[0m:[93m57[0m - [91merror[0m[90m TS4111: [0mProperty 'count' comes from an index signature, so it must be accessed with ['count'].

[7m1443[0m         validationsBySeverity[result.severity] = result.count
[7m    [0m [91m                                                        ~~~~~[0m

[96msrc/lib/threat-intelligence/validation/ThreatValidationSystem.ts[0m:[93m1465[0m:[93m34[0m - [91merror[0m[90m TS4111: [0mProperty 'threatType' comes from an index signature, so it must be accessed with ['threatType'].

[7m1465[0m         validationsByType[result.threatType] = result.count
[7m    [0m [91m                                 ~~~~~~~~~~[0m

[96msrc/lib/threat-intelligence/validation/ThreatValidationSystem.ts[0m:[93m1465[0m:[93m55[0m - [91merror[0m[90m TS4111: [0mProperty 'count' comes from an index signature, so it must be accessed with ['count'].

[7m1465[0m         validationsByType[result.threatType] = result.count
[7m    [0m [91m                                                      ~~~~~[0m

[96msrc/lib/tracing/config.ts[0m:[93m47[0m:[93m21[0m - [91merror[0m[90m TS4111: [0mProperty 'TRACING_ENABLED' comes from an index signature, so it must be accessed with ['TRACING_ENABLED'].

[7m47[0m     import.meta.env.TRACING_ENABLED !== 'false' &&
[7m  [0m [91m                    ~~~~~~~~~~~~~~~[0m

[96msrc/lib/tracing/config.ts[0m:[93m48[0m:[93m38[0m - [91merror[0m[90m TS4111: [0mProperty 'TRACING_ENABLED' comes from an index signature, so it must be accessed with ['TRACING_ENABLED'].

[7m48[0m     (isProduction || import.meta.env.TRACING_ENABLED === 'true')
[7m  [0m [91m                                     ~~~~~~~~~~~~~~~[0m

[96msrc/lib/tracing/config.ts[0m:[93m52[0m:[93m34[0m - [91merror[0m[90m TS4111: [0mProperty 'TRACING_SERVICE_NAME' comes from an index signature, so it must be accessed with ['TRACING_SERVICE_NAME'].

[7m52[0m     serviceName: import.meta.env.TRACING_SERVICE_NAME ?? 'pixelated-empathy',
[7m  [0m [91m                                 ~~~~~~~~~~~~~~~~~~~~[0m

[96msrc/lib/tracing/config.ts[0m:[93m53[0m:[93m37[0m - [91merror[0m[90m TS4111: [0mProperty 'TRACING_SERVICE_VERSION' comes from an index signature, so it must be accessed with ['TRACING_SERVICE_VERSION'].

[7m53[0m     serviceVersion: import.meta.env.TRACING_SERVICE_VERSION ?? '1.0.0',
[7m  [0m [91m                                    ~~~~~~~~~~~~~~~~~~~~~~~[0m

[96msrc/lib/tracing/config.ts[0m:[93m58[0m:[93m26[0m - [91merror[0m[90m TS4111: [0mProperty 'TRACING_EXPORTER_TYPE' comes from an index signature, so it must be accessed with ['TRACING_EXPORTER_TYPE'].

[7m58[0m         (import.meta.env.TRACING_EXPORTER_TYPE as
[7m  [0m [91m                         ~~~~~~~~~~~~~~~~~~~~~[0m

[96msrc/lib/tracing/config.ts[0m:[93m64[0m:[93m25[0m - [91merror[0m[90m TS4111: [0mProperty 'TRACING_EXPORTER_ENDPOINT' comes from an index signature, so it must be accessed with ['TRACING_EXPORTER_ENDPOINT'].

[7m64[0m         import.meta.env.TRACING_EXPORTER_ENDPOINT ?? 'http://localhost:4318',
[7m  [0m [91m                        ~~~~~~~~~~~~~~~~~~~~~~~~~[0m

[96msrc/lib/tracing/config.ts[0m:[93m65[0m:[93m32[0m - [91merror[0m[90m TS4111: [0mProperty 'TRACING_EXPORTER_HEADERS' comes from an index signature, so it must be accessed with ['TRACING_EXPORTER_HEADERS'].

[7m65[0m       headers: import.meta.env.TRACING_EXPORTER_HEADERS
[7m  [0m [91m                               ~~~~~~~~~~~~~~~~~~~~~~~~[0m

[96msrc/lib/tracing/config.ts[0m:[93m66[0m:[93m38[0m - [91merror[0m[90m TS4111: [0mProperty 'TRACING_EXPORTER_HEADERS' comes from an index signature, so it must be accessed with ['TRACING_EXPORTER_HEADERS'].

[7m66[0m         ? JSON.parse(import.meta.env.TRACING_EXPORTER_HEADERS)
[7m  [0m [91m                                     ~~~~~~~~~~~~~~~~~~~~~~~~[0m

[96msrc/lib/tracing/config.ts[0m:[93m70[0m:[93m41[0m - [91merror[0m[90m TS4111: [0mProperty 'TRACING_SAMPLING_RATIO' comes from an index signature, so it must be accessed with ['TRACING_SAMPLING_RATIO'].

[7m70[0m       ratio: parseFloat(import.meta.env.TRACING_SAMPLING_RATIO ?? '1.0'),
[7m  [0m [91m                                        ~~~~~~~~~~~~~~~~~~~~~~[0m

[96msrc/lib/tracing/config.ts[0m:[93m73[0m:[93m29[0m - [91merror[0m[90m TS4111: [0mProperty 'TRACING_INSTRUMENT_HTTP' comes from an index signature, so it must be accessed with ['TRACING_INSTRUMENT_HTTP'].

[7m73[0m       http: import.meta.env.TRACING_INSTRUMENT_HTTP !== 'false',
[7m  [0m [91m                            ~~~~~~~~~~~~~~~~~~~~~~~[0m

[96msrc/lib/tracing/config.ts[0m:[93m74[0m:[93m32[0m - [91merror[0m[90m TS4111: [0mProperty 'TRACING_INSTRUMENT_EXPRESS' comes from an index signature, so it must be accessed with ['TRACING_INSTRUMENT_EXPRESS'].

[7m74[0m       express: import.meta.env.TRACING_INSTRUMENT_EXPRESS !== 'false',
[7m  [0m [91m                               ~~~~~~~~~~~~~~~~~~~~~~~~~~[0m

[96msrc/lib/tracing/config.ts[0m:[93m75[0m:[93m32[0m - [91merror[0m[90m TS4111: [0mProperty 'TRACING_INSTRUMENT_MONGODB' comes from an index signature, so it must be accessed with ['TRACING_INSTRUMENT_MONGODB'].

[7m75[0m       mongodb: import.meta.env.TRACING_INSTRUMENT_MONGODB !== 'false',
[7m  [0m [91m                               ~~~~~~~~~~~~~~~~~~~~~~~~~~[0m

[96msrc/lib/tracing/config.ts[0m:[93m76[0m:[93m33[0m - [91merror[0m[90m TS4111: [0mProperty 'TRACING_INSTRUMENT_POSTGRES' comes from an index signature, so it must be accessed with ['TRACING_INSTRUMENT_POSTGRES'].

[7m76[0m       postgres: import.meta.env.TRACING_INSTRUMENT_POSTGRES !== 'false',
[7m  [0m [91m                                ~~~~~~~~~~~~~~~~~~~~~~~~~~~[0m

[96msrc/lib/tracing/config.ts[0m:[93m77[0m:[93m30[0m - [91merror[0m[90m TS4111: [0mProperty 'TRACING_INSTRUMENT_REDIS' comes from an index signature, so it must be accessed with ['TRACING_INSTRUMENT_REDIS'].

[7m77[0m       redis: import.meta.env.TRACING_INSTRUMENT_REDIS !== 'false',
[7m  [0m [91m                             ~~~~~~~~~~~~~~~~~~~~~~~~[0m

[96msrc/lib/tracing/middleware.ts[0m:[93m69[0m:[93m35[0m - [91merror[0m[90m TS4111: [0mProperty 'COMMAND' comes from an index signature, so it must be accessed with ['COMMAND'].

[7m69[0m   const isBuild = import.meta.env.COMMAND === 'build'
[7m  [0m [91m                                  ~~~~~~~[0m

[96msrc/lib/utils.ts[0m:[93m73[0m:[93m16[0m - [91merror[0m[90m TS4111: [0mProperty 'randomBytes' comes from an index signature, so it must be accessed with ['randomBytes'].

[7m73[0m   ? nodeCrypto.randomBytes
[7m  [0m [91m               ~~~~~~~~~~~[0m

[96msrc/lib/utils.ts[0m:[93m119[0m:[93m11[0m - [91merror[0m[90m TS2532: [0mObject is possibly 'undefined'.

[7m119[0m   return (bytes[0] << 24) | (bytes[1] << 16) | (bytes[2] << 8) | bytes[3]
[7m   [0m [91m          ~~~~~~~~[0m

[96msrc/lib/utils.ts[0m:[93m119[0m:[93m30[0m - [91merror[0m[90m TS2532: [0mObject is possibly 'undefined'.

[7m119[0m   return (bytes[0] << 24) | (bytes[1] << 16) | (bytes[2] << 8) | bytes[3]
[7m   [0m [91m                             ~~~~~~~~[0m

[96msrc/lib/utils.ts[0m:[93m119[0m:[93m49[0m - [91merror[0m[90m TS2532: [0mObject is possibly 'undefined'.

[7m119[0m   return (bytes[0] << 24) | (bytes[1] << 16) | (bytes[2] << 8) | bytes[3]
[7m   [0m [91m                                                ~~~~~~~~[0m

[96msrc/lib/utils.ts[0m:[93m119[0m:[93m66[0m - [91merror[0m[90m TS2532: [0mObject is possibly 'undefined'.

[7m119[0m   return (bytes[0] << 24) | (bytes[1] << 16) | (bytes[2] << 8) | bytes[3]
[7m   [0m [91m                                                                 ~~~~~~~~[0m

[96msrc/lib/utils.ts[0m:[93m416[0m:[93m11[0m - [91merror[0m[90m TS2322: [0mType 'T | undefined' is not assignable to type 'T'.
  'T' could be instantiated with an arbitrary type which could be unrelated to 'T | undefined'.

[7m416[0m     const temp: T = denseArr[i]
[7m   [0m [91m          ~~~~[0m

[96msrc/lib/utils/__tests__/json-extraction.test.ts[0m:[93m101[0m:[93m34[0m - [91merror[0m[90m TS2558: [0mExpected 0 type arguments, but got 1.

[7m101[0m     const result = safeJsonParse<TestType>(input)
[7m   [0m [91m                                 ~~~~~~~~[0m

[96msrc/lib/utils/__tests__/json-extraction.test.ts[0m:[93m135[0m:[93m40[0m - [91merror[0m[90m TS2558: [0mExpected 0 type arguments, but got 1.

[7m135[0m     const result = extractAndParseJson<LLMResponse>(input)
[7m   [0m [91m                                       ~~~~~~~~~~~[0m

[96msrc/lib/utils/deduplication.test.ts[0m:[93m255[0m:[93m12[0m - [91merror[0m[90m TS2532: [0mObject is possibly 'undefined'.

[7m255[0m     expect(warningFn.mock.calls[0][0]).toContain('approaching capacity')
[7m   [0m [91m           ~~~~~~~~~~~~~~~~~~~~~~~[0m

[96msrc/lib/utils/deduplication.ts[0m:[93m33[0m:[93m7[0m - [91merror[0m[90m TS2532: [0mObject is possibly 'undefined'.

[7m33[0m       this.bitArray[byteIndex] |= 1 << bitIndex
[7m  [0m [91m      ~~~~~~~~~~~~~~~~~~~~~~~~[0m

[96msrc/lib/utils/deduplication.ts[0m:[93m42[0m:[93m12[0m - [91merror[0m[90m TS2532: [0mObject is possibly 'undefined'.

[7m42[0m       if ((this.bitArray[byteIndex] & (1 << bitIndex)) === 0) {
[7m  [0m [91m           ~~~~~~~~~~~~~~~~~~~~~~~~[0m

[96msrc/lib/utils/demo-helpers.test.ts[0m:[93m444[0m:[93m23[0m - [91merror[0m[90m TS2345: [0mArgument of type 'string | undefined' is not assignable to parameter of type 'string'.
  Type 'undefined' is not assignable to type 'string'.

[7m444[0m       expect(parseInt(parts[1])).toBeGreaterThan(0)
[7m   [0m [91m                      ~~~~~~~~[0m

[96msrc/lib/utils/demo-helpers.ts[0m:[93m591[0m:[93m7[0m - [91merror[0m[90m TS2532: [0mObject is possibly 'undefined'.

[7m591[0m       byteArray[0] * 16777216 +
[7m   [0m [91m      ~~~~~~~~~~~~[0m

[96msrc/lib/utils/demo-helpers.ts[0m:[93m592[0m:[93m7[0m - [91merror[0m[90m TS2532: [0mObject is possibly 'undefined'.

[7m592[0m       byteArray[1] * 65536 +
[7m   [0m [91m      ~~~~~~~~~~~~[0m

[96msrc/lib/utils/demo-helpers.ts[0m:[93m593[0m:[93m7[0m - [91merror[0m[90m TS2532: [0mObject is possibly 'undefined'.

[7m593[0m       byteArray[2] * 256 +
[7m   [0m [91m      ~~~~~~~~~~~~[0m

[96msrc/lib/utils/demo-helpers.ts[0m:[93m594[0m:[93m7[0m - [91merror[0m[90m TS2532: [0mObject is possibly 'undefined'.

[7m594[0m       byteArray[3]
[7m   [0m [91m      ~~~~~~~~~~~~[0m

[96msrc/lib/utils/demo-helpers.ts[0m:[93m596[0m:[93m7[0m - [91merror[0m[90m TS2532: [0mObject is possibly 'undefined'.

[7m596[0m       byteArray[4] * 16777216 +
[7m   [0m [91m      ~~~~~~~~~~~~[0m

[96msrc/lib/utils/demo-helpers.ts[0m:[93m597[0m:[93m7[0m - [91merror[0m[90m TS2532: [0mObject is possibly 'undefined'.

[7m597[0m       byteArray[5] * 65536 +
[7m   [0m [91m      ~~~~~~~~~~~~[0m

[96msrc/lib/utils/demo-helpers.ts[0m:[93m598[0m:[93m7[0m - [91merror[0m[90m TS2532: [0mObject is possibly 'undefined'.

[7m598[0m       byteArray[6] * 256 +
[7m   [0m [91m      ~~~~~~~~~~~~[0m

[96msrc/lib/utils/demo-helpers.ts[0m:[93m599[0m:[93m7[0m - [91merror[0m[90m TS2532: [0mObject is possibly 'undefined'.

[7m599[0m       byteArray[7]
[7m   [0m [91m      ~~~~~~~~~~~~[0m

[96msrc/lib/utils/demo-helpers.ts[0m:[93m645[0m:[93m5[0m - [91merror[0m[90m TS2532: [0mObject is possibly 'undefined'.

[7m645[0m     buffer[0] * 16777216 + buffer[1] * 65536 + buffer[2] * 256 + buffer[3]
[7m   [0m [91m    ~~~~~~~~~[0m

[96msrc/lib/utils/demo-helpers.ts[0m:[93m645[0m:[93m28[0m - [91merror[0m[90m TS2532: [0mObject is possibly 'undefined'.

[7m645[0m     buffer[0] * 16777216 + buffer[1] * 65536 + buffer[2] * 256 + buffer[3]
[7m   [0m [91m                           ~~~~~~~~~[0m

[96msrc/lib/utils/demo-helpers.ts[0m:[93m645[0m:[93m48[0m - [91merror[0m[90m TS2532: [0mObject is possibly 'undefined'.

[7m645[0m     buffer[0] * 16777216 + buffer[1] * 65536 + buffer[2] * 256 + buffer[3]
[7m   [0m [91m                                               ~~~~~~~~~[0m

[96msrc/lib/utils/demo-helpers.ts[0m:[93m645[0m:[93m66[0m - [91merror[0m[90m TS2532: [0mObject is possibly 'undefined'.

[7m645[0m     buffer[0] * 16777216 + buffer[1] * 65536 + buffer[2] * 256 + buffer[3]
[7m   [0m [91m                                                                 ~~~~~~~~~[0m

[96msrc/lib/utils/demo-helpers.ts[0m:[93m647[0m:[93m5[0m - [91merror[0m[90m TS2532: [0mObject is possibly 'undefined'.

[7m647[0m     buffer[4] * 16777216 + buffer[5] * 65536 + buffer[6] * 256 + buffer[7]
[7m   [0m [91m    ~~~~~~~~~[0m

[96msrc/lib/utils/demo-helpers.ts[0m:[93m647[0m:[93m28[0m - [91merror[0m[90m TS2532: [0mObject is possibly 'undefined'.

[7m647[0m     buffer[4] * 16777216 + buffer[5] * 65536 + buffer[6] * 256 + buffer[7]
[7m   [0m [91m                           ~~~~~~~~~[0m

[96msrc/lib/utils/demo-helpers.ts[0m:[93m647[0m:[93m48[0m - [91merror[0m[90m TS2532: [0mObject is possibly 'undefined'.

[7m647[0m     buffer[4] * 16777216 + buffer[5] * 65536 + buffer[6] * 256 + buffer[7]
[7m   [0m [91m                                               ~~~~~~~~~[0m

[96msrc/lib/utils/demo-helpers.ts[0m:[93m647[0m:[93m66[0m - [91merror[0m[90m TS2532: [0mObject is possibly 'undefined'.

[7m647[0m     buffer[4] * 16777216 + buffer[5] * 65536 + buffer[6] * 256 + buffer[7]
[7m   [0m [91m                                                                 ~~~~~~~~~[0m

[96msrc/lib/utils/demo-helpers.ts[0m:[93m665[0m:[93m21[0m - [91merror[0m[90m TS2532: [0mObject is possibly 'undefined'.

[7m665[0m   const randomStr = array[0].toString(36) + array[1].toString(36)
[7m   [0m [91m                    ~~~~~~~~[0m

[96msrc/lib/utils/demo-helpers.ts[0m:[93m665[0m:[93m45[0m - [91merror[0m[90m TS2532: [0mObject is possibly 'undefined'.

[7m665[0m   const randomStr = array[0].toString(36) + array[1].toString(36)
[7m   [0m [91m                                            ~~~~~~~~[0m

[96msrc/lib/utils/ids.ts[0m:[93m20[0m:[93m24[0m - [91merror[0m[90m TS2532: [0mObject is possibly 'undefined'.

[7m20[0m     id += chars.charAt(bytes[i] % chars.length)
[7m  [0m [91m                       ~~~~~~~~[0m

[96msrc/lib/utils/ids.ts[0m:[93m46[0m:[93m8[0m - [91merror[0m[90m TS2532: [0mObject is possibly 'undefined'.

[7m46[0m       (crypto.getRandomValues(new Uint8Array(1))[0] & (15 >> (c / 4)))
[7m  [0m [91m       ~~~~~~~~~~~~~~~~~~~~~~~~~~~~~~~~~~~~~~~~~~~~[0m

[96msrc/lib/utils/image-optimizer.ts[0m:[93m437[0m:[93m25[0m - [91merror[0m[90m TS4111: [0mProperty 'webp' comes from an index signature, so it must be accessed with ['webp'].

[7m437[0m         formatBreakdown.webp = (formatBreakdown.webp ?? 0) + 1
[7m   [0m [91m                        ~~~~[0m

[96msrc/lib/utils/image-optimizer.ts[0m:[93m437[0m:[93m49[0m - [91merror[0m[90m TS4111: [0mProperty 'webp' comes from an index signature, so it must be accessed with ['webp'].

[7m437[0m         formatBreakdown.webp = (formatBreakdown.webp ?? 0) + 1
[7m   [0m [91m                                                ~~~~[0m

[96msrc/lib/utils/image-optimizer.ts[0m:[93m439[0m:[93m25[0m - [91merror[0m[90m TS4111: [0mProperty 'avif' comes from an index signature, so it must be accessed with ['avif'].

[7m439[0m         formatBreakdown.avif = (formatBreakdown.avif ?? 0) + 1
[7m   [0m [91m                        ~~~~[0m

[96msrc/lib/utils/image-optimizer.ts[0m:[93m439[0m:[93m49[0m - [91merror[0m[90m TS4111: [0mProperty 'avif' comes from an index signature, so it must be accessed with ['avif'].

[7m439[0m         formatBreakdown.avif = (formatBreakdown.avif ?? 0) + 1
[7m   [0m [91m                                                ~~~~[0m

[96msrc/lib/utils/json-extraction.ts[0m:[93m135[0m:[93m24[0m - [91merror[0m[90m TS2558: [0mExpected 0 type arguments, but got 1.

[7m135[0m   return safeJsonParse<unknown>(jsonString)
[7m   [0m [91m                       ~~~~~~~[0m

[96msrc/lib/utils/json-validator.test.ts[0m:[93m6[0m:[93m3[0m - [91merror[0m[90m TS6133: [0m'validateCrisisDetectionResponse' is declared but its value is never read.

[7m6[0m   validateCrisisDetectionResponse,
[7m [0m [91m  ~~~~~~~~~~~~~~~~~~~~~~~~~~~~~~~[0m

[96msrc/lib/utils/platform-status.ts[0m:[93m430[0m:[93m28[0m - [91merror[0m[90m TS4111: [0mProperty 'APP_VERSION' comes from an index signature, so it must be accessed with ['APP_VERSION'].

[7m430[0m       version: process.env.APP_VERSION ?? '1.0.0',
[7m   [0m [91m                           ~~~~~~~~~~~[0m

[96msrc/lib/validation/react-hook-form.ts[0m:[93m44[0m:[93m5[0m - [91merror[0m[90m TS2322: [0mType 'Resolver<FieldValues, any, T>' is not assignable to type 'Resolver<T, any, T>'.
  Types of parameters 'options' and 'options' are incompatible.
    Type 'ResolverOptions<T>' is not assignable to type 'ResolverOptions<FieldValues>'.
      Type 'FieldValues' is not assignable to type 'T'.
        'FieldValues' is assignable to the constraint of type 'T', but 'T' could be instantiated with a different subtype of constraint 'FieldValues'.

[7m44[0m     resolver: zodResolver(schema),
[7m  [0m [91m    ~~~~~~~~[0m

[96msrc/lib/validation/react-hook-form.ts[0m:[93m44[0m:[93m27[0m - [91merror[0m[90m TS2769: [0mNo overload matches this call.
  Overload 1 of 4, '(schema: Zod3Type<T, FieldValues>, schemaOptions?: ParseParams | undefined, resolverOptions?: NonRawResolverOptions | undefined): Resolver<...>', gave the following error.
    Argument of type 'ZodType<T, unknown, $ZodTypeInternals<T, unknown>>' is not assignable to parameter of type 'Zod3Type<T, FieldValues>'.
      Types of property '_input' are incompatible.
        Type 'unknown' is not assignable to type 'FieldValues'.
  Overload 2 of 4, '(schema: $ZodType<unknown, FieldValues, $ZodTypeInternals<unknown, FieldValues>>, schemaOptions?: ParseContext<$ZodIssue> | undefined, resolverOptions?: NonRawResolverOptions | undefined): Resolver<...>', gave the following error.
    Argument of type 'ZodType<T, unknown, $ZodTypeInternals<T, unknown>>' is not assignable to parameter of type '$ZodType<unknown, FieldValues, $ZodTypeInternals<unknown, FieldValues>>'.
      Types of property '_zod' are incompatible.
        Type '$ZodTypeInternals<T, unknown>' is not assignable to type '$ZodTypeInternals<unknown, FieldValues>'.
          Type 'unknown' is not assignable to type 'FieldValues'.

[7m44[0m     resolver: zodResolver(schema),
[7m  [0m [91m                          ~~~~~~[0m


[96msrc/lib/validation/react-hook-form.ts[0m:[93m45[0m:[93m5[0m - [91merror[0m[90m TS2322: [0mType 'T' is not assignable to type 'AsyncDefaultValues<T> | DefaultValues<T> | undefined'.
  Type 'FieldValues' is not assignable to type 'AsyncDefaultValues<T> | DefaultValues<T> | undefined'.

[7m45[0m     defaultValues: defaultValues as T,
[7m  [0m [91m    ~~~~~~~~~~~~~[0m

[96msrc/lib/validation/react-hook-form.ts[0m:[93m81[0m:[93m35[0m - [91merror[0m[90m TS1361: [0m'ValidationError' cannot be used as a value because it was imported using 'import type'.

[7m81[0m         if (normalized instanceof ValidationError) {
[7m  [0m [91m                                  ~~~~~~~~~~~~~~~[0m

  [96msrc/lib/validation/react-hook-form.ts[0m:[93m13[0m:[93m3[0m
    [7m13[0m   type ValidationError,
    [7m  [0m [96m  ~~~~~~~~~~~~~~~~~~~~[0m
    'ValidationError' was imported here.

[96msrc/lib/validation/react-hook-form.ts[0m:[93m87[0m:[93m46[0m - [91merror[0m[90m TS1361: [0m'ValidationError' cannot be used as a value because it was imported using 'import type'.

[7m87[0m         if (onError && normalized instanceof ValidationError) {
[7m  [0m [91m                                             ~~~~~~~~~~~~~~~[0m

  [96msrc/lib/validation/react-hook-form.ts[0m:[93m13[0m:[93m3[0m
    [7m13[0m   type ValidationError,
    [7m  [0m [96m  ~~~~~~~~~~~~~~~~~~~~[0m
    'ValidationError' was imported here.

[96msrc/lib/validation/react-hook-form.ts[0m:[93m103[0m:[93m5[0m - [91merror[0m[90m TS2322: [0mType 'UseFormReturn<T, any, TFieldValues>' is not assignable to type 'UseFormReturn<T>'.
  Types of property 'handleSubmit' are incompatible.
    Type 'UseFormHandleSubmit<T, TFieldValues>' is not assignable to type 'UseFormHandleSubmit<T, T>'.
      Types of parameters 'onValid' and 'onValid' are incompatible.
        Types of parameters 'data' and 'data' are incompatible.
          Type 'TFieldValues' is not assignable to type 'T'.
            'TFieldValues' is assignable to the constraint of type 'T', but 'T' could be instantiated with a different subtype of constraint 'FieldValues'.

[7m103[0m     form,
[7m   [0m [91m    ~~~~[0m

  [96msrc/lib/validation/react-hook-form.ts[0m:[93m24[0m:[93m3[0m
    [7m24[0m   form: UseFormReturn<T>
    [7m  [0m [96m  ~~~~[0m
    The expected type comes from property 'form' which is declared here on type 'UseValidatedFormReturn<T>'

[96msrc/lib/validation/react-hook-form.ts[0m:[93m143[0m:[93m12[0m - [91merror[0m[90m TS2536: [0mType 'keyof T' cannot be used to index type 'Partial<Readonly<DeepMap<DeepPartial<T>, boolean>>>'.

[7m143[0m   return !!form.formState.touchedFields[fieldName]
[7m   [0m [91m           ~~~~~~~~~~~~~~~~~~~~~~~~~~~~~~~~~~~~~~~[0m

[96msrc/lib/validation/react-hook-form.ts[0m:[93m153[0m:[93m12[0m - [91merror[0m[90m TS2536: [0mType 'keyof T' cannot be used to index type 'Partial<Readonly<DeepMap<DeepPartial<T>, boolean>>>'.

[7m153[0m   return !!form.formState.dirtyFields[fieldName]
[7m   [0m [91m           ~~~~~~~~~~~~~~~~~~~~~~~~~~~~~~~~~~~~~[0m

[96msrc/lib/validation/validateRequestBody.ts[0m:[93m5[0m:[93m15[0m - [91merror[0m[90m TS2305: [0mModule '"astro"' has no exported member 'Request'.

[7m5[0m import type { Request } from 'astro'
[7m [0m [91m              ~~~~~~~[0m

[96msrc/lib/websocket/__tests__/server.test.ts[0m:[93m65[0m:[93m28[0m - [91merror[0m[90m TS2339: [0mProperty 'OPEN' does not exist on type 'Mock<Procedure>'.

[7m65[0m   mockWebSocketConstructor.OPEN = 1
[7m  [0m [91m                           ~~~~[0m

[96msrc/lib/websocket/__tests__/server.test.ts[0m:[93m103[0m:[93m19[0m - [91merror[0m[90m TS2571: [0mObject is of type 'unknown'.

[7m103[0m     mockClients = (wss as unknown).clients
[7m   [0m [91m                  ~~~~~~~~~~~~~~~~[0m

[96msrc/lib/websocket/__tests__/server.test.ts[0m:[93m112[0m:[93m32[0m - [91merror[0m[90m TS2571: [0mObject is of type 'unknown'.

[7m112[0m       const handleConnection = (wss as unknown).handleConnection.bind(wss)
[7m   [0m [91m                               ~~~~~~~~~~~~~~~~[0m

[96msrc/lib/websocket/__tests__/server.test.ts[0m:[93m127[0m:[93m32[0m - [91merror[0m[90m TS2571: [0mObject is of type 'unknown'.

[7m127[0m       const handleConnection = (wss as unknown).handleConnection.bind(wss)
[7m   [0m [91m                               ~~~~~~~~~~~~~~~~[0m

[96msrc/lib/websocket/__tests__/server.test.ts[0m:[93m152[0m:[93m32[0m - [91merror[0m[90m TS2571: [0mObject is of type 'unknown'.

[7m152[0m       const handleConnection = (wss as unknown).handleConnection.bind(wss)
[7m   [0m [91m                               ~~~~~~~~~~~~~~~~[0m

[96msrc/lib/websocket/__tests__/server.test.ts[0m:[93m188[0m:[93m32[0m - [91merror[0m[90m TS2571: [0mObject is of type 'unknown'.

[7m188[0m       const handleConnection = (wss as unknown).handleConnection.bind(wss)
[7m   [0m [91m                               ~~~~~~~~~~~~~~~~[0m

[96msrc/lib/websocket/__tests__/server.test.ts[0m:[93m211[0m:[93m32[0m - [91merror[0m[90m TS2571: [0mObject is of type 'unknown'.

[7m211[0m       const handleConnection = (wss as unknown).handleConnection.bind(wss)
[7m   [0m [91m                               ~~~~~~~~~~~~~~~~[0m

[96msrc/lib/websocket/__tests__/server.test.ts[0m:[93m229[0m:[93m32[0m - [91merror[0m[90m TS2571: [0mObject is of type 'unknown'.

[7m229[0m       const handleConnection = (wss as unknown).handleConnection.bind(wss)
[7m   [0m [91m                               ~~~~~~~~~~~~~~~~[0m

[96msrc/lib/websocket/__tests__/server.test.ts[0m:[93m251[0m:[93m36[0m - [91merror[0m[90m TS4111: [0mProperty 'CLIENT_ID' comes from an index signature, so it must be accessed with ['CLIENT_ID'].

[7m251[0m       const clientId = process.env.CLIENT_ID ?? 'example-client-id'
[7m   [0m [91m                                   ~~~~~~~~~[0m

[96msrc/lib/websocket/__tests__/server.test.ts[0m:[93m255[0m:[93m8[0m - [91merror[0m[90m TS2571: [0mObject is of type 'unknown'.

[7m255[0m       ;(wss as unknown).sessions.set(sessionId, new Set([clientId]))
[7m   [0m [91m       ~~~~~~~~~~~~~~~~[0m

[96msrc/lib/websocket/__tests__/server.test.ts[0m:[93m258[0m:[93m8[0m - [91merror[0m[90m TS2571: [0mObject is of type 'unknown'.

[7m258[0m       ;(wss as unknown).broadcastToSession(sessionId, {
[7m   [0m [91m       ~~~~~~~~~~~~~~~~[0m

[96msrc/lib/websocket/__tests__/server.test.ts[0m:[93m283[0m:[93m32[0m - [91merror[0m[90m TS2571: [0mObject is of type 'unknown'.

[7m283[0m       const handleConnection = (wss as unknown).handleConnection.bind(wss)
[7m   [0m [91m                               ~~~~~~~~~~~~~~~~[0m

[96msrc/lib/websocket/__tests__/server.test.ts[0m:[93m314[0m:[93m32[0m - [91merror[0m[90m TS2571: [0mObject is of type 'unknown'.

[7m314[0m       const handleConnection = (wss as unknown).handleConnection.bind(wss)
[7m   [0m [91m                               ~~~~~~~~~~~~~~~~[0m

[96msrc/load-tests/breach-notification.load.ts[0m:[93m6[0m:[93m15[0m - [91merror[0m[90m TS2614: [0mModule '"k6/http"' has no exported member 'RefinedResponse'. Did you mean to use 'import RefinedResponse from "k6/http"' instead?

[7m6[0m import type { RefinedResponse } from 'k6/http'
[7m [0m [91m              ~~~~~~~~~~~~~~~[0m

[96msrc/load-tests/breach-notification.load.ts[0m:[93m30[0m:[93m7[0m - [91merror[0m[90m TS2322: [0mType '{ 'Content-Type': string; 'X-Audit-Source': string; }' is not assignable to type 'string'.

[7m30[0m       headers: {
[7m  [0m [91m      ~~~~~~~[0m

[96msrc/load-tests/breach-notification.load.ts[0m:[93m146[0m:[93m3[0m - [91merror[0m[90m TS2322: [0mType 'unknown' is not assignable to type 'void'.

[7m146[0m   return response.json()
[7m   [0m [91m  ~~~~~~[0m

[96msrc/load-tests/breach-notification.load.ts[0m:[93m159[0m:[93m7[0m - [91merror[0m[90m TS2322: [0mType '{ 'Content-Type': string; 'X-Test-Mode': string; }' is not assignable to type 'string'.

[7m159[0m       headers: {
[7m   [0m [91m      ~~~~~~~[0m

[96msrc/load-tests/breach-notification.load.ts[0m:[93m190[0m:[93m46[0m - [91merror[0m[90m TS2345: [0mArgument of type 'unknown' is not assignable to parameter of type 'string'.

[7m190[0m     const statusResponse = checkBreachStatus(breachId)
[7m   [0m [91m                                             ~~~~~~~~[0m

[96msrc/load-tests/breach-notification.load.ts[0m:[93m192[0m:[93m24[0m - [91merror[0m[90m TS2339: [0mProperty 'notificationStatus' does not exist on type 'void'.

[7m192[0m     if (statusResponse.notificationStatus === 'completed') {
[7m   [0m [91m                       ~~~~~~~~~~~~~~~~~~[0m

[96msrc/middleware/security.ts[0m:[93m121[0m:[93m26[0m - [91merror[0m[90m TS2532: [0mObject is possibly 'undefined'.

[7m121[0m     const forwardedFor = request.headers
[7m   [0m [91m                         ~~~~~~~~~~~~~~~[0m
[7m122[0m       .get('x-forwarded-for')
[7m   [0m [91m~~~~~~~~~~~~~~~~~~~~~~~~~~~~~[0m
[7m123[0m       ?.split(',')[0]
[7m   [0m [91m~~~~~~~~~~~~~~~~~~~~~[0m

[96msrc/pages/ai/mental-health/analyze.ts[0m:[93m20[0m:[93m32[0m - [91merror[0m[90m TS2339: [0mProperty 'chat' does not exist on type '{ adapter: MentalLLaMAAdapter; modelProvider: MentalLLaMAModelProvider; }'.

[7m20[0m     const result = await model.chat(messages)
[7m  [0m [91m                               ~~~~[0m

[96msrc/pages/api/admin.bak/audit-logs.ts[0m:[93m7[0m:[93m29[0m - [91merror[0m[90m TS7031: [0mBinding element 'url' implicitly has an 'any' type.

[7m7[0m export const GET = async ({ url }) => {
[7m [0m [91m                            ~~~[0m

[96msrc/pages/api/admin.bak/backup/recovery-test.ts[0m:[93m173[0m:[93m47[0m - [91merror[0m[90m TS2345: [0mArgument of type 'string' is not assignable to parameter of type 'AdminPermission | undefined'.

[7m173[0m   const middlewareResponse = await adminGuard(AdminPermission.MANAGE_SECURITY)(
[7m   [0m [91m                                              ~~~~~~~~~~~~~~~~~~~~~~~~~~~~~~~[0m

[96msrc/pages/api/admin.bak/backup/recovery-test.ts[0m:[93m174[0m:[93m5[0m - [91merror[0m[90m TS2345: [0mArgument of type 'APIContext<Record<string, any>, Record<string, string | undefined>>' is not assignable to parameter of type 'BaseAPIContext<Record<string, unknown>, Record<string, string | undefined>>'.
  Types of property 'locals' are incompatible.
    Type 'Locals' is not assignable to type 'Record<string, unknown>'.
      Index signature for type 'string' is missing in type 'Locals'.

[7m174[0m     context,
[7m   [0m [91m    ~~~~~~~[0m

[96msrc/pages/api/admin.bak/patient-rights/delete-request.ts[0m:[93m21[0m:[93m30[0m - [91merror[0m[90m TS7031: [0mBinding element 'request' implicitly has an 'any' type.

[7m21[0m export const POST = async ({ request, cookies }) => {
[7m  [0m [91m                             ~~~~~~~[0m

[96msrc/pages/api/admin.bak/patient-rights/delete-request.ts[0m:[93m21[0m:[93m39[0m - [91merror[0m[90m TS7031: [0mBinding element 'cookies' implicitly has an 'any' type.

[7m21[0m export const POST = async ({ request, cookies }) => {
[7m  [0m [91m                                      ~~~~~~~[0m

[96msrc/pages/api/admin.bak/patient-rights/delete-request.ts[0m:[93m39[0m:[93m15[0m - [91merror[0m[90m TS2551: [0mProperty 'roles' does not exist on type '{ id: string; role: string; accountId?: string | undefined; workspaceId?: string | undefined; }'. Did you mean 'role'?

[7m39[0m     if (!user.roles?.includes('admin')) {
[7m  [0m [91m              ~~~~~[0m

  [96msrc/lib/auth/index.ts[0m:[93m27[0m:[93m3[0m
    [7m27[0m   role: string
    [7m  [0m [96m  ~~~~[0m
    'role' is declared here.

[96msrc/pages/api/admin.bak/patient-rights/update-deletion-request.ts[0m:[93m16[0m:[93m30[0m - [91merror[0m[90m TS7031: [0mBinding element 'request' implicitly has an 'any' type.

[7m16[0m export const POST = async ({ request, cookies }) => {
[7m  [0m [91m                             ~~~~~~~[0m

[96msrc/pages/api/admin.bak/patient-rights/update-deletion-request.ts[0m:[93m16[0m:[93m39[0m - [91merror[0m[90m TS7031: [0mBinding element 'cookies' implicitly has an 'any' type.

[7m16[0m export const POST = async ({ request, cookies }) => {
[7m  [0m [91m                                      ~~~~~~~[0m

[96msrc/pages/api/admin.bak/sessions.ts[0m:[93m22[0m:[93m63[0m - [91merror[0m[90m TS2339: [0mProperty 'MANAGE_SESSIONS' does not exist on type '{ MANAGE_SECURITY: string; }'.

[7m22[0m   const middlewareResponse = await adminGuard(AdminPermission.MANAGE_SESSIONS)(
[7m  [0m [91m                                                              ~~~~~~~~~~~~~~~[0m

[96msrc/pages/api/admin.bak/sessions.ts[0m:[93m23[0m:[93m5[0m - [91merror[0m[90m TS2345: [0mArgument of type 'APIContext<Record<string, any>, Record<string, string | undefined>>' is not assignable to parameter of type 'BaseAPIContext<Record<string, unknown>, Record<string, string | undefined>>'.
  Types of property 'locals' are incompatible.
    Type 'Locals' is not assignable to type 'Record<string, unknown>'.
      Index signature for type 'string' is missing in type 'Locals'.

[7m23[0m     context,
[7m  [0m [91m    ~~~~~~~[0m

[96msrc/pages/api/admin.bak/sessions.ts[0m:[93m32[0m:[93m39[0m - [91merror[0m[90m TS2339: [0mProperty 'admin' does not exist on type 'Locals'.

[7m32[0m     const { userId } = context.locals.admin
[7m  [0m [91m                                      ~~~~~[0m

[96msrc/pages/api/admin.bak/sessions.ts[0m:[93m44[0m:[93m39[0m - [91merror[0m[90m TS2339: [0mProperty 'getInstance' does not exist on type '{ getActiveSessions(): Promise<never[]>; }'.

[7m44[0m     const adminService = AdminService.getInstance()
[7m  [0m [91m                                      ~~~~~~~~~~~[0m

[96msrc/pages/api/admin.bak/sessions.ts[0m:[93m95[0m:[93m63[0m - [91merror[0m[90m TS2339: [0mProperty 'MANAGE_SESSIONS' does not exist on type '{ MANAGE_SECURITY: string; }'.

[7m95[0m   const middlewareResponse = await adminGuard(AdminPermission.MANAGE_SESSIONS)(
[7m  [0m [91m                                                              ~~~~~~~~~~~~~~~[0m

[96msrc/pages/api/admin.bak/sessions.ts[0m:[93m96[0m:[93m5[0m - [91merror[0m[90m TS2345: [0mArgument of type 'APIContext<Record<string, any>, Record<string, string | undefined>>' is not assignable to parameter of type 'BaseAPIContext<Record<string, unknown>, Record<string, string | undefined>>'.
  Types of property 'locals' are incompatible.
    Type 'Locals' is not assignable to type 'Record<string, unknown>'.
      Index signature for type 'string' is missing in type 'Locals'.

[7m96[0m     context,
[7m  [0m [91m    ~~~~~~~[0m

[96msrc/pages/api/admin.bak/sessions.ts[0m:[93m105[0m:[93m48[0m - [91merror[0m[90m TS2339: [0mProperty 'admin' does not exist on type 'Locals'.

[7m105[0m     const { userId: adminId } = context.locals.admin
[7m   [0m [91m                                               ~~~~~[0m

[96msrc/pages/api/admin.bak/sessions.ts[0m:[93m122[0m:[93m39[0m - [91merror[0m[90m TS2339: [0mProperty 'getInstance' does not exist on type '{ getActiveSessions(): Promise<never[]>; }'.

[7m122[0m     const adminService = AdminService.getInstance()
[7m   [0m [91m                                      ~~~~~~~~~~~[0m

[96msrc/pages/api/admin.bak/users.ts[0m:[93m23[0m:[93m63[0m - [91merror[0m[90m TS2339: [0mProperty 'VIEW_USERS' does not exist on type '{ MANAGE_SECURITY: string; }'.

[7m23[0m   const middlewareResponse = await adminGuard(AdminPermission.VIEW_USERS)(
[7m  [0m [91m                                                              ~~~~~~~~~~[0m

[96msrc/pages/api/admin.bak/users.ts[0m:[93m24[0m:[93m5[0m - [91merror[0m[90m TS2345: [0mArgument of type 'APIContext<Record<string, any>, Record<string, string | undefined>>' is not assignable to parameter of type 'BaseAPIContext<Record<string, unknown>, Record<string, string | undefined>>'.
  Types of property 'locals' are incompatible.
    Type 'Locals' is not assignable to type 'Record<string, unknown>'.
      Index signature for type 'string' is missing in type 'Locals'.

[7m24[0m     context,
[7m  [0m [91m    ~~~~~~~[0m

[96msrc/pages/api/admin.bak/users.ts[0m:[93m33[0m:[93m39[0m - [91merror[0m[90m TS2339: [0mProperty 'admin' does not exist on type 'Locals'.

[7m33[0m     const { userId } = context.locals.admin
[7m  [0m [91m                                      ~~~~~[0m

[96msrc/pages/api/admin.bak/users.ts[0m:[93m42[0m:[93m39[0m - [91merror[0m[90m TS2339: [0mProperty 'getInstance' does not exist on type '{ getActiveSessions(): Promise<never[]>; }'.

[7m42[0m     const adminService = AdminService.getInstance()
[7m  [0m [91m                                      ~~~~~~~~~~~[0m

[96msrc/pages/api/admin.bak/users.ts[0m:[93m93[0m:[93m63[0m - [91merror[0m[90m TS2339: [0mProperty 'UPDATE_USER' does not exist on type '{ MANAGE_SECURITY: string; }'.

[7m93[0m   const middlewareResponse = await adminGuard(AdminPermission.UPDATE_USER)(
[7m  [0m [91m                                                              ~~~~~~~~~~~[0m

[96msrc/pages/api/admin.bak/users.ts[0m:[93m94[0m:[93m5[0m - [91merror[0m[90m TS2345: [0mArgument of type 'APIContext<Record<string, any>, Record<string, string | undefined>>' is not assignable to parameter of type 'BaseAPIContext<Record<string, unknown>, Record<string, string | undefined>>'.
  Types of property 'locals' are incompatible.
    Type 'Locals' is not assignable to type 'Record<string, unknown>'.
      Index signature for type 'string' is missing in type 'Locals'.

[7m94[0m     context,
[7m  [0m [91m    ~~~~~~~[0m

[96msrc/pages/api/admin.bak/users.ts[0m:[93m103[0m:[93m48[0m - [91merror[0m[90m TS2339: [0mProperty 'admin' does not exist on type 'Locals'.

[7m103[0m     const { userId: adminId } = context.locals.admin
[7m   [0m [91m                                               ~~~~~[0m

[96msrc/pages/api/admin.bak/users.ts[0m:[93m120[0m:[93m39[0m - [91merror[0m[90m TS2339: [0mProperty 'getInstance' does not exist on type '{ getActiveSessions(): Promise<never[]>; }'.

[7m120[0m     const adminService = AdminService.getInstance()
[7m   [0m [91m                                      ~~~~~~~~~~~[0m

[96msrc/pages/api/agent-notes/handoffs.ts[0m:[93m83[0m:[93m47[0m - [91merror[0m[90m TS2345: [0mArgument of type 'Locals' is not assignable to parameter of type 'Partial<{ user?: { id?: string | null | undefined; role?: string | null | undefined; } | undefined; }>'.
  Types of property 'user' are incompatible.
    Type '{ id: string; email: string; emailVerified: boolean; role: string; fullName?: string | undefined; avatarUrl?: string | undefined; createdAt?: string | undefined; updatedAt?: string | undefined; lastLogin?: string | undefined; appMetadata?: Record<...> | undefined; userMetadata?: Record<...> | undefined; } | null' is not assignable to type '{ id?: string | null | undefined; role?: string | null | undefined; } | undefined'.
      Type 'null' is not assignable to type '{ id?: string | null | undefined; role?: string | null | undefined; } | undefined'.

[7m83[0m     const actorContext = resolveActorIdentity(locals)
[7m  [0m [91m                                              ~~~~~~[0m

[96msrc/pages/api/agent-notes/syntheses.ts[0m:[93m59[0m:[93m47[0m - [91merror[0m[90m TS2345: [0mArgument of type 'Locals' is not assignable to parameter of type 'Partial<{ user?: { id?: string | null | undefined; role?: string | null | undefined; } | undefined; }>'.
  Types of property 'user' are incompatible.
    Type '{ id: string; email: string; emailVerified: boolean; role: string; fullName?: string | undefined; avatarUrl?: string | undefined; createdAt?: string | undefined; updatedAt?: string | undefined; lastLogin?: string | undefined; appMetadata?: Record<...> | undefined; userMetadata?: Record<...> | undefined; } | null' is not assignable to type '{ id?: string | null | undefined; role?: string | null | undefined; } | undefined'.
      Type 'null' is not assignable to type '{ id?: string | null | undefined; role?: string | null | undefined; } | undefined'.

[7m59[0m     const actorContext = resolveActorIdentity(locals)
[7m  [0m [91m                                              ~~~~~~[0m

[96msrc/pages/api/agent-notes/turns.ts[0m:[93m182[0m:[93m45[0m - [91merror[0m[90m TS2345: [0mArgument of type 'Locals' is not assignable to parameter of type 'Partial<{ user?: { id?: string | null | undefined; role?: string | null | undefined; } | undefined; }>'.
  Types of property 'user' are incompatible.
    Type '{ id: string; email: string; emailVerified: boolean; role: string; fullName?: string | undefined; avatarUrl?: string | undefined; createdAt?: string | undefined; updatedAt?: string | undefined; lastLogin?: string | undefined; appMetadata?: Record<...> | undefined; userMetadata?: Record<...> | undefined; } | null' is not assignable to type '{ id?: string | null | undefined; role?: string | null | undefined; } | undefined'.
      Type 'null' is not assignable to type '{ id?: string | null | undefined; role?: string | null | undefined; } | undefined'.

[7m182[0m   const actorContext = resolveActorIdentity(locals)
[7m   [0m [91m                                            ~~~~~~[0m

[96msrc/pages/api/agent-notes/turns.ts[0m:[93m202[0m:[93m31[0m - [91merror[0m[90m TS2345: [0mArgument of type 'TurnQueryParams' is not assignable to parameter of type 'TurnQuery'.
  Types of property 'requestedAction' are incompatible.
    Type 'string | undefined' is not assignable to type 'RequestedAction | undefined'.
      Type 'string' is not assignable to type 'RequestedAction | undefined'.

[7m202[0m     turns = await ledger.list(queryParams)
[7m   [0m [91m                              ~~~~~~~~~~~[0m

[96msrc/pages/api/agent-notes/turns.ts[0m:[93m253[0m:[93m47[0m - [91merror[0m[90m TS2345: [0mArgument of type 'Locals' is not assignable to parameter of type 'Partial<{ user?: { id?: string | null | undefined; role?: string | null | undefined; } | undefined; }>'.
  Types of property 'user' are incompatible.
    Type '{ id: string; email: string; emailVerified: boolean; role: string; fullName?: string | undefined; avatarUrl?: string | undefined; createdAt?: string | undefined; updatedAt?: string | undefined; lastLogin?: string | undefined; appMetadata?: Record<...> | undefined; userMetadata?: Record<...> | undefined; } | null' is not assignable to type '{ id?: string | null | undefined; role?: string | null | undefined; } | undefined'.
      Type 'null' is not assignable to type '{ id?: string | null | undefined; role?: string | null | undefined; } | undefined'.

[7m253[0m     const actorContext = resolveActorIdentity(locals)
[7m   [0m [91m                                              ~~~~~~[0m

[96msrc/pages/api/ai/auth0-high-risk-detections.ts[0m:[93m12[0m:[93m29[0m - [91merror[0m[90m TS7031: [0mBinding element 'request' implicitly has an 'any' type.

[7m12[0m export const GET = async ({ request, url }) => {
[7m  [0m [91m                            ~~~~~~~[0m

[96msrc/pages/api/ai/auth0-high-risk-detections.ts[0m:[93m12[0m:[93m38[0m - [91merror[0m[90m TS7031: [0mBinding element 'url' implicitly has an 'any' type.

[7m12[0m export const GET = async ({ request, url }) => {
[7m  [0m [91m                                     ~~~[0m

[96msrc/pages/api/ai/crisis-detection.ts[0m:[93m50[0m:[93m21[0m - [91merror[0m[90m TS2554: [0mExpected 1 arguments, but got 0.

[7m50[0m     session = await getSession()
[7m  [0m [91m                    ~~~~~~~~~~[0m

  [96msrc/lib/auth/session.ts[0m:[93m164[0m:[93m34[0m
    [7m164[0m export async function getSession(request: Request): Promise<Session | null> {
    [7m   [0m [96m                                 ~~~~~~~~~~~~~~~~[0m
    An argument for 'request' was not provided.

[96msrc/pages/api/ai/embeddings/batch.ts[0m:[93m45[0m:[93m43[0m - [91merror[0m[90m TS2554: [0mExpected 1 arguments, but got 0.

[7m45[0m     const session: Session | null = await getSession()
[7m  [0m [91m                                          ~~~~~~~~~~[0m

  [96msrc/lib/auth/session.ts[0m:[93m164[0m:[93m34[0m
    [7m164[0m export async function getSession(request: Request): Promise<Session | null> {
    [7m   [0m [96m                                 ~~~~~~~~~~~~~~~~[0m
    An argument for 'request' was not provided.

[96msrc/pages/api/ai/embeddings/batch.ts[0m:[93m102[0m:[93m43[0m - [91merror[0m[90m TS2554: [0mExpected 1 arguments, but got 0.

[7m102[0m     const session: Session | null = await getSession()
[7m   [0m [91m                                          ~~~~~~~~~~[0m

  [96msrc/lib/auth/session.ts[0m:[93m164[0m:[93m34[0m
    [7m164[0m export async function getSession(request: Request): Promise<Session | null> {
    [7m   [0m [96m                                 ~~~~~~~~~~~~~~~~[0m
    An argument for 'request' was not provided.

[96msrc/pages/api/ai/embeddings/embed.ts[0m:[93m46[0m:[93m43[0m - [91merror[0m[90m TS2554: [0mExpected 1 arguments, but got 0.

[7m46[0m     const session: Session | null = await getSession()
[7m  [0m [91m                                          ~~~~~~~~~~[0m

  [96msrc/lib/auth/session.ts[0m:[93m164[0m:[93m34[0m
    [7m164[0m export async function getSession(request: Request): Promise<Session | null> {
    [7m   [0m [96m                                 ~~~~~~~~~~~~~~~~[0m
    An argument for 'request' was not provided.

[96msrc/pages/api/ai/embeddings/embed.ts[0m:[93m111[0m:[93m43[0m - [91merror[0m[90m TS2554: [0mExpected 1 arguments, but got 0.

[7m111[0m     const session: Session | null = await getSession()
[7m   [0m [91m                                          ~~~~~~~~~~[0m

  [96msrc/lib/auth/session.ts[0m:[93m164[0m:[93m34[0m
    [7m164[0m export async function getSession(request: Request): Promise<Session | null> {
    [7m   [0m [96m                                 ~~~~~~~~~~~~~~~~[0m
    An argument for 'request' was not provided.

[96msrc/pages/api/ai/embeddings/search.ts[0m:[93m268[0m:[93m41[0m - [91merror[0m[90m TS18048: [0m'item' is possibly 'undefined'.

[7m268[0m         request.knowledgeTypes.includes(item.type)
[7m   [0m [91m                                        ~~~~[0m

[96msrc/pages/api/ai/embeddings/search.ts[0m:[93m271[0m:[93m19[0m - [91merror[0m[90m TS18048: [0m'item' is possibly 'undefined'.

[7m271[0m           itemId: item.id,
[7m   [0m [91m                  ~~~~[0m

[96msrc/pages/api/ai/embeddings/search.ts[0m:[93m272[0m:[93m20[0m - [91merror[0m[90m TS18048: [0m'item' is possibly 'undefined'.

[7m272[0m           content: item.content,
[7m   [0m [91m                   ~~~~[0m

[96msrc/pages/api/ai/embeddings/search.ts[0m:[93m274[0m:[93m26[0m - [91merror[0m[90m TS18048: [0m'item' is possibly 'undefined'.

[7m274[0m           knowledgeType: item.type,
[7m   [0m [91m                         ~~~~[0m

[96msrc/pages/api/ai/embeddings/search.ts[0m:[93m275[0m:[93m19[0m - [91merror[0m[90m TS18048: [0m'item' is possibly 'undefined'.

[7m275[0m           source: item.source,
[7m   [0m [91m                  ~~~~[0m

[96msrc/pages/api/ai/evidence-assistant.ts[0m:[93m158[0m:[93m27[0m - [91merror[0m[90m TS4111: [0mProperty 'query' comes from an index signature, so it must be accessed with ['query'].

[7m158[0m     query: typeof payload.query === 'string' ? payload.query : undefined,
[7m   [0m [91m                          ~~~~~[0m

[96msrc/pages/api/ai/evidence-assistant.ts[0m:[93m158[0m:[93m56[0m - [91merror[0m[90m TS4111: [0mProperty 'query' comes from an index signature, so it must be accessed with ['query'].

[7m158[0m     query: typeof payload.query === 'string' ? payload.query : undefined,
[7m   [0m [91m                                                       ~~~~~[0m

[96msrc/pages/api/ai/evidence-assistant.ts[0m:[93m159[0m:[93m27[0m - [91merror[0m[90m TS4111: [0mProperty 'limit' comes from an index signature, so it must be accessed with ['limit'].

[7m159[0m     limit: typeof payload.limit === 'number' ? payload.limit : undefined,
[7m   [0m [91m                          ~~~~~[0m

[96msrc/pages/api/ai/evidence-assistant.ts[0m:[93m159[0m:[93m56[0m - [91merror[0m[90m TS4111: [0mProperty 'limit' comes from an index signature, so it must be accessed with ['limit'].

[7m159[0m     limit: typeof payload.limit === 'number' ? payload.limit : undefined,
[7m   [0m [91m                                                       ~~~~~[0m

[96msrc/pages/api/ai/evidence-assistant.ts[0m:[93m160[0m:[93m46[0m - [91merror[0m[90m TS4111: [0mProperty 'collection' comes from an index signature, so it must be accessed with ['collection'].

[7m160[0m     collection: isEvidenceCollection(payload.collection)
[7m   [0m [91m                                             ~~~~~~~~~~[0m

[96msrc/pages/api/ai/evidence-assistant.ts[0m:[93m161[0m:[93m17[0m - [91merror[0m[90m TS4111: [0mProperty 'collection' comes from an index signature, so it must be accessed with ['collection'].

[7m161[0m       ? payload.collection
[7m   [0m [91m                ~~~~~~~~~~[0m

[96msrc/pages/api/ai/evidence-assistant.ts[0m:[93m163[0m:[93m30[0m - [91merror[0m[90m TS4111: [0mProperty 'category' comes from an index signature, so it must be accessed with ['category'].

[7m163[0m     category: typeof payload.category === 'string' ? payload.category : undefined,
[7m   [0m [91m                             ~~~~~~~~[0m

[96msrc/pages/api/ai/evidence-assistant.ts[0m:[93m163[0m:[93m62[0m - [91merror[0m[90m TS4111: [0mProperty 'category' comes from an index signature, so it must be accessed with ['category'].

[7m163[0m     category: typeof payload.category === 'string' ? payload.category : undefined,
[7m   [0m [91m                                                             ~~~~~~~~[0m

[96msrc/pages/api/ai/evidence-assistant.ts[0m:[93m165[0m:[93m22[0m - [91merror[0m[90m TS4111: [0mProperty 'generateAnswer' comes from an index signature, so it must be accessed with ['generateAnswer'].

[7m165[0m       typeof payload.generateAnswer === 'boolean'
[7m   [0m [91m                     ~~~~~~~~~~~~~~[0m

[96msrc/pages/api/ai/evidence-assistant.ts[0m:[93m166[0m:[93m19[0m - [91merror[0m[90m TS4111: [0mProperty 'generateAnswer' comes from an index signature, so it must be accessed with ['generateAnswer'].

[7m166[0m         ? payload.generateAnswer
[7m   [0m [91m                  ~~~~~~~~~~~~~~[0m

[96msrc/pages/api/ai/evidence-assistant.ts[0m:[93m168[0m:[93m40[0m - [91merror[0m[90m TS4111: [0mProperty 'provider' comes from an index signature, so it must be accessed with ['provider'].

[7m168[0m     provider: isAIProviderType(payload.provider) ? payload.provider : undefined,
[7m   [0m [91m                                       ~~~~~~~~[0m

[96msrc/pages/api/ai/evidence-assistant.ts[0m:[93m168[0m:[93m60[0m - [91merror[0m[90m TS4111: [0mProperty 'provider' comes from an index signature, so it must be accessed with ['provider'].

[7m168[0m     provider: isAIProviderType(payload.provider) ? payload.provider : undefined,
[7m   [0m [91m                                                           ~~~~~~~~[0m

[96msrc/pages/api/ai/high-risk-detections.ts[0m:[93m25[0m:[93m29[0m - [91merror[0m[90m TS7031: [0mBinding element 'request' implicitly has an 'any' type.

[7m25[0m export const GET = async ({ request, url }) => {
[7m  [0m [91m                            ~~~~~~~[0m

[96msrc/pages/api/ai/high-risk-detections.ts[0m:[93m25[0m:[93m38[0m - [91merror[0m[90m TS7031: [0mBinding element 'url' implicitly has an 'any' type.

[7m25[0m export const GET = async ({ request, url }) => {
[7m  [0m [91m                                     ~~~[0m

[96msrc/pages/api/ai/high-risk-detections.ts[0m:[93m30[0m:[93m21[0m - [91merror[0m[90m TS2554: [0mExpected 1 arguments, but got 0.

[7m30[0m     session = await getSession()
[7m  [0m [91m                    ~~~~~~~~~~[0m

  [96msrc/lib/auth/session.ts[0m:[93m164[0m:[93m34[0m
    [7m164[0m export async function getSession(request: Request): Promise<Session | null> {
    [7m   [0m [96m                                 ~~~~~~~~~~~~~~~~[0m
    An argument for 'request' was not provided.

[96msrc/pages/api/ai/intervention-analysis.ts[0m:[93m26[0m:[93m30[0m - [91merror[0m[90m TS7031: [0mBinding element 'request' implicitly has an 'any' type.

[7m26[0m export const POST = async ({ request }) => {
[7m  [0m [91m                             ~~~~~~~[0m

[96msrc/pages/api/ai/performance-metrics.ts[0m:[93m52[0m:[93m10[0m - [91merror[0m[90m TS6196: [0m'RawMetric' is declared but never used.

[7m52[0m     type RawMetric = {
[7m  [0m [91m         ~~~~~~~~~[0m

[96msrc/pages/api/ai/pixel/infer-multimodal.ts[0m:[93m18[0m:[93m35[0m - [91merror[0m[90m TS4111: [0mProperty 'PIXEL_API_URL' comes from an index signature, so it must be accessed with ['PIXEL_API_URL'].

[7m18[0m const PIXEL_API_URL = process.env.PIXEL_API_URL ?? 'http://localhost:8001'
[7m  [0m [91m                                  ~~~~~~~~~~~~~[0m

[96msrc/pages/api/ai/pixel/infer-multimodal.ts[0m:[93m19[0m:[93m35[0m - [91merror[0m[90m TS4111: [0mProperty 'PIXEL_API_KEY' comes from an index signature, so it must be accessed with ['PIXEL_API_KEY'].

[7m19[0m const PIXEL_API_KEY = process.env.PIXEL_API_KEY ?? ''
[7m  [0m [91m                                  ~~~~~~~~~~~~~[0m

[96msrc/pages/api/ai/pixel/infer-stream.ts[0m:[93m3[0m:[93m33[0m - [91merror[0m[90m TS6133: [0m'AgentActivityRecord' is declared but its value is never read.

[7m3[0m import { AgentActivityDAO, type AgentActivityRecord } from '@/services/mongodb.dao'
[7m [0m [91m                                ~~~~~~~~~~~~~~~~~~~[0m

[96msrc/pages/api/ai/pixel/infer-stream.ts[0m:[93m8[0m:[93m35[0m - [91merror[0m[90m TS4111: [0mProperty 'PIXEL_API_URL' comes from an index signature, so it must be accessed with ['PIXEL_API_URL'].

[7m8[0m const PIXEL_API_URL = process.env.PIXEL_API_URL ?? 'http://localhost:8001'
[7m [0m [91m                                  ~~~~~~~~~~~~~[0m

[96msrc/pages/api/ai/pixel/infer-stream.ts[0m:[93m38[0m:[93m11[0m - [91merror[0m[90m TS6133: [0m'encoder' is declared but its value is never read.

[7m38[0m     const encoder = new TextEncoder()
[7m  [0m [91m          ~~~~~~~[0m

[96msrc/pages/api/ai/pixel/infer.ts[0m:[93m92[0m:[93m35[0m - [91merror[0m[90m TS4111: [0mProperty 'PIXEL_API_URL' comes from an index signature, so it must be accessed with ['PIXEL_API_URL'].

[7m92[0m const PIXEL_API_URL = process.env.PIXEL_API_URL ?? 'http://localhost:8001'
[7m  [0m [91m                                  ~~~~~~~~~~~~~[0m

[96msrc/pages/api/ai/pixel/infer.ts[0m:[93m93[0m:[93m35[0m - [91merror[0m[90m TS4111: [0mProperty 'PIXEL_API_KEY' comes from an index signature, so it must be accessed with ['PIXEL_API_KEY'].

[7m93[0m const PIXEL_API_KEY = process.env.PIXEL_API_KEY ?? ''
[7m  [0m [91m                                  ~~~~~~~~~~~~~[0m

[96msrc/pages/api/ai/pixel/stats.ts[0m:[93m5[0m:[93m35[0m - [91merror[0m[90m TS4111: [0mProperty 'PIXEL_API_URL' comes from an index signature, so it must be accessed with ['PIXEL_API_URL'].

[7m5[0m const PIXEL_API_URL = process.env.PIXEL_API_URL ?? 'http://localhost:8001'
[7m [0m [91m                                  ~~~~~~~~~~~~~[0m

[96msrc/pages/api/ai/response.ts[0m:[93m76[0m:[93m43[0m - [91merror[0m[90m TS2554: [0mExpected 1 arguments, but got 0.

[7m76[0m     const session: Session | null = await getSession()
[7m  [0m [91m                                          ~~~~~~~~~~[0m

  [96msrc/lib/auth/session.ts[0m:[93m164[0m:[93m34[0m
    [7m164[0m export async function getSession(request: Request): Promise<Session | null> {
    [7m   [0m [96m                                 ~~~~~~~~~~~~~~~~[0m
    An argument for 'request' was not provided.

[96msrc/pages/api/ai/response.ts[0m:[93m145[0m:[93m21[0m - [91merror[0m[90m TS2554: [0mExpected 1 arguments, but got 0.

[7m145[0m     session = await getSession()
[7m   [0m [91m                    ~~~~~~~~~~[0m

  [96msrc/lib/auth/session.ts[0m:[93m164[0m:[93m34[0m
    [7m164[0m export async function getSession(request: Request): Promise<Session | null> {
    [7m   [0m [96m                                 ~~~~~~~~~~~~~~~~[0m
    An argument for 'request' was not provided.

[96msrc/pages/api/ai/usage-stats.ts[0m:[93m52[0m:[93m21[0m - [91merror[0m[90m TS2554: [0mExpected 1 arguments, but got 0.

[7m52[0m     session = await getSession()
[7m  [0m [91m                    ~~~~~~~~~~[0m

  [96msrc/lib/auth/session.ts[0m:[93m164[0m:[93m34[0m
    [7m164[0m export async function getSession(request: Request): Promise<Session | null> {
    [7m   [0m [96m                                 ~~~~~~~~~~~~~~~~[0m
    An argument for 'request' was not provided.

[96msrc/pages/api/ai/usage.ts[0m:[93m81[0m:[93m11[0m - [91merror[0m[90m TS2488: [0mType 'unknown' must have a '[Symbol.iterator]()' method that returns an iterator.

[7m81[0m     const [params, validationError] = validateQueryParams(
[7m  [0m [91m          ~~~~~~~~~~~~~~~~~~~~~~~~~[0m

[96msrc/pages/api/ai/usage.ts[0m:[93m82[0m:[93m7[0m - [91merror[0m[90m TS2345: [0mArgument of type 'URL' is not assignable to parameter of type 'ZodType<unknown, unknown, $ZodTypeInternals<unknown, unknown>>'.
  Type 'URL' is missing the following properties from type 'ZodType<unknown, unknown, $ZodTypeInternals<unknown, unknown>>': def, type, _def, _output, and 44 more.

[7m82[0m       new URL(request.url),
[7m  [0m [91m      ~~~~~~~~~~~~~~~~~~~~[0m

[96msrc/pages/api/ai/validation/history.ts[0m:[93m29[0m:[93m25[0m - [91merror[0m[90m TS2339: [0mProperty 'purpose' does not exist on type '{}'.

[7m29[0m           tokenPayload?.purpose === 'ai-validation' &&
[7m  [0m [91m                        ~~~~~~~[0m

[96msrc/pages/api/ai/validation/history.ts[0m:[93m30[0m:[93m24[0m - [91merror[0m[90m TS2339: [0mProperty 'scope' does not exist on type '{}'.

[7m30[0m           tokenPayload.scope === 'validation:read'
[7m  [0m [91m                       ~~~~~[0m

[96msrc/pages/api/ai/validation/results.ts[0m:[93m31[0m:[93m7[0m - [91merror[0m[90m TS7053: [0mElement implicitly has an 'any' type because expression of type '"authenticated"' can't be used to index type 'Boolean'.
  Property 'authenticated' does not exist on type 'Boolean'.

[7m31[0m       authResult['authenticated'] && authResult['user']?.['id']
[7m  [0m [91m      ~~~~~~~~~~~~~~~~~~~~~~~~~~~[0m

[96msrc/pages/api/ai/validation/results.ts[0m:[93m31[0m:[93m38[0m - [91merror[0m[90m TS7053: [0mElement implicitly has an 'any' type because expression of type '"user"' can't be used to index type 'Boolean'.
  Property 'user' does not exist on type 'Boolean'.

[7m31[0m       authResult['authenticated'] && authResult['user']?.['id']
[7m  [0m [91m                                     ~~~~~~~~~~~~~~~~~~[0m

[96msrc/pages/api/ai/validation/results.ts[0m:[93m32[0m:[93m19[0m - [91merror[0m[90m TS7053: [0mElement implicitly has an 'any' type because expression of type '"user"' can't be used to index type 'Boolean'.
  Property 'user' does not exist on type 'Boolean'.

[7m32[0m         ? `user:${authResult['user']['id']}`
[7m  [0m [91m                  ~~~~~~~~~~~~~~~~~~[0m

[96msrc/pages/api/ai/validation/results.ts[0m:[93m55[0m:[93m10[0m - [91merror[0m[90m TS7053: [0mElement implicitly has an 'any' type because expression of type '"user"' can't be used to index type 'Boolean'.
  Property 'user' does not exist on type 'Boolean'.

[7m55[0m     if (!authResult['user']?.['isAdmin']) {
[7m  [0m [91m         ~~~~~~~~~~~~~~~~~~[0m

[96msrc/pages/api/ai/validation/results.ts[0m:[93m60[0m:[93m9[0m - [91merror[0m[90m TS7053: [0mElement implicitly has an 'any' type because expression of type '"user"' can't be used to index type 'Boolean'.
  Property 'user' does not exist on type 'Boolean'.

[7m60[0m         authResult['user']?.['id'] ?? 'unknown',
[7m  [0m [91m        ~~~~~~~~~~~~~~~~~~[0m

[96msrc/pages/api/ai/validation/results.ts[0m:[93m63[0m:[93m19[0m - [91merror[0m[90m TS7053: [0mElement implicitly has an 'any' type because expression of type '"user"' can't be used to index type 'Boolean'.
  Property 'user' does not exist on type 'Boolean'.

[7m63[0m           userId: authResult['user']?.['id'],
[7m  [0m [91m                  ~~~~~~~~~~~~~~~~~~[0m

[96msrc/pages/api/ai/validation/results.ts[0m:[93m64[0m:[93m18[0m - [91merror[0m[90m TS7053: [0mElement implicitly has an 'any' type because expression of type '"user"' can't be used to index type 'Boolean'.
  Property 'user' does not exist on type 'Boolean'.

[7m64[0m           email: authResult['user']?.['email'],
[7m  [0m [91m                 ~~~~~~~~~~~~~~~~~~[0m

[96msrc/pages/api/ai/validation/results.ts[0m:[93m96[0m:[93m7[0m - [91merror[0m[90m TS7053: [0mElement implicitly has an 'any' type because expression of type '"user"' can't be used to index type 'Boolean'.
  Property 'user' does not exist on type 'Boolean'.

[7m96[0m       authResult['user']?.['id'] ?? 'system',
[7m  [0m [91m      ~~~~~~~~~~~~~~~~~~[0m

[96msrc/pages/api/ai/validation/results.ts[0m:[93m99[0m:[93m17[0m - [91merror[0m[90m TS7053: [0mElement implicitly has an 'any' type because expression of type '"user"' can't be used to index type 'Boolean'.
  Property 'user' does not exist on type 'Boolean'.

[7m99[0m         userId: authResult['user']?.['id'],
[7m  [0m [91m                ~~~~~~~~~~~~~~~~~~[0m

[96msrc/pages/api/ai/validation/run.ts[0m:[93m22[0m:[93m25[0m - [91merror[0m[90m TS7053: [0mElement implicitly has an 'any' type because expression of type '"authenticated"' can't be used to index type 'Boolean'.
  Property 'authenticated' does not exist on type 'Boolean'.

[7m22[0m     if (!authResult || !authResult['authenticated']) {
[7m  [0m [91m                        ~~~~~~~~~~~~~~~~~~~~~~~~~~~[0m

[96msrc/pages/api/ai/validation/run.ts[0m:[93m38[0m:[93m10[0m - [91merror[0m[90m TS7053: [0mElement implicitly has an 'any' type because expression of type '"user"' can't be used to index type 'Boolean'.
  Property 'user' does not exist on type 'Boolean'.

[7m38[0m     if (!authResult['user']?.['isAdmin']) {
[7m  [0m [91m         ~~~~~~~~~~~~~~~~~~[0m

[96msrc/pages/api/ai/validation/run.ts[0m:[93m43[0m:[93m9[0m - [91merror[0m[90m TS7053: [0mElement implicitly has an 'any' type because expression of type '"user"' can't be used to index type 'Boolean'.
  Property 'user' does not exist on type 'Boolean'.

[7m43[0m         authResult['user']?.['id'] ?? 'unknown',
[7m  [0m [91m        ~~~~~~~~~~~~~~~~~~[0m

[96msrc/pages/api/ai/validation/run.ts[0m:[93m46[0m:[93m19[0m - [91merror[0m[90m TS7053: [0mElement implicitly has an 'any' type because expression of type '"user"' can't be used to index type 'Boolean'.
  Property 'user' does not exist on type 'Boolean'.

[7m46[0m           userId: authResult['user']?.['id'],
[7m  [0m [91m                  ~~~~~~~~~~~~~~~~~~[0m

[96msrc/pages/api/ai/validation/run.ts[0m:[93m47[0m:[93m18[0m - [91merror[0m[90m TS7053: [0mElement implicitly has an 'any' type because expression of type '"user"' can't be used to index type 'Boolean'.
  Property 'user' does not exist on type 'Boolean'.

[7m47[0m           email: authResult['user']?.['email'],
[7m  [0m [91m                 ~~~~~~~~~~~~~~~~~~[0m

[96msrc/pages/api/ai/validation/schedule.ts[0m:[93m17[0m:[93m10[0m - [91merror[0m[90m TS7053: [0mElement implicitly has an 'any' type because expression of type '"authenticated"' can't be used to index type 'Boolean'.
  Property 'authenticated' does not exist on type 'Boolean'.

[7m17[0m     if (!authResult?.['authenticated']) {
[7m  [0m [91m         ~~~~~~~~~~~~~~~~~~~~~~~~~~~~~[0m

[96msrc/pages/api/ai/validation/schedule.ts[0m:[93m33[0m:[93m10[0m - [91merror[0m[90m TS7053: [0mElement implicitly has an 'any' type because expression of type '"user"' can't be used to index type 'Boolean'.
  Property 'user' does not exist on type 'Boolean'.

[7m33[0m     if (!authResult?.['user']?.['isAdmin']) {
[7m  [0m [91m         ~~~~~~~~~~~~~~~~~~~~[0m

[96msrc/pages/api/ai/validation/start.ts[0m:[93m29[0m:[93m39[0m - [91merror[0m[90m TS2345: [0mArgument of type '{ get(name: string): { value: string; } | undefined; }' is not assignable to parameter of type 'Request | AstroCookies'.
  Type '{ get(name: string): { value: string; } | undefined; }' is missing the following properties from type 'AstroCookies': #private, delete, has, set, and 3 more.

[7m29[0m     const user = await getCurrentUser(cookies)
[7m  [0m [91m                                      ~~~~~~~[0m

[96msrc/pages/api/ai/validation/stop.ts[0m:[93m34[0m:[93m39[0m - [91merror[0m[90m TS2345: [0mArgument of type '{ get(name: string): { value: string; } | undefined; }' is not assignable to parameter of type 'Request | AstroCookies'.
  Type '{ get(name: string): { value: string; } | undefined; }' is missing the following properties from type 'AstroCookies': #private, delete, has, set, and 3 more.

[7m34[0m     const user = await getCurrentUser(cookies)
[7m  [0m [91m                                      ~~~~~~~[0m

[96msrc/pages/api/analytics/comparative-progress.ts[0m:[93m28[0m:[93m29[0m - [91merror[0m[90m TS7031: [0mBinding element 'request' implicitly has an 'any' type.

[7m28[0m export const get = async ({ request, cookies }) => {
[7m  [0m [91m                            ~~~~~~~[0m

[96msrc/pages/api/analytics/comparative-progress.ts[0m:[93m28[0m:[93m38[0m - [91merror[0m[90m TS7031: [0mBinding element 'cookies' implicitly has an 'any' type.

[7m28[0m export const get = async ({ request, cookies }) => {
[7m  [0m [91m                                     ~~~~~~~[0m

[96msrc/pages/api/analytics/dashboard.ts[0m:[93m243[0m:[93m30[0m - [91merror[0m[90m TS7031: [0mBinding element 'request' implicitly has an 'any' type.

[7m243[0m export const POST = async ({ request }) => {
[7m   [0m [91m                             ~~~~~~~[0m

[96msrc/pages/api/analytics/demo-tracking.ts[0m:[93m15[0m:[93m30[0m - [91merror[0m[90m TS7031: [0mBinding element 'request' implicitly has an 'any' type.

[7m15[0m export const POST = async ({ request }) => {
[7m  [0m [91m                             ~~~~~~~[0m

[96msrc/pages/api/analytics/demo-tracking.ts[0m:[93m41[0m:[93m13[0m - [91merror[0m[90m TS2322: [0mType '{ code: "VALIDATION_ERROR"; errorMessage: string; details: { field: string; message: string; }[]; }' is not assignable to type 'AnalyticsError'.
  Type '{ code: "VALIDATION_ERROR"; errorMessage: string; details: { field: string; message: string; }[]; }' is missing the following properties from type 'AnalyticsValidationError': status, name, message

[7m41[0m       const error: AnalyticsError = {
[7m  [0m [91m            ~~~~~[0m

[96msrc/pages/api/analytics/demo-tracking.ts[0m:[93m76[0m:[93m23[0m - [91merror[0m[90m TS4111: [0mProperty 'PUBLIC_GA_MEASUREMENT_ID' comes from an index signature, so it must be accessed with ['PUBLIC_GA_MEASUREMENT_ID'].

[7m76[0m       import.meta.env.PUBLIC_GA_MEASUREMENT_ID && import.meta.env.GA_API_SECRET,
[7m  [0m [91m                      ~~~~~~~~~~~~~~~~~~~~~~~~[0m

[96msrc/pages/api/analytics/demo-tracking.ts[0m:[93m76[0m:[93m67[0m - [91merror[0m[90m TS4111: [0mProperty 'GA_API_SECRET' comes from an index signature, so it must be accessed with ['GA_API_SECRET'].

[7m76[0m       import.meta.env.PUBLIC_GA_MEASUREMENT_ID && import.meta.env.GA_API_SECRET,
[7m  [0m [91m                                                                  ~~~~~~~~~~~~~[0m

[96msrc/pages/api/analytics/demo-tracking.ts[0m:[93m78[0m:[93m49[0m - [91merror[0m[90m TS4111: [0mProperty 'MIXPANEL_TOKEN' comes from an index signature, so it must be accessed with ['MIXPANEL_TOKEN'].

[7m78[0m     const hasMixpanel = Boolean(import.meta.env.MIXPANEL_TOKEN)
[7m  [0m [91m                                                ~~~~~~~~~~~~~~[0m

[96msrc/pages/api/analytics/demo-tracking.ts[0m:[93m80[0m:[93m23[0m - [91merror[0m[90m TS4111: [0mProperty 'CUSTOM_ANALYTICS_ENDPOINT' comes from an index signature, so it must be accessed with ['CUSTOM_ANALYTICS_ENDPOINT'].

[7m80[0m       import.meta.env.CUSTOM_ANALYTICS_ENDPOINT &&
[7m  [0m [91m                      ~~~~~~~~~~~~~~~~~~~~~~~~~[0m

[96msrc/pages/api/analytics/demo-tracking.ts[0m:[93m81[0m:[93m23[0m - [91merror[0m[90m TS4111: [0mProperty 'CUSTOM_ANALYTICS_TOKEN' comes from an index signature, so it must be accessed with ['CUSTOM_ANALYTICS_TOKEN'].

[7m81[0m       import.meta.env.CUSTOM_ANALYTICS_TOKEN,
[7m  [0m [91m                      ~~~~~~~~~~~~~~~~~~~~~~[0m

[96msrc/pages/api/analytics/demo-tracking.ts[0m:[93m114[0m:[93m11[0m - [91merror[0m[90m TS2322: [0mType '{ code: "PROCESSING_ERROR"; errorMessage: string; details: { source: string; message: string; }; }' is not assignable to type 'AnalyticsError'.
  Type '{ code: "PROCESSING_ERROR"; errorMessage: string; details: { source: string; message: string; }; }' is missing the following properties from type 'AnalyticsProcessingError': status, name, message

[7m114[0m     const apiError: AnalyticsError = {
[7m   [0m [91m          ~~~~~~~~[0m

[96msrc/pages/api/analytics/demo-tracking.ts[0m:[93m130[0m:[93m29[0m - [91merror[0m[90m TS7031: [0mBinding element 'url' implicitly has an 'any' type.

[7m130[0m export const GET = async ({ url }) => {
[7m   [0m [91m                            ~~~[0m

[96msrc/pages/api/analytics/demo-tracking.ts[0m:[93m172[0m:[93m11[0m - [91merror[0m[90m TS2322: [0mType '{ code: "PROCESSING_ERROR"; errorMessage: string; details: { source: string; message: string; }; }' is not assignable to type 'AnalyticsError'.
  Type '{ code: "PROCESSING_ERROR"; errorMessage: string; details: { source: string; message: string; }; }' is missing the following properties from type 'AnalyticsProcessingError': status, name, message

[7m172[0m     const apiError: AnalyticsError = {
[7m   [0m [91m          ~~~~~~~~[0m

[96msrc/pages/api/analytics/demo-tracking.ts[0m:[93m192[0m:[93m45[0m - [91merror[0m[90m TS4111: [0mProperty 'PUBLIC_GA_MEASUREMENT_ID' comes from an index signature, so it must be accessed with ['PUBLIC_GA_MEASUREMENT_ID'].

[7m192[0m   const GA_MEASUREMENT_ID = import.meta.env.PUBLIC_GA_MEASUREMENT_ID
[7m   [0m [91m                                            ~~~~~~~~~~~~~~~~~~~~~~~~[0m

[96msrc/pages/api/analytics/engagement.ts[0m:[93m15[0m:[93m29[0m - [91merror[0m[90m TS7031: [0mBinding element 'request' implicitly has an 'any' type.

[7m15[0m export const GET = async ({ request, cookies }) => {
[7m  [0m [91m                            ~~~~~~~[0m

[96msrc/pages/api/analytics/engagement.ts[0m:[93m15[0m:[93m38[0m - [91merror[0m[90m TS7031: [0mBinding element 'cookies' implicitly has an 'any' type.

[7m15[0m export const GET = async ({ request, cookies }) => {
[7m  [0m [91m                                     ~~~~~~~[0m

[96msrc/pages/api/analytics/engagement.ts[0m:[93m20[0m:[93m7[0m - [91merror[0m[90m TS2353: [0mObject literal may only specify known properties, and 'cookies' does not exist in type '{ request: Request; }'.

[7m20[0m       cookies,
[7m  [0m [91m      ~~~~~~~[0m

[96msrc/pages/api/analytics/engagement.ts[0m:[93m133[0m:[93m11[0m - [91merror[0m[90m TS2322: [0mType '{ code: "PROCESSING_ERROR"; errorMessage: string; details: { source: string; message: string; }; }' is not assignable to type 'AnalyticsError'.
  Type '{ code: "PROCESSING_ERROR"; errorMessage: string; details: { source: string; message: string; }; }' is missing the following properties from type 'AnalyticsProcessingError': status, name, message

[7m133[0m     const apiError: AnalyticsError = {
[7m   [0m [91m          ~~~~~~~~[0m

[96msrc/pages/api/analytics/treatment-forecast.ts[0m:[93m25[0m:[93m30[0m - [91merror[0m[90m TS7031: [0mBinding element 'request' implicitly has an 'any' type.

[7m25[0m export const post = async ({ request }) => {
[7m  [0m [91m                             ~~~~~~~[0m

[96msrc/pages/api/analytics/treatment-forecast.ts[0m:[93m52[0m:[93m7[0m - [91merror[0m[90m TS2741: [0mProperty 'sessionId' is missing in type '{ id: string; clientId: string; therapistId: string; status: "active" | "completed" | "cancelled" | "scheduled"; securityLevel: "maximum" | "standard" | "enhanced"; emotionAnalysisEnabled: boolean; metadata?: Record<...> | undefined; }' but required in type 'TherapySession'.

[7m52[0m       session,
[7m  [0m [91m      ~~~~~~~[0m

  [96msrc/lib/ai/services/ContextualAwarenessService.ts[0m:[93m7[0m:[93m3[0m
    [7m7[0m   sessionId: string
    [7m [0m [96m  ~~~~~~~~~[0m
    'sessionId' is declared here.
  [96msrc/lib/ai/services/ContextualAwarenessService.ts[0m:[93m40[0m:[93m3[0m
    [7m40[0m   session: TherapySession
    [7m  [0m [96m  ~~~~~~~[0m
    The expected type comes from property 'session' which is declared here on type 'ContextCollectionInput'

[96msrc/pages/api/analytics/treatment-forecast.ts[0m:[93m54[0m:[93m7[0m - [91merror[0m[90m TS2322: [0mType '{ currentEmotion: string; intensity: number; timestamp: Date; confidence: number; relatedFactors?: string[] | undefined; metadata?: Record<string | number | symbol, unknown> | undefined; } | null' is not assignable to type 'EmotionState'.
  Type 'null' is not assignable to type 'EmotionState'.

[7m54[0m       recentEmotionState,
[7m  [0m [91m      ~~~~~~~~~~~~~~~~~~[0m

  [96msrc/lib/ai/services/ContextualAwarenessService.ts[0m:[93m42[0m:[93m3[0m
    [7m42[0m   recentEmotionState: EmotionState
    [7m  [0m [96m  ~~~~~~~~~~~~~~~~~~[0m
    The expected type comes from property 'recentEmotionState' which is declared here on type 'ContextCollectionInput'

[96msrc/pages/api/audit/metrics.ts[0m:[93m111[0m:[93m7[0m - [91merror[0m[90m TS2532: [0mObject is possibly 'undefined'.

[7m111[0m       hourlyAccess[hour]++
[7m   [0m [91m      ~~~~~~~~~~~~~~~~~~[0m

[96msrc/pages/api/auth/auth0-admin-users.ts[0m:[93m63[0m:[93m9[0m - [91merror[0m[90m TS2345: [0mArgument of type '"access_denied"' is not assignable to parameter of type 'AuditEventType'.

[7m63[0m         'access_denied',
[7m  [0m [91m        ~~~~~~~~~~~~~~~[0m

[96msrc/pages/api/auth/auth0-admin-users.ts[0m:[93m123[0m:[93m7[0m - [91merror[0m[90m TS2345: [0mArgument of type '"admin_user_list"' is not assignable to parameter of type 'AuditEventType'.

[7m123[0m       'admin_user_list',
[7m   [0m [91m      ~~~~~~~~~~~~~~~~~[0m

[96msrc/pages/api/auth/auth0-admin-users.ts[0m:[93m159[0m:[93m7[0m - [91merror[0m[90m TS2345: [0mArgument of type '"system_error"' is not assignable to parameter of type 'AuditEventType'.

[7m159[0m       'system_error',
[7m   [0m [91m      ~~~~~~~~~~~~~~[0m

[96msrc/pages/api/auth/auth0-admin-users.ts[0m:[93m234[0m:[93m9[0m - [91merror[0m[90m TS2345: [0mArgument of type '"access_denied"' is not assignable to parameter of type 'AuditEventType'.

[7m234[0m         'access_denied',
[7m   [0m [91m        ~~~~~~~~~~~~~~~[0m

[96msrc/pages/api/auth/auth0-admin-users.ts[0m:[93m275[0m:[93m7[0m - [91merror[0m[90m TS2345: [0mArgument of type '"admin_user_update"' is not assignable to parameter of type 'AuditEventType'.

[7m275[0m       'admin_user_update',
[7m   [0m [91m      ~~~~~~~~~~~~~~~~~~~[0m

[96msrc/pages/api/auth/auth0-admin-users.ts[0m:[93m305[0m:[93m7[0m - [91merror[0m[90m TS2345: [0mArgument of type '"system_error"' is not assignable to parameter of type 'AuditEventType'.

[7m305[0m       'system_error',
[7m   [0m [91m      ~~~~~~~~~~~~~~[0m

[96msrc/pages/api/auth/auth0-analytics-charts.ts[0m:[93m170[0m:[93m7[0m - [91merror[0m[90m TS2345: [0mArgument of type '"analytics_charts_access"' is not assignable to parameter of type 'AuditEventType'.

[7m170[0m       'analytics_charts_access',
[7m   [0m [91m      ~~~~~~~~~~~~~~~~~~~~~~~~~[0m

[96msrc/pages/api/auth/auth0-analytics-charts.ts[0m:[93m201[0m:[93m7[0m - [91merror[0m[90m TS2345: [0mArgument of type '"system_error"' is not assignable to parameter of type 'AuditEventType'.

[7m201[0m       'system_error',
[7m   [0m [91m      ~~~~~~~~~~~~~~[0m

[96msrc/pages/api/auth/auth0-analytics-charts.ts[0m:[93m276[0m:[93m11[0m - [91merror[0m[90m TS2322: [0mType '(string | undefined)[]' is not assignable to type 'string[]'.
  Type 'string | undefined' is not assignable to type 'string'.
    Type 'undefined' is not assignable to type 'string'.

[7m276[0m           labels: progressData.map((d) => d.date),
[7m   [0m [91m          ~~~~~~[0m

  [96msrc/pages/api/auth/auth0-analytics-charts.ts[0m:[93m30[0m:[93m5[0m
    [7m30[0m     labels: string[]
    [7m  [0m [96m    ~~~~~~[0m
    The expected type comes from property 'labels' which is declared here on type '{ labels: string[]; datasets: { label: string; data: number[]; backgroundColor?: string | string[] | undefined; borderColor?: string | undefined; fill?: boolean | undefined; tension?: number | undefined; }[]; }'

[96msrc/pages/api/auth/auth0-analytics-charts.ts[0m:[93m374[0m:[93m15[0m - [91merror[0m[90m TS2322: [0mType '{ x: number; y: number; }[]' is not assignable to type 'number[]'.
  Type '{ x: number; y: number; }' is not assignable to type 'number'.

[7m374[0m               data: scatterData,
[7m   [0m [91m              ~~~~[0m

  [96msrc/pages/api/auth/auth0-analytics-charts.ts[0m:[93m33[0m:[93m7[0m
    [7m33[0m       data: number[]
    [7m  [0m [96m      ~~~~[0m
    The expected type comes from property 'data' which is declared here on type '{ label: string; data: number[]; backgroundColor?: string | string[] | undefined; borderColor?: string | undefined; fill?: boolean | undefined; tension?: number | undefined; }'

[96msrc/pages/api/auth/auth0-analytics-charts.ts[0m:[93m400[0m:[93m9[0m - [91merror[0m[90m TS6133: [0m'_type' is declared but its value is never read.

[7m400[0m   const { _type } = params
[7m   [0m [91m        ~~~~~~~~~[0m

[96msrc/pages/api/auth/auth0-analytics-charts.ts[0m:[93m400[0m:[93m11[0m - [91merror[0m[90m TS2339: [0mProperty '_type' does not exist on type '{ type: string; repository: AIRepository; clientId?: string | null | undefined; startDate: Date; endDate: Date; dataPoints: number; }'.

[7m400[0m   const { _type } = params
[7m   [0m [91m          ~~~~~[0m

[96msrc/pages/api/auth/auth0-analytics-charts.ts[0m:[93m442[0m:[93m11[0m - [91merror[0m[90m TS2339: [0mProperty '_type' does not exist on type '{ type: string; repository: AIRepository; clientId?: string | null | undefined; startDate: Date; endDate: Date; dataPoints: number; }'.

[7m442[0m   const { _type, dataPoints } = params
[7m   [0m [91m          ~~~~~[0m

[96msrc/pages/api/auth/auth0-analytics-charts.ts[0m:[93m442[0m:[93m11[0m - [91merror[0m[90m TS6133: [0m'_type' is declared but its value is never read.

[7m442[0m   const { _type, dataPoints } = params
[7m   [0m [91m          ~~~~~[0m

[96msrc/pages/api/auth/auth0-callback.ts[0m:[93m140[0m:[93m62[0m - [91merror[0m[90m TS4111: [0mProperty 'avatarUrl' comes from an index signature, so it must be accessed with ['avatarUrl'].

[7m140[0m             avatarUrl: socialUser.picture ?? existingProfile.avatarUrl,
[7m   [0m [91m                                                             ~~~~~~~~~[0m

[96msrc/pages/api/auth/auth0-enhanced-treatment-plans.ts[0m:[93m422[0m:[93m7[0m - [91merror[0m[90m TS2345: [0mArgument of type '"treatment_plans_access"' is not assignable to parameter of type 'AuditEventType'.

[7m422[0m       'treatment_plans_access',
[7m   [0m [91m      ~~~~~~~~~~~~~~~~~~~~~~~~[0m

[96msrc/pages/api/auth/auth0-enhanced-treatment-plans.ts[0m:[93m455[0m:[93m7[0m - [91merror[0m[90m TS2345: [0mArgument of type '"system_error"' is not assignable to parameter of type 'AuditEventType'.

[7m455[0m       'system_error',
[7m   [0m [91m      ~~~~~~~~~~~~~~[0m

[96msrc/pages/api/auth/auth0-enhanced-treatment-plans.ts[0m:[93m537[0m:[93m43[0m - [91merror[0m[90m TS2339: [0mProperty 'errors' does not exist on type 'ZodError<{ clientName: string; therapistName: string; clientId: string; therapistId: string; duration: number; status: "draft" | "active" | "completed" | "paused"; goals: { id: string; title: string; ... 7 more ...; metrics?: { ...; } | undefined; }[]; ... 4 more ...; metadata?: { ...; } | undefined; }>'.

[7m537[0m           details: validationResult.error.errors,
[7m   [0m [91m                                          ~~~~~~[0m

[96msrc/pages/api/auth/auth0-enhanced-treatment-plans.ts[0m:[93m585[0m:[93m7[0m - [91merror[0m[90m TS2345: [0mArgument of type '"treatment_plan_created"' is not assignable to parameter of type 'AuditEventType'.

[7m585[0m       'treatment_plan_created',
[7m   [0m [91m      ~~~~~~~~~~~~~~~~~~~~~~~~[0m

[96msrc/pages/api/auth/auth0-enhanced-treatment-plans.ts[0m:[93m619[0m:[93m7[0m - [91merror[0m[90m TS2345: [0mArgument of type '"system_error"' is not assignable to parameter of type 'AuditEventType'.

[7m619[0m       'system_error',
[7m   [0m [91m      ~~~~~~~~~~~~~~[0m

[96msrc/pages/api/auth/auth0-enhanced-treatment-plans.ts[0m:[93m708[0m:[93m7[0m - [91merror[0m[90m TS2345: [0mArgument of type '"treatment_plan_updated"' is not assignable to parameter of type 'AuditEventType'.

[7m708[0m       'treatment_plan_updated',
[7m   [0m [91m      ~~~~~~~~~~~~~~~~~~~~~~~~[0m

[96msrc/pages/api/auth/auth0-enhanced-treatment-plans.ts[0m:[93m752[0m:[93m7[0m - [91merror[0m[90m TS2345: [0mArgument of type '"system_error"' is not assignable to parameter of type 'AuditEventType'.

[7m752[0m       'system_error',
[7m   [0m [91m      ~~~~~~~~~~~~~~[0m

[96msrc/pages/api/auth/auth0-multidimensional-map.ts[0m:[93m172[0m:[93m9[0m - [91merror[0m[90m TS2345: [0mArgument of type '"emotion_map_access"' is not assignable to parameter of type 'AuditEventType'.

[7m172[0m         'emotion_map_access',
[7m   [0m [91m        ~~~~~~~~~~~~~~~~~~~~[0m

[96msrc/pages/api/auth/auth0-multidimensional-map.ts[0m:[93m201[0m:[93m9[0m - [91merror[0m[90m TS2345: [0mArgument of type '"emotion_patterns_access"' is not assignable to parameter of type 'AuditEventType'.

[7m201[0m         'emotion_patterns_access',
[7m   [0m [91m        ~~~~~~~~~~~~~~~~~~~~~~~~~[0m

[96msrc/pages/api/auth/auth0-multidimensional-map.ts[0m:[93m231[0m:[93m7[0m - [91merror[0m[90m TS2345: [0mArgument of type '"system_error"' is not assignable to parameter of type 'AuditEventType'.

[7m231[0m       'system_error',
[7m   [0m [91m      ~~~~~~~~~~~~~~[0m

[96msrc/pages/api/auth/auth0-particle-emotion-system.ts[0m:[93m170[0m:[93m7[0m - [91merror[0m[90m TS2322: [0mType 'string | null' is not assignable to type 'string | undefined'.
  Type 'null' is not assignable to type 'string | undefined'.

[7m170[0m       sessionId,
[7m   [0m [91m      ~~~~~~~~~[0m

  [96msrc/pages/api/auth/auth0-particle-emotion-system.ts[0m:[93m47[0m:[93m3[0m
    [7m47[0m   sessionId?: string
    [7m  [0m [96m  ~~~~~~~~~[0m
    The expected type comes from property 'sessionId' which is declared here on type 'ParticleSystemConfig'

[96msrc/pages/api/auth/auth0-particle-emotion-system.ts[0m:[93m200[0m:[93m7[0m - [91merror[0m[90m TS2345: [0mArgument of type '"particle_system_access"' is not assignable to parameter of type 'AuditEventType'.

[7m200[0m       'particle_system_access',
[7m   [0m [91m      ~~~~~~~~~~~~~~~~~~~~~~~~[0m

[96msrc/pages/api/auth/auth0-particle-emotion-system.ts[0m:[93m233[0m:[93m7[0m - [91merror[0m[90m TS2345: [0mArgument of type '"system_error"' is not assignable to parameter of type 'AuditEventType'.

[7m233[0m       'system_error',
[7m   [0m [91m      ~~~~~~~~~~~~~~[0m

[96msrc/pages/api/auth/auth0-particle-emotion-system.ts[0m:[93m336[0m:[93m7[0m - [91merror[0m[90m TS2345: [0mArgument of type '"particle_system_update"' is not assignable to parameter of type 'AuditEventType'.

[7m336[0m       'particle_system_update',
[7m   [0m [91m      ~~~~~~~~~~~~~~~~~~~~~~~~[0m

[96msrc/pages/api/auth/auth0-particle-emotion-system.ts[0m:[93m369[0m:[93m7[0m - [91merror[0m[90m TS2345: [0mArgument of type '"system_error"' is not assignable to parameter of type 'AuditEventType'.

[7m369[0m       'system_error',
[7m   [0m [91m      ~~~~~~~~~~~~~~[0m

[96msrc/pages/api/auth/auth0-preferences.ts[0m:[93m141[0m:[93m31[0m - [91merror[0m[90m TS4111: [0mProperty 'preferences' comes from an index signature, so it must be accessed with ['preferences'].

[7m141[0m     const preferences = (user.preferences as Record<string, unknown>) || {}
[7m   [0m [91m                              ~~~~~~~~~~~[0m

[96msrc/pages/api/auth/auth0-preferences.ts[0m:[93m147[0m:[93m7[0m - [91merror[0m[90m TS2345: [0mArgument of type '"preferences_access"' is not assignable to parameter of type 'AuditEventType'.

[7m147[0m       'preferences_access',
[7m   [0m [91m      ~~~~~~~~~~~~~~~~~~~~[0m

[96msrc/pages/api/auth/auth0-preferences.ts[0m:[93m163[0m:[93m7[0m - [91merror[0m[90m TS2345: [0mArgument of type '"system_error"' is not assignable to parameter of type 'AuditEventType'.

[7m163[0m       'system_error',
[7m   [0m [91m      ~~~~~~~~~~~~~~[0m

[96msrc/pages/api/auth/auth0-preferences.ts[0m:[93m241[0m:[93m13[0m - [91merror[0m[90m TS4111: [0mProperty 'preferences' comes from an index signature, so it must be accessed with ['preferences'].

[7m241[0m       (user.preferences as Record<string, unknown>) || {}
[7m   [0m [91m            ~~~~~~~~~~~[0m

[96msrc/pages/api/auth/auth0-preferences.ts[0m:[93m252[0m:[93m7[0m - [91merror[0m[90m TS2345: [0mArgument of type '"preferences_update"' is not assignable to parameter of type 'AuditEventType'.

[7m252[0m       'preferences_update',
[7m   [0m [91m      ~~~~~~~~~~~~~~~~~~~~[0m

[96msrc/pages/api/auth/auth0-preferences.ts[0m:[93m268[0m:[93m7[0m - [91merror[0m[90m TS2345: [0mArgument of type '"system_error"' is not assignable to parameter of type 'AuditEventType'.

[7m268[0m       'system_error',
[7m   [0m [91m      ~~~~~~~~~~~~~~[0m

[96msrc/pages/api/auth/auth0-preferences.ts[0m:[93m341[0m:[93m13[0m - [91merror[0m[90m TS4111: [0mProperty 'preferences' comes from an index signature, so it must be accessed with ['preferences'].

[7m341[0m       (user.preferences as Record<string, unknown>) || {}
[7m   [0m [91m            ~~~~~~~~~~~[0m

[96msrc/pages/api/auth/auth0-preferences.ts[0m:[93m352[0m:[93m7[0m - [91merror[0m[90m TS2345: [0mArgument of type '"preferences_reset"' is not assignable to parameter of type 'AuditEventType'.

[7m352[0m       'preferences_reset',
[7m   [0m [91m      ~~~~~~~~~~~~~~~~~~~[0m

[96msrc/pages/api/auth/auth0-preferences.ts[0m:[93m368[0m:[93m7[0m - [91merror[0m[90m TS2345: [0mArgument of type '"system_error"' is not assignable to parameter of type 'AuditEventType'.

[7m368[0m       'system_error',
[7m   [0m [91m      ~~~~~~~~~~~~~~[0m

[96msrc/pages/api/auth/auth0-profile.ts[0m:[93m11[0m:[93m29[0m - [91merror[0m[90m TS7031: [0mBinding element 'request' implicitly has an 'any' type.

[7m11[0m export const GET = async ({ request }) => {
[7m  [0m [91m                            ~~~~~~~[0m

[96msrc/pages/api/auth/auth0-profile.ts[0m:[93m55[0m:[93m31[0m - [91merror[0m[90m TS4111: [0mProperty 'email_verified' comes from an index signature, so it must be accessed with ['email_verified'].

[7m55[0m           emailVerified: user.email_verified,
[7m  [0m [91m                              ~~~~~~~~~~~~~~[0m

[96msrc/pages/api/auth/auth0-profile.ts[0m:[93m56[0m:[93m25[0m - [91merror[0m[90m TS4111: [0mProperty 'user_metadata' comes from an index signature, so it must be accessed with ['user_metadata'].

[7m56[0m           profile: user.user_metadata,
[7m  [0m [91m                        ~~~~~~~~~~~~~[0m

[96msrc/pages/api/auth/auth0-profile.ts[0m:[93m83[0m:[93m31[0m - [91merror[0m[90m TS7031: [0mBinding element 'request' implicitly has an 'any' type.

[7m83[0m export const PATCH = async ({ request }) => {
[7m  [0m [91m                              ~~~~~~~[0m

[96msrc/pages/api/auth/auth0-profile.ts[0m:[93m120[0m:[93m15[0m - [91merror[0m[90m TS18047: [0m'updatedUser' is possibly 'null'.

[7m120[0m           id: updatedUser.id,
[7m   [0m [91m              ~~~~~~~~~~~[0m

[96msrc/pages/api/auth/auth0-profile.ts[0m:[93m121[0m:[93m18[0m - [91merror[0m[90m TS18047: [0m'updatedUser' is possibly 'null'.

[7m121[0m           email: updatedUser.email,
[7m   [0m [91m                 ~~~~~~~~~~~[0m

[96msrc/pages/api/auth/auth0-profile.ts[0m:[93m122[0m:[93m17[0m - [91merror[0m[90m TS18047: [0m'updatedUser' is possibly 'null'.

[7m122[0m           role: updatedUser.role,
[7m   [0m [91m                ~~~~~~~~~~~[0m

[96msrc/pages/api/auth/auth0-profile.ts[0m:[93m123[0m:[93m26[0m - [91merror[0m[90m TS18047: [0m'updatedUser' is possibly 'null'.

[7m123[0m           emailVerified: updatedUser.email_verified,
[7m   [0m [91m                         ~~~~~~~~~~~[0m

[96msrc/pages/api/auth/auth0-profile.ts[0m:[93m123[0m:[93m38[0m - [91merror[0m[90m TS4111: [0mProperty 'email_verified' comes from an index signature, so it must be accessed with ['email_verified'].

[7m123[0m           emailVerified: updatedUser.email_verified,
[7m   [0m [91m                                     ~~~~~~~~~~~~~~[0m

[96msrc/pages/api/auth/auth0-profile.ts[0m:[93m124[0m:[93m20[0m - [91merror[0m[90m TS18047: [0m'updatedUser' is possibly 'null'.

[7m124[0m           profile: updatedUser.user_metadata,
[7m   [0m [91m                   ~~~~~~~~~~~[0m

[96msrc/pages/api/auth/auth0-profile.ts[0m:[93m124[0m:[93m32[0m - [91merror[0m[90m TS4111: [0mProperty 'user_metadata' comes from an index signature, so it must be accessed with ['user_metadata'].

[7m124[0m           profile: updatedUser.user_metadata,
[7m   [0m [91m                               ~~~~~~~~~~~~~[0m

[96msrc/pages/api/auth/auth0-recovery-tests.ts[0m:[93m77[0m:[93m9[0m - [91merror[0m[90m TS2345: [0mArgument of type '"access_denied"' is not assignable to parameter of type 'AuditEventType'.

[7m77[0m         'access_denied',
[7m  [0m [91m        ~~~~~~~~~~~~~~~[0m

[96msrc/pages/api/auth/auth0-recovery-tests.ts[0m:[93m105[0m:[93m9[0m - [91merror[0m[90m TS2345: [0mArgument of type '"recovery_tests_list"' is not assignable to parameter of type 'AuditEventType'.

[7m105[0m         'recovery_tests_list',
[7m   [0m [91m        ~~~~~~~~~~~~~~~~~~~~~[0m

[96msrc/pages/api/auth/auth0-recovery-tests.ts[0m:[93m128[0m:[93m9[0m - [91merror[0m[90m TS2345: [0mArgument of type '"recovery_test_get"' is not assignable to parameter of type 'AuditEventType'.

[7m128[0m         'recovery_test_get',
[7m   [0m [91m        ~~~~~~~~~~~~~~~~~~~[0m

[96msrc/pages/api/auth/auth0-recovery-tests.ts[0m:[93m145[0m:[93m9[0m - [91merror[0m[90m TS2345: [0mArgument of type '"recovery_test_config_get"' is not assignable to parameter of type 'AuditEventType'.

[7m145[0m         'recovery_test_config_get',
[7m   [0m [91m        ~~~~~~~~~~~~~~~~~~~~~~~~~~[0m

[96msrc/pages/api/auth/auth0-recovery-tests.ts[0m:[93m169[0m:[93m7[0m - [91merror[0m[90m TS2345: [0mArgument of type '"system_error"' is not assignable to parameter of type 'AuditEventType'.

[7m169[0m       'system_error',
[7m   [0m [91m      ~~~~~~~~~~~~~~[0m

[96msrc/pages/api/auth/auth0-recovery-tests.ts[0m:[93m234[0m:[93m9[0m - [91merror[0m[90m TS2345: [0mArgument of type '"access_denied"' is not assignable to parameter of type 'AuditEventType'.

[7m234[0m         'access_denied',
[7m   [0m [91m        ~~~~~~~~~~~~~~~[0m

[96msrc/pages/api/auth/auth0-recovery-tests.ts[0m:[93m265[0m:[93m9[0m - [91merror[0m[90m TS2345: [0mArgument of type '"recovery_test_run"' is not assignable to parameter of type 'AuditEventType'.

[7m265[0m         'recovery_test_run',
[7m   [0m [91m        ~~~~~~~~~~~~~~~~~~~[0m

[96msrc/pages/api/auth/auth0-recovery-tests.ts[0m:[93m284[0m:[93m9[0m - [91merror[0m[90m TS2345: [0mArgument of type '"recovery_test_config_update"' is not assignable to parameter of type 'AuditEventType'.

[7m284[0m         'recovery_test_config_update',
[7m   [0m [91m        ~~~~~~~~~~~~~~~~~~~~~~~~~~~~~[0m

[96msrc/pages/api/auth/auth0-recovery-tests.ts[0m:[93m303[0m:[93m9[0m - [91merror[0m[90m TS2345: [0mArgument of type '"recovery_test_schedule"' is not assignable to parameter of type 'AuditEventType'.

[7m303[0m         'recovery_test_schedule',
[7m   [0m [91m        ~~~~~~~~~~~~~~~~~~~~~~~~[0m

[96msrc/pages/api/auth/auth0-recovery-tests.ts[0m:[93m327[0m:[93m7[0m - [91merror[0m[90m TS2345: [0mArgument of type '"system_error"' is not assignable to parameter of type 'AuditEventType'.

[7m327[0m       'system_error',
[7m   [0m [91m      ~~~~~~~~~~~~~~[0m

[96msrc/pages/api/auth/auth0-risk-correlations.ts[0m:[93m80[0m:[93m9[0m - [91merror[0m[90m TS2345: [0mArgument of type '"system_error"' is not assignable to parameter of type 'AuditEventType'.

[7m80[0m         'system_error',
[7m  [0m [91m        ~~~~~~~~~~~~~~[0m

[96msrc/pages/api/auth/auth0-risk-correlations.ts[0m:[93m167[0m:[93m9[0m - [91merror[0m[90m TS2345: [0mArgument of type '"access_denied"' is not assignable to parameter of type 'AuditEventType'.

[7m167[0m         'access_denied',
[7m   [0m [91m        ~~~~~~~~~~~~~~~[0m

[96msrc/pages/api/auth/auth0-risk-correlations.ts[0m:[93m189[0m:[93m7[0m - [91merror[0m[90m TS2345: [0mArgument of type '"risk_correlations_analysis"' is not assignable to parameter of type 'AuditEventType'.

[7m189[0m       'risk_correlations_analysis',
[7m   [0m [91m      ~~~~~~~~~~~~~~~~~~~~~~~~~~~~[0m

[96msrc/pages/api/auth/auth0-risk-correlations.ts[0m:[93m236[0m:[93m7[0m - [91merror[0m[90m TS2345: [0mArgument of type '"system_error"' is not assignable to parameter of type 'AuditEventType'.

[7m236[0m       'system_error',
[7m   [0m [91m      ~~~~~~~~~~~~~~[0m

[96msrc/pages/api/auth/auth0-session-analysis.ts[0m:[93m103[0m:[93m9[0m - [91merror[0m[90m TS2345: [0mArgument of type '"access_denied"' is not assignable to parameter of type 'AuditEventType'.

[7m103[0m         'access_denied',
[7m   [0m [91m        ~~~~~~~~~~~~~~~[0m

[96msrc/pages/api/auth/auth0-session-analysis.ts[0m:[93m155[0m:[93m7[0m - [91merror[0m[90m TS2345: [0mArgument of type '"session_analysis_access"' is not assignable to parameter of type 'AuditEventType'.

[7m155[0m       'session_analysis_access',
[7m   [0m [91m      ~~~~~~~~~~~~~~~~~~~~~~~~~[0m

[96msrc/pages/api/auth/auth0-session-analysis.ts[0m:[93m180[0m:[93m7[0m - [91merror[0m[90m TS2345: [0mArgument of type '"system_error"' is not assignable to parameter of type 'AuditEventType'.

[7m180[0m       'system_error',
[7m   [0m [91m      ~~~~~~~~~~~~~~[0m

[96msrc/pages/api/auth/auth0-session-analytics.ts[0m:[93m74[0m:[93m40[0m - [91merror[0m[90m TS4111: [0mProperty 'sessionId' comes from an index signature, so it must be accessed with ['sessionId'].

[7m74[0m   if (!isObject(value) || typeof value.sessionId !== 'string') {
[7m  [0m [91m                                       ~~~~~~~~~[0m

[96msrc/pages/api/auth/auth0-session-analytics.ts[0m:[93m78[0m:[93m31[0m - [91merror[0m[90m TS4111: [0mProperty 'analyticsData' comes from an index signature, so it must be accessed with ['analyticsData'].

[7m78[0m   const analyticsData = value.analyticsData
[7m  [0m [91m                              ~~~~~~~~~~~~~[0m

[96msrc/pages/api/auth/auth0-session-analytics.ts[0m:[93m83[0m:[93m40[0m - [91merror[0m[90m TS4111: [0mProperty 'sessionMetrics' comes from an index signature, so it must be accessed with ['sessionMetrics'].

[7m83[0m   const sessionMetrics = analyticsData.sessionMetrics
[7m  [0m [91m                                       ~~~~~~~~~~~~~~[0m

[96msrc/pages/api/auth/auth0-session-analytics.ts[0m:[93m84[0m:[93m39[0m - [91merror[0m[90m TS4111: [0mProperty 'skillProgress' comes from an index signature, so it must be accessed with ['skillProgress'].

[7m84[0m   const skillProgress = analyticsData.skillProgress
[7m  [0m [91m                                      ~~~~~~~~~~~~~[0m

[96msrc/pages/api/auth/auth0-sessions.ts[0m:[93m167[0m:[93m13[0m - [91merror[0m[90m TS2345: [0mArgument of type '"access_denied"' is not assignable to parameter of type 'AuditEventType'.

[7m167[0m             'access_denied',
[7m   [0m [91m            ~~~~~~~~~~~~~~~[0m

[96msrc/pages/api/auth/auth0-sessions.ts[0m:[93m200[0m:[93m11[0m - [91merror[0m[90m TS2322: [0mType 'import("/home/vivi/pixelated/src/lib/ai/models/ai-types").TherapySession[]' is not assignable to type 'import("/home/vivi/pixelated/src/lib/ai/interfaces/therapy").TherapySession[]'.
  Type 'TherapySession' is missing the following properties from type 'TherapySession': securityLevel, emotionAnalysisEnabled

[7m200[0m     const sessions: TherapySession[] = await repository.getSessions(filter)
[7m   [0m [91m          ~~~~~~~~[0m

[96msrc/pages/api/auth/auth0-sessions.ts[0m:[93m207[0m:[93m7[0m - [91merror[0m[90m TS2345: [0mArgument of type '"sessions_access"' is not assignable to parameter of type 'AuditEventType'.

[7m207[0m       'sessions_access',
[7m   [0m [91m      ~~~~~~~~~~~~~~~~~[0m

[96msrc/pages/api/auth/auth0-sessions.ts[0m:[93m231[0m:[93m7[0m - [91merror[0m[90m TS2345: [0mArgument of type '"system_error"' is not assignable to parameter of type 'AuditEventType'.

[7m231[0m       'system_error',
[7m   [0m [91m      ~~~~~~~~~~~~~~[0m

[96msrc/pages/api/auth/auth0-temporal-emotions.ts[0m:[93m216[0m:[93m7[0m - [91merror[0m[90m TS2345: [0mArgument of type '"temporal_emotions_access"' is not assignable to parameter of type 'AuditEventType'.

[7m216[0m       'temporal_emotions_access',
[7m   [0m [91m      ~~~~~~~~~~~~~~~~~~~~~~~~~~[0m

[96msrc/pages/api/auth/auth0-temporal-emotions.ts[0m:[93m251[0m:[93m7[0m - [91merror[0m[90m TS2345: [0mArgument of type '"system_error"' is not assignable to parameter of type 'AuditEventType'.

[7m251[0m       'system_error',
[7m   [0m [91m      ~~~~~~~~~~~~~~[0m

[96msrc/pages/api/auth/auth0-todos.ts[0m:[93m51[0m:[93m7[0m - [91merror[0m[90m TS2345: [0mArgument of type '"todos_access"' is not assignable to parameter of type 'AuditEventType'.

[7m51[0m       'todos_access',
[7m  [0m [91m      ~~~~~~~~~~~~~~[0m

[96msrc/pages/api/auth/auth0-todos.ts[0m:[93m73[0m:[93m7[0m - [91merror[0m[90m TS2345: [0mArgument of type '"system_error"' is not assignable to parameter of type 'AuditEventType'.

[7m73[0m       'system_error',
[7m  [0m [91m      ~~~~~~~~~~~~~~[0m

[96msrc/pages/api/auth/auth0-todos.ts[0m:[93m152[0m:[93m7[0m - [91merror[0m[90m TS2345: [0mArgument of type '"todo_create"' is not assignable to parameter of type 'AuditEventType'.

[7m152[0m       'todo_create',
[7m   [0m [91m      ~~~~~~~~~~~~~[0m

[96msrc/pages/api/auth/auth0-todos.ts[0m:[93m156[0m:[93m40[0m - [91merror[0m[90m TS18048: [0m'todo._id' is possibly 'undefined'.

[7m156[0m       { action: 'create_todo', todoId: todo._id.toString() },
[7m   [0m [91m                                       ~~~~~~~~[0m

[96msrc/pages/api/auth/auth0-todos.ts[0m:[93m174[0m:[93m7[0m - [91merror[0m[90m TS2345: [0mArgument of type '"system_error"' is not assignable to parameter of type 'AuditEventType'.

[7m174[0m       'system_error',
[7m   [0m [91m      ~~~~~~~~~~~~~~[0m

[96msrc/pages/api/auth/profile.ts[0m:[93m60[0m:[93m11[0m - [91merror[0m[90m TS2322: [0mType 'string | undefined' is not assignable to type 'string | null'.
  Type 'undefined' is not assignable to type 'string | null'.

[7m60[0m           userId = v.userId
[7m  [0m [91m          ~~~~~~[0m

[96msrc/pages/api/auth/profile.ts[0m:[93m64[0m:[93m9[0m - [91merror[0m[90m TS2322: [0mType 'string | undefined' is not assignable to type 'string | null'.
  Type 'undefined' is not assignable to type 'string | null'.

[7m64[0m         userId = v.userId
[7m  [0m [91m        ~~~~~~[0m

[96msrc/pages/api/auth/profile.ts[0m:[93m127[0m:[93m7[0m - [91merror[0m[90m TS18004: [0mNo value exists in scope for the shorthand property 'clientInfo'. Either declare one or provide an initializer.

[7m127[0m       clientInfo,
[7m   [0m [91m      ~~~~~~~~~~[0m

[96msrc/pages/api/auth/profile.ts[0m:[93m182[0m:[93m9[0m - [91merror[0m[90m TS2322: [0mType 'string | undefined' is not assignable to type 'string | null'.
  Type 'undefined' is not assignable to type 'string | null'.

[7m182[0m         userId = v.userId
[7m   [0m [91m        ~~~~~~[0m

[96msrc/pages/api/auth/profile.ts[0m:[93m197[0m:[93m40[0m - [91merror[0m[90m TS4111: [0mProperty 'name' comes from an index signature, so it must be accessed with ['name'].

[7m197[0m     if (updates.fullName) auth0Updates.name = updates.fullName
[7m   [0m [91m                                       ~~~~[0m

[96msrc/pages/api/auth/profile.ts[0m:[93m198[0m:[93m41[0m - [91merror[0m[90m TS4111: [0mProperty 'picture' comes from an index signature, so it must be accessed with ['picture'].

[7m198[0m     if (updates.avatarUrl) auth0Updates.picture = updates.avatarUrl
[7m   [0m [91m                                        ~~~~~~~[0m

[96msrc/pages/api/auth/profile.ts[0m:[93m199[0m:[93m44[0m - [91merror[0m[90m TS4111: [0mProperty 'user_metadata' comes from an index signature, so it must be accessed with ['user_metadata'].

[7m199[0m     if (updates.userMetadata) auth0Updates.user_metadata = updates.userMetadata
[7m   [0m [91m                                           ~~~~~~~~~~~~~[0m

[96msrc/pages/api/auth/profile.ts[0m:[93m203[0m:[93m20[0m - [91merror[0m[90m TS4111: [0mProperty 'user_metadata' comes from an index signature, so it must be accessed with ['user_metadata'].

[7m203[0m       auth0Updates.user_metadata = {
[7m   [0m [91m                   ~~~~~~~~~~~~~[0m

[96msrc/pages/api/auth/profile.ts[0m:[93m204[0m:[93m25[0m - [91merror[0m[90m TS4111: [0mProperty 'user_metadata' comes from an index signature, so it must be accessed with ['user_metadata'].

[7m204[0m         ...auth0Updates.user_metadata,
[7m   [0m [91m                        ~~~~~~~~~~~~~[0m

[96msrc/pages/api/auth/profile.ts[0m:[93m235[0m:[93m22[0m - [91merror[0m[90m TS2339: [0mProperty 'USER_MODIFIED' does not exist on type 'typeof AuditEventType'.

[7m235[0m       AuditEventType.USER_MODIFIED,
[7m   [0m [91m                     ~~~~~~~~~~~~~[0m

[96msrc/pages/api/auth/refresh.ts[0m:[93m58[0m:[93m5[0m - [91merror[0m[90m TS2554: [0mExpected 3 arguments, but got 2.

[7m58[0m     logSecurityEvent('token_refreshed', {
[7m  [0m [91m    ~~~~~~~~~~~~~~~~[0m

  [96msrc/lib/security/index.ts[0m:[93m65[0m:[93m3[0m
    [7m65[0m   metadata: Record<string, unknown>,
    [7m  [0m [96m  ~~~~~~~~~~~~~~~~~~~~~~~~~~~~~~~~~[0m
    An argument for 'metadata' was not provided.

[96msrc/pages/api/auth/refresh.ts[0m:[93m85[0m:[93m7[0m - [91merror[0m[90m TS2554: [0mExpected 3 arguments, but got 2.

[7m85[0m       logSecurityEvent('token_validation_failed', {
[7m  [0m [91m      ~~~~~~~~~~~~~~~~[0m

  [96msrc/lib/security/index.ts[0m:[93m65[0m:[93m3[0m
    [7m65[0m   metadata: Record<string, unknown>,
    [7m  [0m [96m  ~~~~~~~~~~~~~~~~~~~~~~~~~~~~~~~~~[0m
    An argument for 'metadata' was not provided.

[96msrc/pages/api/auth/refresh.ts[0m:[93m106[0m:[93m5[0m - [91merror[0m[90m TS2554: [0mExpected 3 arguments, but got 2.

[7m106[0m     logSecurityEvent('error', {
[7m   [0m [91m    ~~~~~~~~~~~~~~~~[0m

  [96msrc/lib/security/index.ts[0m:[93m65[0m:[93m3[0m
    [7m65[0m   metadata: Record<string, unknown>,
    [7m  [0m [96m  ~~~~~~~~~~~~~~~~~~~~~~~~~~~~~~~~~[0m
    An argument for 'metadata' was not provided.

[96msrc/pages/api/auth/register/route.ts[0m:[93m26[0m:[93m33[0m - [91merror[0m[90m TS2532: [0mObject is possibly 'undefined'.

[7m26[0m         JSON.stringify({ error: result.error.issues[0].message }),
[7m  [0m [91m                                ~~~~~~~~~~~~~~~~~~~~~~[0m

[96msrc/pages/api/auth/register/route.ts[0m:[93m61[0m:[93m7[0m - [91merror[0m[90m TS2322: [0mType 'boolean' is not assignable to type 'string'.

[7m61[0m       passwordHash: hashedPassword,
[7m  [0m [91m      ~~~~~~~~~~~~[0m

  [96msrc/lib/db/index.ts[0m:[93m264[0m:[93m5[0m
    [7m264[0m     passwordHash: string
    [7m   [0m [96m    ~~~~~~~~~~~~[0m
    The expected type comes from property 'passwordHash' which is declared here on type '{ email: string; passwordHash: string; firstName: string; lastName: string; role?: string | undefined; institution?: string | undefined; licenseNumber?: string | undefined; }'

[96msrc/pages/api/auth/signin.ts[0m:[93m79[0m:[93m32[0m - [91merror[0m[90m TS4111: [0mProperty 'NODE_ENV' comes from an index signature, so it must be accessed with ['NODE_ENV'].

[7m79[0m     const isProd = process.env.NODE_ENV === 'production'
[7m  [0m [91m                               ~~~~~~~~[0m

[96msrc/pages/api/auth/signin.ts[0m:[93m108[0m:[93m55[0m - [91merror[0m[90m TS2345: [0mArgument of type '"user_logged_in"' is not assignable to parameter of type 'AuthenticationEvent'.

[7m108[0m     await updatePhase6AuthenticationProgress(user.id, 'user_logged_in')
[7m   [0m [91m                                                      ~~~~~~~~~~~~~~~~[0m

[96msrc/pages/api/auth/signout.ts[0m:[93m26[0m:[93m32[0m - [91merror[0m[90m TS4111: [0mProperty 'NODE_ENV' comes from an index signature, so it must be accessed with ['NODE_ENV'].

[7m26[0m     const isProd = process.env.NODE_ENV === 'production'
[7m  [0m [91m                               ~~~~~~~~[0m

[96msrc/pages/api/auth/signup.ts[0m:[93m139[0m:[93m5[0m - [91merror[0m[90m TS2554: [0mExpected 3 arguments, but got 2.

[7m139[0m     logSecurityEvent('error', {
[7m   [0m [91m    ~~~~~~~~~~~~~~~~[0m

  [96msrc/lib/security/index.ts[0m:[93m65[0m:[93m3[0m
    [7m65[0m   metadata: Record<string, unknown>,
    [7m  [0m [96m  ~~~~~~~~~~~~~~~~~~~~~~~~~~~~~~~~~[0m
    An argument for 'metadata' was not provided.

[96msrc/pages/api/bias-analysis/analyze-optimized.ts[0m:[93m59[0m:[93m34[0m - [91merror[0m[90m TS4111: [0mProperty 'NODE_ENV' comes from an index signature, so it must be accessed with ['NODE_ENV'].

[7m59[0m const isProduction = process.env.NODE_ENV === 'production'
[7m  [0m [91m                                 ~~~~~~~~[0m

[96msrc/pages/api/bias-analysis/analyze-optimized.ts[0m:[93m450[0m:[93m11[0m - [91merror[0m[90m TS6133: [0m'_securityStart' is declared but its value is never read.

[7m450[0m     const _securityStart = Date.now()
[7m   [0m [91m          ~~~~~~~~~~~~~~[0m

[96msrc/pages/api/bias-analysis/analyze.ts[0m:[93m16[0m:[93m11[0m - [91merror[0m[90m TS6196: [0m'BiasAnalysisResult' is declared but never used.

[7m16[0m interface BiasAnalysisResult {
[7m  [0m [91m          ~~~~~~~~~~~~~~~~~~[0m

[96msrc/pages/api/bias-detection/export.ts[0m:[93m137[0m:[93m11[0m - [91merror[0m[90m TS4111: [0mProperty 'sessions' comes from an index signature, so it must be accessed with ['sessions'].

[7m137[0m     (data.sessions as Array<Record<string, unknown>> | undefined) ?? []
[7m   [0m [91m          ~~~~~~~~[0m

[96msrc/pages/api/bias-detection/export.ts[0m:[93m152[0m:[93m36[0m - [91merror[0m[90m TS4111: [0mProperty 'participantDemographics' comes from an index signature, so it must be accessed with ['participantDemographics'].

[7m152[0m       const demographics = session.participantDemographics as
[7m   [0m [91m                                   ~~~~~~~~~~~~~~~~~~~~~~~[0m

[96msrc/pages/api/bias-detection/export.ts[0m:[93m156[0m:[93m18[0m - [91merror[0m[90m TS4111: [0mProperty 'sessionId' comes from an index signature, so it must be accessed with ['sessionId'].

[7m156[0m         (session.sessionId as string) || '',
[7m   [0m [91m                 ~~~~~~~~~[0m

[96msrc/pages/api/bias-detection/export.ts[0m:[93m157[0m:[93m18[0m - [91merror[0m[90m TS4111: [0mProperty 'timestamp' comes from an index signature, so it must be accessed with ['timestamp'].

[7m157[0m         (session.timestamp as string) || '',
[7m   [0m [91m                 ~~~~~~~~~[0m

[96msrc/pages/api/bias-detection/export.ts[0m:[93m158[0m:[93m24[0m - [91merror[0m[90m TS4111: [0mProperty 'biasScore' comes from an index signature, so it must be accessed with ['biasScore'].

[7m158[0m         String(session.biasScore ?? ''),
[7m   [0m [91m                       ~~~~~~~~~[0m

[96msrc/pages/api/bias-detection/export.ts[0m:[93m159[0m:[93m18[0m - [91merror[0m[90m TS4111: [0mProperty 'alertLevel' comes from an index signature, so it must be accessed with ['alertLevel'].

[7m159[0m         (session.alertLevel as string) || '',
[7m   [0m [91m                 ~~~~~~~~~~[0m

[96msrc/pages/api/bias-detection/export.ts[0m:[93m160[0m:[93m24[0m - [91merror[0m[90m TS4111: [0mProperty 'gender' comes from an index signature, so it must be accessed with ['gender'].

[7m160[0m         (demographics?.gender as string) || '',
[7m   [0m [91m                       ~~~~~~[0m

[96msrc/pages/api/bias-detection/export.ts[0m:[93m161[0m:[93m30[0m - [91merror[0m[90m TS4111: [0mProperty 'age' comes from an index signature, so it must be accessed with ['age'].

[7m161[0m         String(demographics?.age ?? ''),
[7m   [0m [91m                             ~~~[0m

[96msrc/pages/api/bias-detection/export.ts[0m:[93m162[0m:[93m24[0m - [91merror[0m[90m TS4111: [0mProperty 'ethnicity' comes from an index signature, so it must be accessed with ['ethnicity'].

[7m162[0m         (demographics?.ethnicity as string) || '',
[7m   [0m [91m                       ~~~~~~~~~[0m

[96msrc/pages/api/bias-detection/export.ts[0m:[93m163[0m:[93m18[0m - [91merror[0m[90m TS4111: [0mProperty 'scenario' comes from an index signature, so it must be accessed with ['scenario'].

[7m163[0m         (session.scenario as string) || '',
[7m   [0m [91m                 ~~~~~~~~[0m

[96msrc/pages/api/bias-detection/submit-batch-job.ts[0m:[93m4[0m:[93m15[0m - [91merror[0m[90m TS2724: [0m'"../../../lib/ai/bias-detection/types"' has no exported member named 'BatchAnalysisResult'. Did you mean 'BiasAnalysisResult'?

[7m4[0m import type { BatchAnalysisResult } from '../../../lib/ai/bias-detection/types'
[7m [0m [91m              ~~~~~~~~~~~~~~~~~~~[0m

[96msrc/pages/api/bias-detection/submit-batch-job.ts[0m:[93m8[0m:[93m3[0m - [91merror[0m[90m TS2554: [0mExpected 0 arguments, but got 1.

[7m  8[0m   async (sessions, update) => {
[7m   [0m [91m  ~~~~~~~~~~~~~~~~~~~~~~~~~~~~~[0m
[7m  9[0m     // Use batchAnalyzeSessions with progress callback
[7m   [0m [91m~~~~~~~~~~~~~~~~~~~~~~~~~~~~~~~~~~~~~~~~~~~~~~~~~~~~~~[0m
[7m...[0m 
[7m 14[0m     })
[7m   [0m [91m~~~~~~[0m
[7m 15[0m   },
[7m   [0m [91m~~~[0m

[96msrc/pages/api/bias-detection/submit-batch-job.ts[0m:[93m8[0m:[93m10[0m - [91merror[0m[90m TS7006: [0mParameter 'sessions' implicitly has an 'any' type.

[7m8[0m   async (sessions, update) => {
[7m [0m [91m         ~~~~~~~~[0m

[96msrc/pages/api/bias-detection/submit-batch-job.ts[0m:[93m8[0m:[93m20[0m - [91merror[0m[90m TS7006: [0mParameter 'update' implicitly has an 'any' type.

[7m8[0m   async (sessions, update) => {
[7m [0m [91m                   ~~~~~~[0m

[96msrc/pages/api/bias-detection/test-notification.ts[0m:[93m8[0m:[93m41[0m - [91merror[0m[90m TS2304: [0mCannot find name 'APIContext'.

[7m8[0m export const POST = async ({ request }: APIContext) => {
[7m [0m [91m                                        ~~~~~~~~~~[0m

[96msrc/pages/api/bias-detection/test-notification.ts[0m:[93m12[0m:[93m10[0m - [91merror[0m[90m TS7053: [0mElement implicitly has an 'any' type because expression of type '"authenticated"' can't be used to index type 'Boolean'.
  Property 'authenticated' does not exist on type 'Boolean'.

[7m12[0m     if (!authResult?.['authenticated']) {
[7m  [0m [91m         ~~~~~~~~~~~~~~~~~~~~~~~~~~~~~[0m

[96msrc/pages/api/bias-detection/test-notification.ts[0m:[93m28[0m:[93m10[0m - [91merror[0m[90m TS7053: [0mElement implicitly has an 'any' type because expression of type '"user"' can't be used to index type 'Boolean'.
  Property 'user' does not exist on type 'Boolean'.

[7m28[0m     if (!authResult?.['user']?.['isAdmin']) {
[7m  [0m [91m         ~~~~~~~~~~~~~~~~~~~~[0m

[96msrc/pages/api/bias-detection/test-notification.ts[0m:[93m68[0m:[93m46[0m - [91merror[0m[90m TS2339: [0mProperty 'sendTestNotification' does not exist on type 'BiasDetectionEngine'.

[7m68[0m     const result = await biasDetectionEngine.sendTestNotification(
[7m  [0m [91m                                             ~~~~~~~~~~~~~~~~~~~~[0m

[96msrc/pages/api/bias-detection/test-notification.ts[0m:[93m72[0m:[93m17[0m - [91merror[0m[90m TS7053: [0mElement implicitly has an 'any' type because expression of type '"user"' can't be used to index type 'Boolean'.
  Property 'user' does not exist on type 'Boolean'.

[7m72[0m         userId: authResult?.['user']?.['id'],
[7m  [0m [91m                ~~~~~~~~~~~~~~~~~~~~[0m

[96msrc/pages/api/bias-detection/test-notification.ts[0m:[93m73[0m:[93m16[0m - [91merror[0m[90m TS7053: [0mElement implicitly has an 'any' type because expression of type '"user"' can't be used to index type 'Boolean'.
  Property 'user' does not exist on type 'Boolean'.

[7m73[0m         email: authResult?.['user']?.['email'],
[7m  [0m [91m               ~~~~~~~~~~~~~~~~~~~~[0m

[96msrc/pages/api/browser-compatibility/data.ts[0m:[93m23[0m:[93m29[0m - [91merror[0m[90m TS7031: [0mBinding element 'request' implicitly has an 'any' type.

[7m23[0m export const GET = async ({ request }) => {
[7m  [0m [91m                            ~~~~~~~[0m

[96msrc/pages/api/browser-compatibility/data.ts[0m:[93m86[0m:[93m46[0m - [91merror[0m[90m TS2345: [0mArgument of type 'string | undefined' is not assignable to parameter of type 'string'.
  Type 'undefined' is not assignable to type 'string'.

[7m86[0m       const sanitizedFile = sanitizeFilename(file)
[7m  [0m [91m                                             ~~~~[0m

[96msrc/pages/api/browser-compatibility/data.ts[0m:[93m120[0m:[93m39[0m - [91merror[0m[90m TS2339: [0mProperty 'filter' does not exist on type '{}'.

[7m120[0m           report.tests = report.tests.filter((test: { browser: string }) =>
[7m   [0m [91m                                      ~~~~~~[0m

[96msrc/pages/api/browser-compatibility/data.ts[0m:[93m129[0m:[93m11[0m - [91merror[0m[90m TS2769: [0mNo overload matches this call.
  Overload 1 of 2, '(predicate: (value: { browser: string; }, index: number, array: { browser: string; }[]) => value is { browser: string; }, thisArg?: any): { browser: string; }[]', gave the following error.
    Argument of type '(issue: { timestamp?: string; }) => boolean' is not assignable to parameter of type '(value: { browser: string; }, index: number, array: { browser: string; }[]) => value is { browser: string; }'.
      Types of parameters 'issue' and 'value' are incompatible.
        Type '{ browser: string; }' has no properties in common with type '{ timestamp?: string | undefined; }'.
  Overload 2 of 2, '(predicate: (value: { browser: string; }, index: number, array: { browser: string; }[]) => unknown, thisArg?: any): { browser: string; }[]', gave the following error.
    Argument of type '(issue: { timestamp?: string; }) => boolean' is not assignable to parameter of type '(value: { browser: string; }, index: number, array: { browser: string; }[]) => unknown'.
      Types of parameters 'issue' and 'value' are incompatible.
        Type '{ browser: string; }' has no properties in common with type '{ timestamp?: string | undefined; }'.

[7m129[0m           (issue: { timestamp?: string }) => {
[7m   [0m [91m          ~~~~~~~~~~~~~~~~~~~~~~~~~~~~~~~~~~~~[0m


[96msrc/pages/api/browser-compatibility/data.ts[0m:[93m141[0m:[93m25[0m - [91merror[0m[90m TS2339: [0mProperty 'summary' does not exist on type '{ timestamp: string; browsers?: Record<string, unknown> | undefined; issues?: { browser: string; }[] | undefined; tests?: unknown; }'.

[7m141[0m         summary: report.summary,
[7m   [0m [91m                        ~~~~~~~[0m

[96msrc/pages/api/browser-compatibility/data.ts[0m:[93m145[0m:[93m29[0m - [91merror[0m[90m TS2339: [0mProperty 'screenshots' does not exist on type '{ timestamp: string; browsers?: Record<string, unknown> | undefined; issues?: { browser: string; }[] | undefined; tests?: unknown; }'.

[7m145[0m         screenshots: report.screenshots || [],
[7m   [0m [91m                            ~~~~~~~~~~~[0m

[96msrc/pages/api/browser-compatibility/data.ts[0m:[93m154[0m:[93m38[0m - [91merror[0m[90m TS2532: [0mObject is possibly 'undefined'.

[7m154[0m         latest: reports.length > 0 ? reports[0].timestamp : null,
[7m   [0m [91m                                     ~~~~~~~~~~[0m

[96msrc/pages/api/components/analytics/charts.ts[0m:[93m46[0m:[93m14[0m - [91merror[0m[90m TS2322: [0mType '(context: BaseAPIContext) => Promise<Response>' is not assignable to type 'APIRoute'.
  Types of parameters 'context' and 'context' are incompatible.
    Type 'APIContext<Record<string, any>, Record<string, string | undefined>>' is not assignable to type 'BaseAPIContext<Record<string, unknown>, Record<string, string | undefined>>'.
      Types of property 'locals' are incompatible.
        Type 'Locals' is not assignable to type 'Record<string, unknown>'.
          Index signature for type 'string' is missing in type 'Locals'.

[7m46[0m export const GET: APIRoute = protectRoute()(async (context: AuthAPIContext) => {
[7m  [0m [91m             ~~~[0m

[96msrc/pages/api/components/analytics/charts.ts[0m:[93m214[0m:[93m11[0m - [91merror[0m[90m TS2322: [0mType '(string | undefined)[]' is not assignable to type 'string[]'.
  Type 'string | undefined' is not assignable to type 'string'.
    Type 'undefined' is not assignable to type 'string'.

[7m214[0m           labels: progressData.map((d) => d.date),
[7m   [0m [91m          ~~~~~~[0m

  [96msrc/pages/api/components/analytics/charts.ts[0m:[93m22[0m:[93m5[0m
    [7m22[0m     labels: string[]
    [7m  [0m [96m    ~~~~~~[0m
    The expected type comes from property 'labels' which is declared here on type '{ labels: string[]; datasets: { label: string; data: number[]; backgroundColor?: string | string[] | undefined; borderColor?: string | undefined; fill?: boolean | undefined; tension?: number | undefined; }[]; }'

[96msrc/pages/api/components/analytics/charts.ts[0m:[93m312[0m:[93m15[0m - [91merror[0m[90m TS2322: [0mType '{ x: number; y: number; }[]' is not assignable to type 'number[]'.
  Type '{ x: number; y: number; }' is not assignable to type 'number'.

[7m312[0m               data: scatterData,
[7m   [0m [91m              ~~~~[0m

  [96msrc/pages/api/components/analytics/charts.ts[0m:[93m25[0m:[93m7[0m
    [7m25[0m       data: number[]
    [7m  [0m [96m      ~~~~[0m
    The expected type comes from property 'data' which is declared here on type '{ label: string; data: number[]; backgroundColor?: string | string[] | undefined; borderColor?: string | undefined; fill?: boolean | undefined; tension?: number | undefined; }'

[96msrc/pages/api/components/analytics/charts.ts[0m:[93m338[0m:[93m9[0m - [91merror[0m[90m TS6133: [0m'_type' is declared but its value is never read.

[7m338[0m   const { _type } = params
[7m   [0m [91m        ~~~~~~~~~[0m

[96msrc/pages/api/components/analytics/charts.ts[0m:[93m338[0m:[93m11[0m - [91merror[0m[90m TS2339: [0mProperty '_type' does not exist on type '{ type: string; repository: AIRepository; clientId?: string | null | undefined; startDate: Date; endDate: Date; dataPoints: number; }'.

[7m338[0m   const { _type } = params
[7m   [0m [91m          ~~~~~[0m

[96msrc/pages/api/components/analytics/charts.ts[0m:[93m380[0m:[93m11[0m - [91merror[0m[90m TS2339: [0mProperty '_type' does not exist on type '{ type: string; repository: AIRepository; clientId?: string | null | undefined; startDate: Date; endDate: Date; dataPoints: number; }'.

[7m380[0m   const { _type, dataPoints } = params
[7m   [0m [91m          ~~~~~[0m

[96msrc/pages/api/components/analytics/charts.ts[0m:[93m380[0m:[93m11[0m - [91merror[0m[90m TS6133: [0m'_type' is declared but its value is never read.

[7m380[0m   const { _type, dataPoints } = params
[7m   [0m [91m          ~~~~~[0m

[96msrc/pages/api/components/particles/emotion-system.ts[0m:[93m79[0m:[93m14[0m - [91merror[0m[90m TS2322: [0mType '(context: BaseAPIContext) => Promise<Response>' is not assignable to type 'APIRoute'.
  Types of parameters 'context' and 'context' are incompatible.
    Type 'APIContext<Record<string, any>, Record<string, string | undefined>>' is not assignable to type 'BaseAPIContext<Record<string, unknown>, Record<string, string | undefined>>'.
      Types of property 'locals' are incompatible.
        Type 'Locals' is not assignable to type 'Record<string, unknown>'.
          Index signature for type 'string' is missing in type 'Locals'.

[7m79[0m export const GET: APIRoute = protectRoute()(async (context: AuthAPIContext) => {
[7m  [0m [91m             ~~~[0m

[96msrc/pages/api/components/particles/emotion-system.ts[0m:[93m139[0m:[93m7[0m - [91merror[0m[90m TS2322: [0mType 'string | null' is not assignable to type 'string | undefined'.
  Type 'null' is not assignable to type 'string | undefined'.

[7m139[0m       sessionId,
[7m   [0m [91m      ~~~~~~~~~[0m

  [96msrc/pages/api/components/particles/emotion-system.ts[0m:[93m39[0m:[93m3[0m
    [7m39[0m   sessionId?: string
    [7m  [0m [96m  ~~~~~~~~~[0m
    The expected type comes from property 'sessionId' which is declared here on type 'ParticleSystemConfig'

[96msrc/pages/api/components/particles/emotion-system.ts[0m:[93m206[0m:[93m14[0m - [91merror[0m[90m TS2322: [0mType '(context: BaseAPIContext) => Promise<Response>' is not assignable to type 'APIRoute'.
  Types of parameters 'context' and 'context' are incompatible.
    Type 'APIContext<Record<string, any>, Record<string, string | undefined>>' is not assignable to type 'BaseAPIContext<Record<string, unknown>, Record<string, string | undefined>>'.
      Types of property 'locals' are incompatible.
        Type 'Locals' is not assignable to type 'Record<string, unknown>'.
          Index signature for type 'string' is missing in type 'Locals'.

[7m206[0m export const POST: APIRoute = protectRoute()(async (
[7m   [0m [91m             ~~~~[0m

[96msrc/pages/api/components/particles/emotion-system.ts[0m:[93m437[0m:[93m21[0m - [91merror[0m[90m TS18046: [0m'percentage' is of type 'unknown'.

[7m437[0m       cumulative += percentage
[7m   [0m [91m                    ~~~~~~~~~~[0m

[96msrc/pages/api/components/treatment-plans/enhanced.ts[0m:[93m139[0m:[93m14[0m - [91merror[0m[90m TS2322: [0mType '(context: BaseAPIContext) => Promise<Response>' is not assignable to type 'APIRoute'.
  Types of parameters 'context' and 'context' are incompatible.
    Type 'APIContext<Record<string, any>, Record<string, string | undefined>>' is not assignable to type 'BaseAPIContext<Record<string, unknown>, Record<string, string | undefined>>'.
      Types of property 'locals' are incompatible.
        Type 'Locals' is not assignable to type 'Record<string, unknown>'.
          Index signature for type 'string' is missing in type 'Locals'.

[7m139[0m export const GET: APIRoute = protectRoute()(async (context: AuthAPIContext) => {
[7m   [0m [91m             ~~~[0m

[96msrc/pages/api/components/treatment-plans/enhanced.ts[0m:[93m378[0m:[93m19[0m - [91merror[0m[90m TS2339: [0mProperty '_metrics' does not exist on type '{ id: string; title: string; description: string; targetDate: string; priority: "low" | "medium" | "high" | "urgent"; status: "completed" | "in-progress" | "not-started" | "on-hold"; progress: number; category: "social" | ... 3 more ... | "emotional"; milestones: { ...; }[]; metrics?: { ...; } | undefined; }'.

[7m378[0m           const { _metrics, ...goalWithoutMetrics } = goal
[7m   [0m [91m                  ~~~~~~~~[0m

[96msrc/pages/api/components/treatment-plans/enhanced.ts[0m:[93m429[0m:[93m14[0m - [91merror[0m[90m TS2322: [0mType '(context: BaseAPIContext) => Promise<Response>' is not assignable to type 'APIRoute'.
  Types of parameters 'context' and 'context' are incompatible.
    Type 'APIContext<Record<string, any>, Record<string, string | undefined>>' is not assignable to type 'BaseAPIContext<Record<string, unknown>, Record<string, string | undefined>>'.
      Types of property 'locals' are incompatible.
        Type 'Locals' is not assignable to type 'Record<string, unknown>'.
          Index signature for type 'string' is missing in type 'Locals'.

[7m429[0m export const POST: APIRoute = protectRoute()(async (
[7m   [0m [91m             ~~~~[0m

[96msrc/pages/api/components/treatment-plans/enhanced.ts[0m:[93m454[0m:[93m43[0m - [91merror[0m[90m TS2339: [0mProperty 'errors' does not exist on type 'ZodError<{ clientName: string; therapistName: string; clientId: string; therapistId: string; duration: number; status: "draft" | "active" | "completed" | "paused"; goals: { id: string; title: string; ... 7 more ...; metrics?: { ...; } | undefined; }[]; ... 4 more ...; metadata?: { ...; } | undefined; }>'.

[7m454[0m           details: validationResult.error.errors,
[7m   [0m [91m                                          ~~~~~~[0m

[96msrc/pages/api/components/treatment-plans/enhanced.ts[0m:[93m540[0m:[93m14[0m - [91merror[0m[90m TS2322: [0mType '(context: BaseAPIContext) => Promise<Response>' is not assignable to type 'APIRoute'.
  Types of parameters 'context' and 'context' are incompatible.
    Type 'APIContext<Record<string, any>, Record<string, string | undefined>>' is not assignable to type 'BaseAPIContext<Record<string, unknown>, Record<string, string | undefined>>'.
      Types of property 'locals' are incompatible.
        Type 'Locals' is not assignable to type 'Record<string, unknown>'.
          Index signature for type 'string' is missing in type 'Locals'.

[7m540[0m export const PATCH: APIRoute = protectRoute()(async (
[7m   [0m [91m             ~~~~~[0m

[96msrc/pages/api/crisis/session-flags.ts[0m:[93m8[0m:[93m40[0m - [91merror[0m[90m TS2304: [0mCannot find name 'APIContext'.

[7m8[0m export const GET = async ({ request }: APIContext) => {
[7m [0m [91m                                       ~~~~~~~~~~[0m

[96msrc/pages/api/crisis/session-flags.ts[0m:[93m28[0m:[93m24[0m - [91merror[0m[90m TS7053: [0mElement implicitly has an 'any' type because expression of type '"user_metadata"' can't be used to index type '{ id: string; email?: string | undefined; role: string; name?: string | undefined; permissions?: string[] | undefined; appMetadata?: Record<string, unknown> | undefined; }'.
  Property 'user_metadata' does not exist on type '{ id: string; email?: string | undefined; role: string; name?: string | undefined; permissions?: string[] | undefined; appMetadata?: Record<string, unknown> | undefined; }'.

[7m28[0m       const userRole = sessionData?.['user']?.['user_metadata']?.['role']
[7m  [0m [91m                       ~~~~~~~~~~~~~~~~~~~~~~~~~~~~~~~~~~~~~~~~[0m

[96msrc/pages/api/crisis/session-flags.ts[0m:[93m39[0m:[93m43[0m - [91merror[0m[90m TS2339: [0mProperty 'getPendingCrisisFlags' does not exist on type 'CrisisSessionFlaggingService'.

[7m39[0m       const flags = await flaggingService.getPendingCrisisFlags()
[7m  [0m [91m                                          ~~~~~~~~~~~~~~~~~~~~~[0m

[96msrc/pages/api/crisis/session-flags.ts[0m:[93m49[0m:[93m24[0m - [91merror[0m[90m TS7053: [0mElement implicitly has an 'any' type because expression of type '"user_metadata"' can't be used to index type '{ id: string; email?: string | undefined; role: string; name?: string | undefined; permissions?: string[] | undefined; appMetadata?: Record<string, unknown> | undefined; }'.
  Property 'user_metadata' does not exist on type '{ id: string; email?: string | undefined; role: string; name?: string | undefined; permissions?: string[] | undefined; appMetadata?: Record<string, unknown> | undefined; }'.

[7m49[0m       const userRole = sessionData?.['user']?.['user_metadata']?.['role']
[7m  [0m [91m                       ~~~~~~~~~~~~~~~~~~~~~~~~~~~~~~~~~~~~~~~~[0m

[96msrc/pages/api/crisis/session-flags.ts[0m:[93m67[0m:[93m44[0m - [91merror[0m[90m TS2339: [0mProperty 'getUserSessionStatus' does not exist on type 'CrisisSessionFlaggingService'.

[7m67[0m       const status = await flaggingService.getUserSessionStatus(userId)
[7m  [0m [91m                                           ~~~~~~~~~~~~~~~~~~~~[0m

[96msrc/pages/api/crisis/session-flags.ts[0m:[93m80[0m:[93m42[0m - [91merror[0m[90m TS2339: [0mProperty 'getUserSessionStatus' does not exist on type 'CrisisSessionFlaggingService'.

[7m80[0m     const status = await flaggingService.getUserSessionStatus(
[7m  [0m [91m                                         ~~~~~~~~~~~~~~~~~~~~[0m

[96msrc/pages/api/crisis/session-flags.ts[0m:[93m106[0m:[93m41[0m - [91merror[0m[90m TS2304: [0mCannot find name 'APIContext'.

[7m106[0m export const POST = async ({ request }: APIContext) => {
[7m   [0m [91m                                        ~~~~~~~~~~[0m

[96msrc/pages/api/crisis/session-flags.ts[0m:[93m118[0m:[93m39[0m - [91merror[0m[90m TS2339: [0mProperty 'user_metadata' does not exist on type '{ id: string; email?: string | undefined; role: string; name?: string | undefined; permissions?: string[] | undefined; appMetadata?: Record<string, unknown> | undefined; }'.

[7m118[0m     const userRole = sessionData.user.user_metadata?.['role']
[7m   [0m [91m                                      ~~~~~~~~~~~~~[0m

[96msrc/pages/api/crisis/session-flags.ts[0m:[93m214[0m:[93m40[0m - [91merror[0m[90m TS2304: [0mCannot find name 'APIContext'.

[7m214[0m export const PUT = async ({ request }: APIContext) => {
[7m   [0m [91m                                       ~~~~~~~~~~[0m

[96msrc/pages/api/crisis/session-flags.ts[0m:[93m226[0m:[93m39[0m - [91merror[0m[90m TS2339: [0mProperty 'user_metadata' does not exist on type '{ id: string; email?: string | undefined; role: string; name?: string | undefined; permissions?: string[] | undefined; appMetadata?: Record<string, unknown> | undefined; }'.

[7m226[0m     const userRole = sessionData.user.user_metadata?.['role']
[7m   [0m [91m                                      ~~~~~~~~~~~~~[0m

[96msrc/pages/api/dashboard/bias-detection/analytics.ts[0m:[93m112[0m:[93m46[0m - [91merror[0m[90m TS7006: [0mParameter 'row' implicitly has an 'any' type.

[7m112[0m       historical: historicalResult.rows.map((row) => ({
[7m   [0m [91m                                             ~~~[0m

[96msrc/pages/api/dashboard/bias-detection/analytics.ts[0m:[93m120[0m:[93m49[0m - [91merror[0m[90m TS7006: [0mParameter 'row' implicitly has an 'any' type.

[7m120[0m       demographics: demographicResult.rows.map((row) => ({
[7m   [0m [91m                                                ~~~[0m

[96msrc/pages/api/dashboard/bias-detection/analytics.ts[0m:[93m127[0m:[93m50[0m - [91merror[0m[90m TS7006: [0mParameter 'row' implicitly has an 'any' type.

[7m127[0m       distribution: distributionResult.rows.map((row) => ({
[7m   [0m [91m                                                 ~~~[0m

[96msrc/pages/api/dashboard/bias-detection/analytics.ts[0m:[93m131[0m:[93m42[0m - [91merror[0m[90m TS7006: [0mParameter 'row' implicitly has an 'any' type.

[7m131[0m       patterns: patternsResult.rows.map((row) => ({
[7m   [0m [91m                                         ~~~[0m

[96msrc/pages/api/dashboard/bias-detection/analytics.ts[0m:[93m155[0m:[93m46[0m - [91merror[0m[90m TS7006: [0mParameter 'row' implicitly has an 'any' type.

[7m155[0m       historical: historicalResult.rows.map((row) => ({
[7m   [0m [91m                                             ~~~[0m

[96msrc/pages/api/dashboard/bias-detection/analytics.ts[0m:[93m163[0m:[93m49[0m - [91merror[0m[90m TS7006: [0mParameter 'row' implicitly has an 'any' type.

[7m163[0m       demographics: demographicResult.rows.map((row) => ({
[7m   [0m [91m                                                ~~~[0m

[96msrc/pages/api/dashboard/bias-detection/analytics.ts[0m:[93m170[0m:[93m50[0m - [91merror[0m[90m TS7006: [0mParameter 'row' implicitly has an 'any' type.

[7m170[0m       distribution: distributionResult.rows.map((row) => ({
[7m   [0m [91m                                                 ~~~[0m

[96msrc/pages/api/dashboard/bias-detection/analytics.ts[0m:[93m174[0m:[93m42[0m - [91merror[0m[90m TS7006: [0mParameter 'row' implicitly has an 'any' type.

[7m174[0m       patterns: patternsResult.rows.map((row) => ({
[7m   [0m [91m                                         ~~~[0m

[96msrc/pages/api/dashboard/bias-detection/summary.ts[0m:[93m76[0m:[93m54[0m - [91merror[0m[90m TS7006: [0mParameter 'row' implicitly has an 'any' type.

[7m76[0m       recentAnalyses: recentAnalysesResult.rows.map((row) => ({
[7m  [0m [91m                                                     ~~~[0m

[96msrc/pages/api/dashboard/bias-detection/summary.ts[0m:[93m83[0m:[93m44[0m - [91merror[0m[90m TS7006: [0mParameter 'row' implicitly has an 'any' type.

[7m83[0m       activeAlerts: alertsResult.rows.map((row) => ({
[7m  [0m [91m                                           ~~~[0m

[96msrc/pages/api/demos/bias-detection/analyze.ts[0m:[93m83[0m:[93m7[0m - [91merror[0m[90m TS2554: [0mExpected 1 arguments, but got 2.

[7m83[0m       biasFactors,
[7m  [0m [91m      ~~~~~~~~~~~[0m

[96msrc/pages/api/demos/bias-detection/export.ts[0m:[93m11[0m:[93m30[0m - [91merror[0m[90m TS7031: [0mBinding element 'request' implicitly has an 'any' type.

[7m11[0m export const POST = async ({ request }) => {
[7m  [0m [91m                             ~~~~~~~[0m

[96msrc/pages/api/demos/bias-detection/export.ts[0m:[93m61[0m:[93m7[0m - [91merror[0m[90m TS2345: [0mArgument of type 'HistoricalComparison | null' is not assignable to parameter of type 'HistoricalComparison'.
  Type 'null' is not assignable to type 'HistoricalComparison'.

[7m61[0m       historicalComparison as HistoricalComparison | null,
[7m  [0m [91m      ~~~~~~~~~~~~~~~~~~~~~~~~~~~~~~~~~~~~~~~~~~~~~~~~~~~[0m

[96msrc/pages/api/demos/bias-detection/export.ts[0m:[93m94[0m:[93m38[0m - [91merror[0m[90m TS2345: [0mArgument of type '{ analysis: BiasAnalysisResults | undefined; counterfactualScenarios: CounterfactualScenario[] | undefined; historicalComparison: HistoricalComparison | undefined; metadata: { ...; }; timestamp: string; sessionId: string; }' is not assignable to parameter of type 'ExportData'.
  Types of property 'analysis' are incompatible.
    Type 'BiasAnalysisResults | undefined' is not assignable to type 'BiasAnalysisResults'.
      Type 'undefined' is not assignable to type 'BiasAnalysisResults'.

[7m94[0m         const csvData = convertToCSV(filteredExportData)
[7m  [0m [91m                                     ~~~~~~~~~~~~~~~~~~[0m

[96msrc/pages/api/demos/bias-detection/export.ts[0m:[93m105[0m:[93m39[0m - [91merror[0m[90m TS2345: [0mArgument of type '{ analysis: BiasAnalysisResults | undefined; counterfactualScenarios: CounterfactualScenario[] | undefined; historicalComparison: HistoricalComparison | undefined; metadata: { ...; }; timestamp: string; sessionId: string; }' is not assignable to parameter of type 'ExportData'.
  Types of property 'analysis' are incompatible.
    Type 'BiasAnalysisResults | undefined' is not assignable to type 'BiasAnalysisResults'.
      Type 'undefined' is not assignable to type 'BiasAnalysisResults'.

[7m105[0m         const txtData = convertToText(filteredExportData)
[7m   [0m [91m                                      ~~~~~~~~~~~~~~~~~~[0m

[96msrc/pages/api/demos/bias-detection/export.ts[0m:[93m197[0m:[93m23[0m - [91merror[0m[90m TS2352: [0mConversion of type 'CounterfactualScenario[]' to type 'Record<string, unknown>[]' may be a mistake because neither type sufficiently overlaps with the other. If this was intentional, convert the expression to 'unknown' first.
  Type 'CounterfactualScenario' is not comparable to type 'Record<string, unknown>'.
    Index signature for type 'string' is missing in type 'CounterfactualScenario'.

[7m197[0m     const scenarios = exportData.counterfactualScenarios as Array<
[7m   [0m [91m                      ~~~~~~~~~~~~~~~~~~~~~~~~~~~~~~~~~~~~~~~~~~~~[0m
[7m198[0m       Record<string, unknown>
[7m   [0m [91m~~~~~~~~~~~~~~~~~~~~~~~~~~~~~[0m
[7m199[0m     >
[7m   [0m [91m~~~~~[0m

[96msrc/pages/api/demos/bias-detection/export.ts[0m:[93m202[0m:[93m58[0m - [91merror[0m[90m TS4111: [0mProperty 'expectedBiasReduction' comes from an index signature, so it must be accessed with ['expectedBiasReduction'].

[7m202[0m         `Counterfactual,Scenario ${index + 1},${scenario.expectedBiasReduction as number},${scenario.change}`,
[7m   [0m [91m                                                         ~~~~~~~~~~~~~~~~~~~~~[0m

[96msrc/pages/api/demos/bias-detection/export.ts[0m:[93m202[0m:[93m102[0m - [91merror[0m[90m TS4111: [0mProperty 'change' comes from an index signature, so it must be accessed with ['change'].

[7m202[0m         `Counterfactual,Scenario ${index + 1},${scenario.expectedBiasReduction as number},${scenario.change}`,
[7m   [0m [91m                                                                                                     ~~~~~~[0m

[96msrc/pages/api/demos/bias-detection/export.ts[0m:[93m205[0m:[93m60[0m - [91merror[0m[90m TS4111: [0mProperty 'likelihood' comes from an index signature, so it must be accessed with ['likelihood'].

[7m205[0m         `Counterfactual,Likelihood ${index + 1},${scenario.likelihood},${scenario.description}`,
[7m   [0m [91m                                                           ~~~~~~~~~~[0m

[96msrc/pages/api/demos/bias-detection/export.ts[0m:[93m205[0m:[93m83[0m - [91merror[0m[90m TS4111: [0mProperty 'description' comes from an index signature, so it must be accessed with ['description'].

[7m205[0m         `Counterfactual,Likelihood ${index + 1},${scenario.likelihood},${scenario.description}`,
[7m   [0m [91m                                                                                  ~~~~~~~~~~~[0m

[96msrc/pages/api/demos/bias-detection/export.ts[0m:[93m256[0m:[93m23[0m - [91merror[0m[90m TS2352: [0mConversion of type 'CounterfactualScenario[]' to type 'Record<string, unknown>[]' may be a mistake because neither type sufficiently overlaps with the other. If this was intentional, convert the expression to 'unknown' first.
  Type 'CounterfactualScenario' is not comparable to type 'Record<string, unknown>'.
    Index signature for type 'string' is missing in type 'CounterfactualScenario'.

[7m256[0m     const scenarios = exportData.counterfactualScenarios as Array<
[7m   [0m [91m                      ~~~~~~~~~~~~~~~~~~~~~~~~~~~~~~~~~~~~~~~~~~~~[0m
[7m257[0m       Record<string, unknown>
[7m   [0m [91m~~~~~~~~~~~~~~~~~~~~~~~~~~~~~[0m
[7m258[0m     >
[7m   [0m [91m~~~~~[0m

[96msrc/pages/api/demos/bias-detection/export.ts[0m:[93m260[0m:[93m44[0m - [91merror[0m[90m TS4111: [0mProperty 'change' comes from an index signature, so it must be accessed with ['change'].

[7m260[0m       content += `${index + 1}. ${scenario.change}\n`
[7m   [0m [91m                                           ~~~~~~[0m

[96msrc/pages/api/demos/bias-detection/export.ts[0m:[93m261[0m:[93m55[0m - [91merror[0m[90m TS4111: [0mProperty 'expectedBiasReduction' comes from an index signature, so it must be accessed with ['expectedBiasReduction'].

[7m261[0m       content += `   Expected Reduction: ${((scenario.expectedBiasReduction as number) * 100).toFixed(1)}%\n`
[7m   [0m [91m                                                      ~~~~~~~~~~~~~~~~~~~~~[0m

[96msrc/pages/api/demos/bias-detection/export.ts[0m:[93m262[0m:[93m45[0m - [91merror[0m[90m TS4111: [0mProperty 'likelihood' comes from an index signature, so it must be accessed with ['likelihood'].

[7m262[0m       content += `   Likelihood: ${scenario.likelihood}\n`
[7m   [0m [91m                                            ~~~~~~~~~~[0m

[96msrc/pages/api/demos/bias-detection/export.ts[0m:[93m263[0m:[93m46[0m - [91merror[0m[90m TS4111: [0mProperty 'description' comes from an index signature, so it must be accessed with ['description'].

[7m263[0m       content += `   Description: ${scenario.description}\n\n`
[7m   [0m [91m                                             ~~~~~~~~~~~[0m

[96msrc/pages/api/demos/bias-detection/export.ts[0m:[93m281[0m:[93m19[0m - [91merror[0m[90m TS2304: [0mCannot find name 'APIRoute'.

[7m281[0m export const GET: APIRoute = async () => {
[7m   [0m [91m                  ~~~~~~~~[0m

[96msrc/pages/api/demos/bias-detection/presets.ts[0m:[93m11[0m:[93m29[0m - [91merror[0m[90m TS7031: [0mBinding element 'url' implicitly has an 'any' type.

[7m11[0m export const GET = async ({ url }) => {
[7m  [0m [91m                            ~~~[0m

[96msrc/pages/api/developer/api-keys/[id].ts[0m:[93m72[0m:[93m42[0m - [91merror[0m[90m TS2532: [0mObject is possibly 'undefined'.

[7m72[0m     return jsonError(400, 'Bad Request', parseResult.error.issues[0].message)
[7m  [0m [91m                                         ~~~~~~~~~~~~~~~~~~~~~~~~~~~[0m

[96msrc/pages/api/developer/api-keys/index.ts[0m:[93m36[0m:[93m42[0m - [91merror[0m[90m TS2532: [0mObject is possibly 'undefined'.

[7m36[0m     return jsonError(400, 'Bad Request', parseResult.error.issues[0].message)
[7m  [0m [91m                                         ~~~~~~~~~~~~~~~~~~~~~~~~~~~[0m

[96msrc/pages/api/documentation/export.ts[0m:[93m32[0m:[93m29[0m - [91merror[0m[90m TS7031: [0mBinding element 'request' implicitly has an 'any' type.

[7m32[0m export const GET = async ({ request }) => {
[7m  [0m [91m                            ~~~~~~~[0m

[96msrc/pages/api/documentation/generate.ts[0m:[93m74[0m:[93m55[0m - [91merror[0m[90m TS2554: [0mExpected 0 arguments, but got 2.

[7m74[0m const documentationService = new DocumentationService(repository, aiService)
[7m  [0m [91m                                                      ~~~~~~~~~~~~~~~~~~~~~[0m

[96msrc/pages/api/documentation/generate.ts[0m:[93m76[0m:[93m41[0m - [91merror[0m[90m TS2304: [0mCannot find name 'APIContext'.

[7m76[0m export const POST = async ({ request }: APIContext) => {
[7m  [0m [91m                                        ~~~~~~~~~~[0m

[96msrc/pages/api/documentation/generate.ts[0m:[93m89[0m:[93m39[0m - [91merror[0m[90m TS2345: [0mArgument of type '{ get: (name: string) => { value: any; } | undefined; }' is not assignable to parameter of type 'Request | AstroCookies'.
  Type '{ get: (name: string) => { value: any; } | undefined; }' is missing the following properties from type 'AstroCookies': #private, delete, has, set, and 3 more.

[7m89[0m     const user = await getCurrentUser(cookies)
[7m  [0m [91m                                      ~~~~~~~[0m

[96msrc/pages/api/documentation/generate.ts[0m:[93m141[0m:[93m47[0m - [91merror[0m[90m TS2339: [0mProperty 'generateDocumentation' does not exist on type 'DocumentationService'.

[7m141[0m     const result = await documentationService.generateDocumentation(
[7m   [0m [91m                                              ~~~~~~~~~~~~~~~~~~~~~[0m

[96msrc/pages/api/emotions/dimensional.ts[0m:[93m3[0m:[93m15[0m - [91merror[0m[90m TS2724: [0m'"../../../lib/ai/emotions/dimensionalTypes"' has no exported member named 'DimensionalEmotionMap'. Did you mean 'DimensionalEmotion'?

[7m3[0m import type { DimensionalEmotionMap } from '../../../lib/ai/emotions/dimensionalTypes'
[7m [0m [91m              ~~~~~~~~~~~~~~~~~~~~~[0m

[96msrc/pages/api/emotions/multidimensional-map.ts[0m:[93m25[0m:[93m14[0m - [91merror[0m[90m TS2322: [0mType '(context: BaseAPIContext) => Promise<Response>' is not assignable to type 'APIRoute'.
  Types of parameters 'context' and 'context' are incompatible.
    Type 'APIContext<Record<string, any>, Record<string, string | undefined>>' is not assignable to type 'BaseAPIContext<Record<string, unknown>, Record<string, string | undefined>>'.
      Types of property 'locals' are incompatible.
        Type 'Locals' is not assignable to type 'Record<string, unknown>'.
          Index signature for type 'string' is missing in type 'Locals'.

[7m25[0m export const GET: APIRoute = protectRoute()(async (context: AuthAPIContext) => {
[7m  [0m [91m             ~~~[0m

[96msrc/pages/api/emotions/real-time-analysis.ts[0m:[93m84[0m:[93m47[0m - [91merror[0m[90m TS2339: [0mProperty 'analyzeText' does not exist on type 'MultidimensionalEmotionMapper'.

[7m84[0m     const emotionResult = await emotionMapper.analyzeText(text, {
[7m  [0m [91m                                              ~~~~~~~~~~~[0m

[96msrc/pages/api/emotions/session-analysis.ts[0m:[93m22[0m:[93m14[0m - [91merror[0m[90m TS2322: [0mType '(context: BaseAPIContext) => Promise<Response>' is not assignable to type 'APIRoute'.
  Types of parameters 'context' and 'context' are incompatible.
    Type 'APIContext<Record<string, any>, Record<string, string | undefined>>' is not assignable to type 'BaseAPIContext<Record<string, unknown>, Record<string, string | undefined>>'.
      Types of property 'locals' are incompatible.
        Type 'Locals' is not assignable to type 'Record<string, unknown>'.
          Index signature for type 'string' is missing in type 'Locals'.

[7m22[0m export const GET: APIRoute = protectRoute()(async ({ locals, request }) => {
[7m  [0m [91m             ~~~[0m

[96msrc/pages/api/evaluation.ts[0m:[93m232[0m:[93m48[0m - [91merror[0m[90m TS2339: [0mProperty 'id' does not exist on type '{}'.

[7m232[0m     const evaluationId = insertResult.rows[0]?.id
[7m   [0m [91m                                               ~~[0m

[96msrc/pages/api/examples/profiling-demo.ts[0m:[93m20[0m:[93m27[0m - [91merror[0m[90m TS7006: [0mParameter '_' implicitly has an 'any' type.

[7m20[0m export const GET = async (_) => {
[7m  [0m [91m                          ~[0m

[96msrc/pages/api/examples/profiling-demo.ts[0m:[93m45[0m:[93m32[0m - [91merror[0m[90m TS4111: [0mProperty 'NODE_ENV' comes from an index signature, so it must be accessed with ['NODE_ENV'].

[7m45[0m     const isProd = process.env.NODE_ENV === 'production'
[7m  [0m [91m                               ~~~~~~~~[0m

[96msrc/pages/api/export/conversation.ts[0m:[93m117[0m:[93m53[0m - [91merror[0m[90m TS2345: [0mArgument of type 'RealFHEService' is not assignable to parameter of type 'FHEServiceInterface'.
  The types returned by 'encrypt(...)' are incompatible between these types.
    Type 'Promise<EncryptedData<unknown>>' is not assignable to type 'Promise<string>'.
      Type 'EncryptedData<unknown>' is not assignable to type 'string'.

[7m117[0m     const exportService = ExportService.getInstance(fheService)
[7m   [0m [91m                                                    ~~~~~~~~~~[0m

[96msrc/pages/api/export/conversation.ts[0m:[93m221[0m:[93m11[0m - [91merror[0m[90m TS2749: [0m'ExportFormat' refers to a value, but is being used as a type here. Did you mean 'typeof ExportFormat'?

[7m221[0m   format: ExportFormat,
[7m   [0m [91m          ~~~~~~~~~~~~[0m

[96msrc/pages/api/export/conversation.ts[0m:[93m232[0m:[93m43[0m - [91merror[0m[90m TS2749: [0m'ExportFormat' refers to a value, but is being used as a type here. Did you mean 'typeof ExportFormat'?

[7m232[0m function mapExportFormat(format: string): ExportFormat {
[7m   [0m [91m                                          ~~~~~~~~~~~~[0m

[96msrc/pages/api/export/conversation.ts[0m:[93m241[0m:[93m27[0m - [91merror[0m[90m TS2339: [0mProperty 'JSON' does not exist on type 'typeof ExportFormat | typeof ExportFormat'.
  Property 'JSON' does not exist on type 'typeof ExportFormat'.

[7m241[0m       return ExportFormat.JSON
[7m   [0m [91m                          ~~~~[0m

[96msrc/pages/api/goals/[id].ts[0m:[93m83[0m:[93m32[0m - [91merror[0m[90m TS7031: [0mBinding element 'params' implicitly has an 'any' type.

[7m83[0m export const DELETE = async ({ params }) => {
[7m  [0m [91m                               ~~~~~~[0m

[96msrc/pages/api/memory/[memoryId].ts[0m:[93m12[0m:[93m17[0m - [91merror[0m[90m TS4111: [0mProperty 'memoryId' comes from an index signature, so it must be accessed with ['memoryId'].

[7m12[0m   return params.memoryId
[7m  [0m [91m                ~~~~~~~~[0m

[96msrc/pages/api/memory/[memoryId].ts[0m:[93m18[0m:[93m38[0m - [91merror[0m[90m TS2345: [0mArgument of type 'Record<string, string | undefined> | undefined' is not assignable to parameter of type 'Record<string, string | undefined>'.
  Type 'undefined' is not assignable to type 'Record<string, string | undefined>'.

[7m18[0m     const memoryId = resolveMemoryId(params)
[7m  [0m [91m                                     ~~~~~~[0m

[96msrc/pages/api/memory/[memoryId].ts[0m:[93m41[0m:[93m38[0m - [91merror[0m[90m TS2345: [0mArgument of type 'Record<string, string | undefined> | undefined' is not assignable to parameter of type 'Record<string, string | undefined>'.
  Type 'undefined' is not assignable to type 'Record<string, string | undefined>'.

[7m41[0m     const memoryId = resolveMemoryId(params)
[7m  [0m [91m                                     ~~~~~~[0m

[96msrc/pages/api/memory/[memoryId].ts[0m:[93m71[0m:[93m38[0m - [91merror[0m[90m TS2345: [0mArgument of type 'Record<string, string | undefined> | undefined' is not assignable to parameter of type 'Record<string, string | undefined>'.
  Type 'undefined' is not assignable to type 'Record<string, string | undefined>'.

[7m71[0m     const memoryId = resolveMemoryId(params)
[7m  [0m [91m                                     ~~~~~~[0m

[96msrc/pages/api/memory/stats/[userId].ts[0m:[93m12[0m:[93m29[0m - [91merror[0m[90m TS18048: [0m'params' is possibly 'undefined'.

[7m12[0m     const requestedUserId = params.userId
[7m  [0m [91m                            ~~~~~~[0m

[96msrc/pages/api/memory/stats/[userId].ts[0m:[93m12[0m:[93m36[0m - [91merror[0m[90m TS4111: [0mProperty 'userId' comes from an index signature, so it must be accessed with ['userId'].

[7m12[0m     const requestedUserId = params.userId
[7m  [0m [91m                                   ~~~~~~[0m

[96msrc/pages/api/mental-health/chat.ts[0m:[93m1[0m:[93m25[0m - [91merror[0m[90m TS6196: [0m'APIContext' is declared but never used.

[7m1[0m import type { APIRoute, APIContext } from 'astro'
[7m [0m [91m                        ~~~~~~~~~~[0m

[96msrc/pages/api/mental-health/crisis-detection.ts[0m:[93m599[0m:[93m41[0m - [91merror[0m[90m TS2304: [0mCannot find name 'APIContext'.

[7m599[0m export const POST = async ({ request }: APIContext) => {
[7m   [0m [91m                                        ~~~~~~~~~~[0m

[96msrc/pages/api/mock-client-response.ts[0m:[93m9[0m:[93m30[0m - [91merror[0m[90m TS7031: [0mBinding element 'request' implicitly has an 'any' type.

[7m9[0m export const POST = async ({ request }) => {
[7m [0m [91m                             ~~~~~~~[0m

[96msrc/pages/api/notifications/preferences.ts[0m:[93m9[0m:[93m40[0m - [91merror[0m[90m TS2304: [0mCannot find name 'APIContext'.

[7m9[0m export const GET = async ({ request }: APIContext) => {
[7m [0m [91m                                       ~~~~~~~~~~[0m

[96msrc/pages/api/notifications/preferences.ts[0m:[93m13[0m:[93m10[0m - [91merror[0m[90m TS7053: [0mElement implicitly has an 'any' type because expression of type '"authenticated"' can't be used to index type 'Boolean'.
  Property 'authenticated' does not exist on type 'Boolean'.

[7m13[0m     if (!authResult?.['authenticated']) {
[7m  [0m [91m         ~~~~~~~~~~~~~~~~~~~~~~~~~~~~~[0m

[96msrc/pages/api/notifications/preferences.ts[0m:[93m29[0m:[93m51[0m - [91merror[0m[90m TS2339: [0mProperty 'getPreferences' does not exist on type 'NotificationService'.

[7m29[0m     const preferences = await notificationService.getPreferences(
[7m  [0m [91m                                                  ~~~~~~~~~~~~~~[0m

[96msrc/pages/api/notifications/preferences.ts[0m:[93m30[0m:[93m7[0m - [91merror[0m[90m TS7053: [0mElement implicitly has an 'any' type because expression of type '"user"' can't be used to index type 'Boolean'.
  Property 'user' does not exist on type 'Boolean'.

[7m30[0m       authResult?.['user']?.['id'],
[7m  [0m [91m      ~~~~~~~~~~~~~~~~~~~~[0m

[96msrc/pages/api/notifications/preferences.ts[0m:[93m120[0m:[93m54[0m - [91merror[0m[90m TS2345: [0mArgument of type 'string | undefined' is not assignable to parameter of type 'string'.
  Type 'undefined' is not assignable to type 'string'.

[7m120[0m     const result = await service.updatePreferences?.(userId, preferences)
[7m   [0m [91m                                                     ~~~~~~[0m

[96msrc/pages/api/notifications/register.ts[0m:[93m9[0m:[93m41[0m - [91merror[0m[90m TS2304: [0mCannot find name 'APIContext'.

[7m9[0m export const POST = async ({ request }: APIContext) => {
[7m [0m [91m                                        ~~~~~~~~~~[0m

[96msrc/pages/api/notifications/register.ts[0m:[93m13[0m:[93m22[0m - [91merror[0m[90m TS2339: [0mProperty 'authenticated' does not exist on type 'boolean'.

[7m13[0m     if (!authResult?.authenticated) {
[7m  [0m [91m                     ~~~~~~~~~~~~~[0m

[96msrc/pages/api/notifications/register.ts[0m:[93m49[0m:[93m18[0m - [91merror[0m[90m TS2339: [0mProperty 'user' does not exist on type 'boolean'.

[7m49[0m       authResult.user?.id,
[7m  [0m [91m                 ~~~~[0m

[96msrc/pages/api/notifications/send-test.ts[0m:[93m9[0m:[93m41[0m - [91merror[0m[90m TS2304: [0mCannot find name 'APIContext'.

[7m9[0m export const POST = async ({ request }: APIContext) => {
[7m [0m [91m                                        ~~~~~~~~~~[0m

[96msrc/pages/api/notifications/send-test.ts[0m:[93m13[0m:[93m22[0m - [91merror[0m[90m TS2339: [0mProperty 'authenticated' does not exist on type 'boolean'.

[7m13[0m     if (!authResult?.authenticated) {
[7m  [0m [91m                     ~~~~~~~~~~~~~[0m

[96msrc/pages/api/notifications/send-test.ts[0m:[93m29[0m:[93m21[0m - [91merror[0m[90m TS2339: [0mProperty 'user' does not exist on type 'boolean'.

[7m29[0m     if (!authResult.user?.isAdmin) {
[7m  [0m [91m                    ~~~~[0m

[96msrc/pages/api/notifications/unregister.ts[0m:[93m9[0m:[93m41[0m - [91merror[0m[90m TS2304: [0mCannot find name 'APIContext'.

[7m9[0m export const POST = async ({ request }: APIContext) => {
[7m [0m [91m                                        ~~~~~~~~~~[0m

[96msrc/pages/api/notifications/unregister.ts[0m:[93m13[0m:[93m22[0m - [91merror[0m[90m TS2339: [0mProperty 'authenticated' does not exist on type 'boolean'.

[7m13[0m     if (!authResult?.authenticated) {
[7m  [0m [91m                     ~~~~~~~~~~~~~[0m

[96msrc/pages/api/notifications/unregister.ts[0m:[93m29[0m:[93m65[0m - [91merror[0m[90m TS2339: [0mProperty 'user' does not exist on type 'boolean'.

[7m29[0m     await notificationService.removePushSubscription(authResult.user?.id)
[7m  [0m [91m                                                                ~~~~[0m

[96msrc/pages/api/patient-rights/cancel-export.ts[0m:[93m17[0m:[93m30[0m - [91merror[0m[90m TS7031: [0mBinding element 'request' implicitly has an 'any' type.

[7m17[0m export const POST = async ({ request }) => {
[7m  [0m [91m                             ~~~~~~~[0m

[96msrc/pages/api/patient-rights/download-export.ts[0m:[93m17[0m:[93m29[0m - [91merror[0m[90m TS7031: [0mBinding element 'request' implicitly has an 'any' type.

[7m17[0m export const GET = async ({ request }) => {
[7m  [0m [91m                            ~~~~~~~[0m

[96msrc/pages/api/patient-rights/download-export.ts[0m:[93m32[0m:[93m40[0m - [91merror[0m[90m TS2339: [0mProperty 'errors' does not exist on type 'ZodError<{ exportId: string; token: string; }>'.

[7m32[0m         errors: validationResult.error.errors,
[7m  [0m [91m                                       ~~~~~~[0m

[96msrc/pages/api/patient-rights/download-export.ts[0m:[93m39[0m:[93m42[0m - [91merror[0m[90m TS2339: [0mProperty 'errors' does not exist on type 'ZodError<{ exportId: string; token: string; }>'.

[7m39[0m           errors: validationResult.error.errors,
[7m  [0m [91m                                         ~~~~~~[0m

[96msrc/pages/api/patient-rights/download-export.ts[0m:[93m125[0m:[93m32[0m - [91merror[0m[90m TS4111: [0mProperty 'PATIENT_ID' comes from an index signature, so it must be accessed with ['PATIENT_ID'].

[7m125[0m         patientId: process.env.PATIENT_ID ?? 'example-patient-id',
[7m   [0m [91m                               ~~~~~~~~~~[0m

[96msrc/pages/api/patient-rights/export-request.ts[0m:[93m14[0m:[93m13[0m - [91merror[0m[90m TS2769: [0mNo overload matches this call.
  Overload 1 of 2, '(values: readonly ["json", "csv", "xml", "pdf"], params?: string | { error?: string | $ZodErrorMap<$ZodIssueInvalidValue<unknown>> | undefined; message?: string | undefined; } | undefined): ZodEnum<...>', gave the following error.
    Object literal may only specify known properties, and 'errorMap' does not exist in type '{ error?: string | $ZodErrorMap<$ZodIssueInvalidValue<unknown>> | undefined; message?: string | undefined; }'.
  Overload 2 of 2, '(entries: Readonly<Record<string, EnumValue>>, params?: string | { error?: string | $ZodErrorMap<$ZodIssueInvalidValue<unknown>> | undefined; message?: string | undefined; } | undefined): ZodEnum<...>', gave the following error.
    Argument of type 'string[]' is not assignable to parameter of type 'Readonly<Record<string, EnumValue>>'.
      Index signature for type 'string' is missing in type 'string[]'.

[7m14[0m   format: z.enum(['json', 'csv', 'xml', 'pdf'], {
[7m  [0m [91m            ~~~~[0m


[96msrc/pages/api/patient-rights/export-request.ts[0m:[93m26[0m:[93m30[0m - [91merror[0m[90m TS7031: [0mBinding element 'request' implicitly has an 'any' type.

[7m26[0m export const POST = async ({ request }) => {
[7m  [0m [91m                             ~~~~~~~[0m

[96msrc/pages/api/patient-rights/export-request.ts[0m:[93m59[0m:[93m51[0m - [91merror[0m[90m TS2339: [0mProperty 'errors' does not exist on type 'ZodError<{ patientId: string; format: "json" | "csv" | "pdf" | "xml"; includeCategories?: string[] | undefined; dateRange?: { start?: string | undefined; end?: string | undefined; } | undefined; }>'.

[7m59[0m       const errorMessage = validationResult.error.errors
[7m  [0m [91m                                                  ~~~~~~[0m

[96msrc/pages/api/patient-rights/export-request.ts[0m:[93m60[0m:[93m15[0m - [91merror[0m[90m TS7006: [0mParameter 'e' implicitly has an 'any' type.

[7m60[0m         .map((e) => e.message)
[7m  [0m [91m              ~[0m

[96msrc/pages/api/patient-rights/export-status.ts[0m:[93m21[0m:[93m29[0m - [91merror[0m[90m TS7031: [0mBinding element 'request' implicitly has an 'any' type.

[7m21[0m export const GET = async ({ request, cookies }) => {
[7m  [0m [91m                            ~~~~~~~[0m

[96msrc/pages/api/patient-rights/export-status.ts[0m:[93m21[0m:[93m38[0m - [91merror[0m[90m TS7031: [0mBinding element 'cookies' implicitly has an 'any' type.

[7m21[0m export const GET = async ({ request, cookies }) => {
[7m  [0m [91m                                     ~~~~~~~[0m

[96msrc/pages/api/patient-rights/export-status.ts[0m:[93m32[0m:[93m40[0m - [91merror[0m[90m TS2339: [0mProperty 'errors' does not exist on type 'ZodError<{ exportId: string; }>'.

[7m32[0m         errors: validationResult.error.errors,
[7m  [0m [91m                                       ~~~~~~[0m

[96msrc/pages/api/patient-rights/export-status.ts[0m:[93m39[0m:[93m42[0m - [91merror[0m[90m TS2339: [0mProperty 'errors' does not exist on type 'ZodError<{ exportId: string; }>'.

[7m39[0m           errors: validationResult.error.errors,
[7m  [0m [91m                                         ~~~~~~[0m

[96msrc/pages/api/patient-rights/export-status.ts[0m:[93m57[0m:[93m12[0m - [91merror[0m[90m TS2339: [0mProperty 'permissions' does not exist on type '{ id: string; role: string; accountId?: string | undefined; workspaceId?: string | undefined; }'.

[7m57[0m       user.permissions?.includes('data:export:read') ??
[7m  [0m [91m           ~~~~~~~~~~~[0m

[96msrc/pages/api/patient-rights/export-status.ts[0m:[93m58[0m:[93m12[0m - [91merror[0m[90m TS2339: [0mProperty 'permissions' does not exist on type '{ id: string; role: string; accountId?: string | undefined; workspaceId?: string | undefined; }'.

[7m58[0m       user.permissions?.includes('admin:patient-rights')
[7m  [0m [91m           ~~~~~~~~~~~[0m

[96msrc/pages/api/patient-rights/export-status.ts[0m:[93m64[0m:[93m27[0m - [91merror[0m[90m TS2339: [0mProperty 'permissions' does not exist on type '{ id: string; role: string; accountId?: string | undefined; workspaceId?: string | undefined; }'.

[7m64[0m         permissions: user.permissions,
[7m  [0m [91m                          ~~~~~~~~~~~[0m

[96msrc/pages/api/patient-rights/get-export-status.ts[0m:[93m16[0m:[93m29[0m - [91merror[0m[90m TS7031: [0mBinding element 'request' implicitly has an 'any' type.

[7m16[0m export const GET = async ({ request, url }) => {
[7m  [0m [91m                            ~~~~~~~[0m

[96msrc/pages/api/patient-rights/get-export-status.ts[0m:[93m16[0m:[93m38[0m - [91merror[0m[90m TS7031: [0mBinding element 'url' implicitly has an 'any' type.

[7m16[0m export const GET = async ({ request, url }) => {
[7m  [0m [91m                                     ~~~[0m

[96msrc/pages/api/patient-rights/initiate-export.ts[0m:[93m37[0m:[93m30[0m - [91merror[0m[90m TS7031: [0mBinding element 'request' implicitly has an 'any' type.

[7m37[0m export const POST = async ({ request, cookies }) => {
[7m  [0m [91m                             ~~~~~~~[0m

[96msrc/pages/api/patient-rights/initiate-export.ts[0m:[93m37[0m:[93m39[0m - [91merror[0m[90m TS7031: [0mBinding element 'cookies' implicitly has an 'any' type.

[7m37[0m export const POST = async ({ request, cookies }) => {
[7m  [0m [91m                                      ~~~~~~~[0m

[96msrc/pages/api/patient-rights/initiate-export.ts[0m:[93m51[0m:[93m12[0m - [91merror[0m[90m TS2339: [0mProperty 'permissions' does not exist on type '{ id: string; role: string; accountId?: string | undefined; workspaceId?: string | undefined; }'.

[7m51[0m       user.permissions?.includes('data:export:create') ??
[7m  [0m [91m           ~~~~~~~~~~~[0m

[96msrc/pages/api/patient-rights/initiate-export.ts[0m:[93m52[0m:[93m12[0m - [91merror[0m[90m TS2339: [0mProperty 'permissions' does not exist on type '{ id: string; role: string; accountId?: string | undefined; workspaceId?: string | undefined; }'.

[7m52[0m       user.permissions?.includes('admin:patient-rights')
[7m  [0m [91m           ~~~~~~~~~~~[0m

[96msrc/pages/api/patient-rights/initiate-export.ts[0m:[93m57[0m:[93m27[0m - [91merror[0m[90m TS2339: [0mProperty 'permissions' does not exist on type '{ id: string; role: string; accountId?: string | undefined; workspaceId?: string | undefined; }'.

[7m57[0m         permissions: user.permissions,
[7m  [0m [91m                          ~~~~~~~~~~~[0m

[96msrc/pages/api/patient-rights/initiate-export.ts[0m:[93m77[0m:[93m40[0m - [91merror[0m[90m TS2339: [0mProperty 'errors' does not exist on type 'ZodError<{ patientId: string; dataFormats: ("json" | "csv" | "pdf" | "xml")[]; dataSections: string[]; recipientType: "patient" | "provider" | "third-party"; recipientDetails: { name: string; email: string; organization?: string | undefined; phone?: string | undefined; }; encryptionRequested: boolean; urgencyLevel: ...'.

[7m77[0m         errors: validationResult.error.errors,
[7m  [0m [91m                                       ~~~~~~[0m

[96msrc/pages/api/patient-rights/initiate-export.ts[0m:[93m84[0m:[93m42[0m - [91merror[0m[90m TS2339: [0mProperty 'errors' does not exist on type 'ZodError<{ patientId: string; dataFormats: ("json" | "csv" | "pdf" | "xml")[]; dataSections: string[]; recipientType: "patient" | "provider" | "third-party"; recipientDetails: { name: string; email: string; organization?: string | undefined; phone?: string | undefined; }; encryptionRequested: boolean; urgencyLevel: ...'.

[7m84[0m           errors: validationResult.error.errors,
[7m  [0m [91m                                         ~~~~~~[0m

[96msrc/pages/api/patient-rights/request-export.ts[0m:[93m24[0m:[93m30[0m - [91merror[0m[90m TS7031: [0mBinding element 'request' implicitly has an 'any' type.

[7m24[0m export const POST = async ({ request }) => {
[7m  [0m [91m                             ~~~~~~~[0m

[96msrc/pages/api/patient-rights/request-export.ts[0m:[93m51[0m:[93m15[0m - [91merror[0m[90m TS2339: [0mProperty 'errors' does not exist on type 'ZodError<{ patientId: string; formats: ("json" | "csv" | "pdf")[]; dataTypes: string[]; reason: string; priority: "high" | "normal"; }>'.

[7m51[0m       const { errors } = parseResult.error
[7m  [0m [91m              ~~~~~~[0m

[96msrc/pages/api/pattern-analysis/cross-session.ts[0m:[93m17[0m:[93m30[0m - [91merror[0m[90m TS7031: [0mBinding element 'request' implicitly has an 'any' type.

[7m17[0m export const POST = async ({ request, cookies }) => {
[7m  [0m [91m                             ~~~~~~~[0m

[96msrc/pages/api/pattern-analysis/cross-session.ts[0m:[93m17[0m:[93m39[0m - [91merror[0m[90m TS7031: [0mBinding element 'cookies' implicitly has an 'any' type.

[7m17[0m export const POST = async ({ request, cookies }) => {
[7m  [0m [91m                                      ~~~~~~~[0m

[96msrc/pages/api/pattern-analysis/trends.ts[0m:[93m18[0m:[93m29[0m - [91merror[0m[90m TS7031: [0mBinding element 'request' implicitly has an 'any' type.

[7m18[0m export const GET = async ({ request, cookies }) => {
[7m  [0m [91m                            ~~~~~~~[0m

[96msrc/pages/api/pattern-analysis/trends.ts[0m:[93m18[0m:[93m38[0m - [91merror[0m[90m TS7031: [0mBinding element 'cookies' implicitly has an 'any' type.

[7m18[0m export const GET = async ({ request, cookies }) => {
[7m  [0m [91m                                     ~~~~~~~[0m

[96msrc/pages/api/psychology/analyze.ts[0m:[93m551[0m:[93m41[0m - [91merror[0m[90m TS2304: [0mCannot find name 'APIContext'.

[7m551[0m export const POST = async ({ request }: APIContext) => {
[7m   [0m [91m                                        ~~~~~~~~~~[0m

[96msrc/pages/api/psychology/frameworks.ts[0m:[93m741[0m:[93m41[0m - [91merror[0m[90m TS2304: [0mCannot find name 'APIContext'.

[7m741[0m export const POST = async ({ request }: APIContext) => {
[7m   [0m [91m                                        ~~~~~~~~~~[0m

[96msrc/pages/api/psychology/generate-scenario.ts[0m:[93m263[0m:[93m3[0m - [91merror[0m[90m TS2322: [0mType '{ age?: number | undefined; gender?: string | undefined; background?: string | undefined; presenting_concern?: string | undefined; } | { age: number; gender: string; background: string; ... 4 more ...; challenges: string[]; } | { ...; } | { ...; }' is not assignable to type '{ name: string; age: number; gender: string; background: string; presentingConcern: string; history: string; currentSituation: string; }'.
  Type '{ age?: number | undefined; gender?: string | undefined; background?: string | undefined; presenting_concern?: string | undefined; }' is missing the following properties from type '{ name: string; age: number; gender: string; background: string; presentingConcern: string; history: string; currentSituation: string; }': name, presentingConcern, history, currentSituation

[7m263[0m   return {
[7m   [0m [91m  ~~~~~~[0m

[96msrc/pages/api/psychology/generate-scenario.ts[0m:[93m425[0m:[93m41[0m - [91merror[0m[90m TS2304: [0mCannot find name 'APIContext'.

[7m425[0m export const POST = async ({ request }: APIContext) => {
[7m   [0m [91m                                        ~~~~~~~~~~[0m

[96msrc/pages/api/psychology/generate-scenario.ts[0m:[93m479[0m:[93m149[0m - [91merror[0m[90m TS2339: [0mProperty 'challenges' does not exist on type '{ name: string; age: number; gender: string; background: string; presentingConcern: string; history: string; currentSituation: string; }'.

[7m479[0m         currentSituation: `Client presents for session ${sessionContext.sessionNumber} with ongoing concerns about ${body.context}. ${clientProfile.challenges ? 'Current challenges include: ' + clientProfile.challenges.join(', ') + '.' : ''}`,
[7m   [0m [91m                                                                                                                                                    ~~~~~~~~~~[0m

[96msrc/pages/api/psychology/generate-scenario.ts[0m:[93m479[0m:[93m209[0m - [91merror[0m[90m TS2339: [0mProperty 'challenges' does not exist on type '{ name: string; age: number; gender: string; background: string; presentingConcern: string; history: string; currentSituation: string; }'.

[7m479[0m         currentSituation: `Client presents for session ${sessionContext.sessionNumber} with ongoing concerns about ${body.context}. ${clientProfile.challenges ? 'Current challenges include: ' + clientProfile.challenges.join(', ') + '.' : ''}`,
[7m   [0m [91m                                                                                                                                                                                                                ~~~~~~~~~~[0m

[96msrc/pages/api/rate-limit/status.ts[0m:[93m153[0m:[93m44[0m - [91merror[0m[90m TS4111: [0mProperty 'RATE_LIMIT_WEBHOOK_URL' comes from an index signature, so it must be accessed with ['RATE_LIMIT_WEBHOOK_URL'].

[7m153[0m             const webhookUrl = process.env.RATE_LIMIT_WEBHOOK_URL
[7m   [0m [91m                                           ~~~~~~~~~~~~~~~~~~~~~~[0m

[96msrc/pages/api/rate-limit/status.ts[0m:[93m192[0m:[93m49[0m - [91merror[0m[90m TS4111: [0mProperty 'EMAIL_SERVICE_URL' comes from an index signature, so it must be accessed with ['EMAIL_SERVICE_URL'].

[7m192[0m             const emailServiceUrl = process.env.EMAIL_SERVICE_URL
[7m   [0m [91m                                                ~~~~~~~~~~~~~~~~~[0m

[96msrc/pages/api/rate-limit/status.ts[0m:[93m193[0m:[93m44[0m - [91merror[0m[90m TS4111: [0mProperty 'ADMIN_EMAIL' comes from an index signature, so it must be accessed with ['ADMIN_EMAIL'].

[7m193[0m             const adminEmail = process.env.ADMIN_EMAIL
[7m   [0m [91m                                           ~~~~~~~~~~~[0m

[96msrc/pages/api/rate-limit/status.ts[0m:[93m206[0m:[93m56[0m - [91merror[0m[90m TS4111: [0mProperty 'EMAIL_SERVICE_TOKEN' comes from an index signature, so it must be accessed with ['EMAIL_SERVICE_TOKEN'].

[7m206[0m                 'Authorization': `Bearer ${process.env.EMAIL_SERVICE_TOKEN}`,
[7m   [0m [91m                                                       ~~~~~~~~~~~~~~~~~~~[0m

[96msrc/pages/api/search.ts[0m:[93m2[0m:[93m29[0m - [91merror[0m[90m TS7031: [0mBinding element 'url' implicitly has an 'any' type.

[7m2[0m export const GET = async ({ url }) => {
[7m [0m [91m                            ~~~[0m

[96msrc/pages/api/security/backup/index.ts[0m:[93m22[0m:[93m29[0m - [91merror[0m[90m TS7031: [0mBinding element 'request' implicitly has an 'any' type.

[7m22[0m export const GET = async ({ request, cookies }) => {
[7m  [0m [91m                            ~~~~~~~[0m

[96msrc/pages/api/security/backup/index.ts[0m:[93m22[0m:[93m38[0m - [91merror[0m[90m TS7031: [0mBinding element 'cookies' implicitly has an 'any' type.

[7m22[0m export const GET = async ({ request, cookies }) => {
[7m  [0m [91m                                     ~~~~~~~[0m

[96msrc/pages/api/security/backup/index.ts[0m:[93m88[0m:[93m30[0m - [91merror[0m[90m TS7031: [0mBinding element 'request' implicitly has an 'any' type.

[7m88[0m export const POST = async ({ request, cookies }) => {
[7m  [0m [91m                             ~~~~~~~[0m

[96msrc/pages/api/security/backup/index.ts[0m:[93m88[0m:[93m39[0m - [91merror[0m[90m TS7031: [0mBinding element 'cookies' implicitly has an 'any' type.

[7m88[0m export const POST = async ({ request, cookies }) => {
[7m  [0m [91m                                      ~~~~~~~[0m

[96msrc/pages/api/security/events.ts[0m:[93m42[0m:[93m29[0m - [91merror[0m[90m TS7031: [0mBinding element 'request' implicitly has an 'any' type.

[7m42[0m export const GET = async ({ request }) => {
[7m  [0m [91m                            ~~~~~~~[0m

[96msrc/pages/api/sentry/probe.ts[0m:[93m8[0m:[93m15[0m - [91merror[0m[90m TS4111: [0mProperty 'SENTRY_DSN' comes from an index signature, so it must be accessed with ['SENTRY_DSN'].

[7m8[0m   process.env.SENTRY_DSN ??
[7m [0m [91m              ~~~~~~~~~~[0m

[96msrc/pages/api/sentry/probe.ts[0m:[93m9[0m:[93m15[0m - [91merror[0m[90m TS4111: [0mProperty 'PUBLIC_SENTRY_DSN' comes from an index signature, so it must be accessed with ['PUBLIC_SENTRY_DSN'].

[7m9[0m   process.env.PUBLIC_SENTRY_DSN ??
[7m [0m [91m              ~~~~~~~~~~~~~~~~~[0m

[96msrc/pages/api/sentry/probe.ts[0m:[93m10[0m:[93m15[0m - [91merror[0m[90m TS4111: [0mProperty 'SENTRY_PUBLIC_DSN' comes from an index signature, so it must be accessed with ['SENTRY_PUBLIC_DSN'].

[7m10[0m   process.env.SENTRY_PUBLIC_DSN ??
[7m  [0m [91m              ~~~~~~~~~~~~~~~~~[0m

[96msrc/pages/api/sentry/probe.ts[0m:[93m11[0m:[93m15[0m - [91merror[0m[90m TS4111: [0mProperty 'VITE_SENTRY_DSN' comes from an index signature, so it must be accessed with ['VITE_SENTRY_DSN'].

[7m11[0m   process.env.VITE_SENTRY_DSN
[7m  [0m [91m              ~~~~~~~~~~~~~~~[0m

[96msrc/pages/api/sentry/probe.ts[0m:[93m14[0m:[93m15[0m - [91merror[0m[90m TS4111: [0mProperty 'SENTRY_RELEASE' comes from an index signature, so it must be accessed with ['SENTRY_RELEASE'].

[7m14[0m   process.env.SENTRY_RELEASE ??
[7m  [0m [91m              ~~~~~~~~~~~~~~[0m

[96msrc/pages/api/sentry/probe.ts[0m:[93m15[0m:[93m15[0m - [91merror[0m[90m TS4111: [0mProperty 'PUBLIC_SENTRY_RELEASE' comes from an index signature, so it must be accessed with ['PUBLIC_SENTRY_RELEASE'].

[7m15[0m   process.env.PUBLIC_SENTRY_RELEASE ??
[7m  [0m [91m              ~~~~~~~~~~~~~~~~~~~~~[0m

[96msrc/pages/api/sentry/probe.ts[0m:[93m16[0m:[93m15[0m - [91merror[0m[90m TS4111: [0mProperty 'PUBLIC_APP_VERSION' comes from an index signature, so it must be accessed with ['PUBLIC_APP_VERSION'].

[7m16[0m   process.env.PUBLIC_APP_VERSION ??
[7m  [0m [91m              ~~~~~~~~~~~~~~~~~~[0m

[96msrc/pages/api/sentry/probe.ts[0m:[93m17[0m:[93m15[0m - [91merror[0m[90m TS4111: [0mProperty 'VERCEL_GIT_COMMIT_SHA' comes from an index signature, so it must be accessed with ['VERCEL_GIT_COMMIT_SHA'].

[7m17[0m   process.env.VERCEL_GIT_COMMIT_SHA ??
[7m  [0m [91m              ~~~~~~~~~~~~~~~~~~~~~[0m

[96msrc/pages/api/sentry/probe.ts[0m:[93m18[0m:[93m15[0m - [91merror[0m[90m TS4111: [0mProperty 'RENDER_GIT_COMMIT' comes from an index signature, so it must be accessed with ['RENDER_GIT_COMMIT'].

[7m18[0m   process.env.RENDER_GIT_COMMIT ??
[7m  [0m [91m              ~~~~~~~~~~~~~~~~~[0m

[96msrc/pages/api/sentry/probe.ts[0m:[93m19[0m:[93m15[0m - [91merror[0m[90m TS4111: [0mProperty 'NETLIFY_COMMIT_REF' comes from an index signature, so it must be accessed with ['NETLIFY_COMMIT_REF'].

[7m19[0m   process.env.NETLIFY_COMMIT_REF ??
[7m  [0m [91m              ~~~~~~~~~~~~~~~~~~[0m

[96msrc/pages/api/sentry/probe.ts[0m:[93m20[0m:[93m15[0m - [91merror[0m[90m TS4111: [0mProperty 'RAILWAY_GIT_COMMIT_SHA' comes from an index signature, so it must be accessed with ['RAILWAY_GIT_COMMIT_SHA'].

[7m20[0m   process.env.RAILWAY_GIT_COMMIT_SHA ??
[7m  [0m [91m              ~~~~~~~~~~~~~~~~~~~~~~[0m

[96msrc/pages/api/sentry/probe.ts[0m:[93m21[0m:[93m15[0m - [91merror[0m[90m TS4111: [0mProperty 'GITHUB_SHA' comes from an index signature, so it must be accessed with ['GITHUB_SHA'].

[7m21[0m   process.env.GITHUB_SHA ??
[7m  [0m [91m              ~~~~~~~~~~[0m

[96msrc/pages/api/sentry/probe.ts[0m:[93m22[0m:[93m15[0m - [91merror[0m[90m TS4111: [0mProperty 'CI_COMMIT_SHA' comes from an index signature, so it must be accessed with ['CI_COMMIT_SHA'].

[7m22[0m   process.env.CI_COMMIT_SHA ??
[7m  [0m [91m              ~~~~~~~~~~~~~[0m

[96msrc/pages/api/sentry/probe.ts[0m:[93m27[0m:[93m17[0m - [91merror[0m[90m TS4111: [0mProperty 'SENTRY_DIAGNOSTIC_TOKEN' comes from an index signature, so it must be accessed with ['SENTRY_DIAGNOSTIC_TOKEN'].

[7m27[0m     process.env.SENTRY_DIAGNOSTIC_TOKEN ?? process.env.SENTRY_TEST_TOKEN
[7m  [0m [91m                ~~~~~~~~~~~~~~~~~~~~~~~[0m

[96msrc/pages/api/sentry/probe.ts[0m:[93m27[0m:[93m56[0m - [91merror[0m[90m TS4111: [0mProperty 'SENTRY_TEST_TOKEN' comes from an index signature, so it must be accessed with ['SENTRY_TEST_TOKEN'].

[7m27[0m     process.env.SENTRY_DIAGNOSTIC_TOKEN ?? process.env.SENTRY_TEST_TOKEN
[7m  [0m [91m                                                       ~~~~~~~~~~~~~~~~~[0m

[96msrc/pages/api/sentry/probe.ts[0m:[93m28[0m:[93m37[0m - [91merror[0m[90m TS4111: [0mProperty 'NODE_ENV' comes from an index signature, so it must be accessed with ['NODE_ENV'].

[7m28[0m   if (!requiredToken || process.env.NODE_ENV !== 'production') {
[7m  [0m [91m                                    ~~~~~~~~[0m

[96msrc/pages/api/sentry/probe.ts[0m:[93m46[0m:[93m16[0m - [91merror[0m[90m TS2339: [0mProperty 'captureMessage' does not exist on type 'SentryInstance'.

[7m46[0m       : Sentry.captureMessage(message, 'error')
[7m  [0m [91m               ~~~~~~~~~~~~~~[0m

[96msrc/pages/api/sentry/probe.ts[0m:[93m102[0m:[93m22[0m - [91merror[0m[90m TS4111: [0mProperty 'mode' comes from an index signature, so it must be accessed with ['mode'].

[7m102[0m   const mode = (body.mode as ProbeMode) || url.searchParams.get('mode')
[7m   [0m [91m                     ~~~~[0m

[96msrc/pages/api/sentry/probe.ts[0m:[93m104[0m:[93m12[0m - [91merror[0m[90m TS4111: [0mProperty 'message' comes from an index signature, so it must be accessed with ['message'].

[7m104[0m     ((body.message as string) || url.searchParams.get('message')) ??
[7m   [0m [91m           ~~~~~~~[0m

[96msrc/pages/api/sentry/probe.ts[0m:[93m119[0m:[93m28[0m - [91merror[0m[90m TS4111: [0mProperty 'NODE_ENV' comes from an index signature, so it must be accessed with ['NODE_ENV'].

[7m119[0m       nodeEnv: process.env.NODE_ENV ?? 'unknown',
[7m   [0m [91m                           ~~~~~~~~[0m

[96msrc/pages/api/session.ts[0m:[93m3[0m:[93m29[0m - [91merror[0m[90m TS7031: [0mBinding element 'request' implicitly has an 'any' type.

[7m3[0m export const GET = async ({ request }) => {
[7m [0m [91m                            ~~~~~~~[0m

[96msrc/pages/api/session.ts[0m:[93m20[0m:[93m30[0m - [91merror[0m[90m TS7031: [0mBinding element 'request' implicitly has an 'any' type.

[7m20[0m export const POST = async ({ request }) => {
[7m  [0m [91m                             ~~~~~~~[0m

[96msrc/pages/api/session/analytics.ts[0m:[93m114[0m:[93m20[0m - [91merror[0m[90m TS4111: [0mProperty 'sessionId' comes from an index signature, so it must be accessed with ['sessionId'].

[7m114[0m   if (typeof value.sessionId !== 'string') return false
[7m   [0m [91m                   ~~~~~~~~~[0m

[96msrc/pages/api/session/analytics.ts[0m:[93m115[0m:[93m23[0m - [91merror[0m[90m TS4111: [0mProperty 'analyticsData' comes from an index signature, so it must be accessed with ['analyticsData'].

[7m115[0m   if (!isRecord(value.analyticsData)) return false
[7m   [0m [91m                      ~~~~~~~~~~~~~[0m

[96msrc/pages/api/session/analytics.ts[0m:[93m116[0m:[93m31[0m - [91merror[0m[90m TS4111: [0mProperty 'analyticsData' comes from an index signature, so it must be accessed with ['analyticsData'].

[7m116[0m   const analyticsData = value.analyticsData
[7m   [0m [91m                              ~~~~~~~~~~~~~[0m

[96msrc/pages/api/session/analytics.ts[0m:[93m118[0m:[93m33[0m - [91merror[0m[90m TS4111: [0mProperty 'sessionMetrics' comes from an index signature, so it must be accessed with ['sessionMetrics'].

[7m118[0m     Array.isArray(analyticsData.sessionMetrics) &&
[7m   [0m [91m                                ~~~~~~~~~~~~~~[0m

[96msrc/pages/api/session/analytics.ts[0m:[93m119[0m:[93m33[0m - [91merror[0m[90m TS4111: [0mProperty 'skillProgress' comes from an index signature, so it must be accessed with ['skillProgress'].

[7m119[0m     Array.isArray(analyticsData.skillProgress) &&
[7m   [0m [91m                                ~~~~~~~~~~~~~[0m

[96msrc/pages/api/session/analytics.ts[0m:[93m120[0m:[93m19[0m - [91merror[0m[90m TS4111: [0mProperty 'sessionMetrics' comes from an index signature, so it must be accessed with ['sessionMetrics'].

[7m120[0m     analyticsData.sessionMetrics.every(isSessionMetricPayload) &&
[7m   [0m [91m                  ~~~~~~~~~~~~~~[0m

[96msrc/pages/api/session/analytics.ts[0m:[93m121[0m:[93m19[0m - [91merror[0m[90m TS4111: [0mProperty 'skillProgress' comes from an index signature, so it must be accessed with ['skillProgress'].

[7m121[0m     analyticsData.skillProgress.every(isSkillProgressPayload) &&
[7m   [0m [91m                  ~~~~~~~~~~~~~[0m

[96msrc/pages/api/session/analytics.ts[0m:[93m122[0m:[93m19[0m - [91merror[0m[90m TS4111: [0mProperty 'sessionMetrics' comes from an index signature, so it must be accessed with ['sessionMetrics'].

[7m122[0m     analyticsData.sessionMetrics.length <= MAX_ANALYTICS_ITEMS &&
[7m   [0m [91m                  ~~~~~~~~~~~~~~[0m

[96msrc/pages/api/session/analytics.ts[0m:[93m123[0m:[93m19[0m - [91merror[0m[90m TS4111: [0mProperty 'skillProgress' comes from an index signature, so it must be accessed with ['skillProgress'].

[7m123[0m     analyticsData.skillProgress.length <= MAX_ANALYTICS_ITEMS
[7m   [0m [91m                  ~~~~~~~~~~~~~[0m

[96msrc/pages/api/session/analytics.ts[0m:[93m182[0m:[93m30[0m - [91merror[0m[90m TS2532: [0mObject is possibly 'undefined'.

[7m182[0m       const sessionOwnerId = sessionResult.rows[0].therapist_id
[7m   [0m [91m                             ~~~~~~~~~~~~~~~~~~~~~[0m

[96msrc/pages/api/session/analytics.ts[0m:[93m295[0m:[93m30[0m - [91merror[0m[90m TS2532: [0mObject is possibly 'undefined'.

[7m295[0m       const sessionOwnerId = sessionResult.rows[0].therapist_id
[7m   [0m [91m                             ~~~~~~~~~~~~~~~~~~~~~[0m

[96msrc/pages/api/session/comparison.ts[0m:[93m153[0m:[93m44[0m - [91merror[0m[90m TS7006: [0mParameter 'row' implicitly has an 'any' type.

[7m153[0m       const comparisons = result.rows.map((row) => ({
[7m   [0m [91m                                           ~~~[0m

[96msrc/pages/api/session/progress.ts[0m:[93m8[0m:[93m30[0m - [91merror[0m[90m TS7031: [0mBinding element 'request' implicitly has an 'any' type.

[7m8[0m export const POST = async ({ request }) => {
[7m [0m [91m                             ~~~~~~~[0m

[96msrc/pages/api/session/progress.ts[0m:[93m73[0m:[93m29[0m - [91merror[0m[90m TS7031: [0mBinding element 'request' implicitly has an 'any' type.

[7m73[0m export const GET = async ({ request }) => {
[7m  [0m [91m                            ~~~~~~~[0m

[96msrc/pages/api/session/progress.ts[0m:[93m119[0m:[93m28[0m - [91merror[0m[90m TS18046: [0m'sessionData' is of type 'unknown'.

[7m119[0m           progressMetrics: sessionData.progress_metrics,
[7m   [0m [91m                           ~~~~~~~~~~~[0m

[96msrc/pages/api/session/progress.ts[0m:[93m120[0m:[93m30[0m - [91merror[0m[90m TS18046: [0m'sessionData' is of type 'unknown'.

[7m120[0m           progressSnapshots: sessionData.progress_snapshots,
[7m   [0m [91m                             ~~~~~~~~~~~[0m

[96msrc/pages/api/session/progress.ts[0m:[93m121[0m:[93m24[0m - [91merror[0m[90m TS18046: [0m'sessionData' is of type 'unknown'.

[7m121[0m           skillScores: sessionData.skill_scores,
[7m   [0m [91m                       ~~~~~~~~~~~[0m

[96msrc/pages/api/session/skills.ts[0m:[93m66[0m:[93m24[0m - [91merror[0m[90m TS4111: [0mProperty 'score' comes from an index signature, so it must be accessed with ['score'].

[7m66[0m           score = (obj.score as number) ?? (obj.score as string) ?? 0
[7m  [0m [91m                       ~~~~~[0m

[96msrc/pages/api/session/skills.ts[0m:[93m66[0m:[93m49[0m - [91merror[0m[90m TS4111: [0mProperty 'score' comes from an index signature, so it must be accessed with ['score'].

[7m66[0m           score = (obj.score as number) ?? (obj.score as string) ?? 0
[7m  [0m [91m                                                ~~~~~[0m

[96msrc/pages/api/session/skills.ts[0m:[93m68[0m:[93m24[0m - [91merror[0m[90m TS4111: [0mProperty 'category' comes from an index signature, so it must be accessed with ['category'].

[7m68[0m             typeof obj.category === 'string' ? obj.category : undefined
[7m  [0m [91m                       ~~~~~~~~[0m

[96msrc/pages/api/session/skills.ts[0m:[93m68[0m:[93m52[0m - [91merror[0m[90m TS4111: [0mProperty 'category' comes from an index signature, so it must be accessed with ['category'].

[7m68[0m             typeof obj.category === 'string' ? obj.category : undefined
[7m  [0m [91m                                                   ~~~~~~~~[0m

[96msrc/pages/api/session/skills.ts[0m:[93m166[0m:[93m26[0m - [91merror[0m[90m TS2571: [0mObject is of type 'unknown'.

[7m166[0m             skillScores: result.rows[0].skill_scores,
[7m   [0m [91m                         ~~~~~~~~~~~~~~[0m

[96msrc/pages/api/session/snapshots.ts[0m:[93m48[0m:[93m28[0m - [91merror[0m[90m TS2448: [0mBlock-scoped variable 'client' used before its declaration.

[7m48[0m       const result = await client.query(query, [
[7m  [0m [91m                           ~~~~~~[0m

  [96msrc/pages/api/session/snapshots.ts[0m:[93m60[0m:[93m13[0m
    [7m60[0m       const client = await pool.connect()
    [7m  [0m [96m            ~~~~~~[0m
    'client' is declared here.

[96msrc/pages/api/sessions/index.ts[0m:[93m155[0m:[93m11[0m - [91merror[0m[90m TS2322: [0mType 'import("/home/vivi/pixelated/src/lib/ai/models/ai-types").TherapySession[]' is not assignable to type 'import("/home/vivi/pixelated/src/lib/ai/interfaces/therapy").TherapySession[]'.
  Type 'TherapySession' is missing the following properties from type 'TherapySession': securityLevel, emotionAnalysisEnabled

[7m155[0m     const sessions: TherapySession[] = await repository.getSessions(filter)
[7m   [0m [91m          ~~~~~~~~[0m

[96msrc/pages/api/techniques.ts[0m:[93m98[0m:[93m30[0m - [91merror[0m[90m TS7031: [0mBinding element 'request' implicitly has an 'any' type.

[7m98[0m export const POST = async ({ request, cookies }) => {
[7m  [0m [91m                             ~~~~~~~[0m

[96msrc/pages/api/techniques.ts[0m:[93m98[0m:[93m39[0m - [91merror[0m[90m TS7031: [0mBinding element 'cookies' implicitly has an 'any' type.

[7m98[0m export const POST = async ({ request, cookies }) => {
[7m  [0m [91m                                      ~~~~~~~[0m

[96msrc/pages/api/threat-detection/phase8/intelligence.ts[0m:[93m68[0m:[93m11[0m - [91merror[0m[90m TS6133: [0m'_mongoClient' is declared but its value is never read.

[7m68[0m     const _mongoClient = mongoClient
[7m  [0m [91m          ~~~~~~~~~~~~[0m

[96msrc/pages/api/threat-detection/phase8/intelligence.ts[0m:[93m69[0m:[93m11[0m - [91merror[0m[90m TS6133: [0m'_redisClient' is declared but its value is never read.

[7m69[0m     const _redisClient = redis
[7m  [0m [91m          ~~~~~~~~~~~~[0m

[96msrc/pages/api/threat-detection/phase8/intelligence.ts[0m:[93m85[0m:[93m33[0m - [91merror[0m[90m TS4111: [0mProperty 'MONGODB_URI' comes from an index signature, so it must be accessed with ['MONGODB_URI'].

[7m85[0m           mongoUri: process.env.MONGODB_URI!,
[7m  [0m [91m                                ~~~~~~~~~~~[0m

[96msrc/pages/api/threat-detection/phase8/intelligence.ts[0m:[93m86[0m:[93m33[0m - [91merror[0m[90m TS4111: [0mProperty 'REDIS_URL' comes from an index signature, so it must be accessed with ['REDIS_URL'].

[7m86[0m           redisUrl: process.env.REDIS_URL!,
[7m  [0m [91m                                ~~~~~~~~~[0m

[96msrc/pages/api/threat-detection/phase8/intelligence.ts[0m:[93m97[0m:[93m7[0m - [91merror[0m[90m TS2554: [0mExpected 2 arguments, but got 3.

[7m97[0m       refresh,
[7m  [0m [91m      ~~~~~~~[0m

[96msrc/pages/api/threat-detection/phase8/intelligence.ts[0m:[93m168[0m:[93m38[0m - [91merror[0m[90m TS4111: [0mProperty 'indicator' comes from an index signature, so it must be accessed with ['indicator'].

[7m168[0m       const rawIndicator = candidate.indicator
[7m   [0m [91m                                     ~~~~~~~~~[0m

[96msrc/pages/api/threat-detection/phase8/intelligence.ts[0m:[93m169[0m:[93m33[0m - [91merror[0m[90m TS4111: [0mProperty 'type' comes from an index signature, so it must be accessed with ['type'].

[7m169[0m       const rawType = candidate.type
[7m   [0m [91m                                ~~~~[0m

[96msrc/pages/api/threat-detection/phase8/intelligence.ts[0m:[93m188[0m:[93m11[0m - [91merror[0m[90m TS6133: [0m'_mongoClient' is declared but its value is never read.

[7m188[0m     const _mongoClient = mongoClient
[7m   [0m [91m          ~~~~~~~~~~~~[0m

[96msrc/pages/api/threat-detection/phase8/intelligence.ts[0m:[93m189[0m:[93m11[0m - [91merror[0m[90m TS6133: [0m'_redisClient' is declared but its value is never read.

[7m189[0m     const _redisClient = redis
[7m   [0m [91m          ~~~~~~~~~~~~[0m

[96msrc/pages/api/threat-detection/phase8/intelligence.ts[0m:[93m205[0m:[93m33[0m - [91merror[0m[90m TS4111: [0mProperty 'MONGODB_URI' comes from an index signature, so it must be accessed with ['MONGODB_URI'].

[7m205[0m           mongoUri: process.env.MONGODB_URI!,
[7m   [0m [91m                                ~~~~~~~~~~~[0m

[96msrc/pages/api/threat-detection/phase8/intelligence.ts[0m:[93m206[0m:[93m33[0m - [91merror[0m[90m TS4111: [0mProperty 'REDIS_URL' comes from an index signature, so it must be accessed with ['REDIS_URL'].

[7m206[0m           redisUrl: process.env.REDIS_URL!,
[7m   [0m [91m                                ~~~~~~~~~[0m

[96msrc/pages/api/threat-detection/phase8/intelligence.ts[0m:[93m227[0m:[93m15[0m - [91merror[0m[90m TS2554: [0mExpected 2 arguments, but got 3.

[7m227[0m               refresh,
[7m   [0m [91m              ~~~~~~~[0m

[96msrc/pages/api/threat-detection/phase8/intelligence.ts[0m:[93m289[0m:[93m44[0m - [91merror[0m[90m TS2339: [0mProperty 'user' does not exist on type '{ success: boolean; request?: AuthenticatedRequest | undefined; response?: Response | undefined; error?: string | undefined; }'.

[7m289[0m     if (!authResult.success || !authResult.user?.isAdmin) {
[7m   [0m [91m                                           ~~~~[0m

[96msrc/pages/api/threat-detection/phase8/intelligence.ts[0m:[93m316[0m:[93m11[0m - [91merror[0m[90m TS6133: [0m'_mongoClient' is declared but its value is never read.

[7m316[0m     const _mongoClient = mongoClient
[7m   [0m [91m          ~~~~~~~~~~~~[0m

[96msrc/pages/api/threat-detection/phase8/intelligence.ts[0m:[93m317[0m:[93m11[0m - [91merror[0m[90m TS6133: [0m'_redisClient' is declared but its value is never read.

[7m317[0m     const _redisClient = redis
[7m   [0m [91m          ~~~~~~~~~~~~[0m

[96msrc/pages/api/threat-detection/phase8/intelligence.ts[0m:[93m333[0m:[93m33[0m - [91merror[0m[90m TS4111: [0mProperty 'MONGODB_URI' comes from an index signature, so it must be accessed with ['MONGODB_URI'].

[7m333[0m           mongoUri: process.env.MONGODB_URI!,
[7m   [0m [91m                                ~~~~~~~~~~~[0m

[96msrc/pages/api/threat-detection/phase8/intelligence.ts[0m:[93m334[0m:[93m33[0m - [91merror[0m[90m TS4111: [0mProperty 'REDIS_URL' comes from an index signature, so it must be accessed with ['REDIS_URL'].

[7m334[0m           redisUrl: process.env.REDIS_URL!,
[7m   [0m [91m                                ~~~~~~~~~[0m

[96msrc/pages/api/threat-detection/phase8/intelligence.ts[0m:[93m344[0m:[93m53[0m - [91merror[0m[90m TS2339: [0mProperty 'updateConfiguration' does not exist on type 'ProductionIntelligenceService'.

[7m344[0m     await threatDetectionSystem.intelligenceService.updateConfiguration({
[7m   [0m [91m                                                    ~~~~~~~~~~~~~~~~~~~[0m

[96msrc/pages/api/threat-detection/phase8/investigate.ts[0m:[93m59[0m:[93m33[0m - [91merror[0m[90m TS4111: [0mProperty 'MONGODB_URI' comes from an index signature, so it must be accessed with ['MONGODB_URI'].

[7m59[0m           mongoUri: process.env.MONGODB_URI!,
[7m  [0m [91m                                ~~~~~~~~~~~[0m

[96msrc/pages/api/threat-detection/phase8/investigate.ts[0m:[93m60[0m:[93m33[0m - [91merror[0m[90m TS4111: [0mProperty 'REDIS_URL' comes from an index signature, so it must be accessed with ['REDIS_URL'].

[7m60[0m           redisUrl: process.env.REDIS_URL!,
[7m  [0m [91m                                ~~~~~~~~~[0m

[96msrc/pages/api/threat-detection/phase8/investigate.ts[0m:[93m76[0m:[93m9[0m - [91merror[0m[90m TS2353: [0mObject literal may only specify known properties, and 'metadata' does not exist in type '{ threatId: string; userId: string; severity: string; templateId?: string | undefined; description?: string | undefined; }'.

[7m76[0m         metadata: sanitizedData.metadata
[7m  [0m [91m        ~~~~~~~~[0m

[96msrc/pages/api/threat-detection/phase8/investigate.ts[0m:[93m154[0m:[93m33[0m - [91merror[0m[90m TS4111: [0mProperty 'MONGODB_URI' comes from an index signature, so it must be accessed with ['MONGODB_URI'].

[7m154[0m           mongoUri: process.env.MONGODB_URI!,
[7m   [0m [91m                                ~~~~~~~~~~~[0m

[96msrc/pages/api/threat-detection/phase8/investigate.ts[0m:[93m155[0m:[93m33[0m - [91merror[0m[90m TS4111: [0mProperty 'REDIS_URL' comes from an index signature, so it must be accessed with ['REDIS_URL'].

[7m155[0m           redisUrl: process.env.REDIS_URL!,
[7m   [0m [91m                                ~~~~~~~~~[0m

[96msrc/pages/api/threat-detection/phase8/status.ts[0m:[93m33[0m:[93m33[0m - [91merror[0m[90m TS4111: [0mProperty 'MONGODB_URI' comes from an index signature, so it must be accessed with ['MONGODB_URI'].

[7m33[0m           mongoUri: process.env.MONGODB_URI!,
[7m  [0m [91m                                ~~~~~~~~~~~[0m

[96msrc/pages/api/threat-detection/phase8/status.ts[0m:[93m34[0m:[93m33[0m - [91merror[0m[90m TS4111: [0mProperty 'REDIS_URL' comes from an index signature, so it must be accessed with ['REDIS_URL'].

[7m34[0m           redisUrl: process.env.REDIS_URL!,
[7m  [0m [91m                                ~~~~~~~~~[0m

[96msrc/pages/api/threat-detection/phase8/status.ts[0m:[93m42[0m:[93m31[0m - [91merror[0m[90m TS2339: [0mProperty 'monitoring' does not exist on type '{ threatDetectionService: ProductionThreatDetectionService; monitoringService: ProductionMonitoringService; ... 5 more ...; getSystemStatistics(): Promise<...>; }'.

[7m42[0m         threatDetectionSystem.monitoring.getStatus(),
[7m  [0m [91m                              ~~~~~~~~~~[0m

[96msrc/pages/api/threat-detection/phase8/status.ts[0m:[93m43[0m:[93m31[0m - [91merror[0m[90m TS2339: [0mProperty 'hunting' does not exist on type '{ threatDetectionService: ProductionThreatDetectionService; monitoringService: ProductionMonitoringService; ... 5 more ...; getSystemStatistics(): Promise<...>; }'.

[7m43[0m         threatDetectionSystem.hunting.getStatus(),
[7m  [0m [91m                              ~~~~~~~[0m

[96msrc/pages/api/threat-detection/phase8/status.ts[0m:[93m44[0m:[93m31[0m - [91merror[0m[90m TS2339: [0mProperty 'intelligence' does not exist on type '{ threatDetectionService: ProductionThreatDetectionService; monitoringService: ProductionMonitoringService; ... 5 more ...; getSystemStatistics(): Promise<...>; }'.

[7m44[0m         threatDetectionSystem.intelligence.getStatus(),
[7m  [0m [91m                              ~~~~~~~~~~~~[0m

[96msrc/pages/api/todos.ts[0m:[93m14[0m:[93m29[0m - [91merror[0m[90m TS7031: [0mBinding element 'request' implicitly has an 'any' type.

[7m14[0m export const GET = async ({ request }) => {
[7m  [0m [91m                            ~~~~~~~[0m

[96msrc/pages/api/todos.ts[0m:[93m56[0m:[93m30[0m - [91merror[0m[90m TS7031: [0mBinding element 'request' implicitly has an 'any' type.

[7m56[0m export const POST = async ({ request }) => {
[7m  [0m [91m                             ~~~~~~~[0m

[96msrc/pages/api/treatment-plans/index.ts[0m:[93m48[0m:[93m29[0m - [91merror[0m[90m TS7031: [0mBinding element 'locals' implicitly has an 'any' type.

[7m48[0m export const GET = async ({ locals }) => {
[7m  [0m [91m                            ~~~~~~[0m

[96msrc/pages/api/treatment-plans/index.ts[0m:[93m77[0m:[93m30[0m - [91merror[0m[90m TS7031: [0mBinding element 'request' implicitly has an 'any' type.

[7m77[0m export const POST = async ({ request, locals }) => {
[7m  [0m [91m                             ~~~~~~~[0m

[96msrc/pages/api/treatment-plans/index.ts[0m:[93m77[0m:[93m39[0m - [91merror[0m[90m TS7031: [0mBinding element 'locals' implicitly has an 'any' type.

[7m77[0m export const POST = async ({ request, locals }) => {
[7m  [0m [91m                                      ~~~~~~[0m

[96msrc/pages/api/treatment-plans/index.ts[0m:[93m95[0m:[93m43[0m - [91merror[0m[90m TS2339: [0mProperty 'errors' does not exist on type 'ZodError<{ title: string; status: "Active" | "Completed" | "Draft" | "Discontinued" | "Archived"; goals: { description: string; status: "In Progress" | "Not Started" | "Achieved" | "Partially Achieved" | "Not Achieved"; objectives: { ...; }[]; targetDate?: string | ... 1 more ... | undefined; }[]; diagnosis?: string...'.

[7m95[0m           details: validationResult.error.errors,
[7m  [0m [91m                                          ~~~~~~[0m

[96msrc/pages/api/v1/search.ts[0m:[93m21[0m:[93m29[0m - [91merror[0m[90m TS7031: [0mBinding element 'url' implicitly has an 'any' type.

[7m21[0m export const GET = async ({ url }) => {
[7m  [0m [91m                            ~~~[0m

[96msrc/pages/api/websocket/pixel-multimodal.ts[0m:[93m24[0m:[93m35[0m - [91merror[0m[90m TS4111: [0mProperty 'PIXEL_API_URL' comes from an index signature, so it must be accessed with ['PIXEL_API_URL'].

[7m24[0m const PIXEL_API_URL = process.env.PIXEL_API_URL ?? 'http://localhost:8001'
[7m  [0m [91m                                  ~~~~~~~~~~~~~[0m

[96msrc/pages/api/websocket/pixel-multimodal.ts[0m:[93m25[0m:[93m35[0m - [91merror[0m[90m TS4111: [0mProperty 'PIXEL_API_KEY' comes from an index signature, so it must be accessed with ['PIXEL_API_KEY'].

[7m25[0m const PIXEL_API_KEY = process.env.PIXEL_API_KEY ?? ''
[7m  [0m [91m                                  ~~~~~~~~~~~~~[0m

[96msrc/pages/api/websocket/pixel-multimodal.ts[0m:[93m26[0m:[93m36[0m - [91merror[0m[90m TS4111: [0mProperty 'WS_PIXEL_PORT' comes from an index signature, so it must be accessed with ['WS_PIXEL_PORT'].

[7m26[0m const WS_PORT = Number(process.env.WS_PIXEL_PORT ?? 8091)
[7m  [0m [91m                                   ~~~~~~~~~~~~~[0m

[96msrc/pages/api/websocket/pixel-multimodal.ts[0m:[93m69[0m:[93m30[0m - [91merror[0m[90m TS4111: [0mProperty 'type' comes from an index signature, so it must be accessed with ['type'].

[7m69[0m         const type = message.type as string
[7m  [0m [91m                             ~~~~[0m

[96msrc/pages/api/websocket/pixel-multimodal.ts[0m:[93m73[0m:[93m35[0m - [91merror[0m[90m TS4111: [0mProperty 'text' comes from an index signature, so it must be accessed with ['text'].

[7m73[0m             state.text = (message.text as string) || ''
[7m  [0m [91m                                  ~~~~[0m

[96msrc/pages/api/websocket/pixel-multimodal.ts[0m:[93m74[0m:[93m42[0m - [91merror[0m[90m TS4111: [0mProperty 'contextType' comes from an index signature, so it must be accessed with ['contextType'].

[7m74[0m             state.contextType = (message.contextType as string) || 'therapeutic'
[7m  [0m [91m                                         ~~~~~~~~~~~[0m

[96msrc/pages/api/websocket/pixel-multimodal.ts[0m:[93m75[0m:[93m40[0m - [91merror[0m[90m TS4111: [0mProperty 'sessionId' comes from an index signature, so it must be accessed with ['sessionId'].

[7m75[0m             state.sessionId = (message.sessionId as string) || state.sessionId
[7m  [0m [91m                                       ~~~~~~~~~[0m

[96msrc/pages/api/websocket/pixel-multimodal.ts[0m:[93m86[0m:[93m37[0m - [91merror[0m[90m TS4111: [0mProperty 'chunk' comes from an index signature, so it must be accessed with ['chunk'].

[7m86[0m             const base64 = (message.chunk as string) || ''
[7m  [0m [91m                                    ~~~~~[0m

[96msrc/pages/api/websocket/pixel-multimodal.ts[0m:[93m87[0m:[93m39[0m - [91merror[0m[90m TS4111: [0mProperty 'mimeType' comes from an index signature, so it must be accessed with ['mimeType'].

[7m87[0m             const mimeType = (message.mimeType as string) || 'audio/webm'
[7m  [0m [91m                                      ~~~~~~~~[0m

[96msrc/pages/api/websocket/pixel-multimodal.ts[0m:[93m113[0m:[93m36[0m - [91merror[0m[90m TS4111: [0mProperty 'text' comes from an index signature, so it must be accessed with ['text'].

[7m113[0m             const text = ((message.text as string) || state.text) ?? ''
[7m   [0m [91m                                   ~~~~[0m

[96msrc/pages/api/websocket/pixel-multimodal.ts[0m:[93m115[0m:[93m25[0m - [91merror[0m[90m TS4111: [0mProperty 'contextType' comes from an index signature, so it must be accessed with ['contextType'].

[7m115[0m               ((message.contextType as string) || state.contextType) ??
[7m   [0m [91m                        ~~~~~~~~~~~[0m

[96msrc/pages/api/websocket/pixel-multimodal.ts[0m:[93m117[0m:[93m40[0m - [91merror[0m[90m TS4111: [0mProperty 'sessionId' comes from an index signature, so it must be accessed with ['sessionId'].

[7m117[0m             const sessionId = (message.sessionId as string) || state.sessionId
[7m   [0m [91m                                       ~~~~~~~~~[0m

[96msrc/pages/api/ws/pixel/multimodal-stream.ts[0m:[93m80[0m:[93m36[0m - [91merror[0m[90m TS2345: [0mArgument of type 'APIContext<Record<string, any>, Record<string, string | undefined>>' is not assignable to parameter of type 'Request'.
  Type 'APIContext<Record<string, any>, Record<string, string | undefined>>' is missing the following properties from type 'Request': credentials, destination, headers, integrity, and 15 more.

[7m80[0m   const session = await getSession(context)
[7m  [0m [91m                                   ~~~~~~~[0m

[96msrc/pages/api/ws/pixel/multimodal-stream.ts[0m:[93m88[0m:[93m26[0m - [91merror[0m[90m TS2345: [0mArgument of type 'APIContext<Record<string, any>, Record<string, string | undefined>>' is not assignable to parameter of type 'Request'.
  Type 'APIContext<Record<string, any>, Record<string, string | undefined>>' is missing the following properties from type 'Request': credentials, destination, headers, integrity, and 15 more.

[7m88[0m     await applyRateLimit(context, 'pixel-ws', { points: 1 })
[7m  [0m [91m                         ~~~~~~~[0m

[96msrc/pages/api/ws/pixel/multimodal-stream.ts[0m:[93m101[0m:[93m32[0m - [91merror[0m[90m TS2708: [0mCannot use namespace 'Astro' as a value.

[7m101[0m   const { socket, response } = Astro.getWebSocket(context)
[7m   [0m [91m                               ~~~~~[0m

[96msrc/pages/api/ws/pixel/multimodal-stream.ts[0m:[93m125[0m:[93m29[0m - [91merror[0m[90m TS7006: [0mParameter 'event' implicitly has an 'any' type.

[7m125[0m   socket.onmessage = async (event) => {
[7m   [0m [91m                            ~~~~~[0m

[96msrc/pages/api/ws/pixel/multimodal-stream.ts[0m:[93m181[0m:[93m21[0m - [91merror[0m[90m TS7006: [0mParameter 'error' implicitly has an 'any' type.

[7m181[0m   socket.onerror = (error) => {
[7m   [0m [91m                    ~~~~~[0m

[96msrc/routes/auth.routes.ts[0m:[93m1[0m:[93m1[0m - [91merror[0m[90m TS6133: [0m'Router' is declared but its value is never read.

[7m1[0m import { Router } from 'express'
[7m [0m [91m~~~~~~~~~~~~~~~~~~~~~~~~~~~~~~~~[0m

[96msrc/routes/auth.routes.ts[0m:[93m6[0m:[93m26[0m - [91merror[0m[90m TS2554: [0mExpected 1 arguments, but got 0.

[7m6[0m   const authController = new AuthController()
[7m [0m [91m                         ~~~~~~~~~~~~~~~~~~~~[0m

  [96msrc/controllers/auth.controller.ts[0m:[93m11[0m:[93m15[0m
    [7m11[0m   constructor(authService: AuthService) {
    [7m  [0m [96m              ~~~~~~~~~~~~~~~~~~~~~~~~[0m
    An argument for 'authService' was not provided.

[96msrc/routes/auth.routes.ts[0m:[93m7[0m:[93m10[0m - [91merror[0m[90m TS2339: [0mProperty 'post' does not exist on type '(options?: RouterOptions | undefined) => Router'.

[7m7[0m   router.post('/register', authController.register.bind(authController))
[7m [0m [91m         ~~~~[0m

[96msrc/routes/businessIntelligenceRoutes.ts[0m:[93m52[0m:[93m31[0m - [91merror[0m[90m TS4111: [0mProperty 'type' comes from an index signature, so it must be accessed with ['type'].

[7m52[0m       type: parseString(value.type) as CreateBusinessAlertInput['type'],
[7m  [0m [91m                              ~~~~[0m

[96msrc/routes/businessIntelligenceRoutes.ts[0m:[93m53[0m:[93m32[0m - [91merror[0m[90m TS4111: [0mProperty 'title' comes from an index signature, so it must be accessed with ['title'].

[7m53[0m       title: parseString(value.title) ?? '',
[7m  [0m [91m                               ~~~~~[0m

[96msrc/routes/businessIntelligenceRoutes.ts[0m:[93m54[0m:[93m38[0m - [91merror[0m[90m TS4111: [0mProperty 'description' comes from an index signature, so it must be accessed with ['description'].

[7m54[0m       description: parseString(value.description) ?? '',
[7m  [0m [91m                                     ~~~~~~~~~~~[0m

[96msrc/routes/businessIntelligenceRoutes.ts[0m:[93m56[0m:[93m15[0m - [91merror[0m[90m TS4111: [0mProperty 'severity' comes from an index signature, so it must be accessed with ['severity'].

[7m56[0m         value.severity,
[7m  [0m [91m              ~~~~~~~~[0m

[96msrc/routes/businessIntelligenceRoutes.ts[0m:[93m58[0m:[93m33[0m - [91merror[0m[90m TS4111: [0mProperty 'source' comes from an index signature, so it must be accessed with ['source'].

[7m58[0m       source: parseString(value.source) ?? '',
[7m  [0m [91m                                ~~~~~~[0m

[96msrc/routes/businessIntelligenceRoutes.ts[0m:[93m59[0m:[93m34[0m - [91merror[0m[90m TS4111: [0mProperty 'isRead' comes from an index signature, so it must be accessed with ['isRead'].

[7m59[0m       isRead: parseBoolean(value.isRead) ?? false,
[7m  [0m [91m                                 ~~~~~~[0m

[96msrc/routes/businessIntelligenceRoutes.ts[0m:[93m60[0m:[93m36[0m - [91merror[0m[90m TS4111: [0mProperty 'actionUrl' comes from an index signature, so it must be accessed with ['actionUrl'].

[7m60[0m       actionUrl: parseString(value.actionUrl),
[7m  [0m [91m                                   ~~~~~~~~~[0m

[96msrc/routes/businessIntelligenceRoutes.ts[0m:[93m69[0m:[93m38[0m - [91merror[0m[90m TS4111: [0mProperty 'userId' comes from an index signature, so it must be accessed with ['userId'].

[7m69[0m     const userId = parseString(value.userId)
[7m  [0m [91m                                     ~~~~~~[0m

[96msrc/routes/businessIntelligenceRoutes.ts[0m:[93m76[0m:[93m34[0m - [91merror[0m[90m TS4111: [0mProperty 'revenue' comes from an index signature, so it must be accessed with ['revenue'].

[7m76[0m       revenue: parseNumber(value.revenue) ?? 0,
[7m  [0m [91m                                 ~~~~~~~[0m

[96msrc/routes/businessIntelligenceRoutes.ts[0m:[93m77[0m:[93m37[0m - [91merror[0m[90m TS4111: [0mProperty 'growthRate' comes from an index signature, so it must be accessed with ['growthRate'].

[7m77[0m       growthRate: parseNumber(value.growthRate) ?? 0,
[7m  [0m [91m                                    ~~~~~~~~~~[0m

[96msrc/routes/businessIntelligenceRoutes.ts[0m:[93m78[0m:[93m50[0m - [91merror[0m[90m TS4111: [0mProperty 'customerAcquisitionCost' comes from an index signature, so it must be accessed with ['customerAcquisitionCost'].

[7m78[0m       customerAcquisitionCost: parseNumber(value.customerAcquisitionCost) ?? 0,
[7m  [0m [91m                                                 ~~~~~~~~~~~~~~~~~~~~~~~[0m

[96msrc/routes/businessIntelligenceRoutes.ts[0m:[93m79[0m:[93m48[0m - [91merror[0m[90m TS4111: [0mProperty 'customerLifetimeValue' comes from an index signature, so it must be accessed with ['customerLifetimeValue'].

[7m79[0m       customerLifetimeValue: parseNumber(value.customerLifetimeValue) ?? 0,
[7m  [0m [91m                                               ~~~~~~~~~~~~~~~~~~~~~[0m

[96msrc/routes/businessIntelligenceRoutes.ts[0m:[93m80[0m:[93m36[0m - [91merror[0m[90m TS4111: [0mProperty 'churnRate' comes from an index signature, so it must be accessed with ['churnRate'].

[7m80[0m       churnRate: parseNumber(value.churnRate) ?? 0,
[7m  [0m [91m                                   ~~~~~~~~~[0m

[96msrc/routes/businessIntelligenceRoutes.ts[0m:[93m81[0m:[93m43[0m - [91merror[0m[90m TS4111: [0mProperty 'netPromoterScore' comes from an index signature, so it must be accessed with ['netPromoterScore'].

[7m81[0m       netPromoterScore: parseNumber(value.netPromoterScore) ?? 0,
[7m  [0m [91m                                          ~~~~~~~~~~~~~~~~[0m

[96msrc/routes/businessIntelligenceRoutes.ts[0m:[93m82[0m:[93m38[0m - [91merror[0m[90m TS4111: [0mProperty 'marketShare' comes from an index signature, so it must be accessed with ['marketShare'].

[7m82[0m       marketShare: parseNumber(value.marketShare) ?? 0,
[7m  [0m [91m                                     ~~~~~~~~~~~[0m

[96msrc/routes/businessIntelligenceRoutes.ts[0m:[93m83[0m:[93m40[0m - [91merror[0m[90m TS4111: [0mProperty 'employeeCount' comes from an index signature, so it must be accessed with ['employeeCount'].

[7m83[0m       employeeCount: parseNumber(value.employeeCount) ?? 0,
[7m  [0m [91m                                       ~~~~~~~~~~~~~[0m

[96msrc/routes/fileRoutes.ts[0m:[93m390[0m:[93m11[0m - [91merror[0m[90m TS2532: [0mObject is possibly 'undefined'.

[7m390[0m       if (fileResult.rows[0].uploaded_by !== userId) {
[7m   [0m [91m          ~~~~~~~~~~~~~~~~~~[0m

[96msrc/server.ts[0m:[93m81[0m:[93m26[0m - [91merror[0m[90m TS4111: [0mProperty 'WS_PORT' comes from an index signature, so it must be accessed with ['WS_PORT'].

[7m81[0m const PORT = process.env.WS_PORT ?? 3001
[7m  [0m [91m                         ~~~~~~~[0m

[96msrc/server.ts[0m:[93m82[0m:[93m31[0m - [91merror[0m[90m TS4111: [0mProperty 'REDIS_URL' comes from an index signature, so it must be accessed with ['REDIS_URL'].

[7m82[0m const REDIS_URL = process.env.REDIS_URL ?? 'redis://localhost:6379'
[7m  [0m [91m                              ~~~~~~~~~[0m

[96msrc/server.ts[0m:[93m84[0m:[93m15[0m - [91merror[0m[90m TS4111: [0mProperty 'DATABASE_URL' comes from an index signature, so it must be accessed with ['DATABASE_URL'].

[7m84[0m   process.env.DATABASE_URL ??
[7m  [0m [91m              ~~~~~~~~~~~~[0m

[96msrc/server.ts[0m:[93m91[0m:[93m17[0m - [91merror[0m[90m TS4111: [0mProperty 'NODE_ENV' comes from an index signature, so it must be accessed with ['NODE_ENV'].

[7m91[0m     process.env.NODE_ENV === 'production'
[7m  [0m [91m                ~~~~~~~~[0m

[96msrc/server.ts[0m:[93m118[0m:[93m21[0m - [91merror[0m[90m TS4111: [0mProperty 'NODE_ENV' comes from an index signature, so it must be accessed with ['NODE_ENV'].

[7m118[0m     if (process.env.NODE_ENV === 'development') {
[7m   [0m [91m                    ~~~~~~~~[0m

[96msrc/server.ts[0m:[93m139[0m:[93m19[0m - [91merror[0m[90m TS4111: [0mProperty 'NODE_ENV' comes from an index signature, so it must be accessed with ['NODE_ENV'].

[7m139[0m   if (process.env.NODE_ENV === 'development') {
[7m   [0m [91m                  ~~~~~~~~[0m

[96msrc/server.ts[0m:[93m149[0m:[93m25[0m - [91merror[0m[90m TS4111: [0mProperty 'FRONTEND_URL' comes from an index signature, so it must be accessed with ['FRONTEND_URL'].

[7m149[0m     origin: process.env.FRONTEND_URL ?? 'http://localhost:3000',
[7m   [0m [91m                        ~~~~~~~~~~~~[0m

[96msrc/server.ts[0m:[93m181[0m:[93m21[0m - [91merror[0m[90m TS4111: [0mProperty 'NODE_ENV' comes from an index signature, so it must be accessed with ['NODE_ENV'].

[7m181[0m         process.env.NODE_ENV === 'production'
[7m   [0m [91m                    ~~~~~~~~[0m

[96msrc/server.ts[0m:[93m205[0m:[93m28[0m - [91merror[0m[90m TS4111: [0mProperty 'NODE_ENV' comes from an index signature, so it must be accessed with ['NODE_ENV'].

[7m205[0m const isTest = process.env.NODE_ENV === 'test' || process.env.VITEST
[7m   [0m [91m                           ~~~~~~~~[0m

[96msrc/server.ts[0m:[93m205[0m:[93m63[0m - [91merror[0m[90m TS4111: [0mProperty 'VITEST' comes from an index signature, so it must be accessed with ['VITEST'].

[7m205[0m const isTest = process.env.NODE_ENV === 'test' || process.env.VITEST
[7m   [0m [91m                                                              ~~~~~~[0m

[96msrc/services/BusinessIntelligenceService.ts[0m:[93m153[0m:[93m43[0m - [91merror[0m[90m TS4111: [0mProperty 'ALPHA_VANTAGE_API_KEY' comes from an index signature, so it must be accessed with ['ALPHA_VANTAGE_API_KEY'].

[7m153[0m     this.alphaVantageApiKey = process.env.ALPHA_VANTAGE_API_KEY ?? 'demo'
[7m   [0m [91m                                          ~~~~~~~~~~~~~~~~~~~~~[0m

[96msrc/services/BusinessIntelligenceService.ts[0m:[93m661[0m:[93m53[0m - [91merror[0m[90m TS4111: [0mProperty 'symbol' comes from an index signature, so it must be accessed with ['symbol'].

[7m661[0m     const symbol = this.toStringOrUndefined(rawMeta.symbol)
[7m   [0m [91m                                                    ~~~~~~[0m

[96msrc/services/BusinessIntelligenceService.ts[0m:[93m662[0m:[93m52[0m - [91merror[0m[90m TS4111: [0mProperty 'regularMarketPrice' comes from an index signature, so it must be accessed with ['regularMarketPrice'].

[7m662[0m     const price = this.toNumberOrUndefined(rawMeta.regularMarketPrice)
[7m   [0m [91m                                                   ~~~~~~~~~~~~~~~~~~[0m

[96msrc/services/BusinessIntelligenceService.ts[0m:[93m663[0m:[93m53[0m - [91merror[0m[90m TS4111: [0mProperty 'regularMarketChange' comes from an index signature, so it must be accessed with ['regularMarketChange'].

[7m663[0m     const change = this.toNumberOrUndefined(rawMeta.regularMarketChange)
[7m   [0m [91m                                                    ~~~~~~~~~~~~~~~~~~~[0m

[96msrc/services/BusinessIntelligenceService.ts[0m:[93m665[0m:[93m15[0m - [91merror[0m[90m TS4111: [0mProperty 'regularMarketChangePercent' comes from an index signature, so it must be accessed with ['regularMarketChangePercent'].

[7m665[0m       rawMeta.regularMarketChangePercent,
[7m   [0m [91m              ~~~~~~~~~~~~~~~~~~~~~~~~~~[0m

[96msrc/services/BusinessIntelligenceService.ts[0m:[93m667[0m:[93m53[0m - [91merror[0m[90m TS4111: [0mProperty 'regularMarketVolume' comes from an index signature, so it must be accessed with ['regularMarketVolume'].

[7m667[0m     const volume = this.toNumberOrUndefined(rawMeta.regularMarketVolume)
[7m   [0m [91m                                                    ~~~~~~~~~~~~~~~~~~~[0m

[96msrc/services/BusinessIntelligenceService.ts[0m:[93m668[0m:[93m56[0m - [91merror[0m[90m TS4111: [0mProperty 'marketCap' comes from an index signature, so it must be accessed with ['marketCap'].

[7m668[0m     const marketCap = this.toNumberOrUndefined(rawMeta.marketCap)
[7m   [0m [91m                                                       ~~~~~~~~~[0m

[96msrc/services/DocumentService.ts[0m:[93m1[0m:[93m10[0m - [91merror[0m[90m TS2614: [0mModule '"ioredis"' has no exported member 'Redis'. Did you mean to use 'import Redis from "ioredis"' instead?

[7m1[0m import { Redis } from 'ioredis'
[7m [0m [91m         ~~~~~[0m

[96msrc/services/DocumentService.ts[0m:[93m101[0m:[93m32[0m - [91merror[0m[90m TS2345: [0mArgument of type 'DocumentRow | undefined' is not assignable to parameter of type 'DocumentRow'.
  Type 'undefined' is not assignable to type 'DocumentRow'.

[7m101[0m     return this.mapDocumentRow(result.rows[0])
[7m   [0m [91m                               ~~~~~~~~~~~~~~[0m

[96msrc/services/DocumentService.ts[0m:[93m115[0m:[93m57[0m - [91merror[0m[90m TS2345: [0mArgument of type 'DocumentRow | undefined' is not assignable to parameter of type 'DocumentRow'.
  Type 'undefined' is not assignable to type 'DocumentRow'.

[7m115[0m     return result.rows.length > 0 ? this.mapDocumentRow(result.rows[0]) : null
[7m   [0m [91m                                                        ~~~~~~~~~~~~~~[0m

[96msrc/services/DocumentService.ts[0m:[93m142[0m:[93m32[0m - [91merror[0m[90m TS2345: [0mArgument of type 'DocumentRow | undefined' is not assignable to parameter of type 'DocumentRow'.
  Type 'undefined' is not assignable to type 'DocumentRow'.

[7m142[0m     return this.mapDocumentRow(result.rows[0])
[7m   [0m [91m                               ~~~~~~~~~~~~~~[0m

[96msrc/services/DocumentService.ts[0m:[93m312[0m:[93m18[0m - [91merror[0m[90m TS4111: [0mProperty 'id' comes from an index signature, so it must be accessed with ['id'].

[7m312[0m     typeof value.id === 'string' &&
[7m   [0m [91m                 ~~[0m

[96msrc/services/DocumentService.ts[0m:[93m313[0m:[93m18[0m - [91merror[0m[90m TS4111: [0mProperty 'documentId' comes from an index signature, so it must be accessed with ['documentId'].

[7m313[0m     typeof value.documentId === 'string' &&
[7m   [0m [91m                 ~~~~~~~~~~[0m

[96msrc/services/DocumentService.ts[0m:[93m314[0m:[93m18[0m - [91merror[0m[90m TS4111: [0mProperty 'userId' comes from an index signature, so it must be accessed with ['userId'].

[7m314[0m     typeof value.userId === 'string' &&
[7m   [0m [91m                 ~~~~~~[0m

[96msrc/services/DocumentService.ts[0m:[93m315[0m:[93m18[0m - [91merror[0m[90m TS4111: [0mProperty 'socketId' comes from an index signature, so it must be accessed with ['socketId'].

[7m315[0m     typeof value.socketId === 'string' &&
[7m   [0m [91m                 ~~~~~~~~[0m

[96msrc/services/DocumentService.ts[0m:[93m316[0m:[93m19[0m - [91merror[0m[90m TS4111: [0mProperty 'lastActivity' comes from an index signature, so it must be accessed with ['lastActivity'].

[7m316[0m     (typeof value.lastActivity === 'string' ||
[7m   [0m [91m                  ~~~~~~~~~~~~[0m

[96msrc/services/DocumentService.ts[0m:[93m317[0m:[93m13[0m - [91merror[0m[90m TS4111: [0mProperty 'lastActivity' comes from an index signature, so it must be accessed with ['lastActivity'].

[7m317[0m       value.lastActivity instanceof Date)
[7m   [0m [91m            ~~~~~~~~~~~~[0m

[96msrc/services/DocumentVersioningService.ts[0m:[93m222[0m:[93m7[0m - [91merror[0m[90m TS2322: [0mType 'DocumentVersion | undefined' is not assignable to type 'DocumentVersion'.
  Type 'undefined' is not assignable to type 'DocumentVersion'.

[7m222[0m       currentVersion: currentVersion,
[7m   [0m [91m      ~~~~~~~~~~~~~~[0m

  [96msrc/services/DocumentVersioningService.ts[0m:[93m26[0m:[93m3[0m
    [7m26[0m   currentVersion: DocumentVersion
    [7m  [0m [96m  ~~~~~~~~~~~~~~[0m
    The expected type comes from property 'currentVersion' which is declared here on type 'VersionHistory'

[96msrc/services/EmailService.ts[0m:[93m69[0m:[93m31[0m - [91merror[0m[90m TS4111: [0mProperty 'AWS_SES_USER' comes from an index signature, so it must be accessed with ['AWS_SES_USER'].

[7m69[0m             user: process.env.AWS_SES_USER ?? '',
[7m  [0m [91m                              ~~~~~~~~~~~~[0m

[96msrc/services/EmailService.ts[0m:[93m70[0m:[93m31[0m - [91merror[0m[90m TS4111: [0mProperty 'AWS_SES_PASS' comes from an index signature, so it must be accessed with ['AWS_SES_PASS'].

[7m70[0m             pass: process.env.AWS_SES_PASS ?? '',
[7m  [0m [91m                              ~~~~~~~~~~~~[0m

[96msrc/services/FileStorageService.ts[0m:[93m57[0m:[93m27[0m - [91merror[0m[90m TS4111: [0mProperty 'AWS_REGION' comes from an index signature, so it must be accessed with ['AWS_REGION'].

[7m57[0m       region: process.env.AWS_REGION ?? 'us-east-1',
[7m  [0m [91m                          ~~~~~~~~~~[0m

[96msrc/services/FileStorageService.ts[0m:[93m59[0m:[93m34[0m - [91merror[0m[90m TS4111: [0mProperty 'AWS_ACCESS_KEY_ID' comes from an index signature, so it must be accessed with ['AWS_ACCESS_KEY_ID'].

[7m59[0m         accessKeyId: process.env.AWS_ACCESS_KEY_ID ?? '',
[7m  [0m [91m                                 ~~~~~~~~~~~~~~~~~[0m

[96msrc/services/FileStorageService.ts[0m:[93m60[0m:[93m38[0m - [91merror[0m[90m TS4111: [0mProperty 'AWS_SECRET_ACCESS_KEY' comes from an index signature, so it must be accessed with ['AWS_SECRET_ACCESS_KEY'].

[7m60[0m         secretAccessKey: process.env.AWS_SECRET_ACCESS_KEY ?? '',
[7m  [0m [91m                                     ~~~~~~~~~~~~~~~~~~~~~[0m

[96msrc/services/FileStorageService.ts[0m:[93m63[0m:[93m35[0m - [91merror[0m[90m TS4111: [0mProperty 'AWS_S3_BUCKET' comes from an index signature, so it must be accessed with ['AWS_S3_BUCKET'].

[7m63[0m     this.bucketName = process.env.AWS_S3_BUCKET ?? 'pixelated-business-docs'
[7m  [0m [91m                                  ~~~~~~~~~~~~~[0m

[96msrc/services/FileStorageService.ts[0m:[93m64[0m:[93m41[0m - [91merror[0m[90m TS4111: [0mProperty 'AWS_CLOUDFRONT_DOMAIN' comes from an index signature, so it must be accessed with ['AWS_CLOUDFRONT_DOMAIN'].

[7m64[0m     this.cloudFrontDomain = process.env.AWS_CLOUDFRONT_DOMAIN
[7m  [0m [91m                                        ~~~~~~~~~~~~~~~~~~~~~[0m

[96msrc/services/FileStorageService.ts[0m:[93m97[0m:[93m7[0m - [91merror[0m[90m TS7053: [0mElement implicitly has an 'any' type because expression of type '"ACL"' can't be used to index type '{ Bucket: string; Key: string; Body: Buffer<ArrayBufferLike>; ContentType: string; Metadata: { 'uploaded-by': string; 'original-name': string; }; }'.
  Property 'ACL' does not exist on type '{ Bucket: string; Key: string; Body: Buffer<ArrayBufferLike>; ContentType: string; Metadata: { 'uploaded-by': string; 'original-name': string; }; }'.

[7m97[0m       uploadParams['ACL'] = 'private'
[7m  [0m [91m      ~~~~~~~~~~~~~~~~~~~[0m

[96msrc/services/FileStorageService.ts[0m:[93m99[0m:[93m7[0m - [91merror[0m[90m TS7053: [0mElement implicitly has an 'any' type because expression of type '"ACL"' can't be used to index type '{ Bucket: string; Key: string; Body: Buffer<ArrayBufferLike>; ContentType: string; Metadata: { 'uploaded-by': string; 'original-name': string; }; }'.
  Property 'ACL' does not exist on type '{ Bucket: string; Key: string; Body: Buffer<ArrayBufferLike>; ContentType: string; Metadata: { 'uploaded-by': string; 'original-name': string; }; }'.

[7m99[0m       uploadParams['ACL'] = 'public-read'
[7m  [0m [91m      ~~~~~~~~~~~~~~~~~~~[0m

[96msrc/services/auth.service.ts[0m:[93m62[0m:[93m50[0m - [91merror[0m[90m TS4111: [0mProperty 'JWT_SECRET' comes from an index signature, so it must be accessed with ['JWT_SECRET'].

[7m62[0m     return jwt.sign({ id: user.id }, process.env.JWT_SECRET!, {
[7m  [0m [91m                                                 ~~~~~~~~~~[0m

[96msrc/services/auth0.service.ts[0m:[93m12[0m:[93m8[0m - [91merror[0m[90m TS6133: [0m'AuthenticationClientOptions' is declared but its value is never read.

[7m12[0m   type AuthenticationClientOptions,
[7m  [0m [91m       ~~~~~~~~~~~~~~~~~~~~~~~~~~~[0m

[96msrc/services/auth0.service.ts[0m:[93m96[0m:[93m50[0m - [91merror[0m[90m TS4111: [0mProperty 'NODE_ENV' comes from an index signature, so it must be accessed with ['NODE_ENV'].

[7m96[0m const shouldWarnAuth0Configuration = process.env.NODE_ENV !== 'test'
[7m  [0m [91m                                                 ~~~~~~~~[0m

[96msrc/services/auth0.service.ts[0m:[93m128[0m:[93m11[0m - [91merror[0m[90m TS6196: [0m'Auth0RoleClaim' is declared but never used.

[7m128[0m interface Auth0RoleClaim extends UnknownRecord {
[7m   [0m [91m          ~~~~~~~~~~~~~~[0m

[96msrc/services/auth0.service.ts[0m:[93m170[0m:[93m36[0m - [91merror[0m[90m TS4111: [0mProperty 'AUTH0_DOMAIN' comes from an index signature, so it must be accessed with ['AUTH0_DOMAIN'].

[7m170[0m       toStringEnvValue(process.env.AUTH0_DOMAIN) ??
[7m   [0m [91m                                   ~~~~~~~~~~~~[0m

[96msrc/services/auth0.service.ts[0m:[93m171[0m:[93m40[0m - [91merror[0m[90m TS4111: [0mProperty 'AUTH0_DOMAIN' comes from an index signature, so it must be accessed with ['AUTH0_DOMAIN'].

[7m171[0m       toStringEnvValue(import.meta.env.AUTH0_DOMAIN),
[7m   [0m [91m                                       ~~~~~~~~~~~~[0m

[96msrc/services/auth0.service.ts[0m:[93m173[0m:[93m36[0m - [91merror[0m[90m TS4111: [0mProperty 'AUTH0_CLIENT_ID' comes from an index signature, so it must be accessed with ['AUTH0_CLIENT_ID'].

[7m173[0m       toStringEnvValue(process.env.AUTH0_CLIENT_ID) ??
[7m   [0m [91m                                   ~~~~~~~~~~~~~~~[0m

[96msrc/services/auth0.service.ts[0m:[93m174[0m:[93m40[0m - [91merror[0m[90m TS4111: [0mProperty 'AUTH0_CLIENT_ID' comes from an index signature, so it must be accessed with ['AUTH0_CLIENT_ID'].

[7m174[0m       toStringEnvValue(import.meta.env.AUTH0_CLIENT_ID),
[7m   [0m [91m                                       ~~~~~~~~~~~~~~~[0m

[96msrc/services/auth0.service.ts[0m:[93m176[0m:[93m36[0m - [91merror[0m[90m TS4111: [0mProperty 'AUTH0_CLIENT_SECRET' comes from an index signature, so it must be accessed with ['AUTH0_CLIENT_SECRET'].

[7m176[0m       toStringEnvValue(process.env.AUTH0_CLIENT_SECRET) ??
[7m   [0m [91m                                   ~~~~~~~~~~~~~~~~~~~[0m

[96msrc/services/auth0.service.ts[0m:[93m177[0m:[93m40[0m - [91merror[0m[90m TS4111: [0mProperty 'AUTH0_CLIENT_SECRET' comes from an index signature, so it must be accessed with ['AUTH0_CLIENT_SECRET'].

[7m177[0m       toStringEnvValue(import.meta.env.AUTH0_CLIENT_SECRET),
[7m   [0m [91m                                       ~~~~~~~~~~~~~~~~~~~[0m

[96msrc/services/auth0.service.ts[0m:[93m179[0m:[93m36[0m - [91merror[0m[90m TS4111: [0mProperty 'AUTH0_AUDIENCE' comes from an index signature, so it must be accessed with ['AUTH0_AUDIENCE'].

[7m179[0m       toStringEnvValue(process.env.AUTH0_AUDIENCE) ??
[7m   [0m [91m                                   ~~~~~~~~~~~~~~[0m

[96msrc/services/auth0.service.ts[0m:[93m180[0m:[93m40[0m - [91merror[0m[90m TS4111: [0mProperty 'AUTH0_AUDIENCE' comes from an index signature, so it must be accessed with ['AUTH0_AUDIENCE'].

[7m180[0m       toStringEnvValue(import.meta.env.AUTH0_AUDIENCE),
[7m   [0m [91m                                       ~~~~~~~~~~~~~~[0m

[96msrc/services/auth0.service.ts[0m:[93m182[0m:[93m36[0m - [91merror[0m[90m TS4111: [0mProperty 'AUTH0_MANAGEMENT_CLIENT_ID' comes from an index signature, so it must be accessed with ['AUTH0_MANAGEMENT_CLIENT_ID'].

[7m182[0m       toStringEnvValue(process.env.AUTH0_MANAGEMENT_CLIENT_ID) ??
[7m   [0m [91m                                   ~~~~~~~~~~~~~~~~~~~~~~~~~~[0m

[96msrc/services/auth0.service.ts[0m:[93m183[0m:[93m40[0m - [91merror[0m[90m TS4111: [0mProperty 'AUTH0_MANAGEMENT_CLIENT_ID' comes from an index signature, so it must be accessed with ['AUTH0_MANAGEMENT_CLIENT_ID'].

[7m183[0m       toStringEnvValue(import.meta.env.AUTH0_MANAGEMENT_CLIENT_ID),
[7m   [0m [91m                                       ~~~~~~~~~~~~~~~~~~~~~~~~~~[0m

[96msrc/services/auth0.service.ts[0m:[93m185[0m:[93m36[0m - [91merror[0m[90m TS4111: [0mProperty 'AUTH0_MANAGEMENT_CLIENT_SECRET' comes from an index signature, so it must be accessed with ['AUTH0_MANAGEMENT_CLIENT_SECRET'].

[7m185[0m       toStringEnvValue(process.env.AUTH0_MANAGEMENT_CLIENT_SECRET) ??
[7m   [0m [91m                                   ~~~~~~~~~~~~~~~~~~~~~~~~~~~~~~[0m

[96msrc/services/auth0.service.ts[0m:[93m186[0m:[93m40[0m - [91merror[0m[90m TS4111: [0mProperty 'AUTH0_MANAGEMENT_CLIENT_SECRET' comes from an index signature, so it must be accessed with ['AUTH0_MANAGEMENT_CLIENT_SECRET'].

[7m186[0m       toStringEnvValue(import.meta.env.AUTH0_MANAGEMENT_CLIENT_SECRET),
[7m   [0m [91m                                       ~~~~~~~~~~~~~~~~~~~~~~~~~~~~~~[0m

[96msrc/services/auth0.service.ts[0m:[93m249[0m:[93m17[0m - [91merror[0m[90m TS6133: [0m'connectToDatabase' is declared but its value is never read.

[7m249[0m   private async connectToDatabase(): Promise<Db> {
[7m   [0m [91m                ~~~~~~~~~~~~~~~~~[0m

[96msrc/services/auth0.service.ts[0m:[93m272[0m:[93m31[0m - [91merror[0m[90m TS4111: [0mProperty 'AUTH0_AUDIENCE' comes from an index signature, so it must be accessed with ['AUTH0_AUDIENCE'].

[7m272[0m         audience: process.env.AUTH0_AUDIENCE ?? '',
[7m   [0m [91m                              ~~~~~~~~~~~~~~[0m

[96msrc/services/auth0.service.ts[0m:[93m419[0m:[93m39[0m - [91merror[0m[90m TS2345: [0mArgument of type 'Auth0UserRecord | undefined' is not assignable to parameter of type 'Auth0UserRecord'.
  Type 'undefined' is not assignable to type 'Auth0UserRecord'.

[7m419[0m       return this.toAuthenticatedUser(auth0User)
[7m   [0m [91m                                      ~~~~~~~~~[0m

[96msrc/services/auth0.service.ts[0m:[93m453[0m:[93m33[0m - [91merror[0m[90m TS4111: [0mProperty 'role' comes from an index signature, so it must be accessed with ['role'].

[7m453[0m             userMetadataUpdates.role = value
[7m   [0m [91m                                ~~~~[0m

[96msrc/services/auth0.service.ts[0m:[93m455[0m:[93m34[0m - [91merror[0m[90m TS4111: [0mProperty 'roles' comes from an index signature, so it must be accessed with ['roles'].

[7m455[0m               appMetadataUpdates.roles = [this.mapRoleToAuth0Role(value)]
[7m   [0m [91m                                 ~~~~~[0m

[96msrc/services/auth0.service.ts[0m:[93m473[0m:[93m22[0m - [91merror[0m[90m TS4111: [0mProperty 'user_metadata' comes from an index signature, so it must be accessed with ['user_metadata'].

[7m473[0m         updateParams.user_metadata = userMetadataUpdates
[7m   [0m [91m                     ~~~~~~~~~~~~~[0m

[96msrc/services/auth0.service.ts[0m:[93m477[0m:[93m22[0m - [91merror[0m[90m TS4111: [0mProperty 'app_metadata' comes from an index signature, so it must be accessed with ['app_metadata'].

[7m477[0m         updateParams.app_metadata = appMetadataUpdates
[7m   [0m [91m                     ~~~~~~~~~~~~[0m

[96msrc/services/auth0.service.ts[0m:[93m626[0m:[93m56[0m - [91merror[0m[90m TS4111: [0mProperty 'ticket' comes from an index signature, so it must be accessed with ['ticket'].

[7m626[0m       return ticket ? (this.toStringOrUndefined(ticket.ticket) ?? null) : null
[7m   [0m [91m                                                       ~~~~~~[0m

[96msrc/services/auth0.service.ts[0m:[93m860[0m:[93m43[0m - [91merror[0m[90m TS4111: [0mProperty 'roles' comes from an index signature, so it must be accessed with ['roles'].

[7m860[0m     const appMetadataRoles = appMetadata?.roles
[7m   [0m [91m                                          ~~~~~[0m

[96msrc/services/auth0.service.ts[0m:[93m862[0m:[93m38[0m - [91merror[0m[90m TS2345: [0mArgument of type 'string | undefined' is not assignable to parameter of type 'string'.
  Type 'undefined' is not assignable to type 'string'.

[7m862[0m       return this.mapAuth0RoleToRole(appMetadataRoles[0])
[7m   [0m [91m                                     ~~~~~~~~~~~~~~~~~~~[0m

[96msrc/services/auth0.service.ts[0m:[93m868[0m:[93m65[0m - [91merror[0m[90m TS4111: [0mProperty 'role' comes from an index signature, so it must be accessed with ['role'].

[7m868[0m     const metadataRole = this.toStringOrUndefined(userMetadata?.role)
[7m   [0m [91m                                                                ~~~~[0m

[96msrc/services/socketService.ts[0m:[93m14[0m:[93m20[0m - [91merror[0m[90m TS6133: [0m'redis' is declared but its value is never read.

[7m14[0m   private readonly redis: RedisLike
[7m  [0m [91m                   ~~~~~[0m

[96msrc/services/socketService.ts[0m:[93m15[0m:[93m20[0m - [91merror[0m[90m TS6133: [0m'db' is declared but its value is never read.

[7m15[0m   private readonly db: Pool
[7m  [0m [91m                   ~~[0m

[96msrc/services/socketService.ts[0m:[93m24[0m:[93m29[0m - [91merror[0m[90m TS4111: [0mProperty 'FRONTEND_URL' comes from an index signature, so it must be accessed with ['FRONTEND_URL'].

[7m24[0m         origin: process.env.FRONTEND_URL ?? 'http://localhost:3000',
[7m  [0m [91m                            ~~~~~~~~~~~~[0m

[96msrc/services/websocketClient.ts[0m:[93m58[0m:[93m30[0m - [91merror[0m[90m TS4111: [0mProperty 'PUBLIC_WEBSOCKET_URL' comes from an index signature, so it must be accessed with ['PUBLIC_WEBSOCKET_URL'].

[7m58[0m       typeof import.meta.env.PUBLIC_WEBSOCKET_URL === 'string'
[7m  [0m [91m                             ~~~~~~~~~~~~~~~~~~~~[0m

[96msrc/services/websocketClient.ts[0m:[93m59[0m:[93m27[0m - [91merror[0m[90m TS4111: [0mProperty 'PUBLIC_WEBSOCKET_URL' comes from an index signature, so it must be accessed with ['PUBLIC_WEBSOCKET_URL'].

[7m59[0m         ? import.meta.env.PUBLIC_WEBSOCKET_URL
[7m  [0m [91m                          ~~~~~~~~~~~~~~~~~~~~[0m

[96msrc/simulator/components/EmpathyMeter.tsx[0m:[93m1[0m:[93m8[0m - [91merror[0m[90m TS6133: [0m'React' is declared but its value is never read.

[7m1[0m import React, { useEffect, useRef } from 'react'
[7m [0m [91m       ~~~~~[0m

[96msrc/simulator/components/EmpathyMeter.tsx[0m:[93m166[0m:[93m27[0m - [91merror[0m[90m TS2532: [0mObject is possibly 'undefined'.

[7m166[0m         const trendDiff = lastTwoValues[1] - lastTwoValues[0]
[7m   [0m [91m                          ~~~~~~~~~~~~~~~~[0m

[96msrc/simulator/components/EmpathyMeter.tsx[0m:[93m166[0m:[93m46[0m - [91merror[0m[90m TS2532: [0mObject is possibly 'undefined'.

[7m166[0m         const trendDiff = lastTwoValues[1] - lastTwoValues[0]
[7m   [0m [91m                                             ~~~~~~~~~~~~~~~~[0m

[96msrc/simulator/components/RealTimeFeedbackPanel.tsx[0m:[93m246[0m:[93m15[0m - [91merror[0m[90m TS2322: [0mType 'number | undefined' is not assignable to type 'number'.
  Type 'undefined' is not assignable to type 'number'.

[7m246[0m               value={
[7m   [0m [91m              ~~~~~[0m

  [96msrc/simulator/components/EmpathyMeter.tsx[0m:[93m5[0m:[93m3[0m
    [7m5[0m   value: number
    [7m [0m [96m  ~~~~~[0m
    The expected type comes from property 'value' which is declared here on type 'IntrinsicAttributes & EmpathyMeterProps'

[96msrc/simulator/components/ResistanceMonitor/index.tsx[0m:[93m22[0m:[93m8[0m - [91merror[0m[90m TS6133: [0m'React' is declared but its value is never read.

[7m22[0m import React, { useCallback, useEffect, useMemo, useRef, useState } from 'react'
[7m  [0m [91m       ~~~~~[0m

[96msrc/simulator/components/ResistanceMonitor/index.tsx[0m:[93m172[0m:[93m28[0m - [91merror[0m[90m TS4111: [0mProperty 'gaugeWrap' comes from an index signature, so it must be accessed with ['gaugeWrap'].

[7m172[0m     <div className={styles.gaugeWrap}>
[7m   [0m [91m                           ~~~~~~~~~[0m

[96msrc/simulator/components/ResistanceMonitor/index.tsx[0m:[93m173[0m:[93m31[0m - [91merror[0m[90m TS4111: [0mProperty 'gaugeLabel' comes from an index signature, so it must be accessed with ['gaugeLabel'].

[7m173[0m       <span className={styles.gaugeLabel}>Defense Confidence</span>
[7m   [0m [91m                              ~~~~~~~~~~[0m

[96msrc/simulator/components/ResistanceMonitor/index.tsx[0m:[93m178[0m:[93m27[0m - [91merror[0m[90m TS4111: [0mProperty 'gaugeCanvas' comes from an index signature, so it must be accessed with ['gaugeCanvas'].

[7m178[0m         className={styles.gaugeCanvas}
[7m   [0m [91m                          ~~~~~~~~~~~[0m

[96msrc/simulator/components/ResistanceMonitor/index.tsx[0m:[93m183[0m:[93m30[0m - [91merror[0m[90m TS4111: [0mProperty 'gaugeFooter' comes from an index signature, so it must be accessed with ['gaugeFooter'].

[7m183[0m       <div className={styles.gaugeFooter}>
[7m   [0m [91m                             ~~~~~~~~~~~[0m

[96msrc/simulator/components/ResistanceMonitor/index.tsx[0m:[93m196[0m:[93m7[0m - [91merror[0m[90m TS2322: [0mType 'string | undefined' is not assignable to type 'string'.
  Type 'undefined' is not assignable to type 'string'.

[7m196[0m       return styles.crisisStripAcute
[7m   [0m [91m      ~~~~~~[0m

[96msrc/simulator/components/ResistanceMonitor/index.tsx[0m:[93m196[0m:[93m21[0m - [91merror[0m[90m TS4111: [0mProperty 'crisisStripAcute' comes from an index signature, so it must be accessed with ['crisisStripAcute'].

[7m196[0m       return styles.crisisStripAcute
[7m   [0m [91m                    ~~~~~~~~~~~~~~~~[0m

[96msrc/simulator/components/ResistanceMonitor/index.tsx[0m:[93m198[0m:[93m7[0m - [91merror[0m[90m TS2322: [0mType 'string | undefined' is not assignable to type 'string'.
  Type 'undefined' is not assignable to type 'string'.

[7m198[0m       return styles.crisisStripHigh
[7m   [0m [91m      ~~~~~~[0m

[96msrc/simulator/components/ResistanceMonitor/index.tsx[0m:[93m198[0m:[93m21[0m - [91merror[0m[90m TS4111: [0mProperty 'crisisStripHigh' comes from an index signature, so it must be accessed with ['crisisStripHigh'].

[7m198[0m       return styles.crisisStripHigh
[7m   [0m [91m                    ~~~~~~~~~~~~~~~[0m

[96msrc/simulator/components/ResistanceMonitor/index.tsx[0m:[93m200[0m:[93m7[0m - [91merror[0m[90m TS2322: [0mType 'string | undefined' is not assignable to type 'string'.
  Type 'undefined' is not assignable to type 'string'.

[7m200[0m       return styles.crisisStripElevated
[7m   [0m [91m      ~~~~~~[0m

[96msrc/simulator/components/ResistanceMonitor/index.tsx[0m:[93m200[0m:[93m21[0m - [91merror[0m[90m TS4111: [0mProperty 'crisisStripElevated' comes from an index signature, so it must be accessed with ['crisisStripElevated'].

[7m200[0m       return styles.crisisStripElevated
[7m   [0m [91m                    ~~~~~~~~~~~~~~~~~~~[0m

[96msrc/simulator/components/ResistanceMonitor/index.tsx[0m:[93m205[0m:[93m7[0m - [91merror[0m[90m TS2322: [0mType 'string | undefined' is not assignable to type 'string'.
  Type 'undefined' is not assignable to type 'string'.

[7m205[0m       return styles.crisisStripNone
[7m   [0m [91m      ~~~~~~[0m

[96msrc/simulator/components/ResistanceMonitor/index.tsx[0m:[93m205[0m:[93m21[0m - [91merror[0m[90m TS4111: [0mProperty 'crisisStripNone' comes from an index signature, so it must be accessed with ['crisisStripNone'].

[7m205[0m       return styles.crisisStripNone
[7m   [0m [91m                    ~~~~~~~~~~~~~~~[0m

[96msrc/simulator/components/ResistanceMonitor/index.tsx[0m:[93m219[0m:[93m29[0m - [91merror[0m[90m TS4111: [0mProperty 'crisisIcon' comes from an index signature, so it must be accessed with ['crisisIcon'].

[7m219[0m     <span className={styles.crisisIcon} aria-label={label} role="img">
[7m   [0m [91m                            ~~~~~~~~~~[0m

[96msrc/simulator/components/ResistanceMonitor/index.tsx[0m:[93m227[0m:[93m25[0m - [91merror[0m[90m TS2322: [0mType 'string | undefined' is not assignable to type 'string'.
  Type 'undefined' is not assignable to type 'string'.

[7m227[0m   if (maturity >= 0.71) return styles.maturityHigh
[7m   [0m [91m                        ~~~~~~[0m

[96msrc/simulator/components/ResistanceMonitor/index.tsx[0m:[93m227[0m:[93m39[0m - [91merror[0m[90m TS4111: [0mProperty 'maturityHigh' comes from an index signature, so it must be accessed with ['maturityHigh'].

[7m227[0m   if (maturity >= 0.71) return styles.maturityHigh
[7m   [0m [91m                                      ~~~~~~~~~~~~[0m

[96msrc/simulator/components/ResistanceMonitor/index.tsx[0m:[93m228[0m:[93m25[0m - [91merror[0m[90m TS2322: [0mType 'string | undefined' is not assignable to type 'string'.
  Type 'undefined' is not assignable to type 'string'.

[7m228[0m   if (maturity >= 0.43) return styles.maturityMid
[7m   [0m [91m                        ~~~~~~[0m

[96msrc/simulator/components/ResistanceMonitor/index.tsx[0m:[93m228[0m:[93m39[0m - [91merror[0m[90m TS4111: [0mProperty 'maturityMid' comes from an index signature, so it must be accessed with ['maturityMid'].

[7m228[0m   if (maturity >= 0.43) return styles.maturityMid
[7m   [0m [91m                                      ~~~~~~~~~~~[0m

[96msrc/simulator/components/ResistanceMonitor/index.tsx[0m:[93m229[0m:[93m3[0m - [91merror[0m[90m TS2322: [0mType 'string | undefined' is not assignable to type 'string'.
  Type 'undefined' is not assignable to type 'string'.

[7m229[0m   return styles.maturityLow
[7m   [0m [91m  ~~~~~~[0m

[96msrc/simulator/components/ResistanceMonitor/index.tsx[0m:[93m229[0m:[93m17[0m - [91merror[0m[90m TS4111: [0mProperty 'maturityLow' comes from an index signature, so it must be accessed with ['maturityLow'].

[7m229[0m   return styles.maturityLow
[7m   [0m [91m                ~~~~~~~~~~~[0m

[96msrc/simulator/components/ResistanceMonitor/index.tsx[0m:[93m299[0m:[93m23[0m - [91merror[0m[90m TS4111: [0mProperty 'statusDotConnected' comes from an index signature, so it must be accessed with ['statusDotConnected'].

[7m299[0m         return styles.statusDotConnected
[7m   [0m [91m                      ~~~~~~~~~~~~~~~~~~[0m

[96msrc/simulator/components/ResistanceMonitor/index.tsx[0m:[93m302[0m:[93m23[0m - [91merror[0m[90m TS4111: [0mProperty 'statusDotConnecting' comes from an index signature, so it must be accessed with ['statusDotConnecting'].

[7m302[0m         return styles.statusDotConnecting
[7m   [0m [91m                      ~~~~~~~~~~~~~~~~~~~[0m

[96msrc/simulator/components/ResistanceMonitor/index.tsx[0m:[93m304[0m:[93m23[0m - [91merror[0m[90m TS4111: [0mProperty 'statusDotError' comes from an index signature, so it must be accessed with ['statusDotError'].

[7m304[0m         return styles.statusDotError
[7m   [0m [91m                      ~~~~~~~~~~~~~~[0m

[96msrc/simulator/components/ResistanceMonitor/index.tsx[0m:[93m312[0m:[93m23[0m - [91merror[0m[90m TS4111: [0mProperty 'statusDotIdle' comes from an index signature, so it must be accessed with ['statusDotIdle'].

[7m312[0m         return styles.statusDotIdle
[7m   [0m [91m                      ~~~~~~~~~~~~~[0m

[96msrc/simulator/components/ResistanceMonitor/index.tsx[0m:[93m328[0m:[93m28[0m - [91merror[0m[90m TS4111: [0mProperty 'statusBar' comes from an index signature, so it must be accessed with ['statusBar'].

[7m328[0m     <div className={styles.statusBar}>
[7m   [0m [91m                           ~~~~~~~~~[0m

[96msrc/simulator/components/ResistanceMonitor/index.tsx[0m:[93m329[0m:[93m31[0m - [91merror[0m[90m TS4111: [0mProperty 'statusLabel' comes from an index signature, so it must be accessed with ['statusLabel'].

[7m329[0m       <span className={styles.statusLabel}>
[7m   [0m [91m                              ~~~~~~~~~~~[0m

[96msrc/simulator/components/ResistanceMonitor/index.tsx[0m:[93m331[0m:[93m32[0m - [91merror[0m[90m TS4111: [0mProperty 'statusDot' comes from an index signature, so it must be accessed with ['statusDot'].

[7m331[0m           className={`${styles.statusDot} ${dotClass(connectionStatus)}`}
[7m   [0m [91m                               ~~~~~~~~~[0m

[96msrc/simulator/components/ResistanceMonitor/index.tsx[0m:[93m345[0m:[93m30[0m - [91merror[0m[90m TS4111: [0mProperty 'statusActions' comes from an index signature, so it must be accessed with ['statusActions'].

[7m345[0m       <div className={styles.statusActions}>
[7m   [0m [91m                             ~~~~~~~~~~~~~[0m

[96msrc/simulator/components/ResistanceMonitor/index.tsx[0m:[93m349[0m:[93m31[0m - [91merror[0m[90m TS4111: [0mProperty 'reconnectBtn' comes from an index signature, so it must be accessed with ['reconnectBtn'].

[7m349[0m             className={styles.reconnectBtn}
[7m   [0m [91m                              ~~~~~~~~~~~~[0m

[96msrc/simulator/components/ResistanceMonitor/index.tsx[0m:[93m371[0m:[93m30[0m - [91merror[0m[90m TS4111: [0mProperty 'crisisStrip' comes from an index signature, so it must be accessed with ['crisisStrip'].

[7m371[0m         className={`${styles.crisisStrip} ${crisisStripClass(level)}`}
[7m   [0m [91m                             ~~~~~~~~~~~[0m

[96msrc/simulator/components/ResistanceMonitor/index.tsx[0m:[93m382[0m:[93m28[0m - [91merror[0m[90m TS4111: [0mProperty 'emptyState' comes from an index signature, so it must be accessed with ['emptyState'].

[7m382[0m     <div className={styles.emptyState}>
[7m   [0m [91m                           ~~~~~~~~~~[0m

[96msrc/simulator/components/ResistanceMonitor/index.tsx[0m:[93m383[0m:[93m31[0m - [91merror[0m[90m TS4111: [0mProperty 'emptyIcon' comes from an index signature, so it must be accessed with ['emptyIcon'].

[7m383[0m       <span className={styles.emptyIcon} aria-hidden="true">
[7m   [0m [91m                              ~~~~~~~~~[0m

[96msrc/simulator/components/ResistanceMonitor/index.tsx[0m:[93m386[0m:[93m28[0m - [91merror[0m[90m TS4111: [0mProperty 'emptyText' comes from an index signature, so it must be accessed with ['emptyText'].

[7m386[0m       <p className={styles.emptyText}>
[7m   [0m [91m                           ~~~~~~~~~[0m

[96msrc/simulator/components/ResistanceMonitor/index.tsx[0m:[93m405[0m:[93m28[0m - [91merror[0m[90m TS4111: [0mProperty 'body' comes from an index signature, so it must be accessed with ['body'].

[7m405[0m     <div className={styles.body}>
[7m   [0m [91m                           ~~~~[0m

[96msrc/simulator/components/ResistanceMonitor/index.tsx[0m:[93m407[0m:[93m30[0m - [91merror[0m[90m TS4111: [0mProperty 'cell' comes from an index signature, so it must be accessed with ['cell'].

[7m407[0m       <div className={styles.cell}>
[7m   [0m [91m                             ~~~~[0m

[96msrc/simulator/components/ResistanceMonitor/index.tsx[0m:[93m408[0m:[93m33[0m - [91merror[0m[90m TS4111: [0mProperty 'cellLabel' comes from an index signature, so it must be accessed with ['cellLabel'].

[7m408[0m         <span className={styles.cellLabel}>Defense Mechanism</span>
[7m   [0m [91m                                ~~~~~~~~~[0m

[96msrc/simulator/components/ResistanceMonitor/index.tsx[0m:[93m409[0m:[93m33[0m - [91merror[0m[90m TS4111: [0mProperty 'cellValue' comes from an index signature, so it must be accessed with ['cellValue'].

[7m409[0m         <span className={styles.cellValue}>
[7m   [0m [91m                                ~~~~~~~~~[0m

[96msrc/simulator/components/ResistanceMonitor/index.tsx[0m:[93m412[0m:[93m33[0m - [91merror[0m[90m TS4111: [0mProperty 'cellSubValue' comes from an index signature, so it must be accessed with ['cellSubValue'].

[7m412[0m         <span className={styles.cellSubValue}>
[7m   [0m [91m                                ~~~~~~~~~~~~[0m

[96msrc/simulator/components/ResistanceMonitor/index.tsx[0m:[93m418[0m:[93m30[0m - [91merror[0m[90m TS4111: [0mProperty 'cell' comes from an index signature, so it must be accessed with ['cell'].

[7m418[0m       <div className={styles.cell}>
[7m   [0m [91m                             ~~~~[0m

[96msrc/simulator/components/ResistanceMonitor/index.tsx[0m:[93m419[0m:[93m33[0m - [91merror[0m[90m TS4111: [0mProperty 'cellLabel' comes from an index signature, so it must be accessed with ['cellLabel'].

[7m419[0m         <span className={styles.cellLabel}>Dominant Emotion</span>
[7m   [0m [91m                                ~~~~~~~~~[0m

[96msrc/simulator/components/ResistanceMonitor/index.tsx[0m:[93m421[0m:[93m29[0m - [91merror[0m[90m TS4111: [0mProperty 'cellValue' comes from an index signature, so it must be accessed with ['cellValue'].

[7m421[0m           className={styles.cellValue}
[7m   [0m [91m                            ~~~~~~~~~[0m

[96msrc/simulator/components/ResistanceMonitor/index.tsx[0m:[93m430[0m:[93m33[0m - [91merror[0m[90m TS4111: [0mProperty 'cellSubValue' comes from an index signature, so it must be accessed with ['cellSubValue'].

[7m430[0m         <span className={styles.cellSubValue}>
[7m   [0m [91m                                ~~~~~~~~~~~~[0m

[96msrc/simulator/components/ResistanceMonitor/index.tsx[0m:[93m441[0m:[93m28[0m - [91merror[0m[90m TS4111: [0mProperty 'maturityWrap' comes from an index signature, so it must be accessed with ['maturityWrap'].

[7m441[0m     <div className={styles.maturityWrap}>
[7m   [0m [91m                           ~~~~~~~~~~~~[0m

[96msrc/simulator/components/ResistanceMonitor/index.tsx[0m:[93m442[0m:[93m30[0m - [91merror[0m[90m TS4111: [0mProperty 'maturityHeader' comes from an index signature, so it must be accessed with ['maturityHeader'].

[7m442[0m       <div className={styles.maturityHeader}>
[7m   [0m [91m                             ~~~~~~~~~~~~~~[0m

[96msrc/simulator/components/ResistanceMonitor/index.tsx[0m:[93m443[0m:[93m33[0m - [91merror[0m[90m TS4111: [0mProperty 'cellLabel' comes from an index signature, so it must be accessed with ['cellLabel'].

[7m443[0m         <span className={styles.cellLabel}>Defense Maturity</span>
[7m   [0m [91m                                ~~~~~~~~~[0m

[96msrc/simulator/components/ResistanceMonitor/index.tsx[0m:[93m449[0m:[93m27[0m - [91merror[0m[90m TS4111: [0mProperty 'maturityBarTrack' comes from an index signature, so it must be accessed with ['maturityBarTrack'].

[7m449[0m         className={styles.maturityBarTrack}
[7m   [0m [91m                          ~~~~~~~~~~~~~~~~[0m

[96msrc/simulator/components/ResistanceMonitor/index.tsx[0m:[93m457[0m:[93m32[0m - [91merror[0m[90m TS4111: [0mProperty 'maturityBarFill' comes from an index signature, so it must be accessed with ['maturityBarFill'].

[7m457[0m           className={`${styles.maturityBarFill} ${
[7m   [0m [91m                               ~~~~~~~~~~~~~~~[0m

[96msrc/simulator/components/ResistanceMonitor/index.tsx[0m:[93m460[0m:[93m24[0m - [91merror[0m[90m TS4111: [0mProperty 'maturityLow' comes from an index signature, so it must be accessed with ['maturityLow'].

[7m460[0m               : styles.maturityLow
[7m   [0m [91m                       ~~~~~~~~~~~[0m

[96msrc/simulator/components/ResistanceMonitor/index.tsx[0m:[93m474[0m:[93m27[0m - [91merror[0m[90m TS4111: [0mProperty 'emotionGrid' comes from an index signature, so it must be accessed with ['emotionGrid'].

[7m474[0m         className={styles.emotionGrid}
[7m   [0m [91m                          ~~~~~~~~~~~[0m

[96msrc/simulator/components/ResistanceMonitor/index.tsx[0m:[93m487[0m:[93m33[0m - [91merror[0m[90m TS4111: [0mProperty 'emotionChip' comes from an index signature, so it must be accessed with ['emotionChip'].

[7m487[0m               className={styles.emotionChip}
[7m   [0m [91m                                ~~~~~~~~~~~[0m

[96msrc/simulator/components/ResistanceMonitor/index.tsx[0m:[93m491[0m:[93m38[0m - [91merror[0m[90m TS4111: [0mProperty 'emotionBar' comes from an index signature, so it must be accessed with ['emotionBar'].

[7m491[0m               <div className={styles.emotionBar}>
[7m   [0m [91m                                     ~~~~~~~~~~[0m

[96msrc/simulator/components/ResistanceMonitor/index.tsx[0m:[93m493[0m:[93m37[0m - [91merror[0m[90m TS4111: [0mProperty 'emotionBarFill' comes from an index signature, so it must be accessed with ['emotionBarFill'].

[7m493[0m                   className={styles.emotionBarFill}
[7m   [0m [91m                                    ~~~~~~~~~~~~~~[0m

[96msrc/simulator/components/ResistanceMonitor/index.tsx[0m:[93m501[0m:[93m39[0m - [91merror[0m[90m TS4111: [0mProperty 'emotionName' comes from an index signature, so it must be accessed with ['emotionName'].

[7m501[0m               <span className={styles.emotionName}>{emotion}</span>
[7m   [0m [91m                                      ~~~~~~~~~~~[0m

[96msrc/simulator/components/ResistanceMonitor/index.tsx[0m:[93m502[0m:[93m39[0m - [91merror[0m[90m TS4111: [0mProperty 'emotionScore' comes from an index signature, so it must be accessed with ['emotionScore'].

[7m502[0m               <span className={styles.emotionScore}>{pct}%</span>
[7m   [0m [91m                                      ~~~~~~~~~~~~[0m

[96msrc/simulator/components/ResistanceMonitor/index.tsx[0m:[93m513[0m:[93m30[0m - [91merror[0m[90m TS4111: [0mProperty 'predictionWrap' comes from an index signature, so it must be accessed with ['predictionWrap'].

[7m513[0m       <div className={styles.predictionWrap}>
[7m   [0m [91m                             ~~~~~~~~~~~~~~[0m

[96msrc/simulator/components/ResistanceMonitor/index.tsx[0m:[93m514[0m:[93m33[0m - [91merror[0m[90m TS4111: [0mProperty 'cellLabel' comes from an index signature, so it must be accessed with ['cellLabel'].

[7m514[0m         <span className={styles.cellLabel}>Behavioral Prediction</span>
[7m   [0m [91m                                ~~~~~~~~~[0m

[96msrc/simulator/components/ResistanceMonitor/index.tsx[0m:[93m516[0m:[93m32[0m - [91merror[0m[90m TS4111: [0mProperty 'predictionText' comes from an index signature, so it must be accessed with ['predictionText'].

[7m516[0m           className={`${styles.predictionText} ${
[7m   [0m [91m                               ~~~~~~~~~~~~~~[0m

[96msrc/simulator/components/ResistanceMonitor/index.tsx[0m:[93m517[0m:[93m30[0m - [91merror[0m[90m TS4111: [0mProperty 'predictionTextAcute' comes from an index signature, so it must be accessed with ['predictionTextAcute'].

[7m517[0m             isAcute ? styles.predictionTextAcute : ''
[7m   [0m [91m                             ~~~~~~~~~~~~~~~~~~~[0m

[96msrc/simulator/components/ResistanceMonitor/index.tsx[0m:[93m531[0m:[93m30[0m - [91merror[0m[90m TS4111: [0mProperty 'breakthroughWrap' comes from an index signature, so it must be accessed with ['breakthroughWrap'].

[7m531[0m       <div className={styles.breakthroughWrap}>
[7m   [0m [91m                             ~~~~~~~~~~~~~~~~[0m

[96msrc/simulator/components/ResistanceMonitor/index.tsx[0m:[93m532[0m:[93m33[0m - [91merror[0m[90m TS4111: [0mProperty 'breakthroughLabel' comes from an index signature, so it must be accessed with ['breakthroughLabel'].

[7m532[0m         <span className={styles.breakthroughLabel}>Breakthrough</span>
[7m   [0m [91m                                ~~~~~~~~~~~~~~~~~[0m

[96msrc/simulator/components/ResistanceMonitor/index.tsx[0m:[93m534[0m:[93m32[0m - [91merror[0m[90m TS4111: [0mProperty 'breakthroughBarTrack' comes from an index signature, so it must be accessed with ['breakthroughBarTrack'].

[7m534[0m           className={`${styles.breakthroughBarTrack} ${
[7m   [0m [91m                               ~~~~~~~~~~~~~~~~~~~~[0m

[96msrc/simulator/components/ResistanceMonitor/index.tsx[0m:[93m535[0m:[93m34[0m - [91merror[0m[90m TS4111: [0mProperty 'breakthroughHigh' comes from an index signature, so it must be accessed with ['breakthroughHigh'].

[7m535[0m             score > 0.7 ? styles.breakthroughHigh : ''
[7m   [0m [91m                                 ~~~~~~~~~~~~~~~~[0m

[96msrc/simulator/components/ResistanceMonitor/index.tsx[0m:[93m544[0m:[93m34[0m - [91merror[0m[90m TS4111: [0mProperty 'breakthroughBarFill' comes from an index signature, so it must be accessed with ['breakthroughBarFill'].

[7m544[0m             className={`${styles.breakthroughBarFill} ${
[7m   [0m [91m                                 ~~~~~~~~~~~~~~~~~~~[0m

[96msrc/simulator/components/ResistanceMonitor/index.tsx[0m:[93m545[0m:[93m36[0m - [91merror[0m[90m TS4111: [0mProperty 'breakthroughHigh' comes from an index signature, so it must be accessed with ['breakthroughHigh'].

[7m545[0m               score > 0.7 ? styles.breakthroughHigh : ''
[7m   [0m [91m                                   ~~~~~~~~~~~~~~~~[0m

[96msrc/simulator/components/ResistanceMonitor/index.tsx[0m:[93m550[0m:[93m33[0m - [91merror[0m[90m TS4111: [0mProperty 'breakthroughScore' comes from an index signature, so it must be accessed with ['breakthroughScore'].

[7m550[0m         <span className={styles.breakthroughScore}>{pct}%</span>
[7m   [0m [91m                                ~~~~~~~~~~~~~~~~~[0m

[96msrc/simulator/components/ResistanceMonitor/index.tsx[0m:[93m560[0m:[93m30[0m - [91merror[0m[90m TS4111: [0mProperty 'panel' comes from an index signature, so it must be accessed with ['panel'].

[7m560[0m   const panelClass = [styles.panel, isAcute ? styles.panelAcute : '', className]
[7m   [0m [91m                             ~~~~~[0m

[96msrc/simulator/components/ResistanceMonitor/index.tsx[0m:[93m560[0m:[93m54[0m - [91merror[0m[90m TS4111: [0mProperty 'panelAcute' comes from an index signature, so it must be accessed with ['panelAcute'].

[7m560[0m   const panelClass = [styles.panel, isAcute ? styles.panelAcute : '', className]
[7m   [0m [91m                                                     ~~~~~~~~~~[0m

[96msrc/simulator/components/SimulationContainer.tsx[0m:[93m110[0m:[93m13[0m - [91merror[0m[90m TS2322: [0mType 'RealTimeFeedback | undefined' is not assignable to type 'RealTimeFeedback'.
  Type 'undefined' is not assignable to type 'RealTimeFeedback'.

[7m110[0m       const latestFeedback: RealTimeFeedback = realtimeFeedback[0]
[7m   [0m [91m            ~~~~~~~~~~~~~~[0m

[96msrc/simulator/components/VideoDisplay.tsx[0m:[93m47[0m:[93m24[0m - [91merror[0m[90m TS4111: [0mProperty 'type' comes from an index signature, so it must be accessed with ['type'].

[7m47[0m   const rawType = data.type
[7m  [0m [91m                       ~~~~[0m

[96msrc/simulator/components/VideoDisplay.tsx[0m:[93m48[0m:[93m23[0m - [91merror[0m[90m TS4111: [0mProperty 'sdp' comes from an index signature, so it must be accessed with ['sdp'].

[7m48[0m   const rawSdp = data.sdp
[7m  [0m [91m                      ~~~[0m

[96msrc/simulator/components/VideoDisplay.tsx[0m:[93m66[0m:[93m29[0m - [91merror[0m[90m TS4111: [0mProperty 'candidate' comes from an index signature, so it must be accessed with ['candidate'].

[7m66[0m   const rawCandidate = data.candidate
[7m  [0m [91m                            ~~~~~~~~~[0m

[96msrc/simulator/components/VideoDisplay.tsx[0m:[93m71[0m:[93m26[0m - [91merror[0m[90m TS4111: [0mProperty 'sdpMid' comes from an index signature, so it must be accessed with ['sdpMid'].

[7m71[0m   const rawSdpMid = data.sdpMid
[7m  [0m [91m                         ~~~~~~[0m

[96msrc/simulator/components/VideoDisplay.tsx[0m:[93m72[0m:[93m33[0m - [91merror[0m[90m TS4111: [0mProperty 'sdpMLineIndex' comes from an index signature, so it must be accessed with ['sdpMLineIndex'].

[7m72[0m   const rawSdpMLineIndex = data.sdpMLineIndex
[7m  [0m [91m                                ~~~~~~~~~~~~~[0m

[96msrc/simulator/components/VideoDisplay.tsx[0m:[93m73[0m:[93m36[0m - [91merror[0m[90m TS4111: [0mProperty 'usernameFragment' comes from an index signature, so it must be accessed with ['usernameFragment'].

[7m73[0m   const rawUsernameFragment = data.usernameFragment
[7m  [0m [91m                                   ~~~~~~~~~~~~~~~~[0m

[96msrc/simulator/components/VideoDisplay.tsx[0m:[93m109[0m:[93m19[0m - [91merror[0m[90m TS4111: [0mProperty 'TURN_SERVER_URL' comes from an index signature, so it must be accessed with ['TURN_SERVER_URL'].

[7m109[0m       process.env.TURN_SERVER_URL ?? 'turn:turn.pixelatedempathy.com:3478',
[7m   [0m [91m                  ~~~~~~~~~~~~~~~[0m

[96msrc/simulator/components/VideoDisplay.tsx[0m:[93m112[0m:[93m27[0m - [91merror[0m[90m TS4111: [0mProperty 'TURN_SERVER_USERNAME' comes from an index signature, so it must be accessed with ['TURN_SERVER_USERNAME'].

[7m112[0m     username: process.env.TURN_SERVER_USERNAME,
[7m   [0m [91m                          ~~~~~~~~~~~~~~~~~~~~[0m

[96msrc/simulator/components/VideoDisplay.tsx[0m:[93m113[0m:[93m29[0m - [91merror[0m[90m TS4111: [0mProperty 'TURN_SERVER_PASSWORD' comes from an index signature, so it must be accessed with ['TURN_SERVER_PASSWORD'].

[7m113[0m     credential: process.env.TURN_SERVER_PASSWORD,
[7m   [0m [91m                            ~~~~~~~~~~~~~~~~~~~~[0m

[96msrc/simulator/context/__tests__/SimulatorContext.test.tsx[0m:[93m23[0m:[93m3[0m - [91merror[0m[90m TS4114: [0mThis member must have an 'override' modifier because it overrides a member in the base class 'Component<{ children: ReactNode; onError: (error: Error) => void; }, {}, any>'.

[7m23[0m   state = { hasError: false }
[7m  [0m [91m  ~~~~~[0m

[96msrc/simulator/context/__tests__/SimulatorContext.test.tsx[0m:[93m29[0m:[93m3[0m - [91merror[0m[90m TS4114: [0mThis member must have an 'override' modifier because it overrides a member in the base class 'Component<{ children: ReactNode; onError: (error: Error) => void; }, {}, any>'.

[7m29[0m   componentDidCatch(error: Error) {
[7m  [0m [91m  ~~~~~~~~~~~~~~~~~[0m

[96msrc/simulator/context/__tests__/SimulatorContext.test.tsx[0m:[93m33[0m:[93m9[0m - [91merror[0m[90m TS4114: [0mThis member must have an 'override' modifier because it overrides a member in the base class 'Component<{ children: ReactNode; onError: (error: Error) => void; }, {}, any>'.

[7m33[0m   async render() {
[7m  [0m [91m        ~~~~~~[0m

[96msrc/simulator/context/__tests__/SimulatorContext.test.tsx[0m:[93m60[0m:[93m27[0m - [91merror[0m[90m TS2339: [0mProperty 'message' does not exist on type 'never'.

[7m60[0m     expect(capturedError?.message).toBe(
[7m  [0m [91m                          ~~~~~~~[0m

[96msrc/simulator/hooks/useAnonymizedMetrics.ts[0m:[93m41[0m:[93m20[0m - [91merror[0m[90m TS4111: [0mProperty 'sessionCount' comes from an index signature, so it must be accessed with ['sessionCount'].

[7m41[0m     typeof metrics.sessionCount === 'number' &&
[7m  [0m [91m                   ~~~~~~~~~~~~[0m

[96msrc/simulator/hooks/useAnonymizedMetrics.ts[0m:[93m42[0m:[93m20[0m - [91merror[0m[90m TS4111: [0mProperty 'averageScore' comes from an index signature, so it must be accessed with ['averageScore'].

[7m42[0m     typeof metrics.averageScore === 'number' &&
[7m  [0m [91m                   ~~~~~~~~~~~~[0m

[96msrc/simulator/hooks/useAnonymizedMetrics.ts[0m:[93m43[0m:[93m27[0m - [91merror[0m[90m TS4111: [0mProperty 'skillsImproving' comes from an index signature, so it must be accessed with ['skillsImproving'].

[7m43[0m     isStringArray(metrics.skillsImproving) &&
[7m  [0m [91m                          ~~~~~~~~~~~~~~~[0m

[96msrc/simulator/hooks/useAnonymizedMetrics.ts[0m:[93m44[0m:[93m27[0m - [91merror[0m[90m TS4111: [0mProperty 'skillsNeeding' comes from an index signature, so it must be accessed with ['skillsNeeding'].

[7m44[0m     isStringArray(metrics.skillsNeeding) &&
[7m  [0m [91m                          ~~~~~~~~~~~~~[0m

[96msrc/simulator/hooks/useAnonymizedMetrics.ts[0m:[93m45[0m:[93m14[0m - [91merror[0m[90m TS4111: [0mProperty 'lastSessionDate' comes from an index signature, so it must be accessed with ['lastSessionDate'].

[7m45[0m     (metrics.lastSessionDate === null ||
[7m  [0m [91m             ~~~~~~~~~~~~~~~[0m

[96msrc/simulator/hooks/useAnonymizedMetrics.ts[0m:[93m46[0m:[93m22[0m - [91merror[0m[90m TS4111: [0mProperty 'lastSessionDate' comes from an index signature, so it must be accessed with ['lastSessionDate'].

[7m46[0m       typeof metrics.lastSessionDate === 'number')
[7m  [0m [91m                     ~~~~~~~~~~~~~~~[0m

[96msrc/simulator/hooks/useEmotionDetection.ts[0m:[93m33[0m:[93m37[0m - [91merror[0m[90m TS4111: [0mProperty 'EMOTION_LLAMA_API_URL' comes from an index signature, so it must be accessed with ['EMOTION_LLAMA_API_URL'].

[7m33[0m         const baseUrl = process.env.EMOTION_LLAMA_API_URL
[7m  [0m [91m                                    ~~~~~~~~~~~~~~~~~~~~~[0m

[96msrc/simulator/hooks/useEmotionDetection.ts[0m:[93m34[0m:[93m36[0m - [91merror[0m[90m TS4111: [0mProperty 'EMOTION_LLAMA_API_KEY' comes from an index signature, so it must be accessed with ['EMOTION_LLAMA_API_KEY'].

[7m34[0m         const apiKey = process.env.EMOTION_LLAMA_API_KEY
[7m  [0m [91m                                   ~~~~~~~~~~~~~~~~~~~~~[0m

[96msrc/simulator/hooks/useSimulator.ts[0m:[93m268[0m:[93m33[0m - [91merror[0m[90m TS2532: [0mObject is possibly 'undefined'.

[7m268[0m       return `Great job using ${techniques[0].replace(/_/g, ' ')}! This is particularly effective for this client's ${scenario.domain} concerns. Your approach demonstrates attunement to the client's needs.`
[7m   [0m [91m                                ~~~~~~~~~~~~~[0m

[96msrc/simulator/hooks/useSimulator.ts[0m:[93m271[0m:[93m54[0m - [91merror[0m[90m TS2532: [0mObject is possibly 'undefined'.

[7m271[0m       return `Your response shows good effort with ${techniques[0].replace(
[7m   [0m [91m                                                     ~~~~~~~~~~~~~[0m

[96msrc/simulator/hooks/useSimulator.ts[0m:[93m282[0m:[93m48[0m - [91merror[0m[90m TS2532: [0mObject is possibly 'undefined'.

[7m282[0m       return `You're on the right track with ${techniques[0].replace(
[7m   [0m [91m                                               ~~~~~~~~~~~~~[0m

[96msrc/simulator/hooks/useSimulator.ts[0m:[93m292[0m:[93m43[0m - [91merror[0m[90m TS2532: [0mObject is possibly 'undefined'.

[7m292[0m       return `While your approach using ${techniques[0].replace(
[7m   [0m [91m                                          ~~~~~~~~~~~~~[0m

[96msrc/simulator/hooks/useSimulator.ts[0m:[93m335[0m:[93m13[0m - [91merror[0m[90m TS2322: [0mType 'TherapeuticTechnique | undefined' is not assignable to type 'TherapeuticTechnique'.
  Type 'undefined' is not assignable to type 'TherapeuticTechnique'.

[7m335[0m     return [otherTechniques[Math.floor(Math.random() * otherTechniques.length)]]
[7m   [0m [91m            ~~~~~~~~~~~~~~~~~~~~~~~~~~~~~~~~~~~~~~~~~~~~~~~~~~~~~~~~~~~~~~~~~~~[0m

[96msrc/simulator/hooks/useSimulator.ts[0m:[93m340[0m:[93m5[0m - [91merror[0m[90m TS2322: [0mType 'TherapeuticTechnique | undefined' is not assignable to type 'TherapeuticTechnique'.
  Type 'undefined' is not assignable to type 'TherapeuticTechnique'.

[7m340[0m     unusedRecommendedTechniques[
[7m   [0m [91m    ~~~~~~~~~~~~~~~~~~~~~~~~~~~~[0m
[7m341[0m       Math.floor(Math.random() * unusedRecommendedTechniques.length)
[7m   [0m [91m~~~~~~~~~~~~~~~~~~~~~~~~~~~~~~~~~~~~~~~~~~~~~~~~~~~~~~~~~~~~~~~~~~~~[0m
[7m342[0m     ],
[7m   [0m [91m~~~~~[0m

[96msrc/simulator/hooks/useSpeechRecognition.ts[0m:[93m21[0m:[93m30[0m - [91merror[0m[90m TS6133: [0m'setDetectedTechniques' is declared but its value is never read.

[7m21[0m   const [detectedTechniques, setDetectedTechniques] = useState<string[]>([])
[7m  [0m [91m                             ~~~~~~~~~~~~~~~~~~~~~[0m

[96msrc/simulator/index.tsx[0m:[93m3[0m:[93m1[0m - [91merror[0m[90m TS6133: [0m'useAnonymizedMetrics' is declared but its value is never read.

[7m3[0m import { useAnonymizedMetrics } from './hooks'
[7m [0m [91m~~~~~~~~~~~~~~~~~~~~~~~~~~~~~~~~~~~~~~~~~~~~~~[0m

[96msrc/simulator/services/FeedbackService.ts[0m:[93m38[0m:[93m13[0m - [91merror[0m[90m TS4111: [0mProperty 'type' comes from an index signature, so it must be accessed with ['type'].

[7m38[0m   if (value.type !== 'audioData') {
[7m  [0m [91m            ~~~~[0m

[96msrc/simulator/services/FeedbackService.ts[0m:[93m43[0m:[93m11[0m - [91merror[0m[90m TS4111: [0mProperty 'data' comes from an index signature, so it must be accessed with ['data'].

[7m43[0m     value.data instanceof Float32Array &&
[7m  [0m [91m          ~~~~[0m

[96msrc/simulator/services/FeedbackService.ts[0m:[93m44[0m:[93m20[0m - [91merror[0m[90m TS4111: [0mProperty 'metadata' comes from an index signature, so it must be accessed with ['metadata'].

[7m44[0m     isRecord(value.metadata) &&
[7m  [0m [91m                   ~~~~~~~~[0m

[96msrc/simulator/services/FeedbackService.ts[0m:[93m45[0m:[93m18[0m - [91merror[0m[90m TS4111: [0mProperty 'metadata' comes from an index signature, so it must be accessed with ['metadata'].

[7m45[0m     typeof value.metadata.timestamp === 'number'
[7m  [0m [91m                 ~~~~~~~~[0m

[96msrc/simulator/services/FeedbackService.ts[0m:[93m45[0m:[93m27[0m - [91merror[0m[90m TS4111: [0mProperty 'timestamp' comes from an index signature, so it must be accessed with ['timestamp'].

[7m45[0m     typeof value.metadata.timestamp === 'number'
[7m  [0m [91m                          ~~~~~~~~~[0m

[96msrc/simulator/services/FeedbackService.ts[0m:[93m392[0m:[93m20[0m - [91merror[0m[90m TS18048: [0m'firstChoice' is possibly 'undefined'.

[7m392[0m         if (typeof firstChoice.message.content === 'string') {
[7m   [0m [91m                   ~~~~~~~~~~~[0m

[96msrc/simulator/services/FeedbackService.ts[0m:[93m393[0m:[93m36[0m - [91merror[0m[90m TS18048: [0m'firstChoice' is possibly 'undefined'.

[7m393[0m           therapeuticSuggestions = firstChoice.message.content
[7m   [0m [91m                                   ~~~~~~~~~~~[0m

[96msrc/simulator/services/FeedbackService.ts[0m:[93m531[0m:[93m12[0m - [91merror[0m[90m TS18048: [0m'current' is possibly 'undefined'.

[7m531[0m       if ((current >= 0 && previous < 0) || (current < 0 && previous >= 0)) {
[7m   [0m [91m           ~~~~~~~[0m

[96msrc/simulator/services/FeedbackService.ts[0m:[93m531[0m:[93m28[0m - [91merror[0m[90m TS18048: [0m'previous' is possibly 'undefined'.

[7m531[0m       if ((current >= 0 && previous < 0) || (current < 0 && previous >= 0)) {
[7m   [0m [91m                           ~~~~~~~~[0m

[96msrc/simulator/services/FeedbackService.ts[0m:[93m531[0m:[93m46[0m - [91merror[0m[90m TS18048: [0m'current' is possibly 'undefined'.

[7m531[0m       if ((current >= 0 && previous < 0) || (current < 0 && previous >= 0)) {
[7m   [0m [91m                                             ~~~~~~~[0m

[96msrc/simulator/services/FeedbackService.ts[0m:[93m531[0m:[93m61[0m - [91merror[0m[90m TS18048: [0m'previous' is possibly 'undefined'.

[7m531[0m       if ((current >= 0 && previous < 0) || (current < 0 && previous >= 0)) {
[7m   [0m [91m                                                            ~~~~~~~~[0m

[96msrc/simulator/services/FeedbackService.ts[0m:[93m714[0m:[93m22[0m - [91merror[0m[90m TS2532: [0mObject is possibly 'undefined'.

[7m714[0m     const baseTime = recentTrends[0].timestamp
[7m   [0m [91m                     ~~~~~~~~~~~~~~~[0m

[96msrc/simulator/services/FeedbackService.ts[0m:[93m739[0m:[93m36[0m - [91merror[0m[90m TS18048: [0m'current' is possibly 'undefined'.

[7m739[0m       energyVolatility += Math.abs(current.energy - previous.energy)
[7m   [0m [91m                                   ~~~~~~~[0m

[96msrc/simulator/services/FeedbackService.ts[0m:[93m739[0m:[93m53[0m - [91merror[0m[90m TS18048: [0m'previous' is possibly 'undefined'.

[7m739[0m       energyVolatility += Math.abs(current.energy - previous.energy)
[7m   [0m [91m                                                    ~~~~~~~~[0m

[96msrc/simulator/services/FeedbackService.ts[0m:[93m822[0m:[93m64[0m - [91merror[0m[90m TS18048: [0m'maxValue' is possibly 'undefined'.

[7m822[0m         if (typeof currentValue === 'number' && currentValue > maxValue) {
[7m   [0m [91m                                                               ~~~~~~~~[0m

[96msrc/simulator/services/FeedbackService.ts[0m:[93m829[0m:[93m11[0m - [91merror[0m[90m TS18048: [0m'maxValue' is possibly 'undefined'.

[7m829[0m       if (maxValue < 0.4) {
[7m   [0m [91m          ~~~~~~~~[0m

[96msrc/simulator/services/WebRTCService.ts[0m:[93m8[0m:[93m11[0m - [91merror[0m[90m TS6133: [0m'sessionId' is declared but its value is never read.

[7m8[0m   private sessionId: string = ''
[7m [0m [91m          ~~~~~~~~~[0m

[96msrc/simulator/services/WebRTCService.ts[0m:[93m9[0m:[93m11[0m - [91merror[0m[90m TS6133: [0m'userId' is declared but its value is never read.

[7m9[0m   private userId: string = ''
[7m [0m [91m          ~~~~~~[0m

[96msrc/simulator/services/WebRTCService.ts[0m:[93m23[0m:[93m11[0m - [91merror[0m[90m TS6133: [0m'lastIceCandidate' is declared but its value is never read.

[7m23[0m   private lastIceCandidate: RTCIceCandidate | null = null
[7m  [0m [91m          ~~~~~~~~~~~~~~~~[0m

[96msrc/simulator/services/WebRTCService.ts[0m:[93m96[0m:[93m7[0m - [91merror[0m[90m TS18048: [0m'audioTrack' is possibly 'undefined'.

[7m96[0m       audioTrack
[7m  [0m [91m      ~~~~~~~~~~[0m

[96msrc/simulator/services/WebRTCService.ts[0m:[93m172[0m:[93m7[0m - [91merror[0m[90m TS18048: [0m'processedAudioTrack' is possibly 'undefined'.

[7m172[0m       processedAudioTrack
[7m   [0m [91m      ~~~~~~~~~~~~~~~~~~~[0m

[96msrc/simulator/services/WebRTCService.ts[0m:[93m183[0m:[93m7[0m - [91merror[0m[90m TS18048: [0m'audioTrack' is possibly 'undefined'.

[7m183[0m       audioTrack.stop()
[7m   [0m [91m      ~~~~~~~~~~[0m

[96msrc/simulator/services/WebRTCService.ts[0m:[93m186[0m:[93m26[0m - [91merror[0m[90m TS2345: [0mArgument of type 'MediaStreamTrack | undefined' is not assignable to parameter of type 'MediaStreamTrack'.
  Type 'undefined' is not assignable to type 'MediaStreamTrack'.

[7m186[0m       stream.removeTrack(audioTrack)
[7m   [0m [91m                         ~~~~~~~~~~[0m

[96msrc/simulator/services/WebRTCService.ts[0m:[93m189[0m:[93m23[0m - [91merror[0m[90m TS2345: [0mArgument of type 'MediaStreamTrack | undefined' is not assignable to parameter of type 'MediaStreamTrack'.
  Type 'undefined' is not assignable to type 'MediaStreamTrack'.

[7m189[0m       stream.addTrack(processedAudioTrack)
[7m   [0m [91m                      ~~~~~~~~~~~~~~~~~~~[0m

[96msrc/simulator/services/WebRTCService.ts[0m:[93m220[0m:[93m16[0m - [91merror[0m[90m TS2532: [0mObject is possibly 'undefined'.

[7m220[0m         sum += dataArray[i]
[7m   [0m [91m               ~~~~~~~~~~~~[0m

[96msrc/simulator/services/WebRTCService.ts[0m:[93m316[0m:[93m9[0m - [91merror[0m[90m TS2532: [0mObject is possibly 'undefined'.

[7m316[0m         event.streams[0].getTracks().forEach((track) => {
[7m   [0m [91m        ~~~~~~~~~~~~~~~~[0m

[96msrc/simulator/services/WebRTCService.ts[0m:[93m471[0m:[93m17[0m - [91merror[0m[90m TS6133: [0m'handleReceivedIceCandidate' is declared but its value is never read.

[7m471[0m   private async handleReceivedIceCandidate(
[7m   [0m [91m                ~~~~~~~~~~~~~~~~~~~~~~~~~~[0m

[96msrc/simulator/utils/__tests__/scenarios.test.ts[0m:[93m28[0m:[93m33[0m - [91merror[0m[90m TS18048: [0m'intermediateScenario' is possibly 'undefined'.

[7m28[0m         .filter((s) => s.id !== intermediateScenario.id)
[7m  [0m [91m                                ~~~~~~~~~~~~~~~~~~~~[0m

[96msrc/simulator/utils/privacy.test.ts[0m:[93m23[0m:[93m33[0m - [91merror[0m[90m TS2345: [0mArgument of type 'string | undefined' is not assignable to parameter of type 'string'.
  Type 'undefined' is not assignable to type 'string'.

[7m23[0m       expect(/^[0-9a-z]+$/.test(parts[1])).toBe(true)
[7m  [0m [91m                                ~~~~~~~~[0m

[96msrc/simulator/utils/privacy.test.ts[0m:[93m24[0m:[93m33[0m - [91merror[0m[90m TS2345: [0mArgument of type 'string | undefined' is not assignable to parameter of type 'string'.
  Type 'undefined' is not assignable to type 'string'.

[7m24[0m       expect(/^[0-9a-z]+$/.test(parts[2])).toBe(true)
[7m  [0m [91m                                ~~~~~~~~[0m

[96msrc/simulator/utils/scenarios.ts[0m:[93m214[0m:[93m7[0m - [91merror[0m[90m TS2322: [0mType 'Scenario | undefined' is not assignable to type 'Scenario | null'.
  Type 'undefined' is not assignable to type 'Scenario | null'.

[7m214[0m     ? matchingDifficulty[Math.floor(Math.random() * matchingDifficulty.length)]
[7m   [0m [91m      ~~~~~~~~~~~~~~~~~~~~~~~~~~~~~~~~~~~~~~~~~~~~~~~~~~~~~~~~~~~~~~~~~~~~~~~~~[0m

[96msrc/simulator/utils/scenarios.ts[0m:[93m215[0m:[93m7[0m - [91merror[0m[90m TS2322: [0mType 'Scenario | undefined' is not assignable to type 'Scenario | null'.
  Type 'undefined' is not assignable to type 'Scenario | null'.

[7m215[0m     : availableScenarios[Math.floor(Math.random() * availableScenarios.length)]
[7m   [0m [91m      ~~~~~~~~~~~~~~~~~~~~~~~~~~~~~~~~~~~~~~~~~~~~~~~~~~~~~~~~~~~~~~~~~~~~~~~~~[0m

[96msrc/simulator/utils/speechRecognition.ts[0m:[93m391[0m:[93m68[0m - [91merror[0m[90m TS4111: [0mProperty 'general' comes from an index signature, so it must be accessed with ['general'].

[7m391[0m     const domainPrompts = generalPrompts[domain] ?? generalPrompts.general
[7m   [0m [91m                                                                   ~~~~~~~[0m

[96msrc/test/hipaa-compliance.test.ts[0m:[93m13[0m:[93m32[0m - [91merror[0m[90m TS6133: [0m'beforeEach' is declared but its value is never read.

[7m13[0m import { describe, it, expect, beforeEach, vi } from 'vitest'
[7m  [0m [91m                               ~~~~~~~~~~[0m

[96msrc/test/hipaa-compliance.test.ts[0m:[93m13[0m:[93m44[0m - [91merror[0m[90m TS6133: [0m'vi' is declared but its value is never read.

[7m13[0m import { describe, it, expect, beforeEach, vi } from 'vitest'
[7m  [0m [91m                                           ~~[0m

[96msrc/test/hipaa-compliance.test.ts[0m:[93m95[0m:[93m54[0m - [91merror[0m[90m TS4111: [0mProperty 'record_count' comes from an index signature, so it must be accessed with ['record_count'].

[7m95[0m     expect((event.details as Record<string, number>).record_count).toBe(50)
[7m  [0m [91m                                                     ~~~~~~~~~~~~[0m

[96msrc/test/hipaa-compliance.test.ts[0m:[93m347[0m:[93m7[0m - [91merror[0m[90m TS2353: [0mObject literal may only specify known properties, and 'activity_log' does not exist in type 'Session'.

[7m347[0m       activity_log: [
[7m   [0m [91m      ~~~~~~~~~~~~[0m

[96msrc/test/hipaa-compliance.test.ts[0m:[93m353[0m:[93m20[0m - [91merror[0m[90m TS2339: [0mProperty 'activity_log' does not exist on type 'Session'.

[7m353[0m     expect(session.activity_log.length).toBeGreaterThan(0)
[7m   [0m [91m                   ~~~~~~~~~~~~[0m

[96msrc/test/react-compat.ts[0m:[93m3[0m:[93m26[0m - [91merror[0m[90m TS7016: [0mCould not find a declaration file for module '../../node_modules/react/index.js'. '/home/vivi/pixelated/node_modules/react/index.js' implicitly has an 'any' type.

[7m3[0m import * as ReactNS from '../../node_modules/react/index.js'
[7m [0m [91m                         ~~~~~~~~~~~~~~~~~~~~~~~~~~~~~~~~~~~[0m

[96msrc/test/react-compat.ts[0m:[93m26[0m:[93m27[0m - [91merror[0m[90m TS4111: [0mProperty 'act' comes from an index signature, so it must be accessed with ['act'].

[7m26[0m if (typeof reactNamespace.act !== 'function') {
[7m  [0m [91m                          ~~~[0m

[96msrc/test/react-compat.ts[0m:[93m37[0m:[93m15[0m - [91merror[0m[90m TS7016: [0mCould not find a declaration file for module '../../node_modules/react/index.js'. '/home/vivi/pixelated/node_modules/react/index.js' implicitly has an 'any' type.

[7m37[0m export * from '../../node_modules/react/index.js'
[7m  [0m [91m              ~~~~~~~~~~~~~~~~~~~~~~~~~~~~~~~~~~~[0m

[96msrc/test/security.test.ts[0m:[93m14[0m:[93m32[0m - [91merror[0m[90m TS6133: [0m'beforeEach' is declared but its value is never read.

[7m14[0m import { describe, it, expect, beforeEach, vi } from 'vitest'
[7m  [0m [91m                               ~~~~~~~~~~[0m

[96msrc/test/security.test.ts[0m:[93m14[0m:[93m44[0m - [91merror[0m[90m TS6133: [0m'vi' is declared but its value is never read.

[7m14[0m import { describe, it, expect, beforeEach, vi } from 'vitest'
[7m  [0m [91m                                           ~~[0m

[96msrc/test/security.test.ts[0m:[93m85[0m:[93m29[0m - [91merror[0m[90m TS4111: [0mProperty 'alg' comes from an index signature, so it must be accessed with ['alg'].

[7m85[0m     expect(mockToken.header.alg).toBe('HS256')
[7m  [0m [91m                            ~~~[0m

[96msrc/test/security.test.ts[0m:[93m86[0m:[93m29[0m - [91merror[0m[90m TS4111: [0mProperty 'typ' comes from an index signature, so it must be accessed with ['typ'].

[7m86[0m     expect(mockToken.header.typ).toBe('JWT')
[7m  [0m [91m                            ~~~[0m

[96msrc/test/security.test.ts[0m:[93m87[0m:[93m30[0m - [91merror[0m[90m TS4111: [0mProperty 'sub' comes from an index signature, so it must be accessed with ['sub'].

[7m87[0m     expect(mockToken.payload.sub).toBeDefined()
[7m  [0m [91m                             ~~~[0m

[96msrc/test/setup-node.ts[0m:[93m4[0m:[93m13[0m - [91merror[0m[90m TS4111: [0mProperty 'JWT_SECRET' comes from an index signature, so it must be accessed with ['JWT_SECRET'].

[7m4[0m process.env.JWT_SECRET ??= 'test-jwt-secret'
[7m [0m [91m            ~~~~~~~~~~[0m

[96msrc/test/setup-react19.ts[0m:[93m57[0m:[93m15[0m - [91merror[0m[90m TS4111: [0mProperty 'act' comes from an index signature, so it must be accessed with ['act'].

[7m57[0m if (!reactCjs.act || typeof reactCjs.act !== 'function') {
[7m  [0m [91m              ~~~[0m

[96msrc/test/setup-react19.ts[0m:[93m57[0m:[93m38[0m - [91merror[0m[90m TS4111: [0mProperty 'act' comes from an index signature, so it must be accessed with ['act'].

[7m57[0m if (!reactCjs.act || typeof reactCjs.act !== 'function') {
[7m  [0m [91m                                     ~~~[0m

[96msrc/test/setup.ts[0m:[93m31[0m:[93m13[0m - [91merror[0m[90m TS4111: [0mProperty 'JWT_SECRET' comes from an index signature, so it must be accessed with ['JWT_SECRET'].

[7m31[0m process.env.JWT_SECRET ??= 'test-jwt-secret'
[7m  [0m [91m            ~~~~~~~~~~[0m

[96msrc/test/testing-library-act-compat.ts[0m:[93m12[0m:[93m22[0m - [91merror[0m[90m TS7017: [0mElement implicitly has an 'any' type because type 'typeof globalThis' has no index signature.

[7m12[0m   getGlobalThisRef().IS_REACT_ACT_ENVIRONMENT = isReactActEnvironment
[7m  [0m [91m                     ~~~~~~~~~~~~~~~~~~~~~~~~[0m

[96msrc/test/testing-library-act-compat.ts[0m:[93m16[0m:[93m29[0m - [91merror[0m[90m TS7017: [0mElement implicitly has an 'any' type because type 'typeof globalThis' has no index signature.

[7m16[0m   return getGlobalThisRef().IS_REACT_ACT_ENVIRONMENT
[7m  [0m [91m                            ~~~~~~~~~~~~~~~~~~~~~~~~[0m

[96msrc/test/utils/astro.ts[0m:[93m31[0m:[93m60[0m - [91merror[0m[90m TS4111: [0mProperty 'html' comes from an index signature, so it must be accessed with ['html'].

[7m31[0m     const html = (renderResult as Record<string, unknown>).html
[7m  [0m [91m                                                           ~~~~[0m

[96msrc/tests/ai/crisis-detection.test.ts[0m:[93m219[0m:[93m14[0m - [91merror[0m[90m TS2532: [0mObject is possibly 'undefined'.

[7m219[0m       expect(results[0].isCrisis).toBe(true) // 'kill myself' should be crisis
[7m   [0m [91m             ~~~~~~~~~~[0m

[96msrc/tests/ai/crisis-detection.test.ts[0m:[93m220[0m:[93m14[0m - [91merror[0m[90m TS2532: [0mObject is possibly 'undefined'.

[7m220[0m       expect(results[1].isCrisis).toBe(false) // 'good day' should not be crisis
[7m   [0m [91m             ~~~~~~~~~~[0m

[96msrc/tests/api/session/progress-api.test.ts[0m:[93m84[0m:[93m62[0m - [91merror[0m[90m TS4111: [0mProperty 'error' comes from an index signature, so it must be accessed with ['error'].

[7m84[0m   return isObject(value) && 'error' in value && typeof value.error === 'string'
[7m  [0m [91m                                                             ~~~~~[0m

[96msrc/tests/api/session/progress-api.test.ts[0m:[93m92[0m:[93m18[0m - [91merror[0m[90m TS4111: [0mProperty 'totalMessages' comes from an index signature, so it must be accessed with ['totalMessages'].

[7m92[0m     typeof value.totalMessages === 'number' &&
[7m  [0m [91m                 ~~~~~~~~~~~~~[0m

[96msrc/tests/api/session/progress-api.test.ts[0m:[93m93[0m:[93m18[0m - [91merror[0m[90m TS4111: [0mProperty 'progress' comes from an index signature, so it must be accessed with ['progress'].

[7m93[0m     typeof value.progress === 'number'
[7m  [0m [91m                 ~~~~~~~~[0m

[96msrc/tests/api/session/progress-api.test.ts[0m:[93m103[0m:[93m20[0m - [91merror[0m[90m TS4111: [0mProperty 'therapist_id' comes from an index signature, so it must be accessed with ['therapist_id'].

[7m103[0m         typeof row.therapist_id === 'string' &&
[7m   [0m [91m                   ~~~~~~~~~~~~[0m

[96msrc/tests/api/session/progress-api.test.ts[0m:[93m104[0m:[93m20[0m - [91merror[0m[90m TS4111: [0mProperty 'feedback' comes from an index signature, so it must be accessed with ['feedback'].

[7m104[0m         typeof row.feedback === 'string' &&
[7m   [0m [91m                   ~~~~~~~~[0m

[96msrc/tests/api/session/progress-api.test.ts[0m:[93m105[0m:[93m20[0m - [91merror[0m[90m TS4111: [0mProperty 'created_at' comes from an index signature, so it must be accessed with ['created_at'].

[7m105[0m         typeof row.created_at === 'string',
[7m   [0m [91m                   ~~~~~~~~~~[0m

[96msrc/tests/api/session/progress-api.test.ts[0m:[93m118[0m:[93m20[0m - [91merror[0m[90m TS4111: [0mProperty 'timestamp' comes from an index signature, so it must be accessed with ['timestamp'].

[7m118[0m         typeof row.timestamp === 'string' &&
[7m   [0m [91m                   ~~~~~~~~~[0m

[96msrc/tests/api/session/progress-api.test.ts[0m:[93m119[0m:[93m20[0m - [91merror[0m[90m TS4111: [0mProperty 'value' comes from an index signature, so it must be accessed with ['value'].

[7m119[0m         typeof row.value === 'number',
[7m   [0m [91m                   ~~~~~[0m

[96msrc/tests/api/session/progress-api.test.ts[0m:[93m127[0m:[93m18[0m - [91merror[0m[90m TS4111: [0mProperty 'success' comes from an index signature, so it must be accessed with ['success'].

[7m127[0m     typeof value.success === 'boolean' &&
[7m   [0m [91m                 ~~~~~~~[0m

[96msrc/tests/api/session/progress-api.test.ts[0m:[93m128[0m:[93m18[0m - [91merror[0m[90m TS4111: [0mProperty 'sessionId' comes from an index signature, so it must be accessed with ['sessionId'].

[7m128[0m     typeof value.sessionId === 'string'
[7m   [0m [91m                 ~~~~~~~~~[0m

[96msrc/tests/api/session/progress-api.test.ts[0m:[93m134[0m:[93m20[0m - [91merror[0m[90m TS4111: [0mProperty 'sessionId' comes from an index signature, so it must be accessed with ['sessionId'].

[7m134[0m   if (typeof value.sessionId !== 'string') return false
[7m   [0m [91m                   ~~~~~~~~~[0m

[96msrc/tests/api/session/progress-api.test.ts[0m:[93m135[0m:[93m38[0m - [91merror[0m[90m TS4111: [0mProperty 'progressMetrics' comes from an index signature, so it must be accessed with ['progressMetrics'].

[7m135[0m   if (!hasProgressMetricsShape(value.progressMetrics)) return false
[7m   [0m [91m                                     ~~~~~~~~~~~~~~~[0m

[96msrc/tests/api/session/progress-api.test.ts[0m:[93m136[0m:[93m35[0m - [91merror[0m[90m TS4111: [0mProperty 'progressSnapshots' comes from an index signature, so it must be accessed with ['progressSnapshots'].

[7m136[0m   if (!hasSnapshotRowsShape(value.progressSnapshots)) return false
[7m   [0m [91m                                  ~~~~~~~~~~~~~~~~~[0m

[96msrc/tests/api/session/progress-api.test.ts[0m:[93m137[0m:[93m35[0m - [91merror[0m[90m TS4111: [0mProperty 'feedback' comes from an index signature, so it must be accessed with ['feedback'].

[7m137[0m   if (!hasFeedbackRowsShape(value.feedback) && value.feedback !== null)
[7m   [0m [91m                                  ~~~~~~~~[0m

[96msrc/tests/api/session/progress-api.test.ts[0m:[93m137[0m:[93m54[0m - [91merror[0m[90m TS4111: [0mProperty 'feedback' comes from an index signature, so it must be accessed with ['feedback'].

[7m137[0m   if (!hasFeedbackRowsShape(value.feedback) && value.feedback !== null)
[7m   [0m [91m                                                     ~~~~~~~~[0m

[96msrc/tests/api/session/skills-api.test.ts[0m:[93m81[0m:[93m35[0m - [91merror[0m[90m TS4111: [0mProperty 'error' comes from an index signature, so it must be accessed with ['error'].

[7m81[0m   isObject(value) && typeof value.error === 'string'
[7m  [0m [91m                                  ~~~~~[0m

[96msrc/tests/api/session/skills-api.test.ts[0m:[93m85[0m:[93m16[0m - [91merror[0m[90m TS4111: [0mProperty 'success' comes from an index signature, so it must be accessed with ['success'].

[7m85[0m   typeof value.success === 'boolean' &&
[7m  [0m [91m               ~~~~~~~[0m

[96msrc/tests/api/session/skills-api.test.ts[0m:[93m86[0m:[93m16[0m - [91merror[0m[90m TS4111: [0mProperty 'sessionId' comes from an index signature, so it must be accessed with ['sessionId'].

[7m86[0m   typeof value.sessionId === 'string' &&
[7m  [0m [91m               ~~~~~~~~~[0m

[96msrc/tests/api/session/skills-api.test.ts[0m:[93m87[0m:[93m16[0m - [91merror[0m[90m TS4111: [0mProperty 'therapistId' comes from an index signature, so it must be accessed with ['therapistId'].

[7m87[0m   typeof value.therapistId === 'string'
[7m  [0m [91m               ~~~~~~~~~~~[0m

[96msrc/tests/api/session/skills-api.test.ts[0m:[93m93[0m:[93m16[0m - [91merror[0m[90m TS4111: [0mProperty 'sessionId' comes from an index signature, so it must be accessed with ['sessionId'].

[7m93[0m   typeof value.sessionId === 'string' &&
[7m  [0m [91m               ~~~~~~~~~[0m

[96msrc/tests/api/session/skills-api.test.ts[0m:[93m94[0m:[93m18[0m - [91merror[0m[90m TS4111: [0mProperty 'skillScores' comes from an index signature, so it must be accessed with ['skillScores'].

[7m94[0m   isObject(value.skillScores)
[7m  [0m [91m                 ~~~~~~~~~~~[0m

[96msrc/tests/api/session/skills-api.test.ts[0m:[93m98[0m:[93m16[0m - [91merror[0m[90m TS4111: [0mProperty 'skill_name' comes from an index signature, so it must be accessed with ['skill_name'].

[7m98[0m   typeof value.skill_name === 'string' &&
[7m  [0m [91m               ~~~~~~~~~~[0m

[96msrc/tests/api/session/skills-api.test.ts[0m:[93m99[0m:[93m16[0m - [91merror[0m[90m TS4111: [0mProperty 'skill_category' comes from an index signature, so it must be accessed with ['skill_category'].

[7m99[0m   typeof value.skill_category === 'string' &&
[7m  [0m [91m               ~~~~~~~~~~~~~~[0m

[96msrc/tests/api/session/skills-api.test.ts[0m:[93m100[0m:[93m16[0m - [91merror[0m[90m TS4111: [0mProperty 'current_score' comes from an index signature, so it must be accessed with ['current_score'].

[7m100[0m   typeof value.current_score === 'number' &&
[7m   [0m [91m               ~~~~~~~~~~~~~[0m

[96msrc/tests/api/session/skills-api.test.ts[0m:[93m101[0m:[93m16[0m - [91merror[0m[90m TS4111: [0mProperty 'practice_sessions' comes from an index signature, so it must be accessed with ['practice_sessions'].

[7m101[0m   typeof value.practice_sessions === 'number' &&
[7m   [0m [91m               ~~~~~~~~~~~~~~~~~[0m

[96msrc/tests/api/session/skills-api.test.ts[0m:[93m102[0m:[93m16[0m - [91merror[0m[90m TS4111: [0mProperty 'last_practiced' comes from an index signature, so it must be accessed with ['last_practiced'].

[7m102[0m   typeof value.last_practiced === 'string' &&
[7m   [0m [91m               ~~~~~~~~~~~~~~[0m

[96msrc/tests/api/session/skills-api.test.ts[0m:[93m103[0m:[93m16[0m - [91merror[0m[90m TS4111: [0mProperty 'created_at' comes from an index signature, so it must be accessed with ['created_at'].

[7m103[0m   typeof value.created_at === 'string'
[7m   [0m [91m               ~~~~~~~~~~[0m

[96msrc/tests/api/session/skills-api.test.ts[0m:[93m109[0m:[93m16[0m - [91merror[0m[90m TS4111: [0mProperty 'therapistId' comes from an index signature, so it must be accessed with ['therapistId'].

[7m109[0m   typeof value.therapistId === 'string' &&
[7m   [0m [91m               ~~~~~~~~~~~[0m

[96msrc/tests/api/session/skills-api.test.ts[0m:[93m110[0m:[93m23[0m - [91merror[0m[90m TS4111: [0mProperty 'skills' comes from an index signature, so it must be accessed with ['skills'].

[7m110[0m   Array.isArray(value.skills) &&
[7m   [0m [91m                      ~~~~~~[0m

[96msrc/tests/api/session/skills-api.test.ts[0m:[93m111[0m:[93m9[0m - [91merror[0m[90m TS4111: [0mProperty 'skills' comes from an index signature, so it must be accessed with ['skills'].

[7m111[0m   value.skills.every(hasTherapistSkillRow)
[7m   [0m [91m        ~~~~~~[0m

[96msrc/tests/api/session/skills-api.test.ts[0m:[93m454[0m:[93m14[0m - [91merror[0m[90m TS2532: [0mObject is possibly 'undefined'.

[7m454[0m       expect(responseBody.skills[0].skill_name).toBe('Active Listening')
[7m   [0m [91m             ~~~~~~~~~~~~~~~~~~~~~~[0m

[96msrc/tests/browser-compatibility.test.ts[0m:[93m47[0m:[93m15[0m - [91merror[0m[90m TS6133: [0m'detectionCode' is declared but its value is never read.

[7m47[0m         const detectionCode = feature.detectionFn.toString()
[7m  [0m [91m              ~~~~~~~~~~~~~[0m

[96msrc/tests/browser-compatibility.test.ts[0m:[93m49[0m:[93m9[0m - [91merror[0m[90m TS2322: [0mType '{ features: { [x: string]: boolean; }; pages?: Record<string, PageResult> | undefined; }' is not assignable to type '{ pages: Record<string, PageResult>; features: Record<string, boolean>; }'.
  Types of property 'pages' are incompatible.
    Type 'Record<string, PageResult> | undefined' is not assignable to type 'Record<string, PageResult>'.
      Type 'undefined' is not assignable to type 'Record<string, PageResult>'.

[7m49[0m         compatibilityResults.browsers['chromium'] = {
[7m  [0m [91m        ~~~~~~~~~~~~~~~~~~~~~~~~~~~~~~~~~~~~~~~~~[0m

[96msrc/tests/cross-browser-compatibility.test.ts[0m:[93m62[0m:[93m15[0m - [91merror[0m[90m TS6133: [0m'detectionCode' is declared but its value is never read.

[7m62[0m         const detectionCode = feature.detectionFn.toString()
[7m  [0m [91m              ~~~~~~~~~~~~~[0m

[96msrc/tests/cross-browser-compatibility.test.ts[0m:[93m65[0m:[93m18[0m - [91merror[0m[90m TS2532: [0mObject is possibly 'undefined'.

[7m65[0m           pages: compatibilityResults.browsers['chromium'].pages,
[7m  [0m [91m                 ~~~~~~~~~~~~~~~~~~~~~~~~~~~~~~~~~~~~~~~~~[0m

[96msrc/tests/cross-browser-compatibility.test.ts[0m:[93m67[0m:[93m16[0m - [91merror[0m[90m TS2532: [0mObject is possibly 'undefined'.

[7m67[0m             ...compatibilityResults.browsers['chromium'].features,
[7m  [0m [91m               ~~~~~~~~~~~~~~~~~~~~~~~~~~~~~~~~~~~~~~~~~[0m

[96msrc/tests/crypto.test.ts[0m:[93m663[0m:[93m7[0m - [91merror[0m[90m TS2322: [0mType '(encryptedData: string, _context?: string) => Promise<string | undefined>' is not assignable to type '(encryptedData: string, context: string) => Promise<string>'.
  Type 'Promise<string | undefined>' is not assignable to type 'Promise<string>'.
    Type 'string | undefined' is not assignable to type 'string'.
      Type 'undefined' is not assignable to type 'string'.

[7m663[0m       decrypt: async (encryptedData: string, _context?: string) => {
[7m   [0m [91m      ~~~~~~~[0m

  [96msrc/lib/crypto.ts[0m:[93m7[0m:[93m3[0m
    [7m7[0m   decrypt: (encryptedData: string, context: string) => Promise<string>
    [7m [0m [96m  ~~~~~~~[0m
    The expected type comes from property 'decrypt' which is declared here on type 'ExtendedCryptoSystem'

[96msrc/tests/mobile-compatibility.test.ts[0m:[93m57[0m:[93m27[0m - [91merror[0m[90m TS18048: [0m'device' is possibly 'undefined'.

[7m57[0m     const viewportWidth = device.viewport.width
[7m  [0m [91m                          ~~~~~~[0m

[96msrc/tests/performance.test.ts[0m:[93m9[0m:[93m11[0m - [91merror[0m[90m TS6196: [0m'PerformanceNavigationEntry' is declared but never used.

[7m9[0m interface PerformanceNavigationEntry extends PerformanceEntry {
[7m [0m [91m          ~~~~~~~~~~~~~~~~~~~~~~~~~~[0m

[96msrc/tests/performance.test.ts[0m:[93m17[0m:[93m11[0m - [91merror[0m[90m TS6196: [0m'PerformancePaintEntry' is declared but never used.

[7m17[0m interface PerformancePaintEntry extends PerformanceEntry {
[7m  [0m [91m          ~~~~~~~~~~~~~~~~~~~~~[0m

[96msrc/tests/performance.test.ts[0m:[93m198[0m:[93m37[0m - [91merror[0m[90m TS2532: [0mObject is possibly 'undefined'.

[7m198[0m             lcpEntries.length > 0 ? lcpEntries[0].startTime : 0
[7m   [0m [91m                                    ~~~~~~~~~~~~~[0m

[96msrc/tests/performance.test.ts[0m:[93m335[0m:[93m13[0m - [91merror[0m[90m TS2532: [0mObject is possibly 'undefined'.

[7m335[0m             results.pages[name].FID = inputDelay
[7m   [0m [91m            ~~~~~~~~~~~~~~~~~~~[0m

[96msrc/tests/performance.test.ts[0m:[93m446[0m:[93m46[0m - [91merror[0m[90m TS2769: [0mNo overload matches this call.
  Overload 1 of 3, '(...paths: string[]): string', gave the following error.
    Argument of type 'string | undefined' is not assignable to parameter of type 'string'.
      Type 'undefined' is not assignable to type 'string'.
  Overload 2 of 3, '(...paths: string[]): string', gave the following error.
    Argument of type 'string | undefined' is not assignable to parameter of type 'string'.
      Type 'undefined' is not assignable to type 'string'.
  Overload 3 of 3, '(...paths: string[]): string', gave the following error.
    Argument of type 'string | undefined' is not assignable to parameter of type 'string'.
      Type 'undefined' is not assignable to type 'string'.

[7m446[0m           await fs.readFile(join(resultsDir, jsonFiles[0]), 'utf-8'),
[7m   [0m [91m                                             ~~~~~~~~~~~~[0m


[96msrc/tests/performance.test.ts[0m:[93m460[0m:[93m30[0m - [91merror[0m[90m TS18048: [0m'previousPageMetrics' is possibly 'undefined'.

[7m460[0m             const previous = previousPageMetrics[metricName]
[7m   [0m [91m                             ~~~~~~~~~~~~~~~~~~~[0m

[96msrc/tests/searchswitch.test.ts[0m:[93m44[0m:[93m12[0m - [91merror[0m[90m TS2532: [0mObject is possibly 'undefined'.

[7m44[0m     expect(links[0].querySelector('.search-results-title')?.textContent).toBe(
[7m  [0m [91m           ~~~~~~~~[0m

[96msrc/tests/simple-browser-compatibility.test.ts[0m:[93m95[0m:[93m21[0m - [91merror[0m[90m TS4111: [0mProperty 'CI' comes from an index signature, so it must be accessed with ['CI'].

[7m95[0m     if (process.env.CI) {
[7m  [0m [91m                    ~~[0m

[96msrc/toolbar-init.ts[0m:[93m7[0m:[93m15[0m - [91merror[0m[90m TS2339: [0mProperty 'initToolbar' does not exist on type 'unknown'.

[7m7[0m       const { initToolbar } = require('@21st-extension/toolbar')
[7m [0m [91m              ~~~~~~~~~~~[0m

[96msrc/types/testing.ts[0m:[93m1[0m:[93m1[0m - [91merror[0m[90m TS6133: [0m'ComponentType' is declared but its value is never read.

[7m1[0m import type { ComponentType } from 'react'
[7m [0m [91m~~~~~~~~~~~~~~~~~~~~~~~~~~~~~~~~~~~~~~~~~~[0m

[96msrc/utils/auth.ts[0m:[93m81[0m:[93m5[0m - [91merror[0m[90m TS2322: [0mType 'string | undefined' is not assignable to type 'string | null'.
  Type 'undefined' is not assignable to type 'string | null'.

[7m81[0m     return userId
[7m  [0m [91m    ~~~~~~[0m

[96msrc/utils/auth.ts[0m:[93m92[0m:[93m5[0m - [91merror[0m[90m TS2322: [0mType 'string | undefined' is not assignable to type 'string | null'.
  Type 'undefined' is not assignable to type 'string | null'.

[7m92[0m     return userId
[7m  [0m [91m    ~~~~~~[0m

[96msrc/utils/cdnUtils.ts[0m:[93m14[0m:[93m23[0m - [91merror[0m[90m TS2352: [0mConversion of type '{ default: { version: string; description: string; assets: { images: {}; stylesheets: {}; javascripts: {}; fonts: {}; }; cdn_base_url: string; fallback_urls: never[]; }; version: string; description: string; assets: { ...; }; cdn_base_url: string; fallback_urls: never[]; }' to type 'AssetMapModule' may be a mistake because neither type sufficiently overlaps with the other. If this was intentional, convert the expression to 'unknown' first.
  Types of property 'default' are incompatible.
    Type '{ version: string; description: string; assets: { images: {}; stylesheets: {}; javascripts: {}; fonts: {}; }; cdn_base_url: string; fallback_urls: never[]; }' is not comparable to type 'Record<string, string>'.
      Property '"assets"' is incompatible with index signature.
        Type '{ images: {}; stylesheets: {}; javascripts: {}; fonts: {}; }' is not comparable to type 'string'.

[7m14[0m     const mapModule = (await import('../cdn-asset-map.json')) as AssetMapModule
[7m  [0m [91m                      ~~~~~~~~~~~~~~~~~~~~~~~~~~~~~~~~~~~~~~~~~~~~~~~~~~~~~~~~~[0m

[96msrc/utils/common.ts[0m:[93m9[0m:[93m36[0m - [91merror[0m[90m TS6196: [0m'ProjectSchema' is declared but never used.

[7m9[0m import type { ProjectGroupsSchema, ProjectSchema } from '@/lib/schema'
[7m [0m [91m                                   ~~~~~~~~~~~~~[0m

[96msrc/utils/data.ts[0m:[93m49[0m:[93m5[0m - [91merror[0m[90m TS2322: [0mType 'string | undefined' is not assignable to type 'string'.
  Type 'undefined' is not assignable to type 'string'.

[7m49[0m     return match[1]
[7m  [0m [91m    ~~~~~~[0m

[96msrc/utils/data.ts[0m:[93m61[0m:[93m5[0m - [91merror[0m[90m TS2322: [0mType 'string | undefined' is not assignable to type 'string'.
  Type 'undefined' is not assignable to type 'string'.

[7m61[0m     return match[1]
[7m  [0m [91m    ~~~~~~[0m

[96msrc/utils/debounce.test.ts[0m:[93m16[0m:[93m36[0m - [91merror[0m[90m TS2345: [0mArgument of type 'Mock<any>' is not assignable to parameter of type '(...args: unknown[]) => unknown'.
  Type 'MockInstance<any> & (new (...args: unknown[]) => any) & { [x: string]: any; }' is not assignable to type '(...args: unknown[]) => unknown'.
    Type 'MockInstance<any> & (new (...args: unknown[]) => any) & { [x: string]: any; }' provides no match for the signature '(...args: unknown[]): unknown'.

[7m16[0m     const debouncedFunc = debounce(func, 100)
[7m  [0m [91m                                   ~~~~[0m

[96msrc/utils/debounce.test.ts[0m:[93m31[0m:[93m36[0m - [91merror[0m[90m TS2345: [0mArgument of type 'Mock<any>' is not assignable to parameter of type '(...args: unknown[]) => unknown'.
  Type 'MockInstance<any> & (new (...args: unknown[]) => any) & { [x: string]: any; }' is not assignable to type '(...args: unknown[]) => unknown'.
    Type 'MockInstance<any> & (new (...args: unknown[]) => any) & { [x: string]: any; }' provides no match for the signature '(...args: unknown[]): unknown'.

[7m31[0m     const debouncedFunc = debounce(func, 100, true)
[7m  [0m [91m                                   ~~~~[0m

[96msrc/utils/debounce.test.ts[0m:[93m46[0m:[93m36[0m - [91merror[0m[90m TS2345: [0mArgument of type 'Mock<any>' is not assignable to parameter of type '(...args: unknown[]) => unknown'.
  Type 'MockInstance<any> & (new (...args: unknown[]) => any) & { [x: string]: any; }' is not assignable to type '(...args: unknown[]) => unknown'.
    Type 'MockInstance<any> & (new (...args: unknown[]) => any) & { [x: string]: any; }' provides no match for the signature '(...args: unknown[]): unknown'.

[7m46[0m     const debouncedFunc = debounce(func, 100, true)
[7m  [0m [91m                                   ~~~~[0m

[96msrc/utils/debounce.test.ts[0m:[93m59[0m:[93m36[0m - [91merror[0m[90m TS2345: [0mArgument of type 'Mock<any>' is not assignable to parameter of type '(...args: unknown[]) => unknown'.
  Type 'MockInstance<any> & (new (...args: unknown[]) => any) & { [x: string]: any; }' is not assignable to type '(...args: unknown[]) => unknown'.
    Type 'MockInstance<any> & (new (...args: unknown[]) => any) & { [x: string]: any; }' provides no match for the signature '(...args: unknown[]): unknown'.

[7m59[0m     const debouncedFunc = debounce(func, 100)
[7m  [0m [91m                                   ~~~~[0m

[96msrc/utils/debounce.test.ts[0m:[93m75[0m:[93m36[0m - [91merror[0m[90m TS2345: [0mArgument of type 'Mock<any>' is not assignable to parameter of type '(...args: unknown[]) => unknown'.
  Type 'MockInstance<any> & (new (...args: unknown[]) => any) & { [x: string]: any; }' is not assignable to type '(...args: unknown[]) => unknown'.
    Type 'MockInstance<any> & (new (...args: unknown[]) => any) & { [x: string]: any; }' provides no match for the signature '(...args: unknown[]): unknown'.

[7m75[0m     const debouncedFunc = debounce(func, 100)
[7m  [0m [91m                                   ~~~~[0m

[96msrc/utils/debounce.test.ts[0m:[93m89[0m:[93m36[0m - [91merror[0m[90m TS2345: [0mArgument of type 'Mock<any>' is not assignable to parameter of type '(...args: unknown[]) => unknown'.
  Type 'MockInstance<any> & (new (...args: unknown[]) => any) & { [x: string]: any; }' is not assignable to type '(...args: unknown[]) => unknown'.
    Type 'MockInstance<any> & (new (...args: unknown[]) => any) & { [x: string]: any; }' provides no match for the signature '(...args: unknown[]): unknown'.

[7m89[0m     const debouncedFunc = debounce(func, 100, true)
[7m  [0m [91m                                   ~~~~[0m

[96msrc/utils/debounce.test.ts[0m:[93m102[0m:[93m36[0m - [91merror[0m[90m TS2345: [0mArgument of type 'Mock<any>' is not assignable to parameter of type '(...args: unknown[]) => unknown'.
  Type 'MockInstance<any> & (new (...args: unknown[]) => any) & { [x: string]: any; }' is not assignable to type '(...args: unknown[]) => unknown'.
    Type 'MockInstance<any> & (new (...args: unknown[]) => any) & { [x: string]: any; }' provides no match for the signature '(...args: unknown[]): unknown'.

[7m102[0m     const debouncedFunc = debounce(func, 100)
[7m   [0m [91m                                   ~~~~[0m

[96msrc/utils/formatDate.test.ts[0m:[93m38[0m:[93m25[0m - [91merror[0m[90m TS2345: [0mArgument of type 'Date' is not assignable to parameter of type 'string'.

[7m38[0m       expect(formatDate(date, { relative: true })).toBe('just now')
[7m  [0m [91m                        ~~~~[0m

[96msrc/utils/formatDate.test.ts[0m:[93m43[0m:[93m25[0m - [91merror[0m[90m TS2345: [0mArgument of type 'Date' is not assignable to parameter of type 'string'.

[7m43[0m       expect(formatDate(date, { relative: true })).toBe('5 minutes ago')
[7m  [0m [91m                        ~~~~[0m

[96msrc/utils/formatDate.test.ts[0m:[93m48[0m:[93m25[0m - [91merror[0m[90m TS2345: [0mArgument of type 'Date' is not assignable to parameter of type 'string'.

[7m48[0m       expect(formatDate(date, { relative: true })).toBe('1 hour ago')
[7m  [0m [91m                        ~~~~[0m

[96msrc/utils/formatDate.test.ts[0m:[93m53[0m:[93m25[0m - [91merror[0m[90m TS2345: [0mArgument of type 'Date' is not assignable to parameter of type 'string'.

[7m53[0m       expect(formatDate(date, { relative: true })).toBe('1 day ago')
[7m  [0m [91m                        ~~~~[0m

[96msrc/utils/formatDate.test.ts[0m:[93m58[0m:[93m25[0m - [91merror[0m[90m TS2345: [0mArgument of type 'Date' is not assignable to parameter of type 'string'.

[7m58[0m       expect(formatDate(date, { relative: true })).toBe('3 days ago')
[7m  [0m [91m                        ~~~~[0m

[96msrc/utils/formatDate.test.ts[0m:[93m63[0m:[93m25[0m - [91merror[0m[90m TS2345: [0mArgument of type 'Date' is not assignable to parameter of type 'string'.

[7m63[0m       expect(formatDate(date, { relative: true })).toBe('1 week ago')
[7m  [0m [91m                        ~~~~[0m

[96msrc/utils/formatDate.test.ts[0m:[93m68[0m:[93m25[0m - [91merror[0m[90m TS2345: [0mArgument of type 'Date' is not assignable to parameter of type 'string'.

[7m68[0m       expect(formatDate(date, { relative: true })).toBe('2 weeks ago')
[7m  [0m [91m                        ~~~~[0m

[96msrc/utils/formatDate.test.ts[0m:[93m73[0m:[93m25[0m - [91merror[0m[90m TS2345: [0mArgument of type 'Date' is not assignable to parameter of type 'string'.

[7m73[0m       expect(formatDate(date, { relative: true })).toBe('1 month ago')
[7m  [0m [91m                        ~~~~[0m

[96msrc/utils/formatDate.test.ts[0m:[93m78[0m:[93m25[0m - [91merror[0m[90m TS2345: [0mArgument of type 'Date' is not assignable to parameter of type 'string'.

[7m78[0m       expect(formatDate(date, { relative: true })).toBe('1 year ago')
[7m  [0m [91m                        ~~~~[0m

[96msrc/utils/formatDate.test.ts[0m:[93m85[0m:[93m25[0m - [91merror[0m[90m TS2345: [0mArgument of type 'Date' is not assignable to parameter of type 'string'.

[7m85[0m       expect(formatDate(date)).toBe('May 15, 2023')
[7m  [0m [91m                        ~~~~[0m

[96msrc/utils/formatDate.ts[0m:[93m144[0m:[93m29[0m - [91merror[0m[90m TS2345: [0mArgument of type 'string | undefined' is not assignable to parameter of type 'string'.
  Type 'undefined' is not assignable to type 'string'.

[7m144[0m       const year = parseInt(isoMatch[1], 10)
[7m   [0m [91m                            ~~~~~~~~~~~[0m

[96msrc/utils/formatDate.ts[0m:[93m145[0m:[93m30[0m - [91merror[0m[90m TS2345: [0mArgument of type 'string | undefined' is not assignable to parameter of type 'string'.
  Type 'undefined' is not assignable to type 'string'.

[7m145[0m       const month = parseInt(isoMatch[2], 10)
[7m   [0m [91m                             ~~~~~~~~~~~[0m

[96msrc/utils/formatDate.ts[0m:[93m146[0m:[93m28[0m - [91merror[0m[90m TS2345: [0mArgument of type 'string | undefined' is not assignable to parameter of type 'string'.
  Type 'undefined' is not assignable to type 'string'.

[7m146[0m       const day = parseInt(isoMatch[3], 10)
[7m   [0m [91m                           ~~~~~~~~~~~[0m

[96msrc/utils/liveRegion.test.ts[0m:[93m8[0m:[93m3[0m - [91merror[0m[90m TS6133: [0m'announceAlert' is declared but its value is never read.

[7m8[0m   announceAlert,
[7m [0m [91m  ~~~~~~~~~~~~~[0m

[96msrc/utils/liveRegion.test.ts[0m:[93m9[0m:[93m3[0m - [91merror[0m[90m TS6133: [0m'log' is declared but its value is never read.

[7m9[0m   log,
[7m [0m [91m  ~~~[0m

[96msrc/utils/liveRegion.test.ts[0m:[93m10[0m:[93m3[0m - [91merror[0m[90m TS6133: [0m'announceProgress' is declared but its value is never read.

[7m10[0m   announceProgress,
[7m  [0m [91m  ~~~~~~~~~~~~~~~~[0m

[96msrc/utils/logger.test.ts[0m:[93m8[0m:[93m3[0m - [91merror[0m[90m TS6133: [0m'afterAll' is declared but its value is never read.

[7m8[0m   afterAll,
[7m [0m [91m  ~~~~~~~~[0m

[96msrc/utils/object.ts[0m:[93m60[0m:[93m24[0m - [91merror[0m[90m TS2538: [0mType 'undefined' cannot be used as an index type.

[7m60[0m       const val = item[key]
[7m  [0m [91m                       ~~~[0m

[96msrc/utils/object.ts[0m:[93m206[0m:[93m5[0m - [91merror[0m[90m TS2322: [0mType 'unknown' is not assignable to type 'T'.
  'T' could be instantiated with an arbitrary type which could be unrelated to 'unknown'.

[7m206[0m     return mergeArrayElements<T>(local, remote, depth, visited)
[7m   [0m [91m    ~~~~~~[0m

[96msrc/utils/object.ts[0m:[93m206[0m:[93m31[0m - [91merror[0m[90m TS2558: [0mExpected 0 type arguments, but got 1.

[7m206[0m     return mergeArrayElements<T>(local, remote, depth, visited)
[7m   [0m [91m                              ~[0m

[96msrc/utils/offline/__tests__/indexedDBRequestQueue.test.ts[0m:[93m20[0m:[93m7[0m - [91merror[0m[90m TS6133: [0m'mockRequest' is declared but its value is never read.

[7m20[0m   let mockRequest: IDBRequest
[7m  [0m [91m      ~~~~~~~~~~~[0m

[96msrc/utils/offline/__tests__/indexedDBRequestQueue.test.ts[0m:[93m90[0m:[93m23[0m - [91merror[0m[90m TS2554: [0mExpected 1 arguments, but got 0.

[7m90[0m           openRequest.onsuccess?.()
[7m  [0m [91m                      ~~~~~~~~~[0m

  [96mnode_modules/.pnpm/typescript@5.9.3/node_modules/typescript/lib/lib.dom.d.ts[0m:[93m18433[0m:[93m39[0m
    [7m18433[0m     onsuccess: ((this: IDBRequest<T>, ev: Event) => any) | null;
    [7m     [0m [96m                                      ~~~~~~~~~[0m
    An argument for 'ev' was not provided.

[96msrc/utils/offline/__tests__/indexedDBRequestQueue.test.ts[0m:[93m252[0m:[93m17[0m - [91merror[0m[90m TS2345: [0mArgument of type '{ url: string; method: string; headers: {}; }' is not assignable to parameter of type 'Omit<QueuedRequest, "id" | "timestamp" | "retryCount">'.
  Type '{ url: string; method: string; headers: {}; }' is missing the following properties from type 'Omit<QueuedRequest, "id" | "timestamp" | "retryCount">': maxRetries, priority

[7m252[0m       queue.add(request)
[7m   [0m [91m                ~~~~~~~[0m

[96msrc/utils/offline/__tests__/indexedDBRequestQueue.test.ts[0m:[93m273[0m:[93m17[0m - [91merror[0m[90m TS2345: [0mArgument of type '{ url: string; method: "GET"; headers: {}; }' is not assignable to parameter of type 'Omit<QueuedRequest, "id" | "timestamp" | "retryCount">'.
  Type '{ url: string; method: "GET"; headers: {}; }' is missing the following properties from type 'Omit<QueuedRequest, "id" | "timestamp" | "retryCount">': maxRetries, priority

[7m273[0m       queue.add({ url: '/test1', method: 'GET', headers: {} })
[7m   [0m [91m                ~~~~~~~~~~~~~~~~~~~~~~~~~~~~~~~~~~~~~~~~~~~~~[0m

[96msrc/utils/offline/__tests__/indexedDBRequestQueue.test.ts[0m:[93m274[0m:[93m17[0m - [91merror[0m[90m TS2345: [0mArgument of type '{ url: string; method: "POST"; headers: {}; }' is not assignable to parameter of type 'Omit<QueuedRequest, "id" | "timestamp" | "retryCount">'.
  Type '{ url: string; method: "POST"; headers: {}; }' is missing the following properties from type 'Omit<QueuedRequest, "id" | "timestamp" | "retryCount">': maxRetries, priority

[7m274[0m       queue.add({ url: '/test2', method: 'POST', headers: {} })
[7m   [0m [91m                ~~~~~~~~~~~~~~~~~~~~~~~~~~~~~~~~~~~~~~~~~~~~~~[0m

[96msrc/utils/offline/__tests__/indexedDBRequestQueue.test.ts[0m:[93m286[0m:[93m17[0m - [91merror[0m[90m TS2345: [0mArgument of type '{ url: string; method: "GET"; headers: {}; priority: "critical"; }' is not assignable to parameter of type 'Omit<QueuedRequest, "id" | "timestamp" | "retryCount">'.
  Property 'maxRetries' is missing in type '{ url: string; method: "GET"; headers: {}; priority: "critical"; }' but required in type 'Omit<QueuedRequest, "id" | "timestamp" | "retryCount">'.

[7m286[0m       queue.add({
[7m   [0m [91m                ~[0m
[7m287[0m         url: '/critical',
[7m   [0m [91m~~~~~~~~~~~~~~~~~~~~~~~~~[0m
[7m...[0m 
[7m290[0m         priority: 'critical',
[7m   [0m [91m~~~~~~~~~~~~~~~~~~~~~~~~~~~~~[0m
[7m291[0m       })
[7m   [0m [91m~~~~~~~[0m

  [96msrc/utils/offline/indexedDBRequestQueue.ts[0m:[93m19[0m:[93m3[0m
    [7m19[0m   maxRetries: number
    [7m  [0m [96m  ~~~~~~~~~~[0m
    'maxRetries' is declared here.

[96msrc/utils/offline/__tests__/indexedDBRequestQueue.test.ts[0m:[93m292[0m:[93m17[0m - [91merror[0m[90m TS2345: [0mArgument of type '{ url: string; method: "GET"; headers: {}; priority: "high"; }' is not assignable to parameter of type 'Omit<QueuedRequest, "id" | "timestamp" | "retryCount">'.
  Property 'maxRetries' is missing in type '{ url: string; method: "GET"; headers: {}; priority: "high"; }' but required in type 'Omit<QueuedRequest, "id" | "timestamp" | "retryCount">'.

[7m292[0m       queue.add({ url: '/high', method: 'GET', headers: {}, priority: 'high' })
[7m   [0m [91m                ~~~~~~~~~~~~~~~~~~~~~~~~~~~~~~~~~~~~~~~~~~~~~~~~~~~~~~~~~~~~~~[0m

  [96msrc/utils/offline/indexedDBRequestQueue.ts[0m:[93m19[0m:[93m3[0m
    [7m19[0m   maxRetries: number
    [7m  [0m [96m  ~~~~~~~~~~[0m
    'maxRetries' is declared here.

[96msrc/utils/offline/__tests__/indexedDBRequestQueue.test.ts[0m:[93m293[0m:[93m17[0m - [91merror[0m[90m TS2345: [0mArgument of type '{ url: string; method: "GET"; headers: {}; priority: "normal"; }' is not assignable to parameter of type 'Omit<QueuedRequest, "id" | "timestamp" | "retryCount">'.
  Property 'maxRetries' is missing in type '{ url: string; method: "GET"; headers: {}; priority: "normal"; }' but required in type 'Omit<QueuedRequest, "id" | "timestamp" | "retryCount">'.

[7m293[0m       queue.add({
[7m   [0m [91m                ~[0m
[7m294[0m         url: '/normal1',
[7m   [0m [91m~~~~~~~~~~~~~~~~~~~~~~~~[0m
[7m...[0m 
[7m297[0m         priority: 'normal',
[7m   [0m [91m~~~~~~~~~~~~~~~~~~~~~~~~~~~[0m
[7m298[0m       })
[7m   [0m [91m~~~~~~~[0m

  [96msrc/utils/offline/indexedDBRequestQueue.ts[0m:[93m19[0m:[93m3[0m
    [7m19[0m   maxRetries: number
    [7m  [0m [96m  ~~~~~~~~~~[0m
    'maxRetries' is declared here.

[96msrc/utils/offline/__tests__/indexedDBRequestQueue.test.ts[0m:[93m299[0m:[93m17[0m - [91merror[0m[90m TS2345: [0mArgument of type '{ url: string; method: "GET"; headers: {}; priority: "normal"; }' is not assignable to parameter of type 'Omit<QueuedRequest, "id" | "timestamp" | "retryCount">'.
  Property 'maxRetries' is missing in type '{ url: string; method: "GET"; headers: {}; priority: "normal"; }' but required in type 'Omit<QueuedRequest, "id" | "timestamp" | "retryCount">'.

[7m299[0m       queue.add({
[7m   [0m [91m                ~[0m
[7m300[0m         url: '/normal2',
[7m   [0m [91m~~~~~~~~~~~~~~~~~~~~~~~~[0m
[7m...[0m 
[7m303[0m         priority: 'normal',
[7m   [0m [91m~~~~~~~~~~~~~~~~~~~~~~~~~~~[0m
[7m304[0m       })
[7m   [0m [91m~~~~~~~[0m

  [96msrc/utils/offline/indexedDBRequestQueue.ts[0m:[93m19[0m:[93m3[0m
    [7m19[0m   maxRetries: number
    [7m  [0m [96m  ~~~~~~~~~~[0m
    'maxRetries' is declared here.

[96msrc/utils/offline/__tests__/indexedDBRequestQueue.test.ts[0m:[93m305[0m:[93m17[0m - [91merror[0m[90m TS2345: [0mArgument of type '{ url: string; method: "GET"; headers: {}; priority: "low"; }' is not assignable to parameter of type 'Omit<QueuedRequest, "id" | "timestamp" | "retryCount">'.
  Property 'maxRetries' is missing in type '{ url: string; method: "GET"; headers: {}; priority: "low"; }' but required in type 'Omit<QueuedRequest, "id" | "timestamp" | "retryCount">'.

[7m305[0m       queue.add({ url: '/low', method: 'GET', headers: {}, priority: 'low' })
[7m   [0m [91m                ~~~~~~~~~~~~~~~~~~~~~~~~~~~~~~~~~~~~~~~~~~~~~~~~~~~~~~~~~~~~[0m

  [96msrc/utils/offline/indexedDBRequestQueue.ts[0m:[93m19[0m:[93m3[0m
    [7m19[0m   maxRetries: number
    [7m  [0m [96m  ~~~~~~~~~~[0m
    'maxRetries' is declared here.

[96msrc/utils/offline/__tests__/indexedDBRequestQueue.test.ts[0m:[93m315[0m:[93m51[0m - [91merror[0m[90m TS2345: [0mArgument of type 'number | null' is not assignable to parameter of type 'number | bigint'.
  Type 'null' is not assignable to type 'number | bigint'.

[7m315[0m       expect(stats.newestRequest).toBeGreaterThan(stats.oldestRequest)
[7m   [0m [91m                                                  ~~~~~~~~~~~~~~~~~~~[0m

[96msrc/utils/offline/__tests__/indexedDBRequestQueue.test.ts[0m:[93m321[0m:[93m17[0m - [91merror[0m[90m TS2345: [0mArgument of type '{ url: string; method: "GET"; headers: {}; }' is not assignable to parameter of type 'Omit<QueuedRequest, "id" | "timestamp" | "retryCount">'.
  Type '{ url: string; method: "GET"; headers: {}; }' is missing the following properties from type 'Omit<QueuedRequest, "id" | "timestamp" | "retryCount">': maxRetries, priority

[7m321[0m       queue.add({ url: '/test', method: 'GET', headers: {} })
[7m   [0m [91m                ~~~~~~~~~~~~~~~~~~~~~~~~~~~~~~~~~~~~~~~~~~~~[0m

[96msrc/utils/offline/indexedDBRequestQueue.ts[0m:[93m7[0m:[93m1[0m - [91merror[0m[90m TS6133: [0m'IDBPDatabase' is declared but its value is never read.

[7m7[0m import { type IDBPDatabase } from 'idb'
[7m [0m [91m~~~~~~~~~~~~~~~~~~~~~~~~~~~~~~~~~~~~~~~[0m

[96msrc/utils/offline/indexedDBRequestQueue.ts[0m:[93m204[0m:[93m33[0m - [91merror[0m[90m TS2532: [0mObject is possibly 'undefined'.

[7m204[0m             (req) => req.id !== lowPriorityRequests[0].id,
[7m   [0m [91m                                ~~~~~~~~~~~~~~~~~~~~~~[0m

[96msrc/utils/offline/indexedDBRequestQueue.ts[0m:[93m251[0m:[93m40[0m - [91merror[0m[90m TS18048: [0m'request' is possibly 'undefined'.

[7m251[0m           const response = await fetch(request.url, {
[7m   [0m [91m                                       ~~~~~~~[0m

[96msrc/utils/offline/indexedDBRequestQueue.ts[0m:[93m252[0m:[93m21[0m - [91merror[0m[90m TS18048: [0m'request' is possibly 'undefined'.

[7m252[0m             method: request.method,
[7m   [0m [91m                    ~~~~~~~[0m

[96msrc/utils/offline/indexedDBRequestQueue.ts[0m:[93m253[0m:[93m22[0m - [91merror[0m[90m TS18048: [0m'request' is possibly 'undefined'.

[7m253[0m             headers: request.headers,
[7m   [0m [91m                     ~~~~~~~[0m

[96msrc/utils/offline/indexedDBRequestQueue.ts[0m:[93m254[0m:[93m19[0m - [91merror[0m[90m TS18048: [0m'request' is possibly 'undefined'.

[7m254[0m             body: request.body
[7m   [0m [91m                  ~~~~~~~[0m

[96msrc/utils/offline/indexedDBRequestQueue.ts[0m:[93m255[0m:[93m24[0m - [91merror[0m[90m TS18048: [0m'request' is possibly 'undefined'.

[7m255[0m               ? typeof request.body === 'string'
[7m   [0m [91m                       ~~~~~~~[0m

[96msrc/utils/offline/indexedDBRequestQueue.ts[0m:[93m256[0m:[93m19[0m - [91merror[0m[90m TS18048: [0m'request' is possibly 'undefined'.

[7m256[0m                 ? request.body
[7m   [0m [91m                  ~~~~~~~[0m

[96msrc/utils/offline/indexedDBRequestQueue.ts[0m:[93m257[0m:[93m34[0m - [91merror[0m[90m TS18048: [0m'request' is possibly 'undefined'.

[7m257[0m                 : JSON.stringify(request.body)
[7m   [0m [91m                                 ~~~~~~~[0m

[96msrc/utils/offline/indexedDBRequestQueue.ts[0m:[93m273[0m:[93m32[0m - [91merror[0m[90m TS2345: [0mArgument of type 'QueuedRequest | undefined' is not assignable to parameter of type 'QueuedRequest'.
  Type 'undefined' is not assignable to type 'QueuedRequest'.

[7m273[0m             onRequestSuccess?.(request)
[7m   [0m [91m                               ~~~~~~~[0m

[96msrc/utils/offline/indexedDBRequestQueue.ts[0m:[93m279[0m:[93m11[0m - [91merror[0m[90m TS18048: [0m'request' is possibly 'undefined'.

[7m279[0m           request.retryCount++
[7m   [0m [91m          ~~~~~~~[0m

[96msrc/utils/offline/indexedDBRequestQueue.ts[0m:[93m281[0m:[93m15[0m - [91merror[0m[90m TS18048: [0m'request' is possibly 'undefined'.

[7m281[0m           if (request.retryCount > request.maxRetries) {
[7m   [0m [91m              ~~~~~~~[0m

[96msrc/utils/offline/indexedDBRequestQueue.ts[0m:[93m281[0m:[93m36[0m - [91merror[0m[90m TS18048: [0m'request' is possibly 'undefined'.

[7m281[0m           if (request.retryCount > request.maxRetries) {
[7m   [0m [91m                                   ~~~~~~~[0m

[96msrc/utils/offline/indexedDBRequestQueue.ts[0m:[93m284[0m:[93m26[0m - [91merror[0m[90m TS18048: [0m'request' is possibly 'undefined'.

[7m284[0m               `Request ${request.id} failed after ${request.maxRetries} retries, removing from queue`,
[7m   [0m [91m                         ~~~~~~~[0m

[96msrc/utils/offline/indexedDBRequestQueue.ts[0m:[93m284[0m:[93m53[0m - [91merror[0m[90m TS18048: [0m'request' is possibly 'undefined'.

[7m284[0m               `Request ${request.id} failed after ${request.maxRetries} retries, removing from queue`,
[7m   [0m [91m                                                    ~~~~~~~[0m

[96msrc/utils/offline/indexedDBRequestQueue.ts[0m:[93m299[0m:[93m61[0m - [91merror[0m[90m TS18048: [0m'request' is possibly 'undefined'.

[7m299[0m               setTimeout(resolve, this.options.retryDelay * request.retryCount),
[7m   [0m [91m                                                            ~~~~~~~[0m

[96msrc/utils/offline/offlineManager.ts[0m:[93m152[0m:[93m11[0m - [91merror[0m[90m TS6133: [0m'handleOnline' is declared but its value is never read.

[7m152[0m   private handleOnline(): void {
[7m   [0m [91m          ~~~~~~~~~~~~[0m

[96msrc/utils/offline/offlineManager.ts[0m:[93m164[0m:[93m11[0m - [91merror[0m[90m TS6133: [0m'handleOffline' is declared but its value is never read.

[7m164[0m   private handleOffline(): void {
[7m   [0m [91m          ~~~~~~~~~~~~~[0m

[96msrc/utils/offline/requestQueue.ts[0m:[93m122[0m:[93m33[0m - [91merror[0m[90m TS2532: [0mObject is possibly 'undefined'.

[7m122[0m             (req) => req.id !== lowPriorityRequests[0].id,
[7m   [0m [91m                                ~~~~~~~~~~~~~~~~~~~~~~[0m

[96msrc/utils/offline/requestQueue.ts[0m:[93m163[0m:[93m40[0m - [91merror[0m[90m TS18048: [0m'request' is possibly 'undefined'.

[7m163[0m           const response = await fetch(request.url, {
[7m   [0m [91m                                       ~~~~~~~[0m

[96msrc/utils/offline/requestQueue.ts[0m:[93m164[0m:[93m21[0m - [91merror[0m[90m TS18048: [0m'request' is possibly 'undefined'.

[7m164[0m             method: request.method,
[7m   [0m [91m                    ~~~~~~~[0m

[96msrc/utils/offline/requestQueue.ts[0m:[93m165[0m:[93m22[0m - [91merror[0m[90m TS18048: [0m'request' is possibly 'undefined'.

[7m165[0m             headers: request.headers,
[7m   [0m [91m                     ~~~~~~~[0m

[96msrc/utils/offline/requestQueue.ts[0m:[93m166[0m:[93m19[0m - [91merror[0m[90m TS18048: [0m'request' is possibly 'undefined'.

[7m166[0m             body: request.body
[7m   [0m [91m                  ~~~~~~~[0m

[96msrc/utils/offline/requestQueue.ts[0m:[93m167[0m:[93m24[0m - [91merror[0m[90m TS18048: [0m'request' is possibly 'undefined'.

[7m167[0m               ? typeof request.body === 'string'
[7m   [0m [91m                       ~~~~~~~[0m

[96msrc/utils/offline/requestQueue.ts[0m:[93m168[0m:[93m19[0m - [91merror[0m[90m TS18048: [0m'request' is possibly 'undefined'.

[7m168[0m                 ? request.body
[7m   [0m [91m                  ~~~~~~~[0m

[96msrc/utils/offline/requestQueue.ts[0m:[93m169[0m:[93m34[0m - [91merror[0m[90m TS18048: [0m'request' is possibly 'undefined'.

[7m169[0m                 : JSON.stringify(request.body)
[7m   [0m [91m                                 ~~~~~~~[0m

[96msrc/utils/offline/requestQueue.ts[0m:[93m177[0m:[93m32[0m - [91merror[0m[90m TS2345: [0mArgument of type 'QueuedRequest | undefined' is not assignable to parameter of type 'QueuedRequest'.
  Type 'undefined' is not assignable to type 'QueuedRequest'.

[7m177[0m             onRequestSuccess?.(request)
[7m   [0m [91m                               ~~~~~~~[0m

[96msrc/utils/offline/requestQueue.ts[0m:[93m183[0m:[93m11[0m - [91merror[0m[90m TS18048: [0m'request' is possibly 'undefined'.

[7m183[0m           request.retryCount++
[7m   [0m [91m          ~~~~~~~[0m

[96msrc/utils/offline/requestQueue.ts[0m:[93m185[0m:[93m15[0m - [91merror[0m[90m TS18048: [0m'request' is possibly 'undefined'.

[7m185[0m           if (request.retryCount >= request.maxRetries) {
[7m   [0m [91m              ~~~~~~~[0m

[96msrc/utils/offline/requestQueue.ts[0m:[93m185[0m:[93m37[0m - [91merror[0m[90m TS18048: [0m'request' is possibly 'undefined'.

[7m185[0m           if (request.retryCount >= request.maxRetries) {
[7m   [0m [91m                                    ~~~~~~~[0m

[96msrc/utils/offline/requestQueue.ts[0m:[93m188[0m:[93m26[0m - [91merror[0m[90m TS18048: [0m'request' is possibly 'undefined'.

[7m188[0m               `Request ${request.id} failed after ${request.maxRetries} retries, removing from queue`,
[7m   [0m [91m                         ~~~~~~~[0m

[96msrc/utils/offline/requestQueue.ts[0m:[93m188[0m:[93m53[0m - [91merror[0m[90m TS18048: [0m'request' is possibly 'undefined'.

[7m188[0m               `Request ${request.id} failed after ${request.maxRetries} retries, removing from queue`,
[7m   [0m [91m                                                    ~~~~~~~[0m

[96msrc/utils/offline/requestQueue.ts[0m:[93m194[0m:[93m61[0m - [91merror[0m[90m TS18048: [0m'request' is possibly 'undefined'.

[7m194[0m               setTimeout(resolve, this.options.retryDelay * request.retryCount),
[7m   [0m [91m                                                            ~~~~~~~[0m

[96msrc/utils/offline/syncManager.ts[0m:[93m2[0m:[93m1[0m - [91merror[0m[90m TS6133: [0m'QueuedRequest' is declared but its value is never read.

[7m2[0m import { type QueuedRequest } from './requestQueue'
[7m [0m [91m~~~~~~~~~~~~~~~~~~~~~~~~~~~~~~~~~~~~~~~~~~~~~~~~~~~[0m

[96msrc/utils/offline/syncManager.ts[0m:[93m29[0m:[93m20[0m - [91merror[0m[90m TS6133: [0m'listeners' is declared but its value is never read.

[7m29[0m   private readonly listeners: Map<string, Set<(payload?: unknown) => void>> =
[7m  [0m [91m                   ~~~~~~~~~[0m

[96msrc/utils/offline/syncManager.ts[0m:[93m102[0m:[93m13[0m - [91merror[0m[90m TS6133: [0m'queueLengthBefore' is declared but its value is never read.

[7m102[0m       const queueLengthBefore = indexedDBRequestQueue.hasPendingRequests()
[7m   [0m [91m            ~~~~~~~~~~~~~~~~~[0m

[96msrc/utils/offline/syncManager.ts[0m:[93m107[0m:[93m13[0m - [91merror[0m[90m TS6133: [0m'queueLengthAfter' is declared but its value is never read.

[7m107[0m       const queueLengthAfter = indexedDBRequestQueue.hasPendingRequests()
[7m   [0m [91m            ~~~~~~~~~~~~~~~~[0m

[96msrc/utils/path-security.test.ts[0m:[93m113[0m:[93m13[0m - [91merror[0m[90m TS6133: [0m'result' is declared but its value is never read.

[7m113[0m       const result = validatePath('test.txt', '/b') // Valid for /b
[7m   [0m [91m            ~~~~~~[0m

[96msrc/utils/rate-limiter.ts[0m:[93m33[0m:[93m24[0m - [91merror[0m[90m TS4111: [0mProperty 'UPSTASH_REDIS_REST_URL' comes from an index signature, so it must be accessed with ['UPSTASH_REDIS_REST_URL'].

[7m33[0m       url: process.env.UPSTASH_REDIS_REST_URL!,
[7m  [0m [91m                       ~~~~~~~~~~~~~~~~~~~~~~[0m

[96msrc/utils/rate-limiter.ts[0m:[93m34[0m:[93m26[0m - [91merror[0m[90m TS4111: [0mProperty 'UPSTASH_REDIS_REST_TOKEN' comes from an index signature, so it must be accessed with ['UPSTASH_REDIS_REST_TOKEN'].

[7m34[0m       token: process.env.UPSTASH_REDIS_REST_TOKEN!,
[7m  [0m [91m                         ~~~~~~~~~~~~~~~~~~~~~~~~[0m

[96msrc/utils/request.test.ts[0m:[93m78[0m:[93m7[0m - [91merror[0m[90m TS2322: [0mType '{}' is not assignable to type 'Window & typeof globalThis'.
  Type '{}' is missing the following properties from type 'Window': clientInformation, closed, cookieStore, customElements, and 224 more.

[7m78[0m       global.window = {}
[7m  [0m [91m      ~~~~~~~~~~~~~[0m

[96msrc/utils/serverUtils.ts[0m:[93m29[0m:[93m35[0m - [91merror[0m[90m TS4111: [0mProperty 'COMMAND' comes from an index signature, so it must be accessed with ['COMMAND'].

[7m29[0m   const isBuild = import.meta.env.COMMAND === 'build'
[7m  [0m [91m                                  ~~~~~~~[0m

[96msrc/utils/serverUtils.ts[0m:[93m47[0m:[93m71[0m - [91merror[0m[90m TS4111: [0mProperty 'COMMAND' comes from an index signature, so it must be accessed with ['COMMAND'].

[7m47[0m     `[ServerUtils] safelyGetHeaders called. COMMAND=${import.meta.env.COMMAND}`,
[7m  [0m [91m                                                                      ~~~~~~~[0m

[96msrc/utils/serverUtils.ts[0m:[93m50[0m:[93m35[0m - [91merror[0m[90m TS4111: [0mProperty 'COMMAND' comes from an index signature, so it must be accessed with ['COMMAND'].

[7m50[0m   const isBuild = import.meta.env.COMMAND === 'build'
[7m  [0m [91m                                  ~~~~~~~[0m

[96msrc/utils/storage/__tests__/indexedDBStorage.test.ts[0m:[93m18[0m:[93m7[0m - [91merror[0m[90m TS6133: [0m'mockRequest' is declared but its value is never read.

[7m18[0m   let mockRequest: IDBRequest
[7m  [0m [91m      ~~~~~~~~~~~[0m

[96msrc/utils/storage/__tests__/indexedDBStorage.test.ts[0m:[93m93[0m:[93m23[0m - [91merror[0m[90m TS2554: [0mExpected 1 arguments, but got 0.

[7m93[0m           openRequest.onsuccess?.()
[7m  [0m [91m                      ~~~~~~~~~[0m

  [96mnode_modules/.pnpm/typescript@5.9.3/node_modules/typescript/lib/lib.dom.d.ts[0m:[93m18433[0m:[93m39[0m
    [7m18433[0m     onsuccess: ((this: IDBRequest<T>, ev: Event) => any) | null;
    [7m     [0m [96m                                      ~~~~~~~~~[0m
    An argument for 'ev' was not provided.

[96msrc/utils/storage/__tests__/indexedDBStorage.test.ts[0m:[93m118[0m:[93m23[0m - [91merror[0m[90m TS2554: [0mExpected 1 arguments, but got 0.

[7m118[0m           openRequest.onsuccess?.()
[7m   [0m [91m                      ~~~~~~~~~[0m

  [96mnode_modules/.pnpm/typescript@5.9.3/node_modules/typescript/lib/lib.dom.d.ts[0m:[93m18433[0m:[93m39[0m
    [7m18433[0m     onsuccess: ((this: IDBRequest<T>, ev: Event) => any) | null;
    [7m     [0m [96m                                      ~~~~~~~~~[0m
    An argument for 'ev' was not provided.

[96msrc/utils/storage/__tests__/indexedDBStorage.test.ts[0m:[93m148[0m:[93m23[0m - [91merror[0m[90m TS2554: [0mExpected 1 arguments, but got 0.

[7m148[0m           openRequest.onsuccess?.()
[7m   [0m [91m                      ~~~~~~~~~[0m

  [96mnode_modules/.pnpm/typescript@5.9.3/node_modules/typescript/lib/lib.dom.d.ts[0m:[93m18433[0m:[93m39[0m
    [7m18433[0m     onsuccess: ((this: IDBRequest<T>, ev: Event) => any) | null;
    [7m     [0m [96m                                      ~~~~~~~~~[0m
    An argument for 'ev' was not provided.

[96msrc/utils/storage/__tests__/indexedDBStorage.test.ts[0m:[93m163[0m:[93m27[0m - [91merror[0m[90m TS2339: [0mProperty 'mockReturnValue' does not exist on type '{ (value: any, key?: IDBValidKey | undefined): IDBRequest<IDBValidKey>; (value: any, key?: IDBValidKey | undefined): IDBRequest<...>; }'.

[7m163[0m       mockObjectStore.put.mockReturnValue(putRequest)
[7m   [0m [91m                          ~~~~~~~~~~~~~~~[0m

[96msrc/utils/storage/__tests__/indexedDBStorage.test.ts[0m:[93m167[0m:[93m20[0m - [91merror[0m[90m TS2554: [0mExpected 1 arguments, but got 0.

[7m167[0m         putRequest.onsuccess?.()
[7m   [0m [91m                   ~~~~~~~~~[0m

  [96mnode_modules/.pnpm/typescript@5.9.3/node_modules/typescript/lib/lib.dom.d.ts[0m:[93m18433[0m:[93m39[0m
    [7m18433[0m     onsuccess: ((this: IDBRequest<T>, ev: Event) => any) | null;
    [7m     [0m [96m                                      ~~~~~~~~~[0m
    An argument for 'ev' was not provided.

[96msrc/utils/storage/__tests__/indexedDBStorage.test.ts[0m:[93m213[0m:[93m23[0m - [91merror[0m[90m TS2554: [0mExpected 1 arguments, but got 0.

[7m213[0m           openRequest.onsuccess?.()
[7m   [0m [91m                      ~~~~~~~~~[0m

  [96mnode_modules/.pnpm/typescript@5.9.3/node_modules/typescript/lib/lib.dom.d.ts[0m:[93m18433[0m:[93m39[0m
    [7m18433[0m     onsuccess: ((this: IDBRequest<T>, ev: Event) => any) | null;
    [7m     [0m [96m                                      ~~~~~~~~~[0m
    An argument for 'ev' was not provided.

[96msrc/utils/storage/__tests__/indexedDBStorage.test.ts[0m:[93m228[0m:[93m27[0m - [91merror[0m[90m TS2339: [0mProperty 'mockReturnValue' does not exist on type '{ (query: IDBValidKey | IDBKeyRange): IDBRequest<any>; (query: IDBValidKey | IDBKeyRange): IDBRequest<any>; }'.

[7m228[0m       mockObjectStore.get.mockReturnValue(getRequest)
[7m   [0m [91m                          ~~~~~~~~~~~~~~~[0m

[96msrc/utils/storage/__tests__/indexedDBStorage.test.ts[0m:[93m232[0m:[93m20[0m - [91merror[0m[90m TS2554: [0mExpected 1 arguments, but got 0.

[7m232[0m         getRequest.onsuccess?.()
[7m   [0m [91m                   ~~~~~~~~~[0m

  [96mnode_modules/.pnpm/typescript@5.9.3/node_modules/typescript/lib/lib.dom.d.ts[0m:[93m18433[0m:[93m39[0m
    [7m18433[0m     onsuccess: ((this: IDBRequest<T>, ev: Event) => any) | null;
    [7m     [0m [96m                                      ~~~~~~~~~[0m
    An argument for 'ev' was not provided.

[96msrc/utils/storage/__tests__/indexedDBStorage.test.ts[0m:[93m253[0m:[93m23[0m - [91merror[0m[90m TS2554: [0mExpected 1 arguments, but got 0.

[7m253[0m           openRequest.onsuccess?.()
[7m   [0m [91m                      ~~~~~~~~~[0m

  [96mnode_modules/.pnpm/typescript@5.9.3/node_modules/typescript/lib/lib.dom.d.ts[0m:[93m18433[0m:[93m39[0m
    [7m18433[0m     onsuccess: ((this: IDBRequest<T>, ev: Event) => any) | null;
    [7m     [0m [96m                                      ~~~~~~~~~[0m
    An argument for 'ev' was not provided.

[96msrc/utils/storage/__tests__/indexedDBStorage.test.ts[0m:[93m268[0m:[93m27[0m - [91merror[0m[90m TS2339: [0mProperty 'mockReturnValue' does not exist on type '{ (query: IDBValidKey | IDBKeyRange): IDBRequest<any>; (query: IDBValidKey | IDBKeyRange): IDBRequest<any>; }'.

[7m268[0m       mockObjectStore.get.mockReturnValue(getRequest)
[7m   [0m [91m                          ~~~~~~~~~~~~~~~[0m

[96msrc/utils/storage/__tests__/indexedDBStorage.test.ts[0m:[93m272[0m:[93m20[0m - [91merror[0m[90m TS2554: [0mExpected 1 arguments, but got 0.

[7m272[0m         getRequest.onsuccess?.()
[7m   [0m [91m                   ~~~~~~~~~[0m

  [96mnode_modules/.pnpm/typescript@5.9.3/node_modules/typescript/lib/lib.dom.d.ts[0m:[93m18433[0m:[93m39[0m
    [7m18433[0m     onsuccess: ((this: IDBRequest<T>, ev: Event) => any) | null;
    [7m     [0m [96m                                      ~~~~~~~~~[0m
    An argument for 'ev' was not provided.

[96msrc/utils/storage/__tests__/indexedDBStorage.test.ts[0m:[93m296[0m:[93m23[0m - [91merror[0m[90m TS2554: [0mExpected 1 arguments, but got 0.

[7m296[0m           openRequest.onsuccess?.()
[7m   [0m [91m                      ~~~~~~~~~[0m

  [96mnode_modules/.pnpm/typescript@5.9.3/node_modules/typescript/lib/lib.dom.d.ts[0m:[93m18433[0m:[93m39[0m
    [7m18433[0m     onsuccess: ((this: IDBRequest<T>, ev: Event) => any) | null;
    [7m     [0m [96m                                      ~~~~~~~~~[0m
    An argument for 'ev' was not provided.

[96msrc/utils/storage/__tests__/indexedDBStorage.test.ts[0m:[93m311[0m:[93m30[0m - [91merror[0m[90m TS2339: [0mProperty 'mockReturnValue' does not exist on type '{ (query: IDBValidKey | IDBKeyRange): IDBRequest<undefined>; (query: IDBValidKey | IDBKeyRange): IDBRequest<undefined>; }'.

[7m311[0m       mockObjectStore.delete.mockReturnValue(deleteRequest)
[7m   [0m [91m                             ~~~~~~~~~~~~~~~[0m

[96msrc/utils/storage/__tests__/indexedDBStorage.test.ts[0m:[93m315[0m:[93m23[0m - [91merror[0m[90m TS2554: [0mExpected 1 arguments, but got 0.

[7m315[0m         deleteRequest.onsuccess?.()
[7m   [0m [91m                      ~~~~~~~~~[0m

  [96mnode_modules/.pnpm/typescript@5.9.3/node_modules/typescript/lib/lib.dom.d.ts[0m:[93m18433[0m:[93m39[0m
    [7m18433[0m     onsuccess: ((this: IDBRequest<T>, ev: Event) => any) | null;
    [7m     [0m [96m                                      ~~~~~~~~~[0m
    An argument for 'ev' was not provided.

[96msrc/utils/storage/__tests__/indexedDBStorage.test.ts[0m:[93m343[0m:[93m23[0m - [91merror[0m[90m TS2554: [0mExpected 1 arguments, but got 0.

[7m343[0m           openRequest.onsuccess?.()
[7m   [0m [91m                      ~~~~~~~~~[0m

  [96mnode_modules/.pnpm/typescript@5.9.3/node_modules/typescript/lib/lib.dom.d.ts[0m:[93m18433[0m:[93m39[0m
    [7m18433[0m     onsuccess: ((this: IDBRequest<T>, ev: Event) => any) | null;
    [7m     [0m [96m                                      ~~~~~~~~~[0m
    An argument for 'ev' was not provided.

[96msrc/utils/storage/__tests__/indexedDBStorage.test.ts[0m:[93m358[0m:[93m29[0m - [91merror[0m[90m TS2339: [0mProperty 'mockReturnValue' does not exist on type '{ (): IDBRequest<undefined>; (): IDBRequest<undefined>; }'.

[7m358[0m       mockObjectStore.clear.mockReturnValue(clearRequest)
[7m   [0m [91m                            ~~~~~~~~~~~~~~~[0m

[96msrc/utils/storage/__tests__/indexedDBStorage.test.ts[0m:[93m362[0m:[93m22[0m - [91merror[0m[90m TS2554: [0mExpected 1 arguments, but got 0.

[7m362[0m         clearRequest.onsuccess?.()
[7m   [0m [91m                     ~~~~~~~~~[0m

  [96mnode_modules/.pnpm/typescript@5.9.3/node_modules/typescript/lib/lib.dom.d.ts[0m:[93m18433[0m:[93m39[0m
    [7m18433[0m     onsuccess: ((this: IDBRequest<T>, ev: Event) => any) | null;
    [7m     [0m [96m                                      ~~~~~~~~~[0m
    An argument for 'ev' was not provided.

[96msrc/utils/storage/__tests__/indexedDBStorage.test.ts[0m:[93m392[0m:[93m23[0m - [91merror[0m[90m TS2554: [0mExpected 1 arguments, but got 0.

[7m392[0m           openRequest.onsuccess?.()
[7m   [0m [91m                      ~~~~~~~~~[0m

  [96mnode_modules/.pnpm/typescript@5.9.3/node_modules/typescript/lib/lib.dom.d.ts[0m:[93m18433[0m:[93m39[0m
    [7m18433[0m     onsuccess: ((this: IDBRequest<T>, ev: Event) => any) | null;
    [7m     [0m [96m                                      ~~~~~~~~~[0m
    An argument for 'ev' was not provided.

[96msrc/utils/storage/__tests__/indexedDBStorage.test.ts[0m:[93m407[0m:[93m34[0m - [91merror[0m[90m TS2339: [0mProperty 'mockReturnValue' does not exist on type '{ (query?: IDBValidKey | IDBKeyRange | null | undefined, count?: number | undefined): IDBRequest<IDBValidKey[]>; (query?: IDBValidKey | IDBKeyRange | null | undefined, count?: number | undefined): IDBRequest<...>; }'.

[7m407[0m       mockObjectStore.getAllKeys.mockReturnValue(getAllKeysRequest)
[7m   [0m [91m                                 ~~~~~~~~~~~~~~~[0m

[96msrc/utils/storage/__tests__/indexedDBStorage.test.ts[0m:[93m411[0m:[93m27[0m - [91merror[0m[90m TS2554: [0mExpected 1 arguments, but got 0.

[7m411[0m         getAllKeysRequest.onsuccess?.()
[7m   [0m [91m                          ~~~~~~~~~[0m

  [96mnode_modules/.pnpm/typescript@5.9.3/node_modules/typescript/lib/lib.dom.d.ts[0m:[93m18433[0m:[93m39[0m
    [7m18433[0m     onsuccess: ((this: IDBRequest<T>, ev: Event) => any) | null;
    [7m     [0m [96m                                      ~~~~~~~~~[0m
    An argument for 'ev' was not provided.

[96msrc/utils/storage/__tests__/indexedDBStorage.test.ts[0m:[93m436[0m:[93m23[0m - [91merror[0m[90m TS2554: [0mExpected 1 arguments, but got 0.

[7m436[0m           openRequest.onsuccess?.()
[7m   [0m [91m                      ~~~~~~~~~[0m

  [96mnode_modules/.pnpm/typescript@5.9.3/node_modules/typescript/lib/lib.dom.d.ts[0m:[93m18433[0m:[93m39[0m
    [7m18433[0m     onsuccess: ((this: IDBRequest<T>, ev: Event) => any) | null;
    [7m     [0m [96m                                      ~~~~~~~~~[0m
    An argument for 'ev' was not provided.

[96msrc/utils/storage/__tests__/indexedDBStorage.test.ts[0m:[93m451[0m:[93m29[0m - [91merror[0m[90m TS2339: [0mProperty 'mockReturnValue' does not exist on type '{ (query?: IDBValidKey | IDBKeyRange | undefined): IDBRequest<number>; (query?: IDBValidKey | IDBKeyRange | undefined): IDBRequest<...>; }'.

[7m451[0m       mockObjectStore.count.mockReturnValue(countRequest)
[7m   [0m [91m                            ~~~~~~~~~~~~~~~[0m

[96msrc/utils/storage/__tests__/indexedDBStorage.test.ts[0m:[93m455[0m:[93m22[0m - [91merror[0m[90m TS2554: [0mExpected 1 arguments, but got 0.

[7m455[0m         countRequest.onsuccess?.()
[7m   [0m [91m                     ~~~~~~~~~[0m

  [96mnode_modules/.pnpm/typescript@5.9.3/node_modules/typescript/lib/lib.dom.d.ts[0m:[93m18433[0m:[93m39[0m
    [7m18433[0m     onsuccess: ((this: IDBRequest<T>, ev: Event) => any) | null;
    [7m     [0m [96m                                      ~~~~~~~~~[0m
    An argument for 'ev' was not provided.

[96msrc/utils/storage/indexedDBStorage.ts[0m:[93m1[0m:[93m1[0m - [91merror[0m[90m TS6133: [0m'IDBPDatabase' is declared but its value is never read.

[7m1[0m import { type IDBPDatabase } from 'idb'
[7m [0m [91m~~~~~~~~~~~~~~~~~~~~~~~~~~~~~~~~~~~~~~~[0m

[96msrc/utils/storage/storageManager.test.ts[0m:[93m53[0m:[93m9[0m - [91merror[0m[90m TS6133: [0m'unhandledError' is declared but its value is never read.

[7m53[0m     let unhandledError: any = null
[7m  [0m [91m        ~~~~~~~~~~~~~~[0m

[96msrc/utils/sync/tabSyncManager.test.ts[0m:[93m38[0m:[93m12[0m - [91merror[0m[90m TS2532: [0mObject is possibly 'undefined'.

[7m38[0m     expect(consoleErrorSpy.mock.calls[0][1].message).toBe(
[7m  [0m [91m           ~~~~~~~~~~~~~~~~~~~~~~~~~~~~~[0m

[96msrc/utils/sync/tabSyncManager.ts[0m:[93m343[0m:[93m20[0m - [91merror[0m[90m TS6133: [0m'enableVersioning' is declared but its value is never read.

[7m343[0m   private readonly enableVersioning: boolean
[7m   [0m [91m                   ~~~~~~~~~~~~~~~~[0m

[96msrc/utils/sync/tabSyncManager.ts[0m:[93m344[0m:[93m20[0m - [91merror[0m[90m TS6133: [0m'maxVersions' is declared but its value is never read.

[7m344[0m   private readonly maxVersions: number
[7m   [0m [91m                   ~~~~~~~~~~~[0m

[96msrc/utils/sync/tabSyncManager.ts[0m:[93m808[0m:[93m23[0m - [91merror[0m[90m TS6133: [0m'skipStorage' is declared but its value is never read.

[7m808[0m     const { strategy, skipStorage = false, onConflict } = options ?? {}
[7m   [0m [91m                      ~~~~~~~~~~~[0m

[96msrc/utils/toc.test.ts[0m:[93m25[0m:[93m12[0m - [91merror[0m[90m TS2532: [0mObject is possibly 'undefined'.

[7m25[0m     expect(toc[0].text).toBe('H2')
[7m  [0m [91m           ~~~~~~[0m

[96msrc/utils/toc.test.ts[0m:[93m26[0m:[93m12[0m - [91merror[0m[90m TS2532: [0mObject is possibly 'undefined'.

[7m26[0m     expect(toc[0].children).toHaveLength(1)
[7m  [0m [91m           ~~~~~~[0m

[96msrc/utils/toc.test.ts[0m:[93m27[0m:[93m12[0m - [91merror[0m[90m TS2532: [0mObject is possibly 'undefined'.

[7m27[0m     expect(toc[0].children[0].text).toBe('H3')
[7m  [0m [91m           ~~~~~~[0m

[96msrc/utils/toc.test.ts[0m:[93m27[0m:[93m12[0m - [91merror[0m[90m TS2532: [0mObject is possibly 'undefined'.

[7m27[0m     expect(toc[0].children[0].text).toBe('H3')
[7m  [0m [91m           ~~~~~~~~~~~~~~~~~~[0m

[96msrc/utils/toc.test.ts[0m:[93m28[0m:[93m12[0m - [91merror[0m[90m TS2532: [0mObject is possibly 'undefined'.

[7m28[0m     expect(toc[1].text).toBe('H2-2')
[7m  [0m [91m           ~~~~~~[0m

[96msrc/utils/toc.test.ts[0m:[93m40[0m:[93m12[0m - [91merror[0m[90m TS2532: [0mObject is possibly 'undefined'.

[7m40[0m     expect(toc[0].children).toHaveLength(1)
[7m  [0m [91m           ~~~~~~[0m

[96msrc/utils/toc.test.ts[0m:[93m41[0m:[93m12[0m - [91merror[0m[90m TS2532: [0mObject is possibly 'undefined'.

[7m41[0m     expect(toc[0].children[0].slug).toBe('') // filler for level 3
[7m  [0m [91m           ~~~~~~[0m

[96msrc/utils/toc.test.ts[0m:[93m41[0m:[93m12[0m - [91merror[0m[90m TS2532: [0mObject is possibly 'undefined'.

[7m41[0m     expect(toc[0].children[0].slug).toBe('') // filler for level 3
[7m  [0m [91m           ~~~~~~~~~~~~~~~~~~[0m

[96msrc/utils/toc.test.ts[0m:[93m42[0m:[93m12[0m - [91merror[0m[90m TS2532: [0mObject is possibly 'undefined'.

[7m42[0m     expect(toc[0].children[0].children).toHaveLength(1)
[7m  [0m [91m           ~~~~~~[0m

[96msrc/utils/toc.test.ts[0m:[93m42[0m:[93m12[0m - [91merror[0m[90m TS2532: [0mObject is possibly 'undefined'.

[7m42[0m     expect(toc[0].children[0].children).toHaveLength(1)
[7m  [0m [91m           ~~~~~~~~~~~~~~~~~~[0m

[96msrc/utils/toc.test.ts[0m:[93m43[0m:[93m12[0m - [91merror[0m[90m TS2532: [0mObject is possibly 'undefined'.

[7m43[0m     expect(toc[0].children[0].children[0].text).toBe('H4')
[7m  [0m [91m           ~~~~~~[0m

[96msrc/utils/toc.test.ts[0m:[93m43[0m:[93m12[0m - [91merror[0m[90m TS2532: [0mObject is possibly 'undefined'.

[7m43[0m     expect(toc[0].children[0].children[0].text).toBe('H4')
[7m  [0m [91m           ~~~~~~~~~~~~~~~~~~[0m

[96msrc/utils/toc.test.ts[0m:[93m43[0m:[93m12[0m - [91merror[0m[90m TS2532: [0mObject is possibly 'undefined'.

[7m43[0m     expect(toc[0].children[0].children[0].text).toBe('H4')
[7m  [0m [91m           ~~~~~~~~~~~~~~~~~~~~~~~~~~~~~~[0m

[96msrc/workers/__tests__/analytics-worker.test.ts[0m:[93m126[0m:[93m17[0m - [91merror[0m[90m TS2769: [0mNo overload matches this call.
  Overload 1 of 2, '(eventName: keyof ProcessEventMap, listener: (...args: [] | [message: string | number | boolean | object | null, sendHandle: SendHandle] | [signal: "SIGINT"] | [signal: "SIGABRT"] | [signal: "SIGALRM"] | ... 42 more ... | [value: ...]) => void): Process', gave the following error.
    Argument of type 'string' is not assignable to parameter of type 'keyof ProcessEventMap'.
  Overload 2 of 2, '(eventName: string | symbol, listener: (...args: any[]) => void): Process', gave the following error.
    Argument of type '((...args: any[]) => void) | undefined' is not assignable to parameter of type '(...args: any[]) => void'.
      Type 'undefined' is not assignable to type '(...args: any[]) => void'.

[7m126[0m         process.removeListener(signal, listeners[listeners.length - 1])
[7m   [0m [91m                ~~~~~~~~~~~~~~[0m


[96msrc/workers/__tests__/analytics-worker.test.ts[0m:[93m291[0m:[93m11[0m - [91merror[0m[90m TS2769: [0mNo overload matches this call.
  Overload 1 of 2, '(predicate: (value: any[], index: number, obj: any[][]) => value is any[], thisArg?: any): any[] | undefined', gave the following error.
    Argument of type '(call: [string | symbol, (...args: unknown[]) => void]) => boolean' is not assignable to parameter of type '(value: any[], index: number, obj: any[][]) => value is any[]'.
      Types of parameters 'call' and 'value' are incompatible.
        Type 'any[]' is not assignable to type '[string | symbol, (...args: unknown[]) => void]'.
          Target requires 2 element(s) but source may have fewer.
  Overload 2 of 2, '(predicate: (value: any[], index: number, obj: any[][]) => unknown, thisArg?: any): any[] | undefined', gave the following error.
    Argument of type '(call: [string | symbol, (...args: unknown[]) => void]) => boolean' is not assignable to parameter of type '(value: any[], index: number, obj: any[][]) => unknown'.
      Types of parameters 'call' and 'value' are incompatible.
        Type 'any[]' is not assignable to type '[string | symbol, (...args: unknown[]) => void]'.
          Target requires 2 element(s) but source may have fewer.

[7m291[0m           (call: [string | symbol, (...args: unknown[]) => void]) =>
[7m   [0m [91m          ~~~~~~~~~~~~~~~~~~~~~~~~~~~~~~~~~~~~~~~~~~~~~~~~~~~~~~~~~~[0m
[7m292[0m             call[0] === 'message',
[7m   [0m [91m~~~~~~~~~~~~~~~~~~~~~~~~~~~~~~~~~[0m


[96msrc/workers/__tests__/analytics-worker.test.ts[0m:[93m333[0m:[93m11[0m - [91merror[0m[90m TS2769: [0mNo overload matches this call.
  Overload 1 of 2, '(predicate: (value: any[], index: number, obj: any[][]) => value is any[], thisArg?: any): any[] | undefined', gave the following error.
    Argument of type '(call: [string | symbol, (...args: unknown[]) => void]) => boolean' is not assignable to parameter of type '(value: any[], index: number, obj: any[][]) => value is any[]'.
      Types of parameters 'call' and 'value' are incompatible.
        Type 'any[]' is not assignable to type '[string | symbol, (...args: unknown[]) => void]'.
          Target requires 2 element(s) but source may have fewer.
  Overload 2 of 2, '(predicate: (value: any[], index: number, obj: any[][]) => unknown, thisArg?: any): any[] | undefined', gave the following error.
    Argument of type '(call: [string | symbol, (...args: unknown[]) => void]) => boolean' is not assignable to parameter of type '(value: any[], index: number, obj: any[][]) => unknown'.
      Types of parameters 'call' and 'value' are incompatible.
        Type 'any[]' is not assignable to type '[string | symbol, (...args: unknown[]) => void]'.
          Target requires 2 element(s) but source may have fewer.

[7m333[0m           (call: [string | symbol, (...args: unknown[]) => void]) =>
[7m   [0m [91m          ~~~~~~~~~~~~~~~~~~~~~~~~~~~~~~~~~~~~~~~~~~~~~~~~~~~~~~~~~~[0m
[7m334[0m             call[0] === 'message',
[7m   [0m [91m~~~~~~~~~~~~~~~~~~~~~~~~~~~~~~~~~[0m


[96msrc/workers/notification-worker.ts[0m:[93m21[0m:[93m35[0m - [91merror[0m[90m TS4111: [0mProperty 'NOTIFICATION_WS_PORT' comes from an index signature, so it must be accessed with ['NOTIFICATION_WS_PORT'].

[7m21[0m   const port = Number(process.env.NOTIFICATION_WS_PORT) || 8082
[7m  [0m [91m                                  ~~~~~~~~~~~~~~~~~~~~[0m

[96mtests/api/utils/test-helpers.ts[0m:[93m3[0m:[93m1[0m - [91merror[0m[90m TS6133: [0m'request' is declared but its value is never read.

[7m3[0m import request from 'supertest'
[7m [0m [91m~~~~~~~~~~~~~~~~~~~~~~~~~~~~~~~[0m

[96mtests/api/utils/test-helpers.ts[0m:[93m30[0m:[93m9[0m - [91merror[0m[90m TS6133: [0m'user' is declared but its value is never read.

[7m30[0m   const user = { ...defaultUser, ...userData }
[7m  [0m [91m        ~~~~[0m

[96muno.config.ts[0m:[93m54[0m:[93m21[0m - [91merror[0m[90m TS4111: [0mProperty 'CI' comes from an index signature, so it must be accessed with ['CI'].

[7m54[0m     ...(process.env.CI === 'true' || process.env.NODE_ENV === 'test'
[7m  [0m [91m                    ~~[0m

[96muno.config.ts[0m:[93m54[0m:[93m50[0m - [91merror[0m[90m TS4111: [0mProperty 'NODE_ENV' comes from an index signature, so it must be accessed with ['NODE_ENV'].

[7m54[0m     ...(process.env.CI === 'true' || process.env.NODE_ENV === 'test'
[7m  [0m [91m                                                 ~~~~~~~~[0m


Found 5382 errors in 750 files.

Errors  Files
     3  config/vitest.config.ts[90m:82[0m
     3  playwright.config.ts[90m:19[0m
     1  plugins/index.ts[90m:136[0m
     8  plugins/remark-directive-sugar.ts[90m:124[0m
     1  src/api/middleware/__tests__/auth-test-helpers.ts[90m:53[0m
     9  src/api/middleware/__tests__/auth.middleware.test.ts[90m:56[0m
    12  src/api/middleware/__tests__/auth.test.ts[90m:60[0m
     2  src/api/middleware/__tests__/error-handler.test.ts[90m:112[0m
     2  src/api/middleware/__tests__/middleware-stack.integration.test.ts[90m:116[0m
     2  src/api/middleware/__tests__/rate-limiter.test.ts[90m:66[0m
     3  src/api/middleware/auth.ts[90m:35[0m
     2  src/api/middleware/error-handler.ts[90m:175[0m
     2  src/api/middleware/logger.ts[90m:168[0m
     9  src/api/middleware/rate-limiter.ts[90m:31[0m
    23  src/api/routes/__tests__/auth.test.ts[90m:4[0m
     6  src/api/routes/__tests__/health.test.ts[90m:108[0m
    17  src/api/routes/__tests__/projects.test.ts[90m:387[0m
    16  src/api/routes/auth.ts[90m:14[0m
    18  src/api/routes/documents.ts[90m:54[0m
     3  src/api/routes/health.ts[90m:23[0m
     5  src/api/routes/market-research-full.ts[90m:24[0m
    20  src/api/routes/market-research.ts[90m:19[0m
    11  src/api/routes/projects-full.ts[90m:23[0m
    12  src/api/routes/projects.ts[90m:24[0m
    18  src/api/routes/sales-opportunities.ts[90m:24[0m
    15  src/api/routes/strategic-plans.ts[90m:23[0m
     9  src/api/routes/users.ts[90m:25[0m
     3  src/api/server.ts[90m:46[0m
     1  src/api/services/__tests__/project-service.test.ts[90m:334[0m
     1  src/api/services/market-research-service.ts[90m:8[0m
     9  src/api/services/project-service.ts[90m:203[0m
    17  src/components/MentalHealthChatDemo.tsx[90m:1[0m
    11  src/components/PixelatedEmpathyAgentChat.tsx[90m:93[0m
     6  src/components/admin/EvidenceAssistantPanel.test.tsx[90m:163[0m
     2  src/components/admin/bias-detection/BiasDashboard.tsx[90m:54[0m
     1  src/components/admin/bias-detection/utils/dashboard-type-guards.ts[90m:6[0m
    12  src/components/admin/dlp/DLPRuleEditor.tsx[90m:73[0m
     4  src/components/admin/dlp/DLPRules.ts[90m:29[0m
     1  src/components/ai/AgentMonitorDemo.tsx[90m:2[0m
     1  src/components/ai/AgentPerformanceHeatmap.tsx[90m:2[0m
     1  src/components/ai/MultiAgentThoughtUI.tsx[90m:6[0m
     1  src/components/auth/Auth0UserProfile.tsx[90m:2[0m
     1  src/components/auth/AuthButtons.tsx[90m:1[0m
     1  src/components/auth/AuthProvider.tsx[90m:74[0m
     1  src/components/auth/RegisterForm.tsx[90m:109[0m
     1  src/components/chat/ChatContainer.tsx[90m:2[0m
     2  src/components/chat/ChatMessage.tsx[90m:8[0m
     1  src/components/chat/TherapyChatSystem.tsx[90m:28[0m
     1  src/components/chat/TherapyStyleSelector.tsx[90m:1[0m
     1  src/components/dashboard/SessionControls.tsx[90m:1[0m
     1  src/components/dashboard/SessionMetrics.tsx[90m:1[0m
     1  src/components/dashboard/TherapistDashboard.tsx[90m:1[0m
     1  src/components/dashboard/TherapistProgressTracker.tsx[90m:1[0m
     1  src/components/dashboard/TherapyProgressCharts.tsx[90m:6[0m
     2  src/components/dashboard/__tests__/simple-accessibility.test.tsx[90m:289[0m
     1  src/components/demo/FHEDemo.tsx[90m:1[0m
     1  src/components/demo/PersistentStateDemo.tsx[90m:2[0m
     1  src/components/demo/PresentingProblemVisualization.tsx[90m:1[0m
     1  src/components/demo/PsychologyFrameworksDemo.tsx[90m:9[0m
     2  src/components/journal-research/features/BiasAuditDashboard.tsx[90m:10[0m
     5  src/components/journal-research/lists/__tests__/SessionList.test.tsx[90m:21[0m
     1  src/components/layout/index.ts[90m:1[0m
    11  src/components/memory/MemoryDashboard.tsx[90m:229[0m
     1  src/components/monitoring/__tests__/RUMWidget.test.tsx[90m:2[0m
     2  src/components/notification/__tests__/NotificationCenter.test.tsx[90m:4[0m
     1  src/components/pages/EmotionProgressDemo.tsx[90m:1[0m
     1  src/components/pipeline/WebSocketProgressBar.tsx[90m:1[0m
     1  src/components/pipeline/__tests__/WebSocketProgressBar.test.tsx[90m:5[0m
     1  src/components/research/ExportPanel.tsx[90m:1[0m
     1  src/components/research/ResearchDashboard.tsx[90m:2[0m
     1  src/components/research/SearchFilters.tsx[90m:1[0m
     1  src/components/research/dashboard/ActiveStudiesList.tsx[90m:1[0m
     1  src/components/research/dashboard/InsightsPanel.tsx[90m:2[0m
     1  src/components/research/dashboard/MetricsGrid.tsx[90m:2[0m
     1  src/components/research/dashboard/UpcomingMilestones.tsx[90m:1[0m
     1  src/components/security/FHEDemo.tsx[90m:153[0m
     1  src/components/session/EmotionTemporalAnalysisChart.tsx[90m:56[0m
     4  src/components/session/EmotionTrackingChart.tsx[90m:176[0m
     1  src/components/theme/ThemeProvider.tsx[90m:1[0m
     5  src/components/therapy/TherapeuticGoalsTracker.tsx[90m:63[0m
     2  src/components/training/TrainingSessionComponent.tsx[90m:298[0m
     4  src/components/treatment/TreatmentPlanManager.tsx[90m:2[0m
     1  src/components/ui/AccessibilityAnnouncer.tsx[90m:1[0m
     1  src/components/ui/BiasDetectionForm.tsx[90m:183[0m
     1  src/components/ui/BrainVisualization.tsx[90m:2[0m
     1  src/components/ui/KonamiTrigger.tsx[90m:1[0m
     2  src/components/ui/MindMirrorDashboard.tsx[90m:20[0m
     1  src/components/ui/MobileFormValidation.tsx[90m:415[0m
     1  src/components/ui/OfflineIndicator.tsx[90m:1[0m
     1  src/components/ui/ServiceWorkerUpdater.tsx[90m:1[0m
     2  src/components/ui/UserMenu.tsx[90m:1[0m
     2  src/components/ui/__tests__/Alert.test.ts[90m:2[0m
     2  src/components/ui/__tests__/ThemeToggle.test.ts[90m:100[0m
     1  src/components/ui/astro-icon-components.ts[90m:1[0m
     1  src/components/ui/avatar.tsx[90m:1[0m
     1  src/components/ui/glow-card/GlowCardDemo.tsx[90m:2[0m
     1  src/config/mongodb.config.ts[90m:60[0m
    23  src/config/production.ts[90m:4[0m
     1  src/e2e/breach-notification.spec.ts[90m:106[0m
     1  src/hooks/__tests__/useConversationMemory.test.ts[90m:59[0m
     1  src/hooks/__tests__/useTherapistAnalytics.test.ts[90m:309[0m
     2  src/hooks/useChat.ts[90m:43[0m
     2  src/hooks/useCognitiveDistortionDetection.ts[90m:5[0m
     1  src/hooks/useCollaboration.ts[90m:90[0m
     2  src/hooks/useMemory.ts[90m:12[0m
     5  src/hooks/useMultimodalPixel.ts[90m:96[0m
     1  src/hooks/usePatientModel.ts[90m:49[0m
     6  src/hooks/usePipelineWebSocket.ts[90m:352[0m
     2  src/hooks/usePixelConversationIntegration.ts[90m:218[0m
     3  src/hooks/useTherapistAnalytics.ts[90m:20[0m
     5  src/layouts/__tests__/DocumentationLayout.test.tsx[90m:25[0m
     1  src/lib/__tests__/test-utils.ts[90m:244[0m
     1  src/lib/admin/middleware.ts[90m:89[0m
    22  src/lib/ai/bias-detection/BiasDetectionEngine.ts[90m:21[0m
     3  src/lib/ai/bias-detection/__mocks__/python-bridge.ts[90m:7[0m
     1  src/lib/ai/bias-detection/__tests__/BiasDetectionEngine.performance.test.ts[90m:181[0m
     1  src/lib/ai/bias-detection/__tests__/BiasDetectionEngine.test.ts[90m:1349[0m
     6  src/lib/ai/bias-detection/__tests__/api-analyze.test.ts[90m:187[0m
    58  src/lib/ai/bias-detection/__tests__/audit.test.ts[90m:149[0m
     6  src/lib/ai/bias-detection/__tests__/config.test.ts[90m:95[0m
    18  src/lib/ai/bias-detection/__tests__/fixtures/baseline-scenarios.ts[90m:17[0m
    10  src/lib/ai/bias-detection/__tests__/fixtures/index.ts[90m:47[0m
     3  src/lib/ai/bias-detection/__tests__/utils.test.ts[90m:181[0m
    26  src/lib/ai/bias-detection/cache.ts[90m:849[0m
    50  src/lib/ai/bias-detection/config.ts[90m:17[0m
     2  src/lib/ai/bias-detection/database-service.ts[90m:161[0m
     2  src/lib/ai/bias-detection/intelligent-cache.ts[90m:466[0m
     1  src/lib/ai/bias-detection/metrics-collector.ts[90m:58[0m
     2  src/lib/ai/bias-detection/performance-optimizer.ts[90m:238[0m
     1  src/lib/ai/bias-detection/privacy.ts[90m:19[0m
    11  src/lib/ai/bias-detection/python-bridge.ts[90m:260[0m
     4  src/lib/ai/bias-detection/utils.ts[90m:328[0m
     1  src/lib/ai/crisis/CrisisProtocol.ts[90m:254[0m
     1  src/lib/ai/crisis/CrisisSessionFlaggingService.ts[90m:379[0m
     1  src/lib/ai/datasets/prepare-fine-tuning.test.ts[90m:2[0m
     2  src/lib/ai/datasets/prepare-fine-tuning.ts[90m:3[0m
     1  src/lib/ai/embedding-agent/__tests__/client.test.ts[90m:206[0m
     2  src/lib/ai/embedding-agent/client.ts[90m:176[0m
    18  src/lib/ai/emotions/__tests__/MultidimensionalEmotionMapper.test.ts[90m:344[0m
    11  src/lib/ai/interventionEngine.ts[90m:43[0m
     3  src/lib/ai/memory/__tests__/MemorySystem.test.ts[90m:176[0m
     1  src/lib/ai/memory/linker.ts[90m:1[0m
     2  src/lib/ai/memory/synthesizer.ts[90m:7[0m
     4  src/lib/ai/mental-arena/MentalArenaAdapter.ts[90m:323[0m
     1  src/lib/ai/mental-llama/ClinicalKnowledgeBase.ts[90m:82[0m
     4  src/lib/ai/mental-llama/adapter/MentalLLaMAAdapter.test.ts[90m:433[0m
     1  src/lib/ai/mental-llama/adapter/MentalLLaMAAdapter.ts[90m:38[0m
     9  src/lib/ai/mental-llama/bridge/MentalLLaMAPythonBridge.ts[90m:246[0m
     2  src/lib/ai/mental-llama/bridge/server.ts[90m:27[0m
     1  src/lib/ai/mental-llama/client-adapter.ts[90m:67[0m
     1  src/lib/ai/mental-llama/config.ts[90m:117[0m
     2  src/lib/ai/mental-llama/createProductionLLMInvoker.ts[90m:439[0m
     1  src/lib/ai/mental-llama/evidence/EvidenceExtractor.ts[90m:810[0m
     9  src/lib/ai/mental-llama/evidence/__tests__/EvidenceExtractor.test.ts[90m:77[0m
     7  src/lib/ai/mental-llama/evidence/utils/__tests__/semanticEvidenceParser.test.ts[90m:51[0m
     4  src/lib/ai/mental-llama/index.ts[90m:122[0m
     2  src/lib/ai/mental-llama/utils/testModelIntegration.ts[90m:33[0m
    30  src/lib/ai/modelOptimizer.ts[90m:55[0m
     4  src/lib/ai/models/registry.ts[90m:14[0m
     1  src/lib/ai/performance/index.ts[90m:2[0m
    12  src/lib/ai/privacyEngine.ts[90m:111[0m
     2  src/lib/ai/providers.ts[90m:355[0m
     4  src/lib/ai/realTimeProcessor.ts[90m:217[0m
     6  src/lib/ai/services/AutomatedEscalationService.ts[90m:230[0m
     1  src/lib/ai/services/ContextualAwarenessService.ts[90m:4[0m
     7  src/lib/ai/services/EnhancedTechniqueClassificationService.ts[90m:9[0m
     1  src/lib/ai/services/InterventionAnalysisService.ts[90m:300[0m
     2  src/lib/ai/services/MultiModalRiskAssessmentService.ts[90m:203[0m
     5  src/lib/ai/services/PatientResponseService.ts[90m:614[0m
     9  src/lib/ai/services/PromptOptimizerService.ts[90m:308[0m
     3  src/lib/ai/services/RecommendationService.ts[90m:217[0m
     2  src/lib/ai/services/TherapeuticProgressService.ts[90m:198[0m
     1  src/lib/ai/services/__tests__/PatientProfileService.test.ts[90m:180[0m
     1  src/lib/ai/services/__tests__/TherapeuticProgressService.test.ts[90m:131[0m
     2  src/lib/ai/services/contextual-enhancer.ts[90m:10[0m
    11  src/lib/ai/services/crisis-detection.ts[90m:25[0m
    32  src/lib/ai/services/llm-tool-call-transformer.ts[90m:85[0m
     5  src/lib/ai/services/outcome-recommendation-types.ts[90m:17[0m
     2  src/lib/ai/services/real-time-analyzer.ts[90m:295[0m
    19  src/lib/ai/services/server.ts[90m:24[0m
     9  src/lib/ai/temporal/TemporalAnalysisAlgorithm.ts[90m:97[0m
     1  src/lib/ai/tensorflow-compatibility.ts[90m:58[0m
     2  src/lib/ai/types/intervention-types.ts[90m:7[0m
     2  src/lib/ai/validation/clinical-validator.ts[90m:169[0m
     7  src/lib/analytics/AnalyticsDataService.ts[90m:68[0m
    15  src/lib/analytics/__tests__/breach-analytics.test.ts[90m:74[0m
     3  src/lib/analytics/breach-analytics.ts[90m:208[0m
     1  src/lib/analytics/breach.ts[90m:17[0m
     2  src/lib/analytics/statistics.ts[90m:37[0m
     4  src/lib/analytics/universal-demo-analytics.ts[90m:47[0m
    21  src/lib/animations/sequences.ts[90m:673[0m
     2  src/lib/api/evaluation.test.ts[90m:1[0m
    49  src/lib/api/evidence-assistant.ts[90m:44[0m
    48  src/lib/api/journal-research/bias-audit-types.ts[90m:241[0m
     1  src/lib/api/journal-research/client.ts[90m:83[0m
     1  src/lib/api/journal-research/react-query.tsx[90m:95[0m
     5  src/lib/api/mcp-integration.ts[90m:167[0m
    11  src/lib/api/psychology-pipeline-demo.ts[90m:460[0m
     1  src/lib/api/research.ts[90m:80[0m
     2  src/lib/api/therapeutic.ts[90m:64[0m
     6  src/lib/api/versioning.ts[90m:125[0m
    23  src/lib/audit.ts[90m:45[0m
     4  src/lib/audit/analysis.ts[90m:53[0m
     2  src/lib/audit/metrics.ts[90m:10[0m
     1  src/lib/auth-client.ts[90m:25[0m
    24  src/lib/auth/__tests__/integration.test.ts[90m:189[0m
     4  src/lib/auth/__tests__/middleware.test.ts[90m:78[0m
     4  src/lib/auth/__tests__/multi-role-auth.test.ts[90m:130[0m
     7  src/lib/auth/auth0-adaptive-mfa-service.ts[90m:22[0m
     5  src/lib/auth/auth0-config.ts[90m:53[0m
     1  src/lib/auth/auth0-impersonation-service.ts[90m:14[0m
    30  src/lib/auth/auth0-jwt-service.ts[90m:24[0m
     8  src/lib/auth/auth0-mfa-service.ts[90m:41[0m
    12  src/lib/auth/auth0-middleware.ts[90m:91[0m
     2  src/lib/auth/auth0-protected-fetch.ts[90m:20[0m
    13  src/lib/auth/auth0-rbac-service.ts[90m:47[0m
    11  src/lib/auth/auth0-social-auth-service.ts[90m:12[0m
    17  src/lib/auth/auth0-webauthn-service.ts[90m:13[0m
    27  src/lib/auth/config.ts[90m:11[0m
     2  src/lib/auth/cors-config.ts[90m:10[0m
     2  src/lib/auth/index.ts[90m:12[0m
     3  src/lib/auth/session.ts[90m:7[0m
     4  src/lib/auth/user-identity.ts[90m:113[0m
     1  src/lib/auth/utils.ts[90m:125[0m
    26  src/lib/backup/verify.ts[90m:34[0m
     2  src/lib/business-strategy/config/database.ts[90m:8[0m
     1  src/lib/business-strategy/index.ts[90m:10[0m
    20  src/lib/business-strategy/services/audit.ts[90m:53[0m
     2  src/lib/business-strategy/services/base-service.ts[90m:33[0m
     5  src/lib/business-strategy/services/competitive-intelligence.ts[90m:10[0m
     3  src/lib/business-strategy/services/document-management.ts[90m:13[0m
     7  src/lib/business-strategy/services/market-research.ts[90m:10[0m
     7  src/lib/business-strategy/services/user-management.ts[90m:11[0m
     8  src/lib/business-strategy/services/workflow-engine.ts[90m:10[0m
     3  src/lib/cache/advanced-cache-strategy.ts[90m:7[0m
     1  src/lib/cache/invalidation.ts[90m:1[0m
     2  src/lib/chat/fheChat.ts[90m:47[0m
    17  src/lib/collaboration/collaborationManager.ts[90m:84[0m
    18  src/lib/config/performance-config.ts[90m:165[0m
     1  src/lib/crypto.ts[90m:51[0m
     2  src/lib/crypto/encryption.ts[90m:86[0m
     1  src/lib/crypto/example.ts[90m:124[0m
     1  src/lib/crypto/keyRotation.ts[90m:148[0m
     7  src/lib/crypto/keyStorage.ts[90m:90[0m
    39  src/lib/data/auth0-bulk-import-export-service.ts[90m:6[0m
    13  src/lib/data/auth0-soft-delete-service.ts[90m:15[0m
     3  src/lib/database/connection.ts[90m:28[0m
     3  src/lib/database/indexingStrategy.ts[90m:45[0m
     2  src/lib/database/mongodb/schemas.ts[90m:820[0m
    31  src/lib/db/ai/repository.ts[90m:2[0m
    10  src/lib/db/connection-pool-optimizer.ts[90m:8[0m
    11  src/lib/db/conversations.ts[90m:23[0m
     5  src/lib/db/index.ts[90m:8[0m
    10  src/lib/db/messages.ts[90m:22[0m
     2  src/lib/db/migrations/20250320_add_ai_performance_metrics.ts[90m:7[0m
     4  src/lib/db/optimized-queries.ts[90m:6[0m
     1  src/lib/db/pool-events.ts[90m:13[0m
     2  src/lib/db/security/initialize.ts[90m:19[0m
     2  src/lib/db/security/schema.ts[90m:1[0m
     3  src/lib/deployment/multi-region/AutomatedFailoverOrchestrator.ts[90m:36[0m
    10  src/lib/deployment/multi-region/CloudProviderManager.ts[90m:104[0m
    49  src/lib/deployment/multi-region/ConfigurationManager.ts[90m:171[0m
    83  src/lib/deployment/multi-region/CrossRegionDataSyncManager.ts[90m:40[0m
     7  src/lib/deployment/multi-region/DeploymentOrchestrator.ts[90m:987[0m
     3  src/lib/deployment/multi-region/EdgeComputingManager.ts[90m:2222[0m
    11  src/lib/deployment/multi-region/GlobalTrafficRoutingManager.ts[90m:553[0m
     1  src/lib/deployment/multi-region/HealthMonitor.ts[90m:86[0m
     2  src/lib/deployment/multi-region/MultiRegionDeploymentManager.ts[90m:127[0m
    62  src/lib/deployment/multi-region/ServiceDiscoveryManager.ts[90m:105[0m
    21  src/lib/deployment/multi-region/index.ts[90m:622[0m
    12  src/lib/deployment/productionManager.ts[90m:64[0m
     6  src/lib/documentation/DocumentationSystem.ts[90m:73[0m
     2  src/lib/documentation/useDocumentation.ts[90m:416[0m
     1  src/lib/ehr/__tests__/allscripts.test.ts[90m:32[0m
     1  src/lib/ehr/__tests__/athenahealth.test.ts[90m:18[0m
     1  src/lib/ehr/__tests__/cerner.test.ts[90m:19[0m
     2  src/lib/ehr/__tests__/ehr.test.ts[90m:22[0m
     5  src/lib/evidence-assistant/frontmatter.ts[90m:27[0m
    24  src/lib/export/index.node.ts[90m:359[0m
     4  src/lib/fhe/__tests__/key-rotation.test.ts[90m:42[0m
     1  src/lib/fhe/__tests__/multi-tenant-isolation.test.ts[90m:80[0m
     7  src/lib/fhe/analytics.ts[90m:291[0m
     1  src/lib/fhe/dynamic-fhe.tsx[90m:8[0m
    28  src/lib/fhe/fhe-factory.ts[90m:130[0m
     5  src/lib/fhe/fhe-service.ts[90m:12[0m
    31  src/lib/fhe/hipaa-monitoring.ts[90m:425[0m
    30  src/lib/fhe/homomorphic-ops.ts[90m:47[0m
     1  src/lib/fhe/index.ts[90m:56[0m
    28  src/lib/fhe/key-rotation.ts[90m:101[0m
    11  src/lib/fhe/parameter-optimizer.ts[90m:496[0m
     2  src/lib/fhe/pattern-recognition-factory.ts[90m:132[0m
     7  src/lib/fhe/seal-operations.ts[90m:230[0m
     3  src/lib/fhe/seal-pattern-recognition.ts[90m:89[0m
     3  src/lib/fhe/test-seal-integration.ts[90m:78[0m
     3  src/lib/fhe/types.ts[90m:319[0m
     1  src/lib/governance/__tests__/lifecycle-manager.test.ts[90m:3[0m
     1  src/lib/governance/__tests__/policy-engine.test.ts[90m:102[0m
     1  src/lib/governance/__tests__/policy-reload.test.ts[90m:20[0m
     4  src/lib/governance/__tests__/policy-store.test.ts[90m:79[0m
     1  src/lib/governance/__tests__/secure-delete.test.ts[90m:25[0m
     2  src/lib/governance/__tests__/unified-monitor.test.ts[90m:22[0m
     1  src/lib/governance/compliance-validator.ts[90m:3[0m
     1  src/lib/governance/index.ts[90m:2[0m
     1  src/lib/governance/lifecycle-manager.ts[90m:8[0m
     4  src/lib/governance/policy-engine.ts[90m:5[0m
     1  src/lib/governance/policy-store.ts[90m:25[0m
     1  src/lib/governance/unified-monitor.ts[90m:3[0m
    13  src/lib/hooks/journal-research/__tests__/useAcquisition.test.tsx[90m:85[0m
    10  src/lib/hooks/journal-research/__tests__/useDiscovery.test.tsx[90m:80[0m
    14  src/lib/hooks/journal-research/__tests__/useEvaluation.test.tsx[90m:91[0m
    11  src/lib/hooks/journal-research/__tests__/useIntegration.test.tsx[90m:87[0m
     2  src/lib/hooks/journal-research/__tests__/useProgress.test.tsx[90m:118[0m
     3  src/lib/hooks/journal-research/__tests__/useReports.test.tsx[90m:62[0m
     7  src/lib/hooks/journal-research/__tests__/useSession.test.tsx[90m:11[0m
     1  src/lib/hooks/journal-research/useWebSocket.ts[90m:263[0m
     3  src/lib/hooks/use-bias-audit.ts[90m:23[0m
     8  src/lib/jobs/queue.ts[90m:118[0m
     2  src/lib/jobs/worker.ts[90m:156[0m
     2  src/lib/logging/performance-logger.ts[90m:110[0m
     4  src/lib/memory/__tests__/emotion-classifier.test.ts[90m:12[0m
     1  src/lib/memory/__tests__/gates.test.ts[90m:71[0m
     1  src/lib/memory/__tests__/importance-scorer.test.ts[90m:217[0m
    12  src/lib/memory/__tests__/memory-api-client.test.ts[90m:6[0m
     9  src/lib/memory/consolidation/dedup.ts[90m:27[0m
     1  src/lib/memory/consolidation/forgetting.ts[90m:2[0m
    11  src/lib/memory/consolidation/index.ts[90m:3[0m
     9  src/lib/memory/consolidation/memory-inventory.test.ts[90m:1[0m
     6  src/lib/memory/consolidation/memory-inventory.ts[90m:126[0m
     6  src/lib/memory/consolidation/rem-dream.ts[90m:83[0m
     2  src/lib/memory/consolidation/rules.ts[90m:130[0m
    17  src/lib/memory/fine_tuning/dataset-preparation.ts[90m:36[0m
     7  src/lib/memory/fine_tuning/evaluation.ts[90m:49[0m
    11  src/lib/memory/fine_tuning/fine_tuning.test.ts[90m:6[0m
     8  src/lib/memory/fine_tuning/index.ts[90m:3[0m
     2  src/lib/memory/memory-client.ts[90m:183[0m
     1  src/lib/memory/reflection/action-pipeline.ts[90m:57[0m
     4  src/lib/mental-health/__tests__/service.test.ts[90m:16[0m
     3  src/lib/mental-health/analyzer.ts[90m:101[0m
     5  src/lib/mental-health/service.ts[90m:26[0m
     1  src/lib/mental-health/therapist.ts[90m:44[0m
    10  src/lib/metaaligner/__tests__/adaptive-selection-integration.test.ts[90m:22[0m
     4  src/lib/metaaligner/__tests__/integration.test.ts[90m:54[0m
     2  src/lib/metaaligner/batch/batch-processor.ts[90m:53[0m
     7  src/lib/metaaligner/config/context-mapper-service.ts[90m:185[0m
     9  src/lib/metaaligner/config/mapping-config.test.ts[90m:33[0m
     1  src/lib/metaaligner/context/context-injector.ts[90m:47[0m
    18  src/lib/metaaligner/core/dynamic-weighting-benchmark.ts[90m:6[0m
    13  src/lib/metaaligner/core/dynamic-weighting.test.ts[90m:149[0m
     8  src/lib/metaaligner/core/dynamic-weighting.ts[90m:210[0m
     2  src/lib/metaaligner/core/objective-interfaces.test.ts[90m:54[0m
    38  src/lib/metaaligner/core/objective-metrics.test.ts[90m:155[0m
    16  src/lib/metaaligner/core/objective-weighting.test.ts[90m:129[0m
     7  src/lib/metaaligner/core/objective-weighting.ts[90m:200[0m
     1  src/lib/metaaligner/core/objectives.test.ts[90m:300[0m
     1  src/lib/metaaligner/error-handling/circuit-breaker.ts[90m:34[0m
     1  src/lib/metaaligner/formats/conversion.ts[90m:37[0m
     4  src/lib/metaaligner/formats/schemas.ts[90m:13[0m
     2  src/lib/metaaligner/objectives/objective-injector.ts[90m:8[0m
     8  src/lib/metaaligner/prioritization/EducationalContextRecognizer.ts[90m:246[0m
     4  src/lib/metaaligner/prioritization/adaptive-selector.test.ts[90m:391[0m
     3  src/lib/metaaligner/prioritization/adaptive-selector.ts[90m:136[0m
    11  src/lib/metaaligner/prioritization/context-detector.test.ts[90m:107[0m
     1  src/lib/metaaligner/prioritization/context-transition-detector.test.ts[90m:377[0m
     6  src/lib/metaaligner/prioritization/context-transition-detector.ts[90m:198[0m
     1  src/lib/metaaligner/prioritization/educational-context-recognizer.test.ts[90m:31[0m
     6  src/lib/metaaligner/prioritization/objective-switcher.test.ts[90m:4[0m
     1  src/lib/metaaligner/prioritization/support-context-identifier.test.ts[90m:35[0m
     8  src/lib/metaaligner/prioritization/support-context-identifier.ts[90m:461[0m
    17  src/lib/metaaligner/prioritization/user-preferences.test.ts[90m:261[0m
     2  src/lib/metaaligner/prioritization/user-preferences.ts[90m:469[0m
    11  src/lib/metaaligner/processing/enhancement-pipeline.ts[90m:113[0m
     1  src/lib/metaaligner/streaming/streaming-handler.ts[90m:42[0m
     1  src/lib/middleware/csrf.ts[90m:5[0m
     8  src/lib/middleware/rate-limit.ts[90m:57[0m
     1  src/lib/middleware/rate-limiter.ts[90m:25[0m
     5  src/lib/middleware/securityHeaders.ts[90m:17[0m
     7  src/lib/monitoring/ai-monitoring-service.ts[90m:3[0m
    28  src/lib/monitoring/auth0-activity-tracking-service.ts[90m:15[0m
     2  src/lib/monitoring/config.ts[90m:55[0m
     6  src/lib/monitoring/hooks.ts[90m:16[0m
    39  src/lib/monitoring/performanceMonitor.ts[90m:118[0m
     8  src/lib/monitoring/service.ts[90m:93[0m
     4  src/lib/monitoring/setup.ts[90m:27[0m
    10  src/lib/patient/patientManager.ts[90m:8[0m
     6  src/lib/polyfills/browser-polyfills.ts[90m:295[0m
     1  src/lib/providers/AnalyticsProvider.tsx[90m:2[0m
     2  src/lib/providers/SecurityProvider.tsx[90m:199[0m
    15  src/lib/rate-limiting/__tests__/rate-limiter.test.ts[90m:131[0m
    36  src/lib/rate-limiting/analytics.ts[90m:89[0m
    15  src/lib/rate-limiting/config.ts[90m:287[0m
     2  src/lib/rate-limiting/index.ts[90m:133[0m
     5  src/lib/rate-limiting/middleware.ts[90m:26[0m
    47  src/lib/rate-limiting/rate-limiter.ts[90m:25[0m
     8  src/lib/redis.test.ts[90m:67[0m
    15  src/lib/redis.ts[90m:67[0m
     1  src/lib/repositories/emotionsRepository.ts[90m:1[0m
    63  src/lib/research/ResearchPlatform.ts[90m:742[0m
     5  src/lib/research/services/AnonymizationPipelineService.ts[90m:440[0m
     1  src/lib/research/services/AnonymizationService.ts[90m:459[0m
     2  src/lib/research/services/EvidenceGenerationService.ts[90m:40[0m
     8  src/lib/research/services/HIPAADataService.ts[90m:132[0m
    37  src/lib/research/services/PatternDiscoveryService.ts[90m:94[0m
     8  src/lib/research/services/ResearchQueryEngine.ts[90m:41[0m
     3  src/lib/research/services/ResearchQueryEngineService.ts[90m:15[0m
     2  src/lib/security.ts[90m:222[0m
     5  src/lib/security/__tests__/audit.logging.test.ts[90m:62[0m
    21  src/lib/security/__tests__/breach-notification.integration.test.ts[90m:90[0m
    39  src/lib/security/__tests__/breach-notification.test.ts[90m:68[0m
     2  src/lib/security/__tests__/dlp.test.ts[90m:120[0m
     2  src/lib/security/baa/BaaDocumentGenerator.ts[90m:30[0m
     7  src/lib/security/baa/BaaTemplateService.ts[90m:219[0m
     2  src/lib/security/baa/ComplianceVerificationService.ts[90m:530[0m
     5  src/lib/security/backup/index.ts[90m:60[0m
     3  src/lib/security/backup/storage-providers.browser.ts[90m:111[0m
     4  src/lib/security/backup/storage-providers/aws-s3.ts[90m:74[0m
     4  src/lib/security/backup/storage-providers/google-cloud.ts[90m:66[0m
     1  src/lib/security/backup/storage-providers/local-fs.ts[90m:42[0m
    23  src/lib/security/breach-notification.ts[90m:92[0m
     1  src/lib/security/dlp-integration.ts[90m:73[0m
     1  src/lib/security/phiDetection.ts[90m:391[0m
     5  src/lib/security/pii/index.ts[90m:12[0m
     4  src/lib/security/random.ts[90m:55[0m
    27  src/lib/security/secrets-manager.ts[90m:15[0m
     3  src/lib/security/secrets.ts[90m:37[0m
    41  src/lib/security/threat-intelligence/AutomatedThreatResponseOrchestrator.ts[90m:9[0m
    79  src/lib/security/threat-intelligence/EdgeThreatDetectionSystem.ts[90m:10[0m
    24  src/lib/security/threat-intelligence/ExternalThreatFeedIntegration.ts[90m:16[0m
    10  src/lib/security/threat-intelligence/GlobalThreatIntelligenceNetwork.ts[90m:9[0m
    36  src/lib/security/threat-intelligence/ThreatCorrelationEngine.ts[90m:9[0m
     7  src/lib/security/threat-intelligence/ThreatHuntingSystem.ts[90m:9[0m
     9  src/lib/security/threat-intelligence/ThreatIntelligenceDatabase.ts[90m:9[0m
    20  src/lib/security/threat-intelligence/ThreatValidationSystem.ts[90m:9[0m
   172  src/lib/security/threat-intelligence/config.ts[90m:8[0m
    26  src/lib/security/threat-intelligence/index.ts[90m:10[0m
     1  src/lib/security/verification.ts[90m:13[0m
     2  src/lib/sentry/config.ts[90m:98[0m
     2  src/lib/server-only/MentalLLaMAPythonBridge.ts[90m:9[0m
     7  src/lib/server/internal-memory-scope.ts[90m:8[0m
    20  src/lib/server/internal-memory-service-auth.test.ts[90m:19[0m
     7  src/lib/server/internal-memory-service-auth.ts[90m:12[0m
     1  src/lib/services/ComponentIntegrationService.ts[90m:31[0m
     2  src/lib/services/TaskListManager.ts[90m:8[0m
     1  src/lib/services/ai/GestaltClient.ts[90m:44[0m
     1  src/lib/services/analytics/AnalyticsService.mock.ts[90m:13[0m
     2  src/lib/services/analytics/AnalyticsService.ts[90m:243[0m
     1  src/lib/services/analytics/ComparativeProgressService.ts[90m:124[0m
     1  src/lib/services/analytics/__tests__/AnalyticsService.test.ts[90m:184[0m
     1  src/lib/services/analytics/__tests__/ComparativeProgressService.test.ts[90m:13[0m
     4  src/lib/services/bias-audit-service.ts[90m:602[0m
     1  src/lib/services/bias-detection-optimized.ts[90m:416[0m
     2  src/lib/services/cacheService.ts[90m:108[0m
     3  src/lib/services/cdn-optimizer.ts[90m:10[0m
     3  src/lib/services/email/EmailService.ts[90m:28[0m
     1  src/lib/services/email/__tests__/EmailService.test.ts[90m:107[0m
     7  src/lib/services/health-monitor.ts[90m:133[0m
     8  src/lib/services/integration-test.ts[90m:61[0m
     3  src/lib/services/notification/NotificationService.ts[90m:5[0m
    21  src/lib/services/notification/__tests__/NotificationService.test.ts[90m:197[0m
     1  src/lib/services/notification/pushUtils.ts[90m:53[0m
     2  src/lib/services/notification/smsUtils.ts[90m:1[0m
     9  src/lib/services/patient-rights/dataDeleteService.ts[90m:68[0m
     2  src/lib/services/performance-optimizer.ts[90m:390[0m
    48  src/lib/services/phase3-integration-test.ts[90m:59[0m
     2  src/lib/services/product-memory-gateway.ts[90m:100[0m
     6  src/lib/services/redis/RedisService.ts[90m:78[0m
     4  src/lib/services/redis/__tests__/PatternRecognition.integration.test.ts[90m:2[0m
     4  src/lib/services/redis/__tests__/RedisService.integration.test.ts[90m:187[0m
    11  src/lib/services/redis/__tests__/RedisService.perf.test.ts[90m:7[0m
     2  src/lib/services/redis/__tests__/RedisService.test.ts[90m:80[0m
     1  src/lib/services/redis/__tests__/run-tests.ts[90m:152[0m
     2  src/lib/services/training/TrainingWebSocketServer.ts[90m:245[0m
     2  src/lib/services/training/server.ts[90m:3[0m
     1  src/lib/services/uptime-monitor.ts[90m:148[0m
     2  src/lib/services/websocket/BiasWebSocketServer.ts[90m:595[0m
     2  src/lib/sessionStore.ts[90m:12[0m
     1  src/lib/skillCategories.ts[90m:60[0m
     6  src/lib/state/jotai-persistence.ts[90m:61[0m
     2  src/lib/state/persistence.ts[90m:22[0m
     1  src/lib/store.ts[90m:265[0m
     8  src/lib/stores/fhe-store.ts[90m:231[0m
     3  src/lib/supabase.ts[90m:2[0m
     1  src/lib/testing/comprehensiveTestSuite.ts[90m:44[0m
     1  src/lib/testing/performance-benchmarks.ts[90m:475[0m
     1  src/lib/testing/test-helpers.ts[90m:126[0m
    10  src/lib/threat-detection/__tests__/phase8-integration.test.ts[90m:45[0m
     3  src/lib/threat-detection/behavioral/__tests__/behavioral-analysis.test.ts[90m:8[0m
     2  src/lib/threat-detection/behavioral/analyzers/analyzer-utils.ts[90m:18[0m
    34  src/lib/threat-detection/behavioral/analyzers/ml-anomaly-detector.ts[90m:104[0m
     1  src/lib/threat-detection/behavioral/analyzers/spatial-analysis.service.ts[90m:11[0m
     1  src/lib/threat-detection/behavioral/analyzers/temporal-analysis.service.ts[90m:7[0m
     1  src/lib/threat-detection/behavioral/behavioral-analysis-repository.ts[90m:109[0m
     1  src/lib/threat-detection/behavioral/behavioral-analysis-service.ts[90m:20[0m
    17  src/lib/threat-detection/behavioral/miners/sequential-pattern-miner.ts[90m:25[0m
     5  src/lib/threat-detection/integrations/__tests__/integration.test.ts[90m:140[0m
    79  src/lib/threat-detection/integrations/external-threat-intelligence.ts[90m:4[0m
     7  src/lib/threat-detection/integrations/index.ts[90m:114[0m
    27  src/lib/threat-detection/integrations/production-system.ts[90m:98[0m
     7  src/lib/threat-detection/integrations/rate-limiting-bridge.ts[90m:168[0m
     9  src/lib/threat-detection/integrations/threat-detection-service.ts[90m:79[0m
    15  src/lib/threat-detection/integrations/utils.ts[90m:163[0m
    36  src/lib/threat-detection/ml-model-serving/model-server.ts[90m:10[0m
    31  src/lib/threat-detection/monitoring/__tests__/monitoring.test.ts[90m:120[0m
    52  src/lib/threat-detection/monitoring/ai-enhanced-monitoring.ts[90m:9[0m
    16  src/lib/threat-detection/monitoring/alert-utils.ts[90m:165[0m
    16  src/lib/threat-detection/monitoring/metrics-utils.ts[90m:92[0m
    12  src/lib/threat-detection/predictive/predictive-threat-intelligence.ts[90m:3[0m
    20  src/lib/threat-detection/response-orchestration.ts[90m:10[0m
     3  src/lib/threat-detection/threat-hunting/__tests__/threat-hunting.test.ts[90m:101[0m
     3  src/lib/threat-detection/threat-hunting/investigation-utils.ts[90m:140[0m
     1  src/lib/threat-detection/threat-hunting/threat-hunting-service.ts[90m:39[0m
     7  src/lib/threat-detection/threat-hunting/threat-investigation-manager.ts[90m:6[0m
     1  src/lib/threat-detection/threat-hunting/threat-ml-inference-manager.ts[90m:8[0m
     7  src/lib/threat-detection/threat-hunting/threat-query-provider.ts[90m:21[0m
     1  src/lib/threat-detection/threat-hunting/types.ts[90m:1[0m
     2  src/lib/threat-detection/threat-hunting/utils/threat-data-utils.ts[90m:120[0m
    10  src/lib/threat-intelligence/config/ThreatIntelligenceConfig.ts[90m:6[0m
    39  src/lib/threat-intelligence/correlation/ThreatCorrelationEngine.ts[90m:9[0m
    15  src/lib/threat-intelligence/database/ThreatIntelligenceDatabase.ts[90m:8[0m
    12  src/lib/threat-intelligence/edge/EdgeThreatDetectionSystem.ts[90m:9[0m
    28  src/lib/threat-intelligence/feeds/ExternalThreatFeedIntegration.ts[90m:9[0m
    13  src/lib/threat-intelligence/global/GlobalThreatIntelligenceNetwork.ts[90m:92[0m
    48  src/lib/threat-intelligence/hunting/ThreatHuntingSystem.ts[90m:8[0m
    32  src/lib/threat-intelligence/orchestration/AutomatedThreatResponseOrchestrator.ts[90m:8[0m
     2  src/lib/threat-intelligence/tests/GlobalThreatIntelligenceNetwork.test.ts[90m:680[0m
    31  src/lib/threat-intelligence/validation/ThreatValidationSystem.ts[90m:8[0m
    14  src/lib/tracing/config.ts[90m:47[0m
     1  src/lib/tracing/middleware.ts[90m:69[0m
     6  src/lib/utils.ts[90m:73[0m
     2  src/lib/utils/__tests__/json-extraction.test.ts[90m:101[0m
     1  src/lib/utils/deduplication.test.ts[90m:255[0m
     2  src/lib/utils/deduplication.ts[90m:33[0m
     1  src/lib/utils/demo-helpers.test.ts[90m:444[0m
    18  src/lib/utils/demo-helpers.ts[90m:591[0m
     2  src/lib/utils/ids.ts[90m:20[0m
     4  src/lib/utils/image-optimizer.ts[90m:437[0m
     1  src/lib/utils/json-extraction.ts[90m:135[0m
     1  src/lib/utils/json-validator.test.ts[90m:6[0m
     1  src/lib/utils/platform-status.ts[90m:430[0m
     8  src/lib/validation/react-hook-form.ts[90m:44[0m
     1  src/lib/validation/validateRequestBody.ts[90m:5[0m
    13  src/lib/websocket/__tests__/server.test.ts[90m:65[0m
     6  src/load-tests/breach-notification.load.ts[90m:6[0m
     1  src/middleware/security.ts[90m:121[0m
     1  src/pages/ai/mental-health/analyze.ts[90m:20[0m
     1  src/pages/api/admin.bak/audit-logs.ts[90m:7[0m
     2  src/pages/api/admin.bak/backup/recovery-test.ts[90m:173[0m
     3  src/pages/api/admin.bak/patient-rights/delete-request.ts[90m:21[0m
     2  src/pages/api/admin.bak/patient-rights/update-deletion-request.ts[90m:16[0m
     8  src/pages/api/admin.bak/sessions.ts[90m:22[0m
     8  src/pages/api/admin.bak/users.ts[90m:23[0m
     1  src/pages/api/agent-notes/handoffs.ts[90m:83[0m
     1  src/pages/api/agent-notes/syntheses.ts[90m:59[0m
     3  src/pages/api/agent-notes/turns.ts[90m:182[0m
     2  src/pages/api/ai/auth0-high-risk-detections.ts[90m:12[0m
     1  src/pages/api/ai/crisis-detection.ts[90m:50[0m
     2  src/pages/api/ai/embeddings/batch.ts[90m:45[0m
     2  src/pages/api/ai/embeddings/embed.ts[90m:46[0m
     5  src/pages/api/ai/embeddings/search.ts[90m:268[0m
    12  src/pages/api/ai/evidence-assistant.ts[90m:158[0m
     3  src/pages/api/ai/high-risk-detections.ts[90m:25[0m
     1  src/pages/api/ai/intervention-analysis.ts[90m:26[0m
     1  src/pages/api/ai/performance-metrics.ts[90m:52[0m
     2  src/pages/api/ai/pixel/infer-multimodal.ts[90m:18[0m
     3  src/pages/api/ai/pixel/infer-stream.ts[90m:3[0m
     2  src/pages/api/ai/pixel/infer.ts[90m:92[0m
     1  src/pages/api/ai/pixel/stats.ts[90m:5[0m
     2  src/pages/api/ai/response.ts[90m:76[0m
     1  src/pages/api/ai/usage-stats.ts[90m:52[0m
     2  src/pages/api/ai/usage.ts[90m:81[0m
     2  src/pages/api/ai/validation/history.ts[90m:29[0m
     9  src/pages/api/ai/validation/results.ts[90m:31[0m
     5  src/pages/api/ai/validation/run.ts[90m:22[0m
     2  src/pages/api/ai/validation/schedule.ts[90m:17[0m
     1  src/pages/api/ai/validation/start.ts[90m:29[0m
     1  src/pages/api/ai/validation/stop.ts[90m:34[0m
     2  src/pages/api/analytics/comparative-progress.ts[90m:28[0m
     1  src/pages/api/analytics/dashboard.ts[90m:243[0m
    11  src/pages/api/analytics/demo-tracking.ts[90m:15[0m
     4  src/pages/api/analytics/engagement.ts[90m:15[0m
     3  src/pages/api/analytics/treatment-forecast.ts[90m:25[0m
     1  src/pages/api/audit/metrics.ts[90m:111[0m
     6  src/pages/api/auth/auth0-admin-users.ts[90m:63[0m
     8  src/pages/api/auth/auth0-analytics-charts.ts[90m:170[0m
     1  src/pages/api/auth/auth0-callback.ts[90m:140[0m
     7  src/pages/api/auth/auth0-enhanced-treatment-plans.ts[90m:422[0m
     3  src/pages/api/auth/auth0-multidimensional-map.ts[90m:172[0m
     5  src/pages/api/auth/auth0-particle-emotion-system.ts[90m:170[0m
     9  src/pages/api/auth/auth0-preferences.ts[90m:141[0m
    11  src/pages/api/auth/auth0-profile.ts[90m:11[0m
    10  src/pages/api/auth/auth0-recovery-tests.ts[90m:77[0m
     4  src/pages/api/auth/auth0-risk-correlations.ts[90m:80[0m
     3  src/pages/api/auth/auth0-session-analysis.ts[90m:103[0m
     4  src/pages/api/auth/auth0-session-analytics.ts[90m:74[0m
     4  src/pages/api/auth/auth0-sessions.ts[90m:167[0m
     2  src/pages/api/auth/auth0-temporal-emotions.ts[90m:216[0m
     5  src/pages/api/auth/auth0-todos.ts[90m:51[0m
    10  src/pages/api/auth/profile.ts[90m:60[0m
     3  src/pages/api/auth/refresh.ts[90m:58[0m
     2  src/pages/api/auth/register/route.ts[90m:26[0m
     2  src/pages/api/auth/signin.ts[90m:79[0m
     1  src/pages/api/auth/signout.ts[90m:26[0m
     1  src/pages/api/auth/signup.ts[90m:139[0m
     2  src/pages/api/bias-analysis/analyze-optimized.ts[90m:59[0m
     1  src/pages/api/bias-analysis/analyze.ts[90m:16[0m
    10  src/pages/api/bias-detection/export.ts[90m:137[0m
     4  src/pages/api/bias-detection/submit-batch-job.ts[90m:4[0m
     6  src/pages/api/bias-detection/test-notification.ts[90m:8[0m
     7  src/pages/api/browser-compatibility/data.ts[90m:23[0m
     7  src/pages/api/components/analytics/charts.ts[90m:46[0m
     4  src/pages/api/components/particles/emotion-system.ts[90m:79[0m
     5  src/pages/api/components/treatment-plans/enhanced.ts[90m:139[0m
    10  src/pages/api/crisis/session-flags.ts[90m:8[0m
     8  src/pages/api/dashboard/bias-detection/analytics.ts[90m:112[0m
     2  src/pages/api/dashboard/bias-detection/summary.ts[90m:76[0m
     1  src/pages/api/demos/bias-detection/analyze.ts[90m:83[0m
    15  src/pages/api/demos/bias-detection/export.ts[90m:11[0m
     1  src/pages/api/demos/bias-detection/presets.ts[90m:11[0m
     1  src/pages/api/developer/api-keys/[id].ts[90m:72[0m
     1  src/pages/api/developer/api-keys/index.ts[90m:36[0m
     1  src/pages/api/documentation/export.ts[90m:32[0m
     4  src/pages/api/documentation/generate.ts[90m:74[0m
     1  src/pages/api/emotions/dimensional.ts[90m:3[0m
     1  src/pages/api/emotions/multidimensional-map.ts[90m:25[0m
     1  src/pages/api/emotions/real-time-analysis.ts[90m:84[0m
     1  src/pages/api/emotions/session-analysis.ts[90m:22[0m
     1  src/pages/api/evaluation.ts[90m:232[0m
     2  src/pages/api/examples/profiling-demo.ts[90m:20[0m
     4  src/pages/api/export/conversation.ts[90m:117[0m
     1  src/pages/api/goals/[id].ts[90m:83[0m
     4  src/pages/api/memory/[memoryId].ts[90m:12[0m
     2  src/pages/api/memory/stats/[userId].ts[90m:12[0m
     1  src/pages/api/mental-health/chat.ts[90m:1[0m
     1  src/pages/api/mental-health/crisis-detection.ts[90m:599[0m
     1  src/pages/api/mock-client-response.ts[90m:9[0m
     5  src/pages/api/notifications/preferences.ts[90m:9[0m
     3  src/pages/api/notifications/register.ts[90m:9[0m
     3  src/pages/api/notifications/send-test.ts[90m:9[0m
     3  src/pages/api/notifications/unregister.ts[90m:9[0m
     1  src/pages/api/patient-rights/cancel-export.ts[90m:17[0m
     4  src/pages/api/patient-rights/download-export.ts[90m:17[0m
     4  src/pages/api/patient-rights/export-request.ts[90m:14[0m
     7  src/pages/api/patient-rights/export-status.ts[90m:21[0m
     2  src/pages/api/patient-rights/get-export-status.ts[90m:16[0m
     7  src/pages/api/patient-rights/initiate-export.ts[90m:37[0m
     2  src/pages/api/patient-rights/request-export.ts[90m:24[0m
     2  src/pages/api/pattern-analysis/cross-session.ts[90m:17[0m
     2  src/pages/api/pattern-analysis/trends.ts[90m:18[0m
     1  src/pages/api/psychology/analyze.ts[90m:551[0m
     1  src/pages/api/psychology/frameworks.ts[90m:741[0m
     4  src/pages/api/psychology/generate-scenario.ts[90m:263[0m
     4  src/pages/api/rate-limit/status.ts[90m:153[0m
     1  src/pages/api/search.ts[90m:2[0m
     4  src/pages/api/security/backup/index.ts[90m:22[0m
     1  src/pages/api/security/events.ts[90m:42[0m
    20  src/pages/api/sentry/probe.ts[90m:8[0m
     2  src/pages/api/session.ts[90m:3[0m
    11  src/pages/api/session/analytics.ts[90m:114[0m
     1  src/pages/api/session/comparison.ts[90m:153[0m
     5  src/pages/api/session/progress.ts[90m:8[0m
     5  src/pages/api/session/skills.ts[90m:66[0m
     1  src/pages/api/session/snapshots.ts[90m:48[0m
     1  src/pages/api/sessions/index.ts[90m:155[0m
     2  src/pages/api/techniques.ts[90m:98[0m
    18  src/pages/api/threat-detection/phase8/intelligence.ts[90m:68[0m
     5  src/pages/api/threat-detection/phase8/investigate.ts[90m:59[0m
     5  src/pages/api/threat-detection/phase8/status.ts[90m:33[0m
     2  src/pages/api/todos.ts[90m:14[0m
     4  src/pages/api/treatment-plans/index.ts[90m:48[0m
     1  src/pages/api/v1/search.ts[90m:21[0m
    12  src/pages/api/websocket/pixel-multimodal.ts[90m:24[0m
     5  src/pages/api/ws/pixel/multimodal-stream.ts[90m:80[0m
     3  src/routes/auth.routes.ts[90m:1[0m
    16  src/routes/businessIntelligenceRoutes.ts[90m:52[0m
     1  src/routes/fileRoutes.ts[90m:390[0m
    10  src/server.ts[90m:81[0m
     7  src/services/BusinessIntelligenceService.ts[90m:153[0m
    10  src/services/DocumentService.ts[90m:1[0m
     1  src/services/DocumentVersioningService.ts[90m:222[0m
     2  src/services/EmailService.ts[90m:69[0m
     7  src/services/FileStorageService.ts[90m:57[0m
     1  src/services/auth.service.ts[90m:62[0m
    26  src/services/auth0.service.ts[90m:12[0m
     3  src/services/socketService.ts[90m:14[0m
     2  src/services/websocketClient.ts[90m:58[0m
     3  src/simulator/components/EmpathyMeter.tsx[90m:1[0m
     1  src/simulator/components/RealTimeFeedbackPanel.tsx[90m:246[0m
    67  src/simulator/components/ResistanceMonitor/index.tsx[90m:22[0m
     1  src/simulator/components/SimulationContainer.tsx[90m:110[0m
     9  src/simulator/components/VideoDisplay.tsx[90m:47[0m
     4  src/simulator/context/__tests__/SimulatorContext.test.tsx[90m:23[0m
     6  src/simulator/hooks/useAnonymizedMetrics.ts[90m:41[0m
     2  src/simulator/hooks/useEmotionDetection.ts[90m:33[0m
     6  src/simulator/hooks/useSimulator.ts[90m:268[0m
     1  src/simulator/hooks/useSpeechRecognition.ts[90m:21[0m
     1  src/simulator/index.tsx[90m:3[0m
    16  src/simulator/services/FeedbackService.ts[90m:38[0m
    11  src/simulator/services/WebRTCService.ts[90m:8[0m
     1  src/simulator/utils/__tests__/scenarios.test.ts[90m:28[0m
     2  src/simulator/utils/privacy.test.ts[90m:23[0m
     2  src/simulator/utils/scenarios.ts[90m:214[0m
     1  src/simulator/utils/speechRecognition.ts[90m:391[0m
     5  src/test/hipaa-compliance.test.ts[90m:13[0m
     3  src/test/react-compat.ts[90m:3[0m
     5  src/test/security.test.ts[90m:14[0m
     1  src/test/setup-node.ts[90m:4[0m
     2  src/test/setup-react19.ts[90m:57[0m
     1  src/test/setup.ts[90m:31[0m
     2  src/test/testing-library-act-compat.ts[90m:12[0m
     1  src/test/utils/astro.ts[90m:31[0m
     2  src/tests/ai/crisis-detection.test.ts[90m:219[0m
    15  src/tests/api/session/progress-api.test.ts[90m:84[0m
    16  src/tests/api/session/skills-api.test.ts[90m:81[0m
     2  src/tests/browser-compatibility.test.ts[90m:47[0m
     3  src/tests/cross-browser-compatibility.test.ts[90m:62[0m
     1  src/tests/crypto.test.ts[90m:663[0m
     1  src/tests/mobile-compatibility.test.ts[90m:57[0m
     6  src/tests/performance.test.ts[90m:9[0m
     1  src/tests/searchswitch.test.ts[90m:44[0m
     1  src/tests/simple-browser-compatibility.test.ts[90m:95[0m
     1  src/toolbar-init.ts[90m:7[0m
     1  src/types/testing.ts[90m:1[0m
     2  src/utils/auth.ts[90m:81[0m
     1  src/utils/cdnUtils.ts[90m:14[0m
     1  src/utils/common.ts[90m:9[0m
     2  src/utils/data.ts[90m:49[0m
     7  src/utils/debounce.test.ts[90m:16[0m
    10  src/utils/formatDate.test.ts[90m:38[0m
     3  src/utils/formatDate.ts[90m:144[0m
     3  src/utils/liveRegion.test.ts[90m:8[0m
     1  src/utils/logger.test.ts[90m:8[0m
     3  src/utils/object.ts[90m:60[0m
    12  src/utils/offline/__tests__/indexedDBRequestQueue.test.ts[90m:20[0m
    16  src/utils/offline/indexedDBRequestQueue.ts[90m:7[0m
     2  src/utils/offline/offlineManager.ts[90m:152[0m
    15  src/utils/offline/requestQueue.ts[90m:122[0m
     4  src/utils/offline/syncManager.ts[90m:2[0m
     1  src/utils/path-security.test.ts[90m:113[0m
     2  src/utils/rate-limiter.ts[90m:33[0m
     1  src/utils/request.test.ts[90m:78[0m
     3  src/utils/serverUtils.ts[90m:29[0m
    24  src/utils/storage/__tests__/indexedDBStorage.test.ts[90m:18[0m
     1  src/utils/storage/indexedDBStorage.ts[90m:1[0m
     1  src/utils/storage/storageManager.test.ts[90m:53[0m
     1  src/utils/sync/tabSyncManager.test.ts[90m:38[0m
     3  src/utils/sync/tabSyncManager.ts[90m:343[0m
    13  src/utils/toc.test.ts[90m:25[0m
     3  src/workers/__tests__/analytics-worker.test.ts[90m:126[0m
     1  src/workers/notification-worker.ts[90m:21[0m
     2  tests/api/utils/test-helpers.ts[90m:3[0m
     2  uno.config.ts[90m:54[0m
